2026-09-17T19:21:28Z INFO Logging to /tmp/logs/update_2026-09-17T19-21-28Z.log.
2026-09-17T19:21:28Z INFO Update valid-nwb-file-to-number-of-groups (base directory /tmp).
2026-09-17T19:21:28Z INFO Processing 371 items (48415 already recorded).
2026-09-17T19:21:29Z INFO [1/371] 031ead3d-5b25-470a-9e4a-ce71a59cce1e: 18 groups; 1.1 s; peak memory 96 MiB.
2026-09-17T19:21:31Z INFO [2/371] 031eaed9-8c5a-4641-8dbc-727617a5e071: 200 groups; 1.1 s; peak memory 98 MiB.
2026-09-17T19:21:32Z INFO [3/371] 031ec13b-5ba0-41ad-8616-4e096672c2cf: 32 groups; 1.1 s; peak memory 101 MiB.
2026-09-17T19:21:36Z INFO [4/371] 031f08bd-8b9d-420c-a50b-1de3cbd5d026: 126 groups; 4.7 s; peak memory 114 MiB.
2026-09-17T19:21:37Z INFO [5/371] 031f10e6-c448-4607-bf4d-105dac9357dd: 32 groups; 1.1 s; peak memory 115 MiB.
2026-09-17T19:21:39Z INFO [6/371] 031f7146-a42c-4d6a-a31a-1e9f2c395779: 199 groups; 1.2 s; peak memory 115 MiB.
2026-09-17T19:21:40Z INFO [7/371] 03206baf-a88c-4c20-b780-cb8a6e42624c: 35 groups; 1.3 s; peak memory 115 MiB.
2026-09-17T19:21:41Z INFO [8/371] 03208b4c-3453-42ce-a4bc-66ba61308329: 28 groups; 0.8 s; peak memory 115 MiB.
2026-09-17T19:21:42Z INFO [9/371] 0320bea0-3094-4c04-a8db-461b04e6eaf2: 22 groups; 0.9 s; peak memory 116 MiB.
2026-09-17T19:21:43Z INFO [10/371] 032137d6-d4b1-467c-a85c-973ed7513df2: 32 groups; 1.0 s; peak memory 116 MiB.
2026-09-17T19:21:44Z INFO [11/371] 03218b80-9caf-45af-bd7f-5956e243f5b8: 32 groups; 0.9 s; peak memory 116 MiB.
2026-09-17T19:21:46Z INFO [12/371] 0322e3f9-64b5-4e78-865e-74f060889edf: 50 groups; 2.2 s; peak memory 116 MiB.
2026-09-17T19:22:01Z INFO [13/371] 03238fef-42c2-4294-a6a1-5267a33c07d5: 283 groups; 14.9 s; peak memory 156 MiB.
2026-09-17T19:22:02Z INFO [14/371] 0323b62c-bc7f-4806-9ad9-1696d2b42bb9: 87 groups; 1.1 s; peak memory 156 MiB.
2026-09-17T19:22:04Z INFO [15/371] 0323c827-3c2a-4b92-98db-a7cac2f647c2: 17 groups; 1.7 s; peak memory 156 MiB.
2026-09-17T19:22:04Z INFO [16/371] 0323f0ad-1a89-45ef-aaeb-cdcc6ef765df: 30 groups; 0.9 s; peak memory 156 MiB.
2026-09-17T19:22:08Z INFO [17/371] 03254648-f5e8-4a29-b720-2ac3356e5a2f: 181 groups; 3.8 s; peak memory 156 MiB.
2026-09-17T19:22:11Z INFO [18/371] 0326a20f-0453-4949-b951-637340e2a5aa: 60 groups; 2.3 s; peak memory 156 MiB.
2026-09-17T19:22:11Z INFO [19/371] 03273dca-c55a-4ca9-868c-f1fbb2860e76: 22 groups; 0.9 s; peak memory 156 MiB.
2026-09-17T19:22:12Z INFO [20/371] 0327aa4d-71e8-4f7d-8d9d-2e032fa568f5: 22 groups; 1.0 s; peak memory 156 MiB.
2026-09-17T19:22:13Z INFO [21/371] 03286bbd-707b-4b66-925e-04609288a358: 255 groups; 1.1 s; peak memory 156 MiB.
2026-09-17T19:22:15Z INFO [22/371] 032934d7-f9e2-43c8-be56-d6598ec75d69: 31 groups; 1.3 s; peak memory 156 MiB.
2026-09-17T19:22:16Z INFO [23/371] 032952f0-410a-423c-be15-f17deb371265: 22 groups; 0.8 s; peak memory 156 MiB.
2026-09-17T19:22:17Z INFO [24/371] 03297d06-7c90-42a4-b2ca-ca1c99cfc2b7: 32 groups; 1.0 s; peak memory 156 MiB.
2026-09-17T19:22:18Z INFO [25/371] 032a5355-e71e-4389-b744-708ec235a859: 202 groups; 1.3 s; peak memory 156 MiB.
2026-09-17T19:22:19Z INFO [26/371] 032a6458-d3de-48c2-8b3d-d2563f742a66: 207 groups; 1.5 s; peak memory 156 MiB.
2026-09-17T19:22:20Z INFO [27/371] 032dcb2f-2af3-44c3-aa26-ad24f3b74f98: 22 groups; 0.9 s; peak memory 156 MiB.
2026-09-17T19:22:21Z INFO [28/371] 032de5e9-9861-4d19-8fef-58f2781bf5ef: 32 groups; 0.9 s; peak memory 156 MiB.
2026-09-17T19:22:23Z INFO [29/371] 032dffee-1ab3-4c02-ab04-7f37a305efa5: 53 groups; 1.8 s; peak memory 156 MiB.
2026-09-17T19:22:24Z INFO [30/371] 032e2141-b01e-44e0-8143-9a2f093892fd: 32 groups; 0.9 s; peak memory 156 MiB.
2026-09-17T19:22:27Z INFO [31/371] 032eb711-8a39-4b7f-a927-c9e5e94b9dae: 36 groups; 2.8 s; peak memory 156 MiB.
2026-09-17T19:22:28Z INFO [32/371] 032f3a47-0dd7-43d1-a1e8-8c345fbc44ae: 22 groups; 0.8 s; peak memory 156 MiB.
2026-09-17T19:22:29Z INFO [33/371] 032f4cf8-2f93-4bf6-a7eb-71866f271201: 35 groups; 1.0 s; peak memory 156 MiB.
2026-09-17T19:22:34Z INFO [34/371] 0330349a-dfff-4bbd-9827-03414adb4d22: 57 groups; 4.7 s; peak memory 156 MiB.
2026-09-17T19:22:34Z INFO [35/371] 03303c4c-c2f6-45f0-b66d-8938a09c6c17: 30 groups; 0.6 s; peak memory 156 MiB.
2026-09-17T19:22:35Z INFO [36/371] 0330932f-e846-402d-8ee9-fa6148b98621: 29 groups; 1.0 s; peak memory 156 MiB.
2026-09-17T19:22:37Z INFO [37/371] 03311cff-d6f1-425b-baa7-f0430beb5d51: 48 groups; 1.6 s; peak memory 156 MiB.
2026-09-17T19:22:38Z INFO [38/371] 03316fb0-7256-4277-963b-a94dbfacfcf7: 22 groups; 0.8 s; peak memory 156 MiB.
2026-09-17T19:22:38Z INFO [39/371] 033222b9-3dd6-47f5-a7de-594dd246cdfc: 22 groups; 0.8 s; peak memory 156 MiB.
2026-09-17T19:22:39Z INFO [40/371] 033235e1-fa7c-4d33-8f15-d4a3e8f5a43d: 32 groups; 1.0 s; peak memory 156 MiB.
2026-09-17T19:24:31Z INFO [41/371] 033296a7-f35e-45a0-9a46-3099413de401: 60 groups; 112.0 s; peak memory 288 MiB.
2026-09-17T19:24:32Z INFO [42/371] 0332cbac-390d-42b3-ad6d-ac42d1bf1092: 30 groups; 0.8 s; peak memory 288 MiB.
2026-09-17T19:24:33Z INFO [43/371] 03332538-34cc-44c5-b960-273bdfbdcd73: 22 groups; 1.0 s; peak memory 288 MiB.
2026-09-17T19:24:34Z INFO [44/371] 03338fd2-c2b9-45ea-89d0-1854e6729102: 199 groups; 1.2 s; peak memory 288 MiB.
2026-09-17T19:24:35Z INFO [45/371] 0333f1fc-6191-4b7e-9c50-6bffc8e226bf: 33 groups; 1.2 s; peak memory 288 MiB.
2026-09-17T19:24:36Z INFO [46/371] 03343aa5-19af-40a3-908a-199aa7ac621b: 22 groups; 0.9 s; peak memory 288 MiB.
2026-09-17T19:24:38Z INFO [47/371] 033462b2-6abb-46df-a2fe-85fc771a18f7: 48 groups; 1.9 s; peak memory 288 MiB.
2026-09-17T19:24:39Z INFO [48/371] 03357166-3956-4de7-8501-4d5e8d69c6ce: 32 groups; 1.3 s; peak memory 288 MiB.
2026-09-17T19:24:42Z INFO [49/371] 0335edb5-00c2-4b57-87a4-9ff9afb2aaec: 50 groups; 2.2 s; peak memory 288 MiB.
2026-09-17T19:24:43Z INFO [50/371] 03376a6e-24e2-4dae-a823-c32b693ad95e: 33 groups; 1.1 s; peak memory 288 MiB.
2026-09-17T19:24:43Z INFO [50/371] 03376a6e-24e2-4dae-a823-c32b693ad95e: checkpointed 48465 records.
2026-09-17T19:24:44Z INFO [51/371] 0337823f-ffab-4e5b-9816-b6efdcceade3: 22 groups; 0.9 s; peak memory 288 MiB.
2026-09-17T19:24:45Z INFO [52/371] 0338279c-e3fa-4d30-9bec-8342785951fa: 35 groups; 0.9 s; peak memory 288 MiB.
2026-09-17T19:24:45Z INFO [53/371] 03383de2-51cc-467a-9b50-99e5190964c0: 33 groups; 0.9 s; peak memory 288 MiB.
2026-09-17T19:24:46Z INFO [54/371] 0338f7d1-7504-4746-ae6d-dc45564297b3: 32 groups; 0.9 s; peak memory 288 MiB.
2026-09-17T19:24:47Z INFO [55/371] 033999bf-6d3d-4747-a29b-c298723ab87d: 22 groups; 0.9 s; peak memory 288 MiB.
2026-09-17T19:25:05Z INFO [56/371] 0339f9c8-7306-44a4-8ded-a74556b40692: 310 groups; 17.9 s; peak memory 288 MiB.
2026-09-17T19:25:06Z INFO [57/371] 033a1f6a-80d2-4a49-b9a8-9e6d5ced0d93: 26 groups; 0.8 s; peak memory 288 MiB.
2026-09-17T19:25:07Z INFO [58/371] 033afa80-ba97-4b5a-acb9-bbd1c098de14: 22 groups; 0.9 s; peak memory 288 MiB.
2026-09-17T19:25:08Z INFO [59/371] 033b5034-77c7-4a7c-8b99-61355fc77c85: 22 groups; 0.9 s; peak memory 288 MiB.
2026-09-17T19:25:10Z INFO [60/371] 033b80a3-9b9b-4727-888d-e0ab54a1d97f: 48 groups; 2.0 s; peak memory 288 MiB.
2026-09-17T19:25:11Z INFO [61/371] 033d382a-2c62-4ffe-bb74-96206a90494f: 32 groups; 1.1 s; peak memory 288 MiB.
2026-09-17T19:25:12Z INFO [62/371] 033d8d0b-cea4-46cc-bfb3-e61d0c0752fb: 48 groups; 1.6 s; peak memory 288 MiB.
2026-09-17T19:25:13Z INFO [63/371] 033d9c38-e089-4acd-98d1-f9ddea1d2f1f: 32 groups; 1.0 s; peak memory 288 MiB.
2026-09-17T19:25:14Z INFO [64/371] 033e4d1b-3d5a-47f9-9bd9-84f13d5b61b0: 22 groups; 0.8 s; peak memory 288 MiB.
2026-09-17T19:26:46Z INFO [65/371] 033e5861-9814-4ea9-954f-274d18eb7bee: 68 groups; 92.3 s; peak memory 288 MiB.
2026-09-17T19:26:47Z INFO [66/371] 033ec5e9-54cd-42e6-89dc-8c322e840af7: 32 groups; 0.9 s; peak memory 288 MiB.
2026-09-17T19:26:52Z INFO [67/371] 033ec793-815e-45de-8b0a-5a757a24088e: 78 groups; 4.5 s; peak memory 288 MiB.
2026-09-17T19:26:53Z INFO [68/371] 033ecaf2-4476-4e89-b35f-62e574b72276: 22 groups; 0.9 s; peak memory 288 MiB.
2026-09-17T19:26:59Z INFO [69/371] 033f1196-2003-4a85-9a8d-74c8be3f959c: 17 groups; 5.7 s; peak memory 288 MiB.
2026-09-17T19:27:04Z INFO [70/371] 033f30d2-fded-43cc-92bf-5072c7f2ea79: 17 groups; 5.3 s; peak memory 288 MiB.
2026-09-17T19:27:05Z INFO [71/371] 033ff4cc-fbf8-417e-ba0a-e80109ef5570: 52 groups; 1.2 s; peak memory 288 MiB.
2026-09-17T19:27:06Z INFO [72/371] 0340759f-74fc-41fc-9fc9-605074496141: 16 groups; 0.6 s; peak memory 288 MiB.
2026-09-17T19:27:07Z INFO [73/371] 0340dde7-e96d-4987-a010-3b1df685f62d: 72 groups; 1.2 s; peak memory 288 MiB.
2026-09-17T19:27:08Z INFO [74/371] 0341d644-1a05-46c4-8ca1-0a92757b37e9: 22 groups; 0.8 s; peak memory 288 MiB.
2026-09-17T19:27:09Z INFO [75/371] 03420196-33e6-459e-92e4-90fc641aa13b: 35 groups; 1.3 s; peak memory 288 MiB.
2026-09-17T19:27:21Z INFO [76/371] 0342434a-7129-40e7-9047-553015a90051: 259 groups; 12.0 s; peak memory 288 MiB.
2026-09-17T19:27:22Z INFO [77/371] 034337ce-552e-4693-a83c-51edff94dfde: 22 groups; 0.8 s; peak memory 288 MiB.
2026-09-17T19:27:23Z INFO [78/371] 03439f5b-5ab5-439c-84d4-76c216a1193e: 35 groups; 1.4 s; peak memory 288 MiB.
2026-09-17T19:27:26Z INFO [79/371] 0343e283-6f6b-476b-a17d-cdd0aa50c35b: 48 groups; 2.3 s; peak memory 288 MiB.
2026-09-17T19:27:26Z INFO [80/371] 03445840-960f-4596-bf0a-9a4b4bbb4f13: 22 groups; 0.8 s; peak memory 288 MiB.
2026-09-17T19:27:28Z INFO [81/371] 03455b72-9749-4c19-87c7-170f51106c83: 43 groups; 1.6 s; peak memory 288 MiB.
2026-09-17T19:27:29Z INFO [82/371] 03458a9e-f0ea-4e95-9c55-75721462acf5: 16 groups; 0.8 s; peak memory 288 MiB.
2026-09-17T19:27:29Z INFO [83/371] 0345d8a3-a5cc-4dbd-a587-119fa099bb0b: 17 groups; 0.8 s; peak memory 288 MiB.
2026-09-17T19:27:30Z INFO [84/371] 0345fb05-12ed-4af4-b459-128708850477: 26 groups; 0.8 s; peak memory 288 MiB.
2026-09-17T19:27:32Z INFO [85/371] 03463604-5296-48a3-9169-c90c6e33cad7: 33 groups; 1.5 s; peak memory 288 MiB.
2026-09-17T19:27:33Z INFO [86/371] 0346ae94-a3ce-4f8a-bc61-d57ef25bd925: 32 groups; 1.0 s; peak memory 288 MiB.
2026-09-17T19:27:34Z INFO [87/371] 03476e20-8bd0-461e-8f65-dd198fdf4fc0: 22 groups; 0.9 s; peak memory 288 MiB.
2026-09-17T19:27:36Z INFO [88/371] 0348611c-b226-4e37-9a7a-df0669cb1782: 207 groups; 2.0 s; peak memory 288 MiB.
2026-09-17T19:27:37Z INFO [89/371] 0348beb6-a9ca-4c0c-b413-ad8397de3c7d: 35 groups; 1.3 s; peak memory 288 MiB.
2026-09-17T19:27:38Z INFO [90/371] 0348cc8f-2c8e-4bee-910d-f297f822aab0: 32 groups; 1.0 s; peak memory 288 MiB.
2026-09-17T19:27:48Z INFO [91/371] 034990bf-01fe-42f3-b6f1-a9374dcd0066: 165 groups; 9.5 s; peak memory 288 MiB.
2026-09-17T19:27:48Z INFO [92/371] 034a4374-232d-401c-9288-31e5ef206670: 22 groups; 0.9 s; peak memory 288 MiB.
2026-09-17T19:27:50Z INFO [93/371] 034ad8f1-bf60-41dd-bacd-c9ee2d7c71d0: 35 groups; 1.3 s; peak memory 288 MiB.
2026-09-17T19:27:51Z INFO [94/371] 034b24e2-b699-442d-9625-35dbee1395ef: 22 groups; 1.1 s; peak memory 288 MiB.
2026-09-17T19:27:52Z INFO [95/371] 034b904a-2535-4ebb-b627-0d294caa08fe: 22 groups; 0.8 s; peak memory 288 MiB.
2026-09-17T19:27:53Z INFO [96/371] 034d5b77-441e-43a2-a04d-6bedd64b3fc3: 32 groups; 0.9 s; peak memory 288 MiB.
2026-09-17T19:27:53Z INFO [97/371] 034e23ca-affb-43b4-aebe-02162fde2e1f: 25 groups; 0.9 s; peak memory 288 MiB.
2026-09-17T19:27:54Z INFO [98/371] 034e72c9-7891-4cec-aa2d-7579701e253f: 22 groups; 1.0 s; peak memory 288 MiB.
2026-09-17T19:28:03Z INFO [99/371] 034eb273-1e8a-4410-949e-a6871b2c0e83: 266 groups; 8.4 s; peak memory 288 MiB.
2026-09-17T19:28:04Z INFO [100/371] 034ed842-a008-4d73-a069-caf9d4a462f9: 22 groups; 1.0 s; peak memory 288 MiB.
2026-09-17T19:28:04Z INFO [100/371] 034ed842-a008-4d73-a069-caf9d4a462f9: checkpointed 48515 records.
2026-09-17T19:28:05Z INFO [101/371] 034f70b8-dde7-400e-bf1c-b38c8ea64315: 22 groups; 0.8 s; peak memory 288 MiB.
2026-09-17T19:28:05Z INFO [102/371] 034f976b-103c-455a-adfd-b202c3142320: 31 groups; 0.8 s; peak memory 288 MiB.
2026-09-17T19:28:06Z INFO [103/371] 035055d4-b113-430a-bd48-87ab6d55cef5: 17 groups; 0.7 s; peak memory 288 MiB.
2026-09-17T19:28:07Z INFO [104/371] 0350bdf8-0463-49a4-9e14-223b6b99aa54: 195 groups; 1.1 s; peak memory 288 MiB.
2026-09-17T19:28:08Z INFO [105/371] 0350cb7a-ae83-4a02-8bba-48f1d394070d: 22 groups; 0.8 s; peak memory 288 MiB.
2026-09-17T19:28:09Z INFO [106/371] 03513beb-e6d7-4426-ad0b-8eb6c2d9a3e9: 25 groups; 0.9 s; peak memory 288 MiB.
2026-09-17T19:28:10Z INFO [107/371] 03522f7c-36a3-47f8-80c3-05315333f89a: 22 groups; 0.9 s; peak memory 288 MiB.
2026-09-17T19:28:11Z INFO [108/371] 03525e41-fd14-4324-bb75-1151a39a89d0: 254 groups; 1.1 s; peak memory 288 MiB.
2026-09-17T19:28:22Z INFO [109/371] 0353b161-e5c3-4d09-a8f9-2002c88a197b: 205 groups; 10.5 s; peak memory 288 MiB.
2026-09-17T19:28:27Z INFO [110/371] 035407c0-01e5-4282-9881-2a82cb6e0ece: 1198 groups; 5.4 s; peak memory 288 MiB.
2026-09-17T19:28:28Z INFO [111/371] 03541dbd-fdb1-4dc0-b4d5-3c93f12ca306: 32 groups; 1.1 s; peak memory 288 MiB.
2026-09-17T19:28:29Z INFO [112/371] 03553748-7730-479c-99f0-944d400569a3: 22 groups; 0.8 s; peak memory 288 MiB.
2026-09-17T19:28:30Z INFO [113/371] 0356024c-a95a-4d6c-9553-cef9c890bb6c: 33 groups; 0.8 s; peak memory 288 MiB.
2026-09-17T19:28:30Z INFO [114/371] 0356e792-4015-459e-85b5-84883cd137c7: 22 groups; 0.9 s; peak memory 288 MiB.
2026-09-17T19:28:31Z INFO [115/371] 0357d8f4-06f6-47a9-a340-cc12d5160c31: 22 groups; 0.9 s; peak memory 288 MiB.
2026-09-17T19:28:33Z INFO [116/371] 03584060-6183-4d46-8aef-e03954523b2c: 52 groups; 1.1 s; peak memory 288 MiB.
2026-09-17T19:28:34Z INFO [117/371] 035963d3-35e8-4a3e-ab35-e777ea8f180b: 25 groups; 1.0 s; peak memory 288 MiB.
2026-09-17T19:36:03Z INFO [118/371] 0359ab7f-ead0-4d29-89a3-2d7b222ee960: 34 groups; 449.2 s; peak memory 1095 MiB.
2026-09-17T19:36:04Z INFO [119/371] 035d2ab2-b408-4024-9734-08f4001b6fef: 194 groups; 1.5 s; peak memory 1095 MiB.
2026-09-17T19:36:20Z INFO [120/371] 035d7e09-4b1e-4e55-aba2-0108c0307bda: 184 groups; 16.1 s; peak memory 1095 MiB.
2026-09-17T19:36:21Z INFO [121/371] 035e4100-b31d-46ee-8cf3-cffd1b45bb9b: 17 groups; 0.8 s; peak memory 1095 MiB.
2026-09-17T19:36:22Z INFO [122/371] 035e8698-2903-4745-96d1-cbf452b495a6: 35 groups; 1.1 s; peak memory 1095 MiB.
2026-09-17T19:36:23Z INFO [123/371] 035ea321-9263-492e-bf39-ac90bbc1e076: 26 groups; 1.2 s; peak memory 1095 MiB.
2026-09-17T19:36:25Z INFO [124/371] 035f8da8-c282-4763-acd1-e6e254f65d29: 104 groups; 1.6 s; peak memory 1095 MiB.
2026-09-17T19:36:27Z INFO [125/371] 035fb1c0-567d-4f59-9140-f0d7cdd67882: 200 groups; 1.6 s; peak memory 1095 MiB.
2026-09-17T19:36:28Z INFO [126/371] 035ff603-49ef-41ce-bf8f-38e39f6f0780: 22 groups; 1.0 s; peak memory 1095 MiB.
2026-09-17T19:36:30Z INFO [127/371] 036089c0-5bef-4f09-97b1-bc7e5ddaa441: 48 groups; 2.3 s; peak memory 1095 MiB.
2026-09-17T19:36:31Z INFO [128/371] 0360b7ac-16ea-4852-823d-6525164e418d: 22 groups; 0.8 s; peak memory 1095 MiB.
2026-09-17T19:36:32Z INFO [129/371] 0360e12b-d6c4-4094-bc19-6a125f427d38: 22 groups; 1.0 s; peak memory 1095 MiB.
2026-09-17T19:36:34Z INFO [130/371] 0361752b-de7f-4a93-b272-4e35b9987ed0: 46 groups; 2.0 s; peak memory 1095 MiB.
2026-09-17T19:36:35Z INFO [131/371] 036212a9-0cc2-4b88-af0f-f2ac683244f0: 22 groups; 0.9 s; peak memory 1095 MiB.
2026-09-17T19:36:35Z INFO [132/371] 036217bf-e4b1-433e-8ca7-f2193e63991a: 22 groups; 0.8 s; peak memory 1095 MiB.
2026-09-17T19:36:36Z INFO [133/371] 0362a1f6-e2d0-4115-9d80-477aca7e9258: 25 groups; 1.0 s; peak memory 1095 MiB.
2026-09-17T19:36:38Z INFO [134/371] 0362fbde-a28a-428a-a17c-bfee09afdb6c: 32 groups; 1.2 s; peak memory 1095 MiB.
2026-09-17T19:36:39Z INFO [135/371] 0363223b-f442-47fe-ba10-461f0d59c477: 32 groups; 1.0 s; peak memory 1095 MiB.
2026-09-17T19:36:43Z INFO [136/371] 0363be5b-35e7-48c3-99eb-2114cd2f852d: 139 groups; 4.8 s; peak memory 1095 MiB.
2026-09-17T19:36:45Z INFO [137/371] 03640b7e-7a8d-4421-99d8-3b7ab51d3ff5: 207 groups; 1.2 s; peak memory 1095 MiB.
2026-09-17T19:38:24Z INFO [138/371] 036479ff-b638-4212-9329-6b5454fdc7a7: 60 groups; 99.0 s; peak memory 1095 MiB.
2026-09-17T19:38:29Z INFO [139/371] 03649a8b-8d4d-4ae8-93d3-a7de6d91de8e: 162 groups; 5.7 s; peak memory 1095 MiB.
2026-09-17T19:38:30Z INFO [140/371] 03663897-00d6-4966-8eed-80ffbf7b9ea5: 33 groups; 0.9 s; peak memory 1095 MiB.
2026-09-17T19:38:31Z INFO [141/371] 0366e129-5f82-43db-8a33-33fea8391cb4: 22 groups; 0.7 s; peak memory 1095 MiB.
2026-09-17T19:40:32Z INFO [142/371] 0366fa38-44be-4caa-8366-abf46045e308: 42 groups; 120.9 s; peak memory 1116 MiB.
2026-09-17T19:40:33Z INFO [143/371] 036719e6-8d14-44a8-853b-8b7cd6c94ebd: 202 groups; 1.4 s; peak memory 1116 MiB.
2026-09-17T19:40:34Z INFO [144/371] 036787b8-1205-4ca6-ae07-fa30d6d9ab41: 22 groups; 0.9 s; peak memory 1116 MiB.
2026-09-17T19:40:35Z INFO [145/371] 0367d7ed-5bfe-4f60-b1eb-5fa6b7a33595: 252 groups; 1.0 s; peak memory 1116 MiB.
2026-09-17T19:40:38Z INFO [146/371] 03686970-8ef3-4fe1-b01a-fd5336f55a48: 48 groups; 2.4 s; peak memory 1116 MiB.
2026-09-17T19:40:43Z INFO [147/371] 036886da-2908-4b4d-acc4-4012b20eb69f: 181 groups; 5.1 s; peak memory 1116 MiB.
2026-09-17T19:40:44Z INFO [148/371] 036a6fbe-2be9-4f4b-abe5-22cd936dda6b: 35 groups; 1.1 s; peak memory 1116 MiB.
2026-09-17T19:40:45Z INFO [149/371] 036b84a2-7fb0-4fe5-abe3-0b664f03ea46: 22 groups; 1.0 s; peak memory 1116 MiB.
2026-09-17T19:40:47Z INFO [150/371] 036cb812-7e39-44ed-a7aa-46f6d17f3a92: 50 groups; 2.3 s; peak memory 1116 MiB.
2026-09-17T19:40:47Z INFO [150/371] 036cb812-7e39-44ed-a7aa-46f6d17f3a92: checkpointed 48565 records.
2026-09-17T19:40:48Z INFO [151/371] 036d9166-d206-48d0-84e2-8d0e0e7bde9d: 22 groups; 0.9 s; peak memory 1116 MiB.
2026-09-17T19:40:49Z INFO [152/371] 036ea15c-6a03-4daa-934e-4daf8ac79520: 22 groups; 0.7 s; peak memory 1116 MiB.
2026-09-17T19:40:50Z INFO [153/371] 036eff90-215e-4412-8c74-6089062aa4f8: 22 groups; 0.8 s; peak memory 1116 MiB.
2026-09-17T19:40:50Z INFO [154/371] 037021f4-bd1b-4183-a264-cd79e76aa68e: 22 groups; 0.8 s; peak memory 1116 MiB.
2026-09-17T19:40:53Z INFO [155/371] 03707dbc-8304-479c-88a1-a5b36a8cedde: 27 groups; 2.7 s; peak memory 1116 MiB.
2026-09-17T19:40:54Z INFO [156/371] 03709c6c-40e9-49bd-a214-1eb46261bec9: 32 groups; 1.0 s; peak memory 1116 MiB.
2026-09-17T19:40:55Z INFO [157/371] 0370fc2d-5cb0-4049-bc05-f0f9fcd935e0: 24 groups; 0.6 s; peak memory 1116 MiB.
2026-09-17T19:41:00Z INFO [158/371] 03713bf2-9ef7-4fe2-92e4-f2887fa4bfe5: 34 groups; 5.2 s; peak memory 1116 MiB.
2026-09-17T19:41:01Z INFO [159/371] 0371cdd7-3bf7-45a4-900a-2c90a2541dbd: 87 groups; 1.2 s; peak memory 1116 MiB.
2026-09-17T19:41:02Z INFO [160/371] 0372dbd7-aab3-4eef-9313-41693dae00cb: 24 groups; 1.1 s; peak memory 1116 MiB.
2026-09-17T19:41:03Z INFO [161/371] 0373060e-42f4-48b6-ad0c-5ce065996e9d: 36 groups; 1.1 s; peak memory 1116 MiB.
2026-09-17T19:41:04Z INFO [162/371] 03738ca4-472d-4510-8fc5-d05f1f6c1891: 33 groups; 1.1 s; peak memory 1116 MiB.
2026-09-17T19:41:05Z INFO [163/371] 0373e678-f683-488e-af98-8e4856874447: 22 groups; 0.9 s; peak memory 1116 MiB.
2026-09-17T19:41:06Z INFO [164/371] 03742bde-edac-4f4e-98b2-8a356d10fd35: 22 groups; 0.9 s; peak memory 1116 MiB.
2026-09-17T19:41:11Z INFO [165/371] 0375a406-f151-4e99-8ff4-3cb5ff79e2be: 124 groups; 4.5 s; peak memory 1116 MiB.
2026-09-17T19:41:13Z INFO [166/371] 037606f9-1415-4829-b7b9-84bf50525328: 17 groups; 1.8 s; peak memory 1116 MiB.
2026-09-17T19:41:14Z INFO [167/371] 03761aa2-e0ab-4711-bcf1-0df897c3b356: 32 groups; 1.0 s; peak memory 1116 MiB.
2026-09-17T19:41:15Z INFO [168/371] 03763b46-a5d2-4443-b896-f8576bd92ee2: 32 groups; 1.1 s; peak memory 1116 MiB.
2026-09-17T19:41:15Z INFO [169/371] 0376e06d-727c-4fef-8e83-262f298427ed: 16 groups; 0.6 s; peak memory 1116 MiB.
2026-09-17T19:41:17Z INFO [170/371] 03774c71-940e-4149-8d0b-ba76e76e0236: 54 groups; 2.0 s; peak memory 1116 MiB.
2026-09-17T19:41:22Z INFO [171/371] 03778925-295d-43ad-88cc-0a7f42ab901e: 117 groups; 5.1 s; peak memory 1116 MiB.
2026-09-17T19:41:23Z INFO [172/371] 0378476f-30d8-4389-9f55-b06da2f87969: 16 groups; 0.7 s; peak memory 1116 MiB.
2026-09-17T19:41:30Z INFO [173/371] 0378a803-fd3f-4fa4-9923-caf25115bd4b: 196 groups; 7.1 s; peak memory 1116 MiB.
2026-09-17T19:41:31Z INFO [174/371] 0378ef84-ebd7-4071-9b98-2bca75bbbbfd: 22 groups; 0.8 s; peak memory 1116 MiB.
2026-09-17T19:41:32Z INFO [175/371] 0379d168-f025-4d92-b771-370c4649d0c4: 26 groups; 0.6 s; peak memory 1116 MiB.
2026-09-17T19:41:33Z INFO [176/371] 0379d6a0-79d9-4ad9-a764-b1b39654b486: 35 groups; 1.4 s; peak memory 1116 MiB.
2026-09-17T19:41:35Z INFO [177/371] 037a2481-0021-4d3e-94a9-1d8e2433bc31: 48 groups; 1.6 s; peak memory 1116 MiB.
2026-09-17T19:41:36Z INFO [178/371] 037cc826-b4af-4b24-96ae-c69590ebb7ad: 33 groups; 0.8 s; peak memory 1116 MiB.
2026-09-17T19:41:36Z INFO [179/371] 037ccd47-6fbe-44dd-9ba1-56bf4fcead9f: 29 groups; 0.8 s; peak memory 1116 MiB.
2026-09-17T19:41:39Z INFO [180/371] 037d8044-a686-420e-a16a-f9b7d6882569: 50 groups; 2.3 s; peak memory 1116 MiB.
2026-09-17T19:41:48Z INFO [181/371] 037dc24e-bf2f-4947-b955-4697dd11e0cb: 33 groups; 8.9 s; peak memory 1116 MiB.
2026-09-17T19:41:49Z INFO [182/371] 037df688-fca5-4097-88b3-0413aab59c30: 32 groups; 1.1 s; peak memory 1116 MiB.
2026-09-17T19:41:49Z INFO [183/371] 037ea6ad-f988-4a52-b30e-562c3cc2ff48: 16 groups; 0.8 s; peak memory 1116 MiB.
2026-09-17T19:41:50Z INFO [184/371] 037f50e6-fae5-42ce-9dc4-11d02b4034b2: 32 groups; 1.0 s; peak memory 1116 MiB.
2026-09-17T19:41:51Z INFO [185/371] 037fde98-30cd-4670-87be-56f204cfb77f: 25 groups; 0.9 s; peak memory 1116 MiB.
2026-09-17T19:41:56Z INFO [186/371] 03803394-d5db-424f-9c60-17d991a73213: 181 groups; 4.6 s; peak memory 1116 MiB.
2026-09-17T19:42:07Z INFO [187/371] 03808049-e471-43e6-a4c4-075e3b3f3974: 93 groups; 11.3 s; peak memory 1116 MiB.
2026-09-17T19:42:08Z INFO [188/371] 0380e52a-2f7c-43af-b27b-f6fc0841e451: 21 groups; 0.6 s; peak memory 1116 MiB.
2026-09-17T19:42:12Z INFO [189/371] 038134b3-bc1e-4334-94d0-ae8f198d6b1a: 80 groups; 4.1 s; peak memory 1116 MiB.
2026-09-17T19:42:13Z INFO [190/371] 038183b2-a835-494d-940b-10a31c6cccc5: 22 groups; 0.7 s; peak memory 1116 MiB.
2026-09-17T19:42:18Z INFO [191/371] 038194e0-373a-4790-adc4-0c6b11f55738: 34 groups; 5.6 s; peak memory 1116 MiB.
2026-09-17T19:42:24Z INFO [192/371] 0381be98-811c-4d5b-b081-b55bf974a24f: 181 groups; 6.1 s; peak memory 1116 MiB.
2026-09-17T19:42:26Z INFO [193/371] 0381de47-4144-482f-a992-96c3a17298eb: 336 groups; 1.6 s; peak memory 1116 MiB.
2026-09-17T19:42:27Z INFO [194/371] 038234fb-22d2-4c07-928f-12d0c1b51ae4: 22 groups; 0.9 s; peak memory 1116 MiB.
2026-09-17T19:42:28Z INFO [195/371] 0382536b-e6b3-454c-873a-5ed0dc1a43e8: 22 groups; 0.8 s; peak memory 1116 MiB.
2026-09-17T19:42:29Z INFO [196/371] 03825f7f-c4a4-477e-a9a8-7d04f1c54d1e: 22 groups; 0.9 s; peak memory 1116 MiB.
2026-09-17T19:42:30Z INFO [197/371] 038272e9-ecd2-42a0-9f42-9cab74b414aa: 207 groups; 1.6 s; peak memory 1116 MiB.
2026-09-17T19:42:31Z INFO [198/371] 0384894a-ba22-4def-b826-358147c4a6ac: 32 groups; 1.3 s; peak memory 1116 MiB.
2026-09-17T19:42:33Z INFO [199/371] 0384e90d-2a50-472b-a550-0453a40ad71d: 35 groups; 1.3 s; peak memory 1116 MiB.
2026-09-17T19:42:37Z INFO [200/371] 0384f663-434d-4c13-be2c-4647b82f3df9: 136 groups; 4.3 s; peak memory 1116 MiB.
2026-09-17T19:42:37Z INFO [200/371] 0384f663-434d-4c13-be2c-4647b82f3df9: checkpointed 48615 records.
2026-09-17T19:42:38Z INFO [201/371] 03856ec4-c434-4210-9f5b-13ca6e24194b: 32 groups; 1.1 s; peak memory 1116 MiB.
2026-09-17T19:42:39Z INFO [202/371] 0385905e-2a51-48fa-bf1a-9cf23edc22fb: 24 groups; 0.7 s; peak memory 1116 MiB.
2026-09-17T19:42:40Z INFO [203/371] 0386a02a-eaff-4478-b1f4-a938a2160048: 35 groups; 1.1 s; peak memory 1116 MiB.
2026-09-17T19:42:41Z INFO [204/371] 0386b5ca-8880-4c62-9131-9220e031e0c5: 42 groups; 1.1 s; peak memory 1116 MiB.
2026-09-17T19:45:41Z INFO [205/371] 0387b816-4191-4a71-9ace-6e2db1b542e3: 70 groups; 179.6 s; peak memory 1116 MiB.
2026-09-17T19:45:41Z INFO [206/371] 0387d379-e527-4ccd-a19d-65f67cbc57e9: 18 groups; 0.7 s; peak memory 1116 MiB.
2026-09-17T19:45:45Z INFO [207/371] 03881080-0cee-4919-98a4-c6935d8728f5: 73 groups; 3.8 s; peak memory 1116 MiB.
2026-09-17T19:45:57Z INFO [208/371] 038886df-d3d1-40a6-a2af-d7ca9b52f7a9: 155 groups; 12.1 s; peak memory 1116 MiB.
2026-09-17T19:46:59Z INFO [209/371] 03889d5a-cb7b-4075-9e29-76998f7b4415: 54 groups; 61.9 s; peak memory 1116 MiB.
2026-09-17T19:47:01Z INFO [210/371] 038a042a-5490-4cf6-8378-9588f87dd5a1: 29 groups; 1.3 s; peak memory 1116 MiB.
2026-09-17T19:47:02Z INFO [211/371] 038a4292-b217-470f-a391-05e1c74b98d4: 203 groups; 1.1 s; peak memory 1116 MiB.
2026-09-17T19:47:12Z INFO [212/371] 038b3ef0-9086-42a9-9bad-3fa4363ad2d3: 336 groups; 10.4 s; peak memory 1116 MiB.
2026-09-17T19:47:13Z INFO [213/371] 038b8a2c-7110-4968-b26a-833665d3e660: 25 groups; 0.8 s; peak memory 1116 MiB.
2026-09-17T19:47:14Z INFO [214/371] 038b916d-c662-41f5-b252-be5af7f16f1b: 22 groups; 1.0 s; peak memory 1116 MiB.
2026-09-17T19:47:15Z INFO [215/371] 038bb7af-8f71-4efe-94de-42cd1a53645f: 22 groups; 0.8 s; peak memory 1116 MiB.
2026-09-17T19:47:17Z INFO [216/371] 038bd1e2-e633-4df0-9339-f4f0f53892c0: 54 groups; 2.1 s; peak memory 1116 MiB.
2026-09-17T19:47:18Z INFO [217/371] 038c0213-f647-4242-8202-9c2d8ac11f9a: 22 groups; 1.0 s; peak memory 1116 MiB.
2026-09-17T19:47:19Z INFO [218/371] 038c0e2e-ce3f-4d9f-bc7f-39cb36d79973: 195 groups; 1.3 s; peak memory 1116 MiB.
2026-09-17T19:47:20Z INFO [219/371] 038c8610-fc84-4f5e-bd30-a02b0cd2f71a: 35 groups; 1.5 s; peak memory 1116 MiB.
2026-09-17T19:47:21Z INFO [220/371] 038d3a18-6555-4ffa-8e6a-4c729c1cae03: 22 groups; 0.8 s; peak memory 1116 MiB.
2026-09-17T19:49:02Z INFO [221/371] 038e83e3-15c5-4c4b-b7f6-c963c08872a4: 65 groups; 100.6 s; peak memory 1116 MiB.
2026-09-17T20:28:19Z INFO [222/371] 038e862e-af4c-41e5-b854-df32655313a2: 32 groups; 2356.8 s; peak memory 1116 MiB.
2026-09-17T20:28:20Z INFO [223/371] 038e9f92-1210-476e-ba7d-074d3556f11f: 195 groups; 1.1 s; peak memory 1116 MiB.
2026-09-17T20:28:21Z INFO [224/371] 038fcdba-f7db-4d74-948d-a3ac9cfd5915: 256 groups; 1.3 s; peak memory 1116 MiB.
2026-09-17T20:30:08Z INFO [225/371] 039207c0-4a31-4e05-ad1e-ae1fd5f680c9: 60 groups; 107.1 s; peak memory 1116 MiB.
2026-09-17T20:30:30Z INFO [226/371] 03922b26-2eef-463d-a371-53a5f646996a: 17 groups; 21.6 s; peak memory 1116 MiB.
2026-09-17T20:30:31Z INFO [227/371] 0392390a-1394-43ec-8f92-a41ff48a5330: 22 groups; 0.8 s; peak memory 1116 MiB.
2026-09-17T20:30:31Z INFO [228/371] 039270cd-caf4-41aa-9915-2db759fa38f0: 22 groups; 0.9 s; peak memory 1116 MiB.
2026-09-17T20:30:32Z INFO [229/371] 0392fa54-4a52-4f0e-9d53-7075f1c28b4c: 32 groups; 1.0 s; peak memory 1116 MiB.
2026-09-17T20:30:34Z INFO [230/371] 03931d6a-9e56-4814-970e-f001e480b8ff: 33 groups; 1.6 s; peak memory 1116 MiB.
2026-09-17T20:30:40Z INFO [231/371] 03931e1c-d46d-4a66-9463-89358dea1f67: 107 groups; 6.2 s; peak memory 1116 MiB.
2026-09-17T20:30:42Z INFO [232/371] 03933ea7-7826-4186-ae73-3a8d682e4f91: 255 groups; 1.3 s; peak memory 1116 MiB.
2026-09-17T20:30:47Z INFO [233/371] 03938cf8-73c2-43e3-b780-3e71ef11af85: 156 groups; 5.5 s; peak memory 1116 MiB.
2026-09-17T20:30:48Z INFO [234/371] 0393e4a6-ef56-4c93-b8ac-c57261604b59: 22 groups; 1.0 s; peak memory 1116 MiB.
2026-09-17T20:30:49Z INFO [235/371] 03941e56-4e9e-4d62-9ad1-8e888d8334c2: 32 groups; 1.1 s; peak memory 1116 MiB.
2026-09-17T20:30:54Z INFO [236/371] 039703c1-53c3-4e73-a60e-f10d7dbe6e94: 17 groups; 4.6 s; peak memory 1116 MiB.
2026-09-17T20:30:55Z INFO [237/371] 0397ef67-0ee3-4089-9ba2-a67dc785574e: 31 groups; 0.8 s; peak memory 1116 MiB.
2026-09-17T20:30:56Z INFO [238/371] 03996b24-aa29-4a9f-9e7d-afc90dd192bc: 32 groups; 1.2 s; peak memory 1116 MiB.
2026-09-17T20:30:57Z INFO [239/371] 0399c9f9-f6e5-4b05-bc4b-f0976b098de7: 25 groups; 1.1 s; peak memory 1116 MiB.
2026-09-17T20:31:04Z INFO [240/371] 039a8e9f-03ab-42ce-ab23-f7f1917c8efc: 175 groups; 7.2 s; peak memory 1116 MiB.
2026-09-17T20:31:05Z INFO [241/371] 039aca19-51c5-417f-b025-f289b5a126e8: 22 groups; 0.9 s; peak memory 1116 MiB.
2026-09-17T20:31:06Z INFO [242/371] 039d7c13-1b49-478e-b185-0da55623d5e4: 35 groups; 1.2 s; peak memory 1116 MiB.
2026-09-17T20:31:07Z INFO [243/371] 039dfb93-755f-42dd-ba72-72eb816d1896: 22 groups; 0.9 s; peak memory 1116 MiB.
2026-09-17T20:31:08Z INFO [244/371] 039e6a41-6d9e-4f0e-ae11-4eb371eeb343: 256 groups; 1.1 s; peak memory 1116 MiB.
2026-09-17T20:31:09Z INFO [245/371] 039f006c-4037-4ce5-bef0-b242cda999cc: 22 groups; 0.9 s; peak memory 1116 MiB.
2026-09-17T20:31:10Z INFO [246/371] 039f59ff-aba0-49e4-89d6-a1d348efaccb: 194 groups; 1.1 s; peak memory 1116 MiB.
2026-09-17T20:31:12Z INFO [247/371] 03a17e83-a36b-4d24-b5b3-0d96f7605f30: 40 groups; 1.5 s; peak memory 1116 MiB.
2026-09-17T20:31:13Z INFO [248/371] 03a1ce5e-d662-4fb7-8ed3-d30673b7fa91: 35 groups; 1.1 s; peak memory 1116 MiB.
2026-09-17T20:31:14Z INFO [249/371] 03a26f08-21ed-4f08-be0e-faa65c3bcb32: 32 groups; 1.0 s; peak memory 1116 MiB.
2026-09-17T20:31:15Z INFO [250/371] 03a2737c-b6ef-4224-aca3-7f33b8d06a4b: 207 groups; 1.6 s; peak memory 1116 MiB.
2026-09-17T20:31:16Z INFO [250/371] 03a2737c-b6ef-4224-aca3-7f33b8d06a4b: checkpointed 48665 records.
2026-09-17T20:31:20Z INFO [251/371] 03a2f8b6-7b65-4b54-acc3-8cbf488ab5bf: 147 groups; 4.3 s; peak memory 1116 MiB.
2026-09-17T20:31:21Z INFO [252/371] 03a3b0b4-315d-4444-a022-99405b0c50a0: 31 groups; 0.7 s; peak memory 1116 MiB.
2026-09-17T20:31:22Z INFO [253/371] 03a439fd-b93b-4820-92ab-8df48b85f4c8: 32 groups; 1.0 s; peak memory 1116 MiB.
2026-09-17T20:31:22Z INFO [254/371] 03a49dc1-dfcb-4697-8e81-ef96a9c512bb: 22 groups; 0.9 s; peak memory 1116 MiB.
2026-09-17T20:31:26Z INFO [255/371] 03a5817e-9949-455f-9c24-6da9777c5cb4: 181 groups; 3.7 s; peak memory 1116 MiB.
2026-09-17T20:31:27Z INFO [256/371] 03a5d4d1-7069-4cb7-821f-eead93b6e976: 54 groups; 1.1 s; peak memory 1116 MiB.
2026-09-17T20:31:29Z INFO [257/371] 03a66085-f01b-4651-b51b-9fc9e3f9aaf6: 202 groups; 1.3 s; peak memory 1116 MiB.
2026-09-17T20:31:33Z INFO [258/371] 03a6e32d-5e20-4bc7-990b-a5c5eb7a0f7d: 131 groups; 4.4 s; peak memory 1116 MiB.
2026-09-17T20:31:34Z INFO [259/371] 03a7eb27-bc12-4a72-ba0a-0b28599e37f8: 32 groups; 1.0 s; peak memory 1116 MiB.
2026-09-17T20:31:35Z INFO [260/371] 03a80078-da03-4c6d-aef4-b00b87402bcb: 70 groups; 1.3 s; peak memory 1116 MiB.
2026-09-17T20:31:37Z INFO [261/371] 03a8c3ec-dc5d-4de7-86d8-e6d5fa08c477: 207 groups; 1.8 s; peak memory 1116 MiB.
2026-09-17T20:31:39Z INFO [262/371] 03a943f2-7463-46cc-a392-d82e0a864d6d: 17 groups; 2.1 s; peak memory 1116 MiB.
2026-09-17T20:31:40Z INFO [263/371] 03a96456-38e0-445b-a831-879d39840db6: 22 groups; 0.6 s; peak memory 1116 MiB.
2026-09-17T20:31:42Z INFO [264/371] 03a96c44-87eb-4f77-9638-8088f7bc77b2: 31 groups; 1.7 s; peak memory 1116 MiB.
2026-09-17T20:31:43Z INFO [265/371] 03a99fed-ec35-4e20-bf74-cef5a8de0876: 22 groups; 0.9 s; peak memory 1116 MiB.
2026-09-17T20:31:44Z INFO [266/371] 03aa8a88-246f-4e78-a21b-345697d61e0f: 33 groups; 1.0 s; peak memory 1116 MiB.
2026-09-17T20:31:48Z INFO [267/371] 03abf0d0-58e8-40d8-81fc-45bad31188cb: 139 groups; 4.4 s; peak memory 1116 MiB.
2026-09-17T20:31:49Z INFO [268/371] 03ad9338-798c-4b6f-b1c6-81c3db7d7515: 32 groups; 1.1 s; peak memory 1116 MiB.
2026-09-17T20:31:53Z INFO [269/371] 03adfaa8-453f-47b4-a749-83cbce65e1de: 73 groups; 4.0 s; peak memory 1116 MiB.
2026-09-17T20:32:09Z INFO [270/371] 03af6b84-ea4e-4b97-aeb8-fd8a24148e8b: 118 groups; 15.6 s; peak memory 1116 MiB.
2026-09-17T20:32:10Z INFO [271/371] 03af7007-63c3-494b-a4ae-e0d0b152c576: 33 groups; 1.4 s; peak memory 1116 MiB.
2026-09-17T20:32:15Z INFO [272/371] 03af8f6d-e3dd-4250-8291-ea6328be6966: 386 groups; 5.5 s; peak memory 1116 MiB.
2026-09-17T20:32:17Z INFO [273/371] 03b00359-ddd3-43c4-84f3-d85fa08623d0: 33 groups; 1.1 s; peak memory 1116 MiB.
2026-09-17T20:32:18Z INFO [274/371] 03b0391e-7304-4649-8266-b3f9cc2b3371: 32 groups; 1.3 s; peak memory 1116 MiB.
2026-09-17T20:32:19Z INFO [275/371] 03b2638f-dfdc-4050-a52f-f373ce725ea4: 22 groups; 0.9 s; peak memory 1116 MiB.
2026-09-17T20:32:20Z INFO [276/371] 03b27246-cf92-4875-aa20-9806865f4638: 22 groups; 0.9 s; peak memory 1116 MiB.
2026-09-17T20:32:21Z INFO [277/371] 03b35f10-4401-4f10-9032-c14efb73f401: 32 groups; 1.1 s; peak memory 1116 MiB.
2026-09-17T20:32:21Z INFO [278/371] 03b39d0f-f7c6-4d67-899e-0deef00ecbc4: 22 groups; 0.8 s; peak memory 1116 MiB.
2026-09-17T20:32:22Z INFO [279/371] 03b3c918-b0fe-4070-88ed-c1180b765d6a: 32 groups; 0.8 s; peak memory 1116 MiB.
2026-09-17T20:32:33Z INFO [280/371] 03b49e97-c601-4867-8140-9f9f9a881446: 344 groups; 11.1 s; peak memory 1116 MiB.
2026-09-17T20:32:34Z INFO [281/371] 03b508ab-20c0-4e88-929e-9b4345f4c262: 30 groups; 0.8 s; peak memory 1116 MiB.
2026-09-17T20:32:41Z INFO [282/371] 03b5a503-be05-46c9-926a-776e632eae61: 63 groups; 7.3 s; peak memory 1116 MiB.
2026-09-17T20:32:44Z INFO [283/371] 03b5b3e0-5c49-4b4b-8c8e-8f7ae6f869f4: 46 groups; 2.2 s; peak memory 1116 MiB.
2026-09-17T20:32:57Z INFO [284/371] 03b5fa08-4dd1-49d6-8b38-539f4c6eea6e: 24 groups; 13.6 s; peak memory 1116 MiB.
2026-09-17T20:33:00Z INFO [285/371] 03b5fd74-4578-4bb5-84fb-18d1e6f92c81: 61 groups; 2.6 s; peak memory 1116 MiB.
2026-09-17T20:34:38Z INFO [286/371] 03b6d20b-8942-455b-8885-3f4efc436ace: 39 groups; 98.1 s; peak memory 1116 MiB.
2026-09-17T20:34:39Z INFO [287/371] 03b6ef09-af93-42b0-8093-c751cb9d7d05: 35 groups; 1.4 s; peak memory 1116 MiB.
2026-09-17T20:34:41Z INFO [288/371] 03b70f23-043a-4a93-b695-78fa65057de7: 48 groups; 2.0 s; peak memory 1116 MiB.
2026-09-17T20:34:42Z INFO [289/371] 03b84871-2dfb-430f-93d5-876a5947376a: 32 groups; 1.1 s; peak memory 1116 MiB.
2026-09-17T20:34:43Z INFO [290/371] 03b8a104-a365-412c-95c8-b3277fca4008: 16 groups; 0.7 s; peak memory 1116 MiB.
2026-09-17T20:34:44Z INFO [291/371] 03b934ea-1d1b-4f62-861d-2a0108287964: 252 groups; 1.1 s; peak memory 1116 MiB.
2026-09-17T20:34:45Z INFO [292/371] 03b9518f-4d72-4693-a07f-95d1ecb76873: 32 groups; 1.0 s; peak memory 1116 MiB.
2026-09-17T20:34:46Z INFO [293/371] 03ba0c91-25d7-4243-aa81-04e239526f1d: 17 groups; 0.6 s; peak memory 1116 MiB.
2026-09-17T20:34:47Z INFO [294/371] 03baecf3-0b14-4149-a7a7-6f47fa69e251: 32 groups; 1.1 s; peak memory 1116 MiB.
2026-09-17T20:34:48Z INFO [295/371] 03bb4414-0ef0-46ea-a313-a785d7e1f0d6: 22 groups; 0.9 s; peak memory 1116 MiB.
2026-09-17T20:34:49Z INFO [296/371] 03bb5284-35df-48b2-9c30-5c38f948d9d1: 22 groups; 0.9 s; peak memory 1116 MiB.
2026-09-17T20:34:50Z INFO [297/371] 03bb6b02-bf0b-4e29-a6a1-f2fd67292c0f: 42 groups; 1.0 s; peak memory 1116 MiB.
2026-09-17T20:34:51Z INFO [298/371] 03bbc9f4-e57e-44d0-b958-ed4ef8bf68ad: 25 groups; 1.0 s; peak memory 1116 MiB.
2026-09-17T20:34:51Z INFO [299/371] 03bc7027-065b-4595-b8cf-d3b4c40a410d: 16 groups; 0.6 s; peak memory 1116 MiB.
2026-09-17T20:50:38Z INFO [300/371] 03bdf982-6d4b-4f31-901c-ea3828450718: 45 groups; 947.1 s; peak memory 1122 MiB.
2026-09-17T20:50:39Z INFO [300/371] 03bdf982-6d4b-4f31-901c-ea3828450718: checkpointed 48715 records.
2026-09-17T20:50:40Z INFO [301/371] 03be1195-3611-40c9-8506-6bdfee89b09f: 32 groups; 1.4 s; peak memory 1122 MiB.
2026-09-17T20:50:42Z INFO [302/371] 03be98df-ae6c-47e0-8a17-9d1b0bc3804e: 48 groups; 1.7 s; peak memory 1122 MiB.
2026-09-17T20:50:43Z INFO [303/371] 03becee8-5e6d-45c8-8719-2d26c85017db: 35 groups; 1.3 s; peak memory 1122 MiB.
2026-09-17T20:50:44Z INFO [304/371] 03bf086e-0d40-4c23-a20f-c0448d6789ea: 32 groups; 1.1 s; peak memory 1122 MiB.
2026-09-17T20:50:45Z INFO [305/371] 03bf6b6a-3e24-4beb-828a-684c37ae4e23: 35 groups; 1.3 s; peak memory 1122 MiB.
2026-09-17T20:50:46Z INFO [306/371] 03bfb8a3-deb2-49a4-bf41-0a4089431d57: 18 groups; 1.0 s; peak memory 1122 MiB.
2026-09-17T20:50:49Z INFO [307/371] 03c0c9a6-0fb6-4ffb-b7eb-9d4ad30c5be8: 50 groups; 2.1 s; peak memory 1122 MiB.
2026-09-17T20:50:49Z INFO [308/371] 03c16da4-e708-4e3e-9d52-bc2a675881eb: 22 groups; 0.9 s; peak memory 1122 MiB.
2026-09-17T20:50:51Z INFO [309/371] 03c19c14-8b10-4af9-86e2-30653c64c4b1: 35 groups; 1.5 s; peak memory 1122 MiB.
2026-09-17T20:50:57Z INFO [310/371] 03c34f85-48fd-4e87-b43f-f670dabd1a86: 39 groups; 6.1 s; peak memory 1122 MiB.
2026-09-17T20:50:58Z INFO [311/371] 03c39874-db50-43c4-9d8f-e43f08a9cf3c: 195 groups; 1.4 s; peak memory 1122 MiB.
2026-09-17T20:50:59Z INFO [312/371] 03c43af3-a5b1-4e72-85db-ba12e3748656: 22 groups; 0.8 s; peak memory 1122 MiB.
2026-09-17T20:51:00Z INFO [313/371] 03c521af-1033-456f-a758-accaedaff4f3: 22 groups; 0.9 s; peak memory 1122 MiB.
2026-09-17T20:51:01Z INFO [314/371] 03c65b1c-0849-4035-850b-5da6ded7f989: 32 groups; 1.0 s; peak memory 1122 MiB.
2026-09-17T20:51:02Z INFO [315/371] 03c68a5d-629d-4cd1-a269-6d8f26c0389d: 22 groups; 1.0 s; peak memory 1122 MiB.
2026-09-17T20:51:03Z INFO [316/371] 03c70e32-eed3-4aa3-a9e9-34eb94bf6366: 34 groups; 1.2 s; peak memory 1122 MiB.
2026-09-17T20:51:04Z INFO [317/371] 03c783ac-89a0-4004-b758-2ee5c894d633: 22 groups; 0.8 s; peak memory 1122 MiB.
2026-09-17T20:51:05Z INFO [318/371] 03c7bf13-2ca7-45d0-a1ef-ec6730d9c14f: 202 groups; 1.2 s; peak memory 1122 MiB.
2026-09-17T20:51:06Z INFO [319/371] 03c822e8-1c6b-49bf-a782-08f32ad4bae0: 35 groups; 1.2 s; peak memory 1122 MiB.
2026-09-17T20:51:07Z INFO [320/371] 03c9b621-be88-4792-b475-d94a09fd183e: 16 groups; 0.7 s; peak memory 1122 MiB.
2026-09-17T20:51:11Z INFO [321/371] 03caf4d3-2d41-4870-94a3-c6440d69de25: 64 groups; 3.4 s; peak memory 1122 MiB.
2026-09-17T20:51:12Z INFO [322/371] 03cb6af4-899a-412d-a60d-e99a6401cf68: 35 groups; 1.1 s; peak memory 1122 MiB.
2026-09-17T20:51:17Z INFO [323/371] 03cb7096-f086-431d-afb2-69d4d4382f73: 68 groups; 5.8 s; peak memory 1122 MiB.
2026-09-17T20:51:20Z INFO [324/371] 03cdc9b3-30d6-4cde-a777-8820b8ae67ab: 48 groups; 2.2 s; peak memory 1122 MiB.
2026-09-17T20:51:21Z INFO [325/371] 03ce16b8-c6fd-404d-b976-4e46859c83f4: 207 groups; 1.8 s; peak memory 1122 MiB.
2026-09-17T20:51:27Z INFO [326/371] 03ced12b-f056-4906-9e0a-ba72103efb8d: 34 groups; 5.3 s; peak memory 1122 MiB.
2026-09-17T20:51:28Z INFO [327/371] 03cfdf88-0534-4f8d-b8e6-977a69fe76d5: 194 groups; 1.3 s; peak memory 1122 MiB.
2026-09-17T20:51:29Z INFO [328/371] 03d0040b-8397-4d53-956b-e0c93e792bbd: 22 groups; 1.0 s; peak memory 1122 MiB.
2026-09-17T20:51:30Z INFO [329/371] 03d07605-258a-4676-a97b-4e088c19aedd: 32 groups; 1.2 s; peak memory 1122 MiB.
2026-09-17T20:51:32Z INFO [330/371] 03d08bd5-0910-4d5b-b6fa-63186462c868: 48 groups; 2.0 s; peak memory 1122 MiB.
2026-09-17T20:51:33Z INFO [331/371] 03d11f44-9f9a-4f45-8b92-a02f7ea880f7: 31 groups; 0.7 s; peak memory 1122 MiB.
2026-09-17T20:51:44Z INFO [332/371] 03d1381e-d6aa-40de-b763-59fa49a8ae0b: 82 groups; 10.9 s; peak memory 1122 MiB.
2026-09-17T20:51:45Z INFO [333/371] 03d14de2-11cb-494a-8bbc-d70546313137: 35 groups; 1.3 s; peak memory 1122 MiB.
2026-09-17T20:51:46Z INFO [334/371] 03d1b835-91dd-468b-97af-963cae29d521: 251 groups; 0.9 s; peak memory 1122 MiB.
2026-09-17T20:51:47Z INFO [335/371] 03d20e1e-c30a-4b6a-98ac-1d5f01db1930: 32 groups; 1.1 s; peak memory 1122 MiB.
2026-09-17T20:51:48Z INFO [336/371] 03d329e6-a1ad-4217-916a-b76adbd089f3: 32 groups; 0.9 s; peak memory 1122 MiB.
2026-09-17T20:51:49Z INFO [337/371] 03d32e21-7f60-408c-9723-0acbcb22160d: 22 groups; 1.0 s; peak memory 1122 MiB.
2026-09-17T20:51:50Z INFO [338/371] 03d371e1-05dd-4eae-91c3-d4ded3e8fdc1: 35 groups; 1.2 s; peak memory 1122 MiB.
2026-09-17T20:51:51Z INFO [339/371] 03d4d97b-3b1e-4e00-9dce-2251fb9f5c10: 18 groups; 0.7 s; peak memory 1122 MiB.
2026-09-17T20:51:52Z INFO [340/371] 03d5ed0b-744e-46e1-ab8b-37d7408cbaca: 31 groups; 0.7 s; peak memory 1122 MiB.
2026-09-17T20:51:53Z INFO [341/371] 03d794a1-4767-4870-8cfe-fa177048a5b9: 22 groups; 0.9 s; peak memory 1122 MiB.
2026-09-17T20:51:55Z INFO [342/371] 03d7f67e-714f-4e00-a364-90e347101b87: 47 groups; 2.1 s; peak memory 1122 MiB.
2026-09-17T20:52:00Z INFO [343/371] 03d94654-76d5-4918-9cce-9f7f91d7de9e: 191 groups; 5.8 s; peak memory 1122 MiB.
2026-09-17T20:52:01Z INFO [344/371] 03dbac81-de7f-438a-bf55-62b6d688ad8a: 16 groups; 0.7 s; peak memory 1122 MiB.
2026-09-17T20:53:25Z INFO [345/371] 03dd367b-c8a5-4103-8168-2c376f573d0e: 69 groups; 83.5 s; peak memory 1122 MiB.
2026-09-17T20:53:29Z INFO [346/371] 03de4b32-beca-4329-9259-9744145a8d62: 125 groups; 4.7 s; peak memory 1122 MiB.
2026-09-17T20:53:30Z INFO [347/371] 03df35a8-2fc8-42b4-87d5-b138b4481ac8: 22 groups; 0.9 s; peak memory 1122 MiB.
2026-09-17T20:53:31Z INFO [348/371] 03df852b-6e9a-4c2c-9353-16514524c45b: 35 groups; 1.2 s; peak memory 1122 MiB.
2026-09-17T20:53:32Z INFO [349/371] 03e1134b-77fd-48b3-81d6-bab61553b6a7: 22 groups; 0.7 s; peak memory 1122 MiB.
2026-09-17T20:53:33Z INFO [350/371] 03e1d695-0111-4856-bea2-eda67da0f3fc: 32 groups; 1.0 s; peak memory 1122 MiB.
2026-09-17T20:53:33Z INFO [350/371] 03e1d695-0111-4856-bea2-eda67da0f3fc: checkpointed 48765 records.
2026-09-17T20:53:34Z INFO [351/371] 03e2d6ba-7a8c-4eb7-8015-c741f4f42704: 29 groups; 1.1 s; peak memory 1122 MiB.
2026-09-17T20:53:35Z INFO [352/371] 03e33b55-5ae4-4361-b275-22db1e778545: 22 groups; 0.9 s; peak memory 1122 MiB.
2026-09-17T20:53:36Z INFO [353/371] 03e3ce8a-c548-4567-a700-b72ec6b654db: 25 groups; 1.0 s; peak memory 1122 MiB.
2026-09-17T20:53:37Z INFO [354/371] 03e3eb31-e31a-4994-9d8a-66c73ec842f8: 36 groups; 1.2 s; peak memory 1122 MiB.
2026-09-17T20:55:13Z INFO [355/371] 03e4e22c-3828-4b9e-81ae-fc232f95b7b7: 71 groups; 95.5 s; peak memory 1122 MiB.
2026-09-17T20:55:31Z INFO [356/371] 03e5b037-451e-4282-9289-c7acdfc3d9e7: 23 groups; 18.4 s; peak memory 1122 MiB.
2026-09-17T20:55:57Z INFO [357/371] 03e5f51d-60df-46c6-beb9-6613388170fd: 17 groups; 25.9 s; peak memory 1122 MiB.
2026-09-17T20:55:58Z INFO [358/371] 03e6aadc-eaba-4a6e-a0e2-247c6a49ec10: 22 groups; 1.0 s; peak memory 1122 MiB.
2026-09-17T20:55:59Z INFO [359/371] 03e78578-c95b-4139-9fda-66f774028dfa: 35 groups; 1.3 s; peak memory 1122 MiB.
2026-09-17T20:56:20Z INFO [360/371] 03e7de10-be8c-44ba-8c26-454bb392ae81: 1712 groups; 20.3 s; peak memory 1122 MiB.
2026-09-17T20:56:21Z INFO [361/371] 03e8193f-79ad-4c50-aaf3-8dc2effa26b1: 34 groups; 1.1 s; peak memory 1122 MiB.
2026-09-17T20:56:22Z INFO [362/371] 03e82f2d-84a8-4de7-a091-915cb50e8483: 18 groups; 0.9 s; peak memory 1122 MiB.
2026-09-17T20:56:23Z INFO [363/371] 03e86e6a-e980-44eb-821d-89c8ba233ad5: 199 groups; 1.4 s; peak memory 1122 MiB.
2026-09-17T20:56:24Z INFO [364/371] 03e8ca1d-9e8c-456f-b38e-59dfa29e8f40: 32 groups; 1.0 s; peak memory 1122 MiB.
2026-09-17T20:56:26Z INFO [365/371] 03e9a542-6e32-4e55-b5b7-98f9a625795d: 64 groups; 2.2 s; peak memory 1122 MiB.
2026-09-17T20:56:28Z INFO [366/371] 03e9b575-7c10-4266-8c8e-1a543458f42a: 204 groups; 2.0 s; peak memory 1122 MiB.
2026-09-17T20:56:29Z INFO [367/371] 03ea0039-025f-4fce-94de-6e0a64d607d7: 32 groups; 1.1 s; peak memory 1122 MiB.
2026-09-17T21:30:53Z INFO [368/371] 03ea64d7-28d9-401e-ac61-aa251cbffa71: 609 groups; 2063.5 s; peak memory 1122 MiB.
2026-09-17T21:30:54Z INFO [369/371] 03eb974e-41e4-4675-9c2a-d9549c006da5: 252 groups; 1.0 s; peak memory 1122 MiB.
2026-09-17T21:30:56Z INFO [370/371] 03ec0b0d-8399-4b63-8a42-4cba1609cb4f: 341 groups; 1.7 s; peak memory 1122 MiB.
2026-09-17T21:30:57Z INFO [371/371] 03ec1c40-d2be-4b16-a13c-4bdfb5070db7: 33 groups; 1.3 s; peak memory 1122 MiB.
2026-09-17T21:30:57Z INFO Wrote 48786 records to /tmp/derivatives/valid_nwb_file_to_number_of_groups.jsonl (371 new, 0 failed) in 129.5 min (peak memory 1122 MiB).
