2026-09-18T15:15:15Z INFO Logging to /tmp/logs/update_2026-09-18T15-15-15Z.log.
2026-09-18T15:15:15Z INFO Update valid-nwb-file-to-number-of-groups (base directory /tmp).
2026-09-18T15:15:15Z INFO Processing 374 items (49152 already recorded).
2026-09-18T15:15:17Z INFO [1/374] 0166c3fd-03f3-4920-9f20-93d081fa89e0: 35 groups; 1.5 s; peak memory 98 MiB.
2026-09-18T15:15:24Z INFO [2/374] 04b6f7fd-5c5f-4c4b-b274-789fb97d321d: 171 groups; 6.9 s; peak memory 137 MiB.
2026-09-18T15:15:32Z INFO [3/374] 04b75f8c-8408-434b-84a4-463257141e4c: 178 groups; 7.9 s; peak memory 138 MiB.
2026-09-18T15:15:32Z INFO [4/374] 04b7cf3b-c18b-43df-a0e6-e3e7cc791aea: 28 groups; 0.7 s; peak memory 139 MiB.
2026-09-18T15:15:33Z INFO [5/374] 04b91b84-bd6c-4180-825d-107e795031cc: 196 groups; 1.0 s; peak memory 139 MiB.
2026-09-18T15:15:38Z INFO [6/374] 04b93355-d721-4440-8542-339579fdb827: 65 groups; 4.4 s; peak memory 139 MiB.
2026-09-18T15:15:39Z INFO [7/374] 04ba01a2-879e-406b-94af-614aeb1096f6: 35 groups; 1.2 s; peak memory 139 MiB.
2026-09-18T15:15:45Z INFO [8/374] 04ba6299-80c9-4ad4-9a10-a40a10c2c3e3: 216 groups; 6.4 s; peak memory 140 MiB.
2026-09-18T15:15:46Z INFO [9/374] 04ba97ae-796a-43bc-997e-b3acbe8a24ff: 253 groups; 0.8 s; peak memory 140 MiB.
2026-09-18T15:15:47Z INFO [10/374] 04bb20f8-d2c1-4670-8466-7bb2d5d2c9b0: 32 groups; 0.8 s; peak memory 140 MiB.
2026-09-18T15:15:48Z INFO [11/374] 04bbfbc8-a688-4460-a7fe-e21414f621fd: 35 groups; 0.8 s; peak memory 140 MiB.
2026-09-18T15:15:58Z INFO [12/374] 04bd51d2-c127-4422-b6df-75c95498f7d6: 314 groups; 10.5 s; peak memory 147 MiB.
2026-09-18T15:15:59Z INFO [13/374] 04bea271-a43a-4e75-a3a9-6e1363ac9868: 32 groups; 0.7 s; peak memory 147 MiB.
2026-09-18T15:16:08Z INFO [14/374] 04bf3571-7c36-41c4-8905-dd6a7ee3d403: 93 groups; 8.6 s; peak memory 147 MiB.
2026-09-18T15:16:08Z INFO [15/374] 04bf62f9-7c2f-4359-918c-b643f579dd1a: 28 groups; 0.6 s; peak memory 147 MiB.
2026-09-18T15:16:09Z INFO [16/374] 04bf6640-086a-4544-8fd3-d1f203a2de9a: 30 groups; 0.5 s; peak memory 148 MiB.
2026-09-18T15:16:15Z INFO [17/374] 04bfd946-cac3-4c5b-841e-0b13bf57d0ad: 232 groups; 5.8 s; peak memory 148 MiB.
2026-09-18T15:16:23Z INFO [18/374] 04c13ec4-37ce-4764-a066-c912353d4e54: 169 groups; 8.0 s; peak memory 149 MiB.
2026-09-18T15:16:27Z INFO [19/374] 04c1d581-4645-4033-9257-7346bc321c1a: 49 groups; 4.6 s; peak memory 149 MiB.
2026-09-18T15:16:28Z INFO [20/374] 04c30374-3e71-47e8-9eb3-d00fa139982e: 31 groups; 0.6 s; peak memory 149 MiB.
2026-09-18T15:16:31Z INFO [21/374] 04c5801e-e982-4d6e-8739-74d2fa98888f: 144 groups; 3.7 s; peak memory 149 MiB.
2026-09-18T15:16:32Z INFO [22/374] 04c5da28-3562-46fb-95bb-cabcca6c0f58: 35 groups; 1.0 s; peak memory 149 MiB.
2026-09-18T15:16:33Z INFO [23/374] 04c6ec16-a785-43c7-bc16-3c5329ac9897: 16 groups; 0.5 s; peak memory 149 MiB.
2026-09-18T15:16:34Z INFO [24/374] 04c78985-f9e6-4abf-a650-889cbdf351b5: 22 groups; 0.6 s; peak memory 149 MiB.
2026-09-18T15:16:36Z INFO [25/374] 04c7ec52-6dfb-49eb-9ae1-081ad7953da5: 49 groups; 2.0 s; peak memory 149 MiB.
2026-09-18T15:16:36Z INFO [26/374] 04c854fc-33f9-4917-80d8-3f6758c2f63b: 25 groups; 0.8 s; peak memory 149 MiB.
2026-09-18T15:16:37Z INFO [27/374] 04c88410-5fec-4025-86a6-dd222af2e55f: 16 groups; 0.4 s; peak memory 149 MiB.
2026-09-18T15:16:38Z INFO [28/374] 04c93ef1-dd65-4f47-abe7-f7e89b41c220: 35 groups; 1.0 s; peak memory 149 MiB.
2026-09-18T15:16:46Z INFO [29/374] 04c9d35e-0ff3-4b6a-813f-0fef8ecbe166: 341 groups; 8.7 s; peak memory 153 MiB.
2026-09-18T15:16:47Z INFO [30/374] 04ca3d57-3436-4d27-b5ec-b063b2155aae: 22 groups; 0.6 s; peak memory 153 MiB.
2026-09-18T15:16:48Z INFO [31/374] 04cab266-f3a2-4cbf-93eb-235d8168a081: 33 groups; 0.8 s; peak memory 153 MiB.
2026-09-18T15:16:53Z INFO [32/374] 04cbdb1e-c710-40ae-856b-8ae7c9143661: 120 groups; 4.9 s; peak memory 153 MiB.
2026-09-18T15:16:53Z INFO [33/374] 04cc2c4d-23c5-4753-b34f-3a0febdf5c10: 26 groups; 0.6 s; peak memory 153 MiB.
2026-09-18T15:16:54Z INFO [34/374] 04cc45ae-b3bc-4153-a6ba-c6252b53c9a7: 33 groups; 0.7 s; peak memory 153 MiB.
2026-09-18T15:16:56Z INFO [35/374] 04ccb402-e377-481a-826e-37a38f10b697: 61 groups; 1.9 s; peak memory 153 MiB.
2026-09-18T15:16:57Z INFO [36/374] 04ccfb7b-9f3e-4c4b-bf22-e31b0bcd4fce: 22 groups; 0.6 s; peak memory 153 MiB.
2026-09-18T15:17:00Z INFO [37/374] 04ce4583-71ce-4db0-9f1c-ca33d2d34e6a: 78 groups; 3.1 s; peak memory 153 MiB.
2026-09-18T15:17:00Z INFO [38/374] 04ce85e8-335d-4e23-9e17-7988d05dccac: 25 groups; 0.7 s; peak memory 153 MiB.
2026-09-18T15:17:02Z INFO [39/374] 04ceb4f1-455f-4326-a65c-1969cba58533: 54 groups; 1.8 s; peak memory 153 MiB.
2026-09-18T15:17:06Z INFO [40/374] 04cf9c6e-1b43-4b41-b13a-78b6f3291b25: 34 groups; 4.3 s; peak memory 153 MiB.
2026-09-18T15:17:07Z INFO [41/374] 04cfcee1-25bc-487b-aa97-c58435632eaa: 22 groups; 0.6 s; peak memory 153 MiB.
2026-09-18T15:17:10Z INFO [42/374] 04cff2cf-1bc2-4979-b725-03b30ccafe5b: 73 groups; 3.3 s; peak memory 153 MiB.
2026-09-18T15:17:28Z INFO [43/374] 04d15b81-ffdf-40a1-8d14-c2c727393219: 974 groups; 17.7 s; peak memory 183 MiB.
2026-09-18T15:17:29Z INFO [44/374] 04d37eca-c836-49d0-9384-697a7a78adc7: 32 groups; 0.7 s; peak memory 183 MiB.
2026-09-18T15:17:29Z INFO [45/374] 04d381be-2b99-47e2-bbc5-ccf589079750: 22 groups; 0.7 s; peak memory 183 MiB.
2026-09-18T15:17:30Z INFO [46/374] 04d3cd83-6508-47d3-8f0d-a19c87827f81: 99 groups; 1.0 s; peak memory 183 MiB.
2026-09-18T15:17:31Z INFO [47/374] 04d84bb5-c2ae-4171-b16c-a037108f9860: 17 groups; 0.5 s; peak memory 183 MiB.
2026-09-18T15:20:05Z INFO [48/374] 04d89014-425a-4f6e-8dfa-0081a882e9ce: 75 groups; 154.5 s; peak memory 402 MiB.
2026-09-18T15:20:07Z INFO [49/374] 04d897bc-85b7-430d-9b61-9f917bc1c12d: 72 groups; 1.6 s; peak memory 402 MiB.
2026-09-18T15:20:08Z INFO [50/374] 04d8ca1b-d1a8-4b60-b9ab-f38c774f3fe4: 35 groups; 0.8 s; peak memory 402 MiB.
2026-09-18T15:20:08Z INFO [50/374] 04d8ca1b-d1a8-4b60-b9ab-f38c774f3fe4: checkpointed 49202 records.
2026-09-18T15:20:09Z INFO [51/374] 04d8f136-6cac-420b-b929-52bf8d350972: 35 groups; 1.0 s; peak memory 402 MiB.
2026-09-18T15:20:12Z INFO [52/374] 04da2b67-547e-4b74-971f-a1ce4a0f4f52: 78 groups; 3.5 s; peak memory 402 MiB.
2026-09-18T15:20:13Z INFO [53/374] 04daa83f-5811-4ecf-a29d-ff9dd8157394: 33 groups; 0.7 s; peak memory 402 MiB.
2026-09-18T15:20:14Z INFO [54/374] 04daef77-1e02-453a-826d-73cf10415ecc: 34 groups; 0.8 s; peak memory 402 MiB.
2026-09-18T15:20:19Z INFO [55/374] 04db3464-54d3-40bc-8e8e-6add83e7af02: 36 groups; 5.6 s; peak memory 402 MiB.
2026-09-18T15:20:21Z INFO [56/374] 04dbafa1-9d99-477a-81c7-9d50cbbcacb9: 35 groups; 1.2 s; peak memory 402 MiB.
2026-09-18T15:20:21Z INFO [57/374] 04dc43e5-fb1b-4888-bcd2-b5f1d6a65af2: 31 groups; 0.6 s; peak memory 402 MiB.
2026-09-18T15:20:22Z INFO [58/374] 04dc888b-f7ca-4a43-88f0-00fa3478c249: 32 groups; 0.8 s; peak memory 402 MiB.
2026-09-18T15:20:23Z INFO [59/374] 04dd1a97-e6a2-4aa0-a746-15fe52c95607: 35 groups; 0.9 s; peak memory 402 MiB.
2026-09-18T15:20:26Z INFO [60/374] 04ddfe52-99f4-45e0-9feb-3abac4db59dc: 73 groups; 3.4 s; peak memory 402 MiB.
2026-09-18T15:20:27Z INFO [61/374] 04e0ec7f-51f4-44ce-baff-893a69a0ce47: 22 groups; 0.7 s; peak memory 402 MiB.
2026-09-18T15:20:28Z INFO [62/374] 04e19bcb-be0a-4790-8e0f-400c521fe08e: 22 groups; 0.7 s; peak memory 402 MiB.
2026-09-18T15:20:28Z INFO [63/374] 04e24594-3c4c-449f-90ba-e9d32e652c3d: 16 groups; 0.4 s; peak memory 402 MiB.
2026-09-18T15:20:32Z INFO [64/374] 04e2ccde-7401-4e56-acb6-e3be4abf9a9b: 85 groups; 3.9 s; peak memory 402 MiB.
2026-09-18T15:20:33Z INFO [65/374] 04e51693-c77c-4308-a859-2078518513cb: 54 groups; 1.5 s; peak memory 402 MiB.
2026-09-18T15:20:34Z INFO [66/374] 04e537fd-635a-4d1c-85c2-6ce86ebe8e6b: 22 groups; 0.6 s; peak memory 402 MiB.
2026-09-18T15:20:35Z INFO [67/374] 04e58eae-80cc-4866-9894-d577f33053a5: 32 groups; 0.7 s; peak memory 402 MiB.
2026-09-18T15:20:35Z INFO [68/374] 04e5a990-9c34-4151-b430-2d9529cdc31c: 22 groups; 0.6 s; peak memory 402 MiB.
2026-09-18T15:20:36Z INFO [69/374] 04e6692a-f8ae-4205-9b25-88979f89798e: 65 groups; 1.0 s; peak memory 402 MiB.
2026-09-18T15:20:38Z INFO [70/374] 04e6d7ac-ca1b-464f-8957-c56fc83e2251: 50 groups; 1.5 s; peak memory 402 MiB.
2026-09-18T15:20:39Z INFO [71/374] 04e6e187-cd74-46b9-bac6-5e26a08e226e: 35 groups; 1.2 s; peak memory 402 MiB.
2026-09-18T15:20:40Z INFO [72/374] 04e74583-9aa0-4fff-9189-0859a6150d77: 22 groups; 0.7 s; peak memory 402 MiB.
2026-09-18T15:20:41Z INFO [73/374] 04e7db75-acab-4c26-a3dd-a71c77444991: 336 groups; 0.9 s; peak memory 402 MiB.
2026-09-18T15:20:42Z INFO [74/374] 04e7f16a-6af4-40a0-8ed8-b46396f16fee: 49 groups; 1.0 s; peak memory 402 MiB.
2026-09-18T15:20:42Z INFO [75/374] 04e80725-9f9a-4cf9-9a39-98449bf71d5f: 22 groups; 0.5 s; peak memory 402 MiB.
2026-09-18T15:20:43Z INFO [76/374] 04e836d2-cd54-4065-9e05-5cf7b738d6ef: 17 groups; 0.4 s; peak memory 402 MiB.
2026-09-18T15:20:43Z INFO [77/374] 04ea2377-ec13-4b2f-ad22-5ab4443f0c37: 22 groups; 0.6 s; peak memory 402 MiB.
2026-09-18T15:20:44Z INFO [78/374] 04ea2caa-60ab-405c-a66e-34113f1e3d7c: 30 groups; 0.9 s; peak memory 402 MiB.
2026-09-18T15:20:45Z INFO [79/374] 04eaf3d4-d242-45b6-94fe-a0832889eb03: 33 groups; 0.5 s; peak memory 402 MiB.
2026-09-18T15:20:47Z INFO [80/374] 04eb25f0-0e94-43b9-8a8e-c613b37f5ef7: 98 groups; 2.4 s; peak memory 402 MiB.
2026-09-18T15:20:54Z INFO [81/374] 04ebca63-0d09-481c-8472-e583372cede8: 33 groups; 7.0 s; peak memory 402 MiB.
2026-09-18T15:20:59Z INFO [82/374] 04ec7731-2d22-46c7-8b54-ade4cf81fa5b: 174 groups; 5.6 s; peak memory 402 MiB.
2026-09-18T15:21:01Z INFO [83/374] 04ecc08f-4e3e-4b51-8d22-076b0977a190: 54 groups; 1.7 s; peak memory 402 MiB.
2026-09-18T15:21:02Z INFO [84/374] 04ed14e5-e1b3-4d2a-a588-97c22c07f48b: 32 groups; 0.8 s; peak memory 402 MiB.
2026-09-18T15:21:03Z INFO [85/374] 04ed34f6-8bd8-4518-93ac-a2760da8a530: 203 groups; 0.9 s; peak memory 402 MiB.
2026-09-18T15:21:04Z INFO [86/374] 04ed57cb-260f-450c-8d7c-98ad421799ec: 48 groups; 1.6 s; peak memory 402 MiB.
2026-09-18T15:21:05Z INFO [87/374] 04f100c5-7e1f-49de-b8c2-34821e174a74: 336 groups; 0.9 s; peak memory 402 MiB.
2026-09-18T15:21:06Z INFO [88/374] 04f1dd03-5427-4964-be2e-a537f4ce2e50: 22 groups; 0.6 s; peak memory 402 MiB.
2026-09-18T15:21:07Z INFO [89/374] 04f20083-d3b1-43ee-8624-4f3e91460ef3: 103 groups; 0.7 s; peak memory 402 MiB.
2026-09-18T15:21:13Z INFO [90/374] 04f2d532-29f8-40db-8cd9-d97be248cbbe: 78 groups; 6.4 s; peak memory 402 MiB.
2026-09-18T15:21:16Z INFO [91/374] 04f3b474-cbe3-466b-a02b-9c690c79a378: 73 groups; 3.2 s; peak memory 402 MiB.
2026-09-18T15:21:17Z INFO [92/374] 04f3f0a9-5799-4439-94e1-9f9e309da750: 36 groups; 0.9 s; peak memory 402 MiB.
2026-09-18T15:21:18Z INFO [93/374] 04f58417-ecca-411f-be13-d9bb4b372b08: 35 groups; 1.1 s; peak memory 402 MiB.
2026-09-18T15:21:38Z INFO [94/374] 04f69532-62d9-4aba-b999-8c137390cebf: 1024 groups; 20.2 s; peak memory 402 MiB.
2026-09-18T15:21:42Z INFO [95/374] 04f71112-ab4b-47ea-967b-a5cc48c4592b: 146 groups; 3.9 s; peak memory 402 MiB.
2026-09-18T15:21:43Z INFO [96/374] 04f86dbe-6d4b-4d58-ac58-67ef2e4ddf5e: 16 groups; 0.5 s; peak memory 402 MiB.
2026-09-18T15:21:44Z INFO [97/374] 04f8dbcd-b240-44bf-ab0e-b25f67894097: 33 groups; 0.8 s; peak memory 402 MiB.
2026-09-18T15:21:46Z INFO [98/374] 04f94ce4-97e9-4fb7-a052-92a966da56df: 34 groups; 2.0 s; peak memory 402 MiB.
2026-09-18T15:21:46Z INFO [99/374] 04fae1e9-fa34-4349-a804-6d95cde357f8: 25 groups; 0.5 s; peak memory 402 MiB.
2026-09-18T15:21:47Z INFO [100/374] 04fcac86-918f-46bb-9785-c084492c8b9a: 32 groups; 0.7 s; peak memory 402 MiB.
2026-09-18T15:21:47Z INFO [100/374] 04fcac86-918f-46bb-9785-c084492c8b9a: checkpointed 49252 records.
2026-09-18T15:21:49Z INFO [101/374] 04fcdaae-3990-4615-964c-8ad64ea53bd7: 50 groups; 1.7 s; peak memory 402 MiB.
2026-09-18T15:21:54Z INFO [102/374] 04fd136b-7222-43e3-9408-d79538e49dee: 147 groups; 5.7 s; peak memory 402 MiB.
2026-09-18T15:21:55Z INFO [103/374] 04fd40ac-9429-4f02-b5ba-8377635db041: 22 groups; 0.5 s; peak memory 402 MiB.
2026-09-18T15:21:56Z INFO [104/374] 04fdcc00-e766-4545-b320-721dab9c989e: 22 groups; 0.7 s; peak memory 402 MiB.
2026-09-18T15:22:00Z INFO [105/374] 04ff3d1c-0fbb-4356-a9d0-9252fa79d01d: 240 groups; 4.5 s; peak memory 402 MiB.
2026-09-18T15:22:01Z INFO [106/374] 04ffae92-785b-4aa6-a26c-c0287e4caf0a: 22 groups; 0.7 s; peak memory 402 MiB.
2026-09-18T15:22:08Z INFO [107/374] 04fffa38-3b37-4d6c-8de3-368840f7225e: 248 groups; 6.7 s; peak memory 402 MiB.
2026-09-18T15:22:08Z INFO [108/374] 05001f92-0085-4e4d-b830-f234acd3e73d: 22 groups; 0.6 s; peak memory 402 MiB.
2026-09-18T15:22:10Z INFO [109/374] 05017956-2108-4fc4-a405-c20d9d883c45: 67 groups; 1.6 s; peak memory 402 MiB.
2026-09-18T15:22:14Z INFO [110/374] 0501e906-c202-47b3-ba7c-1df97a77b2f7: 62 groups; 4.7 s; peak memory 402 MiB.
2026-09-18T15:22:19Z INFO [111/374] 050267a9-8330-4f28-8a17-8db7aba456f0: 191 groups; 4.7 s; peak memory 402 MiB.
2026-09-18T15:22:20Z INFO [112/374] 05028253-7a54-4b0b-ab59-2c8fe0fa6ea6: 49 groups; 1.1 s; peak memory 402 MiB.
2026-09-18T15:22:21Z INFO [113/374] 0504e10e-b038-4802-81d2-6a3d67718b59: 203 groups; 0.9 s; peak memory 402 MiB.
2026-09-18T15:22:22Z INFO [114/374] 0504ef12-4cb6-4ca1-8937-6469866a042b: 22 groups; 0.8 s; peak memory 402 MiB.
2026-09-18T15:22:22Z INFO [115/374] 050550e1-a831-45dd-a977-33bf756d994c: 30 groups; 0.6 s; peak memory 402 MiB.
2026-09-18T15:22:23Z INFO [116/374] 0505bd3b-63c8-4008-a5d3-288a3e74ba7e: 22 groups; 0.8 s; peak memory 402 MiB.
2026-09-18T15:22:24Z INFO [117/374] 0507d609-cc26-46ea-a674-ce2ad35cafae: 22 groups; 0.5 s; peak memory 402 MiB.
2026-09-18T15:22:25Z INFO [118/374] 0507d7b0-0ec2-4525-9470-6aaa87d8fdcf: 46 groups; 1.5 s; peak memory 402 MiB.
2026-09-18T15:22:26Z INFO [119/374] 0507e94a-1459-44cf-b181-5e1afe3d5f66: 22 groups; 0.6 s; peak memory 402 MiB.
2026-09-18T15:22:26Z INFO [120/374] 05081903-4c28-4e19-b2b6-46adebe3e3c0: 22 groups; 0.7 s; peak memory 402 MiB.
2026-09-18T15:22:27Z INFO [121/374] 05089a79-0ec8-43ef-919d-538b8cd985a7: 32 groups; 0.7 s; peak memory 402 MiB.
2026-09-18T15:22:28Z INFO [122/374] 050b4e2d-c483-42e1-a84d-14373380562b: 48 groups; 1.1 s; peak memory 402 MiB.
2026-09-18T15:22:29Z INFO [123/374] 050d2356-e146-46ef-8023-d24420dcdf12: 23 groups; 0.7 s; peak memory 402 MiB.
2026-09-18T15:22:30Z INFO [124/374] 050d4416-08a1-493e-b091-0220b46540f3: 54 groups; 1.3 s; peak memory 402 MiB.
2026-09-18T15:22:31Z INFO [125/374] 050e0508-e634-4dc7-9102-6121039a88e8: 32 groups; 0.8 s; peak memory 402 MiB.
2026-09-18T15:22:37Z INFO [126/374] 050ffb22-b1fe-4110-9e76-62595555d2c9: 33 groups; 5.9 s; peak memory 402 MiB.
2026-09-18T15:22:38Z INFO [127/374] 0510ea5f-8bb1-4ddb-baf5-53a9fd0b0334: 22 groups; 0.6 s; peak memory 402 MiB.
2026-09-18T15:22:38Z INFO [128/374] 051256ac-2622-449f-9625-7ea4d684349a: 22 groups; 0.7 s; peak memory 402 MiB.
2026-09-18T15:22:39Z INFO [129/374] 051288c6-590a-490b-9061-2764eb5a4189: 32 groups; 0.7 s; peak memory 402 MiB.
2026-09-18T15:22:40Z INFO [130/374] 0512e21a-5458-4206-92d4-2ce31622622a: 22 groups; 0.7 s; peak memory 402 MiB.
2026-09-18T15:22:40Z INFO [131/374] 0513128f-8da9-4fda-9bf1-09e551d2f532: 22 groups; 0.7 s; peak memory 402 MiB.
2026-09-18T15:22:41Z INFO [132/374] 05136dcf-557a-409d-96db-5a4e20291b1f: 30 groups; 0.6 s; peak memory 402 MiB.
2026-09-18T15:24:14Z INFO [133/374] 0513c38a-3eee-4553-9e27-a50af4138ff9: 77 groups; 93.2 s; peak memory 402 MiB.
2026-09-18T15:24:27Z INFO [134/374] 0513cce0-d56c-4434-a831-fd84da3fad73: 23 groups; 13.2 s; peak memory 402 MiB.
2026-09-18T15:24:30Z INFO [135/374] 05144f3c-8f2b-46ea-9543-eb29dd13be94: 78 groups; 3.1 s; peak memory 402 MiB.
2026-09-18T15:24:31Z INFO [136/374] 0514f007-a890-4e83-b0a5-69b9de319ac3: 202 groups; 0.9 s; peak memory 402 MiB.
2026-09-18T15:24:37Z INFO [137/374] 05156443-e952-4f78-95d6-1234cbc9d0a8: 205 groups; 6.2 s; peak memory 402 MiB.
2026-09-18T15:24:38Z INFO [138/374] 0515698a-ba7f-491c-b7a4-36ac259a247d: 32 groups; 0.6 s; peak memory 402 MiB.
2026-09-18T15:24:39Z INFO [139/374] 05163ed0-c6f2-4e21-8c86-2ce72651b103: 17 groups; 1.4 s; peak memory 402 MiB.
2026-09-18T15:24:40Z INFO [140/374] 05164ea7-da9f-455b-a82c-7a922938d2d8: 32 groups; 0.8 s; peak memory 402 MiB.
2026-09-18T15:24:41Z INFO [141/374] 05179b9d-5a97-4eb5-9768-964b0b8a9d07: 20 groups; 0.7 s; peak memory 402 MiB.
2026-09-18T15:24:41Z INFO [142/374] 0517c7a3-d041-42a4-bf0e-404aae292ed2: 16 groups; 0.5 s; peak memory 402 MiB.
2026-09-18T15:24:42Z INFO [143/374] 0517e2a4-3fef-4792-9028-167e59d43fa4: 33 groups; 0.6 s; peak memory 402 MiB.
2026-09-18T15:24:43Z INFO [144/374] 0518061f-53eb-4891-ad0b-fabfbc05c9ce: 22 groups; 0.7 s; peak memory 402 MiB.
2026-09-18T15:24:43Z INFO [145/374] 05183659-fd91-448a-8c5b-2ed920235cf7: 22 groups; 0.7 s; peak memory 402 MiB.
2026-09-18T15:24:44Z INFO [146/374] 0518f1f4-df62-4a59-8738-41ec0836899e: 16 groups; 0.4 s; peak memory 402 MiB.
2026-09-18T15:24:45Z INFO [147/374] 051987e9-a292-42ab-964b-f0fcfb10ca3a: 35 groups; 0.7 s; peak memory 402 MiB.
2026-09-18T15:24:46Z INFO [148/374] 051a1b67-2995-4226-94c1-cf4715884f40: 207 groups; 1.2 s; peak memory 402 MiB.
2026-09-18T15:24:51Z INFO [149/374] 051a509c-49ff-4665-9275-e9e260e17c10: 199 groups; 4.9 s; peak memory 402 MiB.
2026-09-18T15:24:51Z INFO [150/374] 051b1694-3d04-4e5b-8ce4-c62accf072a3: 22 groups; 0.7 s; peak memory 402 MiB.
2026-09-18T15:24:52Z INFO [150/374] 051b1694-3d04-4e5b-8ce4-c62accf072a3: checkpointed 49302 records.
2026-09-18T15:24:52Z INFO [151/374] 051b1705-46eb-412c-980a-e99eaa22225d: 22 groups; 0.8 s; peak memory 402 MiB.
2026-09-18T15:24:54Z INFO [152/374] 051cc117-2547-4be4-84c3-475570ca9fd2: 46 groups; 1.5 s; peak memory 402 MiB.
2026-09-18T15:24:54Z INFO [153/374] 051d1195-6de3-4853-bf26-4c7b31c06fd5: 22 groups; 0.6 s; peak memory 402 MiB.
2026-09-18T15:24:56Z INFO [154/374] 051db6b5-c7de-4bd8-a393-cc1061454c0c: 17 groups; 1.6 s; peak memory 402 MiB.
2026-09-18T15:24:56Z INFO [155/374] 051f15f8-fe80-4995-9774-8afa607a8fe6: 16 groups; 0.4 s; peak memory 402 MiB.
2026-09-18T15:24:57Z INFO [156/374] 051f3823-9a6d-489c-9d78-8d2da1ca608b: 104 groups; 1.1 s; peak memory 402 MiB.
2026-09-18T15:24:58Z INFO [157/374] 05201abc-afb4-4987-bcf8-c0c03d1e79dd: 32 groups; 0.7 s; peak memory 402 MiB.
2026-09-18T15:24:59Z INFO [158/374] 0520a84b-5634-42a0-b4cb-47bcf1aa2227: 30 groups; 0.5 s; peak memory 402 MiB.
2026-09-18T15:25:03Z INFO [159/374] 0520c2b1-4445-41c6-81db-070b67762bb8: 17 groups; 4.1 s; peak memory 402 MiB.
2026-09-18T15:25:03Z INFO [160/374] 052154f9-dedb-4f88-aa7d-6f3ecc66f44e: 17 groups; 0.5 s; peak memory 402 MiB.
2026-09-18T15:25:04Z INFO [161/374] 0521bb2b-f854-4c9d-9999-6084f184976f: 33 groups; 0.8 s; peak memory 402 MiB.
2026-09-18T15:25:05Z INFO [162/374] 0521fbc4-dd4e-41b7-bad3-dca6c7fcecdb: 71 groups; 1.1 s; peak memory 402 MiB.
2026-09-18T15:25:06Z INFO [163/374] 052213ec-d13d-47b3-a3fa-e0a90c13168e: 30 groups; 0.5 s; peak memory 402 MiB.
2026-09-18T15:25:07Z INFO [164/374] 0522b33d-7075-4f11-802e-77c2cbed9ce6: 48 groups; 1.6 s; peak memory 402 MiB.
2026-09-18T15:25:08Z INFO [165/374] 052319e3-22bb-43f6-bdf6-000c5910d720: 33 groups; 1.1 s; peak memory 402 MiB.
2026-09-18T15:25:09Z INFO [166/374] 05231b9d-5dfa-4d67-a552-1a89b8a18b56: 36 groups; 0.9 s; peak memory 402 MiB.
2026-09-18T15:25:16Z INFO [167/374] 052340f7-5ebc-4172-96e6-8e803c90d685: 230 groups; 6.4 s; peak memory 402 MiB.
2026-09-18T15:25:16Z INFO [168/374] 05239fa2-a564-4f92-a7df-ca5049c362b3: 17 groups; 0.7 s; peak memory 402 MiB.
2026-09-18T15:25:17Z INFO [169/374] 0523d5d1-e906-4e86-aa27-d2637d04dde9: 28 groups; 0.6 s; peak memory 402 MiB.
2026-09-18T15:25:18Z INFO [170/374] 05241971-5896-4444-b214-c0e55d2978a3: 254 groups; 0.7 s; peak memory 402 MiB.
2026-09-18T15:25:20Z INFO [171/374] 05243ff4-f94d-483f-b722-cfcd11fe3df5: 45 groups; 2.3 s; peak memory 402 MiB.
2026-09-18T15:25:20Z INFO [172/374] 05248a2d-f5bc-4f8a-bbfc-35770cec65fa: 32 groups; 0.6 s; peak memory 402 MiB.
2026-09-18T15:25:21Z INFO [173/374] 0524d1fb-8dd1-441f-8de1-4b54ff225c6f: 16 groups; 0.4 s; peak memory 402 MiB.
2026-09-18T15:25:22Z INFO [174/374] 052512fe-e31d-459c-ae39-73d2ff05f82d: 31 groups; 0.8 s; peak memory 402 MiB.
2026-09-18T15:25:22Z INFO [175/374] 052546b7-3b2f-40ee-82f3-f4a3d36c268c: 196 groups; 0.7 s; peak memory 402 MiB.
2026-09-18T15:25:25Z INFO [176/374] 0525811c-61ea-4c29-a3af-55323005658e: 34 groups; 2.2 s; peak memory 402 MiB.
2026-09-18T15:25:26Z INFO [177/374] 0525dbb9-d22d-4e51-a108-34eed0f57f87: 17 groups; 1.2 s; peak memory 402 MiB.
2026-09-18T15:25:26Z INFO [178/374] 052647fd-e28f-44d5-a7c1-8074f22757ab: 26 groups; 0.6 s; peak memory 402 MiB.
2026-09-18T15:25:27Z INFO [179/374] 05264de3-8097-44dc-bd31-e104002edbda: 35 groups; 0.8 s; peak memory 402 MiB.
2026-09-18T15:25:28Z INFO [180/374] 0526a3e7-40c2-41af-8bf5-76ef6ea64e83: 22 groups; 0.6 s; peak memory 402 MiB.
2026-09-18T15:43:12Z INFO [181/374] 0526a42c-d2a3-49bf-98ed-f858a216e6f0: 179 groups; 1064.7 s; peak memory 1102 MiB.
2026-09-18T15:43:13Z INFO [182/374] 0526c308-5dd4-44ee-bd02-ea610ed4965c: 32 groups; 0.8 s; peak memory 1102 MiB.
2026-09-18T15:43:14Z INFO [183/374] 05272907-eac1-4083-b709-f71fb2b4429d: 22 groups; 0.6 s; peak memory 1102 MiB.
2026-09-18T15:43:14Z INFO [184/374] 0527701a-2f59-40a3-908f-7e6cf134dcc9: 26 groups; 0.5 s; peak memory 1102 MiB.
2026-09-18T15:43:16Z INFO [185/374] 0528b3c0-1d48-4ce8-8955-89c9127906c4: 47 groups; 1.6 s; peak memory 1102 MiB.
2026-09-18T15:43:19Z INFO [186/374] 05294673-6cce-4a0f-ae49-94d839dd9be1: 78 groups; 2.9 s; peak memory 1102 MiB.
2026-09-18T15:43:19Z INFO [187/374] 0529820d-d9b4-406d-8272-cdbe86f20be8: 16 groups; 0.4 s; peak memory 1102 MiB.
2026-09-18T15:43:20Z INFO [188/374] 0529b167-b311-4838-9146-2affc1d70758: 32 groups; 0.8 s; peak memory 1102 MiB.
2026-09-18T15:43:21Z INFO [189/374] 052a2e40-d431-4c8f-9f17-34b2c3d2b495: 35 groups; 1.1 s; peak memory 1102 MiB.
2026-09-18T15:43:22Z INFO [190/374] 052a35af-2ecf-4cd8-a080-030515bec6c8: 194 groups; 0.9 s; peak memory 1102 MiB.
2026-09-18T15:43:49Z INFO [191/374] 052acef7-8603-4d12-a7e8-549c8edb94f8: 140 groups; 27.0 s; peak memory 1102 MiB.
2026-09-18T15:43:50Z INFO [192/374] 052ca61b-e2d2-4439-8cb3-5c726cfcc2e8: 26 groups; 0.7 s; peak memory 1102 MiB.
2026-09-18T15:43:50Z INFO [193/374] 052d7264-d393-4418-845e-0eb4b77c4357: 22 groups; 0.7 s; peak memory 1102 MiB.
2026-09-18T15:43:52Z INFO [194/374] 052d7c98-bc6b-442f-b6b4-0d581a717cbc: 61 groups; 1.7 s; peak memory 1102 MiB.
2026-09-18T15:43:53Z INFO [195/374] 052e0351-cf13-4156-b41f-8fd1206866a5: 22 groups; 0.7 s; peak memory 1102 MiB.
2026-09-18T15:43:53Z INFO [196/374] 052ead5a-ce14-41cc-9e89-30451ee32c87: 22 groups; 0.6 s; peak memory 1102 MiB.
2026-09-18T15:43:54Z INFO [197/374] 052f0be5-f546-49b7-af9e-80941a76e589: 16 groups; 0.6 s; peak memory 1102 MiB.
2026-09-18T15:43:55Z INFO [198/374] 052f14e3-dd9e-46ac-a852-0bcce7e0bb84: 32 groups; 0.6 s; peak memory 1102 MiB.
2026-09-18T15:43:55Z INFO [199/374] 052fbc3f-4ce6-4ec8-ace8-b490212687c3: 22 groups; 0.6 s; peak memory 1102 MiB.
2026-09-18T15:43:56Z INFO [200/374] 05301c4c-539b-421a-8be0-102e6fe39d6c: 22 groups; 0.6 s; peak memory 1102 MiB.
2026-09-18T15:43:56Z INFO [200/374] 05301c4c-539b-421a-8be0-102e6fe39d6c: checkpointed 49352 records.
2026-09-18T15:43:57Z INFO [201/374] 05301e4d-6b77-43ac-a8ae-ecfca7a66bd5: 35 groups; 0.7 s; peak memory 1102 MiB.
2026-09-18T15:43:58Z INFO [202/374] 05308207-db13-4831-b969-31455895c2b5: 202 groups; 1.4 s; peak memory 1102 MiB.
2026-09-18T15:43:59Z INFO [203/374] 05318185-0f03-4931-9762-7c8c16b57d9d: 32 groups; 0.9 s; peak memory 1102 MiB.
2026-09-18T15:44:00Z INFO [204/374] 0531a2ba-291b-4607-92fc-23d17a8ea611: 103 groups; 1.0 s; peak memory 1102 MiB.
2026-09-18T15:44:01Z INFO [205/374] 0531f2b6-d871-4cf5-bfa4-8cb4674835e2: 48 groups; 1.4 s; peak memory 1102 MiB.
2026-09-18T15:44:02Z INFO [206/374] 0531fdd0-9e41-4fa9-abfe-6498a6a804f1: 16 groups; 0.5 s; peak memory 1102 MiB.
2026-09-18T15:44:03Z INFO [207/374] 05328b9e-33fa-4484-bd72-10ea83b2bfcf: 32 groups; 0.9 s; peak memory 1102 MiB.
2026-09-18T15:44:03Z INFO [208/374] 0532c216-8987-49bf-af2b-6616ac7fd50d: 22 groups; 0.6 s; peak memory 1102 MiB.
2026-09-18T15:44:04Z INFO [209/374] 0532fa88-4a06-4d1f-82d9-cff8add983ee: 32 groups; 0.9 s; peak memory 1102 MiB.
2026-09-18T15:44:05Z INFO [210/374] 053312d4-a28b-4274-9601-f3fc6662ce44: 255 groups; 0.7 s; peak memory 1102 MiB.
2026-09-18T15:44:05Z INFO [211/374] 05331724-3958-4972-8787-f386d6aac2ca: 16 groups; 0.4 s; peak memory 1102 MiB.
2026-09-18T15:44:06Z INFO [212/374] 05335dcd-bcd5-4f7b-ad42-7bffc834d203: 28 groups; 0.5 s; peak memory 1102 MiB.
2026-09-18T15:44:06Z INFO [213/374] 0533b451-acae-4130-8015-21720ba92705: 22 groups; 0.7 s; peak memory 1102 MiB.
2026-09-18T15:44:07Z INFO [214/374] 0533de9a-b3ca-496b-ad6a-d02e1fb11887: 336 groups; 1.0 s; peak memory 1102 MiB.
2026-09-18T15:44:13Z INFO [215/374] 053447c0-8abf-43ef-ae7e-7f52021beead: 189 groups; 5.3 s; peak memory 1102 MiB.
2026-09-18T15:44:14Z INFO [216/374] 0534842f-40ac-49bd-9ca4-3134bab0c720: 201 groups; 0.8 s; peak memory 1102 MiB.
2026-09-18T15:44:14Z INFO [217/374] 0534931a-a056-4bea-b073-9d28a32ab220: 20 groups; 0.6 s; peak memory 1102 MiB.
2026-09-18T15:44:24Z INFO [218/374] 0534b717-ecca-42f9-9b78-4b921a630c07: 343 groups; 9.8 s; peak memory 1102 MiB.
2026-09-18T15:44:25Z INFO [219/374] 0534d647-b251-4c93-a4b0-7bdacd222888: 22 groups; 0.6 s; peak memory 1102 MiB.
2026-09-18T15:44:26Z INFO [220/374] 0534e10e-a5cb-4a85-88b0-f85277a19f7a: 50 groups; 1.7 s; peak memory 1102 MiB.
2026-09-18T15:44:31Z INFO [221/374] 0535ab9a-b55b-4c56-a725-6a598b27f9dc: 151 groups; 4.5 s; peak memory 1102 MiB.
2026-09-18T15:44:32Z INFO [222/374] 0536bb35-f4ca-4928-a726-995533256bed: 71 groups; 1.7 s; peak memory 1102 MiB.
2026-09-18T15:44:33Z INFO [223/374] 0536f78a-4c24-481f-b0de-a47ddc0e240f: 256 groups; 0.9 s; peak memory 1102 MiB.
2026-09-18T15:44:34Z INFO [224/374] 0536f82f-3a52-4840-a8d2-bd855ef45a68: 22 groups; 0.6 s; peak memory 1102 MiB.
2026-09-18T15:45:07Z INFO [225/374] 0537e742-a2f6-4fee-982d-075f193e8b26: 26 groups; 32.6 s; peak memory 1102 MiB.
2026-09-18T15:45:07Z INFO [226/374] 05385e38-01e3-49b1-b675-ff1cfd1dd57c: 103 groups; 0.8 s; peak memory 1102 MiB.
2026-09-18T15:45:08Z INFO [227/374] 05389890-108a-4f52-bb3d-10945a9c22ca: 22 groups; 0.6 s; peak memory 1102 MiB.
2026-09-18T15:45:14Z INFO [228/374] 0538d570-0c23-4981-b1b8-138227fb5ace: 287 groups; 5.9 s; peak memory 1102 MiB.
2026-09-18T15:45:15Z INFO [229/374] 053a5533-674f-4d37-b15b-f9ff34a57499: 35 groups; 0.7 s; peak memory 1102 MiB.
2026-09-18T15:45:15Z INFO [230/374] 053a66ea-cc4d-4713-8166-9f6f2b00d8c9: 195 groups; 0.9 s; peak memory 1102 MiB.
2026-09-18T15:45:21Z INFO [231/374] 053a6ce2-4775-4330-ab48-52367620034e: 215 groups; 5.5 s; peak memory 1102 MiB.
2026-09-18T15:45:26Z INFO [232/374] 053acf63-2894-4df8-9301-1a477dc0a043: 29 groups; 5.0 s; peak memory 1102 MiB.
2026-09-18T15:45:26Z INFO [233/374] 053af9c8-eb6f-4781-862b-0f2dc4d84706: 22 groups; 0.6 s; peak memory 1102 MiB.
2026-09-18T15:45:30Z INFO [234/374] 053c5f57-b6f5-4222-bccd-b3b6930d8ed0: 57 groups; 3.5 s; peak memory 1102 MiB.
2026-09-18T15:45:38Z INFO [235/374] 053c6b29-e8a9-4f8f-9e89-26ccedef9b80: 208 groups; 7.8 s; peak memory 1102 MiB.
2026-09-18T15:45:39Z INFO [236/374] 053c7815-9c7a-4a00-bee8-59e2e6b9c769: 32 groups; 0.7 s; peak memory 1102 MiB.
2026-09-18T15:45:39Z INFO [237/374] 053d9e74-834f-442d-af7f-86a92f4ca65f: 202 groups; 0.8 s; peak memory 1102 MiB.
2026-09-18T15:45:41Z INFO [238/374] 053dc7d7-c2ac-414b-955b-a79efee0cd85: 50 groups; 1.6 s; peak memory 1102 MiB.
2026-09-18T15:45:42Z INFO [239/374] 053e6ef2-3ebf-49e1-9da3-57ddb77d1990: 22 groups; 0.7 s; peak memory 1102 MiB.
2026-09-18T15:45:42Z INFO [240/374] 053e9ed8-46ca-41e4-9e7c-e5e9de09ebe8: 22 groups; 0.4 s; peak memory 1102 MiB.
2026-09-18T15:45:43Z INFO [241/374] 05400f8a-f2f2-4bda-95e5-16297d6de126: 32 groups; 0.6 s; peak memory 1102 MiB.
2026-09-18T15:45:44Z INFO [242/374] 05402c9f-9b58-45dc-b282-1ef28f4bd8e6: 35 groups; 0.9 s; peak memory 1102 MiB.
2026-09-18T15:45:44Z INFO [243/374] 0540d0a2-af25-4e17-9473-73124b45e55c: 24 groups; 0.6 s; peak memory 1102 MiB.
2026-09-18T15:45:45Z INFO [244/374] 05415d59-84fc-4182-9ea0-18feb7b787d7: 32 groups; 0.7 s; peak memory 1102 MiB.
2026-09-18T15:45:48Z INFO [245/374] 05415e0d-3f85-44d1-9bba-872eec02d63f: 157 groups; 3.4 s; peak memory 1102 MiB.
2026-09-18T15:47:05Z INFO [246/374] 05420548-7fb6-4c5f-92ac-c9abff1ca83d: 60 groups; 76.9 s; peak memory 1102 MiB.
2026-09-18T15:47:06Z INFO [247/374] 05421598-4e27-4717-aad1-49ba56fc2203: 30 groups; 0.5 s; peak memory 1102 MiB.
2026-09-18T15:47:06Z INFO [248/374] 054230ab-9160-4942-92f2-f80573d4cdfe: 32 groups; 0.8 s; peak memory 1102 MiB.
2026-09-18T15:47:07Z INFO [249/374] 05425364-7175-4a4f-b2d6-211aeb84856a: 22 groups; 0.6 s; peak memory 1102 MiB.
2026-09-18T15:47:07Z INFO [250/374] 054417af-0e57-41b0-92d4-3b8668768db0: 28 groups; 0.5 s; peak memory 1102 MiB.
2026-09-18T15:47:08Z INFO [250/374] 054417af-0e57-41b0-92d4-3b8668768db0: checkpointed 49402 records.
2026-09-18T15:47:09Z INFO [251/374] 0544c5fb-e833-401a-8ef2-16d1fcb45cce: 33 groups; 1.0 s; peak memory 1102 MiB.
2026-09-18T15:47:16Z INFO [252/374] 0545f24a-8f1c-45ac-bee3-b69274ec3b20: 88 groups; 7.3 s; peak memory 1102 MiB.
2026-09-18T15:47:21Z INFO [253/374] 0545facd-6940-48d8-8e7c-7ac6ccfba2c9: 238 groups; 5.3 s; peak memory 1102 MiB.
2026-09-18T15:47:28Z INFO [254/374] 054734b4-61fd-4a5f-b87c-5763f75442bc: 22 groups; 7.2 s; peak memory 1102 MiB.
2026-09-18T15:47:29Z INFO [255/374] 054846e7-f298-4c0d-9940-4292f25d045d: 36 groups; 0.8 s; peak memory 1102 MiB.
2026-09-18T15:47:30Z INFO [256/374] 05486d44-a3d7-4ae1-a3de-0d3b1383b95c: 32 groups; 0.7 s; peak memory 1102 MiB.
2026-09-18T15:47:30Z INFO [257/374] 0549f14c-5252-4c9f-ba51-f95bd719fd77: 28 groups; 0.5 s; peak memory 1102 MiB.
2026-09-18T15:47:31Z INFO [258/374] 054a1fa4-294e-4ad2-846e-c1b565146d8e: 31 groups; 0.5 s; peak memory 1102 MiB.
2026-09-18T15:47:31Z INFO [259/374] 054aadf7-5c0a-4bb4-872c-04fa146c88e2: 30 groups; 0.4 s; peak memory 1102 MiB.
2026-09-18T15:47:33Z INFO [260/374] 054b8570-9e11-4728-bb1f-556142d8a73c: 48 groups; 1.4 s; peak memory 1102 MiB.
2026-09-18T15:47:34Z INFO [261/374] 054bab49-330a-4605-9c5a-3984acfbbf05: 49 groups; 1.1 s; peak memory 1102 MiB.
2026-09-18T15:47:38Z INFO [262/374] 054c98c6-a4ad-4051-a558-ea4ef9c543c6: 217 groups; 4.7 s; peak memory 1102 MiB.
2026-09-18T15:47:39Z INFO [263/374] 054c9c41-f4c6-4e23-8203-42817016845e: 22 groups; 0.6 s; peak memory 1102 MiB.
2026-09-18T15:47:44Z INFO [264/374] 054cb21f-f9e2-4e56-a2d5-137493cdbf39: 163 groups; 5.1 s; peak memory 1102 MiB.
2026-09-18T15:47:45Z INFO [265/374] 054e0ed6-d959-44af-a2ba-f29377d6018a: 22 groups; 0.5 s; peak memory 1102 MiB.
2026-09-18T15:47:45Z INFO [266/374] 054e72dc-52e0-4554-95b3-8e05884f557b: 22 groups; 0.6 s; peak memory 1102 MiB.
2026-09-18T15:47:46Z INFO [267/374] 054f455c-ed91-47d5-b88c-814b41809ba8: 22 groups; 0.5 s; peak memory 1102 MiB.
2026-09-18T15:47:48Z INFO [268/374] 054f5566-37a0-4a2d-84d3-74b6a7e04603: 105 groups; 2.4 s; peak memory 1102 MiB.
2026-09-18T15:47:49Z INFO [269/374] 055010a4-892c-4e7f-a705-bbef378b2508: 22 groups; 0.6 s; peak memory 1102 MiB.
2026-09-18T15:47:52Z INFO [270/374] 05501e15-bfc6-4a4f-b291-cefda24f52e6: 34 groups; 2.8 s; peak memory 1102 MiB.
2026-09-18T15:47:55Z INFO [271/374] 0550927a-a423-4ffa-86f8-7fe737acd3ef: 137 groups; 3.4 s; peak memory 1102 MiB.
2026-09-18T15:47:56Z INFO [272/374] 0551ff6c-4f35-4893-a6d9-4aad9f4a8e44: 16 groups; 0.6 s; peak memory 1102 MiB.
2026-09-18T15:47:56Z INFO [273/374] 05527526-39ad-4591-a074-6b4a49bee1c3: 22 groups; 0.8 s; peak memory 1102 MiB.
2026-09-18T15:48:03Z INFO [274/374] 05549015-08b8-447d-b328-a8509d8aaa15: 76 groups; 6.4 s; peak memory 1102 MiB.
2026-09-18T15:48:04Z INFO [275/374] 055517ad-cee8-4c70-b256-3cbfa58f1833: 32 groups; 0.9 s; peak memory 1102 MiB.
2026-09-18T15:48:04Z INFO [276/374] 055561d0-2178-4976-ad61-5439d915cd42: 28 groups; 0.6 s; peak memory 1102 MiB.
2026-09-18T15:48:05Z INFO [277/374] 0555b960-ad44-4221-a70d-d5815edb7b29: 35 groups; 0.7 s; peak memory 1102 MiB.
2026-09-18T15:48:06Z INFO [278/374] 05569217-8dbe-4c77-bb46-d7193266a198: 22 groups; 0.7 s; peak memory 1102 MiB.
2026-09-18T15:48:06Z INFO [279/374] 0557035c-2ef1-4a1f-92bb-32535a25e041: 28 groups; 0.4 s; peak memory 1102 MiB.
2026-09-18T15:48:18Z INFO [280/374] 05579c36-0f7d-40f6-917c-eba444c7b22d: 23 groups; 12.0 s; peak memory 1102 MiB.
2026-09-18T15:48:19Z INFO [281/374] 0557a512-0e70-4a2d-9d54-9bc012533b82: 207 groups; 1.2 s; peak memory 1102 MiB.
2026-09-18T15:48:20Z INFO [282/374] 0557c384-5e5f-4a8c-810d-696a304c8ac5: 36 groups; 0.8 s; peak memory 1102 MiB.
2026-09-18T15:48:21Z INFO [283/374] 0558761e-232e-41ad-89c6-544dd65aeb45: 196 groups; 0.8 s; peak memory 1102 MiB.
2026-09-18T15:48:22Z INFO [284/374] 055914c0-3e1f-4713-88f9-86da4d166fc4: 32 groups; 0.9 s; peak memory 1102 MiB.
2026-09-18T15:48:25Z INFO [285/374] 055935fd-ff6b-43dd-8bb7-6cf0329d7097: 78 groups; 3.0 s; peak memory 1102 MiB.
2026-09-18T15:48:30Z INFO [286/374] 05597d7f-0d39-43d4-9fc7-ab1bdfc5bab0: 274 groups; 5.1 s; peak memory 1102 MiB.
2026-09-18T15:48:31Z INFO [287/374] 055a7acd-757a-4787-b48e-b9e597e90259: 193 groups; 0.8 s; peak memory 1102 MiB.
2026-09-18T15:48:32Z INFO [288/374] 055b9584-ba1d-4ba1-a5ff-4d3f32044e27: 44 groups; 1.5 s; peak memory 1102 MiB.
2026-09-18T15:48:33Z INFO [289/374] 055bf50c-9c4a-4852-8b3c-cf997c78b86d: 35 groups; 0.8 s; peak memory 1102 MiB.
2026-09-18T15:48:34Z INFO [290/374] 055cc73c-ed61-4982-b342-5c862e8102af: 32 groups; 0.8 s; peak memory 1102 MiB.
2026-09-18T15:48:35Z INFO [291/374] 055d1a52-5382-4dcb-aea5-2c4326f56dd1: 36 groups; 1.0 s; peak memory 1102 MiB.
2026-09-18T15:48:36Z INFO [292/374] 055d25ba-e711-4908-b440-2cfe0b213b4b: 35 groups; 1.1 s; peak memory 1102 MiB.
2026-09-18T15:48:37Z INFO [293/374] 055d4513-2689-40fa-ada9-c6af828c4e46: 22 groups; 0.8 s; peak memory 1102 MiB.
2026-09-18T15:48:37Z INFO [294/374] 055d45dd-05a2-4fe6-ae00-b8a677808326: 32 groups; 0.8 s; peak memory 1102 MiB.
2026-09-18T15:48:38Z INFO [295/374] 055dbc00-4816-4846-b6cf-809d861295de: 25 groups; 0.7 s; peak memory 1102 MiB.
2026-09-18T15:48:39Z INFO [296/374] 055eef36-42e3-45fa-8a84-a8cb54ad6820: 35 groups; 1.0 s; peak memory 1102 MiB.
2026-09-18T15:49:58Z INFO [297/374] 055f3d81-a5b3-4f81-b5eb-8ebc297a76d6: 71 groups; 79.1 s; peak memory 1102 MiB.
2026-09-18T15:50:00Z INFO [298/374] 0560c9cd-6f1e-4ffb-8edf-a49075542b21: 73 groups; 1.5 s; peak memory 1102 MiB.
2026-09-18T15:50:01Z INFO [299/374] 0560da8d-d103-4f9c-8dd4-393db2c06f76: 50 groups; 1.7 s; peak memory 1102 MiB.
2026-09-18T15:50:02Z INFO [300/374] 05614d0b-9e92-4cc8-b856-aea020cdccbd: 28 groups; 0.7 s; peak memory 1102 MiB.
2026-09-18T15:50:02Z INFO [300/374] 05614d0b-9e92-4cc8-b856-aea020cdccbd: checkpointed 49452 records.
2026-09-18T15:50:03Z INFO [301/374] 056211f7-b3fa-49a4-8b3b-814e88145c83: 22 groups; 0.7 s; peak memory 1102 MiB.
2026-09-18T15:50:04Z INFO [302/374] 056294e5-2a3c-4bc7-bed4-a96e8a5bc241: 103 groups; 0.9 s; peak memory 1102 MiB.
2026-09-18T15:50:04Z INFO [303/374] 05644636-ec78-4cec-acc2-e4d4992e9ea9: 22 groups; 0.6 s; peak memory 1102 MiB.
2026-09-18T15:50:05Z INFO [304/374] 05647297-e521-4f31-839c-7096e4249871: 22 groups; 0.7 s; peak memory 1102 MiB.
2026-09-18T15:50:06Z INFO [305/374] 0564dc83-63e2-4e56-a08b-607e898f4567: 48 groups; 1.3 s; peak memory 1102 MiB.
2026-09-18T15:50:07Z INFO [306/374] 05655bdf-f9ed-49db-bddb-4e131d6bcb26: 22 groups; 0.6 s; peak memory 1102 MiB.
2026-09-18T15:50:08Z INFO [307/374] 0567bd82-ef9b-43d3-b6c5-15ba2992353f: 32 groups; 1.0 s; peak memory 1102 MiB.
2026-09-18T15:50:09Z INFO [308/374] 0567d98b-bcb7-4215-8d89-50d1e53db260: 35 groups; 1.0 s; peak memory 1102 MiB.
2026-09-18T15:50:11Z INFO [309/374] 056809b9-ec62-4d18-b015-2b8e035992f7: 57 groups; 2.0 s; peak memory 1102 MiB.
2026-09-18T15:50:12Z INFO [310/374] 056825ee-cbba-4b55-8cfa-dfeabdf06bdd: 35 groups; 0.8 s; peak memory 1102 MiB.
2026-09-18T15:50:18Z INFO [311/374] 05686132-b34a-4ad4-8356-465144aeec75: 65 groups; 6.1 s; peak memory 1102 MiB.
2026-09-18T15:50:19Z INFO [312/374] 0568e325-6bdb-4e76-8212-ab8df16ce98b: 202 groups; 0.8 s; peak memory 1102 MiB.
2026-09-18T15:50:19Z INFO [313/374] 056a05c1-4448-4f87-ab11-566663867bb0: 33 groups; 0.8 s; peak memory 1102 MiB.
2026-09-18T15:50:20Z INFO [314/374] 056a5946-98d9-4d9a-9df6-916fc54e586b: 31 groups; 0.5 s; peak memory 1102 MiB.
2026-09-18T15:50:24Z INFO [315/374] 056b5aa8-9d25-495c-a3cf-6785e2da0a90: 53 groups; 3.8 s; peak memory 1102 MiB.
2026-09-18T15:50:25Z INFO [316/374] 056c15ef-0adc-4997-9e27-e7d2ae549a2d: 34 groups; 1.1 s; peak memory 1102 MiB.
2026-09-18T15:50:25Z INFO [317/374] 056c3dbf-f28e-4cc0-a30c-5db22fc0009c: 22 groups; 0.7 s; peak memory 1102 MiB.
2026-09-18T15:50:26Z INFO [318/374] 056c4ccb-9287-42dc-9483-08b60e3855e2: 22 groups; 0.6 s; peak memory 1102 MiB.
2026-09-18T15:50:30Z INFO [319/374] 056df2cd-36f0-437d-a202-f30b722bcbc1: 39 groups; 4.2 s; peak memory 1102 MiB.
2026-09-18T15:50:37Z INFO [320/374] 056e644b-e09d-4912-9025-870ee76736a2: 93 groups; 6.3 s; peak memory 1102 MiB.
2026-09-18T15:50:37Z INFO [321/374] 056e6671-0c0f-47c6-bb74-09fc36a099fb: 202 groups; 0.8 s; peak memory 1102 MiB.
2026-09-18T15:50:38Z INFO [322/374] 056ff396-0538-4821-a673-c83a64aa2ecd: 32 groups; 0.8 s; peak memory 1102 MiB.
2026-09-18T15:50:39Z INFO [323/374] 05701e76-557a-4a67-81ea-0a2ba9cdec2e: 22 groups; 0.6 s; peak memory 1102 MiB.
2026-09-18T15:50:40Z INFO [324/374] 057024b8-6614-4635-bce5-537f9716ac4a: 48 groups; 1.5 s; peak memory 1102 MiB.
2026-09-18T15:50:46Z INFO [325/374] 0570bdd6-07a4-4d01-b691-fb7d45da1efc: 312 groups; 5.4 s; peak memory 1102 MiB.
2026-09-18T15:50:46Z INFO [326/374] 0571649d-77e2-4f92-9ec2-73c8a2e087c9: 31 groups; 0.5 s; peak memory 1102 MiB.
2026-09-18T15:50:47Z INFO [327/374] 05732c5b-cb1a-4ef9-a1b5-2677ca1838fd: 32 groups; 0.8 s; peak memory 1102 MiB.
2026-09-18T15:50:47Z INFO [328/374] 0573a8c0-20ae-4620-99e9-bc533b672b4c: 252 groups; 0.7 s; peak memory 1102 MiB.
2026-09-18T15:50:49Z INFO [329/374] 05759489-63c1-4481-aada-c3feb9d7d731: 48 groups; 1.5 s; peak memory 1102 MiB.
2026-09-18T15:50:50Z INFO [330/374] 0575d059-131c-4636-bf02-b65eb0c9a4eb: 32 groups; 0.6 s; peak memory 1102 MiB.
2026-09-18T15:51:07Z INFO [331/374] 0576f568-49d3-45af-8863-336319c84cc0: 3655 groups; 17.5 s; peak memory 1102 MiB.
2026-09-18T15:51:08Z INFO [332/374] 05792a93-0c37-49c8-9e66-adf589a6a0e6: 22 groups; 0.6 s; peak memory 1102 MiB.
2026-09-18T15:51:08Z INFO [333/374] 057a97e0-16bf-4036-9111-e290ea134069: 22 groups; 0.6 s; peak memory 1102 MiB.
2026-09-18T15:51:09Z INFO [334/374] 057b2450-4b5e-400e-99f1-2c322b629893: 199 groups; 1.0 s; peak memory 1102 MiB.
2026-09-18T15:51:10Z INFO [335/374] 057b8aa0-5679-4e52-9170-7042245daa30: 16 groups; 0.5 s; peak memory 1102 MiB.
2026-09-18T15:51:16Z INFO [336/374] 057bde3c-fef0-49bc-ac5c-92683e1a2d11: 50 groups; 5.9 s; peak memory 1102 MiB.
2026-09-18T15:51:16Z INFO [337/374] 057bdf78-6f7b-4f14-a200-3cacdacb5b09: 35 groups; 0.8 s; peak memory 1102 MiB.
2026-09-18T15:51:19Z INFO [338/374] 057c7728-919e-47d9-acb6-cfbd2ff638bb: 146 groups; 2.8 s; peak memory 1102 MiB.
2026-09-18T15:51:23Z INFO [339/374] 057cb869-8390-4324-be23-f065ca410fe1: 181 groups; 3.4 s; peak memory 1102 MiB.
2026-09-18T15:51:24Z INFO [340/374] 057cfffb-2188-4823-bbee-0492ceb3dd59: 48 groups; 1.7 s; peak memory 1102 MiB.
2026-09-18T15:51:25Z INFO [341/374] 057d7abe-0353-4768-b600-3a6c8698a666: 22 groups; 0.7 s; peak memory 1102 MiB.
2026-09-18T15:51:27Z INFO [342/374] 057e213b-f570-4f3b-83ca-f946d750ae97: 48 groups; 1.7 s; peak memory 1102 MiB.
2026-09-18T15:51:27Z INFO [343/374] 057e59e9-0043-4b98-8c16-8ebdbdb05a1d: 32 groups; 0.8 s; peak memory 1102 MiB.
2026-09-18T15:51:28Z INFO [344/374] 057e7e7a-f9e7-4010-9bc7-0fec7bb97688: 32 groups; 0.8 s; peak memory 1102 MiB.
2026-09-18T16:00:55Z INFO [345/374] 057ecbef-e732-4e94-8d99-40ebb74d346e: 36 groups; 566.5 s; peak memory 1188 MiB.
2026-09-18T16:00:55Z INFO [346/374] 057f56a7-90a1-4178-a0de-3d147388637c: 31 groups; 0.7 s; peak memory 1188 MiB.
2026-09-18T16:00:57Z INFO [347/374] 0580fb41-c8c6-4452-bb0f-3702435134c0: 71 groups; 1.7 s; peak memory 1188 MiB.
2026-09-18T16:00:58Z INFO [348/374] 05818344-8212-44d1-8b1d-62456155c14f: 71 groups; 0.6 s; peak memory 1188 MiB.
2026-09-18T16:00:59Z INFO [349/374] 0581873f-fca0-4e71-b392-c146f60794fc: 33 groups; 0.9 s; peak memory 1188 MiB.
2026-09-18T16:00:59Z INFO [350/374] 05819595-8374-4286-b122-90e2791ebfe1: 35 groups; 0.8 s; peak memory 1188 MiB.
2026-09-18T16:01:00Z INFO [350/374] 05819595-8374-4286-b122-90e2791ebfe1: checkpointed 49502 records.
2026-09-18T16:01:01Z INFO [351/374] 0581e7ed-0e81-4bf3-bcdc-39e1751f39f5: 35 groups; 1.0 s; peak memory 1188 MiB.
2026-09-18T16:01:02Z INFO [352/374] 05826abe-5555-47b9-b2dc-b5627918814c: 48 groups; 1.2 s; peak memory 1188 MiB.
2026-09-18T16:01:03Z INFO [353/374] 0582a0a5-e610-4eea-90bb-1ef70d141ba0: 252 groups; 0.8 s; peak memory 1188 MiB.
2026-09-18T16:01:06Z INFO [354/374] 0582cbf7-b1b4-479b-92d8-734da6422199: 45 groups; 3.2 s; peak memory 1188 MiB.
2026-09-18T16:09:11Z INFO [355/374] 0582e94c-190b-46c7-bae4-28c684f396ff: 75 groups; 485.3 s; peak memory 1188 MiB.
2026-09-18T16:09:12Z INFO [356/374] 058301bd-c1a2-480f-84a2-68a79d11c888: 22 groups; 0.7 s; peak memory 1188 MiB.
2026-09-18T16:09:14Z INFO [357/374] 058401ea-8ccc-42d3-abb9-04cd2491b983: 46 groups; 1.9 s; peak memory 1188 MiB.
2026-09-18T16:09:16Z INFO [358/374] 0585cd4c-127a-4441-957a-a3c969fe839d: 50 groups; 2.1 s; peak memory 1188 MiB.
2026-09-18T16:09:17Z INFO [359/374] 0585f615-24c5-46f3-96dd-fc05efe1d017: 33 groups; 1.0 s; peak memory 1188 MiB.
2026-09-18T16:09:18Z INFO [360/374] 058687dc-03d8-4421-b47a-69ddcacdfb82: 573 groups; 1.1 s; peak memory 1188 MiB.
2026-09-18T16:09:19Z INFO [361/374] 0586d394-b7f0-47d8-89fb-a70d0e010d82: 200 groups; 1.2 s; peak memory 1188 MiB.
2026-09-18T16:09:20Z INFO [362/374] 0586e108-ae17-4137-8a8e-c9a82fb29735: 22 groups; 0.6 s; peak memory 1188 MiB.
2026-09-18T16:09:20Z INFO [363/374] 05879be5-9b2b-4e0b-87e7-2f4b9a3a8e14: 26 groups; 0.7 s; peak memory 1188 MiB.
2026-09-18T16:09:29Z INFO [364/374] 058a23fb-fc17-49fa-82cf-ca3975f38960: 18 groups; 8.4 s; peak memory 1188 MiB.
2026-09-18T16:09:36Z INFO [365/374] 058a85fa-46ad-4c5c-9ac5-8fd48fc40cf9: 22 groups; 7.2 s; peak memory 1188 MiB.
2026-09-18T16:09:37Z INFO [366/374] 058b52e5-37f6-48a0-9225-37322a6e770d: 29 groups; 0.9 s; peak memory 1188 MiB.
2026-09-18T16:09:38Z INFO [367/374] 058b6ddb-08a5-45c6-8334-d49446e7eb03: 207 groups; 0.9 s; peak memory 1188 MiB.
2026-09-18T16:09:41Z INFO [368/374] 058c0235-e6c0-4d77-8f97-5e0d22ff508f: 78 groups; 2.8 s; peak memory 1188 MiB.
2026-09-18T16:09:44Z INFO [369/374] 058c5e60-fc23-4caf-9c7d-59a189d6dab5: 66 groups; 3.5 s; peak memory 1188 MiB.
2026-09-18T16:09:45Z INFO [370/374] 058c8640-026b-4d51-9391-25efac3c7c97: 30 groups; 0.6 s; peak memory 1188 MiB.
2026-09-18T16:09:46Z INFO [371/374] 058cd34e-2fb5-42cb-b70b-59fa4a8ae5b7: 48 groups; 1.2 s; peak memory 1188 MiB.
2026-09-18T16:09:47Z INFO [372/374] 058d855c-8d5f-45f6-830b-480d451d5b83: 22 groups; 0.7 s; peak memory 1188 MiB.
2026-09-18T16:09:48Z INFO [373/374] 058f0b11-b9be-4f63-bebe-3870c515b388: 199 groups; 1.0 s; peak memory 1188 MiB.
2026-09-18T16:09:51Z INFO [374/374] 058f5c26-c13c-4f40-8a5a-e01227def5d0: 85 groups; 3.9 s; peak memory 1188 MiB.
2026-09-18T16:09:52Z INFO Wrote 49526 records to /tmp/derivatives/valid_nwb_file_to_number_of_groups.jsonl (374 new, 0 failed) in 54.6 min (peak memory 1188 MiB).
