2026-09-21T21:17:01Z INFO Logging to /tmp/logs/update_2026-09-21T21-17-01Z.log.
2026-09-21T21:17:01Z INFO Update valid-nwb-file-to-number-of-groups (base directory /tmp).
2026-09-21T21:17:01Z INFO Processing 356 items (52866 already recorded).
2026-09-21T21:17:02Z INFO [1/356] 0c83f718-2af5-4943-9ed6-4fa50b7ace14: 31 groups; 1.3 s; peak memory 99 MiB.
2026-09-21T21:17:05Z INFO [2/356] 0c8427fa-1b57-4f71-8fb4-aa7cc45ceb01: 48 groups; 2.8 s; peak memory 102 MiB.
2026-09-21T21:17:07Z INFO [3/356] 0c844f18-c189-4991-8439-e55942bd52be: 206 groups; 1.7 s; peak memory 102 MiB.
2026-09-21T21:17:08Z INFO [4/356] 0c8459e6-4109-4d57-b5c3-64fba140fab7: 18 groups; 1.2 s; peak memory 102 MiB.
2026-09-21T21:17:09Z INFO [5/356] 0c84cf1e-9c0f-444f-9bc1-347150dda800: 32 groups; 1.4 s; peak memory 105 MiB.
2026-09-21T21:17:12Z INFO [6/356] 0c854ba5-09a2-4c5a-bc58-413036720859: 48 groups; 2.7 s; peak memory 106 MiB.
2026-09-21T21:17:14Z INFO [7/356] 0c86349f-887a-424a-8ba5-7829815a85aa: 35 groups; 2.0 s; peak memory 107 MiB.
2026-09-21T21:17:34Z INFO [8/356] 0c86755b-87f6-4518-9601-f4e329d59218: 227 groups; 20.2 s; peak memory 157 MiB.
2026-09-21T21:17:36Z INFO [9/356] 0c86e473-9c4b-4fbf-9acd-58fc1348657a: 48 groups; 2.1 s; peak memory 157 MiB.
2026-09-21T21:17:38Z INFO [10/356] 0c875f1f-5618-4f2d-afe0-a269189dc0bc: 195 groups; 1.6 s; peak memory 157 MiB.
2026-09-21T21:17:39Z INFO [11/356] 0c882275-f543-4aea-93e9-9ab41b8200e0: 35 groups; 1.4 s; peak memory 157 MiB.
2026-09-21T21:17:41Z INFO [12/356] 0c88fcf2-7a15-494f-9081-75dfab4547bb: 35 groups; 1.4 s; peak memory 157 MiB.
2026-09-21T21:17:42Z INFO [13/356] 0c894799-e5a1-4add-8ab1-0a5bd3f8dc9a: 22 groups; 1.1 s; peak memory 157 MiB.
2026-09-21T21:17:43Z INFO [14/356] 0c899809-a85b-432b-97b5-651525cc83c5: 22 groups; 1.1 s; peak memory 157 MiB.
2026-09-21T21:17:44Z INFO [15/356] 0c8b097d-0e80-4d09-b1f6-cdd3f7f98684: 75 groups; 1.4 s; peak memory 157 MiB.
2026-09-21T21:17:46Z INFO [16/356] 0c8b3d92-3091-4d3b-af1b-71d784e97e81: 32 groups; 1.4 s; peak memory 157 MiB.
2026-09-21T21:17:52Z INFO [17/356] 0c8b486f-53ad-4ece-8bd1-074dcae05272: 34 groups; 6.2 s; peak memory 157 MiB.
2026-09-21T21:17:53Z INFO [18/356] 0c8c083f-82c1-4b7c-8d4b-02bc2e7e679b: 35 groups; 1.5 s; peak memory 158 MiB.
2026-09-21T21:17:55Z INFO [19/356] 0c8c78fe-9070-4675-bbae-9b08ad8756f4: 36 groups; 2.1 s; peak memory 158 MiB.
2026-09-21T21:17:58Z INFO [20/356] 0c8e2699-c4b3-46c8-a389-c9e561a4eea1: 17 groups; 2.3 s; peak memory 158 MiB.
2026-09-21T21:18:08Z INFO [21/356] 0c8e8251-4bf6-49c5-b51c-26afed14fffe: 186 groups; 10.1 s; peak memory 159 MiB.
2026-09-21T21:18:22Z INFO [22/356] 0c8fb1d1-6217-4860-b7f2-49d94a6b09da: 18 groups; 14.0 s; peak memory 159 MiB.
2026-09-21T21:18:23Z INFO [23/356] 0c90815c-0753-48be-b290-065652c7a860: 33 groups; 1.2 s; peak memory 159 MiB.
2026-09-21T21:18:25Z INFO [24/356] 0c90c21e-d656-46b9-96df-ab2838e55e1c: 207 groups; 1.8 s; peak memory 159 MiB.
2026-09-21T21:18:26Z INFO [25/356] 0c90c912-80b6-4272-ab77-db9197656c73: 32 groups; 1.5 s; peak memory 159 MiB.
2026-09-21T21:19:16Z INFO [26/356] 0c90dc14-a18e-433b-9845-63a910891862: 26 groups; 49.7 s; peak memory 212 MiB.
2026-09-21T21:19:17Z INFO [27/356] 0c915dcd-c880-4b64-b8f6-6c7300948dfa: 36 groups; 1.4 s; peak memory 212 MiB.
2026-09-21T21:19:29Z INFO [28/356] 0c915e9d-d655-4a73-9473-3d297e169ac1: 324 groups; 11.4 s; peak memory 212 MiB.
2026-09-21T21:19:31Z INFO [29/356] 0c918999-95d0-4466-94ba-2cfde8d6bc1b: 48 groups; 2.6 s; peak memory 212 MiB.
2026-09-21T21:19:34Z INFO [30/356] 0c922276-7be6-41b7-9ebb-60681c97732b: 48 groups; 2.6 s; peak memory 212 MiB.
2026-09-21T21:19:40Z INFO [31/356] 0c92a3c7-b974-4012-ad31-9f136539c177: 122 groups; 6.1 s; peak memory 212 MiB.
2026-09-21T21:19:54Z INFO [32/356] 0c934369-5ad3-47e9-b15f-e865eceb9da1: 382 groups; 13.6 s; peak memory 212 MiB.
2026-09-21T21:20:01Z INFO [33/356] 0c93681a-bcac-4fbe-becd-1b61a83b21cc: 154 groups; 6.9 s; peak memory 212 MiB.
2026-09-21T21:20:02Z INFO [34/356] 0c93a211-ec70-42ce-96da-644f683e409f: 252 groups; 1.4 s; peak memory 212 MiB.
2026-09-21T21:20:03Z INFO [35/356] 0c93bfab-18df-43e7-868c-fb942541d398: 22 groups; 1.0 s; peak memory 212 MiB.
2026-09-21T21:20:04Z INFO [36/356] 0c93ddab-09c4-45b9-8921-a3658e1ea5f3: 18 groups; 1.2 s; peak memory 212 MiB.
2026-09-21T21:20:06Z INFO [37/356] 0c94bc20-9d80-43cf-b394-f1925c7deaa7: 32 groups; 1.4 s; peak memory 212 MiB.
2026-09-21T21:20:06Z INFO [38/356] 0c94ee17-4b89-4b7c-90c0-7bd88c2c6af5: 22 groups; 0.8 s; peak memory 212 MiB.
2026-09-21T21:20:08Z INFO [39/356] 0c96447d-5597-4880-ad2f-1d7b31485290: 22 groups; 1.1 s; peak memory 212 MiB.
2026-09-21T21:20:09Z INFO [40/356] 0c9665b6-4d4f-4741-b058-0553b11ddfb1: 35 groups; 1.7 s; peak memory 212 MiB.
2026-09-21T21:20:10Z INFO [41/356] 0c96bf7d-c763-4601-bc5d-01c4b3ef101a: 27 groups; 1.0 s; peak memory 212 MiB.
2026-09-21T21:20:12Z INFO [42/356] 0c96ea05-15c3-4387-b5d9-735c04689f40: 32 groups; 1.3 s; peak memory 212 MiB.
2026-09-21T21:20:12Z INFO [43/356] 0c975e47-fdf6-4ae6-8011-59f1445a8cca: 29 groups; 1.0 s; peak memory 212 MiB.
2026-09-21T21:20:14Z INFO [44/356] 0c97d371-ec3f-4a9c-a433-c2fd88ad6068: 22 groups; 1.1 s; peak memory 212 MiB.
2026-09-21T21:20:15Z INFO [45/356] 0c992412-8d38-413e-981a-bb7daf8ea8e4: 17 groups; 1.0 s; peak memory 212 MiB.
2026-09-21T21:21:01Z INFO [46/356] 0c99a0b4-003a-4b91-ac0a-bda9d63d6e92: 157 groups; 46.6 s; peak memory 212 MiB.
2026-09-21T21:21:02Z INFO [47/356] 0c99acec-19ba-4394-83b8-0b913038d95d: 35 groups; 1.2 s; peak memory 212 MiB.
2026-09-21T21:21:04Z INFO [48/356] 0c9a0559-758d-4705-b2d9-831caf3e22c2: 48 groups; 2.0 s; peak memory 212 MiB.
2026-09-21T21:21:05Z INFO [49/356] 0c9b3800-ac4e-4341-addb-7a92573a2b21: 16 groups; 0.8 s; peak memory 212 MiB.
2026-09-21T21:21:07Z INFO [50/356] 0c9b9e53-44d5-4a91-98ac-91d648b0163c: 195 groups; 1.4 s; peak memory 212 MiB.
2026-09-21T21:21:07Z INFO [50/356] 0c9b9e53-44d5-4a91-98ac-91d648b0163c: checkpointed 52916 records.
2026-09-21T21:21:08Z INFO [51/356] 0c9c8dde-fa17-4a78-8cda-c1b7df8779de: 195 groups; 1.7 s; peak memory 212 MiB.
2026-09-21T21:21:10Z INFO [52/356] 0c9d001e-c43d-45c7-b6fe-d1af429a52a4: 207 groups; 1.6 s; peak memory 212 MiB.
2026-09-21T21:21:11Z INFO [53/356] 0c9d1ef4-f138-43f9-abc7-494438ecc23d: 25 groups; 1.4 s; peak memory 212 MiB.
2026-09-21T21:21:12Z INFO [54/356] 0c9d9838-b9c7-46f0-8575-130e736964a0: 22 groups; 1.0 s; peak memory 212 MiB.
2026-09-21T21:21:13Z INFO [55/356] 0c9e5114-b5e3-4a99-ba2d-5c3aba49be2e: 33 groups; 1.1 s; peak memory 212 MiB.
2026-09-21T21:21:15Z INFO [56/356] 0c9e8607-8d70-46da-aa33-116ed04e5af7: 22 groups; 1.2 s; peak memory 212 MiB.
2026-09-21T21:21:16Z INFO [57/356] 0c9ed46f-7820-4c98-bc18-249a1bc5651b: 17 groups; 0.9 s; peak memory 212 MiB.
2026-09-21T21:21:17Z INFO [58/356] 0c9efdd2-12a5-4500-8a9d-a8365efac770: 33 groups; 1.6 s; peak memory 212 MiB.
2026-09-21T21:21:18Z INFO [59/356] 0c9f1c15-311d-411d-8f2b-bb1bb79941b3: 29 groups; 1.0 s; peak memory 212 MiB.
2026-09-21T21:21:19Z INFO [60/356] 0c9f1e96-ed7b-44a5-b2a3-7a1f2977bd5d: 99 groups; 1.2 s; peak memory 212 MiB.
2026-09-21T21:21:21Z INFO [61/356] 0ca13239-b128-459e-887c-cfb6a615a7f8: 22 groups; 1.1 s; peak memory 212 MiB.
2026-09-21T21:21:22Z INFO [62/356] 0ca1af61-a340-470b-af55-f682ab89c4f9: 30 groups; 1.1 s; peak memory 212 MiB.
2026-09-21T21:21:23Z INFO [63/356] 0ca2789d-d620-4874-afaa-ea7928aafe8c: 17 groups; 1.7 s; peak memory 212 MiB.
2026-09-21T21:21:36Z INFO [64/356] 0ca2aae7-becb-4500-9745-bcfbba902c5e: 228 groups; 12.6 s; peak memory 212 MiB.
2026-09-21T21:21:37Z INFO [65/356] 0ca30142-13c5-4aa0-8588-7212ff6ba0a4: 22 groups; 0.9 s; peak memory 212 MiB.
2026-09-21T21:21:43Z INFO [66/356] 0ca44c75-0ffa-4795-a239-5faf26c3276c: 66 groups; 5.9 s; peak memory 212 MiB.
2026-09-21T21:21:44Z INFO [67/356] 0ca478d2-3906-4172-8c06-d7691e51a7ee: 337 groups; 1.7 s; peak memory 212 MiB.
2026-09-21T21:22:02Z INFO [68/356] 0ca489dc-8c49-4444-a3ca-5298b181c683: 277 groups; 17.9 s; peak memory 212 MiB.
2026-09-21T21:22:03Z INFO [69/356] 0ca583e0-5190-4d42-b56b-79a77480d764: 17 groups; 0.9 s; peak memory 212 MiB.
2026-09-21T21:22:04Z INFO [70/356] 0ca5d8b2-d4cb-4372-81be-b3976818ef64: 16 groups; 0.9 s; peak memory 212 MiB.
2026-09-21T21:22:05Z INFO [71/356] 0ca66fab-77c9-434c-bcbb-088dc4618c90: 22 groups; 1.0 s; peak memory 212 MiB.
2026-09-21T21:22:06Z INFO [72/356] 0ca6803e-c0a6-49f8-b5fc-a1820abce9e5: 22 groups; 1.0 s; peak memory 212 MiB.
2026-09-21T21:22:07Z INFO [73/356] 0ca6a9b7-e2da-4fbb-ac9f-82e7df213443: 22 groups; 1.0 s; peak memory 212 MiB.
2026-09-21T21:22:08Z INFO [74/356] 0ca6af8a-dcaf-4580-9127-0b712b8a88df: 32 groups; 1.3 s; peak memory 212 MiB.
2026-09-21T21:22:14Z INFO [75/356] 0ca7df4c-e21f-4188-b3bc-b2e2e8cb3115: 112 groups; 5.2 s; peak memory 212 MiB.
2026-09-21T21:22:15Z INFO [76/356] 0ca7f883-3a3f-4087-8d0c-029c8e98ee37: 35 groups; 1.7 s; peak memory 212 MiB.
2026-09-21T21:22:17Z INFO [77/356] 0ca913fd-c6ca-4142-9eb9-82537e4f7303: 195 groups; 1.5 s; peak memory 212 MiB.
2026-09-21T21:22:18Z INFO [78/356] 0caaa06c-58fa-47ee-810e-65e09c85ab2c: 16 groups; 0.8 s; peak memory 212 MiB.
2026-09-21T21:22:19Z INFO [79/356] 0caae806-5d7e-4b81-873c-dc23cd2381e9: 22 groups; 0.9 s; peak memory 212 MiB.
2026-09-21T21:22:20Z INFO [80/356] 0caaedce-7696-4563-815d-7ba5b0a35c95: 22 groups; 1.1 s; peak memory 212 MiB.
2026-09-21T21:22:29Z INFO [81/356] 0cab1578-d520-433a-9dac-acee68dfb0d9: 216 groups; 9.1 s; peak memory 212 MiB.
2026-09-21T21:22:30Z INFO [82/356] 0cab82fe-9bf6-4b97-b7f7-e35fa3ef5b87: 18 groups; 1.0 s; peak memory 212 MiB.
2026-09-21T21:22:31Z INFO [83/356] 0cac9995-0d51-4763-a046-6303bb40dd44: 32 groups; 1.5 s; peak memory 212 MiB.
2026-09-21T21:22:34Z INFO [84/356] 0cad0f68-5304-48c7-a7f6-b0adaf66e41a: 47 groups; 2.4 s; peak memory 212 MiB.
2026-09-21T21:22:35Z INFO [85/356] 0cade163-c2e0-4ca1-88f9-a802b803a264: 32 groups; 1.4 s; peak memory 212 MiB.
2026-09-21T21:22:36Z INFO [86/356] 0cae0a41-48a4-4b84-8d3e-2d6aa23b8e87: 33 groups; 1.4 s; peak memory 212 MiB.
2026-09-21T21:22:39Z INFO [87/356] 0cae139a-b658-4048-9c44-98ea5240dab7: 46 groups; 2.6 s; peak memory 212 MiB.
2026-09-21T21:22:40Z INFO [88/356] 0caf61c8-aee5-4c1d-a648-e5354ca63bac: 32 groups; 1.2 s; peak memory 212 MiB.
2026-09-21T21:22:41Z INFO [89/356] 0caf94e2-05da-496d-b092-5a1d5dd00ab7: 32 groups; 1.1 s; peak memory 212 MiB.
2026-09-21T21:22:43Z INFO [90/356] 0cafd369-2eef-4504-b25c-0471ffc114c9: 32 groups; 1.3 s; peak memory 212 MiB.
2026-09-21T21:22:45Z INFO [91/356] 0cafe0d3-4359-4090-b642-b20aaac01c94: 48 groups; 2.3 s; peak memory 212 MiB.
2026-09-21T21:22:46Z INFO [92/356] 0cb0ce39-d72b-4704-9f88-bc66a5c7c731: 22 groups; 1.0 s; peak memory 212 MiB.
2026-09-21T21:22:48Z INFO [93/356] 0cb1add9-a132-41d2-b51a-994a6d21ff8c: 206 groups; 1.9 s; peak memory 212 MiB.
2026-09-21T21:22:49Z INFO [94/356] 0cb296af-b97f-457b-a243-a267148fd4ea: 22 groups; 1.1 s; peak memory 212 MiB.
2026-09-21T21:22:50Z INFO [95/356] 0cb3f9b5-0c65-4228-b6b3-cfc3fdbb4a4b: 22 groups; 1.0 s; peak memory 212 MiB.
2026-09-21T21:22:51Z INFO [96/356] 0cb48758-35c9-4f76-b675-40c9580f7d64: 194 groups; 1.5 s; peak memory 212 MiB.
2026-09-21T21:22:52Z INFO [97/356] 0cb50ad4-a246-4121-8dac-9cc1160b4023: 22 groups; 1.1 s; peak memory 212 MiB.
2026-09-21T21:22:53Z INFO [98/356] 0cb6018c-007a-40dd-b5de-fd0117ac3299: 22 groups; 1.0 s; peak memory 212 MiB.
2026-09-21T21:22:55Z INFO [99/356] 0cb61ed4-f561-4f93-b14c-432de49e6619: 54 groups; 2.0 s; peak memory 212 MiB.
2026-09-21T21:22:57Z INFO [100/356] 0cb78b9e-5a60-4a42-856a-c1470d38ea91: 251 groups; 1.2 s; peak memory 212 MiB.
2026-09-21T21:22:57Z INFO [100/356] 0cb78b9e-5a60-4a42-856a-c1470d38ea91: checkpointed 52966 records.
2026-09-21T21:22:59Z INFO [101/356] 0cb7ccaf-7c74-414b-ae72-4e1d8f9e04c1: 108 groups; 1.7 s; peak memory 212 MiB.
2026-09-21T21:23:00Z INFO [102/356] 0cb9539b-06dc-4fa1-99b6-5335e8cbf0cf: 32 groups; 1.4 s; peak memory 212 MiB.
2026-09-21T21:23:02Z INFO [103/356] 0cb99df3-ef1d-43a4-87f8-e75ce0b815ae: 202 groups; 1.7 s; peak memory 212 MiB.
2026-09-21T21:23:03Z INFO [104/356] 0cb9c43a-6610-4101-9bcb-a221055dd28e: 17 groups; 1.0 s; peak memory 212 MiB.
2026-09-21T21:23:04Z INFO [105/356] 0cba574d-cd88-46e7-aa14-08adf4e88878: 35 groups; 1.7 s; peak memory 212 MiB.
2026-09-21T21:23:06Z INFO [106/356] 0cba6224-5ca0-4e75-940a-6a3fc72d3f5c: 35 groups; 1.4 s; peak memory 212 MiB.
2026-09-21T21:23:07Z INFO [107/356] 0cbae780-a8b5-4caf-afa0-460218e004ba: 336 groups; 1.9 s; peak memory 212 MiB.
2026-09-21T21:23:22Z INFO [108/356] 0cbb05ef-ac17-47d0-bd80-43e32d51800c: 23 groups; 15.0 s; peak memory 212 MiB.
2026-09-21T21:23:37Z INFO [109/356] 0cbb3125-fc72-4a6a-999f-73818b3d07e7: 17 groups; 14.3 s; peak memory 212 MiB.
2026-09-21T21:23:38Z INFO [110/356] 0cbb777a-a217-4422-8ce6-e97b1743e300: 26 groups; 1.5 s; peak memory 212 MiB.
2026-09-21T21:23:39Z INFO [111/356] 0cbbd328-4a05-41c6-a388-23bee34ae855: 19 groups; 1.1 s; peak memory 212 MiB.
2026-09-21T21:23:40Z INFO [112/356] 0cbcc93b-6413-42a4-9ff2-192db81e59a9: 32 groups; 1.2 s; peak memory 212 MiB.
2026-09-21T21:23:42Z INFO [113/356] 0cbd268d-e2ff-4919-ab28-aafde7e83f56: 336 groups; 1.8 s; peak memory 212 MiB.
2026-09-21T21:23:44Z INFO [114/356] 0cbdeb16-eafa-4fdf-9dda-3bd5892a04ba: 32 groups; 1.4 s; peak memory 212 MiB.
2026-09-21T21:23:46Z INFO [115/356] 0cbe9f74-495d-46a9-b6dd-afe7e8a46450: 17 groups; 2.2 s; peak memory 212 MiB.
2026-09-21T21:23:47Z INFO [116/356] 0cbefd5a-2284-4167-b2cd-bfd7aa5066a7: 35 groups; 1.7 s; peak memory 212 MiB.
2026-09-21T21:23:49Z INFO [117/356] 0cbf0247-8612-47d2-b9e1-ab0d7b03361e: 32 groups; 1.3 s; peak memory 212 MiB.
2026-09-21T21:23:50Z INFO [118/356] 0cbf33c8-0d31-4587-aa4d-6adc96eefc82: 16 groups; 1.0 s; peak memory 212 MiB.
2026-09-21T21:23:52Z INFO [119/356] 0cbfe541-294f-42e4-b142-b41b61d90ed8: 199 groups; 2.0 s; peak memory 212 MiB.
2026-09-21T21:23:55Z INFO [120/356] 0cc0b6b8-856b-4f8b-aa67-71f7f3e3a109: 49 groups; 3.3 s; peak memory 212 MiB.
2026-09-21T21:23:56Z INFO [121/356] 0cc0bc15-41f5-4fcf-aa44-ed1330bed371: 71 groups; 1.2 s; peak memory 212 MiB.
2026-09-21T21:23:58Z INFO [122/356] 0cc1beb6-692b-499a-83c7-906fccfbbfe1: 32 groups; 1.3 s; peak memory 212 MiB.
2026-09-21T21:23:59Z INFO [123/356] 0cc203e6-6a52-4adf-9169-437802d79c52: 32 groups; 1.5 s; peak memory 212 MiB.
2026-09-21T21:24:01Z INFO [124/356] 0cc2fd16-bfe7-4050-8a6c-77ca8a1590e3: 252 groups; 1.4 s; peak memory 212 MiB.
2026-09-21T21:24:02Z INFO [125/356] 0cc395a0-3461-41ee-877e-8450c51b2ba1: 29 groups; 1.3 s; peak memory 212 MiB.
2026-09-21T21:24:03Z INFO [126/356] 0cc3b4c0-2cd8-4a0b-a4fe-61f11e97a7ba: 34 groups; 1.3 s; peak memory 212 MiB.
2026-09-21T21:24:04Z INFO [127/356] 0cc3be3a-bdbb-44e4-b407-50732a634a4f: 32 groups; 1.3 s; peak memory 212 MiB.
2026-09-21T21:24:06Z INFO [128/356] 0cc46824-e998-453f-8cba-02864eab0cf0: 70 groups; 1.5 s; peak memory 212 MiB.
2026-09-21T21:31:37Z INFO [129/356] 0cc5c820-2972-4c4e-89d7-8cd7ce5ad162: 46 groups; 451.2 s; peak memory 1123 MiB.
2026-09-21T21:31:48Z INFO [130/356] 0cc63ef1-296d-41d0-8edf-a2e051d4c83c: 222 groups; 10.6 s; peak memory 1123 MiB.
2026-09-21T21:32:01Z INFO [131/356] 0cc6bc1e-15bb-4aad-9b15-54aa58e4ad06: 18 groups; 13.3 s; peak memory 1123 MiB.
2026-09-21T21:32:02Z INFO [132/356] 0cc6c406-fd42-4177-ab33-42b5d39a5c7a: 17 groups; 0.9 s; peak memory 1123 MiB.
2026-09-21T21:32:03Z INFO [133/356] 0cc8a28c-60cb-41dc-8403-0849bb3b6db7: 33 groups; 1.6 s; peak memory 1123 MiB.
2026-09-21T21:32:05Z INFO [134/356] 0cc9db5e-e6fb-4cb9-8b8d-d8c28720f148: 22 groups; 1.1 s; peak memory 1123 MiB.
2026-09-21T21:32:05Z INFO [135/356] 0cca56eb-69cc-40e5-ae3c-11b6007516f7: 22 groups; 0.9 s; peak memory 1123 MiB.
2026-09-21T21:32:23Z INFO [136/356] 0ccae657-a46d-4148-9d86-de67833e1ef3: 23 groups; 17.3 s; peak memory 1123 MiB.
2026-09-21T21:32:24Z INFO [137/356] 0ccb5a58-6abd-4681-b37b-f338b5a99279: 17 groups; 0.9 s; peak memory 1123 MiB.
2026-09-21T21:32:25Z INFO [138/356] 0ccd16e3-ef1a-4015-804a-0db8ff95f1ef: 32 groups; 1.3 s; peak memory 1123 MiB.
2026-09-21T21:32:26Z INFO [139/356] 0ccd3b5c-5f4a-4a10-970c-d4bd90c6e846: 32 groups; 1.3 s; peak memory 1123 MiB.
2026-09-21T21:32:28Z INFO [140/356] 0ccd9b2e-9aa3-46d5-8f99-aa5ce0bda872: 32 groups; 1.3 s; peak memory 1123 MiB.
2026-09-21T21:32:30Z INFO [141/356] 0ccdfb58-7a56-4c9b-a45b-e222b9f0777f: 33 groups; 1.9 s; peak memory 1123 MiB.
2026-09-21T21:32:31Z INFO [142/356] 0ccdfc04-0040-412f-bd16-f7bb478b4f56: 35 groups; 1.5 s; peak memory 1123 MiB.
2026-09-21T21:32:32Z INFO [143/356] 0cce0da8-a454-4ff7-8670-01104465a18f: 18 groups; 1.0 s; peak memory 1123 MiB.
2026-09-21T21:32:33Z INFO [144/356] 0cce202c-411a-413d-bd5c-e4b4d4b4839d: 22 groups; 1.2 s; peak memory 1123 MiB.
2026-09-21T21:32:34Z INFO [145/356] 0cce4594-6f28-4b71-853b-761bf761b198: 16 groups; 0.9 s; peak memory 1123 MiB.
2026-09-21T21:32:38Z INFO [146/356] 0ccfeb40-4d35-4283-9f37-d80020df3176: 78 groups; 4.3 s; peak memory 1123 MiB.
2026-09-21T21:32:39Z INFO [147/356] 0cd0935b-eb4a-4056-b772-8e7be884e767: 22 groups; 1.0 s; peak memory 1123 MiB.
2026-09-21T21:32:41Z INFO [148/356] 0cd0c344-306e-4238-8896-fcad7a40bd63: 194 groups; 1.5 s; peak memory 1123 MiB.
2026-09-21T21:32:42Z INFO [149/356] 0cd137a3-ca08-4267-81aa-96b3236acf3d: 22 groups; 1.0 s; peak memory 1123 MiB.
2026-09-21T21:32:43Z INFO [150/356] 0cd14c4d-260f-4399-b6b5-d8101522d075: 22 groups; 0.9 s; peak memory 1123 MiB.
2026-09-21T21:32:43Z INFO [150/356] 0cd14c4d-260f-4399-b6b5-d8101522d075: checkpointed 53016 records.
2026-09-21T21:32:50Z INFO [151/356] 0cd16cc3-ac83-461b-a110-2655c05fcbae: 71 groups; 6.8 s; peak memory 1123 MiB.
2026-09-21T21:32:51Z INFO [152/356] 0cd1f00c-1924-4118-91cc-d956d9da5f16: 32 groups; 1.2 s; peak memory 1123 MiB.
2026-09-21T21:32:52Z INFO [153/356] 0cd21d3e-1591-49e2-807c-a79b370307a9: 22 groups; 1.1 s; peak memory 1123 MiB.
2026-09-21T21:32:54Z INFO [154/356] 0cd3c0b7-befa-4a16-b24e-86adf64299f2: 33 groups; 1.6 s; peak memory 1123 MiB.
2026-09-21T21:32:55Z INFO [155/356] 0cd5c7aa-37e4-4d41-a510-5b1c7cc8fabc: 32 groups; 1.4 s; peak memory 1123 MiB.
2026-09-21T21:32:56Z INFO [156/356] 0cd5e642-4064-4829-a62c-afeb4a4be98e: 35 groups; 1.5 s; peak memory 1123 MiB.
2026-09-21T21:32:57Z INFO [157/356] 0cd7d428-1b53-483f-b066-3439c2585bd9: 22 groups; 1.0 s; peak memory 1123 MiB.
2026-09-21T21:32:59Z INFO [158/356] 0cd8d370-a436-47b5-9e50-4b518c1a234d: 32 groups; 1.6 s; peak memory 1123 MiB.
2026-09-21T21:33:09Z INFO [159/356] 0cd9dcc9-0508-4bfe-a217-7e0946f17926: 112 groups; 10.1 s; peak memory 1123 MiB.
2026-09-21T21:33:11Z INFO [160/356] 0cda32c1-f8bd-43a5-8343-91acaf903acc: 35 groups; 1.5 s; peak memory 1123 MiB.
2026-09-21T21:33:17Z INFO [161/356] 0cdb59f5-5c0f-4cb8-a2b9-85029f87379a: 181 groups; 6.2 s; peak memory 1123 MiB.
2026-09-21T21:33:18Z INFO [162/356] 0cdb73c9-3b3b-4654-b34c-1217879b0484: 22 groups; 1.1 s; peak memory 1123 MiB.
2026-09-21T21:33:19Z INFO [163/356] 0cdbcd84-424e-4a1b-88a3-8ab4daffdf46: 22 groups; 1.0 s; peak memory 1123 MiB.
2026-09-21T21:33:20Z INFO [164/356] 0cdc095b-03bc-4cf4-9a4c-a1cec815b236: 22 groups; 1.2 s; peak memory 1123 MiB.
2026-09-21T21:33:21Z INFO [165/356] 0cdc1bd3-fdc9-4e45-ae5e-c89b9d1d5bae: 18 groups; 0.9 s; peak memory 1123 MiB.
2026-09-21T21:33:22Z INFO [166/356] 0cdcb4a2-8039-4e15-84b4-ef80b03d3e22: 16 groups; 0.8 s; peak memory 1123 MiB.
2026-09-21T21:33:23Z INFO [167/356] 0cdccbd7-7593-413c-a011-abfa7c5ea3f2: 33 groups; 1.1 s; peak memory 1123 MiB.
2026-09-21T21:33:24Z INFO [168/356] 0cdcdff2-c8cc-495b-a8f0-00245357af75: 32 groups; 1.3 s; peak memory 1123 MiB.
2026-09-21T21:33:25Z INFO [169/356] 0cdd32e2-b4fa-4dc9-842e-cf9a8111d4e0: 28 groups; 1.0 s; peak memory 1123 MiB.
2026-09-21T21:33:26Z INFO [170/356] 0cdd4f0c-21a9-45d0-92bd-f07d11f5eff4: 30 groups; 1.0 s; peak memory 1123 MiB.
2026-09-21T21:33:28Z INFO [171/356] 0cde1b68-3468-4d1e-b975-ac36a7276dfd: 195 groups; 1.5 s; peak memory 1123 MiB.
2026-09-21T21:33:29Z INFO [172/356] 0cde5686-7487-4305-8996-143677f9e7a2: 35 groups; 1.5 s; peak memory 1123 MiB.
2026-09-21T21:33:34Z INFO [173/356] 0cde5a57-630b-4183-8b50-cb343297b31e: 76 groups; 5.1 s; peak memory 1123 MiB.
2026-09-21T21:33:42Z INFO [174/356] 0cde7fa1-b263-4a7f-ab24-3288ae848530: 179 groups; 7.3 s; peak memory 1123 MiB.
2026-09-21T21:33:48Z INFO [175/356] 0cdf512b-701e-4634-95c3-839dc63e016e: 110 groups; 5.9 s; peak memory 1123 MiB.
2026-09-21T21:33:49Z INFO [176/356] 0cdfa2d8-95e5-40e2-b968-30778e40f638: 22 groups; 1.1 s; peak memory 1123 MiB.
2026-09-21T21:33:50Z INFO [177/356] 0cdfa478-8c0e-4795-bffe-d8cdd063db06: 16 groups; 0.9 s; peak memory 1123 MiB.
2026-09-21T21:33:51Z INFO [178/356] 0ce0b532-5749-48d3-b7d5-e4325d5b6c88: 35 groups; 1.6 s; peak memory 1123 MiB.
2026-09-21T21:33:52Z INFO [179/356] 0ce1bec7-82e2-4f20-98a2-35ddfeee454f: 30 groups; 0.9 s; peak memory 1123 MiB.
2026-09-21T21:33:53Z INFO [180/356] 0ce24ea7-ad86-4605-a35a-1aff5cde1971: 22 groups; 1.1 s; peak memory 1123 MiB.
2026-09-21T21:33:54Z INFO [181/356] 0ce29560-7c54-4abb-8e2f-2b441b741328: 32 groups; 1.3 s; peak memory 1123 MiB.
2026-09-21T21:33:56Z INFO [182/356] 0ce2a022-d735-4fba-ad75-caa662b48ef0: 52 groups; 1.4 s; peak memory 1123 MiB.
2026-09-21T21:33:57Z INFO [183/356] 0ce2f52a-d0de-4253-be7f-af66ffabffd3: 71 groups; 1.1 s; peak memory 1123 MiB.
2026-09-21T21:33:58Z INFO [184/356] 0ce34447-0446-481b-b865-008b6869965c: 194 groups; 1.3 s; peak memory 1123 MiB.
2026-09-21T21:33:59Z INFO [185/356] 0ce5860a-5329-4afa-8624-97ec476d89ec: 22 groups; 1.1 s; peak memory 1123 MiB.
2026-09-21T21:34:00Z INFO [186/356] 0ce597f5-730c-4425-a9d7-1ff34375f570: 31 groups; 1.0 s; peak memory 1123 MiB.
2026-09-21T21:34:01Z INFO [187/356] 0ce5bdc7-0df2-4c2d-87f0-fc237b580a10: 22 groups; 1.1 s; peak memory 1123 MiB.
2026-09-21T21:34:04Z INFO [188/356] 0ce6487c-4df4-4a41-87a2-dae62e5e4180: 60 groups; 2.7 s; peak memory 1123 MiB.
2026-09-21T21:34:06Z INFO [189/356] 0ce6e0a2-1499-4e17-9bf7-5e4882fb6176: 35 groups; 1.8 s; peak memory 1123 MiB.
2026-09-21T21:34:07Z INFO [190/356] 0ce748b7-c2b9-42bf-a1b8-0ef682eb1a30: 22 groups; 1.1 s; peak memory 1123 MiB.
2026-09-21T21:34:08Z INFO [191/356] 0ce787a6-2a7f-4e65-9fd9-6517a4b195b8: 22 groups; 1.0 s; peak memory 1123 MiB.
2026-09-21T21:34:09Z INFO [192/356] 0ce7d61c-a2fb-42d3-be11-4824c956f430: 35 groups; 1.3 s; peak memory 1123 MiB.
2026-09-21T21:34:10Z INFO [193/356] 0ce87d2c-6b48-48cc-92e6-2f14b4067d2f: 16 groups; 0.9 s; peak memory 1123 MiB.
2026-09-21T21:34:11Z INFO [194/356] 0ce99c72-bb27-48d3-9a3b-f5cb90aefaf7: 22 groups; 1.0 s; peak memory 1123 MiB.
2026-09-21T21:34:13Z INFO [195/356] 0ceb7094-1f6f-4bec-b44e-2bb26dc4e454: 33 groups; 2.0 s; peak memory 1123 MiB.
2026-09-21T21:34:15Z INFO [196/356] 0cec5586-7a98-452c-9c9e-f659aea5abb4: 202 groups; 1.4 s; peak memory 1123 MiB.
2026-09-21T21:34:16Z INFO [197/356] 0cecb3f3-b122-403b-95a4-bfe902dfee00: 25 groups; 1.3 s; peak memory 1123 MiB.
2026-09-21T21:34:17Z INFO [198/356] 0ced536b-e0f8-46d9-b471-d3fd5448a6c4: 35 groups; 1.1 s; peak memory 1123 MiB.
2026-09-21T21:34:20Z INFO [199/356] 0ced6c04-851d-4f0a-86bb-fabd53b83de9: 48 groups; 2.5 s; peak memory 1123 MiB.
2026-09-21T21:34:35Z INFO [200/356] 0cedcf53-1f85-4d3f-a3d6-c2c5f99918cf: 155 groups; 15.4 s; peak memory 1123 MiB.
2026-09-21T21:34:35Z INFO [200/356] 0cedcf53-1f85-4d3f-a3d6-c2c5f99918cf: checkpointed 53066 records.
2026-09-21T21:36:11Z INFO [201/356] 0cee0278-c7db-45bf-b52f-0573dbfc01ac: 71 groups; 95.9 s; peak memory 1123 MiB.
2026-09-21T21:36:12Z INFO [202/356] 0cf02b80-5fac-48e5-a75d-9f7aad954887: 31 groups; 1.3 s; peak memory 1123 MiB.
2026-09-21T21:37:54Z INFO [203/356] 0cf07aef-d7f5-4651-9890-0028797e53a2: 77 groups; 101.8 s; peak memory 1123 MiB.
2026-09-21T21:37:55Z INFO [204/356] 0cf0b459-56af-45ee-abe6-6ef97b0abfb3: 16 groups; 1.0 s; peak memory 1123 MiB.
2026-09-21T21:37:57Z INFO [205/356] 0cf0d4f5-e3b9-4994-b4db-3686a7679e2b: 35 groups; 1.4 s; peak memory 1123 MiB.
2026-09-21T21:37:58Z INFO [206/356] 0cf1c2df-c8bd-40ee-98e2-c24e0094e6ad: 22 groups; 1.0 s; peak memory 1123 MiB.
2026-09-21T21:37:59Z INFO [207/356] 0cf1f35d-f1de-4ad7-8b5f-f35b791e3bb5: 22 groups; 1.1 s; peak memory 1123 MiB.
2026-09-21T21:38:00Z INFO [208/356] 0cf2906e-6d83-4007-a567-1d9a169d81e1: 35 groups; 1.7 s; peak memory 1123 MiB.
2026-09-21T21:38:02Z INFO [209/356] 0cf303d8-41de-4bcd-9206-bfba6540eff7: 203 groups; 1.5 s; peak memory 1123 MiB.
2026-09-21T21:38:03Z INFO [210/356] 0cf3145f-3998-4944-87e4-350f0c5031bd: 28 groups; 1.0 s; peak memory 1123 MiB.
2026-09-21T21:38:04Z INFO [211/356] 0cf33fb6-a569-4881-a47f-ff7b7741cf0d: 22 groups; 1.0 s; peak memory 1123 MiB.
2026-09-21T21:38:05Z INFO [212/356] 0cf3acd2-7ff1-4285-8eb2-19dd16f1b1b9: 22 groups; 1.0 s; peak memory 1123 MiB.
2026-09-21T21:38:06Z INFO [213/356] 0cf3fe91-c537-4b98-8375-aca8b2102bd0: 22 groups; 1.0 s; peak memory 1123 MiB.
2026-09-21T21:38:15Z INFO [214/356] 0cf4683d-c205-483b-bd47-547e6066d804: 22 groups; 9.4 s; peak memory 1123 MiB.
2026-09-21T21:38:17Z INFO [215/356] 0cf517e2-a26e-4d19-a417-0aecec71408a: 32 groups; 1.3 s; peak memory 1123 MiB.
2026-09-21T21:38:19Z INFO [216/356] 0cf5a126-d1c2-4bc5-8829-2d45e1653122: 48 groups; 2.8 s; peak memory 1123 MiB.
2026-09-21T21:38:21Z INFO [217/356] 0cf689da-b639-4cad-8c1e-158f5435707c: 22 groups; 1.1 s; peak memory 1123 MiB.
2026-09-21T21:38:22Z INFO [218/356] 0cf6deaf-cd8f-4a4d-b02b-07bcc86eb871: 32 groups; 1.3 s; peak memory 1123 MiB.
2026-09-21T21:38:35Z INFO [219/356] 0cf6e8a1-2543-4837-b6aa-168eadef7404: 520 groups; 13.2 s; peak memory 1123 MiB.
2026-09-21T21:38:37Z INFO [220/356] 0cf73974-1cb4-446f-aa2a-764360491591: 341 groups; 1.8 s; peak memory 1123 MiB.
2026-09-21T21:38:38Z INFO [221/356] 0cf745dd-f107-4307-9420-d6fb10736b5d: 22 groups; 0.8 s; peak memory 1123 MiB.
2026-09-21T21:38:39Z INFO [222/356] 0cf776fd-5606-4143-a9e9-53034e3eaf37: 26 groups; 0.9 s; peak memory 1123 MiB.
2026-09-21T21:38:40Z INFO [223/356] 0cf7b45c-d193-4f96-b8f4-0c782cea0d98: 194 groups; 1.4 s; peak memory 1123 MiB.
2026-09-21T21:38:59Z INFO [224/356] 0cf7e9d5-86e5-4d99-91f4-acc9fecc90ab: 43 groups; 18.9 s; peak memory 1123 MiB.
2026-09-21T21:39:34Z INFO [225/356] 0cf86ddb-1779-4419-989f-250da7289c26: 28 groups; 34.9 s; peak memory 1123 MiB.
2026-09-21T21:39:35Z INFO [226/356] 0cf8a32e-6f05-4f2f-bdb1-b50fc40ab4b7: 22 groups; 1.1 s; peak memory 1123 MiB.
2026-09-21T21:39:36Z INFO [227/356] 0cf9e2c7-1878-4bf6-9684-7b3305c71fb8: 32 groups; 1.5 s; peak memory 1123 MiB.
2026-09-21T21:39:38Z INFO [228/356] 0cfa4b4f-143a-4289-b0cc-b4c5260f058f: 35 groups; 1.6 s; peak memory 1123 MiB.
2026-09-21T21:39:39Z INFO [229/356] 0cfabe92-1721-4a30-bd92-33f4c885e4e1: 22 groups; 1.0 s; peak memory 1123 MiB.
2026-09-21T21:39:40Z INFO [230/356] 0cfad441-a47b-4e55-9f01-7531e885134e: 16 groups; 1.1 s; peak memory 1123 MiB.
2026-09-21T21:39:42Z INFO [231/356] 0cfb75d1-aa3e-4a6c-a25e-61fc2d245301: 43 groups; 1.7 s; peak memory 1123 MiB.
2026-09-21T21:39:44Z INFO [232/356] 0cfb8332-dfa1-4cbf-9a26-36d63fe551b0: 35 groups; 1.9 s; peak memory 1123 MiB.
2026-09-21T21:39:45Z INFO [233/356] 0cfbbfb7-c5fb-4d1b-92a0-1e6e1eb8ce6d: 103 groups; 1.6 s; peak memory 1123 MiB.
2026-09-21T21:39:47Z INFO [234/356] 0cfbf172-f237-4a57-b399-9bfb9b4892d3: 255 groups; 1.6 s; peak memory 1123 MiB.
2026-09-21T21:39:48Z INFO [235/356] 0cfbf286-5600-4ada-88cc-6099be1f7e69: 32 groups; 1.3 s; peak memory 1123 MiB.
2026-09-21T21:40:00Z INFO [236/356] 0cfc3768-9d7b-4a4b-a2c5-411df7771b05: 172 groups; 11.4 s; peak memory 1123 MiB.
2026-09-21T21:40:01Z INFO [237/356] 0cfcb936-616c-4841-96c5-e5813523e6ff: 22 groups; 1.1 s; peak memory 1123 MiB.
2026-09-21T21:40:17Z INFO [238/356] 0cfcc94d-bbe5-4153-ae40-10ef19db34cc: 278 groups; 16.7 s; peak memory 1123 MiB.
2026-09-21T21:40:18Z INFO [239/356] 0cff42e0-1f5e-4a78-8c86-cc0fe25ccb09: 22 groups; 1.0 s; peak memory 1123 MiB.
2026-09-21T21:40:20Z INFO [240/356] 0cff8b55-469a-42b9-88da-16719b73ca9b: 28 groups; 1.1 s; peak memory 1123 MiB.
2026-09-21T21:40:21Z INFO [241/356] 0cffe9b9-a295-499f-a535-033b10c6df3b: 34 groups; 1.3 s; peak memory 1123 MiB.
2026-09-21T21:40:31Z INFO [242/356] 0d005d7d-3871-43cb-82e2-3bd7e6aceb21: 211 groups; 10.2 s; peak memory 1123 MiB.
2026-09-21T21:40:34Z INFO [243/356] 0d0217d2-0359-48ce-a847-c66837a81c45: 48 groups; 2.8 s; peak memory 1123 MiB.
2026-09-21T21:40:35Z INFO [244/356] 0d026385-6d1e-4aa3-a10c-25d1da30fa2d: 22 groups; 1.0 s; peak memory 1123 MiB.
2026-09-21T21:40:36Z INFO [245/356] 0d02961f-0d9f-42ff-8c34-4e2c09a95b49: 25 groups; 1.0 s; peak memory 1123 MiB.
2026-09-21T21:40:37Z INFO [246/356] 0d02e76d-d503-4040-a6ff-94734a22f636: 22 groups; 1.1 s; peak memory 1123 MiB.
2026-09-21T21:40:39Z INFO [247/356] 0d03443f-f932-4fed-8873-a67f095f633a: 22 groups; 1.8 s; peak memory 1123 MiB.
2026-09-21T21:40:55Z INFO [248/356] 0d038171-5d24-4676-a5ea-d33be5c30f06: 23 groups; 16.2 s; peak memory 1123 MiB.
2026-09-21T21:40:56Z INFO [249/356] 0d041123-2745-4e76-a392-861dacb07e52: 32 groups; 1.1 s; peak memory 1123 MiB.
2026-09-21T21:40:57Z INFO [250/356] 0d041726-49f1-4981-a743-559d7775bf1e: 32 groups; 1.1 s; peak memory 1123 MiB.
2026-09-21T21:40:57Z INFO [250/356] 0d041726-49f1-4981-a743-559d7775bf1e: checkpointed 53116 records.
2026-09-21T21:40:58Z INFO [251/356] 0d041ae2-dde3-4178-a012-07ed7e45345d: 28 groups; 0.7 s; peak memory 1123 MiB.
2026-09-21T21:41:00Z INFO [252/356] 0d043532-4dd4-44a0-a2f4-7ab735f9b757: 336 groups; 2.5 s; peak memory 1123 MiB.
2026-09-21T21:41:01Z INFO [253/356] 0d04693d-287f-4458-8572-703613c748a0: 30 groups; 1.0 s; peak memory 1123 MiB.
2026-09-21T21:41:03Z INFO [254/356] 0d06f620-9783-41c4-9b16-eeb198b73d48: 22 groups; 1.1 s; peak memory 1123 MiB.
2026-09-21T21:41:05Z INFO [255/356] 0d0928dd-60a8-4095-8d2f-c1eeb52c0db0: 48 groups; 2.2 s; peak memory 1123 MiB.
2026-09-21T21:41:06Z INFO [256/356] 0d0963c9-45b0-4499-a264-b95ca526d56c: 35 groups; 1.3 s; peak memory 1123 MiB.
2026-09-21T21:41:07Z INFO [257/356] 0d0a20f0-e9c5-481a-b4fa-1998cb1e058e: 32 groups; 1.2 s; peak memory 1123 MiB.
2026-09-21T21:41:17Z INFO [258/356] 0d0a53c3-a194-47e3-afdb-63e5052909d0: 165 groups; 9.6 s; peak memory 1123 MiB.
2026-09-21T22:14:31Z INFO [259/356] 0d0acda9-169f-4edf-8c8c-6dda82be5600: 285 groups; 1994.6 s; peak memory 1123 MiB.
2026-09-21T22:14:32Z INFO [260/356] 0d0b6144-0432-49d5-b8eb-04280a943cd9: 29 groups; 1.1 s; peak memory 1123 MiB.
2026-09-21T22:14:35Z INFO [261/356] 0d0b7dfd-978f-42eb-b24e-70c8ded2e31f: 56 groups; 3.0 s; peak memory 1123 MiB.
2026-09-21T22:14:37Z INFO [262/356] 0d0b8e45-bf06-466e-b802-f26a83c93795: 35 groups; 1.9 s; peak memory 1123 MiB.
2026-09-21T22:14:39Z INFO [263/356] 0d0b9dce-103b-468e-86f8-2fa696b1a29b: 32 groups; 1.7 s; peak memory 1123 MiB.
2026-09-21T22:14:41Z INFO [264/356] 0d0c592b-9d6a-4cdf-856b-ff94164d6cfd: 573 groups; 2.4 s; peak memory 1123 MiB.
2026-09-21T22:14:43Z INFO [265/356] 0d0d2768-4da5-4e5d-bab6-5e3432b6f63f: 32 groups; 1.4 s; peak memory 1123 MiB.
2026-09-21T22:14:58Z INFO [266/356] 0d0d398a-01f5-42a8-aa58-47831b6910c6: 17 groups; 15.6 s; peak memory 1123 MiB.
2026-09-21T22:15:00Z INFO [267/356] 0d0dc05b-2c88-48bd-9ae3-e90f5f8e3466: 336 groups; 1.9 s; peak memory 1123 MiB.
2026-09-21T22:15:02Z INFO [268/356] 0d0ee5ac-fdea-495e-a32c-9fcfc91d5dca: 33 groups; 2.0 s; peak memory 1123 MiB.
2026-09-21T22:15:03Z INFO [269/356] 0d0f90e2-7407-4228-ad50-b27487d6c88b: 71 groups; 1.1 s; peak memory 1123 MiB.
2026-09-21T22:15:12Z INFO [270/356] 0d103739-4693-491a-8d2b-887c64bb31ca: 151 groups; 8.7 s; peak memory 1123 MiB.
2026-09-21T22:15:13Z INFO [271/356] 0d117a09-4639-461c-8573-df9d7353e14d: 22 groups; 1.1 s; peak memory 1123 MiB.
2026-09-21T22:15:14Z INFO [272/356] 0d121299-c4e8-4803-ac29-7178667fc42a: 254 groups; 1.1 s; peak memory 1123 MiB.
2026-09-21T22:15:15Z INFO [273/356] 0d125ddd-15f4-48f6-b32a-097b48725625: 22 groups; 1.1 s; peak memory 1123 MiB.
2026-09-21T22:15:16Z INFO [274/356] 0d132155-189f-4db4-94a5-8999aafb0ded: 24 groups; 1.1 s; peak memory 1123 MiB.
2026-09-21T22:15:18Z INFO [275/356] 0d141da9-a4c4-4131-b08f-483b60c72ce0: 30 groups; 1.2 s; peak memory 1123 MiB.
2026-09-21T22:15:19Z INFO [276/356] 0d1478f7-388c-4886-8057-bc6911bff7a0: 67 groups; 1.7 s; peak memory 1123 MiB.
2026-09-21T22:15:29Z INFO [277/356] 0d150b45-ec36-48aa-aea9-1c8dfb6b99ea: 56 groups; 9.3 s; peak memory 1123 MiB.
2026-09-21T22:15:35Z INFO [278/356] 0d15802a-c9a3-472b-8283-e903c2881857: 119 groups; 6.0 s; peak memory 1123 MiB.
2026-09-21T22:52:44Z INFO [279/356] 0d1582b5-d510-4f7e-8667-0a715b8ecd7e: 29 groups; 2229.5 s; peak memory 1213 MiB.
2026-09-21T22:52:45Z INFO [280/356] 0d16c55d-fe46-4257-9584-776147d6cbdd: 31 groups; 1.0 s; peak memory 1213 MiB.
2026-09-21T22:52:46Z INFO [281/356] 0d16f53b-be81-41eb-86b5-0565311a8b8d: 33 groups; 1.3 s; peak memory 1213 MiB.
2026-09-21T22:52:47Z INFO [282/356] 0d17e709-b51e-4b3d-9a5a-127b5e5f5cdf: 22 groups; 1.0 s; peak memory 1213 MiB.
2026-09-21T22:52:54Z INFO [283/356] 0d188f10-221b-47e0-a305-52966a38b739: 34 groups; 6.4 s; peak memory 1213 MiB.
2026-09-21T22:52:55Z INFO [284/356] 0d192d73-b4ba-469e-9afc-55c39e328e0d: 87 groups; 1.5 s; peak memory 1213 MiB.
2026-09-21T22:53:29Z INFO [285/356] 0d195b1a-63fb-4ef1-aaa7-a908e94f03c9: 329 groups; 33.7 s; peak memory 1213 MiB.
2026-09-21T22:53:31Z INFO [286/356] 0d1adf29-deb8-424b-b0a4-e691e8607614: 32 groups; 1.6 s; peak memory 1213 MiB.
2026-09-21T22:53:32Z INFO [287/356] 0d1aea94-b973-4ac3-8990-c2fdb29ae7bc: 22 groups; 1.1 s; peak memory 1213 MiB.
2026-09-21T22:53:45Z INFO [288/356] 0d1b9268-d0a3-4d5b-a8a3-dfa0f2a0cb9f: 210 groups; 13.4 s; peak memory 1213 MiB.
2026-09-21T22:53:53Z INFO [289/356] 0d1ba8f6-8f02-419d-8c11-dbfb0e5562a6: 115 groups; 8.4 s; peak memory 1213 MiB.
2026-09-21T22:53:55Z INFO [290/356] 0d1bb231-f058-40f2-a4a5-2192d9b42fb0: 202 groups; 1.7 s; peak memory 1213 MiB.
2026-09-21T22:53:57Z INFO [291/356] 0d1bd2b8-f051-4026-9262-facc0e99a258: 194 groups; 1.5 s; peak memory 1213 MiB.
2026-09-21T22:53:58Z INFO [292/356] 0d1bd551-6edc-422f-b708-d0ce893f49be: 32 groups; 1.2 s; peak memory 1213 MiB.
2026-09-21T22:53:59Z INFO [293/356] 0d1bdae3-9456-4e32-8158-14c262a3c547: 22 groups; 1.0 s; peak memory 1213 MiB.
2026-09-21T22:54:10Z INFO [294/356] 0d1c766f-0c8f-45df-9dfc-5dc6e46b46cc: 212 groups; 11.6 s; peak memory 1213 MiB.
2026-09-21T22:54:12Z INFO [295/356] 0d1eda69-6d78-43f7-a6dd-5e68f9c1cfd4: 32 groups; 1.4 s; peak memory 1213 MiB.
2026-09-21T22:54:13Z INFO [296/356] 0d1f635a-d39d-445c-8bff-3e927e649ebc: 32 groups; 1.4 s; peak memory 1213 MiB.
2026-09-21T22:54:14Z INFO [297/356] 0d205362-6596-4a44-a9fb-cd048eb5dbfb: 22 groups; 1.1 s; peak memory 1213 MiB.
2026-09-21T22:54:17Z INFO [298/356] 0d208156-f640-448f-b1ab-68a58f117181: 64 groups; 2.7 s; peak memory 1213 MiB.
2026-09-21T22:54:18Z INFO [299/356] 0d2095a0-14ce-426b-b848-9d81b930f2f8: 32 groups; 1.0 s; peak memory 1213 MiB.
2026-09-21T22:54:23Z INFO [300/356] 0d2110d1-9b8b-4489-847a-ce562f0dabb9: 122 groups; 4.4 s; peak memory 1213 MiB.
2026-09-21T22:54:23Z INFO [300/356] 0d2110d1-9b8b-4489-847a-ce562f0dabb9: checkpointed 53166 records.
2026-09-21T22:54:28Z INFO [301/356] 0d2202e8-98a6-4d04-86fc-aa4f1d5e9757: 105 groups; 4.9 s; peak memory 1213 MiB.
2026-09-21T22:54:29Z INFO [302/356] 0d2238c2-488d-49cd-ad8c-ebc4cefc5209: 18 groups; 1.1 s; peak memory 1213 MiB.
2026-09-21T22:54:30Z INFO [303/356] 0d232397-3722-40e6-933d-cb0b71d23339: 35 groups; 1.5 s; peak memory 1213 MiB.
2026-09-21T22:54:31Z INFO [304/356] 0d23780a-c684-44fe-8afc-c23c437a47d0: 36 groups; 1.2 s; peak memory 1213 MiB.
2026-09-21T22:54:32Z INFO [305/356] 0d23ea15-d1fb-4894-b1fa-f06cafd0a93a: 16 groups; 0.8 s; peak memory 1213 MiB.
2026-09-21T22:54:33Z INFO [306/356] 0d240bde-1c86-4df7-9dd8-d7b9f92e6758: 33 groups; 1.2 s; peak memory 1213 MiB.
2026-09-21T22:54:35Z INFO [307/356] 0d244a0b-de95-4c85-b1c7-f5cb655a3960: 32 groups; 1.4 s; peak memory 1213 MiB.
2026-09-21T22:54:37Z INFO [308/356] 0d246a45-6b75-4905-b1cb-a4cb963251bd: 336 groups; 2.5 s; peak memory 1213 MiB.
2026-09-21T22:54:38Z INFO [309/356] 0d248cbd-77e0-4611-a505-c59141161bca: 16 groups; 0.9 s; peak memory 1213 MiB.
2026-09-21T22:54:39Z INFO [310/356] 0d24af5b-13f0-4c8e-b517-06b0004ce3c6: 32 groups; 1.2 s; peak memory 1213 MiB.
2026-09-21T22:54:45Z INFO [311/356] 0d24d321-62ac-42cd-b2e1-29748aaff76d: 66 groups; 5.7 s; peak memory 1213 MiB.
2026-09-21T22:55:06Z INFO [312/356] 0d2511e1-733c-45d9-8ff2-2f58b8b69a5f: 198 groups; 20.6 s; peak memory 1213 MiB.
2026-09-21T22:55:07Z INFO [313/356] 0d25714c-8150-42d9-8112-403c672bee2c: 22 groups; 1.0 s; peak memory 1213 MiB.
2026-09-21T22:55:08Z INFO [314/356] 0d269041-670c-45dd-9c4a-4761a753884d: 35 groups; 1.5 s; peak memory 1213 MiB.
2026-09-21T22:55:10Z INFO [315/356] 0d272ac2-5108-411c-9563-b0603ba9f226: 32 groups; 1.4 s; peak memory 1213 MiB.
2026-09-21T22:55:15Z INFO [316/356] 0d27b218-ffee-44a5-a1e8-16649a640ced: 78 groups; 5.6 s; peak memory 1213 MiB.
2026-09-21T22:55:16Z INFO [317/356] 0d27bf86-3ac3-4244-bf39-1fc1ff03b5bf: 253 groups; 1.4 s; peak memory 1213 MiB.
2026-09-21T22:55:17Z INFO [318/356] 0d28a1fd-fe22-4c31-badb-85a3de39cab1: 22 groups; 0.9 s; peak memory 1213 MiB.
2026-09-21T22:55:18Z INFO [319/356] 0d29ebe4-9686-4db8-be5f-cde6c3c0a9e8: 22 groups; 1.0 s; peak memory 1213 MiB.
2026-09-21T22:55:19Z INFO [320/356] 0d29f589-7b61-49c2-ac6a-1286fb0ccfa2: 22 groups; 1.1 s; peak memory 1213 MiB.
2026-09-21T22:55:20Z INFO [321/356] 0d2a8774-12e1-43fd-ac0c-243f4f6d7183: 22 groups; 0.9 s; peak memory 1213 MiB.
2026-09-21T22:55:21Z INFO [322/356] 0d2b43d1-09e0-424a-bb4b-9c5fa1747746: 22 groups; 1.0 s; peak memory 1213 MiB.
2026-09-21T22:55:33Z INFO [323/356] 0d2c5967-b716-4b34-94b9-7b3c8dfb513f: 310 groups; 11.5 s; peak memory 1213 MiB.
2026-09-21T22:55:34Z INFO [324/356] 0d2c92e6-be6c-45c8-ad11-c0c38692c8bd: 28 groups; 1.1 s; peak memory 1213 MiB.
2026-09-21T22:55:41Z INFO [325/356] 0d2ca719-4391-4a46-81b5-13cd5dd8ebb8: 181 groups; 7.1 s; peak memory 1213 MiB.
2026-09-21T22:55:43Z INFO [326/356] 0d2e2956-118d-448c-ba60-e33278d1d236: 32 groups; 1.5 s; peak memory 1213 MiB.
2026-09-21T22:55:44Z INFO [327/356] 0d2e83ea-afb1-4928-adba-eee9e8786e1e: 33 groups; 1.0 s; peak memory 1213 MiB.
2026-09-21T22:55:45Z INFO [328/356] 0d2ee0b0-5a68-44ab-aea7-d52c473f3214: 22 groups; 1.1 s; peak memory 1213 MiB.
2026-09-21T22:55:46Z INFO [329/356] 0d3021b2-00a7-4883-95a1-d2502f9d1cfa: 32 groups; 1.3 s; peak memory 1213 MiB.
2026-09-21T22:55:56Z INFO [330/356] 0d30f75d-847c-4a60-9f0f-9028131abefd: 114 groups; 10.1 s; peak memory 1213 MiB.
2026-09-21T22:55:58Z INFO [331/356] 0d31ce77-c917-4951-bfb3-e2459d0d263a: 32 groups; 1.6 s; peak memory 1213 MiB.
2026-09-21T22:55:59Z INFO [332/356] 0d31cf03-5cc2-4f8c-a40f-33cf6fb07721: 32 groups; 1.3 s; peak memory 1213 MiB.
2026-09-21T22:56:00Z INFO [333/356] 0d32045c-b864-464a-9285-fef0f3ed6879: 33 groups; 1.2 s; peak memory 1213 MiB.
2026-09-21T22:56:07Z INFO [334/356] 0d32bacd-edca-45f8-9d38-4a8c7dad9fca: 120 groups; 6.4 s; peak memory 1213 MiB.
2026-09-21T22:56:08Z INFO [335/356] 0d32fb8e-3d36-46cc-9a4c-8523d6772efa: 22 groups; 1.1 s; peak memory 1213 MiB.
2026-09-21T22:56:09Z INFO [336/356] 0d33bb16-2bc6-4f7f-9cd5-c8434a686581: 22 groups; 1.0 s; peak memory 1213 MiB.
2026-09-21T22:56:10Z INFO [337/356] 0d340eab-39ba-4d94-9c57-691690d7dc06: 22 groups; 1.2 s; peak memory 1213 MiB.
2026-09-21T22:56:11Z INFO [338/356] 0d350034-6fb0-4a96-8777-a0268c24045d: 22 groups; 1.0 s; peak memory 1213 MiB.
2026-09-21T22:56:17Z INFO [339/356] 0d35aef4-d9d4-44a2-9c7c-070e7060e388: 159 groups; 5.9 s; peak memory 1213 MiB.
2026-09-21T22:56:24Z INFO [340/356] 0d35efcb-30c0-4206-af8b-79abc0035f95: 1188 groups; 7.0 s; peak memory 1213 MiB.
2026-09-21T22:56:25Z INFO [341/356] 0d3634aa-aa70-447c-9310-c65198aba0bf: 22 groups; 1.1 s; peak memory 1213 MiB.
2026-09-21T22:56:33Z INFO [342/356] 0d3694ff-9e18-4edb-88ae-cf219b46502e: 181 groups; 8.0 s; peak memory 1213 MiB.
2026-09-21T22:56:44Z INFO [343/356] 0d36fb14-a991-43fb-9aa7-a91ad2959c60: 217 groups; 11.2 s; peak memory 1213 MiB.
2026-09-21T22:56:59Z INFO [344/356] 0d3858dc-3aa7-449e-9b64-091f8cf4bdaa: 317 groups; 14.3 s; peak memory 1213 MiB.
2026-09-21T22:57:00Z INFO [345/356] 0d3a1537-146a-40f8-a00e-791a3c98b388: 18 groups; 1.0 s; peak memory 1213 MiB.
2026-09-21T22:57:01Z INFO [346/356] 0d3a46b6-2b1a-4585-b786-e8658dd304f4: 103 groups; 1.5 s; peak memory 1213 MiB.
2026-09-21T22:57:05Z INFO [347/356] 0d3a538f-8026-4efb-8d49-9963c45e78e4: 63 groups; 4.2 s; peak memory 1213 MiB.
2026-09-21T22:57:06Z INFO [348/356] 0d3a7117-a47d-4837-86f4-18cde7636cd6: 32 groups; 1.1 s; peak memory 1213 MiB.
2026-09-21T22:57:08Z INFO [349/356] 0d3abf51-c7df-427d-b8b3-3e8e1a465e7a: 22 groups; 1.1 s; peak memory 1213 MiB.
2026-09-21T22:57:11Z INFO [350/356] 0d3b588a-37a6-4b82-8a9a-d227e8fc8264: 50 groups; 3.2 s; peak memory 1213 MiB.
2026-09-21T22:57:11Z INFO [350/356] 0d3b588a-37a6-4b82-8a9a-d227e8fc8264: checkpointed 53216 records.
2026-09-21T22:57:12Z INFO [351/356] 0d3b6884-8d93-42a3-8bf8-e953740ab40a: 36 groups; 1.4 s; peak memory 1213 MiB.
2026-09-21T22:57:13Z INFO [352/356] 0d3b694d-51a1-45de-b443-5468b325bfd6: 29 groups; 1.0 s; peak memory 1213 MiB.
2026-09-21T22:57:14Z INFO [353/356] 0d3bd2e0-0c99-43ea-9c92-8076cf651106: 22 groups; 1.1 s; peak memory 1213 MiB.
2026-09-21T22:57:15Z INFO [354/356] 0d3bf31f-1ffc-478e-9f85-414fb82b3099: 22 groups; 1.2 s; peak memory 1213 MiB.
2026-09-21T22:57:17Z INFO [355/356] 0d3bfd09-5025-40bd-9a68-4c19d5e2238d: 32 groups; 1.2 s; peak memory 1213 MiB.
2026-09-21T22:57:24Z INFO [356/356] 0d3cb2b9-5acc-4022-84e1-76de44e89bab: 204 groups; 7.4 s; peak memory 1213 MiB.
2026-09-21T22:57:24Z INFO Wrote 53222 records to /tmp/derivatives/valid_nwb_file_to_number_of_groups.jsonl (356 new, 0 failed) in 100.4 min (peak memory 1213 MiB).
