2026-09-18T21:58:54Z INFO Logging to /tmp/logs/update_2026-09-18T21-58-54Z.log.
2026-09-18T21:58:54Z INFO Update valid-nwb-file-to-number-of-groups (base directory /tmp).
2026-09-18T21:58:54Z INFO Processing 368 items (49901 already recorded).
2026-09-18T21:58:55Z INFO [1/368] 064dbccc-cac7-4909-8c3f-2cc127d8fe60: 16 groups; 0.9 s; peak memory 96 MiB.
2026-09-18T21:58:56Z INFO [2/368] 064dfd3f-a6d3-4494-9842-30eb6ac2d533: 32 groups; 0.9 s; peak memory 101 MiB.
2026-09-18T21:58:58Z INFO [3/368] 064e1660-1e68-4ade-a363-40abdc7ea611: 336 groups; 2.0 s; peak memory 102 MiB.
2026-09-18T21:58:59Z INFO [4/368] 064fefac-41fe-4311-968c-265ebcf46d87: 33 groups; 0.9 s; peak memory 102 MiB.
2026-09-18T21:59:00Z INFO [5/368] 06508326-2418-47cd-b3fc-bea60f0c9e2e: 32 groups; 0.7 s; peak memory 103 MiB.
2026-09-18T21:59:01Z INFO [6/368] 0650837b-7e7f-4e5e-ae30-433afc75e218: 35 groups; 0.9 s; peak memory 103 MiB.
2026-09-18T21:59:01Z INFO [7/368] 06514b38-f075-4f13-971a-0c598258b934: 22 groups; 0.7 s; peak memory 104 MiB.
2026-09-18T21:59:02Z INFO [8/368] 065286f4-88ef-48a8-b1f3-5b3c5af047c6: 32 groups; 0.8 s; peak memory 104 MiB.
2026-09-18T21:59:03Z INFO [9/368] 06543034-a261-498b-a0e8-f7b3d32f359c: 28 groups; 0.6 s; peak memory 104 MiB.
2026-09-18T21:59:05Z INFO [10/368] 0654a4f0-5300-4cc4-9f27-b8350bd04a36: 17 groups; 2.4 s; peak memory 109 MiB.
2026-09-18T21:59:06Z INFO [11/368] 0654bbd6-3706-4d30-b4e7-bcfee7f1c3db: 22 groups; 0.6 s; peak memory 109 MiB.
2026-09-18T21:59:12Z INFO [12/368] 06553df4-22a5-4c1c-8c62-d688b40edf2b: 201 groups; 6.3 s; peak memory 120 MiB.
2026-09-18T21:59:16Z INFO [13/368] 0655595d-cce5-46c1-b57d-becc785c2660: 122 groups; 4.4 s; peak memory 125 MiB.
2026-09-18T21:59:17Z INFO [14/368] 0655fca6-a89b-4fb0-b001-af59d773e192: 22 groups; 0.6 s; peak memory 125 MiB.
2026-09-18T21:59:18Z INFO [15/368] 06564355-37a9-4e4e-a408-044fbb58d2ae: 199 groups; 1.0 s; peak memory 125 MiB.
2026-09-18T21:59:19Z INFO [16/368] 06564d7c-eb5f-4c38-9839-0b683a842d88: 35 groups; 0.7 s; peak memory 125 MiB.
2026-09-18T21:59:19Z INFO [17/368] 06566cfe-5f8b-4b83-9075-59629872c4cf: 22 groups; 0.7 s; peak memory 125 MiB.
2026-09-18T21:59:23Z INFO [18/368] 0656b2ab-b374-40e0-bc3f-e24b4e8a0a65: 57 groups; 3.4 s; peak memory 125 MiB.
2026-09-18T21:59:24Z INFO [19/368] 06572ae3-0f68-4e5b-9962-b62170a61fac: 22 groups; 0.8 s; peak memory 126 MiB.
2026-09-18T21:59:24Z INFO [20/368] 06578be0-0314-4595-856e-067aba710103: 22 groups; 0.4 s; peak memory 126 MiB.
2026-09-18T21:59:25Z INFO [21/368] 065875df-55d8-4785-abff-22e7c7d1e350: 35 groups; 1.0 s; peak memory 126 MiB.
2026-09-18T21:59:26Z INFO [22/368] 06588843-144a-4294-a801-ae910f9ff18e: 35 groups; 0.9 s; peak memory 126 MiB.
2026-09-18T21:59:26Z INFO [23/368] 065a21d1-8076-4e71-932d-1ba3fdf29136: 35 groups; 0.6 s; peak memory 126 MiB.
2026-09-18T21:59:27Z INFO [24/368] 065a6a76-e45f-48f6-961b-00948e12bf44: 32 groups; 0.6 s; peak memory 126 MiB.
2026-09-18T21:59:28Z INFO [25/368] 065b371e-770b-4113-b41b-27f8e204cc56: 49 groups; 1.1 s; peak memory 126 MiB.
2026-09-18T21:59:33Z INFO [26/368] 065c0e14-a6a5-4caa-a11c-b1f846f616d7: 29 groups; 4.5 s; peak memory 126 MiB.
2026-09-18T21:59:33Z INFO [27/368] 065c1f7b-13f4-47b7-a2a2-4caa60060261: 32 groups; 0.7 s; peak memory 126 MiB.
2026-09-18T21:59:34Z INFO [28/368] 065ca47c-4b02-44ed-ba82-85561df18640: 194 groups; 1.0 s; peak memory 126 MiB.
2026-09-18T21:59:35Z INFO [29/368] 065cb80e-45b9-4bee-a5c8-4621b015ddee: 17 groups; 0.6 s; peak memory 126 MiB.
2026-09-18T21:59:36Z INFO [30/368] 065cda57-cb0c-4677-9a45-60f20e9a23f3: 254 groups; 0.8 s; peak memory 126 MiB.
2026-09-18T21:59:37Z INFO [31/368] 065d10e1-f3b0-40f5-8f00-99f5477144d6: 32 groups; 0.8 s; peak memory 126 MiB.
2026-09-18T21:59:37Z INFO [32/368] 065d4249-52e8-41d2-87ec-80e14b0ade0a: 22 groups; 0.6 s; peak memory 126 MiB.
2026-09-18T21:59:38Z INFO [33/368] 065dd638-b41b-4bc5-a0d2-c15664653d87: 194 groups; 0.7 s; peak memory 126 MiB.
2026-09-18T21:59:38Z INFO [34/368] 065e0c5d-baff-416f-9e97-f7a82f5e9d6c: 32 groups; 0.7 s; peak memory 126 MiB.
2026-09-18T21:59:39Z INFO [35/368] 065e4a6e-387e-4183-9724-9885445fa205: 35 groups; 0.7 s; peak memory 126 MiB.
2026-09-18T21:59:40Z INFO [36/368] 065eb967-79a0-4a95-b089-6f69fcdfb62d: 32 groups; 0.9 s; peak memory 126 MiB.
2026-09-18T21:59:41Z INFO [37/368] 065ecdf5-9f65-4033-a914-3c6a23c9ee0d: 22 groups; 0.7 s; peak memory 126 MiB.
2026-09-18T21:59:41Z INFO [38/368] 065fb623-256e-4537-bbc2-5956e35e675e: 22 groups; 0.6 s; peak memory 126 MiB.
2026-09-18T21:59:42Z INFO [39/368] 06603511-00ed-450a-aca2-a5f9372f1f05: 22 groups; 0.6 s; peak memory 126 MiB.
2026-09-18T21:59:43Z INFO [40/368] 06604994-2a1d-432e-9838-eaee4cf8c95a: 16 groups; 0.6 s; peak memory 126 MiB.
2026-09-18T21:59:44Z INFO [41/368] 066081a4-b69c-4808-8a43-f724d8633f14: 201 groups; 0.9 s; peak memory 126 MiB.
2026-09-18T21:59:44Z INFO [42/368] 0660ec7d-23c8-474c-b720-b5c0fc78d01b: 32 groups; 0.6 s; peak memory 126 MiB.
2026-09-18T21:59:48Z INFO [43/368] 06619f0a-40a6-401e-853f-7a31f3f096e8: 66 groups; 3.4 s; peak memory 126 MiB.
2026-09-18T21:59:48Z INFO [44/368] 0661b2f2-3fb4-437d-9e9b-66e727a0f45d: 22 groups; 0.6 s; peak memory 126 MiB.
2026-09-18T21:59:50Z INFO [45/368] 0661c340-d589-40bb-ab5d-c225a5c504c3: 55 groups; 1.4 s; peak memory 126 MiB.
2026-09-18T21:59:51Z INFO [46/368] 0661f13e-7eff-4247-aa95-2eae7b0c3960: 206 groups; 1.3 s; peak memory 126 MiB.
2026-09-18T21:59:52Z INFO [47/368] 066263e7-9b25-402b-aa7d-f0458407b1f1: 28 groups; 0.6 s; peak memory 126 MiB.
2026-09-18T21:59:52Z INFO [48/368] 0662a888-4665-4c5f-b2d8-838b3566f9ae: 25 groups; 0.7 s; peak memory 126 MiB.
2026-09-18T21:59:53Z INFO [49/368] 066302da-48a8-4bb6-99ef-073175c3fbff: 25 groups; 0.7 s; peak memory 126 MiB.
2026-09-18T21:59:53Z INFO [50/368] 066333ef-182a-43fa-81fb-88e3b616d707: 16 groups; 0.4 s; peak memory 126 MiB.
2026-09-18T21:59:53Z INFO [50/368] 066333ef-182a-43fa-81fb-88e3b616d707: checkpointed 49951 records.
2026-09-18T21:59:54Z INFO [51/368] 06639d76-dba2-41b8-960e-a7f021ec0264: 22 groups; 0.4 s; peak memory 126 MiB.
2026-09-18T21:59:55Z INFO [52/368] 0664090e-391b-4336-8e54-6cd92ca0346c: 48 groups; 1.4 s; peak memory 126 MiB.
2026-09-18T21:59:56Z INFO [53/368] 0664def5-43fb-4126-81ef-eb5ac37952d4: 252 groups; 0.6 s; peak memory 126 MiB.
2026-09-18T21:59:57Z INFO [54/368] 0665065c-e427-442e-a315-42233a9d6984: 32 groups; 0.8 s; peak memory 126 MiB.
2026-09-18T21:59:58Z INFO [55/368] 06651b7f-133b-43aa-b4ff-c8ccd271b49a: 202 groups; 0.9 s; peak memory 126 MiB.
2026-09-18T22:00:04Z INFO [56/368] 0665772e-6147-4057-85be-8caf934b2975: 209 groups; 5.9 s; peak memory 140 MiB.
2026-09-18T22:00:04Z INFO [57/368] 0666c67b-5338-44f1-a199-0f9fe1341f43: 16 groups; 0.5 s; peak memory 140 MiB.
2026-09-18T22:00:05Z INFO [58/368] 0666f5c2-5991-4cf5-afca-cc7131fd81af: 16 groups; 0.5 s; peak memory 140 MiB.
2026-09-18T22:00:05Z INFO [59/368] 0668b06a-e095-41aa-9a5d-634035f9be47: 32 groups; 0.6 s; peak memory 140 MiB.
2026-09-18T22:00:06Z INFO [60/368] 06696c11-d9c4-4b98-b994-1e0cc198140d: 35 groups; 0.8 s; peak memory 140 MiB.
2026-09-18T22:00:07Z INFO [61/368] 0669daa2-eefb-4ffc-9e52-37fea0a92681: 32 groups; 0.6 s; peak memory 140 MiB.
2026-09-18T22:00:08Z INFO [62/368] 066a734a-f816-4392-aedf-414b4cc0996f: 68 groups; 1.2 s; peak memory 140 MiB.
2026-09-18T22:05:01Z INFO [63/368] 066ae256-4ec2-4da4-a5f2-c8e106beadcd: 35 groups; 292.8 s; peak memory 1082 MiB.
2026-09-18T22:05:01Z INFO [64/368] 066b83e3-abd2-4e8a-92d1-b8852b924095: 17 groups; 0.6 s; peak memory 1082 MiB.
2026-09-18T22:05:10Z INFO [65/368] 066b97ad-c2df-44a8-a5aa-97b88f3f4170: 150 groups; 9.0 s; peak memory 1082 MiB.
2026-09-18T22:05:11Z INFO [66/368] 066ba34d-a0bd-4f6d-90de-1b9decfe64a9: 40 groups; 0.9 s; peak memory 1082 MiB.
2026-09-18T22:05:12Z INFO [67/368] 066bfd6e-57ae-4fa2-9672-9101c374df6c: 202 groups; 1.1 s; peak memory 1082 MiB.
2026-09-18T22:05:13Z INFO [68/368] 066d38d5-1a29-403e-9faa-01eaf255b2a1: 32 groups; 0.7 s; peak memory 1082 MiB.
2026-09-18T22:05:18Z INFO [69/368] 066d4585-4e66-4588-91a9-ce90944f5943: 204 groups; 5.1 s; peak memory 1082 MiB.
2026-09-18T22:05:20Z INFO [70/368] 066e8e7d-688b-4d06-8ef5-f266d187d4ba: 35 groups; 1.6 s; peak memory 1082 MiB.
2026-09-18T22:05:23Z INFO [71/368] 066ee288-2f8c-4e66-9b37-72ab6748659c: 181 groups; 3.7 s; peak memory 1082 MiB.
2026-09-18T22:05:24Z INFO [72/368] 066f1ceb-fe09-4b77-a07b-749c676de3bc: 32 groups; 0.8 s; peak memory 1082 MiB.
2026-09-18T22:05:25Z INFO [73/368] 066fc6ea-7bd6-4858-a891-67c8ec07e205: 32 groups; 0.9 s; peak memory 1082 MiB.
2026-09-18T22:06:50Z INFO [74/368] 066fe628-6620-4edc-941b-acd959ea1f25: 60 groups; 84.8 s; peak memory 1082 MiB.
2026-09-18T22:06:55Z INFO [75/368] 0670ff4b-76ab-49c3-af60-449a7b3180ba: 36 groups; 5.5 s; peak memory 1082 MiB.
2026-09-18T22:06:56Z INFO [76/368] 06713c4b-2793-4215-8347-0aa7ff15f92c: 336 groups; 1.1 s; peak memory 1082 MiB.
2026-09-18T22:06:57Z INFO [77/368] 06716380-e13d-46ae-8e7e-fa21c09903ce: 22 groups; 0.6 s; peak memory 1082 MiB.
2026-09-18T22:06:58Z INFO [78/368] 067173e7-2f5c-4e3a-9994-d2a9f19953f9: 22 groups; 0.7 s; peak memory 1082 MiB.
2026-09-18T22:06:59Z INFO [79/368] 0671a1e4-f049-4f43-af47-dc24c11e7938: 196 groups; 0.8 s; peak memory 1082 MiB.
2026-09-18T22:07:00Z INFO [80/368] 0671abb8-d94d-4b0d-b9b7-a2ea65b6b79e: 50 groups; 1.6 s; peak memory 1082 MiB.
2026-09-18T22:07:01Z INFO [81/368] 06725e0c-b79a-487e-90f4-2fceb008408d: 22 groups; 0.7 s; peak memory 1082 MiB.
2026-09-18T22:07:02Z INFO [82/368] 0672c6ea-b8a9-4268-afec-a5c0d7b40f6c: 35 groups; 1.0 s; peak memory 1082 MiB.
2026-09-18T22:07:06Z INFO [83/368] 06737f00-1e12-4ffe-96b9-958a9ec6b770: 161 groups; 4.0 s; peak memory 1082 MiB.
2026-09-18T22:07:07Z INFO [84/368] 0674b485-d393-44f1-80cf-85ad1eebd888: 36 groups; 0.9 s; peak memory 1082 MiB.
2026-09-18T22:07:07Z INFO [85/368] 06752a67-dfaf-4987-840c-6b42ba1e1cc7: 35 groups; 0.6 s; peak memory 1082 MiB.
2026-09-18T22:07:08Z INFO [86/368] 06760ea0-f991-4f89-ac3a-b7f77d3ee5ca: 22 groups; 0.7 s; peak memory 1082 MiB.
2026-09-18T22:07:09Z INFO [87/368] 06770aa1-7f0c-4bca-926c-1986745019d9: 35 groups; 0.8 s; peak memory 1082 MiB.
2026-09-18T22:07:09Z INFO [88/368] 067720cb-f739-4a07-b0e6-527c3138beb0: 35 groups; 0.8 s; peak memory 1082 MiB.
2026-09-18T22:07:10Z INFO [89/368] 06779cd8-6ab1-428c-99b0-7c4b688cb5df: 33 groups; 0.7 s; peak memory 1082 MiB.
2026-09-18T22:07:13Z INFO [90/368] 0677fdc3-5d92-4614-88d4-55ca0edf23da: 133 groups; 2.9 s; peak memory 1082 MiB.
2026-09-18T22:07:14Z INFO [91/368] 067803a4-c8cb-4420-a04f-97858aa1dcdb: 35 groups; 0.8 s; peak memory 1082 MiB.
2026-09-18T22:07:16Z INFO [92/368] 067899a7-e8d6-40d0-a8c7-5abeb032299d: 48 groups; 1.6 s; peak memory 1082 MiB.
2026-09-18T22:07:16Z INFO [93/368] 0678dd83-d6c0-4fa0-9b12-11a77f62458f: 25 groups; 0.8 s; peak memory 1082 MiB.
2026-09-18T22:07:18Z INFO [94/368] 0679437d-0e7c-424c-a8ee-5a23e63ae4a3: 48 groups; 1.4 s; peak memory 1082 MiB.
2026-09-18T22:07:19Z INFO [95/368] 0679a6e6-4c44-4e66-ba4e-f1f3922cd155: 25 groups; 0.8 s; peak memory 1082 MiB.
2026-09-18T22:07:23Z INFO [96/368] 067ab4db-be11-46c0-9988-ae251e4d92b4: 33 groups; 4.9 s; peak memory 1082 MiB.
2026-09-18T22:07:24Z INFO [97/368] 067b1310-aa5a-4e65-967f-6f05df4993c3: 22 groups; 0.7 s; peak memory 1082 MiB.
2026-09-18T22:07:25Z INFO [98/368] 067e0869-88d7-4858-8671-64bd9a4718b3: 200 groups; 1.2 s; peak memory 1082 MiB.
2026-09-18T22:07:27Z INFO [99/368] 067e2a15-cd15-4f21-90d7-2368247d0440: 48 groups; 1.2 s; peak memory 1082 MiB.
2026-09-18T22:07:27Z INFO [100/368] 067e99ec-def6-4ea4-a48f-4110ac40a042: 22 groups; 0.7 s; peak memory 1082 MiB.
2026-09-18T22:07:27Z INFO [100/368] 067e99ec-def6-4ea4-a48f-4110ac40a042: checkpointed 50001 records.
2026-09-18T22:07:28Z INFO [101/368] 067ea211-38bd-4f0a-87d4-107267bd9b3b: 107 groups; 0.7 s; peak memory 1082 MiB.
2026-09-18T22:07:29Z INFO [102/368] 067ea819-e5c4-418b-b391-ec5d803bbbc6: 32 groups; 0.8 s; peak memory 1082 MiB.
2026-09-18T22:07:33Z INFO [103/368] 067f8a20-3286-4b8a-aab5-97caa767bf14: 78 groups; 3.8 s; peak memory 1082 MiB.
2026-09-18T22:07:33Z INFO [104/368] 06800a34-27c5-4b64-bd5b-af269ad51f88: 22 groups; 0.6 s; peak memory 1082 MiB.
2026-09-18T22:07:34Z INFO [105/368] 0680a097-c76e-4382-8258-357f58305cad: 32 groups; 0.8 s; peak memory 1082 MiB.
2026-09-18T22:07:35Z INFO [106/368] 0681337e-3295-4bf2-bca6-4d88b3174b1c: 35 groups; 0.9 s; peak memory 1082 MiB.
2026-09-18T22:07:36Z INFO [107/368] 06822e81-78a2-489b-8385-98ed313a0bc1: 23 groups; 0.7 s; peak memory 1082 MiB.
2026-09-18T22:07:37Z INFO [108/368] 06823506-5894-477c-b550-f647813328bb: 32 groups; 0.9 s; peak memory 1082 MiB.
2026-09-18T22:07:37Z INFO [109/368] 06839373-286c-4716-b9cd-ed9dbff95b70: 22 groups; 0.8 s; peak memory 1082 MiB.
2026-09-18T22:07:41Z INFO [110/368] 06840152-7a68-4e42-a305-47635ddf2804: 60 groups; 3.5 s; peak memory 1082 MiB.
2026-09-18T22:09:03Z INFO [111/368] 068544af-4a80-4c85-aacc-7f424bdddebe: 71 groups; 82.2 s; peak memory 1082 MiB.
2026-09-18T22:09:04Z INFO [112/368] 0685cdec-9137-4d51-8a2c-7a03c41c3602: 35 groups; 1.1 s; peak memory 1082 MiB.
2026-09-18T22:09:05Z INFO [113/368] 0685f8af-b619-44f4-97f9-730de0f0a0cc: 29 groups; 0.7 s; peak memory 1082 MiB.
2026-09-18T22:09:06Z INFO [114/368] 06865f7a-9300-491f-b453-0579e039226d: 35 groups; 1.1 s; peak memory 1082 MiB.
2026-09-18T22:09:07Z INFO [115/368] 0686d53a-7143-445f-b9b3-2db75fb0174c: 22 groups; 0.7 s; peak memory 1082 MiB.
2026-09-18T22:09:07Z INFO [116/368] 0689954e-c04d-4da7-9c55-ffef5688914f: 16 groups; 0.6 s; peak memory 1082 MiB.
2026-09-18T22:09:08Z INFO [117/368] 0689bdf1-3d01-4a85-81bb-5e7893a8c61f: 25 groups; 0.7 s; peak memory 1082 MiB.
2026-09-18T22:09:09Z INFO [118/368] 068b1166-fad3-48d9-aeb9-f0c357b7e071: 32 groups; 0.8 s; peak memory 1082 MiB.
2026-09-18T22:09:09Z INFO [119/368] 068b739d-8203-494f-ac0a-62bac0e9c629: 16 groups; 0.4 s; peak memory 1082 MiB.
2026-09-18T22:09:10Z INFO [120/368] 068b9f1c-70d1-4bfe-a128-d3eb2266b2f5: 35 groups; 0.8 s; peak memory 1082 MiB.
2026-09-18T22:09:14Z INFO [121/368] 068c3275-84c4-4fbe-b2ae-3f3b783d6ae4: 34 groups; 3.8 s; peak memory 1082 MiB.
2026-09-18T22:09:14Z INFO [122/368] 068d32d5-549d-4bd9-a382-8614eb35bb41: 28 groups; 0.4 s; peak memory 1082 MiB.
2026-09-18T22:09:17Z INFO [123/368] 068dc429-acd4-4c92-8c2b-c27fe3189b83: 78 groups; 3.2 s; peak memory 1082 MiB.
2026-09-18T22:09:19Z INFO [124/368] 068e4a07-d6fb-42c2-a25a-06d488c926a5: 199 groups; 1.1 s; peak memory 1082 MiB.
2026-09-18T22:09:25Z INFO [125/368] 068e68ea-e5a3-4e6f-8b0c-c4f16a87bc5c: 214 groups; 6.9 s; peak memory 1082 MiB.
2026-09-18T22:09:27Z INFO [126/368] 068f7c23-e2cb-4a7e-92ea-2f9664da5f66: 56 groups; 1.7 s; peak memory 1082 MiB.
2026-09-18T22:09:30Z INFO [127/368] 06901957-e0d6-4878-9777-c6548606507a: 47 groups; 3.3 s; peak memory 1082 MiB.
2026-09-18T22:09:31Z INFO [128/368] 069032c7-9400-4a34-bed7-00b5b703e412: 22 groups; 0.6 s; peak memory 1082 MiB.
2026-09-18T22:09:32Z INFO [129/368] 06903dde-6011-402f-91e0-3c09f75d822e: 35 groups; 0.9 s; peak memory 1082 MiB.
2026-09-18T22:09:33Z INFO [130/368] 06907ff5-f13f-47d8-983c-1b4ad19e7d20: 22 groups; 0.6 s; peak memory 1082 MiB.
2026-09-18T22:09:34Z INFO [131/368] 0690d756-6b17-4950-8aec-5ad3f576a8f5: 336 groups; 1.0 s; peak memory 1082 MiB.
2026-09-18T22:09:34Z INFO [132/368] 06917472-079d-4450-aff0-3be17d684a7c: 19 groups; 0.5 s; peak memory 1082 MiB.
2026-09-18T22:09:35Z INFO [133/368] 06934eb7-ba6e-4cd3-9ed8-c58d4f839b0d: 35 groups; 0.7 s; peak memory 1082 MiB.
2026-09-18T22:09:35Z INFO [134/368] 0693fb77-1a5e-4d76-9007-c6bdc597d8cd: 32 groups; 0.7 s; peak memory 1082 MiB.
2026-09-18T22:09:36Z INFO [135/368] 06945228-6d8d-4dd2-a4fb-2f0b4909a370: 22 groups; 0.7 s; peak memory 1082 MiB.
2026-09-18T22:09:37Z INFO [136/368] 0694ea10-f91f-4812-8dfb-b07ac270fc98: 202 groups; 1.0 s; peak memory 1082 MiB.
2026-09-18T22:09:38Z INFO [137/368] 06951bd4-070e-410a-988f-4be2c7799d7a: 207 groups; 1.2 s; peak memory 1082 MiB.
2026-09-18T22:09:40Z INFO [138/368] 0695bf89-7f3e-4641-aec3-4890e462aaf1: 50 groups; 1.7 s; peak memory 1082 MiB.
2026-09-18T22:09:41Z INFO [139/368] 0696455a-cfe2-4312-a3d6-b028ff5ea3eb: 36 groups; 0.8 s; peak memory 1082 MiB.
2026-09-18T22:09:47Z INFO [140/368] 069661eb-7824-4010-bbe1-cb3bf218ac4a: 200 groups; 6.3 s; peak memory 1082 MiB.
2026-09-18T22:09:48Z INFO [141/368] 0696c590-0c01-44f7-9c9c-801eace5d87d: 22 groups; 0.6 s; peak memory 1082 MiB.
2026-09-18T22:09:48Z INFO [142/368] 06974da7-9166-4f1f-bfd0-50f5705ab1fd: 41 groups; 0.5 s; peak memory 1082 MiB.
2026-09-18T22:09:49Z INFO [143/368] 06985895-4eb7-4004-8fcd-cafb41ce8761: 35 groups; 0.7 s; peak memory 1082 MiB.
2026-09-18T22:09:50Z INFO [144/368] 069874f6-a203-45c4-a904-d8ac33082164: 207 groups; 1.0 s; peak memory 1082 MiB.
2026-09-18T22:09:51Z INFO [145/368] 06995c9a-893b-4235-b386-65bf579eafab: 48 groups; 1.4 s; peak memory 1082 MiB.
2026-09-18T22:09:52Z INFO [146/368] 069a0908-11ea-43fd-89c0-7161bb7a52a4: 35 groups; 0.7 s; peak memory 1082 MiB.
2026-09-18T22:11:05Z INFO [147/368] 069a3250-8ccd-4b02-85a3-da1e8284e601: 27 groups; 72.7 s; peak memory 1082 MiB.
2026-09-18T22:11:12Z INFO [148/368] 069a543e-c7e9-4015-987c-09fa1bbe122b: 220 groups; 6.7 s; peak memory 1082 MiB.
2026-09-18T22:11:12Z INFO [149/368] 069abc52-978a-4528-829b-957d9e6db292: 22 groups; 0.5 s; peak memory 1082 MiB.
2026-09-18T22:11:13Z INFO [150/368] 069b45d7-1d95-4679-b810-ad5ecef24d79: 35 groups; 0.8 s; peak memory 1082 MiB.
2026-09-18T22:11:13Z INFO [150/368] 069b45d7-1d95-4679-b810-ad5ecef24d79: checkpointed 50051 records.
2026-09-18T22:11:13Z INFO [151/368] 069b8683-a0a8-41c1-a7ed-7f55d16264a4: 17 groups; 0.4 s; peak memory 1082 MiB.
2026-09-18T22:11:21Z INFO [152/368] 069bab1e-cbca-440c-87ee-d561e180749f: 164 groups; 7.6 s; peak memory 1082 MiB.
2026-09-18T22:11:21Z INFO [153/368] 069be5ca-4bce-4177-830b-a7e9b9395e78: 26 groups; 0.5 s; peak memory 1082 MiB.
2026-09-18T22:11:22Z INFO [154/368] 069c27ca-2242-42f4-9c61-d5b107ee62ce: 22 groups; 0.6 s; peak memory 1082 MiB.
2026-09-18T22:11:23Z INFO [155/368] 069c474d-9118-429a-a69c-034d8070ad1f: 199 groups; 1.1 s; peak memory 1082 MiB.
2026-09-18T22:11:24Z INFO [156/368] 069cb574-8dd0-4c46-9c45-e73a673dc394: 103 groups; 0.6 s; peak memory 1082 MiB.
2026-09-18T22:11:25Z INFO [157/368] 069d7758-9d88-4420-b691-a4bec2692b76: 337 groups; 1.0 s; peak memory 1082 MiB.
2026-09-18T22:11:27Z INFO [158/368] 069da60f-2eeb-4c8d-8d11-6140332dd31f: 32 groups; 2.7 s; peak memory 1082 MiB.
2026-09-18T22:11:28Z INFO [159/368] 069df294-cf2f-4195-b6dd-cd7471f17930: 32 groups; 0.8 s; peak memory 1082 MiB.
2026-09-18T22:11:34Z INFO [160/368] 069ec362-d03a-4f3c-b126-45d035de7e56: 2098 groups; 6.1 s; peak memory 1082 MiB.
2026-09-18T22:11:35Z INFO [161/368] 069f0101-1f71-4217-ad91-6cecb3262a42: 21 groups; 0.7 s; peak memory 1082 MiB.
2026-09-18T22:11:36Z INFO [162/368] 06a07c0b-36cb-432a-a785-ae557877dc4a: 35 groups; 0.8 s; peak memory 1082 MiB.
2026-09-18T22:11:36Z INFO [163/368] 06a0ca48-b819-4d49-8e4d-8ac0e0219a59: 25 groups; 0.7 s; peak memory 1082 MiB.
2026-09-18T22:11:37Z INFO [164/368] 06a1998b-ef7d-4390-aa1d-42ac2e7ea983: 22 groups; 0.5 s; peak memory 1082 MiB.
2026-09-18T22:11:37Z INFO [165/368] 06a2fb2e-48f7-4930-93d9-aeb6bfcce6e4: 32 groups; 0.6 s; peak memory 1082 MiB.
2026-09-18T22:11:38Z INFO [166/368] 06a30362-8d18-4dd3-96ea-63ef600a3c0e: 32 groups; 0.6 s; peak memory 1082 MiB.
2026-09-18T22:11:39Z INFO [167/368] 06a36259-7480-4845-bafc-25dcaf35d2d0: 16 groups; 0.6 s; peak memory 1082 MiB.
2026-09-18T22:11:39Z INFO [168/368] 06a37b5d-0bda-4735-ab67-a4ab67f74eda: 194 groups; 0.7 s; peak memory 1082 MiB.
2026-09-18T22:11:40Z INFO [169/368] 06a40fae-6f18-41cc-a11b-560a38ac0f01: 42 groups; 0.9 s; peak memory 1082 MiB.
2026-09-18T22:11:55Z INFO [170/368] 06a42936-152f-4887-bf61-69f1f342b3b7: 23 groups; 14.7 s; peak memory 1082 MiB.
2026-09-18T22:13:33Z INFO [171/368] 06a45a06-2c5e-46e0-b296-b0d2348f5b71: 77 groups; 97.6 s; peak memory 1082 MiB.
2026-09-18T22:13:34Z INFO [172/368] 06a4ac18-4298-4c0e-8de7-262480d26fe7: 48 groups; 1.5 s; peak memory 1082 MiB.
2026-09-18T22:13:35Z INFO [173/368] 06a4ba8d-3ee7-4b95-a526-cb115140ce6d: 32 groups; 0.8 s; peak memory 1082 MiB.
2026-09-18T22:13:36Z INFO [174/368] 06a51566-2b6a-4710-a7b0-766aa7fdec86: 32 groups; 0.7 s; peak memory 1082 MiB.
2026-09-18T22:14:01Z INFO [175/368] 06a6f7ca-0eb3-4bac-b3c3-92a3765e8411: 27 groups; 25.4 s; peak memory 1082 MiB.
2026-09-18T22:14:02Z INFO [176/368] 06a7698f-c5a0-4b99-b69f-c83403fb46b5: 27 groups; 0.9 s; peak memory 1082 MiB.
2026-09-18T22:14:03Z INFO [177/368] 06a7b248-dc05-43f6-b1ea-a3e94e9e1b2a: 26 groups; 0.7 s; peak memory 1082 MiB.
2026-09-18T22:14:03Z INFO [178/368] 06a84a58-3e91-4511-b33b-5c800dbc13d8: 22 groups; 0.6 s; peak memory 1082 MiB.
2026-09-18T22:14:04Z INFO [179/368] 06ab3ffb-96c8-4b4d-bca8-f703d14985e5: 201 groups; 1.0 s; peak memory 1082 MiB.
2026-09-18T22:14:05Z INFO [180/368] 06ab54c6-cc4b-47d6-bf59-4afac59d43f6: 35 groups; 0.6 s; peak memory 1082 MiB.
2026-09-18T22:14:05Z INFO [181/368] 06ac5207-b81a-4c1a-8f0b-7cd15dc2704d: 25 groups; 0.7 s; peak memory 1082 MiB.
2026-09-18T22:14:11Z INFO [182/368] 06ac6271-2864-4cf8-b722-7c8397d45830: 1734 groups; 5.5 s; peak memory 1082 MiB.
2026-09-18T22:14:12Z INFO [183/368] 06ac6daa-e3d7-4749-9a30-6332cd16fbcf: 32 groups; 0.7 s; peak memory 1082 MiB.
2026-09-18T22:14:13Z INFO [184/368] 06acabc1-55cb-41ae-99ba-470e7db3d465: 336 groups; 1.1 s; peak memory 1082 MiB.
2026-09-18T22:14:18Z INFO [185/368] 06acdb17-e04c-44b1-8b62-c1080201e2ff: 123 groups; 5.8 s; peak memory 1082 MiB.
2026-09-18T22:14:25Z INFO [186/368] 06ad1bff-d004-452b-ba77-8f733be981e3: 259 groups; 6.9 s; peak memory 1082 MiB.
2026-09-18T22:14:26Z INFO [187/368] 06ad3f12-3e5e-46b1-b1c9-4205e07b00b3: 207 groups; 0.9 s; peak memory 1082 MiB.
2026-09-18T22:14:27Z INFO [188/368] 06ad414d-b352-4ec2-b09b-08a4ac09e733: 25 groups; 0.8 s; peak memory 1082 MiB.
2026-09-18T22:14:28Z INFO [189/368] 06adb2f1-0c3a-4342-b837-8527b75b99a1: 202 groups; 0.8 s; peak memory 1082 MiB.
2026-09-18T22:14:28Z INFO [190/368] 06adf77a-2613-424c-8ce5-4f3d07408251: 16 groups; 0.5 s; peak memory 1082 MiB.
2026-09-18T22:14:29Z INFO [191/368] 06ae25ee-2d16-479a-b2bc-17c91a6a38c8: 196 groups; 0.9 s; peak memory 1082 MiB.
2026-09-18T22:14:35Z INFO [192/368] 06ae2a51-f31b-4cd5-96ed-0b4e6caff5a8: 110 groups; 6.4 s; peak memory 1082 MiB.
2026-09-18T22:14:36Z INFO [193/368] 06af3bf0-6431-4fed-ae2b-71ee6133a5f0: 33 groups; 0.7 s; peak memory 1082 MiB.
2026-09-18T22:14:37Z INFO [194/368] 06af6d3b-29e1-40ea-bcbf-4c6d7b4d90cd: 20 groups; 0.7 s; peak memory 1082 MiB.
2026-09-18T22:14:42Z INFO [195/368] 06af9f8c-02e6-4c1f-8c42-dd53f6a005ba: 120 groups; 4.9 s; peak memory 1082 MiB.
2026-09-18T22:14:42Z INFO [196/368] 06b1a6d6-af87-469c-9f6f-19adddfe35ef: 22 groups; 0.6 s; peak memory 1082 MiB.
2026-09-18T22:14:43Z INFO [197/368] 06b2dc87-d51a-4266-ad20-c26a6785ec04: 32 groups; 0.6 s; peak memory 1082 MiB.
2026-09-18T22:14:46Z INFO [198/368] 06b36388-bc43-438c-b223-1f1d1134cbdf: 181 groups; 3.3 s; peak memory 1082 MiB.
2026-09-18T22:14:47Z INFO [199/368] 06b59672-1987-4e5d-b42b-562d1dd6fb5e: 31 groups; 0.6 s; peak memory 1082 MiB.
2026-09-18T22:14:48Z INFO [200/368] 06b632fd-83d2-4b32-863f-0fa98e759dc7: 36 groups; 1.3 s; peak memory 1082 MiB.
2026-09-18T22:14:48Z INFO [200/368] 06b632fd-83d2-4b32-863f-0fa98e759dc7: checkpointed 50101 records.
2026-09-18T22:14:51Z INFO [201/368] 06b673dd-5b95-4a11-8842-be670539ffe6: 78 groups; 2.5 s; peak memory 1082 MiB.
2026-09-18T22:15:03Z INFO [202/368] 06b6d236-7acc-4b43-b7e8-0fb285f7476b: 26 groups; 12.4 s; peak memory 1082 MiB.
2026-09-18T22:15:04Z INFO [203/368] 06b87680-a495-47ee-914a-164c2ab6ce22: 27 groups; 0.9 s; peak memory 1082 MiB.
2026-09-18T22:15:08Z INFO [204/368] 06b939c9-ca7f-4051-8507-dcef3760e3c9: 257 groups; 4.0 s; peak memory 1082 MiB.
2026-09-18T22:15:09Z INFO [205/368] 06b948a5-44dd-4b83-a8b8-c2856a35a10d: 35 groups; 0.8 s; peak memory 1082 MiB.
2026-09-18T22:15:09Z INFO [206/368] 06b96a59-f5f6-4a18-a3e3-8c0a0307ccfe: 22 groups; 0.6 s; peak memory 1082 MiB.
2026-09-18T22:15:11Z INFO [207/368] 06b9f802-6066-4866-b081-0f938c7b8925: 207 groups; 1.3 s; peak memory 1082 MiB.
2026-09-18T22:15:13Z INFO [208/368] 06ba0464-670b-485a-b95f-7f6d2aecbbf5: 130 groups; 2.4 s; peak memory 1082 MiB.
2026-09-18T22:15:14Z INFO [209/368] 06ba45c5-df5d-4213-b3a6-ebd1f18cc60e: 22 groups; 0.7 s; peak memory 1082 MiB.
2026-09-18T22:15:14Z INFO [210/368] 06ba9f0a-50ef-4ddb-b8a2-06f5d6452eaf: 22 groups; 0.6 s; peak memory 1082 MiB.
2026-09-18T22:15:15Z INFO [211/368] 06bad4c6-b2f7-4d2f-9679-ea4493314f31: 22 groups; 0.7 s; peak memory 1082 MiB.
2026-09-18T22:15:16Z INFO [212/368] 06bb0218-d354-4d35-87e2-fa007a946e19: 32 groups; 0.8 s; peak memory 1082 MiB.
2026-09-18T22:15:16Z INFO [213/368] 06bb05e2-dfa6-44f7-8491-ecd85c5f8ea4: 18 groups; 0.5 s; peak memory 1082 MiB.
2026-09-18T22:15:21Z INFO [214/368] 06bbb83c-6693-462a-8baa-ae74321eff8f: 27 groups; 4.9 s; peak memory 1082 MiB.
2026-09-18T22:15:23Z INFO [215/368] 06bbba00-e75b-4026-9b43-6455ebe66ad7: 207 groups; 1.3 s; peak memory 1082 MiB.
2026-09-18T22:15:23Z INFO [216/368] 06bbd2ee-f2fd-4f08-b04a-4bbeafe6216a: 26 groups; 0.6 s; peak memory 1082 MiB.
2026-09-18T22:15:30Z INFO [217/368] 06bbf4c8-bf00-442c-a5c7-0aa4a8a92d52: 540 groups; 6.7 s; peak memory 1082 MiB.
2026-09-18T22:15:31Z INFO [218/368] 06bc3b1f-a27b-404b-ba6b-7ebb4abebcd2: 22 groups; 0.7 s; peak memory 1082 MiB.
2026-09-18T22:15:31Z INFO [219/368] 06bc47d6-e262-4301-9ce9-2e5e20fe51d2: 25 groups; 0.4 s; peak memory 1082 MiB.
2026-09-18T22:15:32Z INFO [220/368] 06bc75d9-df96-4627-8ccc-0d0e671b4a96: 35 groups; 1.0 s; peak memory 1082 MiB.
2026-09-18T22:15:33Z INFO [221/368] 06bcd71c-c799-4fd7-9d4c-a9a56f031fcb: 203 groups; 0.8 s; peak memory 1082 MiB.
2026-09-18T22:15:33Z INFO [222/368] 06bd46ab-8e6a-4fda-b7bb-1d598d741451: 22 groups; 0.6 s; peak memory 1082 MiB.
2026-09-18T22:15:34Z INFO [223/368] 06bdd708-d431-4143-9e4e-d02baa006fb9: 22 groups; 0.6 s; peak memory 1082 MiB.
2026-09-18T22:15:35Z INFO [224/368] 06be5078-b0e3-44e2-9c25-ef73b876fcbb: 43 groups; 0.8 s; peak memory 1082 MiB.
2026-09-18T22:17:05Z INFO [225/368] 06be77f0-37a4-4e69-b173-3b1264d4f5e3: 72 groups; 90.6 s; peak memory 1082 MiB.
2026-09-18T22:17:06Z INFO [226/368] 06bebdd1-bc00-406a-9ff8-ca0a034b2b21: 22 groups; 0.7 s; peak memory 1082 MiB.
2026-09-18T22:17:08Z INFO [227/368] 06bee6e5-3021-422d-bd25-1630b9b97a4b: 48 groups; 1.6 s; peak memory 1082 MiB.
2026-09-18T22:17:10Z INFO [228/368] 06c04671-cdc1-47d9-8ebf-e930fd7d0add: 47 groups; 2.0 s; peak memory 1082 MiB.
2026-09-18T22:17:10Z INFO [229/368] 06c04ecb-34a0-4ec2-848d-7f5ae5903928: 16 groups; 0.4 s; peak memory 1082 MiB.
2026-09-18T22:17:12Z INFO [230/368] 06c0852f-4274-4b87-86ba-0dcce0f391d5: 48 groups; 1.4 s; peak memory 1082 MiB.
2026-09-18T22:17:13Z INFO [231/368] 06c10bff-f902-4390-8905-d7d3caddf49c: 61 groups; 1.9 s; peak memory 1082 MiB.
2026-09-18T22:17:14Z INFO [232/368] 06c19121-b58c-4d1e-a9a2-8b0e15db9c80: 29 groups; 0.8 s; peak memory 1082 MiB.
2026-09-18T22:17:16Z INFO [233/368] 06c20fd0-c33b-4190-bd8a-444e6d8bd559: 17 groups; 1.3 s; peak memory 1082 MiB.
2026-09-18T22:17:16Z INFO [234/368] 06c22bf4-90fc-4c58-ae74-5a03cdf99482: 29 groups; 0.7 s; peak memory 1082 MiB.
2026-09-18T22:17:17Z INFO [235/368] 06c2d84a-f3f5-4814-bf4b-e2378aebb6a3: 103 groups; 0.9 s; peak memory 1082 MiB.
2026-09-18T22:17:18Z INFO [236/368] 06c2dd83-489b-4665-a4c4-ce80f90d42ea: 32 groups; 0.7 s; peak memory 1082 MiB.
2026-09-18T22:17:26Z INFO [237/368] 06c3cec9-b949-4f2f-987e-21d332d4eac0: 264 groups; 8.2 s; peak memory 1082 MiB.
2026-09-18T22:17:27Z INFO [238/368] 06c3d9d6-2d5b-46a4-8767-4ecfef786be4: 32 groups; 0.8 s; peak memory 1082 MiB.
2026-09-18T22:17:29Z INFO [239/368] 06c406c5-0b7d-4fa3-8c10-f1d837d51bec: 61 groups; 1.7 s; peak memory 1082 MiB.
2026-09-18T22:17:29Z INFO [240/368] 06c50847-1e39-4739-8888-27b33551fe89: 16 groups; 0.5 s; peak memory 1082 MiB.
2026-09-18T22:17:30Z INFO [241/368] 06c542eb-1cb7-4cf0-bb52-1a6b231acfe9: 22 groups; 0.7 s; peak memory 1082 MiB.
2026-09-18T22:17:30Z INFO [242/368] 06c66c66-f38d-4380-a413-3f61021cad42: 32 groups; 0.7 s; peak memory 1082 MiB.
2026-09-18T22:17:31Z INFO [243/368] 06c6ccac-13ef-4062-a36c-6629fc3ba100: 28 groups; 0.4 s; peak memory 1082 MiB.
2026-09-18T22:17:38Z INFO [244/368] 06c87314-0af0-415a-9ec2-4c979956f046: 125 groups; 7.0 s; peak memory 1082 MiB.
2026-09-18T22:17:39Z INFO [245/368] 06c8ec13-16fe-462a-b716-231bfa3755bf: 32 groups; 0.7 s; peak memory 1082 MiB.
2026-09-18T22:17:42Z INFO [246/368] 06c92b40-d753-4258-a87b-ac2dace91d87: 32 groups; 3.7 s; peak memory 1082 MiB.
2026-09-18T22:17:43Z INFO [247/368] 06c994a6-2512-4e1f-8047-7a27783fa13f: 22 groups; 0.7 s; peak memory 1082 MiB.
2026-09-18T22:17:44Z INFO [248/368] 06c9985c-8afd-4fc1-8512-f7952082900f: 22 groups; 0.5 s; peak memory 1082 MiB.
2026-09-18T22:17:45Z INFO [249/368] 06ca6240-e7b1-4c14-b85c-e944f1aa44ad: 48 groups; 1.4 s; peak memory 1082 MiB.
2026-09-18T22:17:46Z INFO [250/368] 06cb8990-43e4-47ab-87cc-9ea334cc8d52: 33 groups; 0.9 s; peak memory 1082 MiB.
2026-09-18T22:17:46Z INFO [250/368] 06cb8990-43e4-47ab-87cc-9ea334cc8d52: checkpointed 50151 records.
2026-09-18T22:17:47Z INFO [251/368] 06cbb96c-4939-4f27-af8f-512813abb0b2: 22 groups; 0.6 s; peak memory 1082 MiB.
2026-09-18T22:17:47Z INFO [252/368] 06cc7740-f6c6-4ea3-9681-dbcbc8187e1e: 30 groups; 0.8 s; peak memory 1082 MiB.
2026-09-18T22:17:48Z INFO [253/368] 06cd30bc-0dba-4d70-8270-02c4a552a462: 22 groups; 0.5 s; peak memory 1082 MiB.
2026-09-18T22:17:54Z INFO [254/368] 06ce8281-62ab-4cd5-b8b4-f9e4737c7aef: 22 groups; 6.2 s; peak memory 1082 MiB.
2026-09-18T22:18:03Z INFO [255/368] 06ceadf8-2b2f-4f6b-a381-e80283a89167: 195 groups; 9.1 s; peak memory 1082 MiB.
2026-09-18T22:18:05Z INFO [256/368] 06cec589-03ac-417e-923a-5e5f266a9c2e: 34 groups; 2.1 s; peak memory 1082 MiB.
2026-09-18T22:18:06Z INFO [257/368] 06cef23d-a24d-47a9-adc7-9f8b5b20c481: 41 groups; 0.9 s; peak memory 1082 MiB.
2026-09-18T22:18:07Z INFO [258/368] 06cf651b-5308-4c15-bc17-5a0190a8438c: 22 groups; 0.7 s; peak memory 1082 MiB.
2026-09-18T22:18:13Z INFO [259/368] 06d0fb30-3ae3-4f79-ba5e-40dc2d7db17c: 45 groups; 5.9 s; peak memory 1082 MiB.
2026-09-18T22:18:14Z INFO [260/368] 06d11aca-94ed-4cf7-8326-0448efb15d02: 341 groups; 1.2 s; peak memory 1082 MiB.
2026-09-18T22:18:15Z INFO [261/368] 06d12ec9-1968-42bc-805f-ccabe28df599: 35 groups; 1.1 s; peak memory 1082 MiB.
2026-09-18T22:18:16Z INFO [262/368] 06d16ae2-f3a2-404e-83a5-d07f5a70e4a5: 32 groups; 0.7 s; peak memory 1082 MiB.
2026-09-18T22:18:17Z INFO [263/368] 06d25ba4-8c20-4f6f-9769-4fca0bb337e8: 33 groups; 1.1 s; peak memory 1082 MiB.
2026-09-18T22:19:47Z INFO [264/368] 06d28ad6-b425-4f51-8d14-1b49549730f4: 71 groups; 90.5 s; peak memory 1082 MiB.
2026-09-18T22:19:48Z INFO [265/368] 06d313ec-ad43-4e30-962a-4b304e6ea6b7: 32 groups; 0.6 s; peak memory 1082 MiB.
2026-09-18T22:19:49Z INFO [266/368] 06d32643-00da-4004-b879-471f34300df5: 22 groups; 0.8 s; peak memory 1082 MiB.
2026-09-18T22:19:49Z INFO [267/368] 06d6dc25-6f9e-4b24-87e5-f487731cc6e9: 22 groups; 0.5 s; peak memory 1082 MiB.
2026-09-18T22:19:50Z INFO [268/368] 06d7c812-cb9f-46ce-b6f5-3a5004bde741: 22 groups; 0.7 s; peak memory 1082 MiB.
2026-09-18T22:19:51Z INFO [269/368] 06d8c67a-9191-475a-aaa9-c3f4a17e19c5: 25 groups; 0.8 s; peak memory 1082 MiB.
2026-09-18T22:19:51Z INFO [270/368] 06d8f77b-84b3-4aa9-938c-d578dfa97fb1: 22 groups; 0.6 s; peak memory 1082 MiB.
2026-09-18T22:19:52Z INFO [271/368] 06db3161-2640-4ad3-89bb-5cddd78a1167: 18 groups; 0.6 s; peak memory 1082 MiB.
2026-09-18T22:19:56Z INFO [272/368] 06dbdb68-2b75-4a46-b1e7-c1ae7acb4557: 64 groups; 4.1 s; peak memory 1082 MiB.
2026-09-18T22:19:59Z INFO [273/368] 06dcc3fa-9be5-464e-822d-dcbaed5cdb60: 181 groups; 3.2 s; peak memory 1082 MiB.
2026-09-18T22:20:00Z INFO [274/368] 06dcd44b-7f1f-43b3-9dcd-ca85717046ba: 194 groups; 1.1 s; peak memory 1082 MiB.
2026-09-18T22:20:07Z INFO [275/368] 06de4971-6636-470e-881d-d7fd3b459a80: 148 groups; 7.1 s; peak memory 1082 MiB.
2026-09-18T22:20:08Z INFO [276/368] 06de9942-a456-4778-bdb8-7af4fcddaaeb: 22 groups; 0.6 s; peak memory 1082 MiB.
2026-09-18T22:20:09Z INFO [277/368] 06e09502-583a-4aec-86ec-b7c0f47e8332: 35 groups; 1.1 s; peak memory 1082 MiB.
2026-09-18T22:20:10Z INFO [278/368] 06e0c2de-42c6-41a3-a564-8541cdebd293: 22 groups; 0.7 s; peak memory 1082 MiB.
2026-09-18T22:20:10Z INFO [279/368] 06e13c6d-9335-4112-a16c-3eb0edc50190: 35 groups; 0.8 s; peak memory 1082 MiB.
2026-09-18T22:20:11Z INFO [280/368] 06e1bcc1-c249-4881-9c21-51f98cc10b30: 22 groups; 0.7 s; peak memory 1082 MiB.
2026-09-18T22:20:26Z INFO [281/368] 06e2a615-8f69-4a81-b31a-12c1cd8d06d0: 23 groups; 15.0 s; peak memory 1082 MiB.
2026-09-18T22:20:27Z INFO [282/368] 06e43f54-b408-4be3-815d-5caec0547692: 35 groups; 0.9 s; peak memory 1082 MiB.
2026-09-18T22:20:28Z INFO [283/368] 06e46c02-ce70-4049-84c4-0e86db4d3bc8: 22 groups; 0.7 s; peak memory 1082 MiB.
2026-09-18T22:20:28Z INFO [284/368] 06e476f3-8f89-4e80-bbbe-f84e986fc681: 32 groups; 0.9 s; peak memory 1082 MiB.
2026-09-18T22:20:29Z INFO [285/368] 06e6fc99-1753-4f5f-9296-6ea4c90986ee: 32 groups; 0.9 s; peak memory 1082 MiB.
2026-09-18T22:20:32Z INFO [286/368] 06e78a4e-0d80-40ee-800e-c95929835da7: 78 groups; 3.0 s; peak memory 1082 MiB.
2026-09-18T22:20:33Z INFO [287/368] 06e7d33c-fd51-49d7-8496-b279d871d555: 35 groups; 0.9 s; peak memory 1082 MiB.
2026-09-18T22:20:34Z INFO [288/368] 06e7dd0a-1bde-4f60-98ca-263e7306c773: 32 groups; 0.8 s; peak memory 1082 MiB.
2026-09-18T22:20:35Z INFO [289/368] 06e82a3e-a375-4c5b-acce-84ce447a941d: 29 groups; 0.8 s; peak memory 1082 MiB.
2026-09-18T22:20:39Z INFO [290/368] 06e835df-a95d-4619-897b-326a03a9fc1a: 182 groups; 4.3 s; peak memory 1082 MiB.
2026-09-18T22:20:40Z INFO [291/368] 06e940c6-5b62-46a0-a5c2-85014d146978: 31 groups; 0.5 s; peak memory 1082 MiB.
2026-09-18T22:20:40Z INFO [292/368] 06e9e181-fb03-49ca-8f09-720e675ed171: 22 groups; 0.7 s; peak memory 1082 MiB.
2026-09-18T22:20:41Z INFO [293/368] 06eb1dd0-c897-431d-9096-5bc054b7e8bb: 33 groups; 0.9 s; peak memory 1082 MiB.
2026-09-18T22:20:47Z INFO [294/368] 06eb855e-71d0-4f18-b414-bb242df0753c: 182 groups; 5.3 s; peak memory 1082 MiB.
2026-09-18T22:21:00Z INFO [295/368] 06ebd6bf-3053-4ec4-b5bb-ca5afc7fc954: 23 groups; 13.3 s; peak memory 1082 MiB.
2026-09-18T22:21:01Z INFO [296/368] 06ed2009-7b81-41a1-9b65-8816b40401f5: 35 groups; 0.8 s; peak memory 1082 MiB.
2026-09-18T22:21:01Z INFO [297/368] 06ed35ac-acc7-457a-955f-1fc203adfcc9: 22 groups; 0.6 s; peak memory 1082 MiB.
2026-09-18T22:21:02Z INFO [298/368] 06ed95e7-af10-4d7b-8f9c-ce24e2c7e4d5: 22 groups; 0.6 s; peak memory 1082 MiB.
2026-09-18T22:21:03Z INFO [299/368] 06ef13db-f796-4940-8372-e5d1cb843615: 25 groups; 0.8 s; peak memory 1082 MiB.
2026-09-18T22:21:03Z INFO [300/368] 06ef59aa-7f93-462c-91f3-0b201f6e5247: 35 groups; 0.8 s; peak memory 1082 MiB.
2026-09-18T22:21:04Z INFO [300/368] 06ef59aa-7f93-462c-91f3-0b201f6e5247: checkpointed 50201 records.
2026-09-18T22:21:04Z INFO [301/368] 06f12bf9-59be-4f89-85b6-738469bcaea8: 30 groups; 0.6 s; peak memory 1082 MiB.
2026-09-18T22:22:38Z INFO [302/368] 06f1585c-ce8d-43c5-83f5-695393283d0c: 77 groups; 93.7 s; peak memory 1082 MiB.
2026-09-18T22:22:42Z INFO [303/368] 06f17a7e-eb1a-47f6-8a61-23d0a32d09e9: 173 groups; 3.9 s; peak memory 1082 MiB.
2026-09-18T22:22:44Z INFO [304/368] 06f22148-1d77-4cea-a4eb-8a2628ab171a: 50 groups; 1.7 s; peak memory 1082 MiB.
2026-09-18T22:22:45Z INFO [305/368] 06f257a6-436f-416d-b654-2fac9dd1d10b: 200 groups; 1.3 s; peak memory 1082 MiB.
2026-09-18T22:22:46Z INFO [306/368] 06f2fd04-61a2-4aa5-b2dd-71ea210095e0: 71 groups; 0.9 s; peak memory 1082 MiB.
2026-09-18T22:22:46Z INFO [307/368] 06f3755b-4e1b-44a0-adcd-bd6d3b2759f7: 24 groups; 0.6 s; peak memory 1082 MiB.
2026-09-18T22:22:47Z INFO [308/368] 06f3f475-696a-4597-b0a9-cd713ae9699b: 337 groups; 1.0 s; peak memory 1082 MiB.
2026-09-18T22:22:48Z INFO [309/368] 06f4e07e-45b2-4b05-8263-60565a16a381: 32 groups; 0.6 s; peak memory 1082 MiB.
2026-09-18T22:22:49Z INFO [310/368] 06f54428-d52c-4ef0-b95f-198d4096b805: 32 groups; 0.7 s; peak memory 1082 MiB.
2026-09-18T22:22:49Z INFO [311/368] 06f5a764-45fb-45a6-a0aa-10c356929d4e: 22 groups; 0.7 s; peak memory 1082 MiB.
2026-09-18T22:22:50Z INFO [312/368] 06f61bcb-bd0c-44c0-942d-40d5c3249ed0: 31 groups; 0.6 s; peak memory 1082 MiB.
2026-09-18T22:22:51Z INFO [313/368] 06f63e7e-d818-4771-81bb-0912290effa4: 194 groups; 1.0 s; peak memory 1082 MiB.
2026-09-18T22:22:52Z INFO [314/368] 06f64097-73ad-4f74-9bb8-fb2a48843f20: 32 groups; 0.8 s; peak memory 1082 MiB.
2026-09-18T22:22:52Z INFO [315/368] 06f6e545-50a8-40d1-b733-1fb4977078a9: 22 groups; 0.7 s; peak memory 1082 MiB.
2026-09-18T22:22:55Z INFO [316/368] 06f7b773-24ca-40b1-8088-6990c585c856: 17 groups; 2.5 s; peak memory 1082 MiB.
2026-09-18T22:23:07Z INFO [317/368] 06f8bad9-0b14-4f8f-bf22-36f9a2242a07: 255 groups; 11.8 s; peak memory 1082 MiB.
2026-09-18T22:23:08Z INFO [318/368] 06f931a2-9506-4cc0-9fd1-c9c92df87adf: 35 groups; 0.9 s; peak memory 1082 MiB.
2026-09-18T22:23:08Z INFO [319/368] 06f998a1-28f8-4fee-a22e-2474597bcbfe: 32 groups; 0.8 s; peak memory 1082 MiB.
2026-09-18T22:23:09Z INFO [320/368] 06f9b155-a3ed-405f-9d5c-5213e0b0e71a: 22 groups; 0.6 s; peak memory 1082 MiB.
2026-09-18T22:23:09Z INFO [321/368] 06fa60e0-a00b-4cc4-b923-b5dcabba25ce: 29 groups; 0.6 s; peak memory 1082 MiB.
2026-09-18T22:23:10Z INFO [322/368] 06fb1ace-4ae1-4e18-a878-878abda15773: 32 groups; 0.7 s; peak memory 1082 MiB.
2026-09-18T22:23:11Z INFO [323/368] 06fbc24f-d03a-4c68-b279-a2916544caf9: 35 groups; 0.8 s; peak memory 1082 MiB.
2026-09-18T22:23:12Z INFO [324/368] 06fc4f50-2b5d-47e2-9aa6-e81fd51207a4: 17 groups; 1.3 s; peak memory 1082 MiB.
2026-09-18T22:23:13Z INFO [325/368] 06fd00af-280d-4d53-b9e7-82c4e5ad438c: 32 groups; 0.7 s; peak memory 1082 MiB.
2026-09-18T22:23:14Z INFO [326/368] 06fe3605-7ecf-4a3f-9e1d-853fb1ad4297: 202 groups; 0.7 s; peak memory 1082 MiB.
2026-09-18T22:23:15Z INFO [327/368] 06fef91e-8699-4ea4-ad43-7ad0df5ac7df: 32 groups; 1.0 s; peak memory 1082 MiB.
2026-09-18T22:24:36Z INFO [328/368] 06ffd573-4d8a-45bf-a653-9c735ae31be6: 60 groups; 81.6 s; peak memory 1082 MiB.
2026-09-18T22:24:37Z INFO [329/368] 07003e4d-8bb0-4230-b029-3e012e13df7d: 32 groups; 0.8 s; peak memory 1082 MiB.
2026-09-18T22:24:38Z INFO [330/368] 07008987-f27d-4ab0-a4c6-894c319ce8fb: 32 groups; 0.9 s; peak memory 1082 MiB.
2026-09-18T22:25:54Z INFO [331/368] 070099e2-bc9f-41f9-a6ec-7d40420edfe1: 71 groups; 76.4 s; peak memory 1082 MiB.
2026-09-18T22:25:55Z INFO [332/368] 0700da34-af7e-4176-bfc6-7732b031df60: 38 groups; 1.0 s; peak memory 1082 MiB.
2026-09-18T22:25:56Z INFO [333/368] 0701ec53-cb26-40f4-997c-f406ebc7b4be: 16 groups; 0.5 s; peak memory 1082 MiB.
2026-09-18T22:25:57Z INFO [334/368] 0701fbd8-3edb-442c-b894-4c9b6abc5cea: 22 groups; 0.7 s; peak memory 1082 MiB.
2026-09-18T22:26:10Z INFO [335/368] 0702660c-3d22-4e8e-817b-cd4cacd923b3: 2510 groups; 13.1 s; peak memory 1082 MiB.
2026-09-18T22:26:11Z INFO [336/368] 07034945-e336-413b-b87d-83fa49b30fd5: 207 groups; 1.1 s; peak memory 1082 MiB.
2026-09-18T22:26:11Z INFO [337/368] 070357b8-7f0d-47b7-a35b-ee8d39d355f1: 16 groups; 0.5 s; peak memory 1082 MiB.
2026-09-18T22:26:16Z INFO [338/368] 0703a4a8-e981-49c0-ada1-ce47d31d3fb2: 123 groups; 4.5 s; peak memory 1082 MiB.
2026-09-18T22:26:22Z INFO [339/368] 07041944-de59-4ffb-98f3-cc23ce11a572: 108 groups; 5.8 s; peak memory 1082 MiB.
2026-09-18T22:26:23Z INFO [340/368] 07042ef1-9788-4308-a7ee-56b9923b0129: 17 groups; 1.3 s; peak memory 1082 MiB.
2026-09-18T22:26:23Z INFO [341/368] 0704849d-eeea-4f2c-8ac4-63988066a0bb: 22 groups; 0.6 s; peak memory 1082 MiB.
2026-09-18T22:26:30Z INFO [342/368] 07063804-daf8-4f83-9f4e-9be0d8243d95: 201 groups; 6.8 s; peak memory 1082 MiB.
2026-09-18T22:26:31Z INFO [343/368] 07066588-39ca-4e71-8b8f-a908405d326d: 33 groups; 0.8 s; peak memory 1082 MiB.
2026-09-18T22:26:32Z INFO [344/368] 07067ca9-8423-4e3d-8b0a-04a8b68778b8: 200 groups; 1.0 s; peak memory 1082 MiB.
2026-09-18T22:26:33Z INFO [345/368] 0706d397-73e8-45c6-a4f4-8c854728eff0: 22 groups; 0.7 s; peak memory 1082 MiB.
2026-09-18T22:26:33Z INFO [346/368] 07071782-23ce-4650-8412-ec8396cdd1c6: 32 groups; 0.7 s; peak memory 1082 MiB.
2026-09-18T22:26:34Z INFO [347/368] 07074908-486c-4c41-9842-07aef7048d4f: 195 groups; 1.0 s; peak memory 1082 MiB.
2026-09-18T22:26:35Z INFO [348/368] 07077974-7a67-45b0-b1ce-4ba169f3a1e6: 31 groups; 0.7 s; peak memory 1082 MiB.
2026-09-18T22:26:36Z INFO [349/368] 070789f6-d812-47af-b3b6-62a0da6b5619: 28 groups; 0.7 s; peak memory 1082 MiB.
2026-09-18T22:26:37Z INFO [350/368] 070840dc-f5b0-47cf-bbf1-fd8cf9d8b416: 195 groups; 1.0 s; peak memory 1082 MiB.
2026-09-18T22:26:37Z INFO [350/368] 070840dc-f5b0-47cf-bbf1-fd8cf9d8b416: checkpointed 50251 records.
2026-09-18T22:26:38Z INFO [351/368] 0708893d-ac08-44c3-b6d2-3145594260ff: 206 groups; 1.2 s; peak memory 1082 MiB.
2026-09-18T22:26:42Z INFO [352/368] 070c4d31-440f-40b4-bf12-d35894905cd1: 120 groups; 4.5 s; peak memory 1082 MiB.
2026-09-18T22:26:43Z INFO [353/368] 070d7bca-f72e-48b8-99be-c07008318fa0: 22 groups; 0.5 s; peak memory 1082 MiB.
2026-09-18T22:26:44Z INFO [354/368] 070da36e-6a18-4a04-8d53-1b7beb1c3371: 16 groups; 0.6 s; peak memory 1082 MiB.
2026-09-18T22:26:44Z INFO [355/368] 070dabe3-52c1-46d9-ae7d-3dfacfbff542: 35 groups; 0.8 s; peak memory 1082 MiB.
2026-09-18T22:26:45Z INFO [356/368] 070f2492-8414-4f4f-a2b2-d66b88c95252: 35 groups; 0.9 s; peak memory 1082 MiB.
2026-09-18T22:26:46Z INFO [357/368] 070f4517-a09a-4e19-bf1a-aa5075892d0b: 36 groups; 1.0 s; peak memory 1082 MiB.
2026-09-18T22:26:47Z INFO [358/368] 070f4b83-a11a-48c4-8138-c3535495661d: 22 groups; 0.6 s; peak memory 1082 MiB.
2026-09-18T22:26:48Z INFO [359/368] 0710d9ad-feb6-4af0-b2b7-be0e59b1b1f7: 33 groups; 1.0 s; peak memory 1082 MiB.
2026-09-18T22:26:48Z INFO [360/368] 0711acaf-79ff-4381-b409-33a7576866d5: 22 groups; 0.5 s; peak memory 1082 MiB.
2026-09-18T22:28:05Z INFO [361/368] 0712768f-5f2b-4c4e-95e0-c1ebbc71df7d: 68 groups; 76.4 s; peak memory 1082 MiB.
2026-09-18T22:28:05Z INFO [362/368] 07128953-19af-4df4-877b-4cc922dccca2: 32 groups; 0.7 s; peak memory 1082 MiB.
2026-09-18T22:28:06Z INFO [363/368] 0712d6a8-8c7e-4f4f-aedd-98733508674e: 32 groups; 0.7 s; peak memory 1082 MiB.
2026-09-18T22:28:07Z INFO [364/368] 0713686f-e0d6-48a3-82c8-1eeb8b6481c9: 31 groups; 0.9 s; peak memory 1082 MiB.
2026-09-18T22:29:21Z INFO [365/368] 07137e05-e05e-4c25-8f3f-63d149e2b53c: 68 groups; 74.1 s; peak memory 1082 MiB.
2026-09-18T22:29:22Z INFO [366/368] 0713e2e1-ea0a-4621-86a0-65efa9fd2e8e: 17 groups; 0.6 s; peak memory 1082 MiB.
2026-09-18T22:29:29Z INFO [367/368] 0713e7cf-0824-449b-9de5-13520f6ff6fb: 305 groups; 7.1 s; peak memory 1082 MiB.
2026-09-18T22:29:30Z INFO [368/368] 0713eb77-db1f-4aea-8ce0-06e9bc44a142: 24 groups; 0.9 s; peak memory 1082 MiB.
2026-09-18T22:29:30Z INFO Wrote 50269 records to /tmp/derivatives/valid_nwb_file_to_number_of_groups.jsonl (368 new, 0 failed) in 30.6 min (peak memory 1082 MiB).
