2026-09-27T15:51:54Z INFO Logging to /tmp/logs/update_2026-09-27T15-51-54Z.log.
2026-09-27T15:51:54Z INFO Update valid-nwb-file-to-number-of-groups (base directory /tmp).
2026-09-27T15:51:55Z INFO Processing 379 items (59123 already recorded).
2026-09-27T15:51:56Z INFO [1/379] 091545b4-23a3-4800-9610-758f48780822: 28 groups; 1.2 s; peak memory 101 MiB.
2026-09-27T15:52:04Z INFO [2/379] 12c7b0dc-8bc3-4346-b173-8b9a02f7b0fe: 43 groups; 8.1 s; peak memory 118 MiB.
2026-09-27T15:52:06Z INFO [3/379] 19708001-b147-4c25-b131-b525de1e6a1d: 17 groups; 2.5 s; peak memory 118 MiB.
2026-09-27T15:52:07Z INFO [4/379] 1971b24d-aead-4133-bdcd-dedfa85950bb: 99 groups; 0.9 s; peak memory 118 MiB.
2026-09-27T15:52:08Z INFO [5/379] 1971e724-9367-4772-926e-bfdd842d6a43: 18 groups; 0.8 s; peak memory 119 MiB.
2026-09-27T15:52:10Z INFO [6/379] 197210bd-98e6-4586-97f7-653cdce9c0a4: 56 groups; 2.1 s; peak memory 119 MiB.
2026-09-27T15:52:11Z INFO [7/379] 19737b61-627a-436f-9542-ef305bf8d531: 35 groups; 1.1 s; peak memory 119 MiB.
2026-09-27T15:52:12Z INFO [8/379] 197460a2-f96c-4187-8815-7e62a4a3c428: 22 groups; 0.7 s; peak memory 119 MiB.
2026-09-27T15:52:13Z INFO [9/379] 19746c69-a4c1-4f22-b190-0c8aa409431e: 16 groups; 0.6 s; peak memory 120 MiB.
2026-09-27T15:52:14Z INFO [10/379] 197489d6-803d-4b97-b714-e0f40576c881: 31 groups; 1.3 s; peak memory 120 MiB.
2026-09-27T15:52:15Z INFO [11/379] 19751cb2-f18d-4cff-858c-3c8c7e97b07e: 32 groups; 0.8 s; peak memory 120 MiB.
2026-09-27T15:52:15Z INFO [12/379] 19756565-abfe-4a94-a553-410847aeb226: 29 groups; 0.8 s; peak memory 120 MiB.
2026-09-27T15:52:29Z INFO [13/379] 19759755-2f24-4c76-a0b1-bbde80f3a847: 23 groups; 13.5 s; peak memory 126 MiB.
2026-09-27T15:52:30Z INFO [14/379] 1975e8e7-6b1c-4975-b6f4-0ec47b517166: 195 groups; 1.6 s; peak memory 126 MiB.
2026-09-27T15:52:31Z INFO [15/379] 1975f897-2591-4d9c-b4b6-9f7c00f38b75: 21 groups; 0.6 s; peak memory 126 MiB.
2026-09-27T15:52:32Z INFO [16/379] 19768e6c-e4bc-4424-a3f2-1765094363fa: 49 groups; 0.9 s; peak memory 126 MiB.
2026-09-27T15:52:33Z INFO [17/379] 19769177-336c-4391-a660-314fbec79d90: 22 groups; 0.6 s; peak memory 126 MiB.
2026-09-27T15:52:34Z INFO [18/379] 1976a2c3-c510-4113-9cfc-f37731c506e1: 253 groups; 0.9 s; peak memory 126 MiB.
2026-09-27T15:52:43Z INFO [19/379] 19773a6a-9fe1-4178-83d4-69d828b2b474: 397 groups; 9.0 s; peak memory 160 MiB.
2026-09-27T15:52:43Z INFO [20/379] 1977bca3-bb5c-46bf-90f7-34e74cce2e75: 256 groups; 0.7 s; peak memory 160 MiB.
2026-09-27T15:52:44Z INFO [21/379] 1977cc0a-dc57-4c21-a2ef-fff977c2c0e3: 32 groups; 0.8 s; peak memory 160 MiB.
2026-09-27T15:52:45Z INFO [22/379] 19781d73-7500-4b05-a162-805d2197e9da: 24 groups; 0.7 s; peak memory 160 MiB.
2026-09-27T15:52:46Z INFO [23/379] 19792c66-a432-4b92-a7e3-fa474beeec22: 35 groups; 0.8 s; peak memory 160 MiB.
2026-09-27T15:52:47Z INFO [24/379] 19792c7a-c9a5-4794-8dc2-cf6c1ffd86de: 48 groups; 1.3 s; peak memory 160 MiB.
2026-09-27T15:52:48Z INFO [25/379] 197a1737-f068-4e09-a5a7-f32068622f5f: 341 groups; 1.1 s; peak memory 160 MiB.
2026-09-27T15:52:48Z INFO [26/379] 197a6e49-3d64-462e-9de8-3d865715bc51: 16 groups; 0.4 s; peak memory 160 MiB.
2026-09-27T15:52:49Z INFO [27/379] 197b2141-15eb-4d9a-9186-3aafdb36a024: 35 groups; 0.9 s; peak memory 160 MiB.
2026-09-27T15:52:50Z INFO [28/379] 197ba4fd-a66a-43b9-bd89-24282021263d: 22 groups; 0.6 s; peak memory 160 MiB.
2026-09-27T15:52:50Z INFO [29/379] 197c39ea-a371-43ff-96d2-75e00c3b78a5: 16 groups; 0.4 s; peak memory 160 MiB.
2026-09-27T15:52:51Z INFO [30/379] 197c3d23-047e-4b9d-abfe-9a2363da1e1c: 33 groups; 0.6 s; peak memory 160 MiB.
2026-09-27T15:52:52Z INFO [31/379] 197d3bad-8fa0-41d6-bf11-3dcf7cfcc0d3: 32 groups; 0.7 s; peak memory 160 MiB.
2026-09-27T15:52:55Z INFO [32/379] 197d68c8-ecff-483f-bd71-6099a989e0a1: 143 groups; 3.3 s; peak memory 161 MiB.
2026-09-27T15:52:56Z INFO [33/379] 197decfd-6f48-4d7f-a723-23a0c08f83db: 22 groups; 0.6 s; peak memory 161 MiB.
2026-09-27T15:52:57Z INFO [34/379] 197e069d-b2e4-4302-9d61-166d55e52897: 49 groups; 1.0 s; peak memory 161 MiB.
2026-09-27T15:52:57Z INFO [35/379] 197f82d6-a456-4aec-b75d-7290aaa79410: 35 groups; 0.8 s; peak memory 161 MiB.
2026-09-27T15:52:58Z INFO [36/379] 197fa944-fbd8-4271-ae44-aaee39fa07c7: 32 groups; 0.7 s; peak memory 161 MiB.
2026-09-27T15:52:59Z INFO [37/379] 197ffc42-f849-4982-9318-a5f8d44d0fb0: 22 groups; 0.6 s; peak memory 161 MiB.
2026-09-27T15:53:00Z INFO [38/379] 19805616-55c8-41f8-ba3d-6a90f4ed8dea: 32 groups; 0.8 s; peak memory 161 MiB.
2026-09-27T15:53:00Z INFO [39/379] 19811f9d-3bc2-4a00-9940-fb2468c3b788: 36 groups; 0.9 s; peak memory 161 MiB.
2026-09-27T15:53:04Z INFO [40/379] 19817624-7ce5-45ac-9d09-6888249a1cf0: 181 groups; 3.2 s; peak memory 161 MiB.
2026-09-27T15:53:04Z INFO [41/379] 1981bf75-8c25-4977-94a0-c0ee88c49663: 29 groups; 0.7 s; peak memory 161 MiB.
2026-09-27T15:53:05Z INFO [42/379] 19839e0a-6879-4d00-a716-7c9115750025: 28 groups; 0.5 s; peak memory 161 MiB.
2026-09-27T15:53:05Z INFO [43/379] 198464b9-82e4-4ed5-ab3c-cae8112983b1: 35 groups; 0.7 s; peak memory 161 MiB.
2026-09-27T15:53:06Z INFO [44/379] 198553cd-de79-4445-89a3-090c3eb7f41a: 35 groups; 0.9 s; peak memory 161 MiB.
2026-09-27T15:53:07Z INFO [45/379] 19858930-1085-44f5-9b31-154fef36f35b: 16 groups; 0.4 s; peak memory 161 MiB.
2026-09-27T15:53:07Z INFO [46/379] 19858d4b-8385-4eb6-a95d-f017aa9fb4f5: 32 groups; 0.7 s; peak memory 161 MiB.
2026-09-27T15:53:08Z INFO [47/379] 19863ec6-8c78-41e3-8810-ab303b94f67b: 22 groups; 0.7 s; peak memory 161 MiB.
2026-09-27T15:53:09Z INFO [48/379] 198664b7-f3f4-4240-9561-5da044d95b20: 202 groups; 0.9 s; peak memory 161 MiB.
2026-09-27T15:53:12Z INFO [49/379] 19873a50-bd73-41bc-8c00-3e6717cd8e5f: 25 groups; 2.5 s; peak memory 161 MiB.
2026-09-27T15:53:12Z INFO [50/379] 198779ef-f747-4733-82f2-4e6aa8e6d4c7: 32 groups; 0.8 s; peak memory 161 MiB.
2026-09-27T15:53:12Z INFO [50/379] 198779ef-f747-4733-82f2-4e6aa8e6d4c7: checkpointed 59173 records.
2026-09-27T15:53:13Z INFO [51/379] 1987abf7-7659-4e8b-a9de-a8b6893e7c5c: 28 groups; 0.5 s; peak memory 161 MiB.
2026-09-27T15:53:16Z INFO [52/379] 1987c976-ee20-458f-b9e4-c88dd5357c1d: 17 groups; 2.8 s; peak memory 161 MiB.
2026-09-27T15:53:16Z INFO [53/379] 1988cb11-a899-499f-afcd-06fa0f279272: 253 groups; 0.7 s; peak memory 161 MiB.
2026-09-27T15:53:17Z INFO [54/379] 198973bb-88ca-4ced-bba4-fe4bbd51afb5: 32 groups; 0.7 s; peak memory 161 MiB.
2026-09-27T15:53:18Z INFO [55/379] 19897db7-a91d-4590-861a-7972cfed40f9: 32 groups; 0.8 s; peak memory 162 MiB.
2026-09-27T15:53:20Z INFO [56/379] 1989d1ac-1be6-40cd-ad82-dd083cb41465: 123 groups; 2.6 s; peak memory 162 MiB.
2026-09-27T15:53:24Z INFO [57/379] 198a2fc4-6526-4b29-a13f-f5fad43951bb: 47 groups; 3.7 s; peak memory 162 MiB.
2026-09-27T15:53:34Z INFO [58/379] 198b2f28-2f5c-4b0f-965a-c38aa6918ad7: 3092 groups; 9.7 s; peak memory 173 MiB.
2026-09-27T15:53:34Z INFO [59/379] 198be658-ed84-4f00-9c7d-9ab91f7050ca: 31 groups; 0.5 s; peak memory 173 MiB.
2026-09-27T15:53:35Z INFO [60/379] 198c4f0d-7879-402a-9ba8-e5ca6808bfa4: 32 groups; 1.1 s; peak memory 173 MiB.
2026-09-27T15:53:43Z INFO [61/379] 198cb718-d9fa-4fa1-8354-f66ae3b92fc3: 128 groups; 7.6 s; peak memory 173 MiB.
2026-09-27T15:53:44Z INFO [62/379] 198d9da1-9685-400e-bb4f-86c2933870cd: 32 groups; 0.7 s; peak memory 173 MiB.
2026-09-27T15:53:51Z INFO [63/379] 198dac18-4e0f-448e-8a16-c141311ea3d2: 269 groups; 7.3 s; peak memory 173 MiB.
2026-09-27T15:53:52Z INFO [64/379] 198f1516-c554-41db-8a06-f383a82577d3: 103 groups; 0.8 s; peak memory 173 MiB.
2026-09-27T15:53:53Z INFO [65/379] 19911255-3f4b-4d38-a584-c77f1ce15243: 258 groups; 0.7 s; peak memory 173 MiB.
2026-09-27T15:53:53Z INFO [66/379] 1991333f-0637-4b1a-8fa2-ca49aceca23a: 35 groups; 0.9 s; peak memory 173 MiB.
2026-09-27T15:53:54Z INFO [67/379] 1991b284-1988-450a-82ca-7748288f0adc: 42 groups; 0.9 s; peak memory 173 MiB.
2026-09-27T15:53:55Z INFO [68/379] 1991d275-6f20-4b66-a97f-40ce3d9624b9: 22 groups; 0.6 s; peak memory 173 MiB.
2026-09-27T15:53:56Z INFO [69/379] 199206a2-48fd-4cf5-851a-d0334290302a: 22 groups; 0.6 s; peak memory 173 MiB.
2026-09-27T15:54:03Z INFO [70/379] 1992162b-eda1-4bc4-81de-924149b66207: 298 groups; 7.4 s; peak memory 173 MiB.
2026-09-27T15:54:05Z INFO [71/379] 1992ef9e-4540-4da0-ab74-63257ee65054: 57 groups; 2.3 s; peak memory 173 MiB.
2026-09-27T15:54:06Z INFO [72/379] 199426f2-9025-44cc-ac4c-d5d243f4aa23: 35 groups; 1.0 s; peak memory 173 MiB.
2026-09-27T15:54:08Z INFO [73/379] 19950823-aba2-4b51-ac21-c491de3e87a2: 50 groups; 1.7 s; peak memory 173 MiB.
2026-09-27T15:58:01Z INFO [74/379] 199701e7-a410-4cbf-9516-510a555e9b16: 58 groups; 232.9 s; peak memory 490 MiB.
2026-09-27T15:58:03Z INFO [75/379] 1997e3d4-cfd3-43b4-9434-48bc94e463e2: 61 groups; 1.9 s; peak memory 490 MiB.
2026-09-27T15:58:07Z INFO [76/379] 19991265-c9ce-4167-a4df-d4fbb216dd4d: 67 groups; 3.9 s; peak memory 490 MiB.
2026-09-27T15:58:07Z INFO [77/379] 19994844-a49c-41e8-a198-46b39fe3baee: 22 groups; 0.7 s; peak memory 490 MiB.
2026-09-27T15:58:08Z INFO [78/379] 19996550-ae04-4e33-81bc-45f616e8c817: 22 groups; 0.6 s; peak memory 490 MiB.
2026-09-27T15:58:09Z INFO [79/379] 19998990-d06f-40db-8d07-c5121b317b6a: 575 groups; 1.3 s; peak memory 490 MiB.
2026-09-27T15:58:10Z INFO [80/379] 1999bf1d-ce24-4d22-89fc-1e8816c29245: 41 groups; 0.7 s; peak memory 490 MiB.
2026-09-27T15:58:11Z INFO [81/379] 199b4e12-d57a-42e1-9398-65d448dc874e: 32 groups; 0.8 s; peak memory 490 MiB.
2026-09-27T15:58:13Z INFO [82/379] 199b6de3-dbed-4e35-bdd9-fedbc96daa3e: 336 groups; 1.8 s; peak memory 490 MiB.
2026-09-27T15:58:15Z INFO [83/379] 199b868a-6032-4258-ac6e-c7dea99a4e6b: 17 groups; 2.5 s; peak memory 490 MiB.
2026-09-27T15:58:21Z INFO [84/379] 199c88b5-4629-48f4-bc97-04e474261aa5: 198 groups; 5.8 s; peak memory 490 MiB.
2026-09-27T15:58:21Z INFO [85/379] 199ce24d-aeeb-4c66-9304-e26a5372d450: 16 groups; 0.6 s; peak memory 490 MiB.
2026-09-27T15:58:22Z INFO [86/379] 199ec995-1176-4869-82f4-b39435b62bb2: 31 groups; 0.5 s; peak memory 490 MiB.
2026-09-27T15:58:23Z INFO [87/379] 199efbc6-384d-4c6c-882a-ca1deb9c2de5: 32 groups; 0.7 s; peak memory 490 MiB.
2026-09-27T15:58:24Z INFO [88/379] 199f5b85-af94-47bf-84d3-7dfef17c793f: 32 groups; 0.9 s; peak memory 490 MiB.
2026-09-27T15:58:24Z INFO [89/379] 199f7c93-36a0-4070-a602-b3c6dc45bfb5: 27 groups; 0.5 s; peak memory 490 MiB.
2026-09-27T15:58:25Z INFO [90/379] 19a026db-27d0-443a-b0c1-6e946360d7c7: 16 groups; 0.5 s; peak memory 490 MiB.
2026-09-27T15:58:25Z INFO [91/379] 19a03751-791f-4fcb-a96c-e900e071e8d4: 22 groups; 0.7 s; peak memory 490 MiB.
2026-09-27T15:58:26Z INFO [92/379] 19a2ad5b-65b5-45be-b51d-170e1a73986a: 16 groups; 0.5 s; peak memory 490 MiB.
2026-09-27T15:58:26Z INFO [93/379] 19a3a5ec-ee52-44ca-bd16-6164db0a9f36: 22 groups; 0.7 s; peak memory 490 MiB.
2026-09-27T15:58:28Z INFO [94/379] 19a3c3cf-29a3-4f5c-a7f5-1652e59fbdfc: 26 groups; 1.2 s; peak memory 490 MiB.
2026-09-27T15:58:28Z INFO [95/379] 19a3c4e2-1e34-4987-8b95-24ab1b4d94c0: 16 groups; 0.4 s; peak memory 490 MiB.
2026-09-27T15:58:30Z INFO [96/379] 19a43529-dfd9-42c8-9948-37412e058d9b: 48 groups; 1.7 s; peak memory 490 MiB.
2026-09-27T15:58:30Z INFO [97/379] 19a4a40a-dfa9-48e4-aa7c-4ed730c485d4: 22 groups; 0.7 s; peak memory 490 MiB.
2026-09-27T15:58:31Z INFO [98/379] 19a64db3-b69b-4303-b4ed-5ac3f25d5da0: 32 groups; 0.8 s; peak memory 490 MiB.
2026-09-27T15:58:32Z INFO [99/379] 19a67a7f-30fe-4d2c-86aa-41dfc3b62d1d: 22 groups; 0.9 s; peak memory 490 MiB.
2026-09-27T15:58:35Z INFO [100/379] 19a70ac2-836f-4994-8aa5-b62364988787: 120 groups; 3.3 s; peak memory 490 MiB.
2026-09-27T15:58:35Z INFO [100/379] 19a70ac2-836f-4994-8aa5-b62364988787: checkpointed 59223 records.
2026-09-27T15:58:36Z INFO [101/379] 19a70f2b-48f5-4fec-855c-3b99836cabe6: 22 groups; 0.6 s; peak memory 490 MiB.
2026-09-27T15:58:37Z INFO [102/379] 19a723a2-7e35-4122-8ffe-349fe797e3ab: 32 groups; 0.7 s; peak memory 490 MiB.
2026-09-27T15:58:40Z INFO [103/379] 19a73c69-8484-4567-912d-13c1677e9564: 59 groups; 3.4 s; peak memory 490 MiB.
2026-09-27T15:58:41Z INFO [104/379] 19a79a8b-d53b-4785-a5f5-7ecbae90d9a5: 71 groups; 0.7 s; peak memory 490 MiB.
2026-09-27T15:58:49Z INFO [105/379] 19a83705-079f-47c1-b861-7babafa75283: 195 groups; 8.1 s; peak memory 490 MiB.
2026-09-27T15:58:50Z INFO [106/379] 19a8389e-92e0-4ce8-bb70-aa579d45dd24: 33 groups; 0.7 s; peak memory 490 MiB.
2026-09-27T15:58:53Z INFO [107/379] 19a8afc2-a0fc-4d40-a05c-118be4b4fe11: 105 groups; 3.4 s; peak memory 490 MiB.
2026-09-27T15:58:54Z INFO [108/379] 19a8d744-f833-434a-b902-6ca45fb39d21: 99 groups; 0.8 s; peak memory 490 MiB.
2026-09-27T15:58:58Z INFO [109/379] 19a9f800-c2b1-43c0-98dd-6da660a457cc: 193 groups; 4.3 s; peak memory 490 MiB.
2026-09-27T15:59:05Z INFO [110/379] 19aa2ca6-80d2-43dd-ac26-94bfc965577b: 263 groups; 7.0 s; peak memory 490 MiB.
2026-09-27T15:59:06Z INFO [111/379] 19aa3c47-b72d-4336-9e16-6ebe7ea76bbc: 22 groups; 0.7 s; peak memory 490 MiB.
2026-09-27T15:59:07Z INFO [112/379] 19ab23ed-06f3-46cd-b442-d8f031f21795: 22 groups; 0.7 s; peak memory 490 MiB.
2026-09-27T15:59:07Z INFO [113/379] 19ab7618-476e-459e-bec6-807ab704522a: 35 groups; 0.9 s; peak memory 490 MiB.
2026-09-27T15:59:11Z INFO [114/379] 19acaded-ce99-41fb-81fd-613a597f04d4: 124 groups; 3.6 s; peak memory 490 MiB.
2026-09-27T15:59:12Z INFO [115/379] 19aceda5-34fb-4eee-9f87-5f561bf1f094: 22 groups; 0.7 s; peak memory 490 MiB.
2026-09-27T15:59:14Z INFO [116/379] 19acf3d8-0d1b-42a3-b97a-68f9a60e1edd: 22 groups; 2.1 s; peak memory 490 MiB.
2026-09-27T15:59:14Z INFO [117/379] 19ae1b56-b2f2-44cc-9de0-138633137c91: 22 groups; 0.6 s; peak memory 490 MiB.
2026-09-27T15:59:15Z INFO [118/379] 19ae95f9-f874-40f9-8c79-2c5c3791a2c6: 17 groups; 0.6 s; peak memory 490 MiB.
2026-09-27T15:59:16Z INFO [119/379] 19aefdd2-e1bb-4e32-9267-4c548a25fdc7: 32 groups; 0.8 s; peak memory 490 MiB.
2026-09-27T15:59:16Z INFO [120/379] 19affce9-3047-4d93-b759-d6b27e5a90f6: 22 groups; 0.6 s; peak memory 490 MiB.
2026-09-27T15:59:17Z INFO [121/379] 19b01bac-d223-408e-88dc-ef835480dde5: 22 groups; 0.7 s; peak memory 490 MiB.
2026-09-27T15:59:18Z INFO [122/379] 19b05f4a-5f00-46bc-aed5-156760da602f: 35 groups; 0.9 s; peak memory 490 MiB.
2026-09-27T15:59:19Z INFO [123/379] 19b128e8-dbd8-447c-8afc-90a62e5fc10e: 22 groups; 0.5 s; peak memory 490 MiB.
2026-09-27T15:59:19Z INFO [124/379] 19b1fce3-d8f3-4987-95e1-9b89bbf8207b: 17 groups; 0.6 s; peak memory 490 MiB.
2026-09-27T15:59:20Z INFO [125/379] 19b2e2d8-e3e1-4c27-b606-96e3ec2754c7: 35 groups; 0.8 s; peak memory 490 MiB.
2026-09-27T15:59:21Z INFO [126/379] 19b2e447-860b-4fe7-b2af-cc88eb444278: 32 groups; 0.7 s; peak memory 490 MiB.
2026-09-27T15:59:21Z INFO [127/379] 19b4317b-2ca2-40b5-8651-4c2ce1d34692: 22 groups; 0.6 s; peak memory 490 MiB.
2026-09-27T15:59:22Z INFO [128/379] 19b4b45d-a121-40c8-9adb-7f31c6b0c916: 22 groups; 0.7 s; peak memory 490 MiB.
2026-09-27T15:59:28Z INFO [129/379] 19b4c90d-9417-4554-9250-63ebb1074171: 173 groups; 6.0 s; peak memory 490 MiB.
2026-09-27T15:59:29Z INFO [130/379] 19b59382-1ef2-4ab6-9499-21dc8d301648: 22 groups; 0.6 s; peak memory 490 MiB.
2026-09-27T15:59:29Z INFO [131/379] 19b60825-5dd2-4e7e-9bb2-a78df5bbfc4c: 32 groups; 0.6 s; peak memory 490 MiB.
2026-09-27T15:59:30Z INFO [132/379] 19b6c78d-65e8-4494-bd98-96f75e036f86: 108 groups; 0.8 s; peak memory 490 MiB.
2026-09-27T15:59:39Z INFO [133/379] 19b6cc8f-607e-407c-8bb5-bf7ef8966a7a: 17 groups; 8.7 s; peak memory 490 MiB.
2026-09-27T15:59:40Z INFO [134/379] 19b730ce-ff7c-4df4-98d4-d9e861950f4f: 108 groups; 0.9 s; peak memory 490 MiB.
2026-09-27T15:59:43Z INFO [135/379] 19b73f18-7e0b-4616-856c-08a22ee8fc60: 20 groups; 3.1 s; peak memory 490 MiB.
2026-09-27T15:59:44Z INFO [136/379] 19b855a2-7593-49f3-8e4e-c2a6295bc46b: 35 groups; 0.8 s; peak memory 490 MiB.
2026-09-27T15:59:58Z INFO [137/379] 19b88991-59b5-4e6f-8a4d-675bac09dda1: 23 groups; 14.1 s; peak memory 490 MiB.
2026-09-27T15:59:58Z INFO [138/379] 19b93984-f7d2-4a3c-97dd-73bbcabb1fda: 16 groups; 0.5 s; peak memory 490 MiB.
2026-09-27T15:59:59Z INFO [139/379] 19b95305-1a6f-461c-9525-85cd920f342e: 32 groups; 0.7 s; peak memory 490 MiB.
2026-09-27T15:59:59Z INFO [140/379] 19b9c33d-c926-44a0-84b7-7ad26805cb19: 26 groups; 0.5 s; peak memory 490 MiB.
2026-09-27T16:00:00Z INFO [141/379] 19bb2079-9453-4650-ab54-b8122bf7d4a7: 108 groups; 0.9 s; peak memory 490 MiB.
2026-09-27T16:00:01Z INFO [142/379] 19bd5371-b3c9-4071-8b25-74f6d54daf82: 18 groups; 0.7 s; peak memory 490 MiB.
2026-09-27T16:00:02Z INFO [143/379] 19bdba67-a391-4795-9fd2-70fae1efed4f: 32 groups; 0.8 s; peak memory 490 MiB.
2026-09-27T16:00:02Z INFO [144/379] 19bdd6c2-f379-41ec-b2d1-12e04ac52953: 32 groups; 0.7 s; peak memory 490 MiB.
2026-09-27T16:00:03Z INFO [145/379] 19bde76c-88ec-4886-90f1-e36db639eb6c: 18 groups; 0.5 s; peak memory 490 MiB.
2026-09-27T16:00:05Z INFO [146/379] 19be0d7a-68ad-430b-9713-33580b366805: 48 groups; 1.8 s; peak memory 490 MiB.
2026-09-27T16:00:06Z INFO [147/379] 19bebe56-66f5-44be-8647-328bde24973f: 64 groups; 1.4 s; peak memory 490 MiB.
2026-09-27T16:00:07Z INFO [148/379] 19bef4d8-b3cc-4b07-8d04-8f4b9e8c309f: 22 groups; 0.8 s; peak memory 490 MiB.
2026-09-27T16:00:08Z INFO [149/379] 19c12d12-5938-4176-b0b9-cd6bff5a7fd1: 35 groups; 0.9 s; peak memory 490 MiB.
2026-09-27T16:00:13Z INFO [150/379] 19c14161-8e23-4fbb-a8b1-77da8d84c544: 120 groups; 4.9 s; peak memory 490 MiB.
2026-09-27T16:00:13Z INFO [150/379] 19c14161-8e23-4fbb-a8b1-77da8d84c544: checkpointed 59273 records.
2026-09-27T16:00:14Z INFO [151/379] 19c18475-cb6b-4cb2-afe5-bd3922175f46: 71 groups; 1.1 s; peak memory 490 MiB.
2026-09-27T16:00:15Z INFO [152/379] 19c1ce6e-0f58-4c74-883f-bf53f140d8bf: 17 groups; 0.7 s; peak memory 490 MiB.
2026-09-27T16:00:16Z INFO [153/379] 19c1ddab-f7f1-4c1f-af81-ec1c7a37e7fb: 36 groups; 0.9 s; peak memory 490 MiB.
2026-09-27T16:00:16Z INFO [154/379] 19c252b9-63ca-4b64-910e-7714413bc2a1: 32 groups; 0.7 s; peak memory 490 MiB.
2026-09-27T16:00:17Z INFO [155/379] 19c35403-48f3-4213-b1cb-6f757ef43323: 32 groups; 0.7 s; peak memory 490 MiB.
2026-09-27T16:00:18Z INFO [156/379] 19c3aba3-8cb4-4e62-985d-de6c2eca7f05: 29 groups; 0.9 s; peak memory 490 MiB.
2026-09-27T16:00:19Z INFO [157/379] 19c45fed-f5e7-4108-93ea-b37c08ea2af3: 26 groups; 0.7 s; peak memory 490 MiB.
2026-09-27T16:00:25Z INFO [158/379] 19c52d2e-7739-43ed-b5ff-6be498e90be6: 235 groups; 6.8 s; peak memory 490 MiB.
2026-09-27T16:00:27Z INFO [159/379] 19c695f3-7fc4-4a7b-a828-96c2522d6eb1: 35 groups; 1.3 s; peak memory 490 MiB.
2026-09-27T16:00:28Z INFO [160/379] 19c761c8-fc26-4d0a-b8e3-f5c155af0317: 32 groups; 0.9 s; peak memory 490 MiB.
2026-09-27T16:00:28Z INFO [161/379] 19c79416-b78a-4332-bace-7fef5dad1b2b: 33 groups; 0.7 s; peak memory 490 MiB.
2026-09-27T16:00:29Z INFO [162/379] 19c88782-584b-490d-9a94-94a5e0de6a97: 17 groups; 0.6 s; peak memory 490 MiB.
2026-09-27T16:00:30Z INFO [163/379] 19c92c0b-1893-4681-a620-333cd2405627: 22 groups; 0.6 s; peak memory 490 MiB.
2026-09-27T16:00:33Z INFO [164/379] 19c9a12d-f51e-480a-9627-b45919d3083d: 46 groups; 3.8 s; peak memory 490 MiB.
2026-09-27T16:00:39Z INFO [165/379] 19c9a304-a0ae-44aa-9adc-424e7b03f279: 143 groups; 6.0 s; peak memory 490 MiB.
2026-09-27T16:00:40Z INFO [166/379] 19c9d15a-2a18-4b83-ab24-3092c50a6f91: 200 groups; 1.1 s; peak memory 490 MiB.
2026-09-27T16:00:41Z INFO [167/379] 19ca1714-41bb-4496-a66c-ec12cbf1bcb6: 25 groups; 0.8 s; peak memory 490 MiB.
2026-09-27T16:00:42Z INFO [168/379] 19ca1927-8a89-49f8-a639-fa9820aeb686: 35 groups; 0.9 s; peak memory 490 MiB.
2026-09-27T16:00:46Z INFO [169/379] 19cb4e11-1f53-4161-9290-7232945f3263: 70 groups; 4.4 s; peak memory 490 MiB.
2026-09-27T16:00:47Z INFO [170/379] 19cb8886-198a-41df-9463-4b2cc52f8ffb: 337 groups; 0.9 s; peak memory 490 MiB.
2026-09-27T16:00:48Z INFO [171/379] 19cbbb2c-67f1-4478-bcbc-a97d8b4444e0: 22 groups; 0.6 s; peak memory 490 MiB.
2026-09-27T16:00:49Z INFO [172/379] 19cbf9eb-0b64-4271-8aa5-e18b98d242af: 32 groups; 0.7 s; peak memory 490 MiB.
2026-09-27T16:00:49Z INFO [173/379] 19cd1e21-f951-4cf1-a40a-1f03252fae4c: 22 groups; 0.6 s; peak memory 490 MiB.
2026-09-27T16:00:51Z INFO [174/379] 19cd8985-78aa-4fc5-b0d8-fd64e2fc5120: 48 groups; 1.4 s; peak memory 490 MiB.
2026-09-27T16:00:51Z INFO [175/379] 19cd9b6d-a5b9-4394-aa3f-ced33437c77a: 25 groups; 0.6 s; peak memory 490 MiB.
2026-09-27T16:00:52Z INFO [176/379] 19cdbeca-8cd2-40cf-8625-79667fde43a2: 21 groups; 0.9 s; peak memory 490 MiB.
2026-09-27T16:00:53Z INFO [177/379] 19cf0d72-3cb4-4502-98fd-17e161dc651a: 22 groups; 0.7 s; peak memory 490 MiB.
2026-09-27T16:00:54Z INFO [178/379] 19cffdde-bb5a-45c0-a397-b591ff965c8f: 24 groups; 0.9 s; peak memory 490 MiB.
2026-09-27T16:00:55Z INFO [179/379] 19d02aac-9de7-4177-9f9a-4092ba15284b: 34 groups; 1.2 s; peak memory 490 MiB.
2026-09-27T16:00:59Z INFO [180/379] 19d08da6-6b05-4d49-9a8a-638711b6d6ad: 181 groups; 3.5 s; peak memory 490 MiB.
2026-09-27T16:00:59Z INFO [181/379] 19d0b042-e470-462a-a708-d5c580663c9b: 22 groups; 0.6 s; peak memory 490 MiB.
2026-09-27T16:01:00Z INFO [182/379] 19d0ea7d-3958-470d-b75f-30ea8fab2f88: 48 groups; 1.0 s; peak memory 490 MiB.
2026-09-27T16:01:01Z INFO [183/379] 19d17af5-8f23-43cb-958c-da8158e630e8: 22 groups; 0.6 s; peak memory 490 MiB.
2026-09-27T16:01:01Z INFO [184/379] 19d1a7d1-2427-4c84-8715-e4c5a25fe6c9: 22 groups; 0.5 s; peak memory 490 MiB.
2026-09-27T16:01:02Z INFO [185/379] 19d23892-026e-4bcf-ab70-406c68c9f114: 36 groups; 0.8 s; peak memory 490 MiB.
2026-09-27T16:01:03Z INFO [186/379] 19d3571c-af3b-4586-8f10-e36fccf05b4e: 337 groups; 1.0 s; peak memory 490 MiB.
2026-09-27T16:01:04Z INFO [187/379] 19d474c8-3e6f-4e08-bb23-bca08e9618b3: 22 groups; 0.5 s; peak memory 490 MiB.
2026-09-27T16:01:05Z INFO [188/379] 19d4dc3f-024e-4919-bd34-4ce552da2219: 49 groups; 0.9 s; peak memory 490 MiB.
2026-09-27T16:01:07Z INFO [189/379] 19d56bf0-7ecb-4c4f-b08d-3f05701ae315: 73 groups; 2.7 s; peak memory 490 MiB.
2026-09-27T16:01:08Z INFO [190/379] 19d582cb-13cc-4754-bf5f-79299c7d8222: 32 groups; 0.7 s; peak memory 490 MiB.
2026-09-27T16:01:13Z INFO [191/379] 19d61151-5731-4da8-b485-fbfbdb8fcfe9: 120 groups; 4.8 s; peak memory 490 MiB.
2026-09-27T16:01:28Z INFO [192/379] 19d62532-301e-48a0-a7d4-9ce386b3ba3e: 23 groups; 15.1 s; peak memory 490 MiB.
2026-09-27T16:01:32Z INFO [193/379] 19d64a0a-3afc-4a09-bbba-1c9eeabf5547: 66 groups; 3.9 s; peak memory 490 MiB.
2026-09-27T16:01:33Z INFO [194/379] 19d737eb-46b8-426e-b3ec-fb05f8b30695: 35 groups; 0.9 s; peak memory 490 MiB.
2026-09-27T16:01:36Z INFO [195/379] 19d7620f-e93d-4667-b1b2-8c10f80e406f: 122 groups; 3.3 s; peak memory 490 MiB.
2026-09-27T16:01:37Z INFO [196/379] 19d7d611-493e-40f4-9da6-42ca2e450c84: 336 groups; 1.1 s; peak memory 490 MiB.
2026-09-27T16:01:39Z INFO [197/379] 19d837f3-5686-4d51-99ef-fde7b887b274: 48 groups; 1.7 s; peak memory 490 MiB.
2026-09-27T16:01:51Z INFO [198/379] 19d8aae3-5422-4761-b35c-1a6d99b10024: 23 groups; 12.6 s; peak memory 490 MiB.
2026-09-27T16:01:52Z INFO [199/379] 19d8e45b-f7ab-4f24-a9fd-1b48b92fb02a: 29 groups; 0.9 s; peak memory 490 MiB.
2026-09-27T16:01:53Z INFO [200/379] 19d923f7-b98b-4f9c-a034-6305ff0cbacf: 16 groups; 0.4 s; peak memory 490 MiB.
2026-09-27T16:01:53Z INFO [200/379] 19d923f7-b98b-4f9c-a034-6305ff0cbacf: checkpointed 59323 records.
2026-09-27T16:01:54Z INFO [201/379] 19d990fe-b5ee-4ecd-a35b-cc9def2cdd22: 35 groups; 0.8 s; peak memory 490 MiB.
2026-09-27T16:01:54Z INFO [202/379] 19d9cf9f-887e-41bc-8fbb-149ecbf98fee: 17 groups; 0.6 s; peak memory 490 MiB.
2026-09-27T16:01:57Z INFO [203/379] 19da9a9d-7802-4955-8edb-704dc7389039: 66 groups; 2.5 s; peak memory 490 MiB.
2026-09-27T16:01:59Z INFO [204/379] 19dade61-31fb-4a57-a6c1-242a63faef94: 47 groups; 2.2 s; peak memory 490 MiB.
2026-09-27T16:01:59Z INFO [205/379] 19db0655-ec90-43b1-9ba2-b7ceed5e9124: 22 groups; 0.7 s; peak memory 490 MiB.
2026-09-27T16:02:00Z INFO [206/379] 19db957f-1d05-40c4-8911-bfbf816a7724: 25 groups; 0.7 s; peak memory 490 MiB.
2026-09-27T16:02:01Z INFO [207/379] 19dbc478-4dee-4d53-b578-bf3b31aa2229: 32 groups; 1.0 s; peak memory 490 MiB.
2026-09-27T16:02:02Z INFO [208/379] 19dbfb0e-cc18-4cb6-a6cd-4a665d266a12: 32 groups; 0.7 s; peak memory 490 MiB.
2026-09-27T16:02:03Z INFO [209/379] 19ddc1bb-bb2f-407d-a6b2-c733eac7a8ff: 34 groups; 0.8 s; peak memory 490 MiB.
2026-09-27T16:02:05Z INFO [210/379] 19de2ebd-18b4-4622-a1d9-48db653e868f: 100 groups; 2.3 s; peak memory 490 MiB.
2026-09-27T16:02:06Z INFO [211/379] 19de6874-1fe1-4079-a93b-47c933c95d2f: 32 groups; 0.8 s; peak memory 490 MiB.
2026-09-27T16:02:06Z INFO [212/379] 19de6b1f-1963-4548-8e5d-891669ad118e: 32 groups; 0.7 s; peak memory 490 MiB.
2026-09-27T16:02:11Z INFO [213/379] 19de790b-5ef8-45a1-97e0-30c1eb84ab4d: 123 groups; 4.9 s; peak memory 490 MiB.
2026-09-27T16:02:12Z INFO [214/379] 19de927e-8fbb-40ee-946d-76f3ec7936e6: 52 groups; 0.8 s; peak memory 490 MiB.
2026-09-27T16:02:13Z INFO [215/379] 19e058e1-915d-4f12-b0e2-82518b99708b: 35 groups; 0.9 s; peak memory 490 MiB.
2026-09-27T16:02:14Z INFO [216/379] 19e12dbc-e1da-409c-bc61-0c894e362988: 32 groups; 0.8 s; peak memory 490 MiB.
2026-09-27T16:02:15Z INFO [217/379] 19e2ce70-bb65-4eba-848c-c0256e09d040: 35 groups; 0.8 s; peak memory 490 MiB.
2026-09-27T16:02:15Z INFO [218/379] 19e37fc9-53b4-4245-a2ec-bb0726bc435e: 32 groups; 0.7 s; peak memory 490 MiB.
2026-09-27T16:02:16Z INFO [219/379] 19e3f73b-989a-424e-836b-58558b5c68e8: 252 groups; 0.7 s; peak memory 490 MiB.
2026-09-27T16:02:17Z INFO [220/379] 19e42ee1-f42b-4f7f-8d02-78767d82ca82: 35 groups; 1.0 s; peak memory 490 MiB.
2026-09-27T16:02:18Z INFO [221/379] 19e54763-d65a-4db7-85a1-fb8a3634e1bd: 22 groups; 0.6 s; peak memory 490 MiB.
2026-09-27T16:02:18Z INFO [222/379] 19e5f90c-4b0c-4f19-a59d-4f02a458cbb3: 22 groups; 0.6 s; peak memory 490 MiB.
2026-09-27T16:02:19Z INFO [223/379] 19e73cc8-b63c-4f55-ae63-95317e027ef4: 22 groups; 0.8 s; peak memory 490 MiB.
2026-09-27T16:02:23Z INFO [224/379] 19e78c5b-61f2-4e18-bb13-1cde00d99b00: 169 groups; 4.3 s; peak memory 490 MiB.
2026-09-27T16:02:24Z INFO [225/379] 19e7cdfd-e483-4fb4-9671-2fc9b5650286: 22 groups; 0.7 s; peak memory 490 MiB.
2026-09-27T16:02:25Z INFO [226/379] 19e833e7-f343-40b9-90c3-c9a1fce58fab: 36 groups; 0.7 s; peak memory 490 MiB.
2026-09-27T16:02:35Z INFO [227/379] 19e85c66-d98f-4159-9534-ec87aa87d212: 157 groups; 10.1 s; peak memory 490 MiB.
2026-09-27T16:02:36Z INFO [228/379] 19e8a585-85ba-4889-b487-f8cfa4f08c98: 32 groups; 0.8 s; peak memory 490 MiB.
2026-09-27T16:02:36Z INFO [229/379] 19e8e474-c997-4e5f-a78a-32e645eba235: 22 groups; 0.7 s; peak memory 490 MiB.
2026-09-27T16:02:37Z INFO [230/379] 19e8ec0f-92fd-41fa-93ea-426636d552da: 32 groups; 0.7 s; peak memory 490 MiB.
2026-09-27T16:02:38Z INFO [231/379] 19e92b6a-efd7-4b06-bba3-1a19a9e2952f: 32 groups; 0.8 s; peak memory 490 MiB.
2026-09-27T16:02:39Z INFO [232/379] 19e9758a-0ed9-45df-a122-4d07ded71824: 32 groups; 0.7 s; peak memory 490 MiB.
2026-09-27T16:02:39Z INFO [233/379] 19eaa004-521f-494c-8f77-905fa00e0b4d: 28 groups; 0.7 s; peak memory 490 MiB.
2026-09-27T16:02:41Z INFO [234/379] 19ebc439-dd97-4f36-a3a0-9eb235571d7a: 48 groups; 1.5 s; peak memory 490 MiB.
2026-09-27T16:02:41Z INFO [235/379] 19ebc5ae-5b3c-4d73-a3a9-aa5319434f41: 22 groups; 0.6 s; peak memory 490 MiB.
2026-09-27T16:02:43Z INFO [236/379] 19ebcc7c-12a8-4b4e-91b9-3bc469d55b97: 48 groups; 1.8 s; peak memory 490 MiB.
2026-09-27T16:02:44Z INFO [237/379] 19ec83f4-c222-43bd-900a-2b1510ce84d8: 16 groups; 0.5 s; peak memory 490 MiB.
2026-09-27T16:02:44Z INFO [238/379] 19ed1212-1ca4-47ca-a665-ce09fa8bd05d: 32 groups; 0.6 s; peak memory 490 MiB.
2026-09-27T16:06:21Z INFO [239/379] 19ed4057-9bde-4d7a-a3ba-e036703982a4: 387 groups; 216.9 s; peak memory 1138 MiB.
2026-09-27T16:06:24Z INFO [240/379] 19ed7ffc-a393-473f-a741-297bb7a55794: 78 groups; 3.3 s; peak memory 1138 MiB.
2026-09-27T16:07:53Z INFO [241/379] 19edabcb-94f1-450c-937b-44795b6c9116: 60 groups; 88.6 s; peak memory 1138 MiB.
2026-09-27T16:07:54Z INFO [242/379] 19ef76a1-0d5d-4819-a83b-3f8546f20c5c: 22 groups; 0.7 s; peak memory 1138 MiB.
2026-09-27T16:07:54Z INFO [243/379] 19f05caa-9fb6-468b-be41-61132615c78c: 32 groups; 0.7 s; peak memory 1138 MiB.
2026-09-27T16:07:55Z INFO [244/379] 19f15357-c644-42cc-9923-eb770674616f: 36 groups; 0.9 s; peak memory 1138 MiB.
2026-09-27T16:07:56Z INFO [245/379] 19f1f430-26d5-4ff5-9a61-6ea673522e7c: 29 groups; 1.0 s; peak memory 1138 MiB.
2026-09-27T16:08:03Z INFO [246/379] 19f21515-fc08-4184-ace0-7a3d37ffa26d: 917 groups; 7.0 s; peak memory 1138 MiB.
2026-09-27T16:08:04Z INFO [247/379] 19f23d7a-8499-4f99-ae7a-f6bee3c79165: 32 groups; 0.9 s; peak memory 1138 MiB.
2026-09-27T16:08:08Z INFO [248/379] 19f259e2-fbc9-4d2c-99fb-c8e87459ca13: 130 groups; 3.3 s; peak memory 1138 MiB.
2026-09-27T16:08:09Z INFO [249/379] 19f2a1b0-5642-4b20-98c9-85c70fe77a79: 72 groups; 1.5 s; peak memory 1138 MiB.
2026-09-27T16:08:10Z INFO [250/379] 19f2e0c6-bc10-40e8-b3ac-ae2e5110b10e: 22 groups; 0.7 s; peak memory 1138 MiB.
2026-09-27T16:08:10Z INFO [250/379] 19f2e0c6-bc10-40e8-b3ac-ae2e5110b10e: checkpointed 59373 records.
2026-09-27T16:08:11Z INFO [251/379] 19f48d03-b4b6-4ed3-883c-1368162d49d5: 48 groups; 1.5 s; peak memory 1138 MiB.
2026-09-27T16:08:12Z INFO [252/379] 19f4cc2e-1db7-49da-8cb4-67eb12dd266a: 35 groups; 1.0 s; peak memory 1138 MiB.
2026-09-27T16:08:13Z INFO [253/379] 19f4da45-518c-478e-8a60-0d742e498a10: 33 groups; 0.6 s; peak memory 1138 MiB.
2026-09-27T16:08:15Z INFO [254/379] 19f56490-61b8-4597-8e11-d077870dea1a: 116 groups; 2.2 s; peak memory 1138 MiB.
2026-09-27T16:08:16Z INFO [255/379] 19f58e8b-fb51-442b-ad95-3cb7bdd0e118: 196 groups; 1.1 s; peak memory 1138 MiB.
2026-09-27T16:08:18Z INFO [256/379] 19f5e7fd-f507-4903-9f96-be6327606dce: 35 groups; 1.2 s; peak memory 1138 MiB.
2026-09-27T16:08:18Z INFO [257/379] 19f603c0-c21d-4080-a3f2-f246a435d916: 18 groups; 0.5 s; peak memory 1138 MiB.
2026-09-27T16:08:19Z INFO [258/379] 19f626a7-72e9-4d1d-acea-9d9c34b3b3ef: 18 groups; 0.5 s; peak memory 1138 MiB.
2026-09-27T16:08:20Z INFO [259/379] 19f7150c-0eee-4b05-aa37-871ecd651cfd: 41 groups; 1.0 s; peak memory 1138 MiB.
2026-09-27T16:08:20Z INFO [260/379] 19f75838-7128-467c-a84a-30b8d38062d5: 41 groups; 0.9 s; peak memory 1138 MiB.
2026-09-27T16:08:22Z INFO [261/379] 19f7b6fb-ee91-4d37-88b4-5e7671bec304: 35 groups; 1.1 s; peak memory 1138 MiB.
2026-09-27T16:08:22Z INFO [262/379] 19f8118b-9f63-4208-8255-6406338dfbd2: 22 groups; 0.7 s; peak memory 1138 MiB.
2026-09-27T16:08:30Z INFO [263/379] 19f82df2-4a3d-4c01-9c0a-8c197b62a9c2: 400 groups; 7.7 s; peak memory 1138 MiB.
2026-09-27T16:08:31Z INFO [264/379] 19fa64f2-70ac-4312-91a2-1c2676acd898: 22 groups; 0.7 s; peak memory 1138 MiB.
2026-09-27T16:08:32Z INFO [265/379] 19faa473-f9ce-4ef6-9359-2bd253055625: 201 groups; 1.1 s; peak memory 1138 MiB.
2026-09-27T16:08:33Z INFO [266/379] 19fad590-9f7d-4f1e-99db-fbe408de0fd7: 35 groups; 0.9 s; peak memory 1138 MiB.
2026-09-27T16:08:33Z INFO [267/379] 19faeacb-503c-4d55-a6c5-495bd829915d: 25 groups; 0.6 s; peak memory 1138 MiB.
2026-09-27T16:08:34Z INFO [268/379] 19fca134-6946-4018-afb9-f57484186a7e: 22 groups; 0.7 s; peak memory 1138 MiB.
2026-09-27T16:08:35Z INFO [269/379] 19fd88ca-8b03-40e3-b1ee-60325a82fada: 32 groups; 0.6 s; peak memory 1138 MiB.
2026-09-27T16:11:16Z INFO [270/379] 19fdb041-fe22-4158-bccb-8a0483871811: 73 groups; 161.2 s; peak memory 1138 MiB.
2026-09-27T16:11:17Z INFO [271/379] 19fdd862-1329-48f7-ae3b-9b4955dbceae: 341 groups; 1.4 s; peak memory 1138 MiB.
2026-09-27T16:11:18Z INFO [272/379] 19fde837-ef45-497f-ac9d-fa8b9a2ae75f: 33 groups; 0.9 s; peak memory 1138 MiB.
2026-09-27T16:11:19Z INFO [273/379] 19fdee38-d3c3-4220-b63f-803721a5eaa6: 32 groups; 0.8 s; peak memory 1138 MiB.
2026-09-27T16:11:20Z INFO [274/379] 19fec72d-d1e5-437b-9e22-5408f6452838: 43 groups; 1.2 s; peak memory 1138 MiB.
2026-09-27T16:11:21Z INFO [275/379] 19ff168e-4f8d-4bed-982c-e58ce3acf2ae: 22 groups; 0.6 s; peak memory 1138 MiB.
2026-09-27T16:11:28Z INFO [276/379] 19ff4e03-1213-4a25-acd9-39bd19b2a87a: 53 groups; 7.3 s; peak memory 1138 MiB.
2026-09-27T16:11:29Z INFO [277/379] 1a008eea-6b3d-4a1c-bea0-63d8e78dad72: 22 groups; 0.6 s; peak memory 1138 MiB.
2026-09-27T16:11:32Z INFO [278/379] 1a01638f-4080-4c7c-8841-d6e9270e3fdd: 166 groups; 3.4 s; peak memory 1138 MiB.
2026-09-27T16:11:33Z INFO [279/379] 1a0190ad-f414-4b2c-b75b-bf6618a538be: 35 groups; 0.8 s; peak memory 1138 MiB.
2026-09-27T16:11:34Z INFO [280/379] 1a0199df-5424-4e04-b9fc-d51ee5cc1c83: 17 groups; 1.0 s; peak memory 1138 MiB.
2026-09-27T16:11:35Z INFO [281/379] 1a01aa68-1180-4e7c-8e54-61a974e7a63e: 32 groups; 0.7 s; peak memory 1138 MiB.
2026-09-27T16:11:35Z INFO [282/379] 1a01d3a8-e105-438c-8d1f-116204c05f39: 16 groups; 0.5 s; peak memory 1138 MiB.
2026-09-27T16:11:36Z INFO [283/379] 1a01f04c-858d-4501-9a70-780d54f679a8: 35 groups; 0.7 s; peak memory 1138 MiB.
2026-09-27T16:11:37Z INFO [284/379] 1a027357-4650-4001-a972-91428db75b18: 32 groups; 0.8 s; peak memory 1138 MiB.
2026-09-27T16:12:09Z INFO [285/379] 1a028d12-01aa-471e-80ee-62e4b653be62: 1506 groups; 32.1 s; peak memory 1138 MiB.
2026-09-27T16:12:09Z INFO [286/379] 1a029f9c-f766-47a3-91dc-6a94de09fd86: 22 groups; 0.7 s; peak memory 1138 MiB.
2026-09-27T16:12:10Z INFO [287/379] 1a02bf4d-12d7-45c0-b202-020535746c5e: 28 groups; 0.8 s; peak memory 1138 MiB.
2026-09-27T16:12:11Z INFO [288/379] 1a03f4d9-2843-4f1a-9543-e7acded20b10: 24 groups; 0.6 s; peak memory 1138 MiB.
2026-09-27T16:12:12Z INFO [289/379] 1a048944-f375-4120-aa9f-9aef66c63031: 22 groups; 0.7 s; peak memory 1138 MiB.
2026-09-27T16:12:12Z INFO [290/379] 1a048ff9-1315-4056-968f-7f276236a346: 29 groups; 0.8 s; peak memory 1138 MiB.
2026-09-27T16:12:14Z INFO [291/379] 1a04c40f-d7cf-4b9e-b7ea-b39646ca04ee: 341 groups; 1.4 s; peak memory 1138 MiB.
2026-09-27T16:12:18Z INFO [292/379] 1a04f1e0-b70a-4340-ae2a-4cd370f39c9f: 190 groups; 4.6 s; peak memory 1138 MiB.
2026-09-27T16:12:19Z INFO [293/379] 1a051feb-9641-424b-a423-d507aaa9d738: 195 groups; 1.0 s; peak memory 1138 MiB.
2026-09-27T16:12:21Z INFO [294/379] 1a056d12-da93-43a2-8cbb-858f8e4ea7e7: 17 groups; 1.8 s; peak memory 1138 MiB.
2026-09-27T16:12:22Z INFO [295/379] 1a05b896-de17-4216-bd9d-931ab9fb38c1: 22 groups; 0.6 s; peak memory 1138 MiB.
2026-09-27T16:12:25Z INFO [296/379] 1a067f26-34de-4110-8a00-4ea26b33e5c3: 181 groups; 3.3 s; peak memory 1138 MiB.
2026-09-27T16:12:45Z INFO [297/379] 1a06e7f1-cb68-439c-a20e-692945607c39: 31 groups; 20.1 s; peak memory 1138 MiB.
2026-09-27T16:12:46Z INFO [298/379] 1a071771-c2e6-4f50-9690-7649b937c94f: 194 groups; 0.9 s; peak memory 1138 MiB.
2026-09-27T16:12:47Z INFO [299/379] 1a07ccbd-7344-48ed-974f-e40f534b6f3e: 35 groups; 0.9 s; peak memory 1138 MiB.
2026-09-27T16:14:03Z INFO [300/379] 1a07e43c-bb35-4311-b453-8c745a503c30: 27 groups; 76.4 s; peak memory 1138 MiB.
2026-09-27T16:14:04Z INFO [300/379] 1a07e43c-bb35-4311-b453-8c745a503c30: checkpointed 59423 records.
2026-09-27T16:14:04Z INFO [301/379] 1a08ec4f-d8e2-4e4f-8032-c3bdaff42cec: 18 groups; 0.6 s; peak memory 1138 MiB.
2026-09-27T16:14:05Z INFO [302/379] 1a09c02d-27f8-415e-bd01-e95c083adb24: 36 groups; 0.8 s; peak memory 1138 MiB.
2026-09-27T16:14:09Z INFO [303/379] 1a0a9780-190d-440c-af80-c86eec75e152: 181 groups; 3.5 s; peak memory 1138 MiB.
2026-09-27T16:14:09Z INFO [304/379] 1a0bb058-78a2-4d7f-b138-763ea3c7d903: 26 groups; 0.5 s; peak memory 1138 MiB.
2026-09-27T16:14:11Z INFO [305/379] 1a0c2d5a-558e-49a3-b264-8d6d5a1e8d5f: 201 groups; 1.5 s; peak memory 1138 MiB.
2026-09-27T16:14:14Z INFO [306/379] 1a0c8aa9-a1b2-4e92-8acd-ef7720806e93: 181 groups; 3.6 s; peak memory 1138 MiB.
2026-09-27T16:14:17Z INFO [307/379] 1a0ddf9d-06f0-458c-8339-5657f576035d: 113 groups; 2.5 s; peak memory 1138 MiB.
2026-09-27T16:14:22Z INFO [308/379] 1a0e4e32-4454-4dac-90cd-9b5802a66b91: 206 groups; 5.2 s; peak memory 1138 MiB.
2026-09-27T16:14:22Z INFO [309/379] 1a0e9524-91c6-42db-9dee-89ead18d4913: 26 groups; 0.5 s; peak memory 1138 MiB.
2026-09-27T16:14:23Z INFO [310/379] 1a0ecc22-1cc4-4e5e-95d5-04ccb0d7bbe2: 33 groups; 0.8 s; peak memory 1138 MiB.
2026-09-27T16:14:24Z INFO [311/379] 1a0f6546-bbf4-4b14-ae34-01b62574fb40: 25 groups; 0.9 s; peak memory 1138 MiB.
2026-09-27T16:35:44Z INFO [312/379] 1a0f9270-6260-40f3-8358-c2b8ae99d2f6: 61 groups; 1279.5 s; peak memory 1138 MiB.
2026-09-27T16:35:44Z INFO [313/379] 1a0fa08d-baa9-4b6d-95d6-83971564cce4: 36 groups; 0.9 s; peak memory 1138 MiB.
2026-09-27T16:35:45Z INFO [314/379] 1a0ffd7f-2fa4-4862-baed-637a776e113c: 32 groups; 0.7 s; peak memory 1138 MiB.
2026-09-27T16:35:46Z INFO [315/379] 1a1145f5-477f-4b8a-8974-ff95c17ebaa4: 195 groups; 1.0 s; peak memory 1138 MiB.
2026-09-27T16:38:28Z INFO [316/379] 1a124329-3ed1-4349-bded-a5260450445a: 73 groups; 161.4 s; peak memory 1138 MiB.
2026-09-27T16:41:27Z INFO [317/379] 1a12b2f1-df59-4df6-a16c-e506cbe48da9: 37 groups; 179.9 s; peak memory 1138 MiB.
2026-09-27T16:41:28Z INFO [318/379] 1a13ec80-3d18-4fcc-8d21-ef3a3982d721: 35 groups; 1.0 s; peak memory 1138 MiB.
2026-09-27T16:41:29Z INFO [319/379] 1a14188f-200d-4cde-aaf1-a616dfea4f5b: 32 groups; 0.7 s; peak memory 1138 MiB.
2026-09-27T16:41:33Z INFO [320/379] 1a143618-7bf2-4954-8b44-d3815ea57d42: 73 groups; 3.7 s; peak memory 1138 MiB.
2026-09-27T16:41:34Z INFO [321/379] 1a154d3e-f094-4aee-bd3c-8bb414b24adc: 201 groups; 0.8 s; peak memory 1138 MiB.
2026-09-27T16:41:34Z INFO [322/379] 1a156d9e-3f6f-4628-9d18-e826affc3995: 31 groups; 0.6 s; peak memory 1138 MiB.
2026-09-27T16:41:41Z INFO [323/379] 1a16b224-1bef-45d1-a965-1edbaff73c6c: 227 groups; 6.3 s; peak memory 1138 MiB.
2026-09-27T16:41:42Z INFO [324/379] 1a173deb-f6ff-420e-b0ee-a8117c1624fe: 50 groups; 1.7 s; peak memory 1138 MiB.
2026-09-27T16:41:43Z INFO [325/379] 1a175b99-46ed-412e-bb6e-9f08cb1cb868: 22 groups; 0.6 s; peak memory 1138 MiB.
2026-09-27T16:41:44Z INFO [326/379] 1a17c273-6f5a-4d94-b67c-826b2d8ae68b: 50 groups; 1.5 s; peak memory 1138 MiB.
2026-09-27T16:41:45Z INFO [327/379] 1a1854a6-8ac7-465d-a0d4-a03b1d202508: 16 groups; 0.4 s; peak memory 1138 MiB.
2026-09-27T16:41:45Z INFO [328/379] 1a18c290-ba52-4d6f-a80a-26d644b52f8f: 26 groups; 0.6 s; peak memory 1138 MiB.
2026-09-27T16:41:48Z INFO [329/379] 1a1a7c72-cc2e-44a5-9002-9ac1cf47ec0e: 17 groups; 2.4 s; peak memory 1138 MiB.
2026-09-27T16:41:49Z INFO [330/379] 1a1ac5a5-253e-4d41-af05-f6ed2d777483: 29 groups; 0.9 s; peak memory 1138 MiB.
2026-09-27T16:41:50Z INFO [331/379] 1a1b338a-0833-47e3-b6a2-d0c84c2ed5c6: 32 groups; 0.8 s; peak memory 1138 MiB.
2026-09-27T16:41:50Z INFO [332/379] 1a1b5057-5a29-4e20-9d75-bed857035209: 35 groups; 0.7 s; peak memory 1138 MiB.
2026-09-27T16:41:51Z INFO [333/379] 1a1b59c5-3bcf-42d2-859e-3d9e94551785: 35 groups; 1.1 s; peak memory 1138 MiB.
2026-09-27T16:41:52Z INFO [334/379] 1a1bc1bd-fc05-4829-b9e2-0a32b91e99ba: 30 groups; 0.8 s; peak memory 1138 MiB.
2026-09-27T16:41:53Z INFO [335/379] 1a1c80bf-0c04-4cb8-9240-50c701d11d43: 31 groups; 0.8 s; peak memory 1138 MiB.
2026-09-27T16:41:54Z INFO [336/379] 1a1cb4c1-2746-4417-8760-0ddd889b7383: 32 groups; 0.8 s; peak memory 1138 MiB.
2026-09-27T16:41:54Z INFO [337/379] 1a1d6113-a6ba-4122-95f3-b9e34b2007e9: 22 groups; 0.7 s; peak memory 1138 MiB.
2026-09-27T16:41:55Z INFO [338/379] 1a1d9b18-d71d-49f8-ac28-3f5b440ddf15: 21 groups; 0.7 s; peak memory 1138 MiB.
2026-09-27T16:42:00Z INFO [339/379] 1a1dc490-a832-47a1-b190-3a5e575669fa: 66 groups; 5.1 s; peak memory 1138 MiB.
2026-09-27T16:42:06Z INFO [340/379] 1a1dc653-1d21-45eb-b70a-5c01afa58c7b: 22 groups; 5.7 s; peak memory 1138 MiB.
2026-09-27T16:42:07Z INFO [341/379] 1a1de04e-3085-4313-9551-43d7d39b34f2: 22 groups; 0.6 s; peak memory 1138 MiB.
2026-09-27T16:42:07Z INFO [342/379] 1a1de71b-bb61-4509-a8c6-6c01b944d375: 32 groups; 0.6 s; peak memory 1138 MiB.
2026-09-27T16:42:08Z INFO [343/379] 1a1e3880-ba15-48fb-9ae3-e238b7e4585b: 17 groups; 0.5 s; peak memory 1138 MiB.
2026-09-27T16:42:09Z INFO [344/379] 1a1e8948-57c1-4e71-8990-374c4cef82fe: 48 groups; 1.6 s; peak memory 1138 MiB.
2026-09-27T16:42:10Z INFO [345/379] 1a1f5b13-2740-4db5-bd5e-22c41ef286d4: 22 groups; 0.6 s; peak memory 1138 MiB.
2026-09-27T16:42:11Z INFO [346/379] 1a1fd2e0-c33f-4f7f-a1e0-623717db5aa7: 32 groups; 0.7 s; peak memory 1138 MiB.
2026-09-27T16:42:11Z INFO [347/379] 1a21f665-312a-4c41-bb44-2e330ec45332: 41 groups; 0.9 s; peak memory 1138 MiB.
2026-09-27T16:51:29Z INFO [348/379] 1a22293d-46f9-4353-a8d7-f2ba884d6c0c: 147 groups; 557.7 s; peak memory 1138 MiB.
2026-09-27T16:51:30Z INFO [349/379] 1a23c29e-a89c-4453-9b40-1f6262085145: 34 groups; 0.8 s; peak memory 1138 MiB.
2026-09-27T16:51:31Z INFO [350/379] 1a23c631-3135-4b2b-966f-b1a9dbddf303: 197 groups; 1.2 s; peak memory 1138 MiB.
2026-09-27T16:51:31Z INFO [350/379] 1a23c631-3135-4b2b-966f-b1a9dbddf303: checkpointed 59473 records.
2026-09-27T16:51:32Z INFO [351/379] 1a244339-93d0-48db-bd92-4abe389fb578: 31 groups; 0.5 s; peak memory 1138 MiB.
2026-09-27T16:51:32Z INFO [352/379] 1a24c454-e8ce-48c3-809a-2a061872effb: 25 groups; 0.7 s; peak memory 1138 MiB.
2026-09-27T16:51:33Z INFO [353/379] 1a2507ea-e839-47c0-b58a-6a811d208945: 28 groups; 0.7 s; peak memory 1138 MiB.
2026-09-27T16:52:01Z INFO [354/379] 1a25e8b0-617a-47e4-a36f-4525b8f35ab3: 137 groups; 28.0 s; peak memory 1138 MiB.
2026-09-27T16:52:02Z INFO [355/379] 1a263790-a027-4d56-8fc4-765461169a74: 35 groups; 1.1 s; peak memory 1138 MiB.
2026-09-27T16:52:06Z INFO [356/379] 1a266f80-d91c-4fc6-bed9-ed0132427bb1: 137 groups; 3.5 s; peak memory 1138 MiB.
2026-09-27T16:52:07Z INFO [357/379] 1a267c71-e99f-42d8-991f-85926fce9eed: 48 groups; 1.6 s; peak memory 1138 MiB.
2026-09-27T16:52:09Z INFO [358/379] 1a26aa5c-6684-4664-a895-b95a1a18356a: 48 groups; 1.4 s; peak memory 1138 MiB.
2026-09-27T16:52:09Z INFO [359/379] 1a2780f0-46d9-4b94-8d77-7e81bf332229: 194 groups; 0.7 s; peak memory 1138 MiB.
2026-09-27T16:52:10Z INFO [360/379] 1a27f07e-51a6-4cf0-b794-129bdeadf747: 31 groups; 0.9 s; peak memory 1138 MiB.
2026-09-27T16:52:11Z INFO [361/379] 1a2825b5-2c3f-4ec3-88b6-6c1e87d8bf43: 35 groups; 0.8 s; peak memory 1138 MiB.
2026-09-27T16:52:13Z INFO [362/379] 1a2846ef-229d-4a91-8bc7-d15f32a19515: 180 groups; 1.6 s; peak memory 1138 MiB.
2026-09-27T16:52:14Z INFO [363/379] 1a288d37-7f91-4b5e-a8c2-e26f85357aff: 35 groups; 0.8 s; peak memory 1138 MiB.
2026-09-27T16:52:14Z INFO [364/379] 1a28f655-d37e-4a62-8866-8e0322883fc4: 22 groups; 0.5 s; peak memory 1138 MiB.
2026-09-27T16:52:15Z INFO [365/379] 1a291ff5-ea5d-4cec-9717-b8148d88c834: 200 groups; 1.4 s; peak memory 1138 MiB.
2026-09-27T16:52:16Z INFO [366/379] 1a2975d8-ebe3-4da3-a624-0ddb983b90d3: 22 groups; 0.7 s; peak memory 1138 MiB.
2026-09-27T16:52:17Z INFO [367/379] 1a29e866-c6af-4173-a165-dee383a4ba4b: 22 groups; 0.7 s; peak memory 1138 MiB.
2026-09-27T16:52:17Z INFO [368/379] 1a2a8def-d243-4410-9ae0-820c894ebb85: 22 groups; 0.6 s; peak memory 1138 MiB.
2026-09-27T16:52:18Z INFO [369/379] 1a2ae6ea-498b-4b5b-b2c5-3a9aaf7dbc8b: 22 groups; 0.7 s; peak memory 1138 MiB.
2026-09-27T16:52:19Z INFO [370/379] 1a2b9668-e967-4c02-b3cf-d9bbf7f40efe: 25 groups; 0.8 s; peak memory 1138 MiB.
2026-09-27T16:52:20Z INFO [371/379] 1a2bdd6c-6f36-42e4-a4a1-c4ab6cd8b5bc: 22 groups; 0.6 s; peak memory 1138 MiB.
2026-09-27T16:52:21Z INFO [372/379] 1a2bea5a-48d8-48fa-a450-30fd2bf55e45: 35 groups; 0.9 s; peak memory 1138 MiB.
2026-09-27T16:52:21Z INFO [373/379] 1a2c62cc-08cb-4680-a866-1c7177350c4d: 22 groups; 0.7 s; peak memory 1138 MiB.
2026-09-27T16:52:22Z INFO [374/379] 1a2c6883-f6a7-4521-bf7b-7d1df3a250dd: 22 groups; 0.7 s; peak memory 1138 MiB.
2026-09-27T16:52:23Z INFO [375/379] 1a2c89df-67e4-431f-91ef-db2af28ea004: 34 groups; 1.1 s; peak memory 1138 MiB.
2026-09-27T16:52:24Z INFO [376/379] 1a2d19f4-a1b8-4c58-bec4-2b01433df08f: 22 groups; 0.6 s; peak memory 1138 MiB.
2026-09-27T16:52:27Z INFO [377/379] 1a2d7266-aa54-4518-96f5-cf2d99788a23: 152 groups; 3.8 s; peak memory 1138 MiB.
2026-09-27T16:52:28Z INFO [378/379] 1a2e03a6-48bc-4a58-a714-8aa15d02d015: 22 groups; 0.6 s; peak memory 1138 MiB.
2026-09-27T16:52:30Z INFO [379/379] 1a2e55f4-d874-4444-9ab5-625be0ccd42c: 47 groups; 2.1 s; peak memory 1138 MiB.
2026-09-27T16:52:30Z INFO Wrote 59502 records to /tmp/derivatives/valid_nwb_file_to_number_of_groups.jsonl (379 new, 0 failed) in 60.6 min (peak memory 1138 MiB).
