2026-09-26T15:10:48Z INFO Logging to /tmp/logs/update_2026-09-26T15-10-48Z.log.
2026-09-26T15:10:48Z INFO Update valid-nwb-file-to-number-of-groups (base directory /tmp).
2026-09-26T15:10:48Z INFO Processing 384 items (58022 already recorded).
2026-09-26T15:10:50Z INFO [1/384] 025b79c5-2030-4c64-b448-8c97a46d6890: 20 groups; 2.3 s; peak memory 100 MiB.
2026-09-26T15:10:52Z INFO [2/384] 03a433fb-90ab-44be-b496-6589c2d06bb4: 20 groups; 1.8 s; peak memory 100 MiB.
2026-09-26T15:10:54Z INFO [3/384] 0a6d3a29-492b-4845-9d91-92aa709d81ca: 20 groups; 1.7 s; peak memory 101 MiB.
2026-09-26T15:10:56Z INFO [4/384] 0c766987-47c7-4791-9c3e-6ee635ac2b64: 20 groups; 2.2 s; peak memory 101 MiB.
2026-09-26T15:10:57Z INFO [5/384] 0cf7de31-672c-4366-9f42-c97681945f40: 20 groups; 1.5 s; peak memory 101 MiB.
2026-09-26T15:10:59Z INFO [6/384] 0d285226-e12f-4c67-ab41-848c06fbc7b8: 20 groups; 1.9 s; peak memory 102 MiB.
2026-09-26T15:11:01Z INFO [7/384] 0f2b3e97-3fd5-4cca-b9d7-8f988c342e8a: 20 groups; 2.2 s; peak memory 102 MiB.
2026-09-26T15:11:03Z INFO [8/384] 17265442-a5a0-4193-9ae4-f3e025656626: 21 groups; 1.3 s; peak memory 102 MiB.
2026-09-26T15:11:05Z INFO [9/384] 1726df88-4747-4fd0-b075-3f7c784f6401: 43 groups; 2.1 s; peak memory 102 MiB.
2026-09-26T15:11:07Z INFO [10/384] 1726f7ce-09c4-4d39-b4d3-634bee7f5f60: 200 groups; 2.0 s; peak memory 103 MiB.
2026-09-26T15:11:08Z INFO [11/384] 1727fc6d-75da-4398-99a1-ad240946640d: 22 groups; 1.3 s; peak memory 103 MiB.
2026-09-26T15:11:09Z INFO [12/384] 17286f8a-8fdd-4fb2-acce-c2c451ddadc2: 22 groups; 1.2 s; peak memory 103 MiB.
2026-09-26T15:11:10Z INFO [13/384] 17290a20-3e67-4c1d-bc25-0b45e4bd338a: 22 groups; 1.2 s; peak memory 103 MiB.
2026-09-26T15:11:12Z INFO [14/384] 1729deff-f342-437d-afb7-28d9ed874aac: 32 groups; 1.5 s; peak memory 105 MiB.
2026-09-26T15:11:14Z INFO [15/384] 1729e202-d0d3-49e0-ab7a-58cac6943046: 43 groups; 2.0 s; peak memory 105 MiB.
2026-09-26T15:11:15Z INFO [16/384] 172a6c39-bd1d-4c89-ab81-609b69b3e025: 30 groups; 0.9 s; peak memory 105 MiB.
2026-09-26T15:11:16Z INFO [17/384] 172ac043-753a-43c8-a17d-f7488c7829f2: 22 groups; 1.2 s; peak memory 105 MiB.
2026-09-26T15:11:17Z INFO [18/384] 172acc37-a58d-4465-8a23-1f6656965b3a: 31 groups; 1.1 s; peak memory 105 MiB.
2026-09-26T15:12:14Z INFO [19/384] 172ba2f3-da01-4ba2-a5bd-f21b3aceb99a: 3104 groups; 57.0 s; peak memory 271 MiB.
2026-09-26T15:12:16Z INFO [20/384] 172c4d66-27b6-4f5a-bef9-8dad968a65c7: 32 groups; 1.4 s; peak memory 271 MiB.
2026-09-26T15:13:04Z INFO [21/384] 172c9a2a-ee35-4d29-9077-ead7501f47ca: 27 groups; 48.1 s; peak memory 271 MiB.
2026-09-26T15:13:06Z INFO [22/384] 172ccb81-748c-4bfd-bba6-ce21d9eb42d4: 200 groups; 2.2 s; peak memory 271 MiB.
2026-09-26T15:13:08Z INFO [23/384] 172ce6f1-6e72-4e15-932a-c0e3a5648971: 203 groups; 1.7 s; peak memory 271 MiB.
2026-09-26T15:13:27Z INFO [24/384] 172ceecd-3a5f-46b1-bd77-fe478accb087: 257 groups; 18.9 s; peak memory 271 MiB.
2026-09-26T15:13:28Z INFO [25/384] 172de3c7-0d94-4e5d-952c-de3b0178ac84: 32 groups; 1.5 s; peak memory 271 MiB.
2026-09-26T15:13:42Z INFO [26/384] 172e369f-8474-4e16-8c96-c4326354f587: 157 groups; 14.2 s; peak memory 271 MiB.
2026-09-26T15:13:44Z INFO [27/384] 172e600e-c068-4fb3-bcab-4e757d027d29: 103 groups; 1.7 s; peak memory 271 MiB.
2026-09-26T15:13:46Z INFO [28/384] 172ee144-ce7b-4a02-865c-b596b457f99f: 200 groups; 1.8 s; peak memory 271 MiB.
2026-09-26T15:13:48Z INFO [29/384] 172f2506-1805-4eeb-94ae-4681eedd4de9: 33 groups; 1.9 s; peak memory 271 MiB.
2026-09-26T15:13:51Z INFO [30/384] 172fcfc5-7055-4044-b8a8-7943e6edeff6: 34 groups; 3.0 s; peak memory 271 MiB.
2026-09-26T15:13:52Z INFO [31/384] 172fda0b-bcc2-4f71-a62c-5a0f248f4e07: 22 groups; 1.2 s; peak memory 271 MiB.
2026-09-26T15:13:53Z INFO [32/384] 172ffc57-8992-4013-b10b-fff16f654c02: 253 groups; 1.5 s; peak memory 271 MiB.
2026-09-26T15:13:54Z INFO [33/384] 173096b7-ae08-4a18-b239-376fe9f50b27: 24 groups; 0.9 s; peak memory 271 MiB.
2026-09-26T15:13:56Z INFO [34/384] 17317ef3-195f-4ad5-9944-9376571019f2: 35 groups; 1.8 s; peak memory 271 MiB.
2026-09-26T15:15:17Z INFO [35/384] 1731d9eb-a003-411f-9d49-bb4fe3efc290: 33 groups; 80.8 s; peak memory 271 MiB.
2026-09-26T15:15:18Z INFO [36/384] 1731db14-c2cf-4f46-b2ec-b96f89aaf992: 25 groups; 1.3 s; peak memory 271 MiB.
2026-09-26T15:15:20Z INFO [37/384] 17324745-9786-4f63-92e4-50e77ab9d5c8: 32 groups; 1.4 s; peak memory 271 MiB.
2026-09-26T15:15:22Z INFO [38/384] 1733411d-95fc-48e2-ad3c-c88c4a616fdf: 207 groups; 2.5 s; peak memory 271 MiB.
2026-09-26T15:15:27Z INFO [39/384] 17339942-54df-4bbe-b8b1-414961634e4d: 72 groups; 5.3 s; peak memory 271 MiB.
2026-09-26T15:15:29Z INFO [40/384] 17344193-29ce-49ae-9394-bacbe8e9a369: 107 groups; 1.7 s; peak memory 271 MiB.
2026-09-26T15:15:39Z INFO [41/384] 173444cb-2ed5-4183-b1fe-0f27619b2eac: 123 groups; 9.8 s; peak memory 271 MiB.
2026-09-26T15:15:40Z INFO [42/384] 1734d3dd-c6e7-4ae2-86b6-d5abb5b1a770: 32 groups; 1.4 s; peak memory 271 MiB.
2026-09-26T15:15:42Z INFO [43/384] 1734e4fd-5ff7-46ef-9425-e5e4204ab250: 30 groups; 1.5 s; peak memory 271 MiB.
2026-09-26T15:15:43Z INFO [44/384] 17353a21-fd0b-498a-844e-7ab8b2c9e9c7: 22 groups; 1.2 s; peak memory 271 MiB.
2026-09-26T15:16:27Z INFO [45/384] 173584ec-0dac-40e2-a40d-e4ea9ea05dc2: 26 groups; 44.4 s; peak memory 271 MiB.
2026-09-26T15:16:29Z INFO [46/384] 17358a6f-54f1-4c86-b6bf-489ea491804e: 195 groups; 1.8 s; peak memory 271 MiB.
2026-09-26T15:16:31Z INFO [47/384] 17358f1d-c00a-4664-83c0-734fc21023ad: 20 groups; 1.4 s; peak memory 271 MiB.
2026-09-26T15:16:32Z INFO [48/384] 1735ab16-6d27-43c2-b53a-735f64a85a00: 29 groups; 1.1 s; peak memory 271 MiB.
2026-09-26T15:16:34Z INFO [49/384] 1735ff13-b985-4c7c-b1f8-a96bd32c1c4a: 43 groups; 2.0 s; peak memory 271 MiB.
2026-09-26T15:16:35Z INFO [50/384] 173635a7-89c4-418a-a457-53241f9f1be7: 32 groups; 1.7 s; peak memory 271 MiB.
2026-09-26T15:16:35Z INFO [50/384] 173635a7-89c4-418a-a457-53241f9f1be7: checkpointed 58072 records.
2026-09-26T15:16:39Z INFO [51/384] 173738bc-35c8-451c-b9c4-ef15df1937f6: 56 groups; 3.8 s; peak memory 271 MiB.
2026-09-26T15:16:41Z INFO [52/384] 1737adef-5dbd-49ff-ad02-683a730ae4ea: 32 groups; 1.5 s; peak memory 271 MiB.
2026-09-26T15:16:42Z INFO [53/384] 1737ae8f-c394-4d73-a87d-2407b5d9b906: 199 groups; 1.6 s; peak memory 271 MiB.
2026-09-26T15:16:44Z INFO [54/384] 1737f622-2fb7-4705-a373-3858055c24fa: 22 groups; 1.2 s; peak memory 271 MiB.
2026-09-26T15:16:45Z INFO [55/384] 17385c2e-dded-424f-bc26-885c1ba1804d: 32 groups; 1.7 s; peak memory 271 MiB.
2026-09-26T15:16:47Z INFO [56/384] 1738d236-1f53-4cc7-a087-3f3601b367c2: 32 groups; 1.5 s; peak memory 271 MiB.
2026-09-26T15:16:48Z INFO [57/384] 173924d7-69fe-47e3-a2a8-cb74d48f1689: 22 groups; 1.2 s; peak memory 271 MiB.
2026-09-26T15:16:49Z INFO [58/384] 1739c7c0-7795-44ad-ab52-c4b8f3dcb7d1: 25 groups; 1.3 s; peak memory 271 MiB.
2026-09-26T15:16:51Z INFO [59/384] 1739fdcf-0dc0-4abd-9a42-95e2ae549a9b: 32 groups; 1.7 s; peak memory 271 MiB.
2026-09-26T15:16:52Z INFO [60/384] 173b4a0d-2edd-425c-baba-6bcd5278e8cf: 25 groups; 1.3 s; peak memory 271 MiB.
2026-09-26T15:16:53Z INFO [61/384] 173b8857-7f73-4282-9b33-26a7d54d3030: 22 groups; 1.2 s; peak memory 271 MiB.
2026-09-26T15:16:55Z INFO [62/384] 173c6f93-9e8c-4d84-a484-239f3dfc2870: 49 groups; 1.6 s; peak memory 271 MiB.
2026-09-26T15:17:01Z INFO [63/384] 173d8b10-e1e7-4e17-b102-6b0cf4d35052: 78 groups; 6.2 s; peak memory 271 MiB.
2026-09-26T15:17:03Z INFO [64/384] 173e45ec-d063-4525-bc28-eec98b0a3ea6: 32 groups; 1.5 s; peak memory 271 MiB.
2026-09-26T15:17:05Z INFO [65/384] 173f09e8-371f-4c6e-a7a5-788de1cdf61a: 207 groups; 2.2 s; peak memory 271 MiB.
2026-09-26T15:17:06Z INFO [66/384] 17411fc8-c79d-475c-b9a8-7d27a616617b: 32 groups; 1.5 s; peak memory 271 MiB.
2026-09-26T15:17:08Z INFO [67/384] 17413abc-f7c6-4e71-aee0-becf82d43dd0: 22 groups; 1.1 s; peak memory 271 MiB.
2026-09-26T15:17:10Z INFO [68/384] 17418c6f-d854-4f97-8694-25cbb176ed40: 49 groups; 2.2 s; peak memory 271 MiB.
2026-09-26T15:17:12Z INFO [69/384] 1742111c-6734-4b94-a7f2-cce609ff91c2: 35 groups; 1.7 s; peak memory 271 MiB.
2026-09-26T15:17:15Z INFO [70/384] 1742374d-394b-40c6-a670-e69860488c5e: 50 groups; 3.2 s; peak memory 271 MiB.
2026-09-26T15:17:16Z INFO [71/384] 174245c9-1910-4ddc-9d03-0808efd2781f: 22 groups; 1.3 s; peak memory 271 MiB.
2026-09-26T15:17:17Z INFO [72/384] 17426d2a-2cfb-4765-ab65-0ede727896dd: 22 groups; 1.2 s; peak memory 271 MiB.
2026-09-26T15:17:18Z INFO [73/384] 17429a7a-c505-4781-9443-d9ef7ec9d4d8: 22 groups; 1.2 s; peak memory 271 MiB.
2026-09-26T15:17:43Z INFO [74/384] 1742c1bb-c394-4018-a0f2-69402235074d: 1469 groups; 24.4 s; peak memory 271 MiB.
2026-09-26T15:17:46Z INFO [75/384] 1743330d-5443-44fe-b46b-dedba702dc26: 48 groups; 2.8 s; peak memory 271 MiB.
2026-09-26T15:17:47Z INFO [76/384] 1743a0a0-4c99-464c-b711-f79eafa0472f: 16 groups; 1.2 s; peak memory 271 MiB.
2026-09-26T15:17:56Z INFO [77/384] 1743ee28-007e-4d51-8dae-4430019bca44: 27 groups; 9.3 s; peak memory 271 MiB.
2026-09-26T15:17:58Z INFO [78/384] 17448ffd-481a-4380-a415-2abf7e8f0590: 336 groups; 1.9 s; peak memory 271 MiB.
2026-09-26T15:18:00Z INFO [79/384] 1744a051-3428-41a7-a24a-199dccc44a70: 206 groups; 1.8 s; peak memory 271 MiB.
2026-09-26T15:18:01Z INFO [80/384] 174506ab-a9c4-4854-b3b4-4592959178f7: 24 groups; 1.3 s; peak memory 271 MiB.
2026-09-26T15:18:03Z INFO [81/384] 17456f5f-8db0-45e7-94fa-bae54aef1347: 22 groups; 1.3 s; peak memory 271 MiB.
2026-09-26T15:18:04Z INFO [82/384] 17469923-9946-4879-a32d-8c87c38571d9: 32 groups; 1.3 s; peak memory 271 MiB.
2026-09-26T15:18:05Z INFO [83/384] 1746d035-05a3-4c26-a971-31afe742204d: 32 groups; 1.5 s; peak memory 271 MiB.
2026-09-26T15:18:07Z INFO [84/384] 174735ac-7ef8-49f8-9506-9fcc36015940: 32 groups; 1.5 s; peak memory 271 MiB.
2026-09-26T15:18:08Z INFO [85/384] 17475810-a23a-4864-8c44-aad2a71d1e8d: 22 groups; 1.2 s; peak memory 271 MiB.
2026-09-26T15:18:09Z INFO [86/384] 1747a2e1-b2f8-479a-8c4f-9464a2b22cb7: 22 groups; 1.3 s; peak memory 271 MiB.
2026-09-26T15:18:11Z INFO [87/384] 17490736-6323-4153-90a1-268711a68d2b: 70 groups; 2.0 s; peak memory 271 MiB.
2026-09-26T15:18:14Z INFO [88/384] 17491cf2-0326-4a39-ab3f-3cd5099a2cc0: 48 groups; 2.9 s; peak memory 271 MiB.
2026-09-26T15:18:22Z INFO [89/384] 174957c6-0923-467c-b37e-9670e33f0694: 34 groups; 7.8 s; peak memory 271 MiB.
2026-09-26T15:18:24Z INFO [90/384] 174a76b1-d5ac-45f5-a83b-69fce9dc5302: 201 groups; 1.8 s; peak memory 271 MiB.
2026-09-26T15:18:25Z INFO [91/384] 174a8088-9edb-46df-a2de-2c5d2597e367: 36 groups; 1.6 s; peak memory 271 MiB.
2026-09-26T15:18:27Z INFO [92/384] 174abd3b-f56a-426e-841c-0bdb3bd6b002: 35 groups; 1.5 s; peak memory 271 MiB.
2026-09-26T15:18:28Z INFO [93/384] 174afe4b-0c89-4df4-9975-2a4ffbb8344a: 16 groups; 1.0 s; peak memory 271 MiB.
2026-09-26T15:18:29Z INFO [94/384] 174aff1d-173f-460a-9a48-480c5c9190b3: 22 groups; 1.2 s; peak memory 271 MiB.
2026-09-26T15:18:31Z INFO [95/384] 174c0234-b406-47ea-a257-076d1585ff25: 201 groups; 1.6 s; peak memory 271 MiB.
2026-09-26T15:18:32Z INFO [96/384] 174cccef-0cd8-4a7a-b90a-c28e893e188a: 30 groups; 1.0 s; peak memory 271 MiB.
2026-09-26T15:18:33Z INFO [97/384] 174d4867-d96f-4328-9c56-a232ea02ca7b: 26 groups; 0.9 s; peak memory 271 MiB.
2026-09-26T15:18:46Z INFO [98/384] 174dd84e-039e-4196-bcad-b514f3047a7f: 32 groups; 13.0 s; peak memory 271 MiB.
2026-09-26T15:18:47Z INFO [99/384] 174e2644-0526-4721-a092-d5eb00467300: 22 groups; 1.2 s; peak memory 271 MiB.
2026-09-26T15:18:48Z INFO [100/384] 174e4ab8-5843-40a0-af04-8d94c3d1b1a1: 32 groups; 1.4 s; peak memory 271 MiB.
2026-09-26T15:18:48Z INFO [100/384] 174e4ab8-5843-40a0-af04-8d94c3d1b1a1: checkpointed 58122 records.
2026-09-26T15:18:49Z INFO [101/384] 174e9c78-5c13-435b-b801-fb70528703bf: 31 groups; 1.0 s; peak memory 271 MiB.
2026-09-26T15:18:51Z INFO [102/384] 174ebe82-20c3-4818-ba61-5c8f69c5336a: 32 groups; 1.6 s; peak memory 271 MiB.
2026-09-26T15:18:52Z INFO [103/384] 174f63a5-c5f0-4b08-afa3-81fc4c96187e: 32 groups; 1.4 s; peak memory 271 MiB.
2026-09-26T15:18:55Z INFO [104/384] 174f7808-425e-4d21-a3ae-55016da10f55: 48 groups; 2.9 s; peak memory 271 MiB.
2026-09-26T15:18:58Z INFO [105/384] 174fe02d-7691-4d9c-bcb9-72eec206077d: 48 groups; 3.0 s; peak memory 271 MiB.
2026-09-26T15:19:00Z INFO [106/384] 17519afe-ada3-40ca-b7d6-b77a0e87b4d1: 33 groups; 1.2 s; peak memory 271 MiB.
2026-09-26T15:19:01Z INFO [107/384] 1751e552-d913-4758-b068-46fc3e022084: 103 groups; 1.3 s; peak memory 271 MiB.
2026-09-26T15:19:02Z INFO [108/384] 17527cd0-256a-408c-8d26-1bd9f4258e02: 22 groups; 1.2 s; peak memory 271 MiB.
2026-09-26T15:19:11Z INFO [109/384] 1752a113-1aea-467a-883e-360d1534637e: 183 groups; 9.2 s; peak memory 271 MiB.
2026-09-26T15:19:13Z INFO [110/384] 17531c8b-e09f-4c14-9538-6e7836e774e2: 41 groups; 1.3 s; peak memory 271 MiB.
2026-09-26T15:19:14Z INFO [111/384] 17541a02-d7cc-424d-92e1-35944db9f35f: 25 groups; 1.0 s; peak memory 271 MiB.
2026-09-26T15:19:15Z INFO [112/384] 175465b1-32ef-43ee-89e8-95a6e251dd8b: 104 groups; 1.7 s; peak memory 271 MiB.
2026-09-26T15:19:17Z INFO [113/384] 1754b3b7-5a2d-44df-8abb-7b6705f21e65: 33 groups; 1.2 s; peak memory 271 MiB.
2026-09-26T15:21:27Z INFO [114/384] 1754b917-b57a-4954-b9d9-4d45675c2565: 80 groups; 130.5 s; peak memory 310 MiB.
2026-09-26T15:21:31Z INFO [115/384] 1754c04b-393e-4c1f-8fdf-8468edf0d471: 37 groups; 3.6 s; peak memory 310 MiB.
2026-09-26T15:21:40Z INFO [116/384] 1755329d-ad0d-4fa2-9d2e-befddcef5878: 56 groups; 9.0 s; peak memory 310 MiB.
2026-09-26T15:21:41Z INFO [117/384] 17554888-9dee-4858-a8d6-e8e20385909e: 22 groups; 1.2 s; peak memory 310 MiB.
2026-09-26T15:21:43Z INFO [118/384] 17555eb3-a487-4925-8212-afd1a785c1be: 35 groups; 2.0 s; peak memory 310 MiB.
2026-09-26T15:21:45Z INFO [119/384] 17562f12-864d-4098-a42b-fbd02d405607: 206 groups; 2.1 s; peak memory 310 MiB.
2026-09-26T15:21:46Z INFO [120/384] 17564ab3-fc55-4c9a-9eca-1cfe412fef06: 32 groups; 1.5 s; peak memory 310 MiB.
2026-09-26T15:21:48Z INFO [121/384] 1757b058-dd1b-49e0-a40a-87e29c95798c: 32 groups; 1.9 s; peak memory 310 MiB.
2026-09-26T15:21:50Z INFO [122/384] 1757d268-13f6-419d-aaec-c7aab7d3c46c: 202 groups; 1.6 s; peak memory 310 MiB.
2026-09-26T15:21:53Z INFO [123/384] 1757fcd7-ccc7-46d4-a2df-a7de1c841bb5: 48 groups; 2.7 s; peak memory 310 MiB.
2026-09-26T15:21:54Z INFO [124/384] 1758e77c-d612-422c-a799-f35ac518ef6f: 203 groups; 1.7 s; peak memory 310 MiB.
2026-09-26T15:22:08Z INFO [125/384] 175982f5-2112-4367-b36b-0c75e961dbee: 192 groups; 13.8 s; peak memory 310 MiB.
2026-09-26T15:22:09Z INFO [126/384] 1759a385-a27f-41dd-b142-caec0e4d6853: 17 groups; 1.1 s; peak memory 310 MiB.
2026-09-26T15:24:11Z INFO [127/384] 1759aac4-6cce-4c76-9ace-fe0d6263ae14: 60 groups; 122.2 s; peak memory 387 MiB.
2026-09-26T15:32:42Z INFO [128/384] 1759b6ca-7f21-4f35-822f-ebbfa84f5810: 46 groups; 510.4 s; peak memory 1226 MiB.
2026-09-26T15:32:43Z INFO [129/384] 175a8c75-4dc4-4d5d-8b3b-91e39fee896b: 32 groups; 1.4 s; peak memory 1226 MiB.
2026-09-26T15:32:45Z INFO [130/384] 175b2dad-be0a-4f0a-a132-b246e7685aad: 35 groups; 1.7 s; peak memory 1226 MiB.
2026-09-26T15:32:47Z INFO [131/384] 175b3df1-c3ce-4927-97cc-a3c638123b72: 195 groups; 1.6 s; peak memory 1226 MiB.
2026-09-26T15:32:48Z INFO [132/384] 175b924a-1ba3-4b79-b5ec-7819929bc346: 195 groups; 1.7 s; peak memory 1226 MiB.
2026-09-26T15:32:50Z INFO [133/384] 175c8695-cfb8-4267-991d-3a20b0f9b0c9: 25 groups; 1.4 s; peak memory 1226 MiB.
2026-09-26T15:34:03Z INFO [134/384] 175ca259-439b-438e-a4de-dbd176ac2ad5: 30 groups; 72.9 s; peak memory 1226 MiB.
2026-09-26T15:34:04Z INFO [135/384] 175caf5f-be42-4086-bc8e-b188ab601097: 22 groups; 1.2 s; peak memory 1226 MiB.
2026-09-26T15:34:05Z INFO [136/384] 175d049a-b523-4ee8-b653-e6cf0465153f: 22 groups; 1.1 s; peak memory 1226 MiB.
2026-09-26T15:34:07Z INFO [137/384] 175df589-1ea4-4aa5-9180-b0df305fe7bb: 70 groups; 1.7 s; peak memory 1226 MiB.
2026-09-26T15:34:08Z INFO [138/384] 175e7e2c-f6e2-4618-bcf3-c68581b5b13d: 28 groups; 1.3 s; peak memory 1226 MiB.
2026-09-26T15:34:15Z INFO [139/384] 175e8731-2543-45df-b6a9-97e77feda718: 181 groups; 7.0 s; peak memory 1226 MiB.
2026-09-26T15:34:16Z INFO [140/384] 175ed717-e5e5-470b-9b59-e969d2d84335: 18 groups; 0.9 s; peak memory 1226 MiB.
2026-09-26T15:34:22Z INFO [141/384] 175f0876-7c47-4cd2-bd5c-9e6cd4e2ca2a: 47 groups; 6.3 s; peak memory 1226 MiB.
2026-09-26T15:34:26Z INFO [142/384] 175f22db-c219-4667-8c26-bded68d5c13d: 50 groups; 3.6 s; peak memory 1226 MiB.
2026-09-26T15:34:27Z INFO [143/384] 175f374d-ea9e-4e03-8bdf-4a84d17181ca: 16 groups; 0.9 s; peak memory 1226 MiB.
2026-09-26T15:34:33Z INFO [144/384] 175f8208-4482-4910-9e3c-6ef1e6aca07b: 66 groups; 6.0 s; peak memory 1226 MiB.
2026-09-26T15:34:34Z INFO [145/384] 1761636c-1b99-4d27-8a03-57351bff3cef: 22 groups; 1.2 s; peak memory 1226 MiB.
2026-09-26T15:34:35Z INFO [146/384] 1761e0de-2194-4982-a1c2-ff1a3f678224: 22 groups; 1.1 s; peak memory 1226 MiB.
2026-09-26T15:34:40Z INFO [147/384] 17622f60-43b3-4255-b374-9a33cd33bbb3: 112 groups; 5.0 s; peak memory 1226 MiB.
2026-09-26T15:34:42Z INFO [148/384] 1762a692-9277-4fb0-b579-9f8dab3899e3: 30 groups; 1.4 s; peak memory 1226 MiB.
2026-09-26T15:34:47Z INFO [149/384] 176324a3-6a79-44f0-a069-059aa9df9aa3: 73 groups; 5.6 s; peak memory 1226 MiB.
2026-09-26T15:34:49Z INFO [150/384] 1763d30e-1b3a-45d3-a0fc-15d83b03c242: 336 groups; 2.4 s; peak memory 1226 MiB.
2026-09-26T15:34:50Z INFO [150/384] 1763d30e-1b3a-45d3-a0fc-15d83b03c242: checkpointed 58172 records.
2026-09-26T15:34:55Z INFO [151/384] 176487cd-2202-40c0-a792-77155657088c: 78 groups; 5.4 s; peak memory 1226 MiB.
2026-09-26T15:34:56Z INFO [152/384] 1765021c-6035-4154-b448-8e9d64aab579: 16 groups; 0.9 s; peak memory 1226 MiB.
2026-09-26T15:34:57Z INFO [153/384] 17652a82-f9f8-4523-b0a1-dac27b494d01: 22 groups; 1.2 s; peak memory 1226 MiB.
2026-09-26T15:35:00Z INFO [154/384] 17654cec-4dc5-4e81-975d-304f1a8ff7e2: 48 groups; 2.9 s; peak memory 1226 MiB.
2026-09-26T15:35:01Z INFO [155/384] 17657de4-da99-4816-b2ad-a3e763b0a0d9: 256 groups; 1.5 s; peak memory 1226 MiB.
2026-09-26T15:35:03Z INFO [156/384] 17663eef-3cff-43e8-ac5a-ad2a010f6569: 32 groups; 1.5 s; peak memory 1226 MiB.
2026-09-26T15:35:04Z INFO [157/384] 176678bd-da74-4357-9d5a-f2310a6e169d: 22 groups; 1.3 s; peak memory 1226 MiB.
2026-09-26T15:35:17Z INFO [158/384] 17671def-c778-4d5a-be06-2b29871a4c98: 231 groups; 12.7 s; peak memory 1226 MiB.
2026-09-26T15:35:18Z INFO [159/384] 1768952a-5a89-4975-9513-14fef4d32e5b: 36 groups; 1.5 s; peak memory 1226 MiB.
2026-09-26T15:35:20Z INFO [160/384] 1768e430-8c7d-4994-98a7-09bb72819ac6: 32 groups; 1.5 s; peak memory 1226 MiB.
2026-09-26T15:35:22Z INFO [161/384] 17690fb6-89df-4eaf-9c8d-a6412aa6267c: 33 groups; 1.8 s; peak memory 1226 MiB.
2026-09-26T15:35:23Z INFO [162/384] 176969f1-3efa-4127-accb-adeca12d6165: 28 groups; 1.1 s; peak memory 1226 MiB.
2026-09-26T15:35:32Z INFO [163/384] 17699963-e94f-4134-b867-15b516a7aff4: 153 groups; 9.5 s; peak memory 1226 MiB.
2026-09-26T15:35:34Z INFO [164/384] 176a4169-3f41-4c64-a801-f6ce090c6940: 22 groups; 1.2 s; peak memory 1226 MiB.
2026-09-26T15:35:36Z INFO [165/384] 176ac97f-71c0-43de-9f4b-a64c3c66c658: 35 groups; 2.0 s; peak memory 1226 MiB.
2026-09-26T15:35:37Z INFO [166/384] 176b13e6-37ac-4bc2-9035-64531e8e8aef: 35 groups; 1.7 s; peak memory 1226 MiB.
2026-09-26T15:35:38Z INFO [167/384] 176b5466-5310-4ade-81c8-d4cb72852b6b: 22 groups; 1.1 s; peak memory 1226 MiB.
2026-09-26T15:35:40Z INFO [168/384] 176b584c-be42-4ce2-98e9-89830806f3e1: 202 groups; 1.6 s; peak memory 1226 MiB.
2026-09-26T15:35:41Z INFO [169/384] 176bbbf4-f5c5-4c84-8fd0-d7cd108faa72: 22 groups; 1.1 s; peak memory 1226 MiB.
2026-09-26T15:35:42Z INFO [170/384] 176bc9ca-876b-44e7-b6fa-f083f07c1058: 22 groups; 1.3 s; peak memory 1226 MiB.
2026-09-26T15:35:45Z INFO [171/384] 176c0b52-d34f-4545-badc-9c4db071a32f: 338 groups; 2.3 s; peak memory 1226 MiB.
2026-09-26T15:35:54Z INFO [172/384] 176c4111-9a62-4de3-9003-0303080072d6: 50 groups; 9.1 s; peak memory 1226 MiB.
2026-09-26T15:36:12Z INFO [173/384] 176c5877-bfb4-457d-bedb-6a14c4fd6af3: 23 groups; 18.4 s; peak memory 1226 MiB.
2026-09-26T15:36:13Z INFO [174/384] 176d25f3-2117-4ebf-8729-bd9135e7a45a: 28 groups; 1.1 s; peak memory 1226 MiB.
2026-09-26T15:36:15Z INFO [175/384] 176d671a-7263-4cca-a802-107469f1cb3f: 32 groups; 1.5 s; peak memory 1226 MiB.
2026-09-26T15:36:16Z INFO [176/384] 176e4780-b9e8-4ba8-b8a1-dd5ab82cbc69: 32 groups; 1.3 s; peak memory 1226 MiB.
2026-09-26T15:36:17Z INFO [177/384] 176edfbc-a791-47ea-bd37-d19560d02423: 22 groups; 1.2 s; peak memory 1226 MiB.
2026-09-26T15:36:19Z INFO [178/384] 176ef890-88f0-41d1-85ff-a51252fc1e71: 32 groups; 1.4 s; peak memory 1226 MiB.
2026-09-26T15:36:21Z INFO [179/384] 17702ecd-a722-4639-a672-1a7d66ff564a: 48 groups; 2.8 s; peak memory 1226 MiB.
2026-09-26T15:36:24Z INFO [180/384] 17702f42-0b01-4971-a0d7-51eadb7681c7: 48 groups; 3.0 s; peak memory 1226 MiB.
2026-09-26T15:36:32Z INFO [181/384] 17703948-c2de-4133-a16d-78fc88e167ec: 22 groups; 7.6 s; peak memory 1226 MiB.
2026-09-26T15:36:34Z INFO [182/384] 17703a6f-05cd-4db3-a229-106098459c58: 32 groups; 1.6 s; peak memory 1226 MiB.
2026-09-26T15:39:28Z INFO [183/384] 17703f76-1989-4643-8011-ce50dbf5bca4: 92 groups; 174.2 s; peak memory 1226 MiB.
2026-09-26T15:39:29Z INFO [184/384] 17704cfd-e58d-4570-bf94-11f828b6ecfc: 32 groups; 1.4 s; peak memory 1226 MiB.
2026-09-26T15:39:32Z INFO [185/384] 17718ef7-4bd2-4384-ad2d-2d3bdb72f88b: 37 groups; 2.3 s; peak memory 1226 MiB.
2026-09-26T15:39:33Z INFO [186/384] 1771ff2f-777a-4694-97b5-26dda565f771: 32 groups; 1.3 s; peak memory 1226 MiB.
2026-09-26T15:39:34Z INFO [187/384] 17722154-f63d-4a35-a4db-4d49e2bda26a: 22 groups; 1.2 s; peak memory 1226 MiB.
2026-09-26T15:39:35Z INFO [188/384] 1772968a-03b7-4c9e-9bd2-61c0e4235c64: 22 groups; 1.2 s; peak memory 1226 MiB.
2026-09-26T15:39:38Z INFO [189/384] 1773b210-6336-4c96-a985-a0fd762ea209: 48 groups; 2.8 s; peak memory 1226 MiB.
2026-09-26T15:39:39Z INFO [190/384] 17747a4a-1b67-48fd-919f-983c0f98fa96: 30 groups; 1.3 s; peak memory 1226 MiB.
2026-09-26T15:39:41Z INFO [191/384] 1774998a-9a88-4050-bb27-3c7ad2bb12fa: 22 groups; 1.2 s; peak memory 1226 MiB.
2026-09-26T15:39:42Z INFO [192/384] 17750d2c-914d-450b-84ba-28989d0f134b: 22 groups; 1.2 s; peak memory 1226 MiB.
2026-09-26T15:39:53Z INFO [193/384] 1775445e-c121-4eac-b54b-16de1af42003: 196 groups; 10.8 s; peak memory 1226 MiB.
2026-09-26T15:39:55Z INFO [194/384] 1776188c-42ae-498f-823b-18691ef0cd30: 336 groups; 2.3 s; peak memory 1226 MiB.
2026-09-26T15:40:19Z INFO [195/384] 17763943-6084-4187-8fb8-17adeb832764: 320 groups; 23.5 s; peak memory 1226 MiB.
2026-09-26T15:40:23Z INFO [196/384] 1776513a-faed-4f4f-88ad-565bcc03c7c4: 50 groups; 4.0 s; peak memory 1226 MiB.
2026-09-26T15:40:24Z INFO [197/384] 1776f4f9-d480-4ee0-9eda-95d0bce514f9: 22 groups; 1.2 s; peak memory 1226 MiB.
2026-09-26T15:40:25Z INFO [198/384] 1777b6c7-cb44-4ac1-97ad-655e6e10d22f: 32 groups; 1.5 s; peak memory 1226 MiB.
2026-09-26T15:40:28Z INFO [199/384] 17782de7-8455-4fcb-9420-5dbc4ea7d2b2: 50 groups; 3.2 s; peak memory 1226 MiB.
2026-09-26T15:40:30Z INFO [200/384] 17785d3e-8ed7-4db2-9f28-588364e65a2b: 104 groups; 2.0 s; peak memory 1226 MiB.
2026-09-26T15:40:30Z INFO [200/384] 17785d3e-8ed7-4db2-9f28-588364e65a2b: checkpointed 58222 records.
2026-09-26T15:40:32Z INFO [201/384] 17788298-b53f-46ae-a7a2-5cb06820f528: 34 groups; 1.8 s; peak memory 1226 MiB.
2026-09-26T15:40:34Z INFO [202/384] 177894b3-95d7-4394-8fe5-dc88ac2c54fd: 35 groups; 1.8 s; peak memory 1226 MiB.
2026-09-26T15:40:35Z INFO [203/384] 1778c79e-d7e5-4391-98f0-b563a49f0a86: 22 groups; 1.2 s; peak memory 1226 MiB.
2026-09-26T15:40:37Z INFO [204/384] 1778e498-44f5-405b-9118-c8e42ab3b075: 35 groups; 1.6 s; peak memory 1226 MiB.
2026-09-26T15:40:38Z INFO [205/384] 17791f3f-c0e6-4f33-8d7b-1c9ac0a60f77: 22 groups; 1.2 s; peak memory 1226 MiB.
2026-09-26T15:40:39Z INFO [206/384] 17796791-96e0-4ba1-a137-1eeb0a58933a: 35 groups; 1.3 s; peak memory 1226 MiB.
2026-09-26T15:40:53Z INFO [207/384] 177aa4f3-0e46-40f8-9d0e-db1872edd7c3: 18 groups; 13.8 s; peak memory 1226 MiB.
2026-09-26T15:40:55Z INFO [208/384] 177b1bb7-4182-41a3-88a7-96cd968f5b2f: 34 groups; 1.5 s; peak memory 1226 MiB.
2026-09-26T15:40:56Z INFO [209/384] 177bda24-065b-41bb-afca-d4684d651a23: 32 groups; 1.5 s; peak memory 1226 MiB.
2026-09-26T15:40:57Z INFO [210/384] 177c3cbd-b746-4083-b918-282683c4615c: 22 groups; 1.2 s; peak memory 1226 MiB.
2026-09-26T15:41:05Z INFO [211/384] 177c5855-9243-4768-b10d-7fe8873faf42: 217 groups; 8.2 s; peak memory 1226 MiB.
2026-09-26T15:41:07Z INFO [212/384] 177c6d96-23b9-49af-8fa8-db704aecc95d: 22 groups; 1.2 s; peak memory 1226 MiB.
2026-09-26T15:41:12Z INFO [213/384] 177d4947-e4d2-4847-9d83-285b36fff615: 723 groups; 5.5 s; peak memory 1226 MiB.
2026-09-26T15:41:14Z INFO [214/384] 177d874c-a242-4348-913e-430651d86329: 35 groups; 1.6 s; peak memory 1226 MiB.
2026-09-26T15:41:16Z INFO [215/384] 177deb08-17b6-4850-bcd2-6f8c57edd74d: 35 groups; 1.8 s; peak memory 1226 MiB.
2026-09-26T15:44:41Z INFO [216/384] 177debb8-c0f1-408b-a4ab-f8f24a5173ba: 64 groups; 205.9 s; peak memory 1226 MiB.
2026-09-26T15:44:43Z INFO [217/384] 177e0dee-d5f7-4741-98e9-e8b039684098: 30 groups; 1.2 s; peak memory 1226 MiB.
2026-09-26T15:44:44Z INFO [218/384] 177f2bea-1c5b-488a-ad05-8cca8560d1c6: 35 groups; 1.8 s; peak memory 1226 MiB.
2026-09-26T15:44:48Z INFO [219/384] 177f7b74-5962-4e5e-9da7-d1eb85768bc0: 93 groups; 3.9 s; peak memory 1226 MiB.
2026-09-26T15:46:06Z INFO [220/384] 177fc3a1-4676-452e-84c2-631c2c670cf0: 27 groups; 77.9 s; peak memory 1226 MiB.
2026-09-26T15:46:08Z INFO [221/384] 177fff86-b327-470b-8891-fb72067db502: 32 groups; 1.4 s; peak memory 1226 MiB.
2026-09-26T15:46:10Z INFO [222/384] 17806a2e-ffa3-46a9-b019-e25ca0e90a46: 35 groups; 1.9 s; peak memory 1226 MiB.
2026-09-26T15:46:11Z INFO [223/384] 17808437-15f2-40ce-ac68-219336eb3c30: 22 groups; 1.2 s; peak memory 1226 MiB.
2026-09-26T15:46:12Z INFO [224/384] 1780b6a3-f6dd-4055-923c-de7e1dfd878a: 22 groups; 1.2 s; peak memory 1226 MiB.
2026-09-26T15:46:15Z INFO [225/384] 178120f2-35ce-44e5-af31-ada54664257b: 60 groups; 3.0 s; peak memory 1226 MiB.
2026-09-26T15:46:16Z INFO [226/384] 178123bb-57f6-47f3-961d-e7db7c3b41b3: 22 groups; 1.1 s; peak memory 1226 MiB.
2026-09-26T15:46:17Z INFO [227/384] 178161e0-161c-4f1d-ae8b-8d171fd0d51f: 22 groups; 1.1 s; peak memory 1226 MiB.
2026-09-26T15:46:18Z INFO [228/384] 1781a24c-316c-44ba-a6fe-a7cb3f303a62: 22 groups; 1.3 s; peak memory 1226 MiB.
2026-09-26T15:46:20Z INFO [229/384] 1782281c-507e-4f1d-a376-c805f9157276: 36 groups; 1.6 s; peak memory 1226 MiB.
2026-09-26T15:46:22Z INFO [230/384] 17822e59-af8e-4939-aa7c-5bb1398d7e7f: 35 groups; 1.9 s; peak memory 1226 MiB.
2026-09-26T15:46:24Z INFO [231/384] 17834fdc-e3c7-4fc4-9b9a-1f591a91ddd3: 207 groups; 2.3 s; peak memory 1226 MiB.
2026-09-26T15:46:25Z INFO [232/384] 17836602-d780-4bb4-96f8-9ec830de2c07: 21 groups; 1.1 s; peak memory 1226 MiB.
2026-09-26T15:46:26Z INFO [233/384] 1783a291-2378-4f4f-9425-9dd80aca1e70: 28 groups; 1.1 s; peak memory 1226 MiB.
2026-09-26T15:46:28Z INFO [234/384] 1783bbca-89a1-47b5-be5b-ddf464685b08: 22 groups; 1.2 s; peak memory 1226 MiB.
2026-09-26T15:46:35Z INFO [235/384] 1786396f-010b-4693-9064-58c35cac8dd1: 181 groups; 7.2 s; peak memory 1226 MiB.
2026-09-26T15:46:36Z INFO [236/384] 1786f16c-f6f3-4bc6-9ff1-6efe70ebadca: 32 groups; 1.3 s; peak memory 1226 MiB.
2026-09-26T15:46:38Z INFO [237/384] 17875b5f-0738-4179-924f-a9b593135f8f: 32 groups; 1.4 s; peak memory 1226 MiB.
2026-09-26T15:46:40Z INFO [238/384] 1787907b-a0f8-4760-a0d4-2726b0145620: 33 groups; 1.9 s; peak memory 1226 MiB.
2026-09-26T15:46:42Z INFO [239/384] 178795ac-dfba-4cba-988a-17d10c07704c: 35 groups; 2.0 s; peak memory 1226 MiB.
2026-09-26T15:46:43Z INFO [240/384] 17880911-057a-4208-a4f1-746247146b73: 24 groups; 1.5 s; peak memory 1226 MiB.
2026-09-26T15:46:44Z INFO [241/384] 17885915-15c9-4d23-99df-9f62b37fd078: 22 groups; 1.1 s; peak memory 1226 MiB.
2026-09-26T15:46:45Z INFO [242/384] 1788c538-b37c-4fc9-a421-757949296e7c: 252 groups; 1.4 s; peak memory 1226 MiB.
2026-09-26T15:46:47Z INFO [243/384] 1788d6ba-bc3d-46f7-88e5-62dbe1e66949: 202 groups; 1.7 s; peak memory 1226 MiB.
2026-09-26T15:46:48Z INFO [244/384] 178972e6-94c2-44f9-b024-5dc867225775: 16 groups; 0.9 s; peak memory 1226 MiB.
2026-09-26T15:46:49Z INFO [245/384] 1789f489-db7e-4de7-8fb7-a0f2ef37729f: 252 groups; 1.3 s; peak memory 1226 MiB.
2026-09-26T15:46:51Z INFO [246/384] 178a0eb5-b6e7-4143-910f-f1ed034ecc57: 22 groups; 1.2 s; peak memory 1226 MiB.
2026-09-26T15:46:57Z INFO [247/384] 178c00d5-4dfe-461f-8cd1-d44daeb26f43: 35 groups; 6.7 s; peak memory 1226 MiB.
2026-09-26T15:46:59Z INFO [248/384] 178c0f52-1401-4232-9b4a-75ad6748eb78: 32 groups; 1.4 s; peak memory 1226 MiB.
2026-09-26T15:47:00Z INFO [249/384] 178c5b33-6e7d-47b4-bc20-82e514f6c1a3: 193 groups; 1.3 s; peak memory 1226 MiB.
2026-09-26T15:47:01Z INFO [250/384] 178d3723-2471-40f3-9ccb-c07c8b321f29: 20 groups; 1.1 s; peak memory 1226 MiB.
2026-09-26T15:47:01Z INFO [250/384] 178d3723-2471-40f3-9ccb-c07c8b321f29: checkpointed 58272 records.
2026-09-26T15:47:03Z INFO [251/384] 178dc2d0-0c0c-40eb-aa6a-d44231aa16a3: 27 groups; 1.5 s; peak memory 1226 MiB.
2026-09-26T15:47:04Z INFO [252/384] 178dce3e-7caa-49d1-9fde-85f0306abe83: 32 groups; 1.4 s; peak memory 1226 MiB.
2026-09-26T15:47:05Z INFO [253/384] 178e2765-4aa3-4aa8-a948-569cab4473bb: 22 groups; 1.2 s; peak memory 1226 MiB.
2026-09-26T15:47:16Z INFO [254/384] 178eb95e-683b-4f6c-ae86-ba8d997ef134: 120 groups; 10.5 s; peak memory 1226 MiB.
2026-09-26T15:47:21Z INFO [255/384] 17910083-79e3-4518-a8e6-78ac4e906598: 78 groups; 5.7 s; peak memory 1226 MiB.
2026-09-26T15:47:23Z INFO [256/384] 17910ec5-0a38-44f0-84f4-6b86b19eaa62: 49 groups; 1.8 s; peak memory 1226 MiB.
2026-09-26T15:47:24Z INFO [257/384] 1791d689-9db1-4d75-af5b-95a18de7d0ea: 16 groups; 1.0 s; peak memory 1226 MiB.
2026-09-26T15:47:27Z INFO [258/384] 1792ef81-4e05-4fcb-bd24-a7f4384c233b: 48 groups; 2.7 s; peak memory 1226 MiB.
2026-09-26T15:47:28Z INFO [259/384] 1793174e-338e-4bcb-891e-e511f7c668dc: 22 groups; 1.2 s; peak memory 1226 MiB.
2026-09-26T15:47:39Z INFO [260/384] 1793ec42-923e-4404-9141-55d54664d53d: 36 groups; 11.2 s; peak memory 1226 MiB.
2026-09-26T15:47:41Z INFO [261/384] 17956f7d-4f7e-4a37-8c64-cc7392f67051: 61 groups; 1.7 s; peak memory 1226 MiB.
2026-09-26T15:47:42Z INFO [262/384] 179642e9-4030-413f-bfeb-418c14a04df7: 16 groups; 0.8 s; peak memory 1226 MiB.
2026-09-26T15:47:43Z INFO [263/384] 17969f89-0075-4ca2-873b-55c34e108ffe: 202 groups; 1.6 s; peak memory 1226 MiB.
2026-09-26T15:47:45Z INFO [264/384] 17977283-7e1a-4e42-b590-15706726047f: 22 groups; 1.2 s; peak memory 1226 MiB.
2026-09-26T15:47:48Z INFO [265/384] 17979c97-2875-4e70-a775-7a370ead3184: 48 groups; 3.1 s; peak memory 1226 MiB.
2026-09-26T15:47:49Z INFO [266/384] 1797cda5-8a20-4cb4-8a14-2db734aa6f5b: 31 groups; 1.0 s; peak memory 1226 MiB.
2026-09-26T15:47:50Z INFO [267/384] 1797e2f3-b19c-4d87-b672-d9b72d94be6c: 194 groups; 1.6 s; peak memory 1226 MiB.
2026-09-26T15:47:51Z INFO [268/384] 17980157-75e1-40e6-94d1-fed01e59442d: 22 groups; 1.1 s; peak memory 1226 MiB.
2026-09-26T15:47:53Z INFO [269/384] 17991ad0-d93a-4da6-ab3a-7f1ac9f10566: 28 groups; 1.2 s; peak memory 1226 MiB.
2026-09-26T15:47:54Z INFO [270/384] 17993bd5-13e9-4d9c-ab7e-54165935ad7a: 30 groups; 1.1 s; peak memory 1226 MiB.
2026-09-26T15:47:55Z INFO [271/384] 179954eb-71e0-4d1a-8601-a0480149600f: 32 groups; 1.3 s; peak memory 1226 MiB.
2026-09-26T15:47:57Z INFO [272/384] 179a9749-f5fa-488a-b679-2dbe74731657: 33 groups; 1.5 s; peak memory 1226 MiB.
2026-09-26T15:47:58Z INFO [273/384] 179aa07d-33af-4f7d-a53a-b948d24a8595: 25 groups; 1.5 s; peak memory 1226 MiB.
2026-09-26T15:48:00Z INFO [274/384] 179ae96b-a10c-4336-a546-c0b3508b6a9e: 37 groups; 2.2 s; peak memory 1226 MiB.
2026-09-26T15:48:02Z INFO [275/384] 179b6eb4-a194-4713-9593-cacc99c6cffa: 252 groups; 1.4 s; peak memory 1226 MiB.
2026-09-26T15:48:03Z INFO [276/384] 179b92f6-291a-4bff-87cb-cff73e5fd44b: 22 groups; 1.1 s; peak memory 1226 MiB.
2026-09-26T15:48:06Z INFO [277/384] 179b9986-69f6-4b4a-9c02-181cf240d029: 71 groups; 3.2 s; peak memory 1226 MiB.
2026-09-26T15:48:07Z INFO [278/384] 179baa0e-7a4f-4166-9a0d-41dd792d89d4: 31 groups; 1.0 s; peak memory 1226 MiB.
2026-09-26T15:48:08Z INFO [279/384] 179bdd7d-99b5-4a5b-946f-9a174b56d361: 36 groups; 1.4 s; peak memory 1226 MiB.
2026-09-26T15:48:14Z INFO [280/384] 179c0a92-a999-414a-bfc0-7a4a3138ba05: 78 groups; 5.5 s; peak memory 1226 MiB.
2026-09-26T15:48:15Z INFO [281/384] 179d1208-e00b-45ad-a947-896d4eb71958: 35 groups; 1.4 s; peak memory 1226 MiB.
2026-09-26T15:48:17Z INFO [282/384] 179e1a9d-176f-488b-9d1a-cbe0e49f695b: 35 groups; 1.7 s; peak memory 1226 MiB.
2026-09-26T15:48:26Z INFO [283/384] 179ec1d9-7aef-4689-b03e-eb6bb35e65dd: 121 groups; 8.9 s; peak memory 1226 MiB.
2026-09-26T15:48:27Z INFO [284/384] 179f3342-342b-4ccc-ae9c-c90c4f94f951: 22 groups; 1.2 s; peak memory 1226 MiB.
2026-09-26T15:48:28Z INFO [285/384] 179f4cfb-f778-447b-9ac7-b495fb37ccd1: 32 groups; 1.4 s; peak memory 1226 MiB.
2026-09-26T15:48:30Z INFO [286/384] 179f5856-491f-472a-8604-c2845bc28406: 32 groups; 1.3 s; peak memory 1226 MiB.
2026-09-26T15:48:32Z INFO [287/384] 179f7cfb-a161-4df8-8296-134be749b68b: 261 groups; 2.1 s; peak memory 1226 MiB.
2026-09-26T15:48:33Z INFO [288/384] 179fdea8-cb81-45e3-8da4-cb53242fc8f6: 22 groups; 1.2 s; peak memory 1226 MiB.
2026-09-26T15:48:34Z INFO [289/384] 17a0d516-dd4e-4be3-a4de-36879e7ab0a3: 32 groups; 1.4 s; peak memory 1226 MiB.
2026-09-26T15:48:37Z INFO [290/384] 17a0d71d-5e29-4564-899f-9b3883ac9690: 17 groups; 2.5 s; peak memory 1226 MiB.
2026-09-26T15:48:48Z INFO [291/384] 17a202b7-229f-4d39-9025-1cd37707bdaf: 33 groups; 10.8 s; peak memory 1226 MiB.
2026-09-26T15:48:49Z INFO [292/384] 17a413fa-529a-4f69-b202-9359bb3d8820: 22 groups; 0.9 s; peak memory 1226 MiB.
2026-09-26T15:48:55Z INFO [293/384] 17a4bca4-dcb4-4d02-ac1a-9b09cef3503a: 53 groups; 6.7 s; peak memory 1226 MiB.
2026-09-26T15:48:58Z INFO [294/384] 17a546c4-6425-4c56-a43e-9f9f272d299c: 575 groups; 2.2 s; peak memory 1226 MiB.
2026-09-26T15:49:09Z INFO [295/384] 17a602dd-595a-42fa-9c9a-58e022af6ba1: 36 groups; 11.3 s; peak memory 1226 MiB.
2026-09-26T15:49:11Z INFO [296/384] 17a665cd-0f01-48a7-8748-cb4d63101527: 34 groups; 1.7 s; peak memory 1226 MiB.
2026-09-26T15:49:12Z INFO [297/384] 17a66611-1534-44c6-9146-820c94cd44b7: 22 groups; 1.1 s; peak memory 1226 MiB.
2026-09-26T15:49:13Z INFO [298/384] 17a7bb41-0e40-4305-abcd-d866d42385ec: 103 groups; 1.4 s; peak memory 1226 MiB.
2026-09-26T15:49:15Z INFO [299/384] 17a7d574-a6d4-4459-a175-49600039710f: 32 groups; 1.4 s; peak memory 1226 MiB.
2026-09-26T15:49:16Z INFO [300/384] 17a99124-b43c-4763-bafe-39d148fc37d1: 32 groups; 1.3 s; peak memory 1226 MiB.
2026-09-26T15:49:16Z INFO [300/384] 17a99124-b43c-4763-bafe-39d148fc37d1: checkpointed 58322 records.
2026-09-26T15:49:22Z INFO [301/384] 17a9cc60-df4a-4174-a564-ba5ee9aad021: 114 groups; 5.7 s; peak memory 1226 MiB.
2026-09-26T15:49:25Z INFO [302/384] 17a9daba-c276-4a0b-810e-35639e4cf333: 50 groups; 3.3 s; peak memory 1226 MiB.
2026-09-26T15:49:26Z INFO [303/384] 17aaa6ba-143b-4625-b7bd-280c7211a216: 32 groups; 1.4 s; peak memory 1226 MiB.
2026-09-26T15:49:28Z INFO [304/384] 17ac3a1d-5651-427c-9af9-bc17a071c528: 36 groups; 1.5 s; peak memory 1226 MiB.
2026-09-26T15:49:29Z INFO [305/384] 17ac42bc-fa89-4bd2-a32c-05a9e68ddb9c: 22 groups; 1.2 s; peak memory 1226 MiB.
2026-09-26T15:49:31Z INFO [306/384] 17ac8192-5d29-4934-8dbf-f6a90c34cdea: 35 groups; 1.7 s; peak memory 1226 MiB.
2026-09-26T15:49:32Z INFO [307/384] 17ac83e1-900a-43d1-8d63-5b8c5c733000: 22 groups; 1.2 s; peak memory 1226 MiB.
2026-09-26T15:49:37Z INFO [308/384] 17ad5467-d085-40d2-94d5-2218410a8785: 78 groups; 5.2 s; peak memory 1226 MiB.
2026-09-26T15:49:46Z INFO [309/384] 17ad9637-6596-4b1b-bd19-653d10f5f1d0: 195 groups; 8.7 s; peak memory 1226 MiB.
2026-09-26T15:49:47Z INFO [310/384] 17adad4c-74ea-4099-b71e-c5b06510ab26: 32 groups; 1.5 s; peak memory 1226 MiB.
2026-09-26T15:49:49Z INFO [311/384] 17ae0a63-7bc5-47ec-8ca5-c3814e1d3ec0: 25 groups; 1.5 s; peak memory 1226 MiB.
2026-09-26T15:49:50Z INFO [312/384] 17ae7d88-d045-4244-875d-a3dfdd2ca9da: 31 groups; 1.0 s; peak memory 1226 MiB.
2026-09-26T15:49:56Z INFO [313/384] 17af22ef-709b-43d1-b46d-b23f7c0b0214: 181 groups; 6.2 s; peak memory 1226 MiB.
2026-09-26T15:49:57Z INFO [314/384] 17af7031-2339-447b-9b30-ec62e1a0e3ca: 22 groups; 1.2 s; peak memory 1226 MiB.
2026-09-26T15:49:58Z INFO [315/384] 17b1d1a9-5b06-4417-a51b-434d2fafeead: 22 groups; 1.2 s; peak memory 1226 MiB.
2026-09-26T15:49:59Z INFO [316/384] 17b28337-d0f7-412b-b9ba-74555a8c7ad7: 22 groups; 1.2 s; peak memory 1226 MiB.
2026-09-26T15:50:17Z INFO [317/384] 17b304b0-7b81-4a5c-8794-3e3df673c7c4: 188 groups; 17.8 s; peak memory 1226 MiB.
2026-09-26T15:50:19Z INFO [318/384] 17b3a395-0648-4e1e-9fff-9e7c55a77f22: 35 groups; 1.7 s; peak memory 1226 MiB.
2026-09-26T15:50:21Z INFO [319/384] 17b3adde-0d0f-4fad-a6a8-a502fc318737: 207 groups; 2.0 s; peak memory 1226 MiB.
2026-09-26T15:50:23Z INFO [320/384] 17b3b76b-3dfa-4912-8c4b-ee939cfe77b5: 45 groups; 2.4 s; peak memory 1226 MiB.
2026-09-26T15:50:25Z INFO [321/384] 17b44218-171a-4790-9871-c1965aea5829: 22 groups; 1.2 s; peak memory 1226 MiB.
2026-09-26T15:50:38Z INFO [322/384] 17b4807f-5cb4-4437-9da3-84f6110a1b67: 257 groups; 13.2 s; peak memory 1226 MiB.
2026-09-26T15:50:41Z INFO [323/384] 17b4f509-a83e-4982-b318-426ea608c3cc: 48 groups; 2.9 s; peak memory 1226 MiB.
2026-09-26T15:50:42Z INFO [324/384] 17b4fe75-7c43-497b-b5dc-18784e3c9ae7: 32 groups; 1.3 s; peak memory 1226 MiB.
2026-09-26T15:50:44Z INFO [325/384] 17b564e2-9529-4abb-b7f6-11f8892101a3: 252 groups; 1.5 s; peak memory 1226 MiB.
2026-09-26T15:50:45Z INFO [326/384] 17b61141-dd78-441c-8ea7-09ea181b7a68: 22 groups; 1.2 s; peak memory 1226 MiB.
2026-09-26T15:50:46Z INFO [327/384] 17b6bdd1-50a8-4066-82a6-b67335d8e240: 22 groups; 1.2 s; peak memory 1226 MiB.
2026-09-26T15:50:47Z INFO [328/384] 17b71ed0-9aa6-49df-a9ab-4d99483c6926: 16 groups; 1.1 s; peak memory 1226 MiB.
2026-09-26T15:50:48Z INFO [329/384] 17b7261b-2ed4-42e4-ba73-928da3dded2e: 22 groups; 1.2 s; peak memory 1226 MiB.
2026-09-26T15:50:49Z INFO [330/384] 17b72691-a47b-4ffb-b82c-0ff7ef52ea59: 22 groups; 1.1 s; peak memory 1226 MiB.
2026-09-26T15:50:50Z INFO [331/384] 17b7ba05-8170-4d99-be0f-4e2631be377d: 18 groups; 1.1 s; peak memory 1226 MiB.
2026-09-26T15:51:08Z INFO [332/384] 17b842a0-0492-40d0-ae02-bfa4bccf9aa7: 175 groups; 18.0 s; peak memory 1226 MiB.
2026-09-26T15:51:10Z INFO [333/384] 17b8dbee-2a24-4297-8c69-8885b83669ff: 22 groups; 1.2 s; peak memory 1226 MiB.
2026-09-26T15:51:11Z INFO [334/384] 17b938f7-df9f-4a8c-87c2-0cc7c1ecdf00: 22 groups; 1.2 s; peak memory 1226 MiB.
2026-09-26T15:51:13Z INFO [335/384] 17b9858a-a123-4adb-a4e4-ab4e2e163cb8: 17 groups; 2.4 s; peak memory 1226 MiB.
2026-09-26T15:51:15Z INFO [336/384] 17b98734-de00-4129-b709-42a1e72b3ce3: 32 groups; 1.4 s; peak memory 1226 MiB.
2026-09-26T15:51:29Z INFO [337/384] 17bb3b1a-ce96-40c2-8939-c489d379e0b4: 247 groups; 14.8 s; peak memory 1226 MiB.
2026-09-26T15:51:30Z INFO [338/384] 17bdb66c-f195-4c38-90ed-0dd255c8308e: 22 groups; 1.2 s; peak memory 1226 MiB.
2026-09-26T15:51:32Z INFO [339/384] 17befbb2-a423-4e66-96a2-37b19d5ad580: 32 groups; 1.3 s; peak memory 1226 MiB.
2026-09-26T15:51:39Z INFO [340/384] 17bfc3a4-feff-464f-aad7-1becc40a42c4: 195 groups; 7.1 s; peak memory 1226 MiB.
2026-09-26T15:51:40Z INFO [341/384] 17c06e72-94f0-47f4-a56b-a4f0d1393f6e: 30 groups; 0.9 s; peak memory 1226 MiB.
2026-09-26T15:51:41Z INFO [342/384] 17c07646-5350-45c5-8242-49b4b88fbf7e: 22 groups; 1.1 s; peak memory 1226 MiB.
2026-09-26T15:51:51Z INFO [343/384] 17c37e6b-aadc-4eec-8846-26c13cdf720d: 245 groups; 10.6 s; peak memory 1226 MiB.
2026-09-26T15:55:40Z INFO [344/384] 17c52716-2b62-44c5-ac4a-b8510df3a1bf: 41 groups; 228.8 s; peak memory 1226 MiB.
2026-09-26T15:55:43Z INFO [345/384] 17c5a306-e22e-4b66-bef6-0bfd72e57c27: 341 groups; 2.4 s; peak memory 1226 MiB.
2026-09-26T15:55:45Z INFO [346/384] 17c5ab4c-5efe-4728-8860-69588b8be7fd: 35 groups; 2.0 s; peak memory 1226 MiB.
2026-09-26T15:55:53Z INFO [347/384] 17c6c0d1-91b8-4a0a-893b-0355150eaa9a: 115 groups; 8.4 s; peak memory 1226 MiB.
2026-09-26T15:56:12Z INFO [348/384] 17c6d78a-a99e-4406-a8cd-ff5bb89439a3: 23 groups; 18.8 s; peak memory 1226 MiB.
2026-09-26T15:56:26Z INFO [349/384] 17c7a836-64d7-4679-8eda-4db61a6bbb0c: 118 groups; 14.1 s; peak memory 1226 MiB.
2026-09-26T15:56:27Z INFO [350/384] 17c7a904-5dd6-4e39-81c6-66902a922e6d: 252 groups; 1.5 s; peak memory 1226 MiB.
2026-09-26T15:56:28Z INFO [350/384] 17c7a904-5dd6-4e39-81c6-66902a922e6d: checkpointed 58372 records.
2026-09-26T15:56:29Z INFO [351/384] 17ca4ae5-f6b5-4cdf-bdfe-bda7476df3a5: 21 groups; 1.5 s; peak memory 1226 MiB.
2026-09-26T15:56:32Z INFO [352/384] 17cbaf43-0b2e-48ae-b1ac-037408f5714d: 48 groups; 2.8 s; peak memory 1226 MiB.
2026-09-26T15:56:33Z INFO [353/384] 17cc754b-0a6e-4cf3-b3d5-ffd4d79f7bad: 253 groups; 1.6 s; peak memory 1226 MiB.
2026-09-26T15:56:39Z INFO [354/384] 17cd3cf5-4640-498b-b2ef-7f91afcb2c79: 122 groups; 5.5 s; peak memory 1226 MiB.
2026-09-26T15:56:40Z INFO [355/384] 17cd7925-ad49-4774-9ec6-555b027f8937: 31 groups; 1.1 s; peak memory 1226 MiB.
2026-09-26T15:56:42Z INFO [356/384] 17ce1f3c-df6a-4d46-bf28-48debca42d2e: 36 groups; 1.5 s; peak memory 1226 MiB.
2026-09-26T15:56:46Z INFO [357/384] 17ce8da0-1bae-4346-9bd4-e73f6b85f492: 95 groups; 4.7 s; peak memory 1226 MiB.
2026-09-26T15:56:48Z INFO [358/384] 17cef42d-632b-4b4c-8757-c52def6a3f28: 32 groups; 1.5 s; peak memory 1226 MiB.
2026-09-26T15:56:49Z INFO [359/384] 17cef94f-4937-45a2-a151-3a0c561884c8: 194 groups; 1.6 s; peak memory 1226 MiB.
2026-09-26T15:56:50Z INFO [360/384] 17cf4dba-eb70-429b-b4d9-2cf511e1aba2: 16 groups; 0.9 s; peak memory 1226 MiB.
2026-09-26T15:56:53Z INFO [361/384] 17cfeca5-fc7f-474e-bb60-e77a82f456e0: 33 groups; 2.2 s; peak memory 1226 MiB.
2026-09-26T15:56:54Z INFO [362/384] 17d0bff2-34f9-4af0-b723-00c8c87a3b51: 36 groups; 1.4 s; peak memory 1226 MiB.
2026-09-26T15:56:55Z INFO [363/384] 17d0cc4c-7fc3-4a0f-848f-c80f7014f0b1: 22 groups; 1.2 s; peak memory 1226 MiB.
2026-09-26T15:56:56Z INFO [364/384] 17d17850-047f-4bd0-a9e1-d7769cb88f6d: 22 groups; 1.2 s; peak memory 1226 MiB.
2026-09-26T15:56:59Z INFO [365/384] 17d26973-4beb-41bb-873b-f80d6b999ff4: 48 groups; 2.4 s; peak memory 1226 MiB.
2026-09-26T15:57:00Z INFO [366/384] 17d45264-e389-466f-8138-3b98bc973598: 33 groups; 1.2 s; peak memory 1226 MiB.
2026-09-26T15:57:02Z INFO [367/384] 17d6ccd1-08ee-4810-b7b6-690d4440f766: 43 groups; 2.2 s; peak memory 1226 MiB.
2026-09-26T15:57:10Z INFO [368/384] 17d74085-5baf-4693-b064-6a33ec3fabf5: 147 groups; 7.4 s; peak memory 1226 MiB.
2026-09-26T15:57:11Z INFO [369/384] 17d7c7bd-e513-467a-aa2a-624451c2f655: 31 groups; 1.1 s; peak memory 1226 MiB.
2026-09-26T15:57:13Z INFO [370/384] 17d86bb2-3772-4455-8b42-75787acbba5d: 20 groups; 2.0 s; peak memory 1226 MiB.
2026-09-26T15:57:14Z INFO [371/384] 17d9434b-348e-4ae1-9201-53ac521c9b95: 22 groups; 1.1 s; peak memory 1226 MiB.
2026-09-26T15:57:15Z INFO [372/384] 17d9680d-6569-495a-bdb5-7292237fa978: 31 groups; 1.3 s; peak memory 1226 MiB.
2026-09-26T15:57:16Z INFO [373/384] 17d96ad0-15f8-4697-84f5-9e6e49592034: 31 groups; 0.9 s; peak memory 1226 MiB.
2026-09-26T15:57:17Z INFO [374/384] 17d9c558-31f2-4855-bfbf-87c987bc63bd: 32 groups; 1.0 s; peak memory 1226 MiB.
2026-09-26T15:57:20Z INFO [375/384] 17da07da-cfd8-4db0-96b5-26e6f1648a39: 49 groups; 2.5 s; peak memory 1226 MiB.
2026-09-26T15:57:21Z INFO [376/384] 17daa063-07c7-47c2-851e-07743f6e909a: 54 groups; 1.7 s; peak memory 1226 MiB.
2026-09-26T15:57:23Z INFO [377/384] 17dbe7cf-0de1-4f32-8489-ecb17a43b653: 32 groups; 1.5 s; peak memory 1226 MiB.
2026-09-26T16:05:44Z INFO [378/384] 17dd7f40-ac89-4814-b742-2f318332bb23: 46 groups; 501.4 s; peak memory 1226 MiB.
2026-09-26T16:05:46Z INFO [379/384] 17decbfa-40fb-40f1-8e60-5c65b91399df: 36 groups; 1.6 s; peak memory 1226 MiB.
2026-09-26T16:05:47Z INFO [380/384] 17e0a5b5-e32d-43ef-b0c9-2260071af65f: 17 groups; 1.0 s; peak memory 1226 MiB.
2026-09-26T16:05:48Z INFO [381/384] 17e0bd35-3ca6-4e26-824f-d6b1299f42d5: 25 groups; 1.3 s; peak memory 1226 MiB.
2026-09-26T16:05:50Z INFO [382/384] 17e156b3-a764-41ca-acea-6902738b2743: 199 groups; 1.9 s; peak memory 1226 MiB.
2026-09-26T16:05:51Z INFO [383/384] 17e1b3f7-f661-4a90-97ce-94acc1a545db: 22 groups; 1.2 s; peak memory 1226 MiB.
2026-09-26T16:06:02Z INFO [384/384] 17e22c51-112f-44d6-b4aa-1f50c743f0b5: 216 groups; 10.5 s; peak memory 1226 MiB.
2026-09-26T16:06:02Z INFO Wrote 58406 records to /tmp/derivatives/valid_nwb_file_to_number_of_groups.jsonl (384 new, 0 failed) in 55.2 min (peak memory 1226 MiB).
