2026-09-13T18:23:07Z INFO Logging to /tmp/logs/update_2026-09-13T18-23-07Z.log.
2026-09-13T18:23:07Z INFO Processing 361 newly valid content IDs.
2026-09-13T18:23:08Z INFO [1/361] 00176fb5-86a2-46d0-ab24-2095cff9cbd5: 48 groups (HDF5, 191.4 MB; 1.6 s; peak memory 103 MiB)
2026-09-13T18:23:09Z INFO [2/361] 006bab86-5db6-4efe-b451-c9ea513560e1: 22 groups (HDF5, 0.2 MB; 0.5 s; peak memory 103 MiB)
2026-09-13T18:23:10Z INFO [3/361] 0100c304-b0dc-43de-b6ea-61ca3a4a8d90: 43 groups (HDF5, 249.0 MB; 0.9 s; peak memory 103 MiB)
2026-09-13T18:23:11Z INFO [4/361] 01d4f45c-9535-48b0-9ac5-91627f3127d9: 43 groups (HDF5, 15.7 MB; 1.5 s; peak memory 105 MiB)
2026-09-13T18:23:12Z INFO [5/361] 0240bf3e-d4a8-483e-ab71-95c9bc916f4e: 22 groups (HDF5, 84.1 MB; 0.6 s; peak memory 105 MiB)
2026-09-13T18:23:14Z INFO [6/361] 02d4d0c2-ce2c-4515-a41b-0d3427aeb449: 50 groups (HDF5, 196.1 MB; 1.9 s; peak memory 105 MiB)
2026-09-13T18:23:14Z INFO [7/361] 04d1fe05-3b5e-4078-a2af-bfee5509c34e: 22 groups (HDF5, 84.1 MB; 0.5 s; peak memory 105 MiB)
2026-09-13T18:23:15Z INFO [8/361] 04e319e7-7e9c-4f99-8736-3b4c0d0d6a5c: 22 groups (HDF5, 84.1 MB; 0.6 s; peak memory 105 MiB)
2026-09-13T18:23:15Z INFO [9/361] 04eed202-1d41-4833-beb7-ff3234383097: 28 groups (HDF5, 5.1 MB; 0.5 s; peak memory 105 MiB)
2026-09-13T18:23:17Z INFO [10/361] 0576635d-6beb-4e84-9d95-31be2b2f7ec7: 48 groups (HDF5, 66.5 MB; 1.1 s; peak memory 105 MiB)
2026-09-13T18:23:17Z INFO [11/361] 05cec4f7-199a-4bd3-9b36-6af37f86f07b: 32 groups (HDF5, 1.2 MB; 0.7 s; peak memory 105 MiB)
2026-09-13T18:23:18Z INFO [12/361] 0730f8d1-47f4-4023-8424-0c4186ef31ef: 22 groups (HDF5, 84.1 MB; 0.5 s; peak memory 105 MiB)
2026-09-13T18:23:18Z INFO [13/361] 09fdf870-6b44-430f-9ddc-8acf8732a336: 22 groups (HDF5, 84.1 MB; 0.6 s; peak memory 105 MiB)
2026-09-13T18:23:19Z INFO [14/361] 0a571dba-5acd-42fd-9f60-e504c74b0cfb: 22 groups (HDF5, 84.1 MB; 0.4 s; peak memory 105 MiB)
2026-09-13T18:23:19Z INFO [15/361] 0a74058a-2b56-4913-8c4e-2f3865683643: 22 groups (HDF5, 84.1 MB; 0.5 s; peak memory 105 MiB)
2026-09-13T18:23:22Z INFO [16/361] 0bd372ab-64bd-4d5b-a6b9-513d8839e8fc: 139 groups (HDF5, 20.5 MB; 2.6 s; peak memory 120 MiB)
2026-09-13T18:23:24Z INFO [17/361] 0bff9fc1-ccf2-4467-8510-c6c50977ff31: 70 groups (HDF5, 7.4 MB; 1.8 s; peak memory 120 MiB)
2026-09-13T18:23:24Z INFO [18/361] 0c571d83-731e-4cd1-980f-9ce86f367bb1: 17 groups (HDF5, 0.7 MB; 0.4 s; peak memory 120 MiB)
2026-09-13T18:23:30Z INFO [19/361] 0c6068c4-1dcf-4b72-b948-2680a1d4fe0e: 154 groups (HDF5, 66.0 MB; 5.9 s; peak memory 140 MiB)
2026-09-13T18:23:31Z INFO [20/361] 0c940ff7-be76-48e7-8906-d85b5f922f25: 32 groups (HDF5, 1.0 MB; 0.6 s; peak memory 140 MiB)
2026-09-13T18:23:36Z INFO [21/361] 0e02ea20-423e-4155-836a-54bd39e997e6: 226 groups (HDF5, 60.7 MB; 5.6 s; peak memory 140 MiB)
2026-09-13T18:23:37Z INFO [22/361] 0f0d9ace-64bf-43d1-9bfc-2efd4e8015e3: 31 groups (HDF5, 0.5 MB; 0.4 s; peak memory 140 MiB)
2026-09-13T18:24:54Z INFO [23/361] 0fc40a07-ded7-4391-8039-fd75879baefb: 68 groups (HDF5, 23361.3 MB; 77.4 s; peak memory 286 MiB)
2026-09-13T18:24:55Z INFO [24/361] 10f74b22-6eba-4a7c-a668-2fcb45a3fe44: 25 groups (HDF5, 10.2 MB; 0.6 s; peak memory 286 MiB)
2026-09-13T18:24:55Z INFO [25/361] 13a18518-a483-4b53-badc-fc38db214b60: 21 groups (HDF5, 11.1 MB; 0.6 s; peak memory 286 MiB)
2026-09-13T18:24:56Z INFO [26/361] 13ce2301-6280-495f-ae24-7749563514c3: 22 groups (HDF5, 84.1 MB; 0.5 s; peak memory 286 MiB)
2026-09-13T18:24:56Z INFO [27/361] 15789dd8-9d70-450d-9355-a148749efe74: 32 groups (HDF5, 1.3 MB; 0.7 s; peak memory 286 MiB)
2026-09-13T18:24:57Z INFO [28/361] 16dd0858-0d43-4ccc-bca7-90e50f270042: 32 groups (HDF5, 1.1 MB; 0.6 s; peak memory 286 MiB)
2026-09-13T18:24:57Z INFO [29/361] 16ef922f-8d8a-4940-993b-c922c4756df4: 32 groups (HDF5, 1.3 MB; 0.5 s; peak memory 286 MiB)
2026-09-13T18:24:58Z INFO [30/361] 172d8478-505c-4b8a-8e78-73a8da9e8a52: 22 groups (HDF5, 84.1 MB; 0.6 s; peak memory 286 MiB)
2026-09-13T18:24:59Z INFO [31/361] 1801264c-c99c-4816-9964-b82cc5e64254: 43 groups (HDF5, 225.9 MB; 1.0 s; peak memory 286 MiB)
2026-09-13T18:25:00Z INFO [32/361] 18a41c83-c2e9-4ef5-aac6-5a05b00986a4: 252 groups (HDF5, 0.7 MB; 1.0 s; peak memory 286 MiB)
2026-09-13T18:25:00Z INFO [33/361] 1a21ccbd-0902-41b6-9abc-02ea9355b394: 17 groups (HDF5, 0.7 MB; 0.5 s; peak memory 286 MiB)
2026-09-13T18:25:04Z INFO [34/361] 1a91e398-12ec-4243-9c35-38999130799d: 132 groups (HDF5, 20.3 MB; 3.3 s; peak memory 286 MiB)
2026-09-13T18:25:04Z INFO [35/361] 1b1cf57b-eafe-4026-bb37-b9b9d57f8f47: 33 groups (HDF5, 5223.9 MB; 0.7 s; peak memory 286 MiB)
2026-09-13T18:25:05Z INFO [36/361] 1b504274-d805-40ad-8a54-5d4566d3666d: 22 groups (HDF5, 84.1 MB; 0.6 s; peak memory 286 MiB)
2026-09-13T18:25:06Z INFO [37/361] 1c033281-e58f-4434-b692-7d84f33db0ee: 46 groups (HDF5, 470.4 MB; 1.3 s; peak memory 286 MiB)
2026-09-13T18:25:07Z INFO [38/361] 1c94bef5-b4c7-429b-9d98-dd3ae38fbbcc: 35 groups (HDF5, 0.9 MB; 0.6 s; peak memory 286 MiB)
2026-09-13T18:25:08Z INFO [39/361] 1d72dc19-28ae-4cf8-9589-35b5898707d2: 25 groups (HDF5, 3.4 MB; 0.7 s; peak memory 286 MiB)
2026-09-13T18:25:08Z INFO [40/361] 1dcd360d-69e4-418e-8d1f-2423f4c134c5: 32 groups (HDF5, 1.2 MB; 0.8 s; peak memory 286 MiB)
2026-09-13T18:25:10Z INFO [41/361] 1e723457-f2c1-4e7a-9fc8-15723b832122: 32 groups (HDF5, 1.5 MB; 1.2 s; peak memory 286 MiB)
2026-09-13T18:25:10Z INFO [42/361] 1f1194e4-5a9f-449d-8624-757957a4f657: 22 groups (HDF5, 84.1 MB; 0.6 s; peak memory 286 MiB)
2026-09-13T18:25:11Z INFO [43/361] 20aaefef-538e-44d8-8216-38ce70fcbd3d: 25 groups (HDF5, 0.2 MB; 0.4 s; peak memory 286 MiB)
2026-09-13T18:27:29Z INFO [44/361] 20c7d7ba-f349-44db-b70a-420800c47d32: 73 groups (HDF5, 39400.6 MB; 138.1 s; peak memory 388 MiB)
2026-09-13T18:27:29Z INFO [45/361] 223ec379-3dfe-49f1-8ee3-0c5e44684888: 22 groups (HDF5, 84.1 MB; 0.6 s; peak memory 388 MiB)
2026-09-13T18:27:30Z INFO [46/361] 225064f5-1792-499d-bb71-64410b14f874: 22 groups (HDF5, 84.1 MB; 0.5 s; peak memory 388 MiB)
2026-09-13T18:27:31Z INFO [47/361] 22d41060-8d88-4175-aabb-6632741c03fc: 22 groups (HDF5, 84.1 MB; 0.7 s; peak memory 388 MiB)
2026-09-13T18:27:31Z INFO [48/361] 2365cf8f-76f8-438f-a41c-3aeadca96e42: 31 groups (HDF5, 453.2 MB; 0.9 s; peak memory 388 MiB)
2026-09-13T18:27:32Z INFO [49/361] 243b1b3e-7778-4596-99c4-5a78cebd1679: 22 groups (HDF5, 84.1 MB; 0.5 s; peak memory 388 MiB)
2026-09-13T18:27:33Z INFO [50/361] 27a06c63-1d28-4cf0-8ddb-4127e7c3b320: 35 groups (HDF5, 1.9 MB; 0.9 s; peak memory 388 MiB)
2026-09-13T18:27:34Z INFO [51/361] 2806bbf2-ba83-4b4b-b521-56de3c91bc79: 194 groups (HDF5, 48.2 MB; 0.7 s; peak memory 388 MiB)
2026-09-13T18:27:34Z INFO [52/361] 28611958-ab0e-4797-9e44-da325b299c95: 32 groups (HDF5, 1.3 MB; 0.6 s; peak memory 388 MiB)
2026-09-13T18:27:35Z INFO [53/361] 2949c259-f0ae-4fa8-8b13-efd5ec6f324f: 36 groups (HDF5, 1449.4 MB; 0.7 s; peak memory 388 MiB)
2026-09-13T18:27:35Z INFO [54/361] 2a76d84a-ccf1-4c92-b782-dfbbed3fa93e: 30 groups (HDF5, 0.2 MB; 0.4 s; peak memory 388 MiB)
2026-09-13T18:27:39Z INFO [55/361] 2b9c56e4-04e1-4a89-8fca-e7ead8953efc: 66 groups (HDF5, 5282.9 MB; 3.9 s; peak memory 388 MiB)
2026-09-13T18:27:40Z INFO [56/361] 2bd80def-5e5b-4e82-938d-36a6dc2b8b7a: 32 groups (HDF5, 1.2 MB; 0.6 s; peak memory 388 MiB)
2026-09-13T18:27:40Z INFO [57/361] 2db0e6dc-c96d-4f5c-b2df-362b52e6532d: 22 groups (HDF5, 84.1 MB; 0.5 s; peak memory 388 MiB)
2026-09-13T18:27:41Z INFO [58/361] 2e0141cc-0c1e-48ce-8ed4-fd942416e664: 22 groups (HDF5, 84.1 MB; 0.5 s; peak memory 388 MiB)
2026-09-13T18:27:41Z INFO [59/361] 2efbffca-a8fe-4c77-81f3-ba1a7354fc75: 30 groups (HDF5, 0.3 MB; 0.4 s; peak memory 388 MiB)
2026-09-13T18:27:42Z INFO [60/361] 2f66a979-444f-40e0-8620-31cfae28577e: 32 groups (HDF5, 1.7 MB; 0.6 s; peak memory 388 MiB)
2026-09-13T18:27:43Z INFO [61/361] 30598cf7-030d-49fc-afd8-b5cced890ac6: 43 groups (HDF5, 17.6 MB; 0.9 s; peak memory 388 MiB)
2026-09-13T18:27:43Z INFO [62/361] 3171f930-cd0d-42b5-8666-9138501ef37e: 32 groups (HDF5, 1.1 MB; 0.7 s; peak memory 388 MiB)
2026-09-13T18:27:47Z INFO [63/361] 3184f333-36cb-4116-b6f0-50fe3132bbc3: 26 groups (HDF5, 4274.0 MB; 4.1 s; peak memory 388 MiB)
2026-09-13T18:27:48Z INFO [64/361] 31960ba9-9ac4-4e10-a907-4939618d3bab: 32 groups (HDF5, 0.9 MB; 0.6 s; peak memory 388 MiB)
2026-09-13T18:27:49Z INFO [65/361] 31cc5772-a5dc-414e-8176-4525bb8f9df5: 31 groups (HDF5, 0.2 MB; 0.4 s; peak memory 388 MiB)
2026-09-13T18:27:49Z INFO [66/361] 31cfe4e0-9545-4009-aa53-7b8f0cd655ee: 29 groups (HDF5, 10.0 MB; 0.5 s; peak memory 388 MiB)
2026-09-13T18:27:50Z INFO [67/361] 31ed148c-da7d-4ade-9c75-d7f86ccfff34: 32 groups (HDF5, 1.5 MB; 0.7 s; peak memory 388 MiB)
2026-09-13T18:27:50Z INFO [68/361] 328605fd-9815-43e0-ba14-d5bd0961f691: 22 groups (HDF5, 84.1 MB; 0.6 s; peak memory 388 MiB)
2026-09-13T18:27:51Z INFO [69/361] 33fa85df-f39e-4b52-85f0-fb31b2de2846: 33 groups (HDF5, 1.7 MB; 0.8 s; peak memory 388 MiB)
2026-09-13T18:29:09Z INFO [70/361] 34cc55bd-f9d4-4f24-8fb9-d2061b17b5f0: 72 groups (HDF5, 22258.3 MB; 78.0 s; peak memory 388 MiB)
2026-09-13T18:29:10Z INFO [71/361] 34e4f9f7-7a72-4dbf-a90c-ab49a5fbf195: 22 groups (HDF5, 84.1 MB; 0.6 s; peak memory 388 MiB)
2026-09-13T18:29:15Z INFO [72/361] 34e9b8ea-0e40-4976-90d9-cbab440f5393: 120 groups (HDF5, 48.5 MB; 5.0 s; peak memory 388 MiB)
2026-09-13T18:30:26Z INFO [73/361] 3654ed17-4c07-4e1e-9790-34e28bc6f892: 69 groups (HDF5, 19760.9 MB; 71.3 s; peak memory 388 MiB)
2026-09-13T18:30:30Z INFO [74/361] 37eaf1a2-9d46-4ab7-bc33-f3e3f5e20f3c: 244 groups (HDF5, 21.8 MB; 3.7 s; peak memory 388 MiB)
2026-09-13T18:30:30Z INFO [75/361] 38a627dd-6197-445c-b78a-9f1b17f5f4eb: 253 groups (HDF5, 4.1 MB; 0.7 s; peak memory 388 MiB)
2026-09-13T18:30:31Z INFO [76/361] 3a9fb7a6-796f-4620-b7c0-2be7f0952175: 24 groups (HDF5, 1.8 MB; 0.7 s; peak memory 388 MiB)
2026-09-13T18:30:32Z INFO [77/361] 3ad33f2f-7100-4f88-85c0-0ad67458570c: 33 groups (HDF5, 1.1 MB; 0.8 s; peak memory 388 MiB)
2026-09-13T18:30:32Z INFO [78/361] 3b603763-e595-4527-8f2e-29083c9009b5: 22 groups (HDF5, 74.1 MB; 0.5 s; peak memory 388 MiB)
2026-09-13T18:30:33Z INFO [79/361] 3c6defd8-b7a2-47bc-af3c-bccafc9f315c: 31 groups (HDF5, 8.6 MB; 0.6 s; peak memory 388 MiB)
2026-09-13T18:30:34Z INFO [80/361] 3db02407-5ecc-49df-8d31-8faecbb7fe82: 48 groups (HDF5, 66.7 MB; 1.0 s; peak memory 388 MiB)
2026-09-13T18:30:35Z INFO [81/361] 3e1ef5cd-8616-4d1f-a669-3afb9531aa24: 32 groups (HDF5, 1.2 MB; 0.7 s; peak memory 388 MiB)
2026-09-13T18:30:42Z INFO [82/361] 3e949cb8-2a9f-4fc0-a1ea-d52105f4937f: 18 groups (HDF5, 329.8 MB; 7.9 s; peak memory 388 MiB)
2026-09-13T18:30:43Z INFO [83/361] 40a81b09-1f7c-4a4f-a256-92d8fa76c2f1: 32 groups (HDF5, 1.6 MB; 0.6 s; peak memory 388 MiB)
2026-09-13T18:30:44Z INFO [84/361] 4161aded-ab22-40da-aab3-f623f91fb5d1: 25 groups (HDF5, 25.9 MB; 0.6 s; peak memory 388 MiB)
2026-09-13T18:30:44Z INFO [85/361] 423023e5-4951-4ac0-9925-20f7504beeed: 26 groups (HDF5, 3.8 MB; 0.5 s; peak memory 388 MiB)
2026-09-13T18:30:45Z INFO [86/361] 42aba052-7142-423f-9d70-e0bd066b03d1: 46 groups (HDF5, 549.5 MB; 1.1 s; peak memory 388 MiB)
2026-09-13T18:30:46Z INFO [87/361] 43b98609-ee03-4ccf-9898-48ba6fc3d23c: 35 groups (HDF5, 1.4 MB; 0.8 s; peak memory 388 MiB)
2026-09-13T18:30:47Z INFO [88/361] 449de10e-ead6-42a7-8b45-835c5bc68e49: 22 groups (HDF5, 84.1 MB; 0.5 s; peak memory 388 MiB)
2026-09-13T18:30:49Z INFO [89/361] 4594d5f6-a259-43ce-a6c0-d1a39dc99847: 49 groups (HDF5, 22.9 MB; 2.6 s; peak memory 388 MiB)
2026-09-13T18:30:50Z INFO [90/361] 45b6095f-f558-4ea4-b3e6-5b895573cd99: 35 groups (HDF5, 0.8 MB; 0.6 s; peak memory 388 MiB)
2026-09-13T18:30:50Z INFO [91/361] 46b50d17-5383-4144-86fb-0fbae4925889: 22 groups (HDF5, 84.1 MB; 0.6 s; peak memory 388 MiB)
2026-09-13T18:30:51Z INFO [92/361] 47baf1e5-f140-4c92-8f18-93f58e8dee9a: 32 groups (HDF5, 1.2 MB; 0.6 s; peak memory 388 MiB)
2026-09-13T18:30:52Z INFO [93/361] 483705a3-11d0-4ee4-970f-b4e2ccb9132d: 25 groups (HDF5, 24.8 MB; 0.7 s; peak memory 388 MiB)
2026-09-13T18:30:53Z INFO [94/361] 48efa80d-6a2a-4058-af5c-9edbe3821184: 48 groups (HDF5, 188.7 MB; 1.4 s; peak memory 388 MiB)
2026-09-13T18:30:54Z INFO [95/361] 4b7f68c4-862c-4f50-af03-ef2c46e6f1e2: 254 groups (HDF5, 1.1 MB; 0.7 s; peak memory 388 MiB)
2026-09-13T18:30:55Z INFO [96/361] 4ba90add-5a01-4688-9a1f-d2998866f5d7: 200 groups (HDF5, 69.8 MB; 1.1 s; peak memory 388 MiB)
2026-09-13T18:30:56Z INFO [97/361] 4be3d62b-314f-4acf-8959-71b7762134a9: 34 groups (HDF5, 7.9 MB; 0.8 s; peak memory 388 MiB)
2026-09-13T18:30:56Z INFO [98/361] 4cb9b820-7e78-4573-8f3d-655056e6298a: 22 groups (HDF5, 84.1 MB; 0.5 s; peak memory 388 MiB)
2026-09-13T18:30:57Z INFO [99/361] 4d772186-63bf-4aab-b713-f5c19c41aea5: 35 groups (HDF5, 1.0 MB; 0.6 s; peak memory 388 MiB)
2026-09-13T18:30:58Z INFO [100/361] 4d9f6887-82cd-4475-b57e-c494d26f273b: 35 groups (HDF5, 66.0 MB; 1.1 s; peak memory 388 MiB)
2026-09-13T18:30:59Z INFO [101/361] 4dd6ad24-b2b2-442d-befb-70b77db756b7: 194 groups (HDF5, 464.8 MB; 1.3 s; peak memory 388 MiB)
2026-09-13T18:31:00Z INFO [102/361] 4de74d6e-585a-4315-8f0e-46b22d14c9f8: 36 groups (HDF5, 4950.2 MB; 0.7 s; peak memory 388 MiB)
2026-09-13T18:31:08Z INFO [103/361] 4e5bedb3-6aa4-4e4b-8a6f-8a89a153c71f: 32 groups (HDF5, 605.6 MB; 7.7 s; peak memory 388 MiB)
2026-09-13T18:31:10Z INFO [104/361] 4f3543b3-d44d-4d0a-97d0-b4d9d41dcf61: 78 groups (HDF5, 279.8 MB; 2.7 s; peak memory 388 MiB)
2026-09-13T18:31:33Z INFO [105/361] 4f708c89-5d6f-419d-b5c1-e818da2b5977: 26 groups (HDF5, 1913.0 MB; 23.2 s; peak memory 388 MiB)
2026-09-13T18:31:34Z INFO [106/361] 4fc1c019-3b32-4a19-9ca5-a2bc1c664d3e: 31 groups (HDF5, 0.3 MB; 0.4 s; peak memory 388 MiB)
2026-09-13T18:31:38Z INFO [107/361] 4fd9a1c4-ed07-44e6-935f-99be598b2f74: 264 groups (HDF5, 28.8 MB; 4.0 s; peak memory 388 MiB)
2026-09-13T18:32:07Z INFO [108/361] 4ffa3a9e-84fa-455f-a0d2-8f6e03fab09f: 26 groups (HDF5, 2403.2 MB; 29.0 s; peak memory 388 MiB)
2026-09-13T18:32:08Z INFO [109/361] 510b454b-164d-481b-a19b-2c49c26d9be3: 108 groups (HDF5, 50.7 MB; 0.9 s; peak memory 388 MiB)
2026-09-13T18:32:16Z INFO [110/361] 5372cca2-c86a-4ba9-a6a0-935fb9f4325a: 299 groups (HDF5, 72.0 MB; 8.4 s; peak memory 388 MiB)
2026-09-13T18:32:17Z INFO [111/361] 553927e3-ce77-4501-a15a-444c4026da77: 32 groups (HDF5, 0.8 MB; 0.6 s; peak memory 388 MiB)
2026-09-13T18:32:17Z INFO [112/361] 560b3bd2-57a7-47f6-9459-867df261850f: 22 groups (HDF5, 84.1 MB; 0.6 s; peak memory 388 MiB)
2026-09-13T18:32:18Z INFO [113/361] 5699ca3c-fa67-4373-a97d-1a3e188d4b5d: 22 groups (HDF5, 84.1 MB; 0.5 s; peak memory 388 MiB)
2026-09-13T18:32:19Z INFO [114/361] 56af3a33-0591-48ab-8c69-59034ab2fb3e: 73 groups (HDF5, 5.9 MB; 1.4 s; peak memory 388 MiB)
2026-09-13T18:32:21Z INFO [115/361] 56ca6dcb-e697-41bc-b8b1-b202f67711d9: 48 groups (HDF5, 68.5 MB; 1.5 s; peak memory 388 MiB)
2026-09-13T18:32:22Z INFO [116/361] 59017789-d2fc-4468-8fde-127cedd551b1: 39 groups (HDF5, 1.2 MB; 0.8 s; peak memory 388 MiB)
2026-09-13T18:32:26Z INFO [117/361] 59bc5afe-173c-48a0-938b-54b41f68ef3c: 181 groups (HDF5, 9.5 MB; 4.5 s; peak memory 388 MiB)
2026-09-13T18:32:27Z INFO [118/361] 59d50b39-b780-46a6-bf80-0f18ce149dd0: 18 groups (HDF5, 527.4 MB; 0.7 s; peak memory 388 MiB)
2026-09-13T18:32:27Z INFO [119/361] 5b1edd1d-c1fb-4e4c-af61-1a7ff0ea949a: 22 groups (HDF5, 84.1 MB; 0.6 s; peak memory 388 MiB)
2026-09-13T18:32:28Z INFO [120/361] 5c1c443a-508e-4f79-939d-839f45ed4273: 22 groups (HDF5, 84.1 MB; 0.5 s; peak memory 388 MiB)
2026-09-13T18:32:28Z INFO [121/361] 5cca38c2-56df-4206-afda-b1a79afdcdc2: 30 groups (HDF5, 0.3 MB; 0.3 s; peak memory 388 MiB)
2026-09-13T18:32:29Z INFO [122/361] 5d0b471e-a385-4541-9a65-d7317da0f88d: 255 groups (HDF5, 0.8 MB; 0.7 s; peak memory 388 MiB)
2026-09-13T18:32:30Z INFO [123/361] 5d608195-36bf-454c-8da3-51ac76fd24e5: 49 groups (HDF5, 13.7 MB; 0.8 s; peak memory 388 MiB)
2026-09-13T18:32:30Z INFO [124/361] 5dba8f6f-2ea8-4a98-a55e-2b068e921a41: 22 groups (HDF5, 0.2 MB; 0.4 s; peak memory 388 MiB)
2026-09-13T18:32:33Z INFO [125/361] 5e7e73cb-9d8b-4012-82d1-fd86c18d8e38: 78 groups (HDF5, 451.2 MB; 2.6 s; peak memory 388 MiB)
2026-09-13T18:32:33Z INFO [126/361] 5f2e76d6-b8f0-4e3c-b2b7-48175ef97283: 22 groups (HDF5, 84.1 MB; 0.5 s; peak memory 388 MiB)
2026-09-13T18:32:35Z INFO [127/361] 602dbccb-559d-40a1-a4bc-69cc73225275: 95 groups (HDF5, 12.7 MB; 1.8 s; peak memory 388 MiB)
2026-09-13T18:32:36Z INFO [128/361] 60c47c9f-4eb5-4804-986c-81517b42e6dd: 32 groups (HDF5, 1.0 MB; 0.7 s; peak memory 388 MiB)
2026-09-13T18:32:36Z INFO [129/361] 60f55e41-06ae-4c69-8f4b-6b16a0977530: 32 groups (HDF5, 1.1 MB; 0.6 s; peak memory 388 MiB)
2026-09-13T18:32:41Z INFO [130/361] 6155e1b9-3f5f-438f-8331-82bd9dfe8b75: 63 groups (HDF5, 18292.2 MB; 5.1 s; peak memory 388 MiB)
2026-09-13T18:32:48Z INFO [131/361] 62bfae3e-7dd1-4d8c-9fd7-e47046fed0cd: 2455 groups (HDF5, 34.5 MB; 6.5 s; peak memory 388 MiB)
2026-09-13T18:32:49Z INFO [132/361] 63150baa-fb19-4057-a397-4058196a4a0d: 35 groups (HDF5, 1.3 MB; 0.8 s; peak memory 388 MiB)
2026-09-13T18:32:49Z INFO [133/361] 63c0d78f-c0cb-45f6-9c27-55200e67e160: 35 groups (HDF5, 1.5 MB; 0.8 s; peak memory 388 MiB)
2026-09-13T18:32:50Z INFO [134/361] 647979c4-77e2-4b9c-8e3f-404f94b4535a: 29 groups (HDF5, 10.0 MB; 0.7 s; peak memory 388 MiB)
2026-09-13T18:32:51Z INFO [135/361] 64872cce-3dcf-4f60-8066-1dd929487247: 25 groups (HDF5, 0.2 MB; 0.5 s; peak memory 388 MiB)
2026-09-13T18:32:51Z INFO [136/361] 64f1f630-3d36-4d1b-8805-53ca84ef24b3: 22 groups (HDF5, 84.1 MB; 0.6 s; peak memory 388 MiB)
2026-09-13T18:32:52Z INFO [137/361] 66064229-5793-4313-af2f-9b0b2fffb41a: 32 groups (HDF5, 1.2 MB; 0.6 s; peak memory 388 MiB)
2026-09-13T18:32:52Z INFO [138/361] 66685daa-9690-493a-a769-7724d7392d95: 256 groups (HDF5, 37.9 MB; 0.7 s; peak memory 388 MiB)
2026-09-13T18:32:53Z INFO [139/361] 669df585-4f25-4da6-9774-55f9d9bd21e4: 22 groups (HDF5, 84.1 MB; 0.5 s; peak memory 388 MiB)
2026-09-13T18:32:54Z INFO [140/361] 6717b75d-be71-44d9-a459-c50253ef4bd3: 199 groups (HDF5, 4.7 MB; 0.9 s; peak memory 388 MiB)
2026-09-13T18:32:55Z INFO [141/361] 673af77d-c1d8-4956-929e-854af5f05879: 33 groups (HDF5, 1.4 MB; 0.7 s; peak memory 388 MiB)
2026-09-13T18:33:06Z INFO [142/361] 673b9210-c4fa-4c73-8359-6dc88d271779: 221 groups (HDF5, 52.6 MB; 11.9 s; peak memory 388 MiB)
2026-09-13T18:33:07Z INFO [143/361] 68712975-33ac-486a-b59c-5aec6d616385: 32 groups (HDF5, 1.4 MB; 0.7 s; peak memory 388 MiB)
2026-09-13T18:33:08Z INFO [144/361] 6a288154-549b-49d5-957f-796f4a5d34be: 34 groups (HDF5, 98.4 MB; 0.6 s; peak memory 388 MiB)
2026-09-13T18:33:08Z INFO [145/361] 6a335a6b-9064-46e0-a8bc-1a4f2b503aeb: 41 groups (HDF5, 7.5 MB; 0.5 s; peak memory 388 MiB)
2026-09-13T18:33:20Z INFO [146/361] 6acbdbab-b67a-4ff9-aec3-47490b499c23: 23 groups (HDF5, 45714.1 MB; 11.9 s; peak memory 388 MiB)
2026-09-13T18:33:21Z INFO [147/361] 6af707a3-467c-4a2d-a0ff-b75f0b3a7913: 22 groups (HDF5, 84.1 MB; 0.6 s; peak memory 388 MiB)
2026-09-13T18:33:22Z INFO [148/361] 6b4da7c2-eb2d-459c-8d7e-cc1972ac5a8c: 48 groups (HDF5, 68.0 MB; 1.5 s; peak memory 388 MiB)
2026-09-13T18:33:23Z INFO [149/361] 6bf98206-957d-419d-81fb-276a4d2c9db2: 32 groups (HDF5, 1.7 MB; 0.7 s; peak memory 388 MiB)
2026-09-13T18:33:24Z INFO [150/361] 6c1bf8b7-16c6-4416-a8de-7e06e6ccb2ce: 32 groups (HDF5, 1.0 MB; 0.7 s; peak memory 388 MiB)
2026-09-13T18:33:24Z INFO [151/361] 6c9c8c2f-50dd-4ee6-a007-46620fad4bf8: 22 groups (HDF5, 84.1 MB; 0.5 s; peak memory 388 MiB)
2026-09-13T18:33:26Z INFO [152/361] 6cdb3eb0-5ab8-4f3b-815e-fa70942ff132: 572 groups (HDF5, 4.6 MB; 1.5 s; peak memory 388 MiB)
2026-09-13T18:33:27Z INFO [153/361] 6d03e23a-5832-4b07-ad49-349cef678125: 256 groups (HDF5, 1.1 MB; 0.8 s; peak memory 388 MiB)
2026-09-13T18:33:27Z INFO [154/361] 6f463dc9-768c-45cd-b40a-070b9f011474: 32 groups (HDF5, 1.2 MB; 0.6 s; peak memory 388 MiB)
2026-09-13T18:33:28Z INFO [155/361] 6f7e7144-f3be-4f16-9259-8cb0098596c9: 199 groups (HDF5, 61.7 MB; 0.9 s; peak memory 388 MiB)
2026-09-13T18:33:56Z INFO [156/361] 701d12c6-9abd-4b61-a0e3-ada0c0064271: 27 groups (HDF5, 2449.4 MB; 28.0 s; peak memory 388 MiB)
2026-09-13T18:33:57Z INFO [157/361] 70c079d4-1fbe-4bb2-81f6-a90277c725ca: 32 groups (HDF5, 1.2 MB; 0.7 s; peak memory 388 MiB)
2026-09-13T18:33:57Z INFO [158/361] 71327d1e-dc82-44d7-86aa-d13b3f25a7a6: 251 groups (HDF5, 0.6 MB; 0.6 s; peak memory 388 MiB)
2026-09-13T18:33:58Z INFO [159/361] 72470b7b-b505-4d9f-9ef4-9c888d156daa: 24 groups (HDF5, 1.7 MB; 0.8 s; peak memory 388 MiB)
2026-09-13T18:34:07Z INFO [160/361] 73205760-3a94-465c-a2e5-abe0f3c298ec: 231 groups (HDF5, 62.0 MB; 8.3 s; peak memory 388 MiB)
2026-09-13T18:34:07Z INFO [161/361] 73754639-b64e-495e-8acb-bfb1677733de: 32 groups (HDF5, 1.4 MB; 0.7 s; peak memory 388 MiB)
2026-09-13T18:34:08Z INFO [162/361] 73c8b307-14d3-4633-a198-d18e6f52ded0: 32 groups (HDF5, 0.9 MB; 0.8 s; peak memory 388 MiB)
2026-09-13T18:34:12Z INFO [163/361] 7439dcc2-e1b7-4ec7-a851-df84c449f214: 157 groups (HDF5, 41.7 MB; 3.9 s; peak memory 388 MiB)
2026-09-13T18:34:12Z INFO [164/361] 798e1c66-1865-4269-b606-ea6fadc71020: 29 groups (HDF5, 2028.8 MB; 0.6 s; peak memory 388 MiB)
2026-09-13T18:34:13Z INFO [165/361] 79d8d302-52fc-4f5d-8c89-6beb72b67876: 35 groups (HDF5, 0.7 MB; 0.6 s; peak memory 388 MiB)
2026-09-13T18:34:14Z INFO [166/361] 7a27767a-1bdf-4eb0-8e97-7d16ba39f6a8: 17 groups (HDF5, 25.2 MB; 1.2 s; peak memory 388 MiB)
2026-09-13T18:34:15Z INFO [167/361] 7add3dfe-247d-47a5-bacb-ebd65fe7394c: 32 groups (HDF5, 0.6 MB; 0.4 s; peak memory 388 MiB)
2026-09-13T18:34:16Z INFO [168/361] 7c24c8b3-927b-4b24-af3a-026b69d11544: 32 groups (HDF5, 1.5 MB; 0.8 s; peak memory 388 MiB)
2026-09-13T18:34:16Z INFO [169/361] 7ca64eb0-95d8-4b1b-ac4e-2c68503dc4b7: 22 groups (HDF5, 84.1 MB; 0.4 s; peak memory 388 MiB)
2026-09-13T18:34:17Z INFO [170/361] 7d012c29-0f96-4ecf-be2b-8f9b648a9a86: 32 groups (HDF5, 1.0 MB; 0.6 s; peak memory 388 MiB)
2026-09-13T18:34:17Z INFO [171/361] 7dd7ed3f-f6c1-4e19-a8da-90855fa1fca9: 22 groups (HDF5, 84.1 MB; 0.5 s; peak memory 388 MiB)
2026-09-13T18:34:18Z INFO [172/361] 7de47467-9e12-48ab-a87e-ae5ce9fe720a: 254 groups (HDF5, 1.2 MB; 0.7 s; peak memory 388 MiB)
2026-09-13T18:34:19Z INFO [173/361] 7ec7281a-5316-4c4e-bb62-f58908e55fbb: 196 groups (HDF5, 18.7 MB; 0.8 s; peak memory 388 MiB)
2026-09-13T18:34:19Z INFO [174/361] 7f19c399-52cd-4d2a-8b14-023866db9b2e: 32 groups (HDF5, 1.4 MB; 0.6 s; peak memory 388 MiB)
2026-09-13T18:34:20Z INFO [175/361] 802e5725-c988-45ca-85d1-29646e0a7fb8: 31 groups (HDF5, 0.3 MB; 0.4 s; peak memory 388 MiB)
2026-09-13T18:34:20Z INFO [176/361] 811c5e68-6344-48a9-85d3-aad348a42f7a: 22 groups (HDF5, 84.1 MB; 0.6 s; peak memory 388 MiB)
2026-09-13T18:34:21Z INFO [177/361] 81745e6b-c47b-430d-a1de-5da276ba530f: 22 groups (HDF5, 84.1 MB; 0.5 s; peak memory 388 MiB)
2026-09-13T18:34:24Z INFO [178/361] 825ea8d8-6b72-445b-b216-6eb01c9ae218: 181 groups (HDF5, 9.4 MB; 3.7 s; peak memory 388 MiB)
2026-09-13T18:34:25Z INFO [179/361] 8386119a-d490-4854-9ce8-c70d13af56ea: 22 groups (HDF5, 84.1 MB; 0.6 s; peak memory 388 MiB)
2026-09-13T18:34:26Z INFO [180/361] 83a576a2-3c6b-4a8f-a512-e6191ced2806: 32 groups (HDF5, 1.1 MB; 0.6 s; peak memory 388 MiB)
2026-09-13T18:34:26Z INFO [181/361] 8448189c-523a-4e54-b919-2d59029dc93e: 32 groups (HDF5, 1.3 MB; 0.5 s; peak memory 388 MiB)
2026-09-13T18:34:27Z INFO [182/361] 8491170d-18d4-491b-8cec-729e84865359: 41 groups (HDF5, 17.5 MB; 0.9 s; peak memory 388 MiB)
2026-09-13T18:34:28Z INFO [183/361] 8506df55-8c6a-4f02-90a1-1ac79501607c: 35 groups (HDF5, 1.4 MB; 0.7 s; peak memory 388 MiB)
2026-09-13T18:34:28Z INFO [184/361] 857f1bc2-bbe5-45d6-abcb-fa3aeebe2b43: 22 groups (HDF5, 84.1 MB; 0.5 s; peak memory 388 MiB)
2026-09-13T18:34:31Z INFO [185/361] 85848abf-c8f1-477f-adb8-3ef4beff5913: 168 groups (HDF5, 17.7 MB; 2.5 s; peak memory 388 MiB)
2026-09-13T18:34:31Z INFO [186/361] 86cf3d63-5fe9-45ef-9402-c021f2d9d836: 29 groups (HDF5, 706.6 MB; 0.5 s; peak memory 388 MiB)
2026-09-13T18:34:38Z INFO [187/361] 877aa53e-df97-4351-8ac5-0b8beb355328: 33 groups (HDF5, 109.7 MB; 6.7 s; peak memory 388 MiB)
2026-09-13T18:34:39Z INFO [188/361] 87f089cf-7e9f-47e8-9b9d-4eb3093aff00: 32 groups (HDF5, 1.2 MB; 0.6 s; peak memory 388 MiB)
2026-09-13T18:34:39Z INFO [189/361] 8815ff96-b079-4ff6-8d7c-6cb5cbe3a632: 22 groups (HDF5, 84.1 MB; 0.6 s; peak memory 388 MiB)
2026-09-13T18:34:39Z INFO [190/361] 8871a084-8fa3-4e1b-b9c4-35f9aea95780: 22 groups (HDF5, 0.2 MB; 0.3 s; peak memory 388 MiB)
2026-09-13T18:34:43Z INFO [191/361] 8a3b9f2d-4773-47b7-90e5-7dc1ed483062: 181 groups (HDF5, 9.3 MB; 3.6 s; peak memory 388 MiB)
2026-09-13T18:34:44Z INFO [192/361] 8a6f34d9-0eeb-43d7-889f-48d2ee948c43: 35 groups (HDF5, 1.1 MB; 0.7 s; peak memory 388 MiB)
2026-09-13T18:34:45Z INFO [193/361] 8b1014ed-a66b-47f8-8765-52c1578f42dd: 35 groups (HDF5, 1.7 MB; 0.8 s; peak memory 388 MiB)
2026-09-13T18:34:45Z INFO [194/361] 8b7cf535-4e61-4f84-b593-a4520c29dda1: 22 groups (HDF5, 84.1 MB; 0.5 s; peak memory 388 MiB)
2026-09-13T18:34:46Z INFO [195/361] 8bcdd290-7308-40dc-b10f-6db6970fd70e: 22 groups (HDF5, 84.1 MB; 0.5 s; peak memory 388 MiB)
2026-09-13T18:34:46Z INFO [196/361] 8bdff063-ada4-4ea1-ae3d-043d66f3ef0a: 35 groups (HDF5, 1.2 MB; 0.6 s; peak memory 388 MiB)
2026-09-13T18:34:47Z INFO [197/361] 8c9918ea-9748-4c57-b701-a28a647daa87: 32 groups (HDF5, 1.3 MB; 0.6 s; peak memory 388 MiB)
2026-09-13T18:34:47Z INFO [198/361] 8d6cbc5a-3215-4ea7-ad5b-f7daf10726b1: 33 groups (HDF5, 0.9 MB; 0.7 s; peak memory 388 MiB)
2026-09-13T18:34:48Z INFO [199/361] 9027daba-60f0-4dc3-8094-f3002ae81934: 31 groups (HDF5, 8.6 MB; 0.7 s; peak memory 388 MiB)
2026-09-13T18:34:49Z INFO [200/361] 90c8bd5c-1f1c-4369-845c-4e0a6912f705: 72 groups (HDF5, 3.9 MB; 0.5 s; peak memory 388 MiB)
2026-09-13T18:34:53Z INFO [201/361] 91429bc4-3a8d-4893-92aa-0fdc94748105: 112 groups (HDF5, 33.5 MB; 4.3 s; peak memory 388 MiB)
2026-09-13T18:34:54Z INFO [202/361] 91b8b5f0-c16a-4fa1-bbb9-3c7246fa825c: 42 groups (HDF5, 87102.6 MB; 1.3 s; peak memory 388 MiB)
2026-09-13T18:34:55Z INFO [203/361] 91d0f104-6918-47ae-8959-2116c86ee157: 575 groups (HDF5, 2.2 MB; 0.8 s; peak memory 388 MiB)
2026-09-13T18:34:56Z INFO [204/361] 930da59c-b118-4ef5-8eec-03c0cb85eff3: 18 groups (HDF5, 0.4 MB; 0.5 s; peak memory 388 MiB)
2026-09-13T18:34:57Z INFO [205/361] 93312d8d-f61d-4a20-a497-585a203acf55: 50 groups (HDF5, 196.1 MB; 1.7 s; peak memory 388 MiB)
2026-09-13T18:34:58Z INFO [206/361] 93aa90ce-ebcb-41a1-9b9a-c6a07508cacf: 22 groups (HDF5, 84.1 MB; 0.5 s; peak memory 388 MiB)
2026-09-13T18:34:58Z INFO [207/361] 945cea7e-012a-4135-bc6a-7c49c228a23b: 32 groups (HDF5, 0.8 MB; 0.5 s; peak memory 388 MiB)
2026-09-13T18:35:06Z INFO [208/361] 94cc1102-bf8a-42aa-a824-bebdb16c2fd7: 33 groups (HDF5, 148.2 MB; 7.3 s; peak memory 388 MiB)
2026-09-13T18:35:07Z INFO [209/361] 96000138-1cf6-4864-9644-b4183e7d2d26: 48 groups (HDF5, 191.4 MB; 1.4 s; peak memory 388 MiB)
2026-09-13T18:35:08Z INFO [210/361] 96c7c8ba-0830-471a-9bce-2201ff2f9aa6: 32 groups (HDF5, 21.6 MB; 0.7 s; peak memory 388 MiB)
2026-09-13T18:35:08Z INFO [211/361] 9728cc48-ce2e-4f65-8bc9-70ccda768dc7: 32 groups (HDF5, 1.4 MB; 0.7 s; peak memory 388 MiB)
2026-09-13T18:35:09Z INFO [212/361] 9b94e94c-32b5-4935-89d6-9870b2a223f3: 341 groups (HDF5, 4.6 MB; 1.0 s; peak memory 388 MiB)
2026-09-13T18:35:10Z INFO [213/361] 9d57386f-812f-420c-904c-c3965fb31cd3: 22 groups (HDF5, 84.1 MB; 0.6 s; peak memory 388 MiB)
2026-09-13T18:35:11Z INFO [214/361] 9d604e87-c359-4737-8d19-84d3c570ae69: 32 groups (HDF5, 36.8 MB; 0.8 s; peak memory 388 MiB)
2026-09-13T18:35:11Z INFO [215/361] 9e9a761b-3cca-4211-9714-90e0bbf0bc4e: 32 groups (HDF5, 1.1 MB; 0.6 s; peak memory 388 MiB)
2026-09-13T18:35:12Z INFO [216/361] 9ef6fc82-5b57-421e-931e-06923097d27e: 18 groups (HDF5, 0.5 MB; 0.5 s; peak memory 388 MiB)
2026-09-13T18:35:12Z INFO [217/361] a233c983-b7b3-4db4-8fd3-dd5bdb3df168: 32 groups (HDF5, 1.3 MB; 0.7 s; peak memory 388 MiB)
2026-09-13T18:35:13Z INFO [218/361] a3689486-2072-413e-9063-f8f44207ec74: 35 groups (HDF5, 0.6 MB; 0.5 s; peak memory 388 MiB)
2026-09-13T18:35:14Z INFO [219/361] a39142f6-91b3-42ad-9b04-7d4ceef9ea92: 31 groups (HDF5, 41.6 MB; 0.9 s; peak memory 388 MiB)
2026-09-13T18:35:14Z INFO [220/361] a3a78a4e-2b14-4cb8-aca0-9fa0cab6bf1d: 35 groups (HDF5, 1.0 MB; 0.6 s; peak memory 388 MiB)
2026-09-13T18:35:15Z INFO [221/361] a46f1481-3d51-4ad7-8e80-c74890a5d9b3: 29 groups (HDF5, 0.5 MB; 0.5 s; peak memory 388 MiB)
2026-09-13T18:35:15Z INFO [222/361] a4768c66-4e37-4344-ba29-65c0a86da756: 103 groups (HDF5, 0.6 MB; 0.5 s; peak memory 388 MiB)
2026-09-13T18:35:16Z INFO [223/361] a4f1b808-f010-453e-b5d7-1ec9a982deb1: 18 groups (HDF5, 533.3 MB; 0.4 s; peak memory 388 MiB)
2026-09-13T18:35:17Z INFO [224/361] a5ef6048-5488-416c-ab16-c5c960b18303: 33 groups (HDF5, 1.5 MB; 0.8 s; peak memory 388 MiB)
2026-09-13T18:35:17Z INFO [225/361] a6f864c3-d2aa-4366-a132-1eafce0d2f7a: 32 groups (HDF5, 1.1 MB; 0.7 s; peak memory 388 MiB)
2026-09-13T18:35:20Z INFO [226/361] a95cabbc-4581-40a8-afab-c4f3c389567b: 165 groups (HDF5, 24.5 MB; 2.8 s; peak memory 388 MiB)
2026-09-13T18:35:21Z INFO [227/361] aa72588b-0dd3-4455-ae7a-ed1104dfe5b1: 22 groups (HDF5, 84.1 MB; 0.4 s; peak memory 388 MiB)
2026-09-13T18:35:21Z INFO [228/361] ab280f1e-38f1-45ac-a324-7a1ddf514656: 26 groups (HDF5, 52.2 MB; 0.9 s; peak memory 388 MiB)
2026-09-13T18:35:22Z INFO [229/361] ab3473b2-4b54-4844-b8ee-174711472f61: 22 groups (HDF5, 84.1 MB; 0.5 s; peak memory 388 MiB)
2026-09-13T18:35:25Z INFO [230/361] abf4e49a-6ef2-4e9d-a0e8-8741b7aa151a: 181 groups (HDF5, 9.0 MB; 3.0 s; peak memory 388 MiB)
2026-09-13T18:35:26Z INFO [231/361] ae935d8c-e4c0-43cc-8773-5ae80f9441bd: 22 groups (HDF5, 84.1 MB; 0.6 s; peak memory 388 MiB)
2026-09-13T18:35:45Z INFO [232/361] aee9341d-a3e2-4c4b-b32e-e3cde1a7883c: 2909 groups (HDF5, 94.1 MB; 19.7 s; peak memory 388 MiB)
2026-09-13T18:35:47Z INFO [233/361] afb52bf3-7f9b-4658-ad4f-358c9cd6aa12: 48 groups (HDF5, 191.3 MB; 1.5 s; peak memory 388 MiB)
2026-09-13T18:35:57Z INFO [234/361] afbe7931-0b73-4398-bc6d-38226f4fff1b: 249 groups (HDF5, 91.9 MB; 9.9 s; peak memory 388 MiB)
2026-09-13T18:35:58Z INFO [235/361] b0797827-ffd7-4c20-bd42-0c6a68d79d38: 196 groups (HDF5, 66.0 MB; 0.9 s; peak memory 388 MiB)
2026-09-13T18:35:58Z INFO [236/361] b135aaa6-139b-40f4-bef8-54ea1e3b4810: 17 groups (HDF5, 0.7 MB; 0.5 s; peak memory 388 MiB)
2026-09-13T18:36:01Z INFO [237/361] b1e50ac9-6a79-4f38-8f89-d27f87da92ac: 47 groups (HDF5, 204.5 MB; 3.1 s; peak memory 388 MiB)
2026-09-13T18:36:02Z INFO [238/361] b264a1b9-55e8-486e-b23a-0313a62d8afe: 17 groups (HDF5, 0.2 MB; 0.3 s; peak memory 388 MiB)
2026-09-13T18:37:02Z INFO [239/361] b37f7412-7e76-4c75-8eb5-e18b51bc2179: 3888 groups (HDF5, 1665.1 MB; 60.2 s; peak memory 429 MiB)
2026-09-13T18:37:02Z INFO [240/361] b3826f07-0f45-42c2-8ba5-c9c6410c0b38: 32 groups (HDF5, 1.5 MB; 0.7 s; peak memory 429 MiB)
2026-09-13T18:37:03Z INFO [241/361] b3a28eec-06c2-42d4-90e2-184e5ecbc9c2: 32 groups (HDF5, 1.3 MB; 0.7 s; peak memory 429 MiB)
2026-09-13T18:37:06Z INFO [242/361] b43f0b65-9f4b-4ac8-ab30-f934345e7bcf: 78 groups (HDF5, 262.4 MB; 3.0 s; peak memory 429 MiB)
2026-09-13T18:37:07Z INFO [243/361] b67a63bc-95fd-436f-bc5d-8322b39b9b62: 20 groups (HDF5, 5.0 MB; 0.5 s; peak memory 429 MiB)
2026-09-13T18:37:10Z INFO [244/361] b6d2b22c-9a19-443d-bf5a-3afbbf904207: 136 groups (HDF5, 21.5 MB; 3.4 s; peak memory 429 MiB)
2026-09-13T18:37:11Z INFO [245/361] b7273304-ea63-4c27-955f-08b55b316cb1: 22 groups (HDF5, 84.1 MB; 0.5 s; peak memory 429 MiB)
2026-09-13T18:37:15Z INFO [246/361] b8bc0808-e8da-49a5-9cae-f7d49f5dbeb6: 158 groups (HDF5, 31.3 MB; 4.4 s; peak memory 429 MiB)
2026-09-13T18:37:16Z INFO [247/361] b9120730-3a96-40e4-8aa0-d17cd3c15b39: 22 groups (HDF5, 84.1 MB; 0.6 s; peak memory 429 MiB)
2026-09-13T18:37:16Z INFO [248/361] b9166872-093c-4824-83c2-68e30025b29a: 22 groups (HDF5, 84.1 MB; 0.6 s; peak memory 429 MiB)
2026-09-13T18:37:17Z INFO [249/361] b9a24a78-3571-4a64-9c30-dabaa726127b: 35 groups (HDF5, 1.6 MB; 0.7 s; peak memory 429 MiB)
2026-09-13T18:37:18Z INFO [250/361] b9d34fb1-f387-41d8-8551-2350e3b72eeb: 32 groups (HDF5, 1.3 MB; 0.7 s; peak memory 429 MiB)
2026-09-13T18:37:18Z INFO [251/361] ba628ef9-59d8-41ba-ab41-82bd6c596e29: 32 groups (HDF5, 1.3 MB; 0.6 s; peak memory 429 MiB)
2026-09-13T18:37:19Z INFO [252/361] bb397124-e583-4cf1-843b-9c173581998a: 48 groups (HDF5, 66.9 MB; 1.1 s; peak memory 429 MiB)
2026-09-13T18:37:21Z INFO [253/361] bc1cf3fb-fb97-4ed4-b1ac-7b1fe1663983: 201 groups (HDF5, 689.6 MB; 1.3 s; peak memory 429 MiB)
2026-09-13T18:37:53Z INFO [254/361] bddad082-4cb5-4ee1-9e3e-4804c9e0549d: 36 groups (HDF5, 23315.2 MB; 32.0 s; peak memory 429 MiB)
2026-09-13T18:37:53Z INFO [255/361] be2c507b-3575-425f-813b-7f70ff54315e: 22 groups (HDF5, 84.1 MB; 0.6 s; peak memory 429 MiB)
2026-09-13T18:37:54Z INFO [256/361] be37b1c6-8692-4925-bb19-12c2cee00c85: 22 groups (HDF5, 84.1 MB; 0.6 s; peak memory 429 MiB)
2026-09-13T18:37:55Z INFO [257/361] bf539eeb-5faf-4cc2-b731-6e4180a196ff: 194 groups (HDF5, 43.1 MB; 0.8 s; peak memory 429 MiB)
2026-09-13T18:37:55Z INFO [258/361] bf9bb492-847b-4336-84c9-7347bbfea5e6: 22 groups (HDF5, 84.1 MB; 0.4 s; peak memory 429 MiB)
2026-09-13T18:38:03Z INFO [259/361] c0495091-9771-4425-bbd0-7e724b66d240: 155 groups (HDF5, 509.6 MB; 8.3 s; peak memory 429 MiB)
2026-09-13T18:38:04Z INFO [260/361] c166765e-8f25-4061-b1f4-072f636840f9: 22 groups (HDF5, 84.1 MB; 0.5 s; peak memory 429 MiB)
2026-09-13T18:38:12Z INFO [261/361] c1971aed-ec52-41e2-bf04-a0959c3d655a: 161 groups (HDF5, 1245.4 MB; 8.0 s; peak memory 429 MiB)
2026-09-13T18:38:15Z INFO [262/361] c1fa145d-75e5-4909-aabb-c2cb726bf9df: 66 groups (HDF5, 615.1 MB; 3.4 s; peak memory 429 MiB)
2026-09-13T18:38:16Z INFO [263/361] c27e66d0-271d-4e31-9661-7beac7070070: 35 groups (HDF5, 0.5 MB; 0.7 s; peak memory 429 MiB)
2026-09-13T18:38:16Z INFO [264/361] c2bb99c0-feb5-46cb-b4eb-c2e93f2febd5: 32 groups (HDF5, 1.0 MB; 0.6 s; peak memory 429 MiB)
2026-09-13T18:38:28Z INFO [265/361] c2c5ec73-91ad-47c6-84d1-e897d04f244b: 23 groups (HDF5, 40291.0 MB; 11.5 s; peak memory 429 MiB)
2026-09-13T18:38:29Z INFO [266/361] c2e4b40f-637a-4f3f-880c-a8b493e39997: 256 groups (HDF5, 3.0 MB; 0.7 s; peak memory 429 MiB)
2026-09-13T18:38:29Z INFO [267/361] c2e79bd1-1ed5-48ff-b442-a219b7c2dd86: 20 groups (HDF5, 0.8 MB; 0.4 s; peak memory 429 MiB)
2026-09-13T18:38:31Z INFO [268/361] c40e46f3-a526-4b88-aaed-862f786ef113: 56 groups (HDF5, 42.2 MB; 1.8 s; peak memory 429 MiB)
2026-09-13T18:38:32Z INFO [269/361] c42b1f13-2941-4ade-8357-55a52e6f87de: 17 groups (HDF5, 23.7 MB; 1.1 s; peak memory 429 MiB)
2026-09-13T18:38:33Z INFO [270/361] c5143f97-9a27-418a-9e48-83fbb08557cc: 202 groups (HDF5, 105.8 MB; 0.9 s; peak memory 429 MiB)
2026-09-13T18:38:34Z INFO [271/361] c544e89a-b743-465d-b785-a1b33633acab: 33 groups (HDF5, 1.0 MB; 0.7 s; peak memory 429 MiB)
2026-09-13T18:38:34Z INFO [272/361] c628a691-971a-46f5-839f-a05ff14410e1: 22 groups (HDF5, 84.1 MB; 0.5 s; peak memory 429 MiB)
2026-09-13T18:38:35Z INFO [273/361] c67fe2f3-69e7-40ad-bf09-5d231fdcb8bd: 199 groups (HDF5, 119.5 MB; 1.1 s; peak memory 429 MiB)
2026-09-13T18:38:36Z INFO [274/361] c6a7f9af-35b8-4e54-b422-bd9767475e14: 22 groups (HDF5, 84.1 MB; 0.5 s; peak memory 429 MiB)
2026-09-13T18:38:36Z INFO [275/361] c7069034-3777-4272-940e-238ecd8c16d0: 22 groups (HDF5, 84.1 MB; 0.5 s; peak memory 429 MiB)
2026-09-13T18:38:37Z INFO [276/361] c7b05c4a-5eab-4159-bb28-1225e41aa04e: 200 groups (HDF5, 4.7 MB; 0.8 s; peak memory 429 MiB)
2026-09-13T18:38:39Z INFO [277/361] c8637a84-1fac-437f-9942-247a5fc21607: 50 groups (HDF5, 1337.8 MB; 1.6 s; peak memory 429 MiB)
2026-09-13T18:38:39Z INFO [278/361] c870570d-d3a7-474c-b571-5be92691934d: 30 groups (HDF5, 0.2 MB; 0.4 s; peak memory 429 MiB)
2026-09-13T18:38:40Z INFO [279/361] c906edd4-e073-44f3-a9bd-6779ffecb0c2: 22 groups (HDF5, 84.1 MB; 0.6 s; peak memory 429 MiB)
2026-09-13T18:38:40Z INFO [280/361] c9155ed8-e964-4d21-b079-31c240a0b801: 25 groups (HDF5, 20.2 MB; 0.6 s; peak memory 429 MiB)
2026-09-13T18:38:41Z INFO [281/361] c97a5934-b9ad-4e97-9bb0-a816bbfda11a: 28 groups (HDF5, 0.8 MB; 0.5 s; peak memory 429 MiB)
2026-09-13T18:38:41Z INFO [282/361] c9877420-91b3-4073-ac3f-f9e6dcd960ae: 253 groups (HDF5, 22.6 MB; 0.8 s; peak memory 429 MiB)
2026-09-13T18:38:42Z INFO [283/361] c9b7a76b-bff2-4800-a30c-9bcf63053ff4: 33 groups (HDF5, 1.7 MB; 0.7 s; peak memory 429 MiB)
2026-09-13T18:38:45Z INFO [284/361] cb654164-3293-4c6f-a927-a84ed364fc39: 57 groups (HDF5, 89.7 MB; 3.1 s; peak memory 429 MiB)
2026-09-13T18:38:46Z INFO [285/361] cca70342-567a-4105-97b6-8660ce82fd05: 22 groups (HDF5, 84.1 MB; 0.6 s; peak memory 429 MiB)
2026-09-13T18:38:49Z INFO [286/361] cdf2af64-6f3f-4c2e-b7ca-5899a2a2d2b2: 73 groups (HDF5, 244.4 MB; 2.8 s; peak memory 429 MiB)
2026-09-13T18:38:49Z INFO [287/361] cef90a71-90cc-4e08-9ab3-01a2b299551f: 22 groups (HDF5, 84.1 MB; 0.6 s; peak memory 429 MiB)
2026-09-13T18:38:50Z INFO [288/361] cf57707f-1f90-497d-b159-c5626a22ed55: 22 groups (HDF5, 84.1 MB; 0.6 s; peak memory 429 MiB)
2026-09-13T18:38:50Z INFO [289/361] cf6a24e1-e25a-4162-a661-72311fdf3e67: 32 groups (HDF5, 0.9 MB; 0.6 s; peak memory 429 MiB)
2026-09-13T18:38:54Z INFO [290/361] cf7fba85-150b-4ff7-9f4c-92895c2ce893: 181 groups (HDF5, 9.8 MB; 3.5 s; peak memory 429 MiB)
2026-09-13T18:38:54Z INFO [291/361] cfbfe238-c880-4815-8e2c-a4abf1c472d0: 32 groups (HDF5, 1.2 MB; 0.5 s; peak memory 429 MiB)
2026-09-13T18:38:55Z INFO [292/361] cfe81fa7-d7a4-4871-aa35-e039aafbac85: 32 groups (HDF5, 23.5 MB; 0.7 s; peak memory 429 MiB)
2026-09-13T18:39:00Z INFO [293/361] d032bd82-ab01-4b7c-bc78-e25aad4f5aaa: 64 groups (HDF5, 11537.7 MB; 4.8 s; peak memory 429 MiB)
2026-09-13T18:39:01Z INFO [294/361] d04f67a7-94f4-4a7b-84fa-c1c38b06c2d6: 35 groups (HDF5, 1.4 MB; 0.7 s; peak memory 429 MiB)
2026-09-13T18:39:02Z INFO [295/361] d23eec8b-1a91-478c-85df-c26d98f1d579: 201 groups (HDF5, 33.7 MB; 0.8 s; peak memory 429 MiB)
2026-09-13T18:39:02Z INFO [296/361] d259754c-b1a2-490e-9ca7-499b84a391d4: 32 groups (HDF5, 1.0 MB; 0.6 s; peak memory 429 MiB)
2026-09-13T18:39:09Z INFO [297/361] d2d2e21c-f98c-4dda-a328-c1a739f1f7fc: 17 groups (HDF5, 342.9 MB; 7.4 s; peak memory 429 MiB)
2026-09-13T18:39:10Z INFO [298/361] d377519e-fa51-4614-854f-c53186e597fb: 207 groups (HDF5, 2.8 MB; 0.8 s; peak memory 429 MiB)
2026-09-13T18:39:27Z INFO [299/361] d42355f4-51f1-4cff-a4ab-9070e0ae0452: 17 groups (HDF5, 1035.5 MB; 16.8 s; peak memory 429 MiB)
2026-09-13T18:39:28Z INFO [300/361] d466766d-ac35-4bc0-a3b5-5d591f664cac: 32 groups (HDF5, 1.2 MB; 0.7 s; peak memory 429 MiB)
2026-09-13T18:39:28Z INFO [301/361] d548d3c0-1f39-4df0-8b5b-a0e51d7536b6: 35 groups (HDF5, 1.3 MB; 0.6 s; peak memory 429 MiB)
2026-09-13T18:39:29Z INFO [302/361] d8763c14-7c9d-48d7-b683-971de64d00a4: 24 groups (HDF5, 0.7 MB; 0.5 s; peak memory 429 MiB)
2026-09-13T18:39:29Z INFO [303/361] d8764056-1c73-4587-9d1c-792a611bdb0f: 27 groups (HDF5, 0.2 MB; 0.4 s; peak memory 429 MiB)
2026-09-13T18:39:30Z INFO [304/361] d987a7a1-1851-4e4a-9881-7ac9a3910245: 22 groups (HDF5, 84.1 MB; 0.5 s; peak memory 429 MiB)
2026-09-13T18:39:33Z INFO [305/361] d9c8579d-d92f-46f5-ad36-83b88a0f9141: 204 groups (HDF5, 25.6 MB; 3.6 s; peak memory 429 MiB)
2026-09-13T18:39:34Z INFO [306/361] da122923-d4da-4f0f-9449-40f1d6ff46b9: 29 groups (HDF5, 10.0 MB; 0.6 s; peak memory 429 MiB)
2026-09-13T18:39:37Z INFO [307/361] db25c5f6-886f-464b-b4ac-52528be36f81: 140 groups (HDF5, 17.8 MB; 2.5 s; peak memory 429 MiB)
2026-09-13T18:39:37Z INFO [308/361] dc6c0d28-30c0-4861-8592-987cd1da1a86: 35 groups (HDF5, 1.0 MB; 0.7 s; peak memory 429 MiB)
2026-09-13T18:39:38Z INFO [309/361] ddf15ba2-69ce-4b14-b5ed-88db360fd7db: 22 groups (HDF5, 84.1 MB; 0.5 s; peak memory 429 MiB)
2026-09-13T18:39:40Z INFO [310/361] de5238a4-48c6-447d-857d-b2ec75222f46: 86 groups (HDF5, 12.4 MB; 1.8 s; peak memory 429 MiB)
2026-09-13T18:39:42Z INFO [311/361] de89892d-bbbe-434a-a075-9839030b5acb: 124 groups (HDF5, 22.1 MB; 2.7 s; peak memory 429 MiB)
2026-09-13T18:39:43Z INFO [312/361] de8ce511-211b-46d7-acf9-9110784e8522: 32 groups (HDF5, 1.1 MB; 0.6 s; peak memory 429 MiB)
2026-09-13T18:39:44Z INFO [313/361] dedca7a4-df82-42e3-93ec-64de07d5dcd6: 31 groups (HDF5, 643.0 MB; 0.9 s; peak memory 429 MiB)
2026-09-13T18:39:44Z INFO [314/361] dfb9ef2a-1ac8-49f7-b3c9-a712b1fee139: 22 groups (HDF5, 84.1 MB; 0.6 s; peak memory 429 MiB)
2026-09-13T18:39:45Z INFO [315/361] dff20e0f-d955-408f-9a35-f143826b393a: 41 groups (HDF5, 17.6 MB; 0.8 s; peak memory 429 MiB)
2026-09-13T18:39:46Z INFO [316/361] e02018ba-1b0d-4195-97d2-6164c679fa32: 36 groups (HDF5, 3001.6 MB; 0.7 s; peak memory 429 MiB)
2026-09-13T18:39:47Z INFO [317/361] e0963406-7861-4125-b5be-5b890fc73427: 48 groups (HDF5, 188.1 MB; 1.4 s; peak memory 429 MiB)
2026-09-13T18:39:48Z INFO [318/361] e1234e3f-4540-435b-a480-65d1fd8a0dbe: 103 groups (HDF5, 1.2 MB; 0.7 s; peak memory 429 MiB)
2026-09-13T18:39:49Z INFO [319/361] e15e4dbe-ad51-4b61-ad98-e792cd7e7079: 29 groups (HDF5, 10.0 MB; 0.5 s; peak memory 429 MiB)
2026-09-13T18:39:49Z INFO [320/361] e351da6e-8108-419e-92b6-ba24eebbe616: 32 groups (HDF5, 1.0 MB; 0.7 s; peak memory 429 MiB)
2026-09-13T18:39:50Z INFO [321/361] e3560e6a-77c7-4db9-a59a-6ee90d230516: 22 groups (HDF5, 84.1 MB; 0.5 s; peak memory 429 MiB)
2026-09-13T18:39:50Z INFO [322/361] e39702c3-51aa-4440-8dba-5c23d8f92f6d: 32 groups (HDF5, 1.2 MB; 0.7 s; peak memory 429 MiB)
2026-09-13T18:39:51Z INFO [323/361] e3cd4ab3-4130-4299-883d-8c394f93b5e9: 25 groups (HDF5, 16.3 MB; 0.6 s; peak memory 429 MiB)
2026-09-13T18:39:52Z INFO [324/361] e4eeb811-1c62-4d14-990c-27a4c8960276: 32 groups (HDF5, 1.3 MB; 0.7 s; peak memory 429 MiB)
2026-09-13T18:39:52Z INFO [325/361] e59dcfb9-d8a4-4f33-a062-f865b9e3dda0: 32 groups (HDF5, 1.4 MB; 0.6 s; peak memory 429 MiB)
2026-09-13T18:39:53Z INFO [326/361] e70300e5-76ed-419a-8a07-996bb83edea8: 22 groups (HDF5, 84.1 MB; 0.5 s; peak memory 429 MiB)
2026-09-13T18:39:54Z INFO [327/361] e705695b-61cb-49ab-8596-aa162ec6e362: 46 groups (HDF5, 17.5 MB; 1.0 s; peak memory 429 MiB)
2026-09-13T18:40:03Z INFO [328/361] e802ba1f-bec1-4d65-87f2-12fda3e69891: 87 groups (HDF5, 1125.1 MB; 9.3 s; peak memory 429 MiB)
2026-09-13T18:40:04Z INFO [329/361] e83232e5-3257-430a-ba3a-78f5c1459404: 28 groups (HDF5, 0.2 MB; 0.4 s; peak memory 429 MiB)
2026-09-13T18:40:37Z INFO [330/361] e867bd62-984d-40e6-8729-9b7b3073f642: 9059 groups (HDF5, 206.7 MB; 33.0 s; peak memory 429 MiB)
2026-09-13T18:40:37Z INFO [331/361] eab2d96d-aa11-4ca5-88f7-5ac7e3c43e54: 256 groups (HDF5, 0.9 MB; 0.7 s; peak memory 429 MiB)
2026-09-13T18:42:55Z INFO [332/361] eab70165-eda6-4ffc-aa8e-173d0189b470: 64 groups (HDF5, 39399.9 MB; 137.9 s; peak memory 429 MiB)
2026-09-13T18:42:56Z INFO [333/361] eba65036-cea9-4047-8981-6fae6aacb555: 22 groups (HDF5, 84.1 MB; 0.6 s; peak memory 429 MiB)
2026-09-13T18:42:56Z INFO [334/361] ebc44cc0-22ce-476c-a46a-e30024bfeaa6: 22 groups (HDF5, 84.1 MB; 0.5 s; peak memory 429 MiB)
2026-09-13T18:42:57Z INFO [335/361] ec383428-ab4a-42c2-8f4b-dd3d77b9eb2c: 341 groups (HDF5, 133.9 MB; 1.3 s; peak memory 429 MiB)
2026-09-13T18:42:58Z INFO [336/361] ee18bac9-10f0-442a-a7ac-7086bd5b06aa: 22 groups (HDF5, 84.1 MB; 0.5 s; peak memory 429 MiB)
2026-09-13T18:42:59Z INFO [337/361] f036ced1-3b9c-45ae-a80c-a1642229cfac: 32 groups (HDF5, 1.0 MB; 0.6 s; peak memory 429 MiB)
2026-09-13T18:42:59Z INFO [338/361] f041ff80-aef8-4939-8bca-c3d3641aa626: 17 groups (HDF5, 0.2 MB; 0.4 s; peak memory 429 MiB)
2026-09-13T18:43:05Z INFO [339/361] f1c362bc-ff4e-4efe-8949-2f509188e3a6: 76 groups (HDF5, 142.4 MB; 5.9 s; peak memory 429 MiB)
2026-09-13T18:43:06Z INFO [340/361] f24f0735-a79b-4ab0-a481-dc33ee1a7899: 32 groups (HDF5, 1.7 MB; 0.7 s; peak memory 429 MiB)
2026-09-13T18:43:09Z INFO [341/361] f28a62d1-1003-4a87-97c2-19309d8e70e7: 66 groups (HDF5, 815.5 MB; 3.7 s; peak memory 429 MiB)
2026-09-13T18:43:10Z INFO [342/361] f321f655-428f-45f8-8628-2d164ba7c791: 202 groups (HDF5, 0.9 MB; 0.7 s; peak memory 429 MiB)
2026-09-13T18:43:11Z INFO [343/361] f45722d1-885c-40ef-bb1c-da47d3f4c695: 24 groups (HDF5, 2.0 MB; 0.8 s; peak memory 429 MiB)
2026-09-13T18:43:12Z INFO [344/361] f545654c-a0f7-4512-9870-d84017d8053c: 206 groups (HDF5, 5.5 MB; 0.9 s; peak memory 429 MiB)
2026-09-13T18:43:13Z INFO [345/361] f5d74dc1-bff1-43de-965e-05cfb1308014: 33 groups (HDF5, 1.1 MB; 0.7 s; peak memory 429 MiB)
2026-09-13T18:43:16Z INFO [346/361] f5dbde9c-221c-406c-aa44-96d0c8cbd673: 181 groups (HDF5, 9.5 MB; 3.3 s; peak memory 429 MiB)
2026-09-13T18:43:16Z INFO [347/361] f752ecbf-dba2-46df-ba0f-0f71420848e2: 25 groups (HDF5, 6.5 MB; 0.6 s; peak memory 429 MiB)
2026-09-13T18:43:17Z INFO [348/361] f78928ee-d971-4cca-87be-51bb70476067: 22 groups (HDF5, 84.1 MB; 0.6 s; peak memory 429 MiB)
2026-09-13T18:43:18Z INFO [349/361] f80c1969-fae3-4c9a-934e-866bc24bc8f0: 22 groups (HDF5, 84.1 MB; 0.5 s; peak memory 429 MiB)
2026-09-13T18:43:18Z INFO [350/361] f8d53746-db60-4d8b-b2fc-030da9a0f76d: 35 groups (HDF5, 2.0 MB; 0.8 s; peak memory 429 MiB)
2026-09-13T18:43:19Z INFO [351/361] f9d45499-a0ff-4127-9640-7887f0b8d71c: 32 groups (HDF5, 1.2 MB; 0.7 s; peak memory 429 MiB)
2026-09-13T18:43:20Z INFO [352/361] fc2f7d05-e0d9-4191-883d-ed989f99b2e2: 29 groups (HDF5, 10.0 MB; 0.6 s; peak memory 429 MiB)
2026-09-13T18:43:20Z INFO [353/361] fc510d76-fa6c-44c0-a474-21cf14a25ea1: 35 groups (HDF5, 0.9 MB; 0.7 s; peak memory 429 MiB)
2026-09-13T18:43:31Z INFO [354/361] fc9a2062-ebe0-45a5-aba9-18fe20610cf4: 28 groups (HDF5, 35.4 MB; 10.1 s; peak memory 429 MiB)
2026-09-13T18:43:32Z INFO [355/361] fcd7cd65-6045-4d12-b1e2-5403300a4678: 52 groups (HDF5, 12.3 MB; 1.6 s; peak memory 429 MiB)
2026-09-13T18:43:34Z INFO [356/361] fd2d4ea4-20e7-4278-89b6-6c01685c4bcb: 17 groups (HDF5, 34.1 MB; 1.3 s; peak memory 429 MiB)
2026-09-13T18:43:37Z INFO [357/361] fdd771e4-534e-4efb-8b38-602dffe09dd7: 66 groups (HDF5, 851.5 MB; 3.8 s; peak memory 429 MiB)
2026-09-13T18:43:38Z INFO [358/361] fdd7b7cf-078c-4fdc-bee8-677467d75d18: 52 groups (HDF5, 1.0 MB; 0.7 s; peak memory 429 MiB)
2026-09-13T18:43:39Z INFO [359/361] ff7b8b30-8cfc-4f86-a250-92e3cf8243ac: 32 groups (HDF5, 1.3 MB; 0.7 s; peak memory 429 MiB)
2026-09-13T18:43:39Z INFO [360/361] ffc13c92-cd92-4e5b-a502-6bd414dddfaa: 26 groups (HDF5, 0.2 MB; 0.4 s; peak memory 429 MiB)
2026-09-13T18:43:40Z INFO [361/361] ffe0700f-4592-43ee-828d-9b931e8581d5: 32 groups (HDF5, 0.9 MB; 0.6 s; peak memory 429 MiB)
2026-09-13T18:43:40Z INFO Processed 361 content IDs in 20.5 min (peak memory 429 MiB).
