2026-09-24T15:58:39Z INFO Logging to /tmp/logs/update_2026-09-24T15-58-39Z.log.
2026-09-24T15:58:39Z INFO Update valid-nwb-file-to-number-of-groups (base directory /tmp).
2026-09-24T15:58:39Z INFO Processing 371 items (55798 already recorded).
2026-09-24T15:58:42Z INFO [1/371] 004dcca0-34c8-4b04-8229-bb49b3d00a29: 34 groups; 2.1 s; peak memory 98 MiB.
2026-09-24T15:58:44Z INFO [2/371] 00cec8b0-5164-4a3a-a02c-946d70edfb6b: 37 groups; 2.2 s; peak memory 100 MiB.
2026-09-24T15:58:46Z INFO [3/371] 018d6083-942f-4322-948a-5416034d58b0: 37 groups; 2.0 s; peak memory 101 MiB.
2026-09-24T15:58:48Z INFO [4/371] 019f7ec4-5618-4756-8fd4-f19708b07477: 37 groups; 2.0 s; peak memory 101 MiB.
2026-09-24T15:58:50Z INFO [5/371] 02a91933-a207-4f1f-828e-1884d7d1ca6d: 37 groups; 2.5 s; peak memory 101 MiB.
2026-09-24T15:58:52Z INFO [6/371] 02c7245a-55cc-4225-9a80-1763a746f953: 34 groups; 1.8 s; peak memory 101 MiB.
2026-09-24T15:58:54Z INFO [7/371] 0347b886-5145-4ff5-b921-7ddb454bbd7a: 37 groups; 2.2 s; peak memory 101 MiB.
2026-09-24T15:58:56Z INFO [8/371] 045e19bf-4aef-45d1-81ec-7f9ad0d28c62: 33 groups; 1.7 s; peak memory 102 MiB.
2026-09-24T15:58:58Z INFO [9/371] 05676ec9-7f1c-4840-8939-05161b45a42c: 33 groups; 1.7 s; peak memory 102 MiB.
2026-09-24T15:59:00Z INFO [10/371] 062eaefe-3055-4a5d-9558-32662cbc1f93: 36 groups; 2.0 s; peak memory 102 MiB.
2026-09-24T16:00:20Z INFO [11/371] 06a5808d-5e32-4eb4-be2e-67c9d09659d8: 27 groups; 80.6 s; peak memory 207 MiB.
2026-09-24T16:00:22Z INFO [12/371] 072c019d-53f2-4cc1-b181-ec9218dcf84d: 37 groups; 2.2 s; peak memory 207 MiB.
2026-09-24T16:00:24Z INFO [13/371] 0874236c-84ca-4a13-8c5a-00aea7f2dbbf: 32 groups; 1.9 s; peak memory 207 MiB.
2026-09-24T16:00:26Z INFO [14/371] 08d66869-7fa3-4e85-93dc-143a69068a57: 34 groups; 1.8 s; peak memory 207 MiB.
2026-09-24T16:00:28Z INFO [15/371] 091525e3-b436-4d91-b3ef-0bd761356383: 34 groups; 1.9 s; peak memory 207 MiB.
2026-09-24T16:00:30Z INFO [16/371] 09d932df-3e9d-4b8f-af27-95b57bea2495: 37 groups; 2.1 s; peak memory 208 MiB.
2026-09-24T16:00:32Z INFO [17/371] 0a61a66c-eafa-45eb-9f9d-5eca1dcf6e91: 36 groups; 2.1 s; peak memory 208 MiB.
2026-09-24T16:00:35Z INFO [18/371] 0a73ada3-fef1-4414-9aa5-41e6ec146645: 36 groups; 2.3 s; peak memory 208 MiB.
2026-09-24T16:00:36Z INFO [19/371] 0bbe4ddd-6289-4caa-8ad9-70bfc9f9bdc3: 36 groups; 2.0 s; peak memory 208 MiB.
2026-09-24T16:00:38Z INFO [20/371] 0bc50623-3a3d-4aac-a63b-09643095843c: 34 groups; 1.9 s; peak memory 209 MiB.
2026-09-24T16:00:41Z INFO [21/371] 0c2f9cb4-2971-450c-b5fe-6d105c2d387d: 36 groups; 2.4 s; peak memory 209 MiB.
2026-09-24T16:00:43Z INFO [22/371] 0c55c2b0-4277-47ea-94c1-3598a129cbd5: 37 groups; 2.7 s; peak memory 209 MiB.
2026-09-24T16:00:45Z INFO [23/371] 0ca67967-0dd6-4297-8206-bf3d0619b47e: 37 groups; 1.9 s; peak memory 209 MiB.
2026-09-24T16:00:47Z INFO [24/371] 0cc674f1-2ea7-483f-b709-f849f624b9c2: 34 groups; 1.7 s; peak memory 209 MiB.
2026-09-24T16:00:48Z INFO [25/371] 0ccdca3f-8e47-4108-b9e6-e63ab7b44eb6: 34 groups; 1.5 s; peak memory 209 MiB.
2026-09-24T16:00:51Z INFO [26/371] 0d72160e-3cf8-46e9-bd53-ee54e128f1ce: 37 groups; 2.3 s; peak memory 209 MiB.
2026-09-24T16:00:53Z INFO [27/371] 0d935ecf-80f5-44fe-be6d-298b7f163f29: 37 groups; 2.1 s; peak memory 209 MiB.
2026-09-24T16:00:56Z INFO [28/371] 0eea9aad-258e-4bb3-ad83-b2246152fedb: 37 groups; 2.6 s; peak memory 209 MiB.
2026-09-24T16:00:58Z INFO [29/371] 10c95fdd-42e2-45ae-87e6-8ab23f9a593b: 37 groups; 2.1 s; peak memory 209 MiB.
2026-09-24T16:01:00Z INFO [30/371] 11419b3b-99a0-4f1d-911b-b1bd47ebcf20: 36 groups; 2.0 s; peak memory 209 MiB.
2026-09-24T16:02:21Z INFO [31/371] 114cd714-9748-4a47-b13e-e71864c38adf: 27 groups; 81.2 s; peak memory 214 MiB.
2026-09-24T16:02:23Z INFO [32/371] 11b2f505-6fad-4e40-93c5-b3b2941688cd: 36 groups; 2.0 s; peak memory 214 MiB.
2026-09-24T16:02:25Z INFO [33/371] 11b943d7-94a2-44e6-a8e6-9eb21309cc63: 34 groups; 1.9 s; peak memory 214 MiB.
2026-09-24T16:02:26Z INFO [34/371] 126b6a50-5c5d-4a01-b179-52a68e81b586: 34 groups; 1.6 s; peak memory 214 MiB.
2026-09-24T16:02:27Z INFO [35/371] 128d6b9b-567e-49f3-be1d-d1ed9ed828ef: 255 groups; 1.2 s; peak memory 214 MiB.
2026-09-24T16:02:29Z INFO [36/371] 128e00f6-0769-4277-aaa4-ab9cf443110d: 35 groups; 1.5 s; peak memory 214 MiB.
2026-09-24T16:02:30Z INFO [37/371] 128eba19-f93e-4f73-b306-093b4dea676d: 16 groups; 0.8 s; peak memory 214 MiB.
2026-09-24T16:02:32Z INFO [38/371] 1290de9e-ff25-4534-8ad2-64908f9dcc4a: 37 groups; 2.0 s; peak memory 214 MiB.
2026-09-24T16:02:33Z INFO [39/371] 1291e0c0-22db-439a-b033-e3c77f02527f: 25 groups; 1.0 s; peak memory 214 MiB.
2026-09-24T16:02:34Z INFO [40/371] 1292574a-6ba9-4800-b6fb-e241db3f6833: 71 groups; 1.0 s; peak memory 214 MiB.
2026-09-24T16:02:35Z INFO [41/371] 1292d6c6-7ddc-442e-8dde-7b3d5235a3de: 35 groups; 1.3 s; peak memory 214 MiB.
2026-09-24T16:02:36Z INFO [42/371] 1292d6f5-5233-4410-86b0-e264efd93419: 33 groups; 1.4 s; peak memory 214 MiB.
2026-09-24T16:02:38Z INFO [43/371] 1292e86b-d3f9-4339-8db1-2d4f32991cb5: 32 groups; 1.2 s; peak memory 214 MiB.
2026-09-24T16:02:40Z INFO [44/371] 12937b49-7e20-4f1d-825c-e1a4c4845eea: 48 groups; 2.3 s; peak memory 215 MiB.
2026-09-24T16:02:41Z INFO [45/371] 129420b8-cc3c-4ee7-bebb-6263b92f417e: 32 groups; 1.5 s; peak memory 215 MiB.
2026-09-24T16:02:43Z INFO [46/371] 1294d09a-25be-4dc7-b1c6-f7de92a05c70: 33 groups; 1.3 s; peak memory 215 MiB.
2026-09-24T16:02:44Z INFO [47/371] 1294d69e-e19d-47b8-80a6-ce816f2df700: 194 groups; 1.3 s; peak memory 215 MiB.
2026-09-24T16:02:45Z INFO [48/371] 12974b9b-d644-4d93-a062-d93f83527331: 16 groups; 0.8 s; peak memory 215 MiB.
2026-09-24T16:02:46Z INFO [49/371] 129763d1-9fc7-4a67-86ea-ab736d01feaa: 22 groups; 1.1 s; peak memory 215 MiB.
2026-09-24T16:02:48Z INFO [50/371] 129862a4-b096-4c25-aa1f-2ab79ef5ea0b: 36 groups; 1.6 s; peak memory 215 MiB.
2026-09-24T16:02:48Z INFO [50/371] 129862a4-b096-4c25-aa1f-2ab79ef5ea0b: checkpointed 55848 records.
2026-09-24T16:03:26Z INFO [51/371] 12993b3c-8ee6-4f05-a7c9-78bfe1c156b5: 3548 groups; 38.3 s; peak memory 300 MiB.
2026-09-24T16:03:28Z INFO [52/371] 12995456-f6c0-455d-891c-37b9ebcf5cfe: 35 groups; 1.8 s; peak memory 300 MiB.
2026-09-24T16:03:29Z INFO [53/371] 12997001-0b2b-48c0-9385-3b1363974296: 25 groups; 1.3 s; peak memory 300 MiB.
2026-09-24T16:03:30Z INFO [54/371] 12998c30-8061-474d-8795-91c8761f9eed: 33 groups; 1.3 s; peak memory 300 MiB.
2026-09-24T16:03:40Z INFO [55/371] 1299e442-2bf9-44e8-96ea-5859793b42a6: 165 groups; 9.4 s; peak memory 300 MiB.
2026-09-24T16:03:41Z INFO [56/371] 129a6037-8f9c-4b9e-8059-69234e3f03ca: 30 groups; 1.5 s; peak memory 300 MiB.
2026-09-24T16:03:43Z INFO [57/371] 129aad8c-9462-4cec-8135-e2942ac22fc4: 35 groups; 2.0 s; peak memory 300 MiB.
2026-09-24T16:04:02Z INFO [58/371] 129aff73-56eb-4c5e-aa22-f529c53971de: 23 groups; 18.7 s; peak memory 300 MiB.
2026-09-24T16:04:10Z INFO [59/371] 129bb052-13cd-42f5-bf90-9b36bcf03d3c: 200 groups; 8.1 s; peak memory 300 MiB.
2026-09-24T16:04:13Z INFO [60/371] 129bdaf9-15c6-47f9-ac91-d062cb3271c4: 37 groups; 2.3 s; peak memory 300 MiB.
2026-09-24T16:04:14Z INFO [61/371] 129c0f12-95b4-4f59-aa7c-a09a69454b4f: 25 groups; 1.2 s; peak memory 300 MiB.
2026-09-24T16:04:15Z INFO [62/371] 129c8b2a-c7d2-4d75-a1e6-d0778cce4737: 254 groups; 1.4 s; peak memory 300 MiB.
2026-09-24T16:04:29Z INFO [63/371] 129cb6b3-4257-49a8-8545-c568c75d6ec2: 157 groups; 13.8 s; peak memory 300 MiB.
2026-09-24T16:04:30Z INFO [64/371] 129ccdd9-7656-4bd7-9804-1466256bf597: 22 groups; 1.0 s; peak memory 300 MiB.
2026-09-24T16:04:31Z INFO [65/371] 129d4d0d-25b7-464b-9502-00a13e39051f: 16 groups; 0.9 s; peak memory 300 MiB.
2026-09-24T16:04:44Z INFO [66/371] 129d6ec8-a060-474e-9d8c-a46048964c3d: 222 groups; 13.2 s; peak memory 300 MiB.
2026-09-24T16:04:47Z INFO [67/371] 129de5a2-ac65-4444-abf2-c6ea3e88485a: 71 groups; 2.6 s; peak memory 300 MiB.
2026-09-24T16:04:48Z INFO [68/371] 129e8555-fd09-4fd5-8e72-c4fc25e3def7: 22 groups; 1.3 s; peak memory 300 MiB.
2026-09-24T16:04:54Z INFO [69/371] 129ee20a-9d75-4606-bfa2-96a9f4c9c6ff: 181 groups; 6.6 s; peak memory 300 MiB.
2026-09-24T16:04:56Z INFO [70/371] 129ee71d-ad3d-435c-8bf2-69a73844dea2: 32 groups; 1.4 s; peak memory 300 MiB.
2026-09-24T16:04:57Z INFO [71/371] 129f48de-e32f-48ff-8edd-5e2787fe64cf: 30 groups; 1.0 s; peak memory 300 MiB.
2026-09-24T16:04:58Z INFO [72/371] 129f98b1-8839-4be5-84e3-281e7b8635fa: 22 groups; 1.1 s; peak memory 300 MiB.
2026-09-24T16:04:59Z INFO [73/371] 129fff6a-eb37-495d-b0c6-b5ec86005b58: 32 groups; 1.5 s; peak memory 300 MiB.
2026-09-24T16:05:01Z INFO [74/371] 12a0186b-397e-405f-9b80-62d99da2a44b: 43 groups; 1.8 s; peak memory 300 MiB.
2026-09-24T16:05:02Z INFO [75/371] 12a132be-1857-4ce2-8cc0-e62b9f6e2b81: 29 groups; 1.0 s; peak memory 300 MiB.
2026-09-24T16:05:04Z INFO [76/371] 12a16410-dec2-4ff2-8797-3237eb565a87: 32 groups; 1.4 s; peak memory 300 MiB.
2026-09-24T16:05:06Z INFO [77/371] 12a1dadf-6c40-47e7-b944-64f33fa6537d: 195 groups; 2.0 s; peak memory 300 MiB.
2026-09-24T16:05:13Z INFO [78/371] 12a36cde-665f-4088-9acd-23efeeba5f8f: 181 groups; 7.4 s; peak memory 300 MiB.
2026-09-24T16:05:14Z INFO [79/371] 12a4e53a-a249-4319-9c32-dca8010104a3: 103 groups; 1.3 s; peak memory 300 MiB.
2026-09-24T16:05:16Z INFO [80/371] 12a59932-8949-4623-9420-22721d97941e: 32 groups; 1.5 s; peak memory 300 MiB.
2026-09-24T16:05:17Z INFO [81/371] 12a64174-df72-4036-858e-088c4c0e1e0e: 32 groups; 1.4 s; peak memory 300 MiB.
2026-09-24T16:05:19Z INFO [82/371] 12a691e5-e1d4-40c7-bc6b-3c29e774953c: 35 groups; 1.7 s; peak memory 300 MiB.
2026-09-24T16:05:20Z INFO [83/371] 12a8b32c-126b-41a9-b342-1a6378f70fc3: 17 groups; 1.0 s; peak memory 300 MiB.
2026-09-24T16:05:21Z INFO [84/371] 12aa0956-d97b-4891-8db6-77efca1f318a: 255 groups; 1.4 s; peak memory 300 MiB.
2026-09-24T16:05:31Z INFO [85/371] 12abc2fe-e3df-443c-9e08-a4e3039fabdb: 153 groups; 9.6 s; peak memory 300 MiB.
2026-09-24T16:05:32Z INFO [86/371] 12ac7108-6393-4184-aeb4-d7765865d001: 19 groups; 1.1 s; peak memory 300 MiB.
2026-09-24T16:05:34Z INFO [87/371] 12acf638-e12c-4aef-97b7-4ff3d550157e: 195 groups; 1.7 s; peak memory 300 MiB.
2026-09-24T16:05:43Z INFO [88/371] 12ae8857-7225-4a8e-b8f7-e86e02e2739c: 123 groups; 9.3 s; peak memory 300 MiB.
2026-09-24T16:05:44Z INFO [89/371] 12aed46e-2823-49ae-80e2-7e4adf81d936: 18 groups; 0.9 s; peak memory 300 MiB.
2026-09-24T16:05:46Z INFO [90/371] 12af8d74-7815-4d42-a3e5-b40e6eb83a59: 35 groups; 1.6 s; peak memory 300 MiB.
2026-09-24T16:05:48Z INFO [91/371] 12afca9c-4bac-4ec4-a569-0615691b39b9: 55 groups; 2.7 s; peak memory 300 MiB.
2026-09-24T16:05:50Z INFO [92/371] 12afe951-e765-429d-82f9-66c297b51aa7: 33 groups; 1.6 s; peak memory 300 MiB.
2026-09-24T16:06:38Z INFO [93/371] 12b00315-e14e-4857-8887-e9c0510ac721: 26 groups; 47.9 s; peak memory 300 MiB.
2026-09-24T16:06:39Z INFO [94/371] 12b00d97-6abd-42a6-a7e9-d7f7fd56aaaa: 32 groups; 1.4 s; peak memory 300 MiB.
2026-09-24T16:06:41Z INFO [95/371] 12b04bdb-c339-438b-9c2d-94afa2c7f8da: 33 groups; 1.6 s; peak memory 300 MiB.
2026-09-24T16:06:42Z INFO [96/371] 12b19540-2df1-4a10-a131-90db4f3a03d4: 32 groups; 1.3 s; peak memory 300 MiB.
2026-09-24T16:06:44Z INFO [97/371] 12b1d616-4d7c-4709-9b89-f9fa6f1f266a: 259 groups; 1.9 s; peak memory 300 MiB.
2026-09-24T16:06:53Z INFO [98/371] 12b1dc16-4a01-4404-a412-21dfaaebc717: 116 groups; 8.6 s; peak memory 300 MiB.
2026-09-24T16:06:54Z INFO [99/371] 12b258f5-df3a-4550-a93a-574ddb125bb6: 25 groups; 1.4 s; peak memory 300 MiB.
2026-09-24T16:06:55Z INFO [100/371] 12b2de3b-865c-49f9-a1fd-9c89bfc090fa: 22 groups; 1.1 s; peak memory 300 MiB.
2026-09-24T16:06:55Z INFO [100/371] 12b2de3b-865c-49f9-a1fd-9c89bfc090fa: checkpointed 55898 records.
2026-09-24T16:06:58Z INFO [101/371] 12b36384-ec7c-4dee-9ad6-d31c191f2731: 50 groups; 3.2 s; peak memory 300 MiB.
2026-09-24T16:07:00Z INFO [102/371] 12b43d4b-166a-476a-91ac-24631be55d54: 32 groups; 1.2 s; peak memory 300 MiB.
2026-09-24T16:07:01Z INFO [103/371] 12b45946-5a82-40d1-9cdb-af789b7ff6fc: 103 groups; 1.5 s; peak memory 300 MiB.
2026-09-24T16:07:03Z INFO [104/371] 12b47ea2-3ff2-4068-a5ca-cb48868de0a6: 35 groups; 1.4 s; peak memory 300 MiB.
2026-09-24T16:07:04Z INFO [105/371] 12b48acc-3eb6-4aa3-8a5c-b9f6c1dcc20d: 22 groups; 1.1 s; peak memory 300 MiB.
2026-09-24T16:07:21Z INFO [106/371] 12b4aa27-b1ec-4a1e-bb26-9c21a335cbda: 23 groups; 17.3 s; peak memory 300 MiB.
2026-09-24T16:07:26Z INFO [107/371] 12b4daf8-657c-4466-9a27-e20edffae922: 509 groups; 5.4 s; peak memory 300 MiB.
2026-09-24T16:07:27Z INFO [108/371] 12b5bd8a-9a3a-4eba-8d6b-65c79476e861: 31 groups; 1.1 s; peak memory 300 MiB.
2026-09-24T16:07:29Z INFO [109/371] 12b60cf6-afd0-4ea2-82b2-9befae694db5: 32 groups; 1.4 s; peak memory 300 MiB.
2026-09-24T16:07:30Z INFO [110/371] 12b7b6a8-bf6f-4214-a963-36ee0a0ffbff: 16 groups; 0.8 s; peak memory 300 MiB.
2026-09-24T16:07:31Z INFO [111/371] 12b7c6be-ba8f-46b0-99ca-0278da077aa7: 22 groups; 1.2 s; peak memory 300 MiB.
2026-09-24T16:07:32Z INFO [112/371] 12b8092f-8a71-4bf3-bd81-1bbc726f4d4b: 22 groups; 1.1 s; peak memory 300 MiB.
2026-09-24T16:07:38Z INFO [113/371] 12bb0a4f-ff89-41f8-92e9-f8e6f4e94f5d: 67 groups; 6.2 s; peak memory 300 MiB.
2026-09-24T16:07:39Z INFO [114/371] 12bba5f5-88d4-495b-ba8a-57377aeb3248: 19 groups; 1.1 s; peak memory 300 MiB.
2026-09-24T16:07:41Z INFO [115/371] 12bcd538-749b-4072-9939-36a662dfa9b1: 33 groups; 1.4 s; peak memory 300 MiB.
2026-09-24T16:08:01Z INFO [116/371] 12bd530e-25f3-4b90-9a05-b5265c9bcfea: 2820 groups; 20.3 s; peak memory 300 MiB.
2026-09-24T16:08:02Z INFO [117/371] 12bd64f3-79a9-49a4-b3b4-35d3e28e6186: 22 groups; 1.2 s; peak memory 300 MiB.
2026-09-24T16:08:29Z INFO [118/371] 12bdb5b8-70a0-4261-87d1-e087ac489c87: 3127 groups; 26.9 s; peak memory 300 MiB.
2026-09-24T16:08:31Z INFO [119/371] 12bdc79f-153c-48ea-b652-12c6bade2cd0: 199 groups; 1.6 s; peak memory 300 MiB.
2026-09-24T16:08:33Z INFO [120/371] 12bdee17-a9ac-4d4a-afca-14ee65427348: 32 groups; 2.0 s; peak memory 300 MiB.
2026-09-24T16:08:34Z INFO [121/371] 12bdf99a-29e1-4f9a-8b7e-c76adfef42a5: 22 groups; 1.2 s; peak memory 300 MiB.
2026-09-24T16:08:35Z INFO [122/371] 12be4017-fe3a-4ff7-9a36-03fb09c76774: 22 groups; 1.2 s; peak memory 300 MiB.
2026-09-24T16:08:36Z INFO [123/371] 12be616e-1b83-4388-8283-736bbaff00b1: 21 groups; 1.3 s; peak memory 300 MiB.
2026-09-24T16:08:46Z INFO [124/371] 12bf7739-7e21-40ba-8df1-03cf2a90ffc0: 207 groups; 9.1 s; peak memory 300 MiB.
2026-09-24T16:08:47Z INFO [125/371] 12c1875d-23c5-4f55-90d4-bd3dbb3357e3: 22 groups; 1.2 s; peak memory 300 MiB.
2026-09-24T16:09:12Z INFO [126/371] 12c1a2e7-ae3a-45f1-988b-e20dcf712ba9: 218 groups; 25.0 s; peak memory 300 MiB.
2026-09-24T16:09:13Z INFO [127/371] 12c1ef84-b79c-4f26-bd43-a4120dcd50c9: 22 groups; 1.1 s; peak memory 300 MiB.
2026-09-24T16:09:15Z INFO [128/371] 12c48191-926e-4e83-a70c-ba319c3e0ed1: 48 groups; 2.2 s; peak memory 300 MiB.
2026-09-24T16:09:16Z INFO [129/371] 12c4932f-32d9-4f87-b9b3-ee8f59828554: 22 groups; 1.1 s; peak memory 300 MiB.
2026-09-24T16:09:18Z INFO [130/371] 12c516b2-8fe3-4f31-8973-dd0032645137: 20 groups; 1.4 s; peak memory 300 MiB.
2026-09-24T16:09:19Z INFO [131/371] 12c551f8-d824-433c-97c8-5fb86cef2584: 35 groups; 1.5 s; peak memory 300 MiB.
2026-09-24T16:09:21Z INFO [132/371] 12c57e7b-9832-4f5a-b45a-f399ec28b1e4: 32 groups; 1.5 s; peak memory 300 MiB.
2026-09-24T16:09:22Z INFO [133/371] 12c5e3da-c0a9-4288-b1ea-0d36af4f0171: 29 groups; 0.9 s; peak memory 300 MiB.
2026-09-24T16:09:23Z INFO [134/371] 12c6d455-18d3-41d9-b16b-c4bebaba874d: 29 groups; 1.3 s; peak memory 300 MiB.
2026-09-24T16:09:24Z INFO [135/371] 12c6d862-080c-420a-af1f-66aad06293fc: 32 groups; 1.3 s; peak memory 300 MiB.
2026-09-24T16:09:25Z INFO [136/371] 12c70ee6-f562-4093-9ba8-63cfd1859179: 22 groups; 1.1 s; peak memory 300 MiB.
2026-09-24T16:09:27Z INFO [137/371] 12c806dd-bbe0-4733-acd9-0cdd3719df2f: 32 groups; 1.4 s; peak memory 300 MiB.
2026-09-24T16:09:28Z INFO [138/371] 12c87de7-bc37-4e50-bd5d-1013835678fa: 16 groups; 0.8 s; peak memory 300 MiB.
2026-09-24T16:09:29Z INFO [139/371] 12c92aa1-f07a-49c0-8b2f-151a5bbc2bc2: 32 groups; 1.5 s; peak memory 300 MiB.
2026-09-24T16:09:30Z INFO [140/371] 12c99230-73c2-40a8-ba72-c517e77b8eb0: 36 groups; 1.3 s; peak memory 300 MiB.
2026-09-24T16:09:31Z INFO [141/371] 12c9b46b-09bb-42e9-b101-d3e4050100de: 32 groups; 1.2 s; peak memory 300 MiB.
2026-09-24T16:09:33Z INFO [142/371] 12c9d898-79ba-40e9-8287-f1eae4e5aec7: 22 groups; 1.1 s; peak memory 300 MiB.
2026-09-24T16:09:51Z INFO [143/371] 12ca12c6-1b15-442c-98c2-24cbfff86327: 235 groups; 18.3 s; peak memory 300 MiB.
2026-09-24T16:10:10Z INFO [144/371] 12ca7689-5383-44a5-a876-23d6b06993fa: 23 groups; 19.4 s; peak memory 300 MiB.
2026-09-24T16:10:11Z INFO [145/371] 12ca9145-1f4e-4031-872a-13a911468979: 22 groups; 1.1 s; peak memory 300 MiB.
2026-09-24T16:10:13Z INFO [146/371] 12cb1c42-8ea5-4baf-94fd-9f595aa13ef3: 18 groups; 1.1 s; peak memory 300 MiB.
2026-09-24T16:10:14Z INFO [147/371] 12cbb7d0-819c-45f1-b474-bf1b64fcdb2c: 41 groups; 1.5 s; peak memory 300 MiB.
2026-09-24T16:10:17Z INFO [148/371] 12cbc261-75ed-48e3-b35f-d96477a7561b: 49 groups; 3.0 s; peak memory 300 MiB.
2026-09-24T16:10:19Z INFO [149/371] 12cbc77f-40c0-481d-ab97-0e94b00341bf: 32 groups; 1.5 s; peak memory 300 MiB.
2026-09-24T16:10:20Z INFO [150/371] 12cc990c-02cc-41e0-96b9-f7dab58a8fa5: 22 groups; 1.0 s; peak memory 300 MiB.
2026-09-24T16:10:20Z INFO [150/371] 12cc990c-02cc-41e0-96b9-f7dab58a8fa5: checkpointed 55948 records.
2026-09-24T16:10:21Z INFO [151/371] 12cca1fc-d55c-4de3-9713-782342706c2f: 253 groups; 1.5 s; peak memory 300 MiB.
2026-09-24T16:10:23Z INFO [152/371] 12cdd38a-d738-4201-920f-5f939087b2c4: 48 groups; 2.3 s; peak memory 300 MiB.
2026-09-24T16:10:45Z INFO [153/371] 12ce0264-2ee1-4104-a9dd-ac0f148ba059: 34 groups; 21.8 s; peak memory 300 MiB.
2026-09-24T16:10:47Z INFO [154/371] 12ceb313-e880-4cad-bc23-548eb32e9d0c: 252 groups; 1.5 s; peak memory 300 MiB.
2026-09-24T16:10:48Z INFO [155/371] 12cf3e0b-8c11-4b63-8140-69b2ac5e6066: 32 groups; 1.3 s; peak memory 300 MiB.
2026-09-24T16:10:53Z INFO [156/371] 12d08f77-07ed-4b9e-936c-b5c31a4ff21f: 71 groups; 5.5 s; peak memory 300 MiB.
2026-09-24T16:10:55Z INFO [157/371] 12d0cb6f-1cc2-4358-be69-439b9817c0a1: 35 groups; 1.6 s; peak memory 300 MiB.
2026-09-24T16:10:58Z INFO [158/371] 12d0e467-8eae-483f-b4aa-13e59646c177: 50 groups; 3.1 s; peak memory 300 MiB.
2026-09-24T16:10:59Z INFO [159/371] 12d2cac3-ae00-432e-959c-e7fc04e718c7: 22 groups; 0.9 s; peak memory 300 MiB.
2026-09-24T16:11:05Z INFO [160/371] 12d30258-a0d3-40b6-8259-3c1459b4f467: 155 groups; 5.8 s; peak memory 300 MiB.
2026-09-24T16:11:11Z INFO [161/371] 12d3ca17-e4d7-446f-8f98-d65bbdcb4e8f: 85 groups; 6.3 s; peak memory 300 MiB.
2026-09-24T16:11:13Z INFO [162/371] 12d3e591-ed27-4b78-8dc9-3b5bcfa74372: 35 groups; 1.5 s; peak memory 300 MiB.
2026-09-24T16:11:14Z INFO [163/371] 12d4beb6-4236-4174-95b8-853c5e0d3d2f: 32 groups; 1.4 s; peak memory 300 MiB.
2026-09-24T16:11:15Z INFO [164/371] 12d4cba8-1f84-4a51-82af-175542cf541e: 22 groups; 1.1 s; peak memory 300 MiB.
2026-09-24T16:11:16Z INFO [165/371] 12d5aff7-6fcd-404d-bb63-e8d9b54ec532: 22 groups; 1.1 s; peak memory 300 MiB.
2026-09-24T16:11:17Z INFO [166/371] 12d5d0a7-b3e9-4294-9bd4-02c968f54230: 22 groups; 1.1 s; peak memory 300 MiB.
2026-09-24T16:11:18Z INFO [167/371] 12d60adb-02ee-44ee-8368-f5837b929562: 22 groups; 1.2 s; peak memory 300 MiB.
2026-09-24T16:11:19Z INFO [168/371] 12d7d4b4-32d6-4044-99a2-da1c04dd13e8: 22 groups; 1.0 s; peak memory 300 MiB.
2026-09-24T16:11:21Z INFO [169/371] 12d82f30-a07f-4206-a0ce-fffcd3046a4d: 33 groups; 1.2 s; peak memory 300 MiB.
2026-09-24T16:11:22Z INFO [170/371] 12d8d8f4-3f99-4df6-8f4c-ccd4436ad486: 24 groups; 1.0 s; peak memory 300 MiB.
2026-09-24T16:11:23Z INFO [171/371] 12d8f75c-7ac6-43f1-8fbd-4570c66692e4: 206 groups; 1.7 s; peak memory 300 MiB.
2026-09-24T16:11:24Z INFO [172/371] 12d95e48-b757-4137-afbe-9578c60814d5: 30 groups; 0.9 s; peak memory 300 MiB.
2026-09-24T16:11:25Z INFO [173/371] 12d970ae-a1d9-41f0-8965-5923a94b87b5: 30 groups; 0.9 s; peak memory 300 MiB.
2026-09-24T16:11:34Z INFO [174/371] 12d990ac-b455-4765-917d-c94928b891e8: 164 groups; 8.8 s; peak memory 300 MiB.
2026-09-24T16:11:35Z INFO [175/371] 12d9a655-eee7-4889-982d-f4dd2e025f9a: 32 groups; 1.3 s; peak memory 300 MiB.
2026-09-24T16:11:37Z INFO [176/371] 12d9bf54-3f58-4030-8969-8e7fbbbaec9b: 194 groups; 1.4 s; peak memory 300 MiB.
2026-09-24T16:11:38Z INFO [177/371] 12dab1ed-d0e5-4175-b58f-b39ab441c8a0: 32 groups; 1.3 s; peak memory 300 MiB.
2026-09-24T16:13:32Z INFO [178/371] 12db1ebb-80a8-4aac-bf5e-9f655fdf10f5: 69 groups; 113.5 s; peak memory 305 MiB.
2026-09-24T16:13:33Z INFO [179/371] 12db715a-91bc-41eb-8da5-923eece2ae99: 31 groups; 0.9 s; peak memory 305 MiB.
2026-09-24T16:13:33Z INFO [180/371] 12db71e8-56a7-463b-8815-f0b31d29d92d: 28 groups; 0.9 s; peak memory 305 MiB.
2026-09-24T16:16:43Z INFO [181/371] 12dbd229-ae3e-414e-93e1-10aeb37738b2: 42 groups; 189.4 s; peak memory 1296 MiB.
2026-09-24T16:16:44Z INFO [182/371] 12dbe7db-2fe0-405b-b074-09202c6eb281: 22 groups; 1.2 s; peak memory 1296 MiB.
2026-09-24T16:16:45Z INFO [183/371] 12dcf14a-3cc2-409f-be6a-b8744cc9e7b4: 22 groups; 1.1 s; peak memory 1296 MiB.
2026-09-24T16:16:46Z INFO [184/371] 12dcfa8f-4b3b-4cc4-bc1b-6d757be513cc: 22 groups; 1.2 s; peak memory 1296 MiB.
2026-09-24T16:16:47Z INFO [185/371] 12dd9c36-8c30-43fb-81ee-742e55a72cc2: 22 groups; 1.1 s; peak memory 1296 MiB.
2026-09-24T16:16:49Z INFO [186/371] 12ddef33-ddb5-4e0e-aae8-3ed4b36698e7: 202 groups; 1.6 s; peak memory 1296 MiB.
2026-09-24T16:16:50Z INFO [187/371] 12dec722-5554-4e2e-927c-5af6d7744c51: 32 groups; 1.3 s; peak memory 1296 MiB.
2026-09-24T16:16:56Z INFO [188/371] 12df81a3-e54a-41a8-98c8-208511598ef8: 78 groups; 5.4 s; peak memory 1296 MiB.
2026-09-24T16:16:57Z INFO [189/371] 12dfae21-2eae-41e6-bad2-c8b6a0b71422: 52 groups; 1.2 s; peak memory 1296 MiB.
2026-09-24T16:17:06Z INFO [190/371] 12dfb0fc-2f48-4de1-814a-c02fc020abf0: 153 groups; 8.8 s; peak memory 1296 MiB.
2026-09-24T16:17:07Z INFO [191/371] 12dfee6c-d761-4b2b-8ee8-50d0bca638a4: 32 groups; 1.6 s; peak memory 1296 MiB.
2026-09-24T16:17:26Z INFO [192/371] 12e0a306-488b-4b18-9674-576659f6b2b9: 157 groups; 18.7 s; peak memory 1296 MiB.
2026-09-24T16:17:27Z INFO [193/371] 12e1216d-801f-484c-aa11-7fbbb07c2d7e: 29 groups; 1.2 s; peak memory 1296 MiB.
2026-09-24T16:17:30Z INFO [194/371] 12e18b86-4066-4d34-9aac-30f8dd3f4a9a: 61 groups; 3.1 s; peak memory 1296 MiB.
2026-09-24T16:17:32Z INFO [195/371] 12e22d83-3d0d-434e-b954-be11646fe8d4: 67 groups; 1.3 s; peak memory 1296 MiB.
2026-09-24T16:17:33Z INFO [196/371] 12e41cdb-ec2a-487e-ada8-b9411fca7aaf: 22 groups; 1.1 s; peak memory 1296 MiB.
2026-09-24T16:17:34Z INFO [197/371] 12e5fd78-b3a1-445e-815a-58785b602117: 22 groups; 1.2 s; peak memory 1296 MiB.
2026-09-24T16:17:35Z INFO [198/371] 12e79104-b741-41d2-a86c-ca4812bb4834: 22 groups; 1.1 s; peak memory 1296 MiB.
2026-09-24T16:17:36Z INFO [199/371] 12e7e4b5-a30e-42a6-bcbd-11a04ac2377b: 21 groups; 1.3 s; peak memory 1296 MiB.
2026-09-24T16:17:38Z INFO [200/371] 12e8bcbd-371c-4313-9384-65f35070b21c: 33 groups; 1.5 s; peak memory 1296 MiB.
2026-09-24T16:17:38Z INFO [200/371] 12e8bcbd-371c-4313-9384-65f35070b21c: checkpointed 55998 records.
2026-09-24T16:17:40Z INFO [201/371] 12e979b1-351b-48f1-8f35-ca86017b530a: 202 groups; 1.6 s; peak memory 1296 MiB.
2026-09-24T16:17:41Z INFO [202/371] 12ebbc85-238b-4e03-8a11-bdaa1643c281: 22 groups; 1.2 s; peak memory 1296 MiB.
2026-09-24T16:17:44Z INFO [203/371] 12eccafa-59f1-4cc5-8b4e-f09d2514b257: 17 groups; 2.7 s; peak memory 1296 MiB.
2026-09-24T16:17:45Z INFO [204/371] 12ed0331-b865-48cd-abfe-5c8ff46f18dd: 32 groups; 1.4 s; peak memory 1296 MiB.
2026-09-24T16:17:46Z INFO [205/371] 12ed9edc-acf6-45c2-a0e9-3c7685cdddf0: 22 groups; 1.2 s; peak memory 1296 MiB.
2026-09-24T16:17:47Z INFO [206/371] 12edf36c-7632-4d2b-ad8b-e15508ab6774: 22 groups; 1.1 s; peak memory 1296 MiB.
2026-09-24T16:17:49Z INFO [207/371] 12ee19dd-43c0-4b31-a204-e26cba25fd56: 199 groups; 1.9 s; peak memory 1296 MiB.
2026-09-24T16:17:50Z INFO [208/371] 12ee4e38-5d09-40b8-befc-f14c8fe5eb9b: 22 groups; 1.1 s; peak memory 1296 MiB.
2026-09-24T16:17:52Z INFO [209/371] 12ef92fb-a9ea-4d81-aa8b-466ba7438bde: 35 groups; 1.6 s; peak memory 1296 MiB.
2026-09-24T16:17:58Z INFO [210/371] 12ef9580-6a79-4372-bbb1-bb1a124fab78: 233 groups; 6.1 s; peak memory 1296 MiB.
2026-09-24T16:17:59Z INFO [211/371] 12f031d5-e632-4bbe-b0d9-712b22640c83: 27 groups; 1.4 s; peak memory 1296 MiB.
2026-09-24T16:18:03Z INFO [212/371] 12f05416-cfeb-4c88-9b4a-54ab433a7b98: 451 groups; 3.5 s; peak memory 1296 MiB.
2026-09-24T16:18:12Z INFO [213/371] 12f05d53-fa5a-42f1-9cc5-a53ef91b0234: 50 groups; 8.8 s; peak memory 1296 MiB.
2026-09-24T16:18:14Z INFO [214/371] 12f0fcf4-0b16-40be-a92f-2fac5c2d9d9e: 35 groups; 1.7 s; peak memory 1296 MiB.
2026-09-24T16:18:15Z INFO [215/371] 12f19e1f-ea86-4591-97cd-a483248f0006: 35 groups; 1.5 s; peak memory 1296 MiB.
2026-09-24T16:18:17Z INFO [216/371] 12f23c6d-a963-4b8e-aab1-c8c0b2e038a5: 196 groups; 1.5 s; peak memory 1296 MiB.
2026-09-24T16:18:24Z INFO [217/371] 12f2c85f-4736-4bda-a3b5-da250b7f1443: 741 groups; 7.1 s; peak memory 1296 MiB.
2026-09-24T16:18:27Z INFO [218/371] 12f2f5c1-d9a7-49d3-a503-1ee98a61e2f0: 50 groups; 3.2 s; peak memory 1296 MiB.
2026-09-24T16:18:28Z INFO [219/371] 12f3394f-99ca-4491-8ae7-76936ce909f0: 30 groups; 0.9 s; peak memory 1296 MiB.
2026-09-24T16:18:29Z INFO [220/371] 12f35049-dba2-4eb4-946d-bedcee159d24: 30 groups; 1.0 s; peak memory 1296 MiB.
2026-09-24T16:18:30Z INFO [221/371] 12f40e2a-a5e5-4c48-b0c3-d9b771483edd: 35 groups; 1.7 s; peak memory 1296 MiB.
2026-09-24T16:18:32Z INFO [222/371] 12f45320-d344-4167-b6be-c1aae8729988: 22 groups; 1.1 s; peak memory 1296 MiB.
2026-09-24T16:18:40Z INFO [223/371] 12f455ae-4577-4d7c-96d1-4dc293b9fbf3: 123 groups; 8.2 s; peak memory 1296 MiB.
2026-09-24T16:18:57Z INFO [224/371] 12f56c37-9d1c-4bbb-8fda-e14d9f4368ba: 23 groups; 17.3 s; peak memory 1296 MiB.
2026-09-24T16:18:58Z INFO [225/371] 12f5fce7-ba75-48a0-a19f-510b584974ca: 18 groups; 1.1 s; peak memory 1296 MiB.
2026-09-24T16:18:59Z INFO [226/371] 12f70657-8e3f-473c-9ceb-edbc2494fe41: 21 groups; 1.1 s; peak memory 1296 MiB.
2026-09-24T16:19:02Z INFO [227/371] 12f719d4-db34-4e8d-83b5-355f5e85f65e: 48 groups; 2.4 s; peak memory 1296 MiB.
2026-09-24T16:19:22Z INFO [228/371] 12f74299-07c2-42cd-97c2-4bdea622be61: 157 groups; 20.3 s; peak memory 1296 MiB.
2026-09-24T16:19:29Z INFO [229/371] 12f7f15b-c0bc-4048-9660-313cb62ad026: 181 groups; 6.7 s; peak memory 1296 MiB.
2026-09-24T16:19:30Z INFO [230/371] 12f826d9-a8c6-4c41-8937-b00853ea3e82: 16 groups; 0.9 s; peak memory 1296 MiB.
2026-09-24T16:19:31Z INFO [231/371] 12f84855-a429-451c-8b3d-6b7f7337f474: 256 groups; 1.4 s; peak memory 1296 MiB.
2026-09-24T16:19:33Z INFO [232/371] 12f8ba27-e078-4ba7-af00-9610bcad414a: 35 groups; 1.7 s; peak memory 1296 MiB.
2026-09-24T16:19:35Z INFO [233/371] 12f9ebfc-c654-46a3-b127-fb7e184ed872: 35 groups; 1.8 s; peak memory 1296 MiB.
2026-09-24T16:19:36Z INFO [234/371] 12fb26c2-42c8-45a1-b133-faff685499f6: 31 groups; 1.1 s; peak memory 1296 MiB.
2026-09-24T16:19:37Z INFO [235/371] 12fb31b8-a9c7-4194-9dc8-98f66cbd92b5: 17 groups; 1.0 s; peak memory 1296 MiB.
2026-09-24T16:19:38Z INFO [236/371] 12fc6093-2f0d-461c-be17-f90b929ca522: 25 groups; 1.4 s; peak memory 1296 MiB.
2026-09-24T16:19:40Z INFO [237/371] 12fc74c7-50aa-40fa-b44c-bcf0e82bcc07: 49 groups; 1.9 s; peak memory 1296 MiB.
2026-09-24T16:19:41Z INFO [238/371] 12fee79a-ed83-4ea8-9228-d9a8a539fad3: 22 groups; 1.0 s; peak memory 1296 MiB.
2026-09-24T16:19:49Z INFO [239/371] 12ffdce1-a7ad-4cb9-a0fd-87e2bbe9dc9e: 22 groups; 7.6 s; peak memory 1296 MiB.
2026-09-24T16:19:51Z INFO [240/371] 12ffe5dd-6ff5-445e-a8ec-03acc79105cb: 207 groups; 2.1 s; peak memory 1296 MiB.
2026-09-24T16:19:53Z INFO [241/371] 12ffe6a1-e7b7-44c3-9aec-1496b80b38d9: 48 groups; 2.7 s; peak memory 1296 MiB.
2026-09-24T16:19:55Z INFO [242/371] 12ffe6b7-0023-46cf-8dde-46ec29ee8e99: 39 groups; 1.8 s; peak memory 1296 MiB.
2026-09-24T16:19:58Z INFO [243/371] 12ffed92-2cab-4d30-bf45-6a1d6a5002b2: 60 groups; 2.7 s; peak memory 1296 MiB.
2026-09-24T16:20:00Z INFO [244/371] 130001a7-d970-48cc-9899-05b9437806d6: 202 groups; 2.0 s; peak memory 1296 MiB.
2026-09-24T16:20:02Z INFO [245/371] 13000e39-6ec6-48e1-86f2-bca82ea8c778: 35 groups; 1.7 s; peak memory 1296 MiB.
2026-09-24T16:20:03Z INFO [246/371] 1302646c-1c56-4cc0-be83-caa6838a6715: 22 groups; 1.0 s; peak memory 1296 MiB.
2026-09-24T16:20:04Z INFO [247/371] 1302882a-e449-4b68-b48a-c3a43ab08633: 41 groups; 1.1 s; peak memory 1296 MiB.
2026-09-24T16:20:05Z INFO [248/371] 1302e650-d44c-431b-8e80-9210a43bccbc: 22 groups; 1.2 s; peak memory 1296 MiB.
2026-09-24T16:20:25Z INFO [249/371] 13046f00-798d-4066-aa0c-b788a87b1fc5: 420 groups; 19.9 s; peak memory 1296 MiB.
2026-09-24T16:20:26Z INFO [250/371] 13049077-ac4a-4ed9-90d7-ac9516bfe020: 256 groups; 1.5 s; peak memory 1296 MiB.
2026-09-24T16:20:26Z INFO [250/371] 13049077-ac4a-4ed9-90d7-ac9516bfe020: checkpointed 56048 records.
2026-09-24T16:20:29Z INFO [251/371] 13049d47-d2a7-4dbe-9b51-25b7c6da1012: 336 groups; 2.8 s; peak memory 1296 MiB.
2026-09-24T16:20:32Z INFO [252/371] 1304a1f4-deac-4e6a-b53e-e1d788f0631c: 56 groups; 3.0 s; peak memory 1296 MiB.
2026-09-24T16:20:34Z INFO [253/371] 1304e5f7-dbcc-4f35-86b5-ddaf2a820f21: 35 groups; 2.2 s; peak memory 1296 MiB.
2026-09-24T16:20:37Z INFO [254/371] 13062a45-8833-4e79-939c-1fe893750b6c: 49 groups; 3.0 s; peak memory 1296 MiB.
2026-09-24T16:20:39Z INFO [255/371] 1307f2ed-e99a-4977-996f-255a7d2cb85f: 32 groups; 1.4 s; peak memory 1296 MiB.
2026-09-24T16:20:41Z INFO [256/371] 1308070c-b622-4e4c-830b-2e0bc46eccd5: 337 groups; 1.7 s; peak memory 1296 MiB.
2026-09-24T16:20:42Z INFO [257/371] 130982a2-b2b1-48fc-a712-45c0804ad55f: 17 groups; 0.9 s; peak memory 1296 MiB.
2026-09-24T16:20:43Z INFO [258/371] 1309ece1-9d93-4f3a-af21-fec53d48ce2f: 43 groups; 1.3 s; peak memory 1296 MiB.
2026-09-24T16:20:44Z INFO [259/371] 130a84af-f5ee-44aa-a9f7-b9b5b501f557: 22 groups; 1.1 s; peak memory 1296 MiB.
2026-09-24T16:20:46Z INFO [260/371] 130abe3a-4556-4777-abf7-3129bcbde3ce: 194 groups; 1.5 s; peak memory 1296 MiB.
2026-09-24T16:20:47Z INFO [261/371] 130b1b22-cea1-4a65-bf9b-c43d0c4cf856: 32 groups; 1.4 s; peak memory 1296 MiB.
2026-09-24T16:20:48Z INFO [262/371] 130bdfc3-5029-4a29-815f-bfe5a1061041: 194 groups; 1.4 s; peak memory 1296 MiB.
2026-09-24T16:20:51Z INFO [263/371] 130c6bf2-4591-4ce9-8ada-76eb7d8f3711: 49 groups; 3.0 s; peak memory 1296 MiB.
2026-09-24T16:20:54Z INFO [264/371] 130d2405-4d91-48fe-bb20-277c316b95f3: 43 groups; 2.7 s; peak memory 1296 MiB.
2026-09-24T16:20:56Z INFO [265/371] 130d2d5b-0a99-4d26-82e1-156312ca4a55: 33 groups; 1.5 s; peak memory 1296 MiB.
2026-09-24T16:20:57Z INFO [266/371] 130d5aa5-62a4-4cde-9077-01ff0ff50610: 71 groups; 1.1 s; peak memory 1296 MiB.
2026-09-24T16:20:58Z INFO [267/371] 130dbebc-58cf-4d19-b977-6c9ed9555ec7: 48 groups; 1.8 s; peak memory 1296 MiB.
2026-09-24T16:21:08Z INFO [268/371] 130ee92e-851c-498c-a84d-06556389f5f8: 22 groups; 9.5 s; peak memory 1296 MiB.
2026-09-24T16:21:09Z INFO [269/371] 130f32f7-09a3-4186-b7fe-5a741666be82: 16 groups; 1.2 s; peak memory 1296 MiB.
2026-09-24T16:21:11Z INFO [270/371] 130f8426-28fa-4e25-822b-76dc78999569: 32 groups; 1.4 s; peak memory 1296 MiB.
2026-09-24T16:21:12Z INFO [271/371] 130fcca2-2680-4116-b2b3-5c9da671cf82: 34 groups; 1.9 s; peak memory 1296 MiB.
2026-09-24T16:21:16Z INFO [272/371] 130ff2ec-5d4d-4ea7-8af8-1ee202267554: 50 groups; 3.2 s; peak memory 1296 MiB.
2026-09-24T16:21:17Z INFO [273/371] 13110cb6-def4-49eb-984a-d5a3b3904f3f: 25 groups; 1.3 s; peak memory 1296 MiB.
2026-09-24T16:21:22Z INFO [274/371] 1311a519-c43d-484b-b5e5-a7c996475368: 22 groups; 4.6 s; peak memory 1296 MiB.
2026-09-24T16:21:23Z INFO [275/371] 1311aa58-fb5f-42cd-9723-89e03532921a: 32 groups; 1.3 s; peak memory 1296 MiB.
2026-09-24T16:23:17Z INFO [276/371] 1311b285-efa3-454e-8c22-d02c50b02ffe: 60 groups; 113.9 s; peak memory 1296 MiB.
2026-09-24T16:23:18Z INFO [277/371] 13124ff4-b292-4edf-acbd-aaeedc18252a: 194 groups; 1.6 s; peak memory 1296 MiB.
2026-09-24T16:23:20Z INFO [278/371] 1312da9d-132e-4733-a03f-1d8d2f822da7: 22 groups; 1.2 s; peak memory 1296 MiB.
2026-09-24T16:23:21Z INFO [279/371] 1312dfc4-6a32-4a11-847b-199e8a5ea08e: 22 groups; 1.0 s; peak memory 1296 MiB.
2026-09-24T16:23:39Z INFO [280/371] 1312e72f-5b4f-40a2-9b68-b30441e6f5e2: 37 groups; 18.3 s; peak memory 1296 MiB.
2026-09-24T16:23:40Z INFO [281/371] 1313989f-22b0-4d80-aecd-766a7eba7d18: 22 groups; 1.2 s; peak memory 1296 MiB.
2026-09-24T16:23:41Z INFO [282/371] 1313afb6-b54e-48e1-8b7a-fae3228a07bc: 25 groups; 1.3 s; peak memory 1296 MiB.
2026-09-24T16:23:44Z INFO [283/371] 1313bd0e-1b24-41da-a61e-91549a8dbbaf: 56 groups; 2.7 s; peak memory 1296 MiB.
2026-09-24T16:23:47Z INFO [284/371] 131420cc-ff11-4e09-b5b6-4fc2706ba502: 207 groups; 2.3 s; peak memory 1296 MiB.
2026-09-24T16:23:48Z INFO [285/371] 131473f2-c188-4a9e-b631-ad5a7d128172: 35 groups; 1.6 s; peak memory 1296 MiB.
2026-09-24T16:23:54Z INFO [286/371] 131517ff-a86e-47f1-9c30-20dce2bb2b4f: 115 groups; 5.8 s; peak memory 1296 MiB.
2026-09-24T16:23:55Z INFO [287/371] 13154155-a0c8-46b6-ac0b-bb5319b08293: 32 groups; 1.3 s; peak memory 1296 MiB.
2026-09-24T16:23:57Z INFO [288/371] 1315c6b3-b5aa-41c6-ab0b-1cf552ae7449: 195 groups; 1.3 s; peak memory 1296 MiB.
2026-09-24T16:23:58Z INFO [289/371] 1316509e-3c06-46f6-9749-410898ef3fca: 32 groups; 1.3 s; peak memory 1296 MiB.
2026-09-24T16:23:59Z INFO [290/371] 1317caab-c8e9-4280-b130-b531d020b56d: 194 groups; 1.4 s; peak memory 1296 MiB.
2026-09-24T16:25:52Z INFO [291/371] 1318124b-84e4-4b0c-be3b-abbad4480601: 60 groups; 112.6 s; peak memory 1296 MiB.
2026-09-24T16:25:53Z INFO [292/371] 13184245-6daa-4994-8908-8ed50e04f68d: 16 groups; 1.0 s; peak memory 1296 MiB.
2026-09-24T16:25:55Z INFO [293/371] 13189e55-cc18-4655-b726-8829b0390d4f: 35 groups; 1.8 s; peak memory 1296 MiB.
2026-09-24T16:25:58Z INFO [294/371] 131a0d9b-b608-49ed-89e5-74096eb1974e: 73 groups; 2.9 s; peak memory 1296 MiB.
2026-09-24T16:25:59Z INFO [295/371] 131a2b94-b89b-476d-8af6-ddb03fc0f3b3: 16 groups; 0.9 s; peak memory 1296 MiB.
2026-09-24T16:26:06Z INFO [296/371] 131a69cf-985d-4bfc-85dd-c00dce32ca68: 169 groups; 7.9 s; peak memory 1296 MiB.
2026-09-24T16:26:08Z INFO [297/371] 131aa9a8-1a13-46ad-9960-be5eae7dec19: 22 groups; 1.1 s; peak memory 1296 MiB.
2026-09-24T16:26:16Z INFO [298/371] 131c2da1-9735-4947-88a5-27a58ee35f22: 50 groups; 8.7 s; peak memory 1296 MiB.
2026-09-24T16:26:17Z INFO [299/371] 131c9766-8389-4114-a42e-89e61b5a0090: 22 groups; 1.3 s; peak memory 1296 MiB.
2026-09-24T16:26:19Z INFO [300/371] 131e35b0-c1e1-4234-8571-998ada030e3f: 261 groups; 1.8 s; peak memory 1296 MiB.
2026-09-24T16:26:19Z INFO [300/371] 131e35b0-c1e1-4234-8571-998ada030e3f: checkpointed 56098 records.
2026-09-24T16:26:21Z INFO [301/371] 131e42b3-a6a7-4a8a-8b03-9e5a21589a0e: 32 groups; 1.4 s; peak memory 1296 MiB.
2026-09-24T16:26:22Z INFO [302/371] 131ec1a3-f226-4f90-b4e4-1b96f7732b8e: 32 groups; 1.3 s; peak memory 1296 MiB.
2026-09-24T16:26:23Z INFO [303/371] 131edbae-4b55-4fa5-9cf9-199b5f8a7ec3: 35 groups; 1.5 s; peak memory 1296 MiB.
2026-09-24T16:26:24Z INFO [304/371] 131f0d96-0117-4461-afa9-2f9dcba7b7e4: 17 groups; 1.0 s; peak memory 1296 MiB.
2026-09-24T16:26:30Z INFO [305/371] 131f4407-391a-4fe7-9d86-f9091cc97ffb: 78 groups; 5.1 s; peak memory 1296 MiB.
2026-09-24T16:26:31Z INFO [306/371] 131f91a8-1c42-480d-9bed-651ff9a12352: 32 groups; 1.6 s; peak memory 1296 MiB.
2026-09-24T16:26:32Z INFO [307/371] 13208700-f2c0-4686-8f3d-abb7777845fb: 32 groups; 1.2 s; peak memory 1296 MiB.
2026-09-24T16:26:34Z INFO [308/371] 1321368e-d989-4082-aa0a-8032243247fa: 202 groups; 1.7 s; peak memory 1296 MiB.
2026-09-24T16:27:56Z INFO [309/371] 1321d775-9b23-47c3-ac26-dc196d01d887: 69 groups; 82.3 s; peak memory 1296 MiB.
2026-09-24T16:27:58Z INFO [310/371] 13226ca1-e33e-4fd7-a1e1-1bf68ec08834: 35 groups; 1.8 s; peak memory 1296 MiB.
2026-09-24T16:27:59Z INFO [311/371] 1322993b-e462-4bca-b16d-073d5eb283d0: 32 groups; 1.4 s; peak memory 1296 MiB.
2026-09-24T16:28:02Z INFO [312/371] 1323837a-48dc-41a5-a709-b918432bdf1e: 33 groups; 2.1 s; peak memory 1296 MiB.
2026-09-24T16:28:03Z INFO [313/371] 132400ca-75e1-49d9-8a8c-06babcc33c88: 34 groups; 1.7 s; peak memory 1296 MiB.
2026-09-24T16:28:05Z INFO [314/371] 1324c33c-1071-464e-924a-6d6901158e13: 22 groups; 1.2 s; peak memory 1296 MiB.
2026-09-24T16:28:05Z INFO [315/371] 132514aa-4985-4dd6-90c8-ebc6bca608be: 16 groups; 0.7 s; peak memory 1296 MiB.
2026-09-24T16:28:11Z INFO [316/371] 132563f6-024a-4603-9573-3bafc48ab203: 47 groups; 6.1 s; peak memory 1296 MiB.
2026-09-24T16:28:18Z INFO [317/371] 1325eccd-581a-4681-ada6-222a26eb910e: 140 groups; 6.6 s; peak memory 1296 MiB.
2026-09-24T16:28:19Z INFO [318/371] 1326c221-4330-404d-8175-a7bb5b05defe: 32 groups; 1.3 s; peak memory 1296 MiB.
2026-09-24T16:28:20Z INFO [319/371] 132711e3-67df-4a79-a02f-b2def8846244: 22 groups; 1.1 s; peak memory 1296 MiB.
2026-09-24T16:28:21Z INFO [320/371] 13276baa-eaff-4a23-af54-e1e8e323a7ee: 22 groups; 1.1 s; peak memory 1296 MiB.
2026-09-24T16:28:34Z INFO [321/371] 1327dc7b-5cf6-4c11-a786-152653577499: 205 groups; 12.7 s; peak memory 1296 MiB.
2026-09-24T16:28:35Z INFO [322/371] 1328131b-862a-464d-99ad-5631a157c736: 22 groups; 1.1 s; peak memory 1296 MiB.
2026-09-24T16:28:36Z INFO [323/371] 13284e24-a16c-43be-a32e-e1f358afa0dc: 22 groups; 1.2 s; peak memory 1296 MiB.
2026-09-24T16:28:38Z INFO [324/371] 1328ea3b-7a6a-4a9b-b9d9-e08f481e8a3d: 200 groups; 1.9 s; peak memory 1296 MiB.
2026-09-24T16:28:39Z INFO [325/371] 1329e2ad-7e38-4ed1-b182-c26daf30cef8: 30 groups; 1.1 s; peak memory 1296 MiB.
2026-09-24T16:28:41Z INFO [326/371] 132ae187-989d-456c-a3ab-b49b992e3f2d: 35 groups; 1.3 s; peak memory 1296 MiB.
2026-09-24T16:28:44Z INFO [327/371] 132b3906-7926-4fe2-9f14-8014f440eb35: 54 groups; 3.1 s; peak memory 1296 MiB.
2026-09-24T16:28:45Z INFO [328/371] 132bb31e-b48f-46c9-8e0f-296a019094b0: 18 groups; 0.9 s; peak memory 1296 MiB.
2026-09-24T16:28:46Z INFO [329/371] 132bc948-7522-4c6e-b24b-fd650d32072e: 35 groups; 1.7 s; peak memory 1296 MiB.
2026-09-24T16:28:48Z INFO [330/371] 132c073f-d99a-4639-82c7-b05cf45f28c9: 35 groups; 1.4 s; peak memory 1296 MiB.
2026-09-24T16:28:49Z INFO [331/371] 132c7cdf-4917-4c6c-9902-06d54edd9afe: 22 groups; 1.1 s; peak memory 1296 MiB.
2026-09-24T16:28:51Z INFO [332/371] 132cd478-2171-4389-a438-f12e5727868d: 48 groups; 2.6 s; peak memory 1296 MiB.
2026-09-24T16:28:52Z INFO [333/371] 132d158d-0b25-437b-a863-46fc3e83faf4: 17 groups; 1.0 s; peak memory 1296 MiB.
2026-09-24T16:28:54Z INFO [334/371] 132d25e9-29d0-421a-af3f-ba4677612e79: 35 groups; 1.7 s; peak memory 1296 MiB.
2026-09-24T16:30:41Z INFO [335/371] 132d3971-d875-4643-a319-2fce1c7097ff: 102 groups; 107.3 s; peak memory 1296 MiB.
2026-09-24T16:30:43Z INFO [336/371] 132d8a62-8b59-448e-9406-74b0ba6f7f11: 32 groups; 1.5 s; peak memory 1296 MiB.
2026-09-24T16:30:50Z INFO [337/371] 132d98c8-58ad-4438-b6e8-69f8fe9bfd77: 192 groups; 6.8 s; peak memory 1296 MiB.
2026-09-24T16:30:51Z INFO [338/371] 132e56fe-426b-41a6-b8d2-94963baca254: 22 groups; 1.1 s; peak memory 1296 MiB.
2026-09-24T16:30:52Z INFO [339/371] 132ed6e0-ae79-41c3-84f1-ce2e8eaa73e2: 22 groups; 1.0 s; peak memory 1296 MiB.
2026-09-24T16:30:53Z INFO [340/371] 132f3cdd-973c-4b07-a7e6-8de1c971b3f1: 32 groups; 1.3 s; peak memory 1296 MiB.
2026-09-24T16:30:54Z INFO [341/371] 132fa71f-6171-4d2f-965d-25a826581910: 22 groups; 1.0 s; peak memory 1296 MiB.
2026-09-24T16:31:02Z INFO [342/371] 132ff72a-6593-4422-bb74-3e2acae44777: 191 groups; 7.5 s; peak memory 1296 MiB.
2026-09-24T16:31:03Z INFO [343/371] 1331ddc4-d12f-4482-bed2-b9d0246c39e2: 32 groups; 1.3 s; peak memory 1296 MiB.
2026-09-24T16:31:04Z INFO [344/371] 13321900-e432-40b8-bb4c-70565c607693: 22 groups; 1.1 s; peak memory 1296 MiB.
2026-09-24T16:31:10Z INFO [345/371] 133287e3-7b41-4819-960f-9c0599850b2d: 85 groups; 6.0 s; peak memory 1296 MiB.
2026-09-24T16:31:11Z INFO [346/371] 1332c4b2-2907-4595-a433-7cb1e2f07d54: 22 groups; 1.2 s; peak memory 1296 MiB.
2026-09-24T16:31:27Z INFO [347/371] 13332673-e223-4ff7-8dc2-d10acc8ae25e: 313 groups; 15.8 s; peak memory 1296 MiB.
2026-09-24T16:31:33Z INFO [348/371] 133377b5-82c1-468f-a617-a9f59598720a: 181 groups; 6.2 s; peak memory 1296 MiB.
2026-09-24T16:31:34Z INFO [349/371] 1333d056-141b-4ed7-9c17-865c4d980df6: 33 groups; 1.1 s; peak memory 1296 MiB.
2026-09-24T16:31:40Z INFO [350/371] 13347044-a1de-40f4-bf60-b64a32c483d6: 78 groups; 5.6 s; peak memory 1296 MiB.
2026-09-24T16:31:40Z INFO [350/371] 13347044-a1de-40f4-bf60-b64a32c483d6: checkpointed 56148 records.
2026-09-24T16:31:41Z INFO [351/371] 13347a44-d8fb-4925-885e-f378f4998093: 30 groups; 0.9 s; peak memory 1296 MiB.
2026-09-24T16:31:42Z INFO [352/371] 13350433-6224-4f23-9214-b8e640a09eeb: 21 groups; 1.1 s; peak memory 1296 MiB.
2026-09-24T16:31:43Z INFO [353/371] 13352c56-0fb7-457b-b7e5-03008fc5acb8: 16 groups; 1.0 s; peak memory 1296 MiB.
2026-09-24T16:31:45Z INFO [354/371] 13355de8-702f-4465-a604-ee53c7e6bcd7: 32 groups; 1.4 s; peak memory 1296 MiB.
2026-09-24T16:32:02Z INFO [355/371] 13358e63-ce3b-46aa-b556-d94c3a6430cc: 27 groups; 17.1 s; peak memory 1296 MiB.
2026-09-24T16:32:03Z INFO [356/371] 1335b49b-c8a4-4422-bc57-5500bc69530d: 22 groups; 1.3 s; peak memory 1296 MiB.
2026-09-24T16:32:04Z INFO [357/371] 1336aeca-06c4-4e5d-bea2-94de67909469: 103 groups; 1.5 s; peak memory 1296 MiB.
2026-09-24T16:32:06Z INFO [358/371] 1336d605-a605-4cc3-922d-6a3161c733cd: 35 groups; 1.5 s; peak memory 1296 MiB.
2026-09-24T16:32:15Z INFO [359/371] 1336e85a-664f-4bd1-b862-88bb403a79a5: 123 groups; 9.3 s; peak memory 1296 MiB.
2026-09-24T16:32:23Z INFO [360/371] 13372674-ebe0-472e-b042-41cfbff806ae: 79 groups; 7.3 s; peak memory 1296 MiB.
2026-09-24T16:32:24Z INFO [361/371] 1337811b-ff4e-4a65-9de2-4f35cf167fec: 254 groups; 1.4 s; peak memory 1296 MiB.
2026-09-24T16:32:30Z INFO [362/371] 1338a2a2-738a-4650-86e8-7c3a7c4bbf59: 123 groups; 6.3 s; peak memory 1296 MiB.
2026-09-24T16:32:32Z INFO [363/371] 1339c06e-ba2f-4633-8b31-4447dc0d4d6a: 196 groups; 1.4 s; peak memory 1296 MiB.
2026-09-24T16:32:34Z INFO [364/371] 1339d433-6452-4d26-a39e-4df6f2f7ff6a: 35 groups; 2.2 s; peak memory 1296 MiB.
2026-09-24T16:32:35Z INFO [365/371] 133b2e8e-dc3d-427b-89c6-a60510a60577: 22 groups; 1.1 s; peak memory 1296 MiB.
2026-09-24T16:32:36Z INFO [366/371] 133be2e7-4109-4abf-8cd1-a1f838c13a7f: 202 groups; 1.3 s; peak memory 1296 MiB.
2026-09-24T16:32:39Z INFO [367/371] 133ca552-47dc-4026-88f9-5f45dbb6eb31: 64 groups; 2.4 s; peak memory 1296 MiB.
2026-09-24T16:32:40Z INFO [368/371] 133d20da-8438-42f2-8bfd-37df11912a0e: 22 groups; 1.1 s; peak memory 1296 MiB.
2026-09-24T16:34:26Z INFO [369/371] 133d5c83-793a-4799-b7f8-f1603d3c74ef: 72 groups; 105.8 s; peak memory 1296 MiB.
2026-09-24T16:34:28Z INFO [370/371] 133d789c-97fc-4040-b65d-fb335713981e: 31 groups; 1.9 s; peak memory 1296 MiB.
2026-09-24T16:34:28Z INFO [371/371] 133d92a8-50b6-4d38-9446-ee1d1fd3de58: 16 groups; 0.8 s; peak memory 1296 MiB.
2026-09-24T16:34:29Z INFO Wrote 56169 records to /tmp/derivatives/valid_nwb_file_to_number_of_groups.jsonl (371 new, 0 failed) in 35.8 min (peak memory 1296 MiB).
