2026-09-23T15:37:31Z INFO Logging to /tmp/logs/update_2026-09-23T15-37-31Z.log.
2026-09-23T15:37:31Z INFO Update valid-nwb-file-to-number-of-groups (base directory /tmp).
2026-09-23T15:37:31Z INFO Processing 372 items (54677 already recorded).
2026-09-23T15:37:33Z INFO [1/372] 03cdc3ac-ee4a-4073-996f-67362a1e8905: 27 groups; 1.5 s; peak memory 100 MiB.
2026-09-23T15:37:34Z INFO [2/372] 103bcc48-ef96-4fd3-8b3e-68d360ee14af: 22 groups; 1.0 s; peak memory 100 MiB.
2026-09-23T15:37:35Z INFO [3/372] 103c962b-4725-4f4c-bff7-943bac8ae678: 32 groups; 1.0 s; peak memory 104 MiB.
2026-09-23T15:37:35Z INFO [4/372] 103d1962-e5c9-46db-b557-7d09974546e3: 24 groups; 0.8 s; peak memory 104 MiB.
2026-09-23T15:37:46Z INFO [5/372] 103db565-d0f7-46cb-b0a1-c83cf53e170b: 368 groups; 10.4 s; peak memory 145 MiB.
2026-09-23T15:37:46Z INFO [6/372] 103de969-d7dd-4f02-b365-2193dbd43361: 16 groups; 0.6 s; peak memory 145 MiB.
2026-09-23T15:37:48Z INFO [7/372] 103e77a3-41c6-4a4b-b787-ce5b81f05fcc: 48 groups; 1.8 s; peak memory 145 MiB.
2026-09-23T15:37:50Z INFO [8/372] 103eeaa4-e50f-4240-a254-cc4e2829ca52: 48 groups; 1.8 s; peak memory 145 MiB.
2026-09-23T15:37:51Z INFO [9/372] 103f3a75-e335-4cb3-8564-0f50857a33b5: 32 groups; 0.9 s; peak memory 145 MiB.
2026-09-23T15:37:58Z INFO [10/372] 103f60a8-b29b-4ef6-a450-5da465c7dc43: 198 groups; 7.4 s; peak memory 146 MiB.
2026-09-23T15:37:59Z INFO [11/372] 10401ed9-2f73-4bb0-9f88-daae5047a741: 36 groups; 1.2 s; peak memory 146 MiB.
2026-09-23T15:38:00Z INFO [12/372] 1040ab4c-da6c-474c-b5e8-52cb7ae33dc5: 25 groups; 0.6 s; peak memory 146 MiB.
2026-09-23T15:38:01Z INFO [13/372] 1040df47-f26d-4280-a84c-b3440cff043c: 25 groups; 0.6 s; peak memory 146 MiB.
2026-09-23T15:38:13Z INFO [14/372] 10412615-7a98-4f53-8ccf-14821f647977: 92 groups; 12.1 s; peak memory 146 MiB.
2026-09-23T15:38:14Z INFO [15/372] 10412f2b-e17a-404f-91cc-5c3605407651: 25 groups; 1.0 s; peak memory 146 MiB.
2026-09-23T15:38:15Z INFO [16/372] 10414878-c364-4379-b7e7-2f0de4055296: 22 groups; 0.9 s; peak memory 146 MiB.
2026-09-23T15:38:18Z INFO [17/372] 10419ed2-a547-4180-a895-eb6867ad5930: 136 groups; 3.8 s; peak memory 146 MiB.
2026-09-23T15:38:19Z INFO [18/372] 1042c3e5-fd7d-45b4-8106-8ff5a8fbd5c2: 32 groups; 1.1 s; peak memory 147 MiB.
2026-09-23T15:38:20Z INFO [19/372] 1042df47-7eae-480c-a37f-3a2d311c5107: 22 groups; 0.9 s; peak memory 147 MiB.
2026-09-23T15:38:21Z INFO [20/372] 10431016-a31f-4546-9338-13535cbb5d18: 30 groups; 0.6 s; peak memory 147 MiB.
2026-09-23T15:38:22Z INFO [21/372] 1043ce36-c15d-4698-9843-675a39e56bf8: 32 groups; 0.8 s; peak memory 147 MiB.
2026-09-23T15:38:23Z INFO [22/372] 1044784c-3b17-4280-b127-63a3dc1f428d: 32 groups; 1.0 s; peak memory 147 MiB.
2026-09-23T15:38:24Z INFO [23/372] 10453efc-e13b-4896-adaa-7b5b69e39da1: 22 groups; 0.8 s; peak memory 147 MiB.
2026-09-23T15:38:25Z INFO [24/372] 10461333-c978-4c57-aba1-791120d58045: 29 groups; 1.0 s; peak memory 147 MiB.
2026-09-23T15:38:29Z INFO [25/372] 104818be-1fec-4e9a-b8a8-496b9973870a: 212 groups; 5.0 s; peak memory 147 MiB.
2026-09-23T15:38:30Z INFO [26/372] 10498447-7403-4692-af13-c24d51b2ece4: 16 groups; 0.7 s; peak memory 147 MiB.
2026-09-23T15:38:34Z INFO [27/372] 104a15c9-e3cc-4e43-abf9-53660f93e116: 78 groups; 4.1 s; peak memory 147 MiB.
2026-09-23T15:38:35Z INFO [28/372] 104ab473-3511-4baa-8878-97c5fd8833cb: 28 groups; 0.8 s; peak memory 147 MiB.
2026-09-23T15:38:36Z INFO [29/372] 104acc5c-1ed4-4f09-ad1a-2e6295445f17: 35 groups; 1.1 s; peak memory 147 MiB.
2026-09-23T15:38:37Z INFO [30/372] 104b1436-9411-4032-9f4d-331c3a68ad30: 30 groups; 0.8 s; peak memory 147 MiB.
2026-09-23T15:38:38Z INFO [31/372] 104b2140-518c-4d03-b580-9cbaf9088528: 33 groups; 1.0 s; peak memory 147 MiB.
2026-09-23T15:38:51Z INFO [32/372] 104c3708-6e19-4e36-ba6f-3cf233d8f2cc: 236 groups; 12.9 s; peak memory 154 MiB.
2026-09-23T15:38:52Z INFO [33/372] 104caad9-3c68-47a6-bdb1-c250ba6b2f58: 99 groups; 1.5 s; peak memory 154 MiB.
2026-09-23T15:38:53Z INFO [34/372] 104cd17c-cc5a-45ff-a3b8-d248bb203639: 22 groups; 0.8 s; peak memory 154 MiB.
2026-09-23T15:38:58Z INFO [35/372] 104d16b0-5db1-4100-8d1d-1095cf6f49ba: 181 groups; 4.9 s; peak memory 154 MiB.
2026-09-23T15:39:00Z INFO [36/372] 104d7dec-d6f4-4513-9318-90d8b50f221b: 17 groups; 1.8 s; peak memory 154 MiB.
2026-09-23T15:39:04Z INFO [37/372] 104d8968-9ccd-4945-826c-14dd976de4b0: 181 groups; 3.9 s; peak memory 154 MiB.
2026-09-23T15:39:05Z INFO [38/372] 104f2a2c-01c6-409d-b849-f00497ed9a91: 49 groups; 1.3 s; peak memory 154 MiB.
2026-09-23T15:39:06Z INFO [39/372] 104f910a-93e7-40f1-a4bb-a477b8087c59: 30 groups; 0.6 s; peak memory 154 MiB.
2026-09-23T15:39:07Z INFO [40/372] 10514435-1d8c-4a33-9e70-8f0035d66db7: 30 groups; 0.9 s; peak memory 154 MiB.
2026-09-23T15:39:08Z INFO [41/372] 1051616f-b70c-46d2-ae09-8149c86ff01c: 22 groups; 0.9 s; peak memory 154 MiB.
2026-09-23T15:39:23Z INFO [42/372] 10517c2c-5f76-4630-8322-e065723cf0c6: 23 groups; 15.5 s; peak memory 154 MiB.
2026-09-23T15:39:27Z INFO [43/372] 10520941-e258-47df-9eda-2843ce42827c: 78 groups; 3.8 s; peak memory 154 MiB.
2026-09-23T15:39:28Z INFO [44/372] 1052bbde-1600-458f-9bbb-58109af06d29: 22 groups; 0.7 s; peak memory 154 MiB.
2026-09-23T15:39:29Z INFO [45/372] 1053f8fe-0c46-4ddd-b12a-7d95a268ee4a: 199 groups; 1.2 s; peak memory 154 MiB.
2026-09-23T15:39:32Z INFO [46/372] 1054202e-a0ff-4f4c-83f9-e7f8c055f8ff: 109 groups; 2.9 s; peak memory 154 MiB.
2026-09-23T15:39:32Z INFO [47/372] 10544cbb-a069-475b-87ef-b05a868ee77d: 22 groups; 0.8 s; peak memory 154 MiB.
2026-09-23T15:39:34Z INFO [48/372] 1054910a-4742-4df7-983f-a89524175447: 48 groups; 1.9 s; peak memory 154 MiB.
2026-09-23T15:39:35Z INFO [49/372] 1055a997-26f7-407e-952a-0b011d35a6d8: 32 groups; 0.8 s; peak memory 154 MiB.
2026-09-23T15:50:48Z INFO [50/372] 1055fe42-75f4-48ec-a4b5-8f503b449579: 263 groups; 672.8 s; peak memory 1080 MiB.
2026-09-23T15:50:48Z INFO [50/372] 1055fe42-75f4-48ec-a4b5-8f503b449579: checkpointed 54727 records.
2026-09-23T15:50:49Z INFO [51/372] 105634b0-c85c-42bd-ba33-91ff52c9629f: 32 groups; 1.0 s; peak memory 1080 MiB.
2026-09-23T15:50:50Z INFO [52/372] 105647c5-00ea-4820-b71a-c5ba534d8d46: 22 groups; 0.7 s; peak memory 1080 MiB.
2026-09-23T15:50:51Z INFO [53/372] 105672e7-79de-4064-bd1b-63adba569648: 33 groups; 1.1 s; peak memory 1080 MiB.
2026-09-23T15:50:52Z INFO [54/372] 1059adad-cf0e-4a7d-a1f8-ff03d7132bcf: 32 groups; 0.9 s; peak memory 1080 MiB.
2026-09-23T15:50:53Z INFO [55/372] 1059ebf7-b95b-43f1-825d-1760b2ead849: 32 groups; 0.9 s; peak memory 1080 MiB.
2026-09-23T15:50:53Z INFO [56/372] 105a66b4-7bd1-4189-8121-c007ebe2ff76: 32 groups; 0.9 s; peak memory 1080 MiB.
2026-09-23T15:51:03Z INFO [57/372] 105af599-9c9d-43eb-b162-264c3a6d6961: 289 groups; 9.7 s; peak memory 1080 MiB.
2026-09-23T15:52:48Z INFO [58/372] 105b2068-b65c-4bdf-b574-d9a59d8bd4af: 69 groups; 105.2 s; peak memory 1080 MiB.
2026-09-23T15:52:49Z INFO [59/372] 105b3775-d783-41cb-ac0a-5632952bbb73: 252 groups; 1.1 s; peak memory 1080 MiB.
2026-09-23T15:53:00Z INFO [60/372] 105c3b70-9f49-4d68-bbdd-11b779a332f2: 1527 groups; 10.6 s; peak memory 1080 MiB.
2026-09-23T15:53:01Z INFO [61/372] 105cd381-3186-42a6-86b2-a2c8924ced3e: 16 groups; 0.7 s; peak memory 1080 MiB.
2026-09-23T15:53:02Z INFO [62/372] 105da8e5-2934-4023-b1d5-209c4365404f: 22 groups; 0.9 s; peak memory 1080 MiB.
2026-09-23T15:53:02Z INFO [63/372] 105daf87-eb36-41bc-8db1-3ad6534c44ae: 32 groups; 0.9 s; peak memory 1080 MiB.
2026-09-23T15:53:03Z INFO [64/372] 105e0d20-818e-452c-9adb-351e9a358cd7: 29 groups; 1.0 s; peak memory 1080 MiB.
2026-09-23T15:53:04Z INFO [65/372] 105e4d27-f114-4e03-b197-4d1d89147ad2: 22 groups; 0.9 s; peak memory 1080 MiB.
2026-09-23T16:10:56Z INFO [66/372] 105ebf58-b230-4dd4-bca4-6f3b6934d483: 29 groups; 1071.8 s; peak memory 1116 MiB.
2026-09-23T16:10:57Z INFO [67/372] 105ff03b-192d-40ed-950b-79bfb3618c05: 32 groups; 1.2 s; peak memory 1116 MiB.
2026-09-23T16:10:58Z INFO [68/372] 1060b8a2-6554-4044-9835-f39a906bcec6: 16 groups; 0.6 s; peak memory 1116 MiB.
2026-09-23T16:10:59Z INFO [69/372] 10615f14-cf04-419c-99a3-c23ad49e2709: 35 groups; 1.1 s; peak memory 1116 MiB.
2026-09-23T16:11:00Z INFO [70/372] 106413b8-0743-4747-b497-ce1e53437226: 34 groups; 1.2 s; peak memory 1116 MiB.
2026-09-23T16:11:01Z INFO [71/372] 10641665-96a4-4e43-b758-019cbb249821: 32 groups; 0.8 s; peak memory 1116 MiB.
2026-09-23T16:11:06Z INFO [72/372] 10665c14-3646-4d23-9b33-8236a3cd8d9c: 34 groups; 5.6 s; peak memory 1116 MiB.
2026-09-23T16:11:08Z INFO [73/372] 1066b3ba-83d9-4cb3-bfe3-ecf8539e2334: 575 groups; 1.6 s; peak memory 1116 MiB.
2026-09-23T16:11:09Z INFO [74/372] 10676b36-fe66-43bb-b2ed-15191aaf1d2f: 29 groups; 1.1 s; peak memory 1116 MiB.
2026-09-23T16:11:10Z INFO [75/372] 1067d403-fa0d-44e7-8245-b4499d38f1b2: 22 groups; 0.9 s; peak memory 1116 MiB.
2026-09-23T16:11:11Z INFO [76/372] 10684010-4f6d-4dd0-af3a-9dec2e9766de: 22 groups; 0.7 s; peak memory 1116 MiB.
2026-09-23T16:11:12Z INFO [77/372] 106878ef-4776-44d3-a845-cf3e4e2b68ae: 22 groups; 0.9 s; peak memory 1116 MiB.
2026-09-23T16:11:13Z INFO [78/372] 1068ed94-86d9-48fe-826c-30a7174cc3a1: 25 groups; 0.8 s; peak memory 1116 MiB.
2026-09-23T16:11:13Z INFO [79/372] 106901b9-c8d7-4926-a833-6b6d4531968f: 33 groups; 0.9 s; peak memory 1116 MiB.
2026-09-23T16:11:16Z INFO [80/372] 106a53b4-747e-4647-95b0-12bcb89d5500: 50 groups; 2.4 s; peak memory 1116 MiB.
2026-09-23T16:11:17Z INFO [81/372] 106a904c-4f50-4960-8e23-4054288c2b11: 22 groups; 0.9 s; peak memory 1116 MiB.
2026-09-23T16:11:18Z INFO [82/372] 106a9895-5ecc-4981-b962-4adea6666239: 22 groups; 0.8 s; peak memory 1116 MiB.
2026-09-23T16:11:19Z INFO [83/372] 106b8fb0-9a14-4dd6-ba92-339f0824a537: 32 groups; 1.2 s; peak memory 1116 MiB.
2026-09-23T16:11:20Z INFO [84/372] 106d6d42-8aec-465d-9ae9-4e4a053103a8: 22 groups; 0.9 s; peak memory 1116 MiB.
2026-09-23T16:11:21Z INFO [85/372] 106dab9a-6e58-4a20-955d-cf23aab4fb92: 32 groups; 1.1 s; peak memory 1116 MiB.
2026-09-23T16:11:22Z INFO [86/372] 106de333-c25f-4eef-8333-d3cb5fe85076: 256 groups; 0.9 s; peak memory 1116 MiB.
2026-09-23T16:11:22Z INFO [87/372] 106e1edd-906a-45a8-a957-1193a97a87e4: 22 groups; 0.8 s; peak memory 1116 MiB.
2026-09-23T16:11:23Z INFO [88/372] 106e3359-8b0f-45eb-9760-c4646549a5b3: 32 groups; 0.8 s; peak memory 1116 MiB.
2026-09-23T16:11:24Z INFO [89/372] 106f8a50-2c01-4b6f-b7d5-f91dc6124dbe: 22 groups; 0.7 s; peak memory 1116 MiB.
2026-09-23T16:11:25Z INFO [90/372] 1070a531-ded1-40ce-815f-38702746fc90: 22 groups; 0.9 s; peak memory 1116 MiB.
2026-09-23T16:11:26Z INFO [91/372] 107269d0-da7d-4631-b9f0-7321865359aa: 32 groups; 1.1 s; peak memory 1116 MiB.
2026-09-23T16:11:27Z INFO [92/372] 10727190-9bd5-4e28-aab4-efc2b695b17e: 22 groups; 0.9 s; peak memory 1116 MiB.
2026-09-23T16:11:28Z INFO [93/372] 1072ed9f-8ed4-40e5-aef1-3189bc19f03d: 36 groups; 1.0 s; peak memory 1116 MiB.
2026-09-23T16:11:32Z INFO [94/372] 107337b7-09bd-4f5d-846c-739a03ea757e: 75 groups; 3.9 s; peak memory 1116 MiB.
2026-09-23T16:11:33Z INFO [95/372] 1073bb52-49f1-46df-a02d-1a62dd1b4586: 67 groups; 1.1 s; peak memory 1116 MiB.
2026-09-23T16:11:35Z INFO [96/372] 1073c934-adce-4b34-ab64-f785889b2731: 17 groups; 1.8 s; peak memory 1116 MiB.
2026-09-23T16:11:36Z INFO [97/372] 1073d24f-a804-4aea-bc8f-b71138894f71: 35 groups; 1.1 s; peak memory 1116 MiB.
2026-09-23T16:11:41Z INFO [98/372] 1073e39c-0610-49e3-90ee-709d3e068b27: 133 groups; 5.3 s; peak memory 1116 MiB.
2026-09-23T16:11:44Z INFO [99/372] 1073f105-73c1-4af6-8c4d-6adbbb57f26b: 17 groups; 3.4 s; peak memory 1116 MiB.
2026-09-23T16:11:56Z INFO [100/372] 1073fd9c-331b-4ee4-a153-b6d105de0120: 87 groups; 11.2 s; peak memory 1116 MiB.
2026-09-23T16:11:56Z INFO [100/372] 1073fd9c-331b-4ee4-a153-b6d105de0120: checkpointed 54777 records.
2026-09-23T16:11:57Z INFO [101/372] 107470ae-9186-4713-a484-38511445db88: 22 groups; 0.9 s; peak memory 1116 MiB.
2026-09-23T16:12:11Z INFO [102/372] 10750e1a-25f9-4017-aec3-d1fc5ff57293: 157 groups; 14.3 s; peak memory 1116 MiB.
2026-09-23T16:12:12Z INFO [103/372] 1076e86b-3679-4453-a2ef-ae2faa77f4f6: 31 groups; 1.2 s; peak memory 1116 MiB.
2026-09-23T16:12:16Z INFO [104/372] 1076eb8b-06a4-4aae-9baf-302ebe1ba7bb: 78 groups; 4.1 s; peak memory 1116 MiB.
2026-09-23T16:12:17Z INFO [105/372] 1077abc3-5fb7-4690-89db-bea0c71ef911: 22 groups; 0.9 s; peak memory 1116 MiB.
2026-09-23T16:12:18Z INFO [106/372] 1077edc7-b4fa-4ba6-907a-b84509104ab1: 32 groups; 0.9 s; peak memory 1116 MiB.
2026-09-23T16:12:19Z INFO [107/372] 1079a248-232f-4270-b3b8-0f4c9fbfe7e0: 199 groups; 1.3 s; peak memory 1116 MiB.
2026-09-23T16:12:27Z INFO [108/372] 1079ed9b-678c-4929-a7d9-72b6425e4606: 215 groups; 7.1 s; peak memory 1116 MiB.
2026-09-23T16:12:28Z INFO [109/372] 1079ef50-661b-4f43-9520-59b2cf084948: 104 groups; 1.7 s; peak memory 1116 MiB.
2026-09-23T16:12:29Z INFO [110/372] 107a174a-0af5-47cc-bac2-f0c52c00d1b0: 24 groups; 0.7 s; peak memory 1116 MiB.
2026-09-23T16:12:30Z INFO [111/372] 107aaf27-51ca-4f52-84d7-e8ac95c3ad7a: 32 groups; 1.0 s; peak memory 1116 MiB.
2026-09-23T16:12:31Z INFO [112/372] 107ada9d-9086-400d-90c3-75caeaa64ba1: 35 groups; 1.2 s; peak memory 1116 MiB.
2026-09-23T16:12:44Z INFO [113/372] 107be61a-e96e-4030-ab88-5a5700d1211c: 157 groups; 12.3 s; peak memory 1116 MiB.
2026-09-23T16:12:44Z INFO [114/372] 107d8c59-a8cf-41c7-b6f7-ab0507a80977: 24 groups; 0.8 s; peak memory 1116 MiB.
2026-09-23T16:12:46Z INFO [115/372] 107e23f8-679a-43f8-8d05-b868f6dc0b8a: 48 groups; 2.1 s; peak memory 1116 MiB.
2026-09-23T16:12:48Z INFO [116/372] 107e71e7-a57a-4c16-ad68-3d02bb243800: 36 groups; 1.1 s; peak memory 1116 MiB.
2026-09-23T16:12:49Z INFO [117/372] 107ed871-8dcc-47a1-a139-4f11dc432bb8: 22 groups; 1.0 s; peak memory 1116 MiB.
2026-09-23T16:12:49Z INFO [118/372] 107f286c-4cbb-4fd5-8bab-c6c36bd8a01a: 16 groups; 0.6 s; peak memory 1116 MiB.
2026-09-23T16:12:57Z INFO [119/372] 107ff394-0d1f-4773-98b1-e068b053033f: 240 groups; 7.5 s; peak memory 1116 MiB.
2026-09-23T16:12:58Z INFO [120/372] 1081dc00-f182-4862-98f6-bc21894fd0a1: 336 groups; 1.2 s; peak memory 1116 MiB.
2026-09-23T16:12:59Z INFO [121/372] 1082468e-861c-4f74-b4f6-28f6d16a2a8b: 32 groups; 1.0 s; peak memory 1116 MiB.
2026-09-23T16:13:01Z INFO [122/372] 1082e055-4b5b-4085-8997-9b7869860a94: 48 groups; 2.0 s; peak memory 1116 MiB.
2026-09-23T16:13:02Z INFO [123/372] 10837b5e-05ee-4b2f-93aa-516f4e467c91: 22 groups; 0.8 s; peak memory 1116 MiB.
2026-09-23T16:13:03Z INFO [124/372] 1084e7d9-bcbc-4ddc-83ad-eb099445d35a: 36 groups; 1.4 s; peak memory 1116 MiB.
2026-09-23T16:13:04Z INFO [125/372] 10857552-d43f-4cf9-b16d-90fa1c9d29e7: 22 groups; 0.9 s; peak memory 1116 MiB.
2026-09-23T16:13:05Z INFO [126/372] 10862265-2744-4737-917e-9e5473010913: 256 groups; 1.0 s; peak memory 1116 MiB.
2026-09-23T16:13:06Z INFO [127/372] 108634f6-53c8-46a0-940b-87a7c37c4c0b: 32 groups; 0.9 s; peak memory 1116 MiB.
2026-09-23T16:13:07Z INFO [128/372] 10863cb1-d616-41ba-a14c-ba7a9e803973: 22 groups; 0.9 s; peak memory 1116 MiB.
2026-09-23T16:13:08Z INFO [129/372] 1086b1ec-5d0c-4c74-806c-bfbf2d982328: 32 groups; 0.9 s; peak memory 1116 MiB.
2026-09-23T16:13:14Z INFO [130/372] 1087ac09-3f72-4ac4-bd18-43fedf92ed85: 220 groups; 6.3 s; peak memory 1116 MiB.
2026-09-23T16:13:15Z INFO [131/372] 1087b643-fd7a-4624-b503-6b98696d554c: 35 groups; 1.1 s; peak memory 1116 MiB.
2026-09-23T16:13:16Z INFO [132/372] 1087f44e-c903-4ad0-9dfd-d8b7f6fb9102: 337 groups; 1.3 s; peak memory 1116 MiB.
2026-09-23T16:13:17Z INFO [133/372] 10887294-08c8-4c45-8af2-e6746f88898a: 32 groups; 1.0 s; peak memory 1116 MiB.
2026-09-23T16:13:18Z INFO [134/372] 10891924-62f7-4699-911e-93b624110ef9: 22 groups; 0.8 s; peak memory 1116 MiB.
2026-09-23T16:13:19Z INFO [135/372] 10894618-9a39-4020-be06-5b738be2d570: 33 groups; 1.1 s; peak memory 1116 MiB.
2026-09-23T16:13:20Z INFO [136/372] 108975d8-941f-40e3-a62d-6bccf4efd67a: 35 groups; 1.3 s; peak memory 1116 MiB.
2026-09-23T16:13:40Z INFO [137/372] 108a1ed6-999a-491f-a08a-5935eecd376f: 23 groups; 19.2 s; peak memory 1116 MiB.
2026-09-23T16:13:40Z INFO [138/372] 108a6bb9-f8b4-4541-b25f-3f4bc74c8f3f: 25 groups; 0.8 s; peak memory 1116 MiB.
2026-09-23T16:13:42Z INFO [139/372] 108c2bb1-bd5e-44dc-9a53-7300b7893d44: 32 groups; 1.1 s; peak memory 1116 MiB.
2026-09-23T16:13:46Z INFO [140/372] 108e7fc9-3f8b-498c-937e-f8052af01e56: 75 groups; 4.1 s; peak memory 1116 MiB.
2026-09-23T16:13:46Z INFO [141/372] 108ec01d-89dd-4c24-a2a7-1ec6f839c855: 28 groups; 0.8 s; peak memory 1116 MiB.
2026-09-23T16:13:47Z INFO [142/372] 108fb671-1286-4735-a69d-e603e5e5b52e: 42 groups; 1.1 s; peak memory 1116 MiB.
2026-09-23T16:13:48Z INFO [143/372] 108fe7e4-9bac-453c-8f5a-58495d3042d8: 22 groups; 0.8 s; peak memory 1116 MiB.
2026-09-23T16:13:49Z INFO [144/372] 109145ef-715a-44a2-a1dd-6002331615bb: 36 groups; 1.1 s; peak memory 1116 MiB.
2026-09-23T16:13:50Z INFO [145/372] 109155b8-c518-4634-b7e9-9aa2d24af367: 22 groups; 0.8 s; peak memory 1116 MiB.
2026-09-23T16:13:51Z INFO [146/372] 10915ab6-c512-44b0-8c06-11becc4a19bf: 22 groups; 0.8 s; peak memory 1116 MiB.
2026-09-23T16:13:57Z INFO [147/372] 10918efe-342a-4f58-a9cc-d5a0f2e32617: 191 groups; 6.1 s; peak memory 1116 MiB.
2026-09-23T16:13:58Z INFO [148/372] 10920998-3854-4d9f-b19b-6986c03ea424: 22 groups; 0.8 s; peak memory 1116 MiB.
2026-09-23T16:13:59Z INFO [149/372] 10922858-7654-4a3c-83fd-80aa20a604a6: 22 groups; 0.8 s; peak memory 1116 MiB.
2026-09-23T16:14:03Z INFO [150/372] 10925d72-d70a-4ce3-8343-d921df09be71: 181 groups; 4.1 s; peak memory 1116 MiB.
2026-09-23T16:14:03Z INFO [150/372] 10925d72-d70a-4ce3-8343-d921df09be71: checkpointed 54827 records.
2026-09-23T16:14:04Z INFO [151/372] 1093c8a4-f697-4d97-9aaf-2ff14a9375a8: 16 groups; 0.5 s; peak memory 1116 MiB.
2026-09-23T16:14:04Z INFO [152/372] 10949770-010b-4e86-9c76-f278503ca379: 22 groups; 0.8 s; peak memory 1116 MiB.
2026-09-23T16:14:05Z INFO [153/372] 1094f4c9-327d-40e9-8515-007a2ce30117: 103 groups; 0.9 s; peak memory 1116 MiB.
2026-09-23T16:14:09Z INFO [154/372] 109689e9-7b9c-411f-b645-a04908809b15: 135 groups; 3.4 s; peak memory 1116 MiB.
2026-09-23T16:14:10Z INFO [155/372] 10970300-be6a-4aa5-9fcf-d5c482ce2f5f: 22 groups; 0.8 s; peak memory 1116 MiB.
2026-09-23T16:14:12Z INFO [156/372] 109723ec-28b6-42f0-a913-20e1dc1cce56: 56 groups; 2.4 s; peak memory 1116 MiB.
2026-09-23T16:14:13Z INFO [157/372] 109786b5-3e84-41ed-99a8-afc7dd23ddb1: 22 groups; 0.8 s; peak memory 1116 MiB.
2026-09-23T16:15:13Z INFO [158/372] 109837e5-0670-42e0-a544-cee5db2ad581: 24 groups; 60.6 s; peak memory 1116 MiB.
2026-09-23T16:15:14Z INFO [159/372] 109882b1-0a3b-406e-b351-f450aa916eec: 32 groups; 0.9 s; peak memory 1116 MiB.
2026-09-23T16:15:15Z INFO [160/372] 10996919-9440-46c6-b4fd-b3e689ae1aae: 21 groups; 0.9 s; peak memory 1116 MiB.
2026-09-23T16:15:16Z INFO [161/372] 1099b4c6-2859-4eb5-a99e-a5c18a248ce9: 32 groups; 0.9 s; peak memory 1116 MiB.
2026-09-23T16:15:17Z INFO [162/372] 109ae38b-469d-45d0-b8ae-be81834e5ae2: 254 groups; 0.9 s; peak memory 1116 MiB.
2026-09-23T16:15:58Z INFO [163/372] 109b1715-f211-4e37-b21b-fe6b4f4dd1a5: 2466 groups; 40.7 s; peak memory 1116 MiB.
2026-09-23T16:16:00Z INFO [164/372] 109b55a9-93a8-4d81-8090-f915f5671f68: 54 groups; 2.7 s; peak memory 1116 MiB.
2026-09-23T16:16:01Z INFO [165/372] 109bae78-5993-419f-a7fa-3d5ac8b5f7fd: 43 groups; 1.0 s; peak memory 1116 MiB.
2026-09-23T16:16:02Z INFO [166/372] 109c8284-d098-4032-aad8-797822ed7ff5: 16 groups; 0.5 s; peak memory 1116 MiB.
2026-09-23T16:16:03Z INFO [167/372] 109d276b-9792-414c-8e79-5ce57275f4dc: 41 groups; 1.1 s; peak memory 1116 MiB.
2026-09-23T16:16:04Z INFO [168/372] 109d4b5f-e5f0-439f-a667-0ca67cc1b8f8: 32 groups; 1.2 s; peak memory 1116 MiB.
2026-09-23T16:16:05Z INFO [169/372] 109d7e76-96db-4b66-ac4f-4bf987ff8357: 16 groups; 0.8 s; peak memory 1116 MiB.
2026-09-23T16:16:13Z INFO [170/372] 109db6a7-500b-4e59-83ca-8422c27137cf: 22 groups; 8.2 s; peak memory 1116 MiB.
2026-09-23T16:16:17Z INFO [171/372] 109e4334-020e-49a0-b260-22272359c9d2: 75 groups; 3.6 s; peak memory 1116 MiB.
2026-09-23T16:16:18Z INFO [172/372] 109ecae3-f48e-4c04-b737-e685344b07cc: 32 groups; 0.9 s; peak memory 1116 MiB.
2026-09-23T16:16:32Z INFO [173/372] 109f6ebf-60df-4c56-b65b-ed7b1ae0777d: 491 groups; 14.5 s; peak memory 1116 MiB.
2026-09-23T16:16:33Z INFO [174/372] 10a05d6a-e3dd-4d83-9c8d-513ff44e1b38: 35 groups; 1.1 s; peak memory 1116 MiB.
2026-09-23T16:16:34Z INFO [175/372] 10a18410-dc7f-4cc3-8e48-fb7699fbd0e3: 22 groups; 0.6 s; peak memory 1116 MiB.
2026-09-23T16:16:35Z INFO [176/372] 10a24716-dfa1-41d2-b657-181cb25f777a: 22 groups; 0.9 s; peak memory 1116 MiB.
2026-09-23T16:16:36Z INFO [177/372] 10a250a8-04d2-4f64-8d29-f89f61880248: 338 groups; 1.5 s; peak memory 1116 MiB.
2026-09-23T16:16:41Z INFO [178/372] 10a2e8e1-dd7f-4899-a3c1-f79984d8c9f7: 53 groups; 4.8 s; peak memory 1116 MiB.
2026-09-23T16:16:54Z INFO [179/372] 10a350fe-5d6d-4e83-8f55-d08890264d09: 177 groups; 12.7 s; peak memory 1116 MiB.
2026-09-23T16:17:04Z INFO [180/372] 10a3610a-dbc1-4ada-9022-184ead82033f: 192 groups; 9.9 s; peak memory 1116 MiB.
2026-09-23T16:17:05Z INFO [181/372] 10a3cc81-a0c2-4951-aec2-b85b407e5d0b: 32 groups; 1.0 s; peak memory 1116 MiB.
2026-09-23T16:17:06Z INFO [182/372] 10a4c048-cf9d-48dd-a979-f584c3349a95: 25 groups; 0.8 s; peak memory 1116 MiB.
2026-09-23T16:17:07Z INFO [183/372] 10a50d7b-f975-4177-ab0a-ef3674069c55: 35 groups; 1.2 s; peak memory 1116 MiB.
2026-09-23T16:17:13Z INFO [184/372] 10a52ff8-70db-4b7c-adc4-9cb044581cfc: 164 groups; 6.0 s; peak memory 1116 MiB.
2026-09-23T16:17:14Z INFO [185/372] 10a60ca7-3d04-431c-b4b0-1493adca10ac: 32 groups; 1.0 s; peak memory 1116 MiB.
2026-09-23T16:17:15Z INFO [186/372] 10a6e602-8848-4a4f-9a42-1695ac087f09: 22 groups; 1.0 s; peak memory 1116 MiB.
2026-09-23T16:17:15Z INFO [187/372] 10a786bb-b4b1-4589-a498-ff75b1a0de67: 22 groups; 0.8 s; peak memory 1116 MiB.
2026-09-23T16:17:57Z INFO [188/372] 10a7b805-db0a-4991-99a4-605881d45b93: 110 groups; 41.7 s; peak memory 1116 MiB.
2026-09-23T16:17:59Z INFO [189/372] 10a876a6-3d06-4dba-a842-716f43c8f0a6: 33 groups; 1.5 s; peak memory 1116 MiB.
2026-09-23T16:18:00Z INFO [190/372] 10a8a491-0dbf-4018-894f-e1eefdb1f22c: 337 groups; 1.4 s; peak memory 1116 MiB.
2026-09-23T16:18:01Z INFO [191/372] 10a90a62-1f05-4be6-80ce-7b05a90aeb22: 32 groups; 1.1 s; peak memory 1116 MiB.
2026-09-23T16:18:02Z INFO [192/372] 10a924d1-de72-4143-860e-55c76d7d0d82: 35 groups; 1.1 s; peak memory 1116 MiB.
2026-09-23T16:18:03Z INFO [193/372] 10a943a3-cba0-4270-a7a5-04ce1c512012: 35 groups; 0.9 s; peak memory 1116 MiB.
2026-09-23T16:18:04Z INFO [194/372] 10a94972-79a6-4793-990e-1e3a48232458: 32 groups; 1.1 s; peak memory 1116 MiB.
2026-09-23T16:18:05Z INFO [195/372] 10a95db0-86f5-4773-a8df-b80a8991d266: 33 groups; 0.8 s; peak memory 1116 MiB.
2026-09-23T16:18:06Z INFO [196/372] 10a99bed-287d-432f-93de-9ec98d925048: 35 groups; 1.2 s; peak memory 1116 MiB.
2026-09-23T16:18:08Z INFO [197/372] 10aa45f0-7b83-4ae5-8f09-33e1974d351f: 204 groups; 1.6 s; peak memory 1116 MiB.
2026-09-23T16:18:09Z INFO [198/372] 10ab8ef3-3e39-4688-8ed8-c75614062898: 29 groups; 0.8 s; peak memory 1116 MiB.
2026-09-23T16:18:10Z INFO [199/372] 10ab9fea-0fad-4c8e-9bb3-8c0690d66fb8: 24 groups; 1.4 s; peak memory 1116 MiB.
2026-09-23T16:18:16Z INFO [200/372] 10ac1a40-6918-4eea-b80c-d887bad92ae9: 22 groups; 6.4 s; peak memory 1116 MiB.
2026-09-23T16:18:17Z INFO [200/372] 10ac1a40-6918-4eea-b80c-d887bad92ae9: checkpointed 54877 records.
2026-09-23T16:18:21Z INFO [201/372] 10ac24fa-5825-4aea-9812-b5f3eeada411: 78 groups; 4.2 s; peak memory 1116 MiB.
2026-09-23T16:18:22Z INFO [202/372] 10ac8d87-44d4-4a9c-99f9-6048925f1047: 22 groups; 0.9 s; peak memory 1116 MiB.
2026-09-23T16:18:23Z INFO [203/372] 10acb369-9b00-4445-820d-874ff9756c83: 207 groups; 1.7 s; peak memory 1116 MiB.
2026-09-23T16:18:27Z INFO [204/372] 10ad1677-82fd-4be8-9240-dcf4305483c3: 36 groups; 3.1 s; peak memory 1116 MiB.
2026-09-23T16:18:27Z INFO [205/372] 10ad37b2-a0a5-4dc6-9fe0-a6f7a50d1e3e: 22 groups; 0.8 s; peak memory 1116 MiB.
2026-09-23T16:18:28Z INFO [206/372] 10ad5dc7-ec27-4cce-a60f-c4faa4100509: 32 groups; 0.9 s; peak memory 1116 MiB.
2026-09-23T16:18:30Z INFO [207/372] 10ad84ef-aa40-462c-a687-07f78cb285a7: 199 groups; 1.5 s; peak memory 1116 MiB.
2026-09-23T16:18:31Z INFO [208/372] 10addf21-e956-4991-a805-6a196122da65: 32 groups; 1.0 s; peak memory 1116 MiB.
2026-09-23T16:18:32Z INFO [209/372] 10adf08a-31f4-47f7-b3ff-5147ded50ae8: 33 groups; 0.9 s; peak memory 1116 MiB.
2026-09-23T16:18:32Z INFO [210/372] 10aef2ad-6e1e-4ba7-95f2-410cec75f270: 22 groups; 0.8 s; peak memory 1116 MiB.
2026-09-23T16:18:33Z INFO [211/372] 10b018b3-cbd6-4c39-8b1f-02545f968f18: 16 groups; 0.6 s; peak memory 1116 MiB.
2026-09-23T16:18:34Z INFO [212/372] 10b0a30f-7ca7-49bc-8748-cfe5e1c6b41f: 22 groups; 0.8 s; peak memory 1116 MiB.
2026-09-23T16:18:50Z INFO [213/372] 10b1cc33-842b-4278-9a94-581e9ff5cf48: 329 groups; 16.3 s; peak memory 1116 MiB.
2026-09-23T16:18:51Z INFO [214/372] 10b252bd-c35e-4404-9299-7e8f908d2701: 35 groups; 1.1 s; peak memory 1116 MiB.
2026-09-23T16:18:52Z INFO [215/372] 10b260b0-f641-485c-8c85-d0a453c41511: 16 groups; 0.7 s; peak memory 1116 MiB.
2026-09-23T16:18:53Z INFO [216/372] 10b46a95-6809-4a74-8ac5-c76422b8ed35: 194 groups; 1.4 s; peak memory 1116 MiB.
2026-09-23T16:18:54Z INFO [217/372] 10b55d33-e928-4cee-bad2-87297214a656: 32 groups; 0.9 s; peak memory 1116 MiB.
2026-09-23T16:18:55Z INFO [218/372] 10b57a8c-21b0-4db6-b29a-fc37059fa6ff: 32 groups; 0.9 s; peak memory 1116 MiB.
2026-09-23T16:19:01Z INFO [219/372] 10b68a32-6a7d-49a6-97cd-db75be278318: 192 groups; 5.6 s; peak memory 1116 MiB.
2026-09-23T16:19:01Z INFO [220/372] 10b76568-d37f-487e-bedf-9ffec6fb5826: 16 groups; 0.6 s; peak memory 1116 MiB.
2026-09-23T16:19:02Z INFO [221/372] 10b7a74f-8377-459d-8373-5c1865a13086: 32 groups; 1.0 s; peak memory 1116 MiB.
2026-09-23T16:19:03Z INFO [222/372] 10b7da6c-f107-47be-96a0-762428173316: 32 groups; 0.9 s; peak memory 1116 MiB.
2026-09-23T16:19:04Z INFO [223/372] 10b80e1c-2bd7-4461-8bb4-6076df6db724: 72 groups; 0.9 s; peak memory 1116 MiB.
2026-09-23T16:19:05Z INFO [224/372] 10b89f37-59e3-4373-b7a5-1f720e92552b: 32 groups; 0.9 s; peak memory 1116 MiB.
2026-09-23T16:19:06Z INFO [225/372] 10b8a17d-affb-409c-b982-b31c227a0ce1: 22 groups; 0.9 s; peak memory 1116 MiB.
2026-09-23T16:19:07Z INFO [226/372] 10b94771-8302-4c5a-8e5a-103d23b6885b: 202 groups; 1.1 s; peak memory 1116 MiB.
2026-09-23T16:19:08Z INFO [227/372] 10b9dfdd-3534-4acd-aab0-91ddb6d4e8e7: 22 groups; 0.9 s; peak memory 1116 MiB.
2026-09-23T16:19:09Z INFO [228/372] 10bac657-1a4e-4311-9927-de5270d3f488: 254 groups; 1.0 s; peak memory 1116 MiB.
2026-09-23T16:19:10Z INFO [229/372] 10baf779-6190-4e5a-ada9-4a38561f6c75: 35 groups; 1.2 s; peak memory 1116 MiB.
2026-09-23T16:20:56Z INFO [230/372] 10bb6c77-c07e-40f7-a757-a888cf74f859: 77 groups; 106.4 s; peak memory 1116 MiB.
2026-09-23T16:21:10Z INFO [231/372] 10bc82bc-bff0-4a7b-a211-9e646a1a052a: 195 groups; 14.1 s; peak memory 1116 MiB.
2026-09-23T16:22:21Z INFO [232/372] 10bc872b-5417-4364-89b8-f24c221af3d7: 11814 groups; 70.3 s; peak memory 1116 MiB.
2026-09-23T16:22:23Z INFO [233/372] 10bd4984-fe2d-4ea7-a756-7ecf0b63ae3d: 50 groups; 2.4 s; peak memory 1116 MiB.
2026-09-23T16:22:25Z INFO [234/372] 10bd4ed4-fd94-4e18-9bfb-bc244460cec2: 17 groups; 1.9 s; peak memory 1116 MiB.
2026-09-23T16:22:28Z INFO [235/372] 10bd564a-0216-4c74-a53d-9f9a76cc622e: 30 groups; 2.6 s; peak memory 1116 MiB.
2026-09-23T16:22:29Z INFO [236/372] 10bdf545-1353-4293-a45f-8aa0d69d6aa0: 35 groups; 1.1 s; peak memory 1116 MiB.
2026-09-23T16:22:30Z INFO [237/372] 10be0ba6-6a8a-49be-89de-b9be039d012e: 22 groups; 0.8 s; peak memory 1116 MiB.
2026-09-23T16:22:30Z INFO [238/372] 10be6e12-2126-42e8-8bd8-3b805cddef7e: 22 groups; 0.8 s; peak memory 1116 MiB.
2026-09-23T16:22:31Z INFO [239/372] 10be8d0f-dd52-4a9e-8fa6-ccef99f65484: 22 groups; 0.8 s; peak memory 1116 MiB.
2026-09-23T16:22:32Z INFO [240/372] 10beb84b-915f-47ff-a688-63a74b26919f: 22 groups; 0.9 s; peak memory 1116 MiB.
2026-09-23T16:22:33Z INFO [241/372] 10bee475-1ff0-49dd-8793-08341149034e: 32 groups; 0.9 s; peak memory 1116 MiB.
2026-09-23T16:22:34Z INFO [242/372] 10c0626f-deb1-4721-ad8f-a42454b2cae0: 22 groups; 0.8 s; peak memory 1116 MiB.
2026-09-23T16:22:38Z INFO [243/372] 10c09141-f929-4248-96bf-0df69eb1aff4: 134 groups; 4.3 s; peak memory 1116 MiB.
2026-09-23T16:22:39Z INFO [244/372] 10c126dc-82aa-4a9f-add8-1187c584adc7: 41 groups; 1.3 s; peak memory 1116 MiB.
2026-09-23T16:22:40Z INFO [245/372] 10c1622a-7b27-465c-a0f5-74277f13e97e: 32 groups; 0.8 s; peak memory 1116 MiB.
2026-09-23T16:22:45Z INFO [246/372] 10c1b92c-92d2-45c9-9f24-d9e9f560671d: 78 groups; 4.5 s; peak memory 1116 MiB.
2026-09-23T16:22:47Z INFO [247/372] 10c2225a-e450-447f-9f5c-415b3f38b8d2: 48 groups; 2.1 s; peak memory 1116 MiB.
2026-09-23T16:22:48Z INFO [248/372] 10c23f50-a889-4e6f-97ab-9c665e01e9a2: 35 groups; 1.2 s; peak memory 1116 MiB.
2026-09-23T16:22:49Z INFO [249/372] 10c263e1-016c-4629-9878-8a420acfd7da: 25 groups; 0.9 s; peak memory 1116 MiB.
2026-09-23T16:26:10Z INFO [250/372] 10c33128-7ee2-4a7a-8316-0d0a721af464: 72 groups; 201.2 s; peak memory 1116 MiB.
2026-09-23T16:26:10Z INFO [250/372] 10c33128-7ee2-4a7a-8316-0d0a721af464: checkpointed 54927 records.
2026-09-23T16:26:11Z INFO [251/372] 10c3aa50-c1e1-4746-9125-13f67eb8d49b: 22 groups; 1.0 s; peak memory 1116 MiB.
2026-09-23T16:27:19Z INFO [252/372] 10c45119-8170-4dec-94f7-1ac65ecebb90: 33 groups; 67.8 s; peak memory 1116 MiB.
2026-09-23T16:27:20Z INFO [253/372] 10c5a40e-6ecb-488a-906c-ad5bd297b31d: 23 groups; 0.9 s; peak memory 1116 MiB.
2026-09-23T16:27:24Z INFO [254/372] 10c5afdd-9e2d-4858-b5b2-1ad2bd273b63: 67 groups; 4.6 s; peak memory 1116 MiB.
2026-09-23T16:27:30Z INFO [255/372] 10c62505-9955-4d20-984e-956e0a860145: 75 groups; 5.7 s; peak memory 1116 MiB.
2026-09-23T16:27:34Z INFO [256/372] 10c69522-84af-468b-8d9e-2c77bd203358: 78 groups; 4.3 s; peak memory 1116 MiB.
2026-09-23T16:27:35Z INFO [257/372] 10c6f29b-44f6-4d4c-aeae-f1ecee22023c: 22 groups; 0.8 s; peak memory 1116 MiB.
2026-09-23T16:27:40Z INFO [258/372] 10c77839-0ec9-4b72-ad30-7c866d5be50d: 53 groups; 5.1 s; peak memory 1116 MiB.
2026-09-23T16:27:47Z INFO [259/372] 10c803d2-f8bd-44af-b94c-93628e3e6b7f: 123 groups; 7.1 s; peak memory 1116 MiB.
2026-09-23T16:27:50Z INFO [260/372] 10c80d65-a105-48e7-bf54-4736142be19d: 54 groups; 2.3 s; peak memory 1116 MiB.
2026-09-23T16:27:51Z INFO [261/372] 10c95e9a-7e41-42d4-aca8-366bcbce4949: 33 groups; 1.0 s; peak memory 1116 MiB.
2026-09-23T16:27:54Z INFO [262/372] 10cab119-ca20-4fb6-bb8c-533b50a93826: 122 groups; 3.9 s; peak memory 1116 MiB.
2026-09-23T16:27:56Z INFO [263/372] 10cb11a1-cc0e-4b04-a4a9-97836658d33b: 32 groups; 1.2 s; peak memory 1116 MiB.
2026-09-23T16:28:00Z INFO [264/372] 10cc898e-a7eb-4a3b-9196-b875096b232e: 181 groups; 4.6 s; peak memory 1116 MiB.
2026-09-23T16:28:02Z INFO [265/372] 10cd2971-cece-4596-aa26-186faa31d3d5: 17 groups; 1.9 s; peak memory 1116 MiB.
2026-09-23T16:28:18Z INFO [266/372] 10cd51e4-1c01-4ca3-8603-4966d4be979b: 157 groups; 16.3 s; peak memory 1116 MiB.
2026-09-23T16:28:20Z INFO [267/372] 10ce2fef-64f7-4030-945e-32f58f2d663c: 341 groups; 1.8 s; peak memory 1116 MiB.
2026-09-23T16:28:21Z INFO [268/372] 10d0b5e3-2e9f-4620-81bc-2a91aa1724d9: 22 groups; 0.9 s; peak memory 1116 MiB.
2026-09-23T16:31:56Z INFO [269/372] 10d13e84-1072-47b2-8910-075b440b8997: 73 groups; 214.5 s; peak memory 1116 MiB.
2026-09-23T16:32:00Z INFO [270/372] 10d1bd9d-3abf-4dad-abf1-789abac5e4fa: 145 groups; 4.6 s; peak memory 1116 MiB.
2026-09-23T16:32:01Z INFO [271/372] 10d1c8f1-b45f-405a-9e6a-29f9cb2bd1b0: 29 groups; 0.6 s; peak memory 1116 MiB.
2026-09-23T16:32:02Z INFO [272/372] 10d20c0b-7913-49da-bcd3-0fab7cbcbce4: 29 groups; 1.0 s; peak memory 1116 MiB.
2026-09-23T16:32:03Z INFO [273/372] 10d27456-2817-4c65-92ba-4bb109cce220: 22 groups; 0.9 s; peak memory 1116 MiB.
2026-09-23T16:32:11Z INFO [274/372] 10d27abe-5550-4377-9558-456e973e13d4: 68 groups; 8.1 s; peak memory 1116 MiB.
2026-09-23T16:32:12Z INFO [275/372] 10d27b10-c6bf-4efe-8888-c97051724d97: 341 groups; 1.6 s; peak memory 1116 MiB.
2026-09-23T16:32:14Z INFO [276/372] 10d28e71-7619-42f2-8a5d-c5adbbe72391: 32 groups; 1.3 s; peak memory 1116 MiB.
2026-09-23T16:32:14Z INFO [277/372] 10d2bf09-784e-4c4f-bd31-d8dd54807a99: 22 groups; 0.8 s; peak memory 1116 MiB.
2026-09-23T16:32:15Z INFO [278/372] 10d2d3e2-abc3-4276-83bf-8b2e727cf997: 22 groups; 0.9 s; peak memory 1116 MiB.
2026-09-23T16:32:16Z INFO [279/372] 10d2f549-c4c7-46d5-a4e3-0d76b5d042a6: 22 groups; 0.8 s; peak memory 1116 MiB.
2026-09-23T16:32:18Z INFO [280/372] 10d489bc-7dd7-4a23-9742-c9f4982450a2: 48 groups; 2.1 s; peak memory 1116 MiB.
2026-09-23T16:32:22Z INFO [281/372] 10d4c9e8-67de-46fb-ad38-e16f1e9207e5: 105 groups; 3.9 s; peak memory 1116 MiB.
2026-09-23T16:32:23Z INFO [282/372] 10d4e558-25cf-42f6-907f-5d131825d9a4: 32 groups; 1.2 s; peak memory 1116 MiB.
2026-09-23T16:32:24Z INFO [283/372] 10d5545e-3aeb-4a58-b699-70399b8a74f9: 32 groups; 1.0 s; peak memory 1116 MiB.
2026-09-23T16:57:24Z INFO [284/372] 10d5cebb-c6c5-45e9-9832-8127e2d639bf: 187 groups; 1499.6 s; peak memory 1235 MiB.
2026-09-23T16:57:26Z INFO [285/372] 10d72323-f2cd-4df3-8295-290261f509e3: 47 groups; 2.1 s; peak memory 1235 MiB.
2026-09-23T16:57:27Z INFO [286/372] 10d834b6-0201-46ad-84c1-c2b8abad8158: 25 groups; 1.1 s; peak memory 1235 MiB.
2026-09-23T16:57:28Z INFO [287/372] 10d858cc-3b34-4243-9fcb-b9103b4b2e88: 22 groups; 0.9 s; peak memory 1235 MiB.
2026-09-23T16:57:29Z INFO [288/372] 10d9568a-8d0f-48f9-b710-7888e0af7d5d: 35 groups; 1.3 s; peak memory 1235 MiB.
2026-09-23T16:57:31Z INFO [289/372] 10d96039-6634-4b40-991b-1943d858a19d: 67 groups; 1.2 s; peak memory 1235 MiB.
2026-09-23T16:57:32Z INFO [290/372] 10d9bc02-74ab-402e-ac14-d807c6d5cbef: 35 groups; 1.2 s; peak memory 1235 MiB.
2026-09-23T16:57:33Z INFO [291/372] 10d9fc9e-50b8-4312-bed7-5a0fe18cc39a: 32 groups; 0.9 s; peak memory 1235 MiB.
2026-09-23T16:59:23Z INFO [292/372] 10da5baa-93da-4231-b0ce-7c7175a9925f: 60 groups; 110.1 s; peak memory 1235 MiB.
2026-09-23T16:59:24Z INFO [293/372] 10da9e8b-9723-42ff-9e3a-458623918f4e: 31 groups; 0.8 s; peak memory 1235 MiB.
2026-09-23T16:59:25Z INFO [294/372] 10dab54f-f097-4574-bf33-ac8d47a00e56: 22 groups; 0.8 s; peak memory 1235 MiB.
2026-09-23T16:59:35Z INFO [295/372] 10dada62-f0c0-4c85-b536-1e4e2e8c77c6: 236 groups; 10.8 s; peak memory 1235 MiB.
2026-09-23T16:59:36Z INFO [296/372] 10dbd649-ebd2-4dff-841e-7009b85fe353: 28 groups; 1.0 s; peak memory 1235 MiB.
2026-09-23T16:59:37Z INFO [297/372] 10dc7724-bd98-43ff-b22a-110abcfdb303: 22 groups; 1.0 s; peak memory 1235 MiB.
2026-09-23T16:59:45Z INFO [298/372] 10dcc047-e3a7-4af6-a859-d4768b884125: 49 groups; 7.5 s; peak memory 1235 MiB.
2026-09-23T16:59:47Z INFO [299/372] 10dd2b1f-1aa8-49ac-aa59-08f2ccfb412f: 48 groups; 2.2 s; peak memory 1235 MiB.
2026-09-23T16:59:48Z INFO [300/372] 10dd60e4-843c-4ebb-8109-52903eee9e85: 48 groups; 1.3 s; peak memory 1235 MiB.
2026-09-23T16:59:48Z INFO [300/372] 10dd60e4-843c-4ebb-8109-52903eee9e85: checkpointed 54977 records.
2026-09-23T16:59:52Z INFO [301/372] 10dd8524-737f-41e2-9026-5045c74ae632: 56 groups; 4.0 s; peak memory 1235 MiB.
2026-09-23T17:01:13Z INFO [302/372] 10de1718-c4af-41ca-b16f-f4ed2e60968b: 25 groups; 80.8 s; peak memory 1235 MiB.
2026-09-23T17:01:29Z INFO [303/372] 10df3632-ece9-483e-aa22-d1886fbc9b7f: 258 groups; 15.6 s; peak memory 1235 MiB.
2026-09-23T17:01:30Z INFO [304/372] 10e0ff74-3f81-4710-8210-ecd94fae833e: 52 groups; 1.1 s; peak memory 1235 MiB.
2026-09-23T17:01:31Z INFO [305/372] 10e17085-9209-4f3a-95de-7ab80470c774: 207 groups; 1.2 s; peak memory 1235 MiB.
2026-09-23T17:01:39Z INFO [306/372] 10e181d3-583b-4e05-ab13-a216a50fa551: 76 groups; 7.6 s; peak memory 1235 MiB.
2026-09-23T17:01:43Z INFO [307/372] 10e1f4c6-8bed-4d9b-a4e6-d48900069d9e: 78 groups; 3.9 s; peak memory 1235 MiB.
2026-09-23T17:01:44Z INFO [308/372] 10e427ed-1958-4dbf-b16c-02003887e428: 35 groups; 1.1 s; peak memory 1235 MiB.
2026-09-23T17:01:45Z INFO [309/372] 10e43dfb-88ee-4f31-a224-901a03f63dc7: 22 groups; 0.9 s; peak memory 1235 MiB.
2026-09-23T17:01:46Z INFO [310/372] 10e76c3f-f36e-432b-9c23-8cac0cd76167: 35 groups; 1.2 s; peak memory 1235 MiB.
2026-09-23T17:01:47Z INFO [311/372] 10e78344-55d9-45fb-93f6-95f2259b19f9: 22 groups; 0.9 s; peak memory 1235 MiB.
2026-09-23T17:01:48Z INFO [312/372] 10e79aac-b89e-4d3b-b357-3526b0bd3d49: 255 groups; 1.2 s; peak memory 1235 MiB.
2026-09-23T17:01:49Z INFO [313/372] 10e7bb69-db77-4ead-8be0-1e202fa0a810: 22 groups; 0.8 s; peak memory 1235 MiB.
2026-09-23T17:01:50Z INFO [314/372] 10e7fb59-bcce-49b0-9fba-114e0271f597: 24 groups; 1.8 s; peak memory 1235 MiB.
2026-09-23T17:01:51Z INFO [315/372] 10e81bea-c4b7-4d12-a50e-131c500ba6c1: 32 groups; 0.9 s; peak memory 1235 MiB.
2026-09-23T17:01:53Z INFO [316/372] 10e81da0-21fe-4233-be83-382ab6326320: 35 groups; 1.1 s; peak memory 1235 MiB.
2026-09-23T17:01:53Z INFO [317/372] 10e89006-736c-43ac-a1e3-0be61a35f1a2: 22 groups; 0.8 s; peak memory 1235 MiB.
2026-09-23T17:01:54Z INFO [318/372] 10ea15d0-f884-4c8e-8d02-7928d2abd8ea: 16 groups; 0.6 s; peak memory 1235 MiB.
2026-09-23T17:01:55Z INFO [319/372] 10ea4ef5-6a71-457d-afa0-8819d7ef7726: 49 groups; 1.3 s; peak memory 1235 MiB.
2026-09-23T17:02:03Z INFO [320/372] 10eb2efc-744c-48ac-a518-1ce20bcba6b9: 222 groups; 8.0 s; peak memory 1235 MiB.
2026-09-23T17:02:05Z INFO [321/372] 10ebad13-2e07-4a4f-817f-ff5cba863e97: 17 groups; 2.0 s; peak memory 1235 MiB.
2026-09-23T17:02:06Z INFO [322/372] 10ebd607-49c6-412f-b54a-f9d2038f039f: 24 groups; 1.0 s; peak memory 1235 MiB.
2026-09-23T17:02:07Z INFO [323/372] 10ec5d5b-8461-4439-a47d-e59d137a962a: 29 groups; 1.0 s; peak memory 1235 MiB.
2026-09-23T17:02:26Z INFO [324/372] 10ec78b9-2647-4a1f-b41a-226052cbdd3a: 23 groups; 18.9 s; peak memory 1235 MiB.
2026-09-23T17:02:27Z INFO [325/372] 10ed2569-a1df-451b-90f0-c2f4250801b3: 32 groups; 1.1 s; peak memory 1235 MiB.
2026-09-23T17:02:28Z INFO [326/372] 10edea5e-3b6a-4462-99a2-70c210154433: 28 groups; 0.7 s; peak memory 1235 MiB.
2026-09-23T17:02:32Z INFO [327/372] 10ee88c9-7fc8-4882-be44-9b1fab3c74eb: 75 groups; 3.8 s; peak memory 1235 MiB.
2026-09-23T17:02:33Z INFO [328/372] 10eea603-0faa-40c2-83fc-11dbc0246578: 32 groups; 0.9 s; peak memory 1235 MiB.
2026-09-23T17:02:34Z INFO [329/372] 10ef76fd-d7cb-45cd-82d8-d41f9148e9da: 22 groups; 0.8 s; peak memory 1235 MiB.
2026-09-23T17:02:34Z INFO [330/372] 10ef858a-0e8c-4c87-857f-6c32edf47b80: 32 groups; 1.0 s; peak memory 1235 MiB.
2026-09-23T17:03:44Z INFO [331/372] 10efb5ed-f4ca-4742-a8be-9eea4e2cd50e: 33 groups; 69.3 s; peak memory 1235 MiB.
2026-09-23T17:03:45Z INFO [332/372] 10f1c071-fe44-4fac-b3af-83596e8705e8: 194 groups; 1.3 s; peak memory 1235 MiB.
2026-09-23T17:03:53Z INFO [333/372] 10f1ee32-f8f3-4e9c-bb3c-3788f8ac48a8: 36 groups; 8.0 s; peak memory 1235 MiB.
2026-09-23T17:03:54Z INFO [334/372] 10f1f773-b196-4b4d-80aa-98cf371203a9: 33 groups; 1.2 s; peak memory 1235 MiB.
2026-09-23T17:03:56Z INFO [335/372] 10f29c41-58e4-4761-b709-e614b119f8a1: 341 groups; 1.8 s; peak memory 1235 MiB.
2026-09-23T17:03:57Z INFO [336/372] 10f2cb2a-19da-484d-a181-ba87dd900f95: 207 groups; 1.2 s; peak memory 1235 MiB.
2026-09-23T17:04:04Z INFO [337/372] 10f351f7-26a3-4bb2-9f93-31cb4c074869: 54 groups; 6.8 s; peak memory 1235 MiB.
2026-09-23T17:04:31Z INFO [338/372] 10f589cc-a5a6-4d48-b547-ce05bf8f8969: 272 groups; 26.6 s; peak memory 1235 MiB.
2026-09-23T17:04:32Z INFO [339/372] 10f5bd66-78cb-4ee5-b866-7e812c68f95f: 35 groups; 1.3 s; peak memory 1235 MiB.
2026-09-23T17:04:33Z INFO [340/372] 10f6b5a5-1c7c-4cfe-bad5-2f7bd15c8e1e: 22 groups; 1.0 s; peak memory 1235 MiB.
2026-09-23T17:04:34Z INFO [341/372] 10f6df6d-4fa1-495b-bea3-0ac38c98a0c7: 25 groups; 0.9 s; peak memory 1235 MiB.
2026-09-23T17:04:50Z INFO [342/372] 10f71536-d109-4ecc-a171-f81568b25be2: 23 groups; 16.1 s; peak memory 1235 MiB.
2026-09-23T17:06:33Z INFO [343/372] 10f82ca6-8a40-42eb-ad5f-4a983dd74e7b: 68 groups; 102.4 s; peak memory 1235 MiB.
2026-09-23T17:06:33Z INFO [344/372] 10f85ba3-1598-4868-b185-21f9c88bc116: 32 groups; 0.9 s; peak memory 1235 MiB.
2026-09-23T17:06:34Z INFO [345/372] 10f9bbdc-c66b-496e-8f5b-63ab76db9504: 22 groups; 1.0 s; peak memory 1235 MiB.
2026-09-23T17:06:35Z INFO [346/372] 10f9f739-c32d-43c9-b320-e0670a8ad6db: 30 groups; 0.9 s; peak memory 1235 MiB.
2026-09-23T17:06:36Z INFO [347/372] 10fa28c9-c4dd-4452-826b-00c15fd30957: 25 groups; 0.9 s; peak memory 1235 MiB.
2026-09-23T17:06:40Z INFO [348/372] 10fa3695-18be-477c-892d-081c7603adec: 78 groups; 4.0 s; peak memory 1235 MiB.
2026-09-23T17:06:41Z INFO [349/372] 10fa3b9a-d3d0-4b04-8ebf-c6996aafde97: 33 groups; 1.1 s; peak memory 1235 MiB.
2026-09-23T17:06:43Z INFO [350/372] 10fadef3-7d38-495a-be0a-c2c7fe5cc582: 48 groups; 1.9 s; peak memory 1235 MiB.
2026-09-23T17:06:43Z INFO [350/372] 10fadef3-7d38-495a-be0a-c2c7fe5cc582: checkpointed 55027 records.
2026-09-23T17:06:45Z INFO [351/372] 10fb170f-2a5c-4510-8e3d-dbb4d892bf9b: 33 groups; 1.5 s; peak memory 1235 MiB.
2026-09-23T17:06:46Z INFO [352/372] 10fc3634-694f-4185-b272-36f90ebe84ec: 32 groups; 0.7 s; peak memory 1235 MiB.
2026-09-23T17:06:48Z INFO [353/372] 10fc5c11-9210-42a0-a451-dc41575a5a36: 22 groups; 2.5 s; peak memory 1235 MiB.
2026-09-23T17:06:50Z INFO [354/372] 10fc8a38-982a-43da-8d37-f73c72cf2223: 207 groups; 1.6 s; peak memory 1235 MiB.
2026-09-23T17:07:40Z INFO [355/372] 10fc9065-8942-45c9-aa75-1ec102f09a62: 2474 groups; 50.1 s; peak memory 1235 MiB.
2026-09-23T17:07:41Z INFO [356/372] 10fcc4c9-1cd6-4aab-948f-f3ba063ed0d7: 29 groups; 1.1 s; peak memory 1235 MiB.
2026-09-23T17:07:41Z INFO [357/372] 10fdd593-4791-4056-a9ce-1d2e1047c293: 28 groups; 0.7 s; peak memory 1235 MiB.
2026-09-23T17:07:56Z INFO [358/372] 10fe80f9-ba1d-4a3c-9b19-125f82a99194: 610 groups; 14.2 s; peak memory 1235 MiB.
2026-09-23T17:08:13Z INFO [359/372] 110111dc-0ada-4bf2-a906-edb792f0a0b4: 23 groups; 17.0 s; peak memory 1235 MiB.
2026-09-23T17:08:14Z INFO [360/372] 11014c03-bc80-474e-9fcd-790542c71235: 22 groups; 0.9 s; peak memory 1235 MiB.
2026-09-23T17:08:15Z INFO [361/372] 11018df0-95fb-4749-a468-026fe7f83057: 32 groups; 1.0 s; peak memory 1235 MiB.
2026-09-23T17:08:16Z INFO [362/372] 1102bf79-f1ea-4f33-8a50-a149b84cc941: 203 groups; 1.0 s; peak memory 1235 MiB.
2026-09-23T17:08:17Z INFO [363/372] 110352dd-c975-40ec-8692-44514852f6ea: 32 groups; 1.0 s; peak memory 1235 MiB.
2026-09-23T17:08:17Z INFO [364/372] 11037bd7-db35-4a26-9398-c8559d80df39: 22 groups; 0.8 s; peak memory 1235 MiB.
2026-09-23T17:08:19Z INFO [365/372] 110396c5-4199-459b-ab6d-e04c6c73fda9: 194 groups; 1.3 s; peak memory 1235 MiB.
2026-09-23T17:08:26Z INFO [366/372] 1103a605-bf22-41cb-bc3f-e2de2172cf23: 168 groups; 7.6 s; peak memory 1235 MiB.
2026-09-23T17:08:28Z INFO [367/372] 1103eb85-5038-49dd-8624-b4658b6b04ca: 206 groups; 1.2 s; peak memory 1235 MiB.
2026-09-23T17:08:28Z INFO [368/372] 1105bc53-1037-4407-8423-1e851758a844: 32 groups; 0.9 s; peak memory 1235 MiB.
2026-09-23T17:08:29Z INFO [369/372] 1105c3e5-ad8b-436c-8e40-39925c7e9845: 22 groups; 0.9 s; peak memory 1235 MiB.
2026-09-23T17:08:30Z INFO [370/372] 1106370f-3b4f-4278-83cd-fd3bbd99d9a3: 108 groups; 1.1 s; peak memory 1235 MiB.
2026-09-23T17:08:31Z INFO [371/372] 110725c6-69dc-4a70-a960-fce3977e136e: 257 groups; 1.1 s; peak memory 1235 MiB.
2026-09-23T17:08:33Z INFO [372/372] 11083dba-f6b6-450d-9709-0ac34e362564: 48 groups; 1.3 s; peak memory 1235 MiB.
2026-09-23T17:08:33Z INFO Wrote 55049 records to /tmp/derivatives/valid_nwb_file_to_number_of_groups.jsonl (372 new, 0 failed) in 91.0 min (peak memory 1235 MiB).
