2026-09-30T17:04:31Z INFO Logging to /tmp/logs/update_2026-09-30T17-04-31Z.log.
2026-09-30T17:04:31Z INFO Update valid-nwb-file-to-number-of-groups (base directory /tmp).
2026-09-30T17:04:31Z INFO Processing 377 items (62099 already recorded).
2026-09-30T17:04:33Z INFO [1/377] 0006b7a8-e570-48de-89ec-83f61ec6cf19: 28 groups; 1.2 s; peak memory 99 MiB.
2026-09-30T17:04:34Z INFO [2/377] 009aa50f-cd5b-488b-83d2-d87d23c181f1: 28 groups; 1.0 s; peak memory 100 MiB.
2026-09-30T17:04:37Z INFO [3/377] 00e81420-8fc1-4583-a9c8-d6df0167928d: 71 groups; 3.3 s; peak memory 106 MiB.
2026-09-30T17:04:40Z INFO [4/377] 00eea04b-535c-4dde-ab27-aa34669531c4: 68 groups; 3.3 s; peak memory 108 MiB.
2026-09-30T17:04:44Z INFO [5/377] 01c6c527-0845-4e25-8d76-753c02930a46: 71 groups; 3.5 s; peak memory 108 MiB.
2026-09-30T17:04:47Z INFO [6/377] 02ca499d-e7f9-4910-80e1-b17b5ebf6511: 71 groups; 3.5 s; peak memory 108 MiB.
2026-09-30T17:04:48Z INFO [7/377] 02ed1d1a-8490-4ff5-8edf-487a49d4e031: 28 groups; 0.9 s; peak memory 109 MiB.
2026-09-30T17:04:49Z INFO [8/377] 02f1de7c-880b-464c-afcb-d0ccee9e9c20: 28 groups; 0.9 s; peak memory 109 MiB.
2026-09-30T17:04:50Z INFO [9/377] 03d85354-3030-4ffd-8ede-efd81e5123f4: 28 groups; 0.9 s; peak memory 109 MiB.
2026-09-30T17:04:53Z INFO [10/377] 0493104c-32b3-4dfd-9016-3905afa9f1df: 71 groups; 3.4 s; peak memory 109 MiB.
2026-09-30T17:04:54Z INFO [11/377] 050626c1-307a-485a-8353-28b5cfee24d8: 28 groups; 0.8 s; peak memory 109 MiB.
2026-09-30T17:04:55Z INFO [12/377] 0530c00a-b306-4405-b8a1-e25c322c4337: 28 groups; 1.0 s; peak memory 109 MiB.
2026-09-30T17:04:56Z INFO [13/377] 05bdb42b-abea-4d18-b57f-ae860af70774: 28 groups; 0.8 s; peak memory 109 MiB.
2026-09-30T17:04:56Z INFO [14/377] 065f3acb-5d5e-4854-8d9d-d240ff55dc78: 25 groups; 0.6 s; peak memory 109 MiB.
2026-09-30T17:04:58Z INFO [15/377] 0691fde2-e42f-4595-9566-64828a1d8b9c: 28 groups; 1.1 s; peak memory 109 MiB.
2026-09-30T17:05:01Z INFO [16/377] 078cac45-94bc-4895-88fd-7c1f1825092d: 71 groups; 3.1 s; peak memory 109 MiB.
2026-09-30T17:05:04Z INFO [17/377] 0798f687-696d-431f-b631-35dac97ac21f: 71 groups; 3.7 s; peak memory 111 MiB.
2026-09-30T17:05:07Z INFO [18/377] 07b78a12-b867-4a66-b271-dbc1ac7441ce: 29 groups; 2.2 s; peak memory 112 MiB.
2026-09-30T17:05:10Z INFO [19/377] 08bcd49b-4a48-4d79-9b16-59bdebcc0385: 71 groups; 3.5 s; peak memory 112 MiB.
2026-09-30T17:05:11Z INFO [20/377] 0902ecd3-0875-473a-a25d-c93b5c587be5: 25 groups; 0.7 s; peak memory 112 MiB.
2026-09-30T17:05:12Z INFO [21/377] 09447afb-24da-49f2-a79f-c4248b77573d: 28 groups; 0.9 s; peak memory 112 MiB.
2026-09-30T17:05:12Z INFO [22/377] 0adc547b-5922-4255-9690-7bd967e6a4c2: 28 groups; 0.7 s; peak memory 112 MiB.
2026-09-30T17:05:13Z INFO [23/377] 0b5e3175-8ed4-4687-81be-923ba8825a58: 28 groups; 0.8 s; peak memory 112 MiB.
2026-09-30T17:05:14Z INFO [24/377] 0bb3a36f-8617-4b5d-acc1-811f9a10c6e1: 27 groups; 0.8 s; peak memory 112 MiB.
2026-09-30T17:05:15Z INFO [25/377] 0bb814ea-0794-48d4-9921-bec5cfdafea9: 25 groups; 0.8 s; peak memory 112 MiB.
2026-09-30T17:05:16Z INFO [26/377] 0dbe42ae-005e-40dc-8cab-88e6a9477ada: 27 groups; 0.8 s; peak memory 112 MiB.
2026-09-30T17:05:19Z INFO [27/377] 0f0ff423-e117-4acf-bb77-2ed222b24a49: 71 groups; 3.6 s; peak memory 112 MiB.
2026-09-30T17:05:20Z INFO [28/377] 0f970f99-07c5-49db-b3e2-19cebb3521a2: 28 groups; 0.9 s; peak memory 112 MiB.
2026-09-30T17:05:21Z INFO [29/377] 10d6c1cd-1e02-4acd-b5d3-b2ffa6c3a179: 28 groups; 0.7 s; peak memory 112 MiB.
2026-09-30T17:05:22Z INFO [30/377] 11b6b49b-a73e-461c-b833-43f5d9035a6c: 28 groups; 0.8 s; peak memory 112 MiB.
2026-09-30T17:05:22Z INFO [31/377] 122bfbb8-fb66-4bc9-a841-8b929799157d: 25 groups; 0.5 s; peak memory 112 MiB.
2026-09-30T17:05:23Z INFO [32/377] 12500f13-a311-4e27-96a0-27461c28facc: 28 groups; 0.8 s; peak memory 112 MiB.
2026-09-30T17:05:26Z INFO [33/377] 12a418aa-14b2-4075-8523-93c3cca2a610: 29 groups; 2.6 s; peak memory 113 MiB.
2026-09-30T17:05:28Z INFO [34/377] 12b1af79-c7b1-419a-a695-d7f5932e4140: 71 groups; 2.9 s; peak memory 113 MiB.
2026-09-30T17:05:32Z INFO [35/377] 13687003-4be3-4fe8-b1ea-388e5788b0fb: 68 groups; 3.3 s; peak memory 113 MiB.
2026-09-30T17:05:33Z INFO [36/377] 13c8fbf3-fe70-4819-a773-1ba08cec8111: 26 groups; 0.8 s; peak memory 113 MiB.
2026-09-30T17:05:33Z INFO [37/377] 1406f1d9-d105-48c9-88a7-ed94a69a0ea7: 28 groups; 0.9 s; peak memory 113 MiB.
2026-09-30T17:05:36Z INFO [38/377] 144695e2-c035-4374-afb0-c8c2141900c1: 71 groups; 2.8 s; peak memory 113 MiB.
2026-09-30T17:05:37Z INFO [39/377] 144bfb09-a07f-4a9e-bea7-e61f49e44ce4: 28 groups; 0.9 s; peak memory 113 MiB.
2026-09-30T17:05:39Z INFO [40/377] 14c8b7be-cec3-4561-92e8-c9590ac4f449: 26 groups; 1.7 s; peak memory 113 MiB.
2026-09-30T17:05:41Z INFO [41/377] 1537471d-bed0-405e-8f9a-7f3c48a0e6cb: 29 groups; 2.4 s; peak memory 113 MiB.
2026-09-30T17:05:44Z INFO [42/377] 15ecf2a8-3056-4582-b238-6c1cbb78dd22: 71 groups; 2.9 s; peak memory 113 MiB.
2026-09-30T17:05:45Z INFO [43/377] 17741339-fbaf-41bc-b84c-e7213b51ae65: 25 groups; 0.6 s; peak memory 113 MiB.
2026-09-30T17:05:46Z INFO [44/377] 1900c1ca-92e7-495b-8624-0a4944ed4b46: 28 groups; 0.8 s; peak memory 113 MiB.
2026-09-30T17:05:46Z INFO [45/377] 194e5b03-cc2a-49c8-88af-029bdf257c08: 25 groups; 0.7 s; peak memory 113 MiB.
2026-09-30T17:05:48Z INFO [46/377] 19c7c19a-22f8-4076-945b-5aacf154b40f: 26 groups; 1.5 s; peak memory 113 MiB.
2026-09-30T17:05:51Z INFO [47/377] 1ad7bf8b-ac54-4762-9af5-4c50ee4c02df: 71 groups; 3.3 s; peak memory 113 MiB.
2026-09-30T17:05:54Z INFO [48/377] 1baf8740-46d7-4005-be11-a20c9bfc3cd2: 29 groups; 3.1 s; peak memory 113 MiB.
2026-09-30T17:05:55Z INFO [49/377] 1c21669d-3f48-4e58-a53d-044eeb3c1811: 28 groups; 0.8 s; peak memory 113 MiB.
2026-09-30T17:05:56Z INFO [50/377] 1c44d091-cc33-4827-b8c5-8d82ebe5117b: 28 groups; 0.9 s; peak memory 113 MiB.
2026-09-30T17:05:56Z INFO [50/377] 1c44d091-cc33-4827-b8c5-8d82ebe5117b: checkpointed 62149 records.
2026-09-30T17:05:57Z INFO [51/377] 1cbd496c-0169-432e-bd79-de1d8e4f6593: 28 groups; 0.7 s; peak memory 113 MiB.
2026-09-30T17:05:58Z INFO [52/377] 1d44ad02-26e1-4a6f-913b-1de541d62ad2: 27 groups; 0.7 s; peak memory 113 MiB.
2026-09-30T17:05:58Z INFO [53/377] 1d4d4a4a-1871-470e-a906-84ae926a2105: 28 groups; 0.7 s; peak memory 113 MiB.
2026-09-30T17:05:59Z INFO [54/377] 1d5a15f7-23bd-4160-8c78-f84271feec82: 27 groups; 0.8 s; peak memory 113 MiB.
2026-09-30T17:06:00Z INFO [55/377] 1d7d82c4-f26e-4c73-8d1c-ead55cdff720: 28 groups; 0.9 s; peak memory 113 MiB.
2026-09-30T17:06:01Z INFO [56/377] 1dd4582a-7524-41a1-8bba-a0b62ca9ac92: 25 groups; 0.6 s; peak memory 113 MiB.
2026-09-30T17:06:03Z INFO [57/377] 1ddedd46-bc2b-483e-bb6a-0ede4968e8aa: 29 groups; 2.8 s; peak memory 113 MiB.
2026-09-30T17:06:07Z INFO [58/377] 1df8ff0e-c737-4a07-a729-d70dc1ba8dc9: 71 groups; 3.8 s; peak memory 113 MiB.
2026-09-30T17:06:10Z INFO [59/377] 1e005262-fbb9-47bf-85cc-d364706934c5: 29 groups; 2.9 s; peak memory 113 MiB.
2026-09-30T17:06:13Z INFO [60/377] 1ec1693c-26f2-4156-91cc-5055258cbe70: 68 groups; 3.1 s; peak memory 113 MiB.
2026-09-30T17:06:21Z INFO [61/377] 1f82763c-d850-4d4a-b0dc-5334e68f9bff: 168 groups; 8.2 s; peak memory 141 MiB.
2026-09-30T17:06:22Z INFO [62/377] 1f82b393-10aa-45ad-8bc6-5e907017cc84: 25 groups; 0.7 s; peak memory 141 MiB.
2026-09-30T17:06:24Z INFO [63/377] 1f834924-2bdc-4424-b5d1-4063d9ac0fa1: 199 groups; 1.6 s; peak memory 141 MiB.
2026-09-30T17:06:24Z INFO [64/377] 1f836d20-1e0a-4a47-8a60-157c59587a15: 25 groups; 0.6 s; peak memory 141 MiB.
2026-09-30T17:06:25Z INFO [65/377] 1f8372af-f05e-4b50-b1a6-c7a90733c6e3: 22 groups; 0.6 s; peak memory 141 MiB.
2026-09-30T17:30:36Z INFO [66/377] 1f83867a-5196-4c0f-bd0b-83d86f79fe8c: 51 groups; 1451.1 s; peak memory 1085 MiB.
2026-09-30T17:30:37Z INFO [67/377] 1f8387e3-d6e1-42fa-9770-49d845827ed9: 22 groups; 0.8 s; peak memory 1085 MiB.
2026-09-30T17:30:41Z INFO [68/377] 1f838876-e9a1-473e-8f51-1aa208c90149: 148 groups; 4.2 s; peak memory 1085 MiB.
2026-09-30T17:30:42Z INFO [69/377] 1f839a96-1b7b-4fee-877a-6dd4445ee8df: 22 groups; 0.8 s; peak memory 1085 MiB.
2026-09-30T17:30:43Z INFO [70/377] 1f843506-b119-4c67-90f4-01b3b5f7519d: 194 groups; 1.1 s; peak memory 1085 MiB.
2026-09-30T17:30:43Z INFO [71/377] 1f8482b8-7651-4404-87fa-dfd6ed0c821c: 26 groups; 0.7 s; peak memory 1085 MiB.
2026-09-30T17:30:44Z INFO [72/377] 1f852fd5-4748-4445-ac86-9fedc6c6602f: 22 groups; 0.8 s; peak memory 1085 MiB.
2026-09-30T17:30:51Z INFO [73/377] 1f8543ba-0e01-4393-9876-92dae2c5f4e2: 189 groups; 7.1 s; peak memory 1085 MiB.
2026-09-30T17:30:52Z INFO [74/377] 1f85a8ab-4acf-440b-af1f-6b7a9eb490d7: 31 groups; 1.0 s; peak memory 1085 MiB.
2026-09-30T17:30:53Z INFO [75/377] 1f86e9e5-14fd-48ed-9297-2a081968fe68: 25 groups; 0.8 s; peak memory 1085 MiB.
2026-09-30T17:30:54Z INFO [76/377] 1f872f4a-65cb-461e-b77e-49a0e2118df5: 33 groups; 0.9 s; peak memory 1085 MiB.
2026-09-30T17:30:55Z INFO [77/377] 1f87e6f7-c288-4aa7-8e0f-f2cc3f1620a6: 30 groups; 0.6 s; peak memory 1085 MiB.
2026-09-30T17:30:55Z INFO [78/377] 1f88dac4-2dcb-4ca7-9ef8-afaf7c06882b: 32 groups; 0.9 s; peak memory 1085 MiB.
2026-09-30T17:30:56Z INFO [79/377] 1f898270-63a5-43ae-8395-e01b60b647fe: 253 groups; 0.7 s; peak memory 1085 MiB.
2026-09-30T17:30:57Z INFO [80/377] 1f89bb03-9138-41b5-bfab-4da9b2ae2d4d: 252 groups; 0.8 s; peak memory 1085 MiB.
2026-09-30T17:30:58Z INFO [81/377] 1f8a1580-fc41-4f79-af9c-99943c62e60c: 22 groups; 0.7 s; peak memory 1085 MiB.
2026-09-30T17:30:59Z INFO [82/377] 1f8ae127-628b-4c63-b454-d5d43baed8c1: 22 groups; 0.8 s; peak memory 1085 MiB.
2026-09-30T17:31:00Z INFO [83/377] 1f8bdb5b-483f-4693-8d18-de4c0a15fb7d: 203 groups; 1.1 s; peak memory 1085 MiB.
2026-09-30T17:31:00Z INFO [84/377] 1f8c216d-cb80-4d31-a18a-6c8d24757874: 31 groups; 0.5 s; peak memory 1085 MiB.
2026-09-30T17:31:01Z INFO [85/377] 1f8cb658-d141-40a5-97d4-4916c57675bc: 32 groups; 1.0 s; peak memory 1085 MiB.
2026-09-30T17:31:02Z INFO [86/377] 1f8d2e88-5100-4966-91e3-9b54a22f763a: 16 groups; 0.7 s; peak memory 1085 MiB.
2026-09-30T17:31:02Z INFO [87/377] 1f8d4570-d6ba-435b-bbdb-904c012eba9b: 22 groups; 0.6 s; peak memory 1085 MiB.
2026-09-30T17:31:04Z INFO [88/377] 1f8e4cfc-a2d2-4c9d-95ce-34a868d1fb27: 77 groups; 2.0 s; peak memory 1085 MiB.
2026-09-30T17:31:06Z INFO [89/377] 1f8ed83e-afde-45d6-a4d0-eab87b6254b8: 336 groups; 1.2 s; peak memory 1085 MiB.
2026-09-30T17:31:06Z INFO [90/377] 1f8eed6a-cd1e-482f-bac0-5f0fa1220ab3: 31 groups; 0.7 s; peak memory 1085 MiB.
2026-09-30T17:31:07Z INFO [91/377] 1f9008cb-c4c1-4e52-a9da-7db9d40c1568: 42 groups; 0.9 s; peak memory 1085 MiB.
2026-09-30T17:31:08Z INFO [92/377] 1f90779d-ca55-4845-ad52-32cb2e718f88: 32 groups; 0.8 s; peak memory 1085 MiB.
2026-09-30T17:31:09Z INFO [93/377] 1f90835c-7db1-4adf-88f1-77084a1d3598: 22 groups; 0.8 s; peak memory 1085 MiB.
2026-09-30T17:31:10Z INFO [94/377] 1f90be8c-203b-4689-8673-d48ce805a904: 48 groups; 1.5 s; peak memory 1085 MiB.
2026-09-30T17:31:11Z INFO [95/377] 1f910155-c41b-4597-bafb-20fad0f00808: 24 groups; 0.6 s; peak memory 1085 MiB.
2026-09-30T17:31:11Z INFO [96/377] 1f912b21-6ea2-4f70-a42d-353097c3d215: 16 groups; 0.5 s; peak memory 1085 MiB.
2026-09-30T17:31:12Z INFO [97/377] 1f9136f0-86d0-4058-9154-bab12e948557: 32 groups; 0.7 s; peak memory 1085 MiB.
2026-09-30T17:31:13Z INFO [98/377] 1f918818-4a06-4dbd-b57e-1d48da613a33: 22 groups; 0.9 s; peak memory 1085 MiB.
2026-09-30T17:31:14Z INFO [99/377] 1f91c9d4-e7fe-4986-86ef-ebf8ceedbd2a: 35 groups; 1.1 s; peak memory 1085 MiB.
2026-09-30T17:31:15Z INFO [100/377] 1f91e233-6c46-428d-850f-c4ce796f5aa1: 32 groups; 1.0 s; peak memory 1085 MiB.
2026-09-30T17:31:15Z INFO [100/377] 1f91e233-6c46-428d-850f-c4ce796f5aa1: checkpointed 62199 records.
2026-09-30T17:31:16Z INFO [101/377] 1f92658d-f290-44c4-9b57-63a056f21ebc: 30 groups; 0.6 s; peak memory 1085 MiB.
2026-09-30T17:31:18Z INFO [102/377] 1f926b1f-3e6e-4c1a-8882-c93ffdb513af: 52 groups; 2.0 s; peak memory 1085 MiB.
2026-09-30T17:31:19Z INFO [103/377] 1f92a77e-3407-41c6-ac5e-96d81aed4cbe: 25 groups; 0.7 s; peak memory 1085 MiB.
2026-09-30T17:33:10Z INFO [104/377] 1f94520e-2bd3-45b2-8f4a-206ba18a43b4: 60 groups; 111.2 s; peak memory 1085 MiB.
2026-09-30T17:33:12Z INFO [105/377] 1f94eb92-89fc-457d-b44b-038295ddd204: 47 groups; 2.7 s; peak memory 1085 MiB.
2026-09-30T17:33:14Z INFO [106/377] 1f96c8b6-4dda-4e18-aaf0-6d311b3b39be: 35 groups; 1.1 s; peak memory 1085 MiB.
2026-09-30T17:33:14Z INFO [107/377] 1f97385a-ce47-4981-a52a-0886a722e49c: 22 groups; 0.8 s; peak memory 1085 MiB.
2026-09-30T17:33:15Z INFO [108/377] 1f99174b-8518-4b1f-a507-5744a656b254: 22 groups; 0.9 s; peak memory 1085 MiB.
2026-09-30T17:33:16Z INFO [109/377] 1f99b24f-be7a-423c-8182-587b141e3c3b: 25 groups; 0.8 s; peak memory 1085 MiB.
2026-09-30T17:33:18Z INFO [110/377] 1f9a0ba8-3f88-41f5-a393-a6952f2c6ff2: 50 groups; 2.0 s; peak memory 1085 MiB.
2026-09-30T17:33:20Z INFO [111/377] 1f9a8c9a-9ba4-45cb-914b-dd12bcf54ada: 60 groups; 1.5 s; peak memory 1085 MiB.
2026-09-30T17:35:06Z INFO [112/377] 1f9bb2af-6367-44b9-84e1-27b914428bf2: 69 groups; 106.0 s; peak memory 1085 MiB.
2026-09-30T17:35:06Z INFO [113/377] 1f9c5517-359a-4fe3-b255-794bf2afcbd9: 18 groups; 0.6 s; peak memory 1085 MiB.
2026-09-30T17:35:34Z INFO [114/377] 1f9c84a8-ea77-4dd1-b278-1d451e47b1f5: 17 groups; 28.0 s; peak memory 1085 MiB.
2026-09-30T17:35:35Z INFO [115/377] 1f9cbe6c-bf4d-4cc1-9d8f-320ac1f146b0: 22 groups; 0.6 s; peak memory 1085 MiB.
2026-09-30T17:35:38Z INFO [116/377] 1f9d1760-7dae-4903-b414-fd65dd09d543: 135 groups; 3.1 s; peak memory 1085 MiB.
2026-09-30T17:35:39Z INFO [117/377] 1f9d79a8-d8cf-4c05-98fb-22b988fa3079: 22 groups; 0.8 s; peak memory 1085 MiB.
2026-09-30T17:35:40Z INFO [118/377] 1f9db0c4-5b46-4731-b180-c45442eaa733: 253 groups; 0.9 s; peak memory 1085 MiB.
2026-09-30T17:35:42Z INFO [119/377] 1f9e8e87-f21f-4cac-bfef-ac81b93999b9: 87 groups; 2.0 s; peak memory 1085 MiB.
2026-09-30T17:35:42Z INFO [120/377] 1f9f4ef5-6c43-4f9f-9e6d-4c27ed9e542e: 22 groups; 0.8 s; peak memory 1085 MiB.
2026-09-30T17:35:43Z INFO [121/377] 1fa0e330-359c-4369-93a6-756218333c33: 16 groups; 0.4 s; peak memory 1085 MiB.
2026-09-30T17:35:44Z INFO [122/377] 1fa24695-5343-44cd-b798-eb64003a3193: 22 groups; 0.7 s; peak memory 1085 MiB.
2026-09-30T17:35:44Z INFO [123/377] 1fa2a741-6879-40a5-949a-d3432f6bcea6: 28 groups; 0.5 s; peak memory 1085 MiB.
2026-09-30T17:35:45Z INFO [124/377] 1fa2df4d-a5f8-4c6f-80ea-2ef6ca251a8c: 35 groups; 0.7 s; peak memory 1085 MiB.
2026-09-30T17:35:46Z INFO [125/377] 1fa2e8d4-0a47-4fbf-ba2d-912b084aaf65: 35 groups; 0.9 s; peak memory 1085 MiB.
2026-09-30T17:35:48Z INFO [126/377] 1fa3239a-4d77-4b65-b275-70ece297c93d: 50 groups; 2.0 s; peak memory 1085 MiB.
2026-09-30T17:35:49Z INFO [127/377] 1fa348f7-f595-4c57-a117-234bb26f514b: 35 groups; 1.1 s; peak memory 1085 MiB.
2026-09-30T17:35:54Z INFO [128/377] 1fa494b4-423d-4719-a6d8-b809615ba55d: 169 groups; 5.4 s; peak memory 1085 MiB.
2026-09-30T17:35:55Z INFO [129/377] 1fa4ceb2-cb1a-484e-826d-5b685db6293f: 33 groups; 0.8 s; peak memory 1085 MiB.
2026-09-30T17:36:01Z INFO [130/377] 1fa5916c-d183-4854-b88e-60b57f1ef1d8: 80 groups; 6.1 s; peak memory 1085 MiB.
2026-09-30T17:36:02Z INFO [131/377] 1fa65a43-a26d-41f0-96a1-3b19f42951bd: 22 groups; 0.9 s; peak memory 1085 MiB.
2026-09-30T17:36:04Z INFO [132/377] 1fa6862c-ef27-4128-ba1b-844e9cf98471: 32 groups; 1.4 s; peak memory 1085 MiB.
2026-09-30T17:36:05Z INFO [133/377] 1fa6ac37-e8a9-4708-9aa5-11f4b3a472f2: 204 groups; 1.4 s; peak memory 1085 MiB.
2026-09-30T17:36:06Z INFO [134/377] 1fa7e2e0-a36b-403f-9492-1c91899d5f29: 32 groups; 0.7 s; peak memory 1085 MiB.
2026-09-30T17:36:07Z INFO [135/377] 1fa8c4d9-30c6-4e5b-ba2b-83636d99a3f1: 35 groups; 1.0 s; peak memory 1085 MiB.
2026-09-30T17:36:11Z INFO [136/377] 1faa2478-0c98-42ba-ba8e-9d9c01c36e5d: 85 groups; 4.6 s; peak memory 1085 MiB.
2026-09-30T17:36:28Z INFO [137/377] 1fab31b9-d0d4-48f5-8979-5ba59d3fa7aa: 23 groups; 16.5 s; peak memory 1085 MiB.
2026-09-30T17:36:28Z INFO [138/377] 1facdb24-7383-48c7-9134-5c2a9facd05a: 27 groups; 0.5 s; peak memory 1085 MiB.
2026-09-30T17:36:29Z INFO [139/377] 1fadbadc-6b19-4d1d-acd2-fb7b4d0df3d3: 194 groups; 0.9 s; peak memory 1085 MiB.
2026-09-30T17:36:30Z INFO [140/377] 1fade9ed-9fec-45bb-88d9-1f4b55c3c6c2: 25 groups; 0.8 s; peak memory 1085 MiB.
2026-09-30T17:36:31Z INFO [141/377] 1fae5c19-7f3c-458b-9bcd-8072f88bd9f6: 22 groups; 0.7 s; peak memory 1085 MiB.
2026-09-30T17:36:34Z INFO [142/377] 1faf73f8-d5fa-4813-8c29-5ac1f19a9175: 165 groups; 3.6 s; peak memory 1085 MiB.
2026-09-30T17:36:36Z INFO [143/377] 1fafc2ca-faa6-4126-84e4-f385c11f8264: 48 groups; 1.7 s; peak memory 1085 MiB.
2026-09-30T17:36:37Z INFO [144/377] 1fb01c9c-798f-423f-8b5a-d6d4d951ceb7: 22 groups; 0.8 s; peak memory 1085 MiB.
2026-09-30T17:36:39Z INFO [145/377] 1fb04600-d1bf-446f-badc-bb3abf517592: 73 groups; 1.9 s; peak memory 1085 MiB.
2026-09-30T17:36:40Z INFO [146/377] 1fb126bd-7549-4f24-a94c-45d651c3af8a: 22 groups; 1.0 s; peak memory 1085 MiB.
2026-09-30T17:36:41Z INFO [147/377] 1fb14fb6-04b2-4d0f-a159-1487a54250a7: 573 groups; 1.5 s; peak memory 1085 MiB.
2026-09-30T17:36:45Z INFO [148/377] 1fb16782-2020-4310-a722-332163596ff6: 116 groups; 4.1 s; peak memory 1085 MiB.
2026-09-30T17:36:46Z INFO [149/377] 1fb2e89d-4ee0-410c-ab3f-009a68daedbf: 200 groups; 1.0 s; peak memory 1085 MiB.
2026-09-30T17:36:47Z INFO [150/377] 1fb327d1-c21e-4187-900a-bd0a724d31a7: 33 groups; 0.7 s; peak memory 1085 MiB.
2026-09-30T17:36:47Z INFO [150/377] 1fb327d1-c21e-4187-900a-bd0a724d31a7: checkpointed 62249 records.
2026-09-30T17:36:48Z INFO [151/377] 1fb41534-bbc0-43c2-8a68-fada7c6d5dca: 22 groups; 0.7 s; peak memory 1085 MiB.
2026-09-30T17:36:49Z INFO [152/377] 1fb592f8-6874-49b2-ac5f-bd2b3ef79c73: 36 groups; 1.0 s; peak memory 1085 MiB.
2026-09-30T17:36:50Z INFO [153/377] 1fb62730-11af-4597-b002-c90ddc8c9979: 199 groups; 1.0 s; peak memory 1085 MiB.
2026-09-30T17:36:50Z INFO [154/377] 1fb65aed-0197-49f8-89a9-708eaf193fab: 26 groups; 0.6 s; peak memory 1085 MiB.
2026-09-30T17:36:51Z INFO [155/377] 1fb6c578-186c-40a6-ac6f-7bd6855a53ec: 30 groups; 0.7 s; peak memory 1085 MiB.
2026-09-30T17:36:52Z INFO [156/377] 1fb6fc22-05d9-4508-9734-8c559b77fcc1: 22 groups; 0.7 s; peak memory 1085 MiB.
2026-09-30T17:36:57Z INFO [157/377] 1fb71485-a03a-4a56-a60e-c381db8e7104: 160 groups; 5.2 s; peak memory 1085 MiB.
2026-09-30T17:37:01Z INFO [158/377] 1fb92f66-0a51-4be3-8e64-fe8e537aff4a: 75 groups; 3.7 s; peak memory 1085 MiB.
2026-09-30T17:37:01Z INFO [159/377] 1fb99752-f468-4e19-9b69-462e33e3954c: 26 groups; 0.6 s; peak memory 1085 MiB.
2026-09-30T17:37:02Z INFO [160/377] 1fb99d19-3ba7-4797-84e2-088a9986a7a1: 35 groups; 1.0 s; peak memory 1085 MiB.
2026-09-30T17:37:03Z INFO [161/377] 1fbac68e-3c50-447f-a048-7546c253f6c1: 28 groups; 0.6 s; peak memory 1085 MiB.
2026-09-30T17:37:04Z INFO [162/377] 1fbae131-2672-4cae-9bdc-8a45f73021f8: 337 groups; 1.0 s; peak memory 1085 MiB.
2026-09-30T17:37:16Z INFO [163/377] 1fbb253d-7d00-4f9a-8e1b-ada010bb27fc: 1622 groups; 11.9 s; peak memory 1085 MiB.
2026-09-30T17:37:17Z INFO [164/377] 1fbb88e2-6e51-400d-a4db-bd1f15385fea: 35 groups; 1.2 s; peak memory 1085 MiB.
2026-09-30T17:37:18Z INFO [165/377] 1fbb8a04-954d-41a7-a01c-5c47a1378877: 32 groups; 1.1 s; peak memory 1085 MiB.
2026-09-30T17:37:19Z INFO [166/377] 1fbc43b2-5249-4fbe-be60-b5abe39f4b54: 194 groups; 1.3 s; peak memory 1085 MiB.
2026-09-30T17:37:24Z INFO [167/377] 1fbc50ce-62af-4694-ba3a-a9d924c1d084: 172 groups; 4.2 s; peak memory 1085 MiB.
2026-09-30T17:37:29Z INFO [168/377] 1fbc809d-8871-4f2f-a00a-413a08fbb82f: 213 groups; 5.3 s; peak memory 1085 MiB.
2026-09-30T17:37:30Z INFO [169/377] 1fbdd097-9c72-48e8-941e-cbf7190f0bab: 32 groups; 1.0 s; peak memory 1085 MiB.
2026-09-30T17:37:31Z INFO [170/377] 1fbe3de8-54e9-4966-9bff-e1e489da082e: 22 groups; 0.8 s; peak memory 1085 MiB.
2026-09-30T17:37:34Z INFO [171/377] 1fbfc8e7-9fcf-44ab-8c9c-4baea03b57d8: 181 groups; 3.0 s; peak memory 1085 MiB.
2026-09-30T17:37:39Z INFO [172/377] 1fc06ca8-fdac-4db4-a0ca-86f728a0b79d: 17 groups; 5.6 s; peak memory 1085 MiB.
2026-09-30T17:37:40Z INFO [173/377] 1fc0bc26-055c-4c8d-9e64-e01bf4fa3ec6: 22 groups; 0.9 s; peak memory 1085 MiB.
2026-09-30T17:37:41Z INFO [174/377] 1fc14bee-9623-431f-895c-d8120710321a: 32 groups; 0.8 s; peak memory 1085 MiB.
2026-09-30T17:37:42Z INFO [175/377] 1fc1c72d-9929-4920-a5a5-71b457f83865: 22 groups; 0.8 s; peak memory 1085 MiB.
2026-09-30T17:37:43Z INFO [176/377] 1fc25e1d-8d72-4808-93b9-d2c76e8d738f: 32 groups; 1.0 s; peak memory 1085 MiB.
2026-09-30T17:37:43Z INFO [177/377] 1fc2e058-033e-403f-84fd-62627b6bd0a4: 16 groups; 0.5 s; peak memory 1085 MiB.
2026-09-30T17:37:44Z INFO [178/377] 1fc2f73f-cbcd-4d52-8656-2a3866d0dff4: 22 groups; 0.9 s; peak memory 1085 MiB.
2026-09-30T17:37:45Z INFO [179/377] 1fc30a10-1293-4f92-9cc7-54743de7f1a5: 30 groups; 0.6 s; peak memory 1085 MiB.
2026-09-30T17:37:46Z INFO [180/377] 1fc44339-e15d-4256-9870-1d1ab35eba02: 48 groups; 1.5 s; peak memory 1085 MiB.
2026-09-30T17:37:48Z INFO [181/377] 1fc446ee-2560-40b7-9e6c-449343ff9574: 54 groups; 2.0 s; peak memory 1085 MiB.
2026-09-30T17:37:49Z INFO [182/377] 1fc48ed4-e64b-4682-8849-75359fe13f30: 196 groups; 1.1 s; peak memory 1085 MiB.
2026-09-30T17:37:50Z INFO [183/377] 1fc4caa1-cb16-40d6-ae42-de12a130d906: 18 groups; 0.6 s; peak memory 1085 MiB.
2026-09-30T17:38:06Z INFO [184/377] 1fc4e2ea-5f25-44a3-ab8e-578eeea3d2f7: 23 groups; 16.3 s; peak memory 1085 MiB.
2026-09-30T17:38:07Z INFO [185/377] 1fc56598-7bcb-494d-bb65-cabcbd3de09b: 22 groups; 0.6 s; peak memory 1085 MiB.
2026-09-30T17:38:08Z INFO [186/377] 1fc63ffe-2e0d-48e2-bec6-6676a99407af: 31 groups; 0.7 s; peak memory 1085 MiB.
2026-09-30T17:38:11Z INFO [187/377] 1fc655d3-e4b9-41a0-8f56-08ef864e1f60: 136 groups; 3.6 s; peak memory 1085 MiB.
2026-09-30T17:38:13Z INFO [188/377] 1fc6b3c6-db04-4e6b-bfa2-37b6913b5934: 47 groups; 1.7 s; peak memory 1085 MiB.
2026-09-30T17:38:14Z INFO [189/377] 1fc777ca-6466-49d8-a723-3eb8a99919a1: 22 groups; 0.9 s; peak memory 1085 MiB.
2026-09-30T17:38:15Z INFO [190/377] 1fc88a4a-0c59-469d-ae62-ac392a239aac: 35 groups; 1.1 s; peak memory 1085 MiB.
2026-09-30T17:38:16Z INFO [191/377] 1fc8dc61-c179-4b5e-a887-304dc2d9c3ca: 251 groups; 0.7 s; peak memory 1085 MiB.
2026-09-30T17:38:17Z INFO [192/377] 1fc9b044-2a4e-4691-82c9-0b8e99b43ae7: 24 groups; 1.0 s; peak memory 1085 MiB.
2026-09-30T17:38:17Z INFO [193/377] 1fca37ae-b03a-4b79-92f3-85f05d682bbf: 26 groups; 0.7 s; peak memory 1085 MiB.
2026-09-30T17:38:19Z INFO [194/377] 1fcbdd77-6f36-4df1-8193-683ad006c165: 36 groups; 1.4 s; peak memory 1085 MiB.
2026-09-30T17:38:20Z INFO [195/377] 1fcc2df5-3e09-42c4-8f70-a5e14c6776f7: 48 groups; 1.6 s; peak memory 1085 MiB.
2026-09-30T17:38:21Z INFO [196/377] 1fce44c0-545f-4467-955d-b544d14c6e7c: 26 groups; 0.8 s; peak memory 1085 MiB.
2026-09-30T17:38:25Z INFO [197/377] 1fcfad7a-1b5a-4a49-bfde-df0f4b3fd088: 78 groups; 3.6 s; peak memory 1085 MiB.
2026-09-30T17:38:26Z INFO [198/377] 1fd04c64-e808-4352-8919-48e7aec83fae: 22 groups; 0.8 s; peak memory 1085 MiB.
2026-09-30T17:38:26Z INFO [199/377] 1fd074ea-52d7-43d0-9275-08d254badaab: 22 groups; 0.7 s; peak memory 1085 MiB.
2026-09-30T17:38:27Z INFO [200/377] 1fd0860e-f80d-4a4f-bc1c-3f9f3d2b7aa2: 35 groups; 0.9 s; peak memory 1085 MiB.
2026-09-30T17:38:27Z INFO [200/377] 1fd0860e-f80d-4a4f-bc1c-3f9f3d2b7aa2: checkpointed 62299 records.
2026-09-30T17:38:33Z INFO [201/377] 1fd0bc46-4f8a-4700-85a0-ee47360367b6: 207 groups; 6.1 s; peak memory 1085 MiB.
2026-09-30T17:38:34Z INFO [202/377] 1fd1016c-35d9-4dca-866d-40b712a7fb0c: 32 groups; 0.9 s; peak memory 1085 MiB.
2026-09-30T17:38:35Z INFO [203/377] 1fd1f74d-2a41-4e50-b53c-ef313a3b4c2c: 22 groups; 0.6 s; peak memory 1085 MiB.
2026-09-30T17:38:36Z INFO [204/377] 1fd227b1-ffd4-4017-b266-005abfbd9244: 32 groups; 0.7 s; peak memory 1085 MiB.
2026-09-30T17:38:36Z INFO [205/377] 1fd2bb6a-af39-4457-a775-adb9846b6e99: 22 groups; 0.7 s; peak memory 1085 MiB.
2026-09-30T17:38:37Z INFO [206/377] 1fd2e833-c7e6-4083-9631-21f40c745033: 32 groups; 0.7 s; peak memory 1085 MiB.
2026-09-30T17:38:38Z INFO [207/377] 1fd2f216-5333-4943-8a7b-af7f2c4c5f79: 25 groups; 0.8 s; peak memory 1085 MiB.
2026-09-30T17:38:39Z INFO [208/377] 1fd43314-be21-44a8-a74f-0f51bf25272a: 199 groups; 1.3 s; peak memory 1085 MiB.
2026-09-30T17:38:40Z INFO [209/377] 1fd6af98-bd1f-4a55-ab8a-48102fb78b89: 32 groups; 0.9 s; peak memory 1085 MiB.
2026-09-30T17:38:41Z INFO [210/377] 1fd6fc3a-7d46-4308-9a93-e9872299d7f9: 196 groups; 0.9 s; peak memory 1085 MiB.
2026-09-30T17:38:45Z INFO [211/377] 1fd7760e-f3e1-4087-aa45-295d58d2d6c3: 142 groups; 4.4 s; peak memory 1085 MiB.
2026-09-30T17:38:46Z INFO [212/377] 1fd91533-cf0b-417a-ad85-779fdca32343: 57 groups; 1.2 s; peak memory 1085 MiB.
2026-09-30T17:38:47Z INFO [213/377] 1fd9904b-5595-44fe-927d-316e134dc2f6: 22 groups; 0.8 s; peak memory 1085 MiB.
2026-09-30T17:38:48Z INFO [214/377] 1fdb177b-bc61-48cf-ba84-167a6aaa75eb: 18 groups; 0.6 s; peak memory 1085 MiB.
2026-09-30T17:38:49Z INFO [215/377] 1fdb2609-b32e-4d03-8d5d-7d208298e06f: 35 groups; 1.6 s; peak memory 1085 MiB.
2026-09-30T17:38:52Z INFO [216/377] 1fdd96b7-ffc6-44d1-a9fa-51da8aac4b2a: 336 groups; 2.2 s; peak memory 1085 MiB.
2026-09-30T17:38:59Z INFO [217/377] 1fddab5d-e5af-494d-be09-20c7e13a9a20: 224 groups; 7.3 s; peak memory 1085 MiB.
2026-09-30T17:39:00Z INFO [218/377] 1fe03027-8ab5-42b8-920a-8724e8e38e54: 22 groups; 0.9 s; peak memory 1085 MiB.
2026-09-30T17:39:05Z INFO [219/377] 1fe078f3-92fa-4253-9dd0-bc0365ac77b5: 66 groups; 5.1 s; peak memory 1085 MiB.
2026-09-30T17:39:06Z INFO [220/377] 1fe191f0-46f3-448e-a5e3-54eac09749ff: 22 groups; 0.9 s; peak memory 1085 MiB.
2026-09-30T17:39:07Z INFO [221/377] 1fe1ec6a-c867-4ff6-978d-5e1bd8d4f89c: 104 groups; 0.9 s; peak memory 1085 MiB.
2026-09-30T17:39:07Z INFO [222/377] 1fe3959d-94f2-4298-a0c8-71e3d96f0160: 16 groups; 0.5 s; peak memory 1085 MiB.
2026-09-30T17:40:02Z INFO [223/377] 1fe40430-25f2-408b-9415-147324f26f8c: 30 groups; 55.1 s; peak memory 1085 MiB.
2026-09-30T17:40:03Z INFO [224/377] 1fe45591-4f34-4250-b279-c72589991d7f: 31 groups; 0.6 s; peak memory 1085 MiB.
2026-09-30T17:40:04Z INFO [225/377] 1fe49912-cbe8-4c2b-8e66-257ab686f8cc: 33 groups; 0.6 s; peak memory 1085 MiB.
2026-09-30T17:40:07Z INFO [226/377] 1fe61176-740f-4070-8db4-08350d6d15ab: 178 groups; 3.2 s; peak memory 1085 MiB.
2026-09-30T17:40:08Z INFO [227/377] 1fe6d7d8-ce8a-4824-890d-5ba7d56d0573: 22 groups; 0.8 s; peak memory 1085 MiB.
2026-09-30T17:40:09Z INFO [228/377] 1fe71eb4-ada2-409a-a03a-fd03f3b4df16: 50 groups; 1.8 s; peak memory 1085 MiB.
2026-09-30T17:40:11Z INFO [229/377] 1fe73f97-24d0-4f03-874d-4338c48df77d: 48 groups; 1.8 s; peak memory 1085 MiB.
2026-09-30T17:40:14Z INFO [230/377] 1fe747dc-af15-464b-a054-4363ec7d6689: 47 groups; 2.5 s; peak memory 1085 MiB.
2026-09-30T17:40:18Z INFO [231/377] 1fe76608-12ee-4a50-98c6-319aeca5e0a2: 186 groups; 4.6 s; peak memory 1085 MiB.
2026-09-30T17:40:19Z INFO [232/377] 1fe7b211-f9a3-4b29-86ba-73cedb4884af: 18 groups; 0.6 s; peak memory 1085 MiB.
2026-09-30T17:40:20Z INFO [233/377] 1fe82907-3c06-4051-9e32-efe9c3a1ed0e: 32 groups; 1.0 s; peak memory 1085 MiB.
2026-09-30T17:40:21Z INFO [234/377] 1fe8ebb3-a5ad-4877-a20b-220126921332: 35 groups; 1.3 s; peak memory 1085 MiB.
2026-09-30T17:40:22Z INFO [235/377] 1feb42dc-e657-40da-9a1a-0dec74db3167: 30 groups; 0.7 s; peak memory 1085 MiB.
2026-09-30T17:40:23Z INFO [236/377] 1febaecc-c251-43b3-83d3-028f89084d40: 35 groups; 0.9 s; peak memory 1085 MiB.
2026-09-30T17:40:24Z INFO [237/377] 1febde2e-6ba4-4272-b5b9-e76e399548f4: 32 groups; 0.8 s; peak memory 1085 MiB.
2026-09-30T17:40:27Z INFO [238/377] 1fec08b9-3ac3-4183-b047-a88a5ab17361: 78 groups; 3.6 s; peak memory 1085 MiB.
2026-09-30T17:40:28Z INFO [239/377] 1fec09a1-b697-4e7e-ad6d-f36fa1444d31: 35 groups; 1.0 s; peak memory 1085 MiB.
2026-09-30T17:40:29Z INFO [240/377] 1fecb3e8-dc65-4dae-9969-b5dc76c6b13b: 35 groups; 1.1 s; peak memory 1085 MiB.
2026-09-30T17:40:34Z INFO [241/377] 1fecd655-9bb6-4041-9e56-59084ba4c228: 120 groups; 4.9 s; peak memory 1085 MiB.
2026-09-30T17:40:35Z INFO [242/377] 1fed74da-ccb1-4e62-af4d-ec29616c79ee: 35 groups; 1.0 s; peak memory 1085 MiB.
2026-09-30T17:40:36Z INFO [243/377] 1fedc22e-7382-4cc2-87a2-42eb13656b8f: 32 groups; 1.1 s; peak memory 1085 MiB.
2026-09-30T17:40:37Z INFO [244/377] 1fedebcf-c5f4-4506-b541-0a31cf60548e: 34 groups; 1.0 s; peak memory 1085 MiB.
2026-09-30T17:40:38Z INFO [245/377] 1fedffdd-4ea5-48d2-a725-37ecbebe6ea4: 200 groups; 1.0 s; peak memory 1085 MiB.
2026-09-30T17:40:43Z INFO [246/377] 1fef0eac-81db-4e8e-91be-edf0868700d1: 32 groups; 4.3 s; peak memory 1085 MiB.
2026-09-30T17:40:43Z INFO [247/377] 1fef2755-6eb3-418c-8dbb-f9963b021388: 32 groups; 0.7 s; peak memory 1085 MiB.
2026-09-30T17:40:45Z INFO [248/377] 1fefc859-c3f9-42cc-afc5-aec192480553: 31 groups; 1.6 s; peak memory 1085 MiB.
2026-09-30T17:40:47Z INFO [249/377] 1ff0cb34-def7-4c6e-b9ec-2123c8879328: 30 groups; 1.7 s; peak memory 1085 MiB.
2026-09-30T17:40:48Z INFO [250/377] 1ff10a1a-f5fd-433f-9c5f-852d2f2c8a8c: 22 groups; 1.1 s; peak memory 1085 MiB.
2026-09-30T17:40:48Z INFO [250/377] 1ff10a1a-f5fd-433f-9c5f-852d2f2c8a8c: checkpointed 62349 records.
2026-09-30T17:40:48Z INFO [251/377] 1ff20638-2dee-43fd-bedf-bfca5d0dcab4: 22 groups; 0.6 s; peak memory 1085 MiB.
2026-09-30T17:40:49Z INFO [252/377] 1ff28da0-ba1c-4787-8763-bf552779b281: 22 groups; 0.7 s; peak memory 1085 MiB.
2026-09-30T17:40:50Z INFO [253/377] 1ff306bb-d872-4527-baff-7c0c2b5131ce: 27 groups; 0.5 s; peak memory 1085 MiB.
2026-09-30T17:40:50Z INFO [254/377] 1ff372ac-0e96-43bc-9d20-bb6d2013d0d7: 31 groups; 0.6 s; peak memory 1085 MiB.
2026-09-30T17:41:02Z INFO [255/377] 1ff37e29-3a4a-4063-af4d-63d7edc886a2: 590 groups; 11.4 s; peak memory 1085 MiB.
2026-09-30T17:41:03Z INFO [256/377] 1ff3f8b7-88b8-44bd-b568-d1499238b016: 35 groups; 1.2 s; peak memory 1085 MiB.
2026-09-30T17:41:03Z INFO [257/377] 1ff49b28-ba04-4936-a73e-8ff683446545: 27 groups; 0.6 s; peak memory 1085 MiB.
2026-09-30T17:42:15Z INFO [258/377] 1ff4f589-c331-4b8a-be6c-35bd430af343: 102 groups; 72.0 s; peak memory 1085 MiB.
2026-09-30T17:42:25Z INFO [259/377] 1ff5cafa-f120-4590-9e92-21ffa52f8c1f: 93 groups; 9.8 s; peak memory 1085 MiB.
2026-09-30T17:42:26Z INFO [260/377] 1ff69145-7c9e-4b6a-9ef0-9f89b07654a1: 41 groups; 0.9 s; peak memory 1085 MiB.
2026-09-30T17:42:31Z INFO [261/377] 1ff6b7e4-d1a3-435f-a0e3-3fd9d7254eef: 239 groups; 5.1 s; peak memory 1085 MiB.
2026-09-30T17:42:32Z INFO [262/377] 1ff71596-5803-4a54-8413-d818705a5036: 22 groups; 0.8 s; peak memory 1085 MiB.
2026-09-30T17:42:33Z INFO [263/377] 1ff7ae3d-859f-4851-802a-acf39c8570f2: 32 groups; 0.9 s; peak memory 1085 MiB.
2026-09-30T17:42:34Z INFO [264/377] 1ff94b4f-7e89-42da-a1dd-d7c5602c6487: 22 groups; 0.8 s; peak memory 1085 MiB.
2026-09-30T17:42:35Z INFO [265/377] 1ff974ac-d321-4bc0-bf45-bb34f0f65525: 32 groups; 1.0 s; peak memory 1085 MiB.
2026-09-30T17:42:40Z INFO [266/377] 1ffa332d-8796-432a-917d-742299db42b0: 112 groups; 4.8 s; peak memory 1085 MiB.
2026-09-30T17:42:40Z INFO [267/377] 1ffafe2d-4aeb-4daf-af6c-0c12168e3438: 22 groups; 0.7 s; peak memory 1085 MiB.
2026-09-30T17:42:45Z INFO [268/377] 1ffb8ad3-8277-42f5-937b-e6e28f8e2f8b: 45 groups; 4.9 s; peak memory 1085 MiB.
2026-09-30T17:42:46Z INFO [269/377] 1ffb8ced-c13d-4a8b-9ee7-6e8cc27b9b0c: 28 groups; 0.7 s; peak memory 1085 MiB.
2026-09-30T17:42:47Z INFO [270/377] 1ffba8be-b672-40e6-8725-0fbd4738f786: 254 groups; 1.0 s; peak memory 1085 MiB.
2026-09-30T17:42:48Z INFO [271/377] 1ffbe1fe-edca-4d5f-a669-9d6e788ba125: 253 groups; 0.8 s; peak memory 1085 MiB.
2026-09-30T17:42:49Z INFO [272/377] 1ffc471f-afe7-4895-a65b-deddcc8ef963: 35 groups; 1.1 s; peak memory 1085 MiB.
2026-09-30T17:42:50Z INFO [273/377] 1ffcd120-c69c-48d9-9637-2bfa4dc59d6b: 25 groups; 0.7 s; peak memory 1085 MiB.
2026-09-30T17:42:51Z INFO [274/377] 1ffd2737-59f0-43f9-b764-3d79ad4f9237: 35 groups; 1.0 s; peak memory 1085 MiB.
2026-09-30T17:42:57Z INFO [275/377] 1ffea4f3-70e8-49b6-bab0-ca692fb8c28e: 218 groups; 6.9 s; peak memory 1085 MiB.
2026-09-30T17:42:58Z INFO [276/377] 1fff68ce-b963-45fb-963c-e11caa409046: 22 groups; 0.8 s; peak memory 1085 MiB.
2026-09-30T17:42:59Z INFO [277/377] 1fffa2fb-a820-4800-b27b-14ef62eac8f5: 35 groups; 0.9 s; peak memory 1085 MiB.
2026-09-30T17:43:00Z INFO [278/377] 20015c75-2dd0-4c1a-bc2e-7ce03dec113c: 16 groups; 0.6 s; peak memory 1085 MiB.
2026-09-30T17:43:01Z INFO [279/377] 2001b224-5d97-4f08-9535-2ae9ce5adaa7: 203 groups; 1.2 s; peak memory 1085 MiB.
2026-09-30T17:43:02Z INFO [280/377] 2001f44d-c169-4e9b-b692-0eb4df6776f0: 32 groups; 0.9 s; peak memory 1085 MiB.
2026-09-30T17:43:05Z INFO [281/377] 2001ff93-fe58-45b2-8354-57eee7890d31: 78 groups; 3.3 s; peak memory 1085 MiB.
2026-09-30T17:43:06Z INFO [282/377] 20028123-f7a9-4f10-9e3a-296976c27ba6: 42 groups; 1.0 s; peak memory 1085 MiB.
2026-09-30T17:43:07Z INFO [283/377] 20029adc-9bad-4997-ba99-bc4d48543dd6: 23 groups; 0.6 s; peak memory 1085 MiB.
2026-09-30T17:43:08Z INFO [284/377] 2002ab0e-7cf0-4c85-8579-b5fd5787dbd6: 32 groups; 0.9 s; peak memory 1085 MiB.
2026-09-30T17:43:09Z INFO [285/377] 2003afb4-1840-47dc-aebc-961d9f487fc1: 32 groups; 0.9 s; peak memory 1085 MiB.
2026-09-30T17:43:17Z INFO [286/377] 2004975e-d577-4dc6-a1a9-83178c4a2bb5: 18 groups; 8.7 s; peak memory 1085 MiB.
2026-09-30T17:43:19Z INFO [287/377] 2004ac18-7e76-4499-be14-ef271015cd40: 48 groups; 2.0 s; peak memory 1085 MiB.
2026-09-30T17:43:20Z INFO [288/377] 2005a905-72a2-44a4-9949-941c02133c8d: 16 groups; 0.6 s; peak memory 1085 MiB.
2026-09-30T17:45:13Z INFO [289/377] 20061e2b-f24d-4630-ad39-92f3b8d7a1a4: 60 groups; 113.4 s; peak memory 1085 MiB.
2026-09-30T17:45:15Z INFO [290/377] 20076d0f-7ddb-4f69-ab88-8de1c88f1384: 49 groups; 1.3 s; peak memory 1085 MiB.
2026-09-30T17:45:15Z INFO [291/377] 2007e6a2-3f90-4051-8aef-f5e458173105: 22 groups; 0.6 s; peak memory 1085 MiB.
2026-09-30T17:45:21Z INFO [292/377] 20092d8c-e511-4b1d-8573-f81c2e509a79: 219 groups; 6.1 s; peak memory 1085 MiB.
2026-09-30T17:45:25Z INFO [293/377] 20093fd1-8035-4d16-8ef6-d1a77a5bd551: 73 groups; 3.4 s; peak memory 1085 MiB.
2026-09-30T17:45:26Z INFO [294/377] 20098498-b01d-4477-a456-0196cd599fa7: 32 groups; 0.9 s; peak memory 1085 MiB.
2026-09-30T17:45:26Z INFO [295/377] 2009be63-c3aa-42d9-918e-2c430d211e66: 22 groups; 1.0 s; peak memory 1085 MiB.
2026-09-30T17:45:41Z INFO [296/377] 200ab949-2e1f-4571-9b15-269d1665e693: 26 groups; 15.0 s; peak memory 1085 MiB.
2026-09-30T17:45:45Z INFO [297/377] 200b645f-da53-4015-bc89-74dbb810d0a9: 17 groups; 3.1 s; peak memory 1085 MiB.
2026-09-30T17:47:50Z INFO [298/377] 200b882b-7d12-49e2-acaa-e1eca6723fde: 71 groups; 125.9 s; peak memory 1085 MiB.
2026-09-30T17:47:51Z INFO [299/377] 200c1b6f-0816-43ef-9b6a-0292777d3f86: 22 groups; 0.8 s; peak memory 1085 MiB.
2026-09-30T17:47:53Z INFO [300/377] 200d51a7-b516-49bd-9d07-063eb3581ac0: 49 groups; 1.4 s; peak memory 1085 MiB.
2026-09-30T17:47:53Z INFO [300/377] 200d51a7-b516-49bd-9d07-063eb3581ac0: checkpointed 62399 records.
2026-09-30T17:47:54Z INFO [301/377] 200d7c33-49fa-4fb1-bf00-b45aad1d557f: 49 groups; 1.0 s; peak memory 1085 MiB.
2026-09-30T17:47:55Z INFO [302/377] 200dc1cd-63a4-48a4-b5a3-beba5ed11eae: 341 groups; 1.5 s; peak memory 1085 MiB.
2026-09-30T17:47:56Z INFO [303/377] 200dfb94-0c91-4f2b-82f7-6ae6c20b060e: 22 groups; 0.8 s; peak memory 1085 MiB.
2026-09-30T17:47:57Z INFO [304/377] 200f0041-4557-4d77-b880-3b578a4449f0: 29 groups; 1.0 s; peak memory 1085 MiB.
2026-09-30T17:47:58Z INFO [305/377] 200f20f0-dac1-4325-a7f0-e5339891d3d7: 22 groups; 0.8 s; peak memory 1085 MiB.
2026-09-30T17:47:59Z INFO [306/377] 200f72a9-2427-4580-b5e7-45baec06aba7: 24 groups; 0.8 s; peak memory 1085 MiB.
2026-09-30T17:48:00Z INFO [307/377] 200ff42b-0e3f-4bc1-b868-5eb1eddb573e: 22 groups; 0.8 s; peak memory 1085 MiB.
2026-09-30T17:48:00Z INFO [308/377] 2010bda5-3d79-461c-b318-9bf62a46dca4: 16 groups; 0.6 s; peak memory 1085 MiB.
2026-09-30T17:48:10Z INFO [309/377] 2010d337-add6-41fe-8125-d96e736c26fd: 17 groups; 10.0 s; peak memory 1085 MiB.
2026-09-30T17:48:11Z INFO [310/377] 2011e809-d095-4a96-8331-57f716aabedc: 58 groups; 1.1 s; peak memory 1085 MiB.
2026-09-30T17:48:12Z INFO [311/377] 201211fe-68d3-496e-8ce6-b401e9d78e76: 20 groups; 0.7 s; peak memory 1085 MiB.
2026-09-30T17:48:13Z INFO [312/377] 20126d6f-f8f3-401d-bdb4-9bea5906bdf1: 200 groups; 1.3 s; peak memory 1085 MiB.
2026-09-30T17:48:14Z INFO [313/377] 201278cd-c754-4bbf-8b2d-5aaa4fc4ac54: 32 groups; 0.9 s; peak memory 1085 MiB.
2026-09-30T17:48:22Z INFO [314/377] 201297bd-8052-4936-9821-819e47f2065c: 249 groups; 7.5 s; peak memory 1085 MiB.
2026-09-30T17:48:24Z INFO [315/377] 20142602-eb04-443b-aec2-0a3d5da0818e: 194 groups; 2.1 s; peak memory 1085 MiB.
2026-09-30T17:48:25Z INFO [316/377] 20144c13-7ff1-4a6c-9905-9e10f5d2a472: 22 groups; 0.7 s; peak memory 1085 MiB.
2026-09-30T17:48:34Z INFO [317/377] 20150ac7-c4fc-4d27-8c57-b7212a51b5ae: 286 groups; 9.4 s; peak memory 1085 MiB.
2026-09-30T17:48:34Z INFO [318/377] 20152d19-0384-4e63-ba06-a2dbad21cd4c: 18 groups; 0.4 s; peak memory 1085 MiB.
2026-09-30T17:48:49Z INFO [319/377] 2015555f-ad5d-4d10-95e9-878dffce65f4: 1949 groups; 14.7 s; peak memory 1085 MiB.
2026-09-30T17:48:50Z INFO [320/377] 201570f4-d4b5-4979-88a1-56c4afdad08d: 22 groups; 0.9 s; peak memory 1085 MiB.
2026-09-30T17:48:50Z INFO [321/377] 2016818f-164b-480f-b5b7-351cf5dd8d26: 16 groups; 0.5 s; peak memory 1085 MiB.
2026-09-30T17:48:51Z INFO [322/377] 2016a3be-9ab1-4b8d-8e07-2f6a74dd3301: 21 groups; 0.6 s; peak memory 1085 MiB.
2026-09-30T17:48:52Z INFO [323/377] 2016d201-176d-4ce1-b70d-3b588cf46598: 31 groups; 0.7 s; peak memory 1085 MiB.
2026-09-30T17:48:52Z INFO [324/377] 2016e696-6548-4f2c-b233-9c3b495f74f8: 26 groups; 0.5 s; peak memory 1085 MiB.
2026-09-30T17:48:53Z INFO [325/377] 2016fb22-5c88-43cd-85d7-b4ed5aed3be4: 22 groups; 0.8 s; peak memory 1085 MiB.
2026-09-30T17:48:54Z INFO [326/377] 201783a2-6bb8-462a-adfd-6e42ebe36f60: 22 groups; 0.8 s; peak memory 1085 MiB.
2026-09-30T17:48:54Z INFO [327/377] 2019d816-7851-4557-9730-28a8c62662b7: 16 groups; 0.4 s; peak memory 1085 MiB.
2026-09-30T17:49:05Z INFO [328/377] 201a9a06-eb15-4dd6-bd33-232b1b07f99e: 233 groups; 11.0 s; peak memory 1085 MiB.
2026-09-30T17:49:06Z INFO [329/377] 201af012-270f-4cd2-90e6-add09a6c9af1: 22 groups; 0.7 s; peak memory 1085 MiB.
2026-09-30T17:49:14Z INFO [330/377] 201b01c0-5b57-469f-9d7f-67d587e9611b: 501 groups; 7.7 s; peak memory 1085 MiB.
2026-09-30T17:49:14Z INFO [331/377] 201c1345-26dc-45a5-a953-c7d44cd3b58c: 22 groups; 0.8 s; peak memory 1085 MiB.
2026-09-30T17:49:15Z INFO [332/377] 201c5cf8-8a34-4241-83e3-7270283efce2: 33 groups; 0.8 s; peak memory 1085 MiB.
2026-09-30T17:49:17Z INFO [333/377] 201c6be2-c629-4baf-81de-306bb0fef6ff: 37 groups; 1.8 s; peak memory 1085 MiB.
2026-09-30T17:49:19Z INFO [334/377] 201d77ce-e6be-4c25-b995-e3d0c96b1b87: 48 groups; 1.5 s; peak memory 1085 MiB.
2026-09-30T17:49:22Z INFO [335/377] 201e981b-0b67-4e5c-9159-0d69bc35be7b: 22 groups; 3.3 s; peak memory 1085 MiB.
2026-09-30T17:49:27Z INFO [336/377] 201f73c7-03e0-41df-ad93-42fbf789f621: 66 groups; 4.7 s; peak memory 1085 MiB.
2026-09-30T17:49:28Z INFO [337/377] 201fd4d8-65a8-4d74-be32-8ff8e7232efd: 32 groups; 0.9 s; peak memory 1085 MiB.
2026-09-30T17:49:28Z INFO [338/377] 202035d8-a4ab-4d28-a9c7-a25728e9a9c8: 28 groups; 0.6 s; peak memory 1085 MiB.
2026-09-30T17:49:29Z INFO [339/377] 20204cec-c83f-4ab0-bc22-51ab6224cb0e: 27 groups; 1.0 s; peak memory 1085 MiB.
2026-09-30T17:49:30Z INFO [340/377] 2020717e-d595-4a20-9596-1ff5b3e8e810: 16 groups; 0.7 s; peak memory 1085 MiB.
2026-09-30T17:49:31Z INFO [341/377] 20219d3c-30dc-456a-a019-6f0d741770f2: 22 groups; 0.9 s; peak memory 1085 MiB.
2026-09-30T17:49:31Z INFO [342/377] 2021b048-3f27-4ac9-b49f-85400d25c5cd: 32 groups; 0.8 s; peak memory 1085 MiB.
2026-09-30T17:49:33Z INFO [343/377] 2021b15c-24b3-4811-a4b8-98550037bbd8: 33 groups; 1.0 s; peak memory 1085 MiB.
2026-09-30T17:49:35Z INFO [344/377] 2021e7e9-3869-4791-acd8-3c766b543979: 17 groups; 2.3 s; peak memory 1085 MiB.
2026-09-30T17:49:36Z INFO [345/377] 202246f0-2a09-48d8-834a-0f77970042d4: 16 groups; 0.7 s; peak memory 1085 MiB.
2026-09-30T17:49:38Z INFO [346/377] 20236a84-d9f1-4fc2-858f-148bfdf0013a: 48 groups; 2.0 s; peak memory 1085 MiB.
2026-09-30T17:49:38Z INFO [347/377] 20239474-bcf4-426f-b35d-8ba56d1bbff2: 16 groups; 0.6 s; peak memory 1085 MiB.
2026-09-30T17:49:41Z INFO [348/377] 2023b40a-ee9c-4d5a-8c58-0d3edee3a76a: 78 groups; 3.2 s; peak memory 1085 MiB.
2026-09-30T17:49:42Z INFO [349/377] 2023bfc5-da08-421a-a45e-0cb514641962: 41 groups; 1.0 s; peak memory 1085 MiB.
2026-09-30T17:49:43Z INFO [350/377] 20243af7-5d83-4fde-b969-fbe4abbcc645: 22 groups; 0.8 s; peak memory 1085 MiB.
2026-09-30T17:49:43Z INFO [350/377] 20243af7-5d83-4fde-b969-fbe4abbcc645: checkpointed 62449 records.
2026-09-30T17:49:44Z INFO [351/377] 202465d4-eb82-4216-84de-7d429650d432: 32 groups; 0.8 s; peak memory 1085 MiB.
2026-09-30T17:49:45Z INFO [352/377] 20256a04-e1e7-4a2a-9aa7-9880a889ee1a: 25 groups; 0.7 s; peak memory 1085 MiB.
2026-09-30T17:49:48Z INFO [353/377] 2025a30e-caf0-4e05-9419-8c1dd1bf9a7d: 111 groups; 2.7 s; peak memory 1085 MiB.
2026-09-30T17:50:25Z INFO [354/377] 20260354-ca84-477f-bbae-b3713962bae3: 27 groups; 38.0 s; peak memory 1085 MiB.
2026-09-30T17:50:27Z INFO [355/377] 202625bb-4df9-4e68-9230-a3b794f953e8: 36 groups; 1.1 s; peak memory 1085 MiB.
2026-09-30T17:50:28Z INFO [356/377] 2026b593-48d8-4483-81b0-a3b0fccb913e: 32 groups; 0.9 s; peak memory 1085 MiB.
2026-09-30T17:50:29Z INFO [357/377] 2026db95-f4a3-476a-8c75-2ef5620bdd76: 48 groups; 1.6 s; peak memory 1085 MiB.
2026-09-30T17:50:30Z INFO [358/377] 202790dc-cf7c-46d3-8f93-249127037a26: 22 groups; 0.9 s; peak memory 1085 MiB.
2026-09-30T17:50:31Z INFO [359/377] 2027e2b0-6137-468a-87cb-7d5f5e8c52ea: 201 groups; 0.9 s; peak memory 1085 MiB.
2026-09-30T17:50:32Z INFO [360/377] 2027f982-5fa0-4391-a049-67a9e77230c8: 32 groups; 0.8 s; peak memory 1085 MiB.
2026-09-30T17:50:33Z INFO [361/377] 20288338-f858-4b16-8d2b-08329d191a56: 35 groups; 1.3 s; peak memory 1085 MiB.
2026-09-30T17:50:40Z INFO [362/377] 202917ca-edff-49cf-988c-a9dcfa7245f3: 189 groups; 7.2 s; peak memory 1085 MiB.
2026-09-30T17:50:41Z INFO [363/377] 2029c1e8-2e53-4ca6-82f3-b3f85670b69d: 22 groups; 0.7 s; peak memory 1085 MiB.
2026-09-30T17:50:42Z INFO [364/377] 2029eb32-e5fa-49e3-8f4a-df73f2b6f88f: 32 groups; 1.1 s; peak memory 1085 MiB.
2026-09-30T17:50:43Z INFO [365/377] 202f0001-2af2-4b22-9267-151cdeba07bb: 32 groups; 0.8 s; peak memory 1085 MiB.
2026-09-30T17:50:43Z INFO [366/377] 202f015b-8642-4845-8756-c345e0527400: 22 groups; 0.7 s; peak memory 1085 MiB.
2026-09-30T17:50:44Z INFO [367/377] 202fd187-470d-4f63-a028-e991023b9e25: 32 groups; 0.8 s; peak memory 1085 MiB.
2026-09-30T17:50:45Z INFO [368/377] 202fdea6-98b4-43fa-8a9a-67e23d7eaae1: 33 groups; 1.2 s; peak memory 1085 MiB.
2026-09-30T17:50:46Z INFO [369/377] 20306cc5-e159-4f22-93c4-55179e654c1c: 32 groups; 0.7 s; peak memory 1085 MiB.
2026-09-30T17:50:48Z INFO [370/377] 20307aa0-deea-4e82-8059-5528ed1b550d: 34 groups; 2.3 s; peak memory 1085 MiB.
2026-09-30T17:50:50Z INFO [371/377] 20308bd4-f4db-4fae-a284-d1c9d2799553: 31 groups; 1.4 s; peak memory 1085 MiB.
2026-09-30T17:50:51Z INFO [372/377] 2030a0ff-a42a-4f2b-bdaa-98a2ebbb333e: 35 groups; 0.9 s; peak memory 1085 MiB.
2026-09-30T17:50:52Z INFO [373/377] 2030b65e-20da-4b09-a1f4-051203dd5bb1: 341 groups; 1.6 s; peak memory 1085 MiB.
2026-09-30T17:50:55Z INFO [374/377] 20313b2f-434a-457b-a5b5-b0ea749ae3c9: 143 groups; 2.9 s; peak memory 1085 MiB.
2026-09-30T17:50:57Z INFO [375/377] 20314acb-64c2-42bd-a248-358b17b17856: 17 groups; 1.8 s; peak memory 1085 MiB.
2026-09-30T17:50:58Z INFO [376/377] 2031cfff-35b7-479c-8476-2e676b39674e: 32 groups; 0.7 s; peak memory 1085 MiB.
2026-09-30T17:50:59Z INFO [377/377] 2031fc57-f791-41e4-9179-ebe39ad3f205: 341 groups; 1.9 s; peak memory 1085 MiB.
2026-09-30T17:51:00Z INFO Wrote 62476 records to /tmp/derivatives/valid_nwb_file_to_number_of_groups.jsonl (377 new, 0 failed) in 46.5 min (peak memory 1085 MiB).
