2026-09-15T00:02:35Z INFO Logging to /tmp/logs/update_2026-09-15T00-02-35Z.log.
2026-09-15T00:02:36Z INFO Processing 373 newly valid content IDs.
2026-09-15T00:02:36Z INFO [1/373] 0029c607-aa4a-4122-81f7-6f69547c841a: 22 groups (HDF5, 84.1 MB; 0.8 s; peak memory 101 MiB)
2026-09-15T00:02:37Z INFO [2/373] 011b53f8-dbb0-47a6-a642-3a9bf783c061: 104 groups (HDF5, 8.7 MB; 0.9 s; peak memory 102 MiB)
2026-09-15T00:02:39Z INFO [3/373] 020d5b00-1299-4f5a-8bed-2bf092e20746: 50 groups (HDF5, 196.1 MB; 1.7 s; peak memory 105 MiB)
2026-09-15T00:02:40Z INFO [4/373] 02834388-39ff-47b3-8495-5d3a22d8ef1b: 194 groups (HDF5, 159.3 MB; 0.8 s; peak memory 105 MiB)
2026-09-15T00:02:40Z INFO [5/373] 0332a8b3-a2c7-40f2-8605-3ed5ee589d92: 32 groups (HDF5, 1.0 MB; 0.6 s; peak memory 105 MiB)
2026-09-15T00:02:41Z INFO [6/373] 03d96a98-4f1f-4590-a5a4-676f3d5f2cda: 30 groups (HDF5, 1.0 MB; 0.6 s; peak memory 105 MiB)
2026-09-15T00:02:42Z INFO [7/373] 049860df-6b10-433b-8539-81c6927ecbc2: 22 groups (HDF5, 84.1 MB; 0.5 s; peak memory 105 MiB)
2026-09-15T00:02:42Z INFO [8/373] 05461b78-4e5b-4640-9bf9-54074318645a: 20 groups (HDF5, 43.7 MB; 0.7 s; peak memory 105 MiB)
2026-09-15T00:02:52Z INFO [9/373] 05fb78ae-f108-4dc0-ae58-eac667491818: 211 groups (HDF5, 69.0 MB; 10.1 s; peak memory 159 MiB)
2026-09-15T00:02:53Z INFO [10/373] 067469e9-b7c1-41c6-93db-1d7a2b9ba72b: 22 groups (HDF5, 84.1 MB; 0.6 s; peak memory 159 MiB)
2026-09-15T00:02:54Z INFO [11/373] 06b1b2d9-dae7-4fb1-9622-18ed6d1c3ee7: 22 groups (HDF5, 84.1 MB; 0.7 s; peak memory 159 MiB)
2026-09-15T00:02:54Z INFO [12/373] 07eac4fb-b194-4d11-a8e9-b15f3124b906: 25 groups (HDF5, 13.7 MB; 0.7 s; peak memory 159 MiB)
2026-09-15T00:02:57Z INFO [13/373] 081f38b5-f1c1-4fe2-adb0-928c4d4b588e: 103 groups (HDF5, 18.6 MB; 2.7 s; peak memory 159 MiB)
2026-09-15T00:03:02Z INFO [14/373] 09a650ab-f4cb-419d-bf79-960398580fec: 165 groups (HDF5, 55.9 MB; 5.4 s; peak memory 160 MiB)
2026-09-15T00:03:06Z INFO [15/373] 0a069dd9-e39c-41e8-b4c4-7d4d9c78ccc7: 181 groups (HDF5, 9.8 MB; 3.5 s; peak memory 160 MiB)
2026-09-15T00:04:12Z INFO [16/373] 0ac29a65-af57-4743-a419-c5298f8656e3: 68 groups (HDF5, 19872.2 MB; 66.5 s; peak memory 260 MiB)
2026-09-15T00:04:13Z INFO [17/373] 0bfbea62-7387-4ff6-855b-1586008dd74c: 22 groups (HDF5, 84.1 MB; 0.8 s; peak memory 260 MiB)
2026-09-15T00:04:14Z INFO [18/373] 0d2d04e5-978c-4f84-bfbf-3121ac9a98a9: 32 groups (HDF5, 1.3 MB; 0.8 s; peak memory 260 MiB)
2026-09-15T00:04:15Z INFO [19/373] 0dfa96ad-1cd2-4389-9b06-901cdd97e6dc: 32 groups (HDF5, 1.2 MB; 0.7 s; peak memory 260 MiB)
2026-09-15T00:04:31Z INFO [20/373] 0f12e466-affa-4e8c-9fc3-59611617c24a: 17 groups (HDF5, 1035.8 MB; 16.3 s; peak memory 260 MiB)
2026-09-15T00:04:32Z INFO [21/373] 0f6404a5-4675-471a-9876-3223de91ede0: 32 groups (HDF5, 1.0 MB; 0.7 s; peak memory 260 MiB)
2026-09-15T00:04:32Z INFO [22/373] 0fb2b9cd-c75d-4c48-974b-b8761818a7c5: 35 groups (HDF5, 1.2 MB; 0.7 s; peak memory 260 MiB)
2026-09-15T00:04:33Z INFO [23/373] 10995249-faf4-4e37-85a9-ec98dcebf00c: 35 groups (HDF5, 1.6 MB; 0.7 s; peak memory 260 MiB)
2026-09-15T00:04:34Z INFO [24/373] 10b8483f-9b62-4749-986a-abd36d04052d: 202 groups (HDF5, 1.9 MB; 1.0 s; peak memory 260 MiB)
2026-09-15T00:04:35Z INFO [25/373] 1113ed3e-0ae2-4e41-9f7b-8a066f84ea2a: 22 groups (HDF5, 84.1 MB; 0.5 s; peak memory 260 MiB)
2026-09-15T00:04:35Z INFO [26/373] 11944bfd-3ce4-4a28-9aa3-d992f888d197: 25 groups (HDF5, 0.2 MB; 0.4 s; peak memory 260 MiB)
2026-09-15T00:04:36Z INFO [27/373] 12193918-6f0b-4a87-aebb-b5f1e0b13fec: 32 groups (HDF5, 1.3 MB; 0.6 s; peak memory 260 MiB)
2026-09-15T00:04:36Z INFO [28/373] 133f9b90-1e61-43eb-bb40-ca40bf9656ef: 254 groups (HDF5, 0.8 MB; 0.6 s; peak memory 260 MiB)
2026-09-15T00:04:37Z INFO [29/373] 13be269d-3bbc-45d6-aed0-3e47869ededd: 32 groups (HDF5, 1.3 MB; 0.6 s; peak memory 260 MiB)
2026-09-15T00:04:37Z INFO [30/373] 13e4945a-f9c8-499c-82a0-ef672e56a44b: 22 groups (HDF5, 84.1 MB; 0.5 s; peak memory 260 MiB)
2026-09-15T00:04:38Z INFO [31/373] 148684cf-664c-4a18-970a-de27ed9f0e18: 33 groups (HDF5, 12.8 MB; 0.5 s; peak memory 260 MiB)
2026-09-15T00:04:44Z INFO [32/373] 14ba1c71-94b4-41a6-a572-e53576bcfa3a: 304 groups (HDF5, 74.1 MB; 6.4 s; peak memory 260 MiB)
2026-09-15T00:04:45Z INFO [33/373] 1508db75-a9eb-42fb-839b-697649491165: 22 groups (HDF5, 84.1 MB; 0.5 s; peak memory 260 MiB)
2026-09-15T00:04:45Z INFO [34/373] 15846e16-d946-427c-83bb-64bb886a411e: 22 groups (HDF5, 84.1 MB; 0.6 s; peak memory 260 MiB)
2026-09-15T00:04:46Z INFO [35/373] 163353a2-eca5-407a-b7ee-d9662bc320b0: 35 groups (HDF5, 0.8 MB; 0.7 s; peak memory 260 MiB)
2026-09-15T00:04:49Z INFO [36/373] 169d4480-1617-46c8-a086-bc63e16e4fd9: 46 groups (HDF5, 196.4 MB; 2.6 s; peak memory 260 MiB)
2026-09-15T00:04:52Z INFO [37/373] 16b93b9c-0117-4117-a0bb-c484f5a991a9: 60 groups (HDF5, 1069.2 MB; 3.1 s; peak memory 260 MiB)
2026-09-15T00:04:52Z INFO [38/373] 175affb4-39cc-4694-936b-007627d67c63: 17 groups (HDF5, 0.2 MB; 0.3 s; peak memory 260 MiB)
2026-09-15T00:04:53Z INFO [39/373] 175e9676-20b4-49fe-8cc9-02961aa98802: 35 groups (HDF5, 1.1 MB; 0.7 s; peak memory 260 MiB)
2026-09-15T00:04:53Z INFO [40/373] 176e4a3b-4caa-4e52-b01a-c5e13f77bd7a: 22 groups (HDF5, 84.1 MB; 0.5 s; peak memory 260 MiB)
2026-09-15T00:04:54Z INFO [41/373] 1837b50b-89f8-4841-9828-cece07787f07: 22 groups (HDF5, 84.1 MB; 0.5 s; peak memory 260 MiB)
2026-09-15T00:04:57Z INFO [42/373] 18ab1e6a-5c54-4394-bf51-e7ad3341bbc6: 181 groups (HDF5, 9.2 MB; 3.4 s; peak memory 260 MiB)
2026-09-15T00:04:58Z INFO [43/373] 19e0ebdc-0b35-44cd-943e-a002e20fc508: 22 groups (HDF5, 84.1 MB; 0.6 s; peak memory 260 MiB)
2026-09-15T00:05:03Z INFO [44/373] 19ecce32-edd9-4473-a503-f3c2a2d4da20: 332 groups (HDF5, 53.5 MB; 5.1 s; peak memory 260 MiB)
2026-09-15T00:05:03Z INFO [45/373] 1aa254d7-1987-402a-bec8-cc6a0478b6e3: 30 groups (HDF5, 20.0 MB; 0.6 s; peak memory 260 MiB)
2026-09-15T00:05:04Z INFO [46/373] 1ac6cdb0-359d-439d-851f-541c3ec08ed0: 35 groups (HDF5, 1.1 MB; 0.9 s; peak memory 260 MiB)
2026-09-15T00:05:05Z INFO [47/373] 1c861521-f5f6-48bf-83f9-aad352505869: 32 groups (HDF5, 1.4 MB; 0.7 s; peak memory 260 MiB)
2026-09-15T00:05:06Z INFO [48/373] 1cdef9cf-7d5e-480c-b3c6-6bd30f342187: 35 groups (HDF5, 1.3 MB; 0.8 s; peak memory 260 MiB)
2026-09-15T00:05:07Z INFO [49/373] 1d193807-00bb-4f82-be38-56d8b1dc08c8: 32 groups (HDF5, 1.0 MB; 0.7 s; peak memory 260 MiB)
2026-09-15T00:05:07Z INFO [50/373] 1d6ea3f8-4615-4ff6-a0d9-e3cde31e55c9: 25 groups (HDF5, 19.4 MB; 0.6 s; peak memory 260 MiB)
2026-09-15T00:05:08Z INFO [51/373] 1ecb2ed1-fc0f-481a-8240-e805eb3d3727: 22 groups (HDF5, 84.1 MB; 0.4 s; peak memory 260 MiB)
2026-09-15T00:05:10Z INFO [52/373] 1ee9fd99-451e-483f-af3f-8e8907f3dafa: 124 groups (HDF5, 14.7 MB; 2.0 s; peak memory 260 MiB)
2026-09-15T00:05:10Z INFO [53/373] 1f8b2988-3969-48cf-b5a7-4e5186a80d1d: 32 groups (HDF5, 1.5 MB; 0.7 s; peak memory 260 MiB)
2026-09-15T00:05:11Z INFO [54/373] 2030a728-f43c-4f85-85d8-f54716995d38: 22 groups (HDF5, 84.1 MB; 0.4 s; peak memory 260 MiB)
2026-09-15T00:05:11Z INFO [55/373] 211fa885-8040-466f-8c5d-f056a935a98e: 202 groups (HDF5, 103.7 MB; 0.7 s; peak memory 260 MiB)
2026-09-15T00:05:15Z INFO [56/373] 22554ec1-14f8-45a1-80d9-894be4335b7b: 27 groups (HDF5, 233.6 MB; 4.0 s; peak memory 260 MiB)
2026-09-15T00:05:16Z INFO [57/373] 2299240a-77ca-4b89-a723-2acc6111f786: 32 groups (HDF5, 0.5 MB; 0.5 s; peak memory 260 MiB)
2026-09-15T00:05:18Z INFO [58/373] 22a835b4-cd86-480e-8b28-ed79540f8e3b: 47 groups (HDF5, 916.3 MB; 1.6 s; peak memory 260 MiB)
2026-09-15T00:05:18Z INFO [59/373] 23591593-8c1b-42a4-b42e-d6784dd721fa: 52 groups (HDF5, 1.2 MB; 0.8 s; peak memory 260 MiB)
2026-09-15T00:05:19Z INFO [60/373] 235f0fc9-715d-42a3-aded-ed99522e6e5f: 22 groups (HDF5, 84.1 MB; 0.5 s; peak memory 260 MiB)
2026-09-15T00:05:19Z INFO [61/373] 2425248c-d444-43d9-8243-c6bfaca52c74: 22 groups (HDF5, 84.1 MB; 0.5 s; peak memory 260 MiB)
2026-09-15T00:05:20Z INFO [62/373] 243abb1d-893a-4039-823b-4a535f39f687: 22 groups (HDF5, 84.1 MB; 0.5 s; peak memory 260 MiB)
2026-09-15T00:05:20Z INFO [63/373] 24a2e4c2-62f1-41d7-9823-c2da0ac5056f: 22 groups (HDF5, 84.1 MB; 0.5 s; peak memory 260 MiB)
2026-09-15T00:05:25Z INFO [64/373] 27173ee5-6f28-401a-ab9b-b28ad58d5bb0: 22 groups (HDF5, 8110.2 MB; 5.0 s; peak memory 260 MiB)
2026-09-15T00:05:26Z INFO [65/373] 2737c97b-1d5b-482f-b206-2ce3b0bd2815: 25 groups (HDF5, 13.5 MB; 0.5 s; peak memory 260 MiB)
2026-09-15T00:05:26Z INFO [66/373] 27501e9b-60d7-4df9-9b7b-cffd38929617: 22 groups (HDF5, 84.1 MB; 0.5 s; peak memory 260 MiB)
2026-09-15T00:10:08Z INFO [67/373] 27549799-c425-490a-8b76-795bfd678c64: 859 groups (HDF5, 9892.8 MB; 282.1 s; peak memory 1091 MiB)
2026-09-15T00:10:09Z INFO [68/373] 2758457d-80e0-4a27-8bfe-57eb3a831d7f: 30 groups (HDF5, 0.2 MB; 0.5 s; peak memory 1091 MiB)
2026-09-15T00:10:11Z INFO [69/373] 278f433b-e5ca-4059-9990-68eba9ce4f99: 60 groups (HDF5, 14.5 MB; 1.5 s; peak memory 1091 MiB)
2026-09-15T00:10:11Z INFO [70/373] 2819d734-403a-45d2-8421-b62fff10cd25: 32 groups (HDF5, 1.1 MB; 0.6 s; peak memory 1091 MiB)
2026-09-15T00:10:12Z INFO [71/373] 286dc4e1-42f8-46e0-a25f-6bb48d04e896: 255 groups (HDF5, 0.8 MB; 0.6 s; peak memory 1091 MiB)
2026-09-15T00:10:14Z INFO [72/373] 28dee874-abd0-4042-95ff-611090b00475: 50 groups (HDF5, 196.1 MB; 1.7 s; peak memory 1091 MiB)
2026-09-15T00:10:14Z INFO [73/373] 29fccf7b-36a8-4f86-927e-8d06e62c0906: 337 groups (HDF5, 2.7 MB; 0.7 s; peak memory 1091 MiB)
2026-09-15T00:10:16Z INFO [74/373] 2a5eba7b-8504-4b01-9141-3a25088c768f: 50 groups (HDF5, 196.2 MB; 1.9 s; peak memory 1091 MiB)
2026-09-15T00:10:17Z INFO [75/373] 2b74dc30-279b-45e3-af3a-cc890c79dc23: 32 groups (HDF5, 1.5 MB; 0.8 s; peak memory 1091 MiB)
2026-09-15T00:10:24Z INFO [76/373] 2c3def71-00f4-4478-8e56-f5cc9e9d6c2e: 331 groups (HDF5, 65.0 MB; 6.9 s; peak memory 1091 MiB)
2026-09-15T00:10:25Z INFO [77/373] 2c990d00-f9a4-40a9-b666-fdfa6ef1a221: 32 groups (HDF5, 1.0 MB; 0.6 s; peak memory 1091 MiB)
2026-09-15T00:10:25Z INFO [78/373] 2d4fbff8-27cf-4523-9575-b9815808c3a7: 39 groups (HDF5, 7.1 MB; 0.8 s; peak memory 1091 MiB)
2026-09-15T00:10:26Z INFO [79/373] 2d83ece8-b6d7-492a-9f6d-8b9e29755465: 24 groups (HDF5, 16.3 MB; 0.5 s; peak memory 1091 MiB)
2026-09-15T00:10:26Z INFO [80/373] 2db40b84-ec88-4fe3-b4d6-452b06ef0094: 30 groups (HDF5, 0.4 MB; 0.5 s; peak memory 1091 MiB)
2026-09-15T00:10:27Z INFO [81/373] 2dd246e0-b81a-4d2e-aade-abd81e2ec3d1: 22 groups (HDF5, 84.1 MB; 0.5 s; peak memory 1091 MiB)
2026-09-15T00:10:28Z INFO [82/373] 2e650443-2b80-477c-9a20-3553501c0a55: 32 groups (HDF5, 1.5 MB; 0.7 s; peak memory 1091 MiB)
2026-09-15T00:10:28Z INFO [83/373] 2e69ced3-36ba-438a-9d89-33956127b5df: 22 groups (HDF5, 84.1 MB; 0.4 s; peak memory 1091 MiB)
2026-09-15T00:10:29Z INFO [84/373] 2f41e4ed-994d-47df-bdca-80d959b193ff: 22 groups (HDF5, 84.1 MB; 0.6 s; peak memory 1091 MiB)
2026-09-15T00:10:29Z INFO [85/373] 2f92a7de-55ed-4f49-af09-895973f666e9: 32 groups (HDF5, 1.3 MB; 0.8 s; peak memory 1091 MiB)
2026-09-15T00:10:36Z INFO [86/373] 2fa76e64-8154-42f3-82ce-4ecaa94eef9d: 195 groups (HDF5, 54.5 MB; 6.8 s; peak memory 1091 MiB)
2026-09-15T00:10:36Z INFO [87/373] 3028e513-d56b-4c60-864f-cd7c4b9b0300: 17 groups (HDF5, 0.7 MB; 0.3 s; peak memory 1091 MiB)
2026-09-15T00:10:37Z INFO [88/373] 32fd616a-d206-44df-a07d-ba3b6a96a475: 39 groups (HDF5, 17.5 MB; 0.7 s; peak memory 1091 MiB)
2026-09-15T00:10:39Z INFO [89/373] 354f6b3e-c7f4-4790-ba73-754f1df3718f: 17 groups (HDF5, 36.6 MB; 1.3 s; peak memory 1091 MiB)
2026-09-15T00:10:39Z INFO [90/373] 359507b6-8dc7-4cbb-9987-c2584f9bcfd2: 22 groups (HDF5, 84.1 MB; 0.6 s; peak memory 1091 MiB)
2026-09-15T00:10:41Z INFO [91/373] 3667f006-9d9d-4fe9-9437-3f875d2723b8: 109 groups (HDF5, 15.3 MB; 2.3 s; peak memory 1091 MiB)
2026-09-15T00:10:43Z INFO [92/373] 36b0aa85-c232-4164-b0a4-88b5340941df: 57 groups (HDF5, 2.8 MB; 1.3 s; peak memory 1091 MiB)
2026-09-15T00:10:44Z INFO [93/373] 36c433bb-f1a5-4442-895f-6d9f76a63045: 35 groups (HDF5, 1.3 MB; 1.0 s; peak memory 1091 MiB)
2026-09-15T00:10:45Z INFO [94/373] 3896c6e0-ce6d-4de5-9c1e-0b40328e80f3: 336 groups (HDF5, 69.5 MB; 0.9 s; peak memory 1091 MiB)
2026-09-15T00:10:45Z INFO [95/373] 39fef9e9-068d-4fc3-857e-6c6f1bc8d734: 22 groups (HDF5, 84.1 MB; 0.6 s; peak memory 1091 MiB)
2026-09-15T00:11:44Z INFO [96/373] 3a04e8a3-e01e-4d44-8767-c7f8c369aa59: 4177 groups (HDF5, 1293.7 MB; 58.6 s; peak memory 1091 MiB)
2026-09-15T00:11:44Z INFO [97/373] 3b00c5be-82de-4ab7-aae3-f80ade539f66: 31 groups (HDF5, 8.6 MB; 0.5 s; peak memory 1091 MiB)
2026-09-15T00:11:45Z INFO [98/373] 3b64cc88-edd7-4bab-a9f7-b89058a99fb5: 35 groups (HDF5, 1.1 MB; 0.6 s; peak memory 1091 MiB)
2026-09-15T00:11:45Z INFO [99/373] 3be261a8-6bb1-492b-a131-fb49abb1c1cf: 22 groups (HDF5, 84.1 MB; 0.6 s; peak memory 1091 MiB)
2026-09-15T00:11:46Z INFO [100/373] 3d1cc98f-341a-4a6a-9f9c-2a10a3542a94: 33 groups (HDF5, 0.9 MB; 0.6 s; peak memory 1091 MiB)
2026-09-15T00:11:47Z INFO [101/373] 3d4654a7-08ba-458d-890d-0b35a5824cb3: 22 groups (HDF5, 84.1 MB; 0.6 s; peak memory 1091 MiB)
2026-09-15T00:11:47Z INFO [102/373] 3de63b09-97b6-4c09-b015-e047c1b21b62: 30 groups (HDF5, 1.3 MB; 0.5 s; peak memory 1091 MiB)
2026-09-15T00:11:48Z INFO [103/373] 3e61e1fa-ea57-47a5-a9a5-1a252790fc9e: 35 groups (HDF5, 1.1 MB; 0.6 s; peak memory 1091 MiB)
2026-09-15T00:11:51Z INFO [104/373] 3f6e89d5-0267-4fb6-80d7-aece157e663d: 78 groups (HDF5, 1333.8 MB; 3.2 s; peak memory 1091 MiB)
2026-09-15T00:11:51Z INFO [105/373] 3faea412-634a-412d-803b-4a308b8ed9ea: 22 groups (HDF5, 84.1 MB; 0.5 s; peak memory 1091 MiB)
2026-09-15T00:11:52Z INFO [106/373] 40943046-f199-478e-9f3f-ab1f34e772f8: 22 groups (HDF5, 251.9 MB; 0.6 s; peak memory 1091 MiB)
2026-09-15T00:11:53Z INFO [107/373] 4172d3f9-dfea-4d22-b4b9-0d3b458e7463: 195 groups (HDF5, 194.9 MB; 1.2 s; peak memory 1091 MiB)
2026-09-15T00:11:54Z INFO [108/373] 41ed8d44-4d4d-4925-b2e2-c1636c1def95: 26 groups (HDF5, 4.6 MB; 0.5 s; peak memory 1091 MiB)
2026-09-15T00:11:54Z INFO [109/373] 431522a1-384a-43a4-99bf-1c4940a210dc: 22 groups (HDF5, 84.1 MB; 0.5 s; peak memory 1091 MiB)
2026-09-15T00:11:56Z INFO [110/373] 4387c77f-a6ea-4608-853e-0aa17399f4d8: 46 groups (HDF5, 379.2 MB; 1.4 s; peak memory 1091 MiB)
2026-09-15T00:11:56Z INFO [111/373] 4420ce02-fd3e-4c2e-b565-fd2183bd7930: 195 groups (HDF5, 18.7 MB; 0.6 s; peak memory 1091 MiB)
2026-09-15T00:11:57Z INFO [112/373] 448a834e-73a3-48a3-8c47-778bc7ff570d: 18 groups (HDF5, 0.2 MB; 0.4 s; peak memory 1091 MiB)
2026-09-15T00:11:57Z INFO [113/373] 455093e6-d89a-46b4-a924-0f4bd4f8172f: 17 groups (HDF5, 0.7 MB; 0.3 s; peak memory 1091 MiB)
2026-09-15T00:11:58Z INFO [114/373] 4648c24c-d55a-4a43-9522-ac0005936353: 25 groups (HDF5, 14.9 MB; 0.6 s; peak memory 1091 MiB)
2026-09-15T00:11:58Z INFO [115/373] 46dfdb6b-eaf5-40c9-99b9-8d3a16dcf22d: 41 groups (HDF5, 25.7 MB; 0.6 s; peak memory 1091 MiB)
2026-09-15T00:11:59Z INFO [116/373] 49b8e8da-1ec1-4834-9b2a-98c70abda39c: 336 groups (HDF5, 30.5 MB; 0.9 s; peak memory 1091 MiB)
2026-09-15T00:12:00Z INFO [117/373] 4b009659-3e04-4f55-9824-8751d785b87c: 29 groups (HDF5, 300.5 MB; 0.7 s; peak memory 1091 MiB)
2026-09-15T00:12:01Z INFO [118/373] 4c6b96fa-fbf2-47ab-9330-7ce840dec83b: 43 groups (HDF5, 91.1 MB; 0.9 s; peak memory 1091 MiB)
2026-09-15T00:12:01Z INFO [119/373] 4c9b48ca-519f-4b64-8d8d-140ad183db24: 35 groups (HDF5, 0.9 MB; 0.7 s; peak memory 1091 MiB)
2026-09-15T00:12:02Z INFO [120/373] 4d301f4b-b5a6-4a95-9aba-09d52ee80ee7: 22 groups (HDF5, 0.2 MB; 0.4 s; peak memory 1091 MiB)
2026-09-15T00:12:02Z INFO [121/373] 4d7f77c0-9c1a-4494-bf02-75250896ce56: 28 groups (HDF5, 0.5 MB; 0.4 s; peak memory 1091 MiB)
2026-09-15T00:12:04Z INFO [122/373] 4d9ef9bd-6dfd-4dae-be8e-f11207263218: 22 groups (HDF5, 4341.5 MB; 1.7 s; peak memory 1091 MiB)
2026-09-15T00:12:08Z INFO [123/373] 4e364b5f-b40c-4d2b-9930-3d0f18b0f561: 22 groups (HDF5, 3638.1 MB; 3.8 s; peak memory 1091 MiB)
2026-09-15T00:12:08Z INFO [124/373] 503d822b-1f34-410c-bba8-c2380b7edcc4: 17 groups (HDF5, 0.2 MB; 0.4 s; peak memory 1091 MiB)
2026-09-15T00:12:09Z INFO [125/373] 51406429-cd30-43b1-bff3-19b49a2081cd: 22 groups (HDF5, 84.1 MB; 0.5 s; peak memory 1091 MiB)
2026-09-15T00:12:11Z INFO [126/373] 51957bcf-10bc-4585-b3ae-084bb8f5585d: 75 groups (HDF5, 337.1 MB; 2.6 s; peak memory 1091 MiB)
2026-09-15T00:12:12Z INFO [127/373] 51ce7246-a484-4213-adb7-dcb91824229b: 32 groups (HDF5, 11.7 MB; 0.9 s; peak memory 1091 MiB)
2026-09-15T00:12:13Z INFO [128/373] 51e4c9c6-31b2-4d69-948a-6626145670e2: 35 groups (HDF5, 1.5 MB; 0.7 s; peak memory 1091 MiB)
2026-09-15T00:12:13Z INFO [129/373] 521036fd-8b82-4202-8f05-f000368859b7: 32 groups (HDF5, 1.2 MB; 0.6 s; peak memory 1091 MiB)
2026-09-15T00:12:14Z INFO [130/373] 52128d7e-49b9-43b3-9113-e55fd1dcb1ea: 17 groups (HDF5, 0.7 MB; 0.4 s; peak memory 1091 MiB)
2026-09-15T00:12:14Z INFO [131/373] 529e8c6d-0f2c-4fea-9336-b8d31dab5e2d: 32 groups (HDF5, 1.2 MB; 0.6 s; peak memory 1091 MiB)
2026-09-15T00:12:15Z INFO [132/373] 52a22690-710a-41ec-a169-da5a4e9e0a6c: 22 groups (HDF5, 84.1 MB; 0.5 s; peak memory 1091 MiB)
2026-09-15T00:12:17Z INFO [133/373] 534ecbb3-b747-49fe-a4d4-9f5dce08d25a: 57 groups (HDF5, 220.3 MB; 2.0 s; peak memory 1091 MiB)
2026-09-15T00:12:18Z INFO [134/373] 536a2339-e4d2-4fa6-b4a3-59881cd882d9: 36 groups (HDF5, 4655.3 MB; 0.7 s; peak memory 1091 MiB)
2026-09-15T00:12:18Z INFO [135/373] 5385f48e-5fc0-44a6-9b73-6f4a7a85d041: 22 groups (HDF5, 84.1 MB; 0.5 s; peak memory 1091 MiB)
2026-09-15T00:12:19Z INFO [136/373] 54c9da0f-faa9-4e43-840e-79b73069c81b: 32 groups (HDF5, 0.8 MB; 0.5 s; peak memory 1091 MiB)
2026-09-15T00:12:22Z INFO [137/373] 550a3e4c-1bae-4bbd-ab02-dedf41411441: 241 groups (HDF5, 34.1 MB; 3.4 s; peak memory 1091 MiB)
2026-09-15T00:12:23Z INFO [138/373] 55e0c3b1-b8f6-4ba3-b3b6-d3b873144f3f: 32 groups (HDF5, 11.7 MB; 0.7 s; peak memory 1091 MiB)
2026-09-15T00:12:23Z INFO [139/373] 5618204a-44c5-4779-b8f8-e338a1661b44: 33 groups (HDF5, 1.0 MB; 0.6 s; peak memory 1091 MiB)
2026-09-15T00:12:30Z INFO [140/373] 5664d9c3-3301-4e2b-af51-b8bb1c2237fb: 212 groups (HDF5, 54.2 MB; 6.8 s; peak memory 1091 MiB)
2026-09-15T00:12:31Z INFO [141/373] 575ee14b-6b2e-45a5-ad8d-67b55c60efc2: 202 groups (HDF5, 42.9 MB; 0.8 s; peak memory 1091 MiB)
2026-09-15T00:12:32Z INFO [142/373] 578426d4-ac57-4e5f-9af2-30e33d8477da: 35 groups (HDF5, 1.6 MB; 0.9 s; peak memory 1091 MiB)
2026-09-15T00:12:32Z INFO [143/373] 596c092d-a341-49e7-826b-c1e46e91e050: 30 groups (HDF5, 0.2 MB; 0.3 s; peak memory 1091 MiB)
2026-09-15T00:12:33Z INFO [144/373] 597c3318-6331-4bb9-9ea5-d3cbb79105e9: 341 groups (HDF5, 4.9 MB; 0.9 s; peak memory 1091 MiB)
2026-09-15T00:12:34Z INFO [145/373] 59890776-04e4-4b68-afcb-6a35a1099460: 17 groups (HDF5, 0.2 MB; 0.5 s; peak memory 1091 MiB)
2026-09-15T00:12:37Z INFO [146/373] 59e06e10-6c62-4340-9dab-4a29f96c7932: 56 groups (HDF5, 556.4 MB; 3.0 s; peak memory 1091 MiB)
2026-09-15T00:12:37Z INFO [147/373] 5a7224f5-cdce-4ffb-9b95-7372d2507c52: 32 groups (HDF5, 1.6 MB; 0.7 s; peak memory 1091 MiB)
2026-09-15T00:12:38Z INFO [148/373] 5b194252-1618-4780-96ca-a038251dfd87: 33 groups (HDF5, 9.4 MB; 0.9 s; peak memory 1091 MiB)
2026-09-15T00:12:39Z INFO [149/373] 5c0f95ba-a2ff-4a2e-a870-0ce82df758e2: 43 groups (HDF5, 313.8 MB; 0.8 s; peak memory 1091 MiB)
2026-09-15T00:12:39Z INFO [150/373] 5c84235e-c8bc-4e87-acab-4252115f50f5: 26 groups (HDF5, 2.1 MB; 0.5 s; peak memory 1091 MiB)
2026-09-15T00:12:40Z INFO [151/373] 5d8599c5-70f2-4fc3-a513-1fe4fdd6e4a8: 108 groups (HDF5, 5.6 MB; 0.8 s; peak memory 1091 MiB)
2026-09-15T00:12:41Z INFO [152/373] 5e5b81b8-a112-4740-92c5-60144e1e32bc: 32 groups (HDF5, 1.2 MB; 0.7 s; peak memory 1091 MiB)
2026-09-15T00:12:42Z INFO [153/373] 5e6bc08e-16ea-4622-b40c-618360ef1ab0: 29 groups (HDF5, 14.9 MB; 0.8 s; peak memory 1091 MiB)
2026-09-15T00:12:43Z INFO [154/373] 5e880677-8e36-4208-a04d-83bea6538446: 54 groups (HDF5, 414.4 MB; 1.3 s; peak memory 1091 MiB)
2026-09-15T00:13:54Z INFO [155/373] 5f980c6c-4779-4421-a869-715de2744ac4: 60 groups (HDF5, 21080.7 MB; 71.3 s; peak memory 1091 MiB)
2026-09-15T00:13:55Z INFO [156/373] 603d0f4c-fbe4-4b1d-9df6-55f4fcc6156e: 35 groups (HDF5, 1.7 MB; 0.8 s; peak memory 1091 MiB)
2026-09-15T00:13:56Z INFO [157/373] 6064acfa-1de1-4f99-a56b-c38b813292d2: 36 groups (HDF5, 2852.5 MB; 0.7 s; peak memory 1091 MiB)
2026-09-15T00:13:59Z INFO [158/373] 609f02e1-8c48-4edd-8ba0-0d8436b7c509: 36 groups (HDF5, 65.6 MB; 3.0 s; peak memory 1091 MiB)
2026-09-15T00:13:59Z INFO [159/373] 6113591c-2419-48e1-a9f7-4242cc464029: 32 groups (HDF5, 1.5 MB; 0.6 s; peak memory 1091 MiB)
2026-09-15T00:14:00Z INFO [160/373] 622995af-012b-4562-afce-01da8cef4f9d: 22 groups (HDF5, 84.1 MB; 0.5 s; peak memory 1091 MiB)
2026-09-15T00:14:00Z INFO [161/373] 63dca878-91ef-4103-aab6-42fe48383c43: 22 groups (HDF5, 84.1 MB; 0.4 s; peak memory 1091 MiB)
2026-09-15T00:14:01Z INFO [162/373] 64702ffa-e3cf-4eb7-bcc6-0ba2d21d951e: 32 groups (HDF5, 1.3 MB; 0.7 s; peak memory 1091 MiB)
2026-09-15T00:14:02Z INFO [163/373] 64963797-3701-445f-8800-684b9c0c0b2e: 35 groups (HDF5, 1.7 MB; 0.9 s; peak memory 1091 MiB)
2026-09-15T00:14:05Z INFO [164/373] 64e6da0f-485e-4eaf-a82c-53d2725b0d5b: 78 groups (HDF5, 2108.8 MB; 3.4 s; peak memory 1091 MiB)
2026-09-15T00:14:06Z INFO [165/373] 652b0cd5-202c-4829-b094-16745f3c7678: 32 groups (HDF5, 1.0 MB; 0.8 s; peak memory 1091 MiB)
2026-09-15T00:14:07Z INFO [166/373] 6559838e-a2b2-4c63-8080-7115ef2fa5f4: 41 groups (HDF5, 17.6 MB; 0.7 s; peak memory 1091 MiB)
2026-09-15T00:14:07Z INFO [167/373] 668ad0f7-00e0-41ca-86e6-9ad25c2cb360: 22 groups (HDF5, 84.1 MB; 0.6 s; peak memory 1091 MiB)
2026-09-15T00:14:08Z INFO [168/373] 679dfbc7-afb3-44e8-bcaf-55dbbe23a39b: 35 groups (HDF5, 1.3 MB; 0.8 s; peak memory 1091 MiB)
2026-09-15T00:15:14Z INFO [169/373] 6808749a-d629-4a38-a031-eddfa78a17f3: 69 groups (HDF5, 19761.2 MB; 65.3 s; peak memory 1091 MiB)
2026-09-15T00:15:17Z INFO [170/373] 68111bd7-34fd-41b9-8890-c38969d77e00: 78 groups (HDF5, 489.1 MB; 3.0 s; peak memory 1091 MiB)
2026-09-15T00:15:18Z INFO [171/373] 6844d7a3-fcf0-4b6a-b743-e60eddfe8bdd: 49 groups (HDF5, 13.8 MB; 1.1 s; peak memory 1091 MiB)
2026-09-15T00:15:18Z INFO [172/373] 687b29f5-28ce-446a-a8dc-c65dc2b4a587: 71 groups (HDF5, 3.0 MB; 0.7 s; peak memory 1091 MiB)
2026-09-15T00:15:19Z INFO [173/373] 68fef850-0010-40ba-9a83-cc5c0431ccb9: 32 groups (HDF5, 725.2 MB; 1.0 s; peak memory 1091 MiB)
2026-09-15T00:15:21Z INFO [174/373] 6920f81c-0e49-47b5-8e35-a4d534ed4f01: 48 groups (HDF5, 188.2 MB; 1.4 s; peak memory 1091 MiB)
2026-09-15T00:15:21Z INFO [175/373] 69408925-1d1e-455a-bbf2-862bdfb3307f: 32 groups (HDF5, 0.7 MB; 0.6 s; peak memory 1091 MiB)
2026-09-15T00:15:22Z INFO [176/373] 69929199-9bc0-459e-a456-194d03fef6c4: 22 groups (HDF5, 84.1 MB; 0.6 s; peak memory 1091 MiB)
2026-09-15T00:15:23Z INFO [177/373] 6aed2766-3070-4b77-8245-2ee2c52ce170: 48 groups (HDF5, 188.7 MB; 1.3 s; peak memory 1091 MiB)
2026-09-15T00:15:24Z INFO [178/373] 6b023443-330f-4df8-8c0d-d01023b72586: 22 groups (HDF5, 84.1 MB; 0.4 s; peak memory 1091 MiB)
2026-09-15T00:15:25Z INFO [179/373] 6c113d2f-96d9-49ae-9404-1582cd460222: 48 groups (HDF5, 188.1 MB; 1.4 s; peak memory 1091 MiB)
2026-09-15T00:15:26Z INFO [180/373] 6d05e0df-9053-4b3b-b5c8-9ecddc520cb3: 32 groups (HDF5, 1.2 MB; 0.5 s; peak memory 1091 MiB)
2026-09-15T00:15:26Z INFO [181/373] 6d57662a-3bd3-46a9-857c-dce65c6c2521: 195 groups (HDF5, 28.2 MB; 0.8 s; peak memory 1091 MiB)
2026-09-15T00:15:27Z INFO [182/373] 6f249b49-2b83-4b40-a419-83fd2b30c3c4: 341 groups (HDF5, 54.5 MB; 1.0 s; peak memory 1091 MiB)
2026-09-15T00:15:30Z INFO [183/373] 70ff4026-468d-42d0-9e10-2385fbd3a3ba: 78 groups (HDF5, 244.6 MB; 2.4 s; peak memory 1091 MiB)
2026-09-15T00:15:30Z INFO [184/373] 7272424f-6005-447d-bb63-613f21062cfb: 32 groups (HDF5, 1.2 MB; 0.6 s; peak memory 1091 MiB)
2026-09-15T00:15:32Z INFO [185/373] 72d27fe8-99cf-4ef8-97a2-c686df5b1847: 341 groups (HDF5, 199.6 MB; 1.3 s; peak memory 1091 MiB)
2026-09-15T00:27:17Z INFO [186/373] 738077b5-4a42-4c00-a992-cb1b5c506dd3: 61 groups (HDF5, 143390.0 MB; 704.8 s; peak memory 1122 MiB)
2026-09-15T00:27:20Z INFO [187/373] 73b8fe31-e9d7-4cee-a913-bac02a9ee98f: 34 groups (HDF5, 254.9 MB; 3.7 s; peak memory 1122 MiB)
2026-09-15T00:27:21Z INFO [188/373] 73d03bf1-fc51-4748-821a-702a1b0a6a93: 202 groups (HDF5, 205.4 MB; 1.2 s; peak memory 1122 MiB)
2026-09-15T00:27:25Z INFO [189/373] 7409e9f1-fe8f-41d1-bc2d-d8da8702a862: 92 groups (HDF5, 56.2 MB; 3.4 s; peak memory 1122 MiB)
2026-09-15T00:27:25Z INFO [190/373] 74641e84-3696-4247-afc8-496db99bdc83: 35 groups (HDF5, 0.9 MB; 0.6 s; peak memory 1122 MiB)
2026-09-15T00:27:26Z INFO [191/373] 7483fe0c-4630-40c5-8e8a-2bcd62508a88: 202 groups (HDF5, 60.8 MB; 0.7 s; peak memory 1122 MiB)
2026-09-15T00:27:27Z INFO [192/373] 785b7195-a135-42c3-a722-84f873a3d353: 22 groups (HDF5, 0.2 MB; 0.4 s; peak memory 1122 MiB)
2026-09-15T00:27:50Z INFO [193/373] 78ed465a-57f1-47b7-ab76-9ecdd6e86e27: 26 groups (HDF5, 2205.2 MB; 23.6 s; peak memory 1122 MiB)
2026-09-15T00:27:53Z INFO [194/373] 798f4e76-3cf3-4ee2-adc5-e1abef30c75d: 161 groups (HDF5, 23.7 MB; 2.5 s; peak memory 1122 MiB)
2026-09-15T00:27:53Z INFO [195/373] 79fcc898-ad01-4406-a59c-026fa3611314: 32 groups (HDF5, 0.9 MB; 0.6 s; peak memory 1122 MiB)
2026-09-15T00:27:54Z INFO [196/373] 7a7f544f-cca3-4e19-b67f-719b99b2b6e0: 29 groups (HDF5, 10.0 MB; 0.5 s; peak memory 1122 MiB)
2026-09-15T00:27:54Z INFO [197/373] 7ad8660e-d66a-4855-8d8a-03efee3cd5dd: 25 groups (HDF5, 16.6 MB; 0.6 s; peak memory 1122 MiB)
2026-09-15T00:27:55Z INFO [198/373] 7ae60e12-92aa-4776-87fd-5f52d3a7e3ce: 22 groups (HDF5, 84.1 MB; 0.5 s; peak memory 1122 MiB)
2026-09-15T00:27:56Z INFO [199/373] 7b5baa2d-5d88-45f0-9404-ab3510bd1828: 35 groups (HDF5, 2.0 MB; 0.7 s; peak memory 1122 MiB)
2026-09-15T00:28:03Z INFO [200/373] 7b5f3cab-d7a8-4159-9a32-d896305663e8: 27 groups (HDF5, 520.2 MB; 7.6 s; peak memory 1122 MiB)
2026-09-15T00:28:04Z INFO [201/373] 7d07ce9a-bf62-4c49-9cf9-9cd4d622b933: 35 groups (HDF5, 1.4 MB; 0.9 s; peak memory 1122 MiB)
2026-09-15T00:28:05Z INFO [202/373] 7d4b429f-d6e5-4d54-9779-9c9e175dbb4a: 32 groups (HDF5, 1.8 MB; 0.7 s; peak memory 1122 MiB)
2026-09-15T00:28:05Z INFO [203/373] 7e62f928-0db2-402a-af90-dd0024c3702d: 22 groups (HDF5, 84.1 MB; 0.4 s; peak memory 1122 MiB)
2026-09-15T00:28:06Z INFO [204/373] 7e6944db-5303-4eda-800b-ef364b26ecf3: 35 groups (HDF5, 1.5 MB; 0.6 s; peak memory 1122 MiB)
2026-09-15T00:28:20Z INFO [205/373] 7fa0d5ae-7759-4dfd-ac3f-432bff0ab888: 1248 groups (HDF5, 52.6 MB; 13.5 s; peak memory 1122 MiB)
2026-09-15T00:28:20Z INFO [206/373] 811a6f0a-74bf-4616-8941-90fd60c7c99d: 108 groups (HDF5, 52.8 MB; 0.9 s; peak memory 1122 MiB)
2026-09-15T00:28:21Z INFO [207/373] 81606c17-d6c6-41b6-88e4-c36653017a1b: 33 groups (HDF5, 5167.4 MB; 0.6 s; peak memory 1122 MiB)
2026-09-15T00:28:22Z INFO [208/373] 8250d0d9-37a9-4533-80b8-50da3f1d592a: 336 groups (HDF5, 2.8 MB; 0.8 s; peak memory 1122 MiB)
2026-09-15T00:28:23Z INFO [209/373] 8259ef53-f5f7-49a5-abb7-aa557bba0c0a: 55 groups (HDF5, 291.0 MB; 1.5 s; peak memory 1122 MiB)
2026-09-15T00:28:24Z INFO [210/373] 82c06bd7-630f-4601-bb30-368961990e7d: 22 groups (HDF5, 84.1 MB; 0.6 s; peak memory 1122 MiB)
2026-09-15T00:28:25Z INFO [211/373] 83405f65-dcd5-4ecb-9a07-0eb310ade282: 60 groups (HDF5, 60.1 MB; 1.4 s; peak memory 1122 MiB)
2026-09-15T00:28:26Z INFO [212/373] 83ea2234-b048-42b0-8db7-99d58dea3ba4: 194 groups (HDF5, 226.0 MB; 1.1 s; peak memory 1122 MiB)
2026-09-15T00:28:27Z INFO [213/373] 849a6757-657c-4a32-8091-7ec66076d354: 33 groups (HDF5, 1.0 MB; 0.6 s; peak memory 1122 MiB)
2026-09-15T00:28:28Z INFO [214/373] 8551568f-f09f-44a6-a83d-58a4df2f4a74: 207 groups (HDF5, 3.1 MB; 0.7 s; peak memory 1122 MiB)
2026-09-15T00:28:30Z INFO [215/373] 8653051a-0f74-4fb1-996f-916590b89f39: 73 groups (HDF5, 233.6 MB; 2.6 s; peak memory 1122 MiB)
2026-09-15T00:28:31Z INFO [216/373] 87320ab9-642d-48e7-a598-48375dca7b51: 22 groups (HDF5, 84.1 MB; 0.5 s; peak memory 1122 MiB)
2026-09-15T00:28:34Z INFO [217/373] 87ffc01f-bd1a-4ed9-a9e7-5d3545e0cf81: 201 groups (HDF5, 25.9 MB; 3.4 s; peak memory 1122 MiB)
2026-09-15T00:28:35Z INFO [218/373] 88043f05-6ebb-4210-9523-17dc1338946b: 49 groups (HDF5, 15.0 MB; 0.8 s; peak memory 1122 MiB)
2026-09-15T00:28:39Z INFO [219/373] 89e19939-74de-4173-acd0-6a74d319e795: 46 groups (HDF5, 507.8 MB; 4.2 s; peak memory 1122 MiB)
2026-09-15T00:28:40Z INFO [220/373] 8ba99c1e-939a-4a64-b058-0639d7cafd05: 35 groups (HDF5, 1.3 MB; 0.8 s; peak memory 1122 MiB)
2026-09-15T00:28:41Z INFO [221/373] 8d789b37-5867-4e96-9a7e-9a87b3a7d06b: 31 groups (HDF5, 8.6 MB; 0.4 s; peak memory 1122 MiB)
2026-09-15T00:28:42Z INFO [222/373] 8d84ce53-6263-482d-8098-2d9a22044667: 47 groups (HDF5, 19476.7 MB; 1.3 s; peak memory 1122 MiB)
2026-09-15T00:28:43Z INFO [223/373] 8ddec082-becf-45b8-8c34-d299862bc86e: 35 groups (HDF5, 1.3 MB; 0.7 s; peak memory 1122 MiB)
2026-09-15T00:28:43Z INFO [224/373] 8f173f43-7535-4110-84d4-2a7c99b7b0a5: 35 groups (HDF5, 1.4 MB; 0.8 s; peak memory 1122 MiB)
2026-09-15T00:28:44Z INFO [225/373] 905dbf0b-77b8-4e7c-9d30-81eafae9441d: 22 groups (HDF5, 84.1 MB; 0.5 s; peak memory 1122 MiB)
2026-09-15T00:28:45Z INFO [226/373] 90d61dba-e000-4c93-97a0-6d9a9df88ca7: 199 groups (HDF5, 4.6 MB; 0.8 s; peak memory 1122 MiB)
2026-09-15T00:28:45Z INFO [227/373] 91578100-f094-48db-ad1f-ca5dbf7febb3: 17 groups (HDF5, 0.7 MB; 0.4 s; peak memory 1122 MiB)
2026-09-15T00:28:46Z INFO [228/373] 9186cd49-7cee-4447-a2fa-58a50705431a: 62 groups (HDF5, 2482.5 MB; 0.8 s; peak memory 1122 MiB)
2026-09-15T00:28:47Z INFO [229/373] 94992173-77d1-401f-b2b5-e355890ea3bd: 32 groups (HDF5, 1.2 MB; 0.5 s; peak memory 1122 MiB)
2026-09-15T00:28:48Z INFO [230/373] 953846ed-8e4c-4ae8-85e5-f823edb30d0a: 50 groups (HDF5, 196.1 MB; 1.4 s; peak memory 1122 MiB)
2026-09-15T00:28:49Z INFO [231/373] 9572bf8b-81d9-4d75-ae88-c15e13a3056e: 206 groups (HDF5, 68.3 MB; 0.9 s; peak memory 1122 MiB)
2026-09-15T00:28:50Z INFO [232/373] 960f9018-f45a-4314-9591-d66e4476ee72: 35 groups (HDF5, 1.6 MB; 0.8 s; peak memory 1122 MiB)
2026-09-15T00:28:50Z INFO [233/373] 9638b9b7-b603-4666-ae90-0035b5f6ebc2: 22 groups (HDF5, 84.1 MB; 0.4 s; peak memory 1122 MiB)
2026-09-15T00:28:51Z INFO [234/373] 96c391fe-9c76-4904-8a9a-c493eab44e9e: 22 groups (HDF5, 84.1 MB; 0.5 s; peak memory 1122 MiB)
2026-09-15T00:28:51Z INFO [235/373] 97955d4b-4e3f-4ecd-9a38-31e903507e27: 24 groups (HDF5, 362.5 MB; 0.4 s; peak memory 1122 MiB)
2026-09-15T00:28:51Z INFO [236/373] 97b247e3-c691-41e2-a7c3-cdf0574188cd: 22 groups (HDF5, 84.1 MB; 0.4 s; peak memory 1122 MiB)
2026-09-15T00:28:52Z INFO [237/373] 98f3c14c-f87e-4f65-a3c9-fd3c86a93361: 572 groups (HDF5, 2.1 MB; 1.0 s; peak memory 1122 MiB)
2026-09-15T00:28:59Z INFO [238/373] 996bba34-ae8f-4587-9363-e02341824637: 183 groups (HDF5, 32.7 MB; 6.6 s; peak memory 1122 MiB)
2026-09-15T00:29:04Z INFO [239/373] 9a06a396-cf73-4102-82a9-ace70629453c: 1692 groups (HDF5, 19.7 MB; 4.5 s; peak memory 1122 MiB)
2026-09-15T00:29:04Z INFO [240/373] 9bd4b127-6182-4873-b914-8166e54fd1d7: 22 groups (HDF5, 84.1 MB; 0.6 s; peak memory 1122 MiB)
2026-09-15T00:29:07Z INFO [241/373] 9d6874cb-f3a6-4dd4-8890-aeeaac081337: 59 groups (HDF5, 89.4 MB; 3.2 s; peak memory 1122 MiB)
2026-09-15T00:29:08Z INFO [242/373] 9dd9abc8-f56c-42d6-8134-44a6a3cbcf97: 36 groups (HDF5, 4335.7 MB; 0.6 s; peak memory 1122 MiB)
2026-09-15T00:29:09Z INFO [243/373] 9dfb9392-37b8-48ff-908c-841be49ab815: 201 groups (HDF5, 155.0 MB; 0.8 s; peak memory 1122 MiB)
2026-09-15T00:29:09Z INFO [244/373] 9e9af236-2865-4280-8e09-3d4051085cb7: 18 groups (HDF5, 0.7 MB; 0.4 s; peak memory 1122 MiB)
2026-09-15T00:29:11Z INFO [245/373] 9f1ff596-9c58-4644-8bb8-6261bfb38f5a: 65 groups (HDF5, 8.7 MB; 2.0 s; peak memory 1122 MiB)
2026-09-15T00:29:16Z INFO [246/373] 9fb353fd-57ff-40ff-be44-bd8f456e4b1a: 255 groups (HDF5, 50.2 MB; 5.5 s; peak memory 1122 MiB)
2026-09-15T00:30:19Z INFO [247/373] a17d89ac-37c8-441d-8951-de968c1a7fc7: 71 groups (HDF5, 20782.9 MB; 62.6 s; peak memory 1122 MiB)
2026-09-15T00:30:20Z INFO [248/373] a1ba4085-811f-45a7-bc0e-bc0657a01815: 202 groups (HDF5, 3.6 MB; 0.8 s; peak memory 1122 MiB)
2026-09-15T00:30:21Z INFO [249/373] a24b09d8-7784-44f6-93bf-097c081d8ffb: 35 groups (HDF5, 2.0 MB; 0.8 s; peak memory 1122 MiB)
2026-09-15T00:30:21Z INFO [250/373] a3e423ca-3605-40ce-9bc4-681560470100: 32 groups (HDF5, 0.8 MB; 0.5 s; peak memory 1122 MiB)
2026-09-15T00:30:22Z INFO [251/373] a44069b3-39c6-45d1-8f62-2e3bdfb89054: 202 groups (HDF5, 68.3 MB; 0.8 s; peak memory 1122 MiB)
2026-09-15T00:30:22Z INFO [252/373] a4ba15a7-2335-4235-aa36-5b411fa7c905: 22 groups (HDF5, 84.1 MB; 0.5 s; peak memory 1122 MiB)
2026-09-15T00:30:23Z INFO [253/373] a5d29df6-afb5-4b3a-b6d6-c66a915b5485: 33 groups (HDF5, 1.5 MB; 0.7 s; peak memory 1122 MiB)
2026-09-15T00:30:24Z INFO [254/373] a718d905-a7ca-4513-a41e-4c3ac5e27ad6: 32 groups (HDF5, 18.3 MB; 0.7 s; peak memory 1122 MiB)
2026-09-15T00:30:24Z INFO [255/373] a753c683-1d0c-457f-bea1-eb0697f9c313: 32 groups (HDF5, 0.8 MB; 0.5 s; peak memory 1122 MiB)
2026-09-15T00:30:28Z INFO [256/373] a82a0e6f-8e20-4742-80e0-b12d982365fb: 181 groups (HDF5, 9.3 MB; 3.2 s; peak memory 1122 MiB)
2026-09-15T00:30:28Z INFO [257/373] a8ac7230-7348-4296-8a98-77a88d380497: 22 groups (HDF5, 84.1 MB; 0.5 s; peak memory 1122 MiB)
2026-09-15T00:30:29Z INFO [258/373] a92c92a0-1b18-4e36-851b-72ec40f7ea75: 22 groups (HDF5, 84.1 MB; 0.4 s; peak memory 1122 MiB)
2026-09-15T00:30:29Z INFO [259/373] a978430c-0be6-4347-ba01-3276a3287b9a: 32 groups (HDF5, 0.9 MB; 0.6 s; peak memory 1122 MiB)
2026-09-15T00:30:30Z INFO [260/373] aad536a4-06e7-4923-93d4-538691fc4134: 18 groups (HDF5, 586.8 MB; 0.5 s; peak memory 1122 MiB)
2026-09-15T00:30:31Z INFO [261/373] aafa5862-812a-43f1-b0cf-c65d91e19002: 47 groups (HDF5, 805.6 MB; 1.6 s; peak memory 1122 MiB)
2026-09-15T00:30:32Z INFO [262/373] ad7990ef-0e3e-406d-8562-0db3e8f3ccc3: 22 groups (HDF5, 84.1 MB; 0.5 s; peak memory 1122 MiB)
2026-09-15T00:30:35Z INFO [263/373] ae7fd2bf-0a8b-4ef4-9309-de8fc4f78488: 47 groups (HDF5, 420.3 MB; 2.8 s; peak memory 1122 MiB)
2026-09-15T00:30:35Z INFO [264/373] aead95fa-3f1a-4699-ab9e-ee776c9c8774: 22 groups (HDF5, 84.1 MB; 0.5 s; peak memory 1122 MiB)
2026-09-15T00:30:45Z INFO [265/373] aef58eb9-0fe5-4306-8dea-3bc287d16275: 989 groups (HDF5, 30.2 MB; 9.9 s; peak memory 1122 MiB)
2026-09-15T00:30:45Z INFO [266/373] b017f001-a2b6-4366-805d-6d814f6521aa: 30 groups (HDF5, 0.3 MB; 0.4 s; peak memory 1122 MiB)
2026-09-15T00:30:46Z INFO [267/373] b0c6424a-6283-45a6-aae9-64be3ad20cd6: 27 groups (HDF5, 0.2 MB; 0.4 s; peak memory 1122 MiB)
2026-09-15T00:30:46Z INFO [268/373] b1442047-73e1-44c4-8fdd-e3308e4affde: 29 groups (HDF5, 1826.1 MB; 0.7 s; peak memory 1122 MiB)
2026-09-15T00:30:51Z INFO [269/373] b27a931f-499c-4471-9758-d7ec847f1c5e: 161 groups (HDF5, 54.9 MB; 4.2 s; peak memory 1122 MiB)
2026-09-15T00:30:51Z INFO [270/373] b2f42b6c-23e9-4604-9941-e2c96c9b5e3d: 35 groups (HDF5, 1.8 MB; 0.8 s; peak memory 1122 MiB)
2026-09-15T00:30:52Z INFO [271/373] b3442502-fbf6-4b00-89cd-e5d8c447ba3a: 18 groups (HDF5, 0.4 MB; 0.5 s; peak memory 1122 MiB)
2026-09-15T00:30:52Z INFO [272/373] b448bd41-bba8-4b00-b9ed-a9ad760c86d3: 33 groups (HDF5, 1.2 MB; 0.5 s; peak memory 1122 MiB)
2026-09-15T00:30:53Z INFO [273/373] b50aa2fb-d9e9-4002-8996-f63a8a3a5f20: 22 groups (HDF5, 84.1 MB; 0.5 s; peak memory 1122 MiB)
2026-09-15T00:30:54Z INFO [274/373] b5289ae4-deee-4efc-80d0-e869e0b035b1: 54 groups (HDF5, 229.0 MB; 1.3 s; peak memory 1122 MiB)
2026-09-15T00:30:55Z INFO [275/373] b6340ab9-8f3c-4611-983e-6628827b10bc: 32 groups (HDF5, 0.8 MB; 0.6 s; peak memory 1122 MiB)
2026-09-15T00:30:55Z INFO [276/373] b66b1b07-0bf1-4174-9b37-e0ae9164dd0e: 25 groups (HDF5, 23.4 MB; 0.6 s; peak memory 1122 MiB)
2026-09-15T00:30:57Z INFO [277/373] b7664af6-21b3-4438-9ff9-54b778b03e21: 53 groups (HDF5, 649.0 MB; 1.9 s; peak memory 1122 MiB)
2026-09-15T00:30:58Z INFO [278/373] b7c07d7b-bac6-451e-aa7d-3e04a829d269: 17 groups (HDF5, 5.4 MB; 0.4 s; peak memory 1122 MiB)
2026-09-15T00:31:06Z INFO [279/373] b8f9d1e3-cc88-414d-bb97-05cf4b919977: 27 groups (HDF5, 613.7 MB; 8.2 s; peak memory 1122 MiB)
2026-09-15T00:31:06Z INFO [280/373] b90636b7-99a8-4e2a-ab41-483fc505ba33: 35 groups (HDF5, 0.8 MB; 0.5 s; peak memory 1122 MiB)
2026-09-15T00:31:07Z INFO [281/373] b9f76310-0437-44cd-af8c-f16925cfb543: 18 groups (HDF5, 0.3 MB; 0.4 s; peak memory 1122 MiB)
2026-09-15T00:31:07Z INFO [282/373] ba6e1a16-5d06-41d3-926b-f496c342f3e7: 29 groups (HDF5, 0.3 MB; 0.4 s; peak memory 1122 MiB)
2026-09-15T00:31:08Z INFO [283/373] be0b0f2a-19b8-4d20-ab3a-8efac4078899: 32 groups (HDF5, 1.4 MB; 0.5 s; peak memory 1122 MiB)
2026-09-15T00:31:08Z INFO [284/373] be892334-42e6-4538-8270-434743745d55: 46 groups (HDF5, 15.8 MB; 0.8 s; peak memory 1122 MiB)
2026-09-15T00:31:09Z INFO [285/373] c00b42b8-b054-49d1-b082-de7bdb59553d: 22 groups (HDF5, 84.1 MB; 0.5 s; peak memory 1122 MiB)
2026-09-15T00:31:09Z INFO [286/373] c0369c85-f876-489a-810b-2d0fa68b1a91: 33 groups (HDF5, 1.0 MB; 0.6 s; peak memory 1122 MiB)
2026-09-15T00:31:10Z INFO [287/373] c1351fa2-e81d-4d22-8c3c-6c5eae86fdfe: 199 groups (HDF5, 192.8 MB; 0.9 s; peak memory 1122 MiB)
2026-09-15T00:31:11Z INFO [288/373] c20ac602-3c90-4188-b609-3620fc30fed7: 252 groups (HDF5, 0.8 MB; 0.7 s; peak memory 1122 MiB)
2026-09-15T00:31:12Z INFO [289/373] c20c3843-859c-4e49-a003-1d065a59585c: 32 groups (HDF5, 1.0 MB; 0.5 s; peak memory 1122 MiB)
2026-09-15T00:31:12Z INFO [290/373] c21382e8-1912-4fb4-9c5d-79c720e87441: 259 groups (HDF5, 3.2 MB; 0.8 s; peak memory 1122 MiB)
2026-09-15T00:31:13Z INFO [291/373] c343b990-0288-4ce9-a679-149db0db26da: 28 groups (HDF5, 6.0 MB; 0.4 s; peak memory 1122 MiB)
2026-09-15T00:31:13Z INFO [292/373] c385a2e1-76a5-4e8e-a2cd-b93db7a4432a: 18 groups (HDF5, 443.4 MB; 0.5 s; peak memory 1122 MiB)
2026-09-15T00:31:14Z INFO [293/373] c47eda53-4c18-4749-8be1-f47afcec9f8e: 32 groups (HDF5, 1.2 MB; 0.6 s; peak memory 1122 MiB)
2026-09-15T00:31:15Z INFO [294/373] c6ef0399-6279-403c-b550-d75702996b8e: 30 groups (HDF5, 43.7 MB; 0.6 s; peak memory 1122 MiB)
2026-09-15T00:31:15Z INFO [295/373] c6f0f7c3-ee8e-47fa-8a7e-e240f3d51dd4: 35 groups (HDF5, 1.4 MB; 0.8 s; peak memory 1122 MiB)
2026-09-15T00:31:16Z INFO [296/373] c7c4cf67-6102-45e0-80db-da813afcd53e: 30 groups (HDF5, 0.3 MB; 0.5 s; peak memory 1122 MiB)
2026-09-15T00:31:16Z INFO [297/373] c8cdf12c-ab49-4e29-ba65-6c21b9ad2384: 32 groups (HDF5, 1.1 MB; 0.6 s; peak memory 1122 MiB)
2026-09-15T00:31:20Z INFO [298/373] c9394781-00ca-49f3-bd8b-61b069abb6b1: 66 groups (HDF5, 782.8 MB; 3.4 s; peak memory 1122 MiB)
2026-09-15T00:31:45Z INFO [299/373] c9956918-28bc-4574-8c7e-6a3170312b03: 27 groups (HDF5, 2044.9 MB; 25.5 s; peak memory 1122 MiB)
2026-09-15T00:31:46Z INFO [300/373] ca6e7089-52a3-44b4-89c4-f18b5e132fb5: 22 groups (HDF5, 84.1 MB; 0.6 s; peak memory 1122 MiB)
2026-09-15T00:31:59Z INFO [301/373] ca7a3e74-9a98-4eae-a749-4c0c0c43f68e: 258 groups (HDF5, 88.4 MB; 13.3 s; peak memory 1122 MiB)
2026-09-15T00:32:06Z INFO [302/373] ca8d49f1-bd23-4b1b-9766-17b8078a70c2: 452 groups (HDF5, 54.6 MB; 6.5 s; peak memory 1122 MiB)
2026-09-15T00:32:06Z INFO [303/373] caa78ae8-f62e-4fd0-8179-5fcd0cf6c6bc: 26 groups (HDF5, 0.2 MB; 0.4 s; peak memory 1122 MiB)
2026-09-15T00:32:07Z INFO [304/373] cebd27da-fe64-48b9-979d-6eed3aaa0dca: 49 groups (HDF5, 17.3 MB; 1.1 s; peak memory 1122 MiB)
2026-09-15T00:32:08Z INFO [305/373] cec4416e-ff44-4bb7-91d6-340b2a7518f2: 32 groups (HDF5, 1.2 MB; 0.5 s; peak memory 1122 MiB)
2026-09-15T00:32:08Z INFO [306/373] ceea9801-b2c6-44c8-bf83-c69552736161: 70 groups (HDF5, 1.8 MB; 0.4 s; peak memory 1122 MiB)
2026-09-15T00:32:12Z INFO [307/373] cf07e625-41bc-4230-949f-210148b9d305: 274 groups (HDF5, 40.3 MB; 4.2 s; peak memory 1122 MiB)
2026-09-15T00:32:13Z INFO [308/373] cf11f9dc-ca9e-4178-a914-5d64326314db: 32 groups (HDF5, 1.0 MB; 0.6 s; peak memory 1122 MiB)
2026-09-15T00:32:14Z INFO [309/373] cf42d85a-346d-4dde-8f7b-2a9e66e5b184: 255 groups (HDF5, 28.3 MB; 0.7 s; peak memory 1122 MiB)
2026-09-15T00:32:23Z INFO [310/373] cfe120af-1637-4c5a-8a15-c982c4143fc1: 290 groups (HDF5, 75.1 MB; 9.1 s; peak memory 1122 MiB)
2026-09-15T00:32:24Z INFO [311/373] d2341d6f-ff3e-4e57-92e8-4ef55209b814: 35 groups (HDF5, 1.8 MB; 0.9 s; peak memory 1122 MiB)
2026-09-15T00:32:30Z INFO [312/373] d393fccd-96e2-4ad0-92f1-0dc4f9bc4819: 228 groups (HDF5, 62.7 MB; 6.1 s; peak memory 1122 MiB)
2026-09-15T00:32:55Z INFO [313/373] d47a9526-90b7-44b0-9321-6948c3107afe: 27 groups (HDF5, 2289.3 MB; 25.0 s; peak memory 1122 MiB)
2026-09-15T00:33:00Z INFO [314/373] d495c131-16a8-46d5-b548-eb4e5f720a33: 197 groups (HDF5, 55.8 MB; 5.6 s; peak memory 1122 MiB)
2026-09-15T00:33:14Z INFO [315/373] d4cd0780-cc7b-48cf-8523-80c00c8b4373: 245 groups (HDF5, 104.1 MB; 14.0 s; peak memory 1122 MiB)
2026-09-15T00:39:05Z INFO [316/373] d5b2887e-90d0-4192-9ea8-bb4654477a09: 42 groups (HDF5, 1284.9 MB; 350.9 s; peak memory 1131 MiB)
2026-09-15T00:39:06Z INFO [317/373] d5ef26de-99d7-4b30-bb93-d33b516908e6: 22 groups (HDF5, 84.1 MB; 0.6 s; peak memory 1131 MiB)
2026-09-15T00:39:06Z INFO [318/373] d5ef6778-e6e8-4d3f-93f7-d9519f34cba8: 22 groups (HDF5, 84.1 MB; 0.6 s; peak memory 1131 MiB)
2026-09-15T00:39:07Z INFO [319/373] d606009c-7562-4ed0-86c7-9fbad8d166f0: 31 groups (HDF5, 620.8 MB; 1.0 s; peak memory 1131 MiB)
2026-09-15T00:39:08Z INFO [320/373] d7b46164-2a58-45e4-a802-f7d82344b245: 32 groups (HDF5, 1.4 MB; 0.6 s; peak memory 1131 MiB)
2026-09-15T00:39:09Z INFO [321/373] d7e5687b-6ccd-4c02-8e1d-5c6998d80a52: 24 groups (HDF5, 389.6 MB; 0.5 s; peak memory 1131 MiB)
2026-09-15T00:39:09Z INFO [322/373] d830b59a-0da1-41c8-b410-9604ce0e441a: 256 groups (HDF5, 4.0 MB; 0.7 s; peak memory 1131 MiB)
2026-09-15T00:39:10Z INFO [323/373] d9f795fe-d436-43c2-9c51-4772217d791b: 195 groups (HDF5, 16.1 MB; 0.6 s; peak memory 1131 MiB)
2026-09-15T00:39:11Z INFO [324/373] db23b8b2-a4a0-4d44-a3d4-a7740be5170e: 48 groups (HDF5, 66.5 MB; 1.0 s; peak memory 1131 MiB)
2026-09-15T00:39:11Z INFO [325/373] db79a856-5a8c-4c0b-9d73-5f2f5c2e0d52: 30 groups (HDF5, 0.2 MB; 0.3 s; peak memory 1131 MiB)
2026-09-15T00:39:12Z INFO [326/373] dbd2158c-bbf4-4d03-8a3e-a9cb29b0332e: 194 groups (HDF5, 30.7 MB; 0.8 s; peak memory 1131 MiB)
2026-09-15T00:39:13Z INFO [327/373] dc40eb63-1c12-4b3f-896e-5a6038eb40df: 32 groups (HDF5, 1.0 MB; 0.7 s; peak memory 1131 MiB)
2026-09-15T00:39:13Z INFO [328/373] ddb62a7b-2601-43b6-9ca7-5b1d20d1b332: 32 groups (HDF5, 1.0 MB; 0.7 s; peak memory 1131 MiB)
2026-09-15T00:39:14Z INFO [329/373] ddf02797-a250-45bc-bb14-f68b817b290a: 41 groups (HDF5, 10.3 MB; 0.6 s; peak memory 1131 MiB)
2026-09-15T00:39:23Z INFO [330/373] df652b2a-9f54-4a81-bf19-07c028523f05: 17 groups (HDF5, 856.3 MB; 9.5 s; peak memory 1131 MiB)
2026-09-15T00:39:24Z INFO [331/373] dfcebe82-5956-4739-8a27-40ad1c3aa7f3: 32 groups (HDF5, 1.1 MB; 0.7 s; peak memory 1131 MiB)
2026-09-15T00:39:25Z INFO [332/373] dffcecf6-2e88-403d-8892-857025954a03: 35 groups (HDF5, 1.2 MB; 0.7 s; peak memory 1131 MiB)
2026-09-15T00:39:26Z INFO [333/373] e397d409-92d0-423a-8c96-4f8dc209ffbe: 32 groups (HDF5, 1.4 MB; 0.8 s; peak memory 1131 MiB)
2026-09-15T00:39:27Z INFO [334/373] e41572f2-be6a-4f4b-9adc-7149c8f4b925: 32 groups (HDF5, 1.0 MB; 1.4 s; peak memory 1131 MiB)
2026-09-15T00:39:28Z INFO [335/373] e5137f79-0813-42d5-ad83-bc1435fe1dde: 24 groups (HDF5, 2.4 MB; 0.6 s; peak memory 1131 MiB)
2026-09-15T00:39:29Z INFO [336/373] e667c3fb-6da4-4535-bd7f-796b28d98daa: 46 groups (HDF5, 836.3 MB; 1.3 s; peak memory 1131 MiB)
2026-09-15T00:39:30Z INFO [337/373] e6740d80-5eda-4636-9b42-c3eda495b67c: 337 groups (HDF5, 19.6 MB; 0.8 s; peak memory 1131 MiB)
2026-09-15T00:39:31Z INFO [338/373] e68d3c6c-14c7-41ec-a3c2-a2700d5137eb: 25 groups (HDF5, 18.2 MB; 0.8 s; peak memory 1131 MiB)
2026-09-15T00:39:31Z INFO [339/373] e6a3aecf-ff8f-4a3a-a5cd-b4fd4db33962: 22 groups (HDF5, 84.1 MB; 0.5 s; peak memory 1131 MiB)
2026-09-15T00:39:32Z INFO [340/373] e7203bec-7130-45a3-9a90-34063cd16112: 22 groups (HDF5, 84.1 MB; 0.5 s; peak memory 1131 MiB)
2026-09-15T00:39:32Z INFO [341/373] e7d41beb-a797-41e8-aaa9-83bded512bcc: 36 groups (HDF5, 4807.1 MB; 0.6 s; peak memory 1131 MiB)
2026-09-15T00:39:33Z INFO [342/373] e7fc4331-8953-4e85-9074-9d634f93e634: 32 groups (HDF5, 0.9 MB; 0.6 s; peak memory 1131 MiB)
2026-09-15T00:39:34Z INFO [343/373] e80fa3f7-aeb4-4ad5-b4d9-d41acbf1c472: 35 groups (HDF5, 0.9 MB; 0.7 s; peak memory 1131 MiB)
2026-09-15T00:39:34Z INFO [344/373] eb1c72f1-952c-4ad2-b384-bd45a8a3ee97: 108 groups (HDF5, 10.0 MB; 0.6 s; peak memory 1131 MiB)
2026-09-15T00:39:35Z INFO [345/373] ec37932b-0dfc-4cb9-a8d6-2182826f8514: 32 groups (HDF5, 1.3 MB; 0.7 s; peak memory 1131 MiB)
2026-09-15T00:39:36Z INFO [346/373] ecfcb8aa-d956-4e77-91ba-824793407a00: 32 groups (HDF5, 0.9 MB; 0.5 s; peak memory 1131 MiB)
2026-09-15T00:39:36Z INFO [347/373] eea18703-29cf-49ed-a3a5-2932dc0b2766: 31 groups (HDF5, 46.6 MB; 0.8 s; peak memory 1131 MiB)
2026-09-15T00:39:37Z INFO [348/373] ef1b5bac-6bd5-4a1f-93be-91f739e883a2: 207 groups (HDF5, 66.1 MB; 1.1 s; peak memory 1131 MiB)
2026-09-15T00:39:38Z INFO [349/373] f04e26bb-48af-462b-95da-1516147f7df1: 35 groups (HDF5, 2.0 MB; 0.8 s; peak memory 1131 MiB)
2026-09-15T00:39:41Z INFO [350/373] f0add702-8430-47e5-b96d-9adc90191d48: 78 groups (HDF5, 456.7 MB; 3.0 s; peak memory 1131 MiB)
2026-09-15T00:39:42Z INFO [351/373] f1a45477-a15f-4568-95a3-801b12260296: 252 groups (HDF5, 0.9 MB; 0.6 s; peak memory 1131 MiB)
2026-09-15T00:39:46Z INFO [352/373] f25262c2-1325-4272-b0bb-1040a0422bf0: 50 groups (HDF5, 145.6 MB; 4.5 s; peak memory 1131 MiB)
2026-09-15T00:39:47Z INFO [353/373] f36cd6d9-b5f0-4b45-a4fb-ff08299aa6b6: 22 groups (HDF5, 84.1 MB; 0.5 s; peak memory 1131 MiB)
2026-09-15T00:39:48Z INFO [354/373] f375e907-e340-4584-a527-34613c999b3f: 32 groups (HDF5, 1.3 MB; 0.6 s; peak memory 1131 MiB)
2026-09-15T00:39:50Z INFO [355/373] f4519ee0-4367-45d3-af49-5d7d7d89c4c3: 121 groups (HDF5, 18.1 MB; 2.4 s; peak memory 1131 MiB)
2026-09-15T00:39:51Z INFO [356/373] f461edc3-85ec-4681-99ab-fa7c76b0d434: 35 groups (HDF5, 1.2 MB; 0.6 s; peak memory 1131 MiB)
2026-09-15T00:39:51Z INFO [357/373] f541a5d5-ff8d-431c-a930-98298b48103f: 21 groups (HDF5, 11.5 MB; 0.7 s; peak memory 1131 MiB)
2026-09-15T00:39:52Z INFO [358/373] f5b1e8a2-4561-4250-a894-152c4b92362f: 48 groups (HDF5, 191.5 MB; 1.2 s; peak memory 1131 MiB)
2026-09-15T00:39:54Z INFO [359/373] f5c09885-712b-45f1-84d1-9164f5819aa5: 36 groups (HDF5, 127.7 MB; 1.8 s; peak memory 1131 MiB)
2026-09-15T00:39:58Z INFO [360/373] f60a15ef-1fcc-4e14-8b20-8517f98f3061: 183 groups (HDF5, 30.9 MB; 3.9 s; peak memory 1131 MiB)
2026-09-15T00:39:59Z INFO [361/373] f64d2ea0-2717-40ab-8066-8de00bdb5944: 30 groups (HDF5, 0.2 MB; 0.4 s; peak memory 1131 MiB)
2026-09-15T00:39:59Z INFO [362/373] f7bd52fc-b363-4797-96be-d02737551314: 25 groups (HDF5, 24.7 MB; 0.5 s; peak memory 1131 MiB)
2026-09-15T00:40:00Z INFO [363/373] f81d0e9f-f3cf-4f6a-b0c1-a6afe77f2b3c: 341 groups (HDF5, 65.7 MB; 1.0 s; peak memory 1131 MiB)
2026-09-15T00:40:01Z INFO [364/373] f915f15e-af02-4045-a719-a6f01f5ed8e4: 22 groups (HDF5, 84.1 MB; 0.6 s; peak memory 1131 MiB)
2026-09-15T00:40:01Z INFO [365/373] fa5f8d10-75dd-417a-bfca-12c11c3340c5: 22 groups (HDF5, 84.1 MB; 0.5 s; peak memory 1131 MiB)
2026-09-15T00:40:02Z INFO [366/373] fb17c500-b402-4b0f-9d07-f8f53dd3bd8d: 22 groups (HDF5, 84.1 MB; 0.6 s; peak memory 1131 MiB)
2026-09-15T00:40:02Z INFO [367/373] fb5bece3-1942-4811-8e4f-2321c7309295: 35 groups (HDF5, 1.2 MB; 0.6 s; peak memory 1131 MiB)
2026-09-15T00:40:03Z INFO [368/373] fbc8ebc0-c6c9-48e3-b589-405f4f630f0a: 24 groups (HDF5, 16.2 MB; 0.5 s; peak memory 1131 MiB)
2026-09-15T00:40:04Z INFO [369/373] fcedbed1-41f6-4bb2-8d31-458d61b66b25: 49 groups (HDF5, 16.1 MB; 0.8 s; peak memory 1131 MiB)
2026-09-15T00:40:04Z INFO [370/373] fde3abe7-9b58-4ed9-846a-c71289842e1f: 22 groups (HDF5, 84.1 MB; 0.5 s; peak memory 1131 MiB)
2026-09-15T00:40:05Z INFO [371/373] fdf5b806-7100-4d32-9b2b-4351e3ed46b8: 32 groups (HDF5, 1.0 MB; 0.7 s; peak memory 1131 MiB)
2026-09-15T00:40:05Z INFO [372/373] fe45feef-ed87-4e07-98ac-cf8c0db66362: 25 groups (HDF5, 13.6 MB; 0.6 s; peak memory 1131 MiB)
2026-09-15T00:40:06Z INFO [373/373] fef718e5-08a8-4b4d-a5f9-53e8af4077b5: 32 groups (HDF5, 1.1 MB; 0.5 s; peak memory 1131 MiB)
2026-09-15T00:40:06Z INFO Processed 373 content IDs in 37.5 min (peak memory 1131 MiB).
