2026-09-13T21:50:58Z INFO Logging to /tmp/logs/update_2026-09-13T21-50-58Z.log.
2026-09-13T21:50:58Z INFO Processing 354 newly valid content IDs.
2026-09-13T21:50:59Z INFO [1/354] 0010a6ff-f85c-4885-82d9-348f296ff185: 32 groups (HDF5, 1.3 MB; 1.1 s; peak memory 102 MiB)
2026-09-13T21:51:00Z INFO [2/354] 00730803-d220-4dbd-982b-80a8e0a9e47a: 22 groups (HDF5, 84.1 MB; 0.8 s; peak memory 102 MiB)
2026-09-13T21:51:01Z INFO [3/354] 00bfc4cd-0ed5-4a09-9a22-ce3d43870e6e: 32 groups (HDF5, 1.3 MB; 0.9 s; peak memory 103 MiB)
2026-09-13T21:51:01Z INFO [4/354] 014533e9-3d8d-457d-9bb6-0b8ed376f76a: 22 groups (HDF5, 84.1 MB; 0.7 s; peak memory 103 MiB)
2026-09-13T21:51:02Z INFO [5/354] 01864f24-eff4-4bb3-bec2-94a6195a8c4e: 32 groups (HDF5, 1.2 MB; 0.9 s; peak memory 103 MiB)
2026-09-13T21:51:07Z INFO [6/354] 01c577d7-c543-4dc9-9ae4-3d09d21316f4: 143 groups (HDF5, 22.1 MB; 4.8 s; peak memory 119 MiB)
2026-09-13T21:51:08Z INFO [7/354] 0228295f-9604-4c9c-98b2-1656a678adf1: 22 groups (HDF5, 84.1 MB; 0.8 s; peak memory 119 MiB)
2026-09-13T21:51:15Z INFO [8/354] 0291765d-0c49-4a85-9c59-3ffc8e92b73a: 118 groups (HDF5, 19.9 MB; 6.7 s; peak memory 135 MiB)
2026-09-13T21:51:16Z INFO [9/354] 02c5c5e6-9fa6-49ea-92e3-9a0564f87bef: 200 groups (HDF5, 93.4 MB; 1.6 s; peak memory 135 MiB)
2026-09-13T21:51:18Z INFO [10/354] 03446f69-aec9-43eb-982e-5c04c108f8b9: 50 groups (HDF5, 196.0 MB; 2.1 s; peak memory 135 MiB)
2026-09-13T21:51:19Z INFO [11/354] 05e753b4-9fb3-4b2d-a270-052815fa60a3: 22 groups (HDF5, 84.1 MB; 0.7 s; peak memory 135 MiB)
2026-09-13T21:51:21Z INFO [12/354] 05faab7a-dcb2-446c-84db-3ff6919e24eb: 46 groups (HDF5, 17.9 MB; 2.1 s; peak memory 135 MiB)
2026-09-13T21:51:34Z INFO [13/354] 05fbe5da-f0a3-4e85-8e7a-babe85af80a0: 23 groups (HDF5, 35401.9 MB; 13.2 s; peak memory 135 MiB)
2026-09-13T21:51:35Z INFO [14/354] 06e9b555-a94d-4eed-b3c8-c982b5fe9766: 22 groups (HDF5, 84.1 MB; 0.8 s; peak memory 135 MiB)
2026-09-13T21:51:36Z INFO [15/354] 0730c7b6-4467-4958-9879-af031d0bb5f9: 33 groups (HDF5, 202.6 MB; 1.0 s; peak memory 135 MiB)
2026-09-13T21:51:38Z INFO [16/354] 07c2f524-a689-46f4-8c7e-4f06951b123d: 56 groups (HDF5, 89.5 MB; 1.7 s; peak memory 135 MiB)
2026-09-13T21:51:39Z INFO [17/354] 0b1c7a3e-c620-4da0-b93f-1202afa9251d: 103 groups (HDF5, 1.1 MB; 1.0 s; peak memory 135 MiB)
2026-09-13T21:51:39Z INFO [18/354] 0d82e86f-2f36-48b0-aa27-cd22648a2f56: 22 groups (HDF5, 84.1 MB; 0.7 s; peak memory 135 MiB)
2026-09-13T21:51:41Z INFO [19/354] 0e7e8bc6-34f2-4248-b6e6-db14cd97b6a8: 207 groups (HDF5, 4.7 MB; 1.3 s; peak memory 135 MiB)
2026-09-13T21:51:42Z INFO [20/354] 10884591-0f88-49a9-820d-3b06eb89fd3d: 35 groups (HDF5, 105.6 MB; 1.5 s; peak memory 135 MiB)
2026-09-13T21:51:43Z INFO [21/354] 1142c652-274c-47b1-94ae-2ae5c2130f51: 22 groups (HDF5, 84.1 MB; 0.7 s; peak memory 135 MiB)
2026-09-13T21:51:44Z INFO [22/354] 12bad8b8-81e3-4b21-a91e-6a2ab7fa7681: 22 groups (HDF5, 84.1 MB; 0.7 s; peak memory 135 MiB)
2026-09-13T21:51:46Z INFO [23/354] 135b6437-eb92-42be-a627-f8bbb53db8a4: 48 groups (HDF5, 191.4 MB; 2.0 s; peak memory 135 MiB)
2026-09-13T21:53:03Z INFO [24/354] 17d60529-ca1d-41cc-9cdb-a34347de4fe8: 65 groups (HDF5, 21166.3 MB; 77.0 s; peak memory 265 MiB)
2026-09-13T21:53:05Z INFO [25/354] 18ad89de-e928-470b-8a9f-545ea1bcfc0c: 48 groups (HDF5, 188.8 MB; 2.0 s; peak memory 265 MiB)
2026-09-13T21:53:06Z INFO [26/354] 198063bd-0850-4fef-9703-08304fc0cf99: 207 groups (HDF5, 2.8 MB; 1.2 s; peak memory 265 MiB)
2026-09-13T21:53:11Z INFO [27/354] 1a65659f-95d9-454b-b2fa-21a5c67d7c8e: 90 groups (HDF5, 404.5 MB; 5.2 s; peak memory 265 MiB)
2026-09-13T21:53:13Z INFO [28/354] 1a699b1a-de7d-410d-a611-57265d9bf7e8: 50 groups (HDF5, 745.0 MB; 2.1 s; peak memory 265 MiB)
2026-09-13T21:53:14Z INFO [29/354] 1cc89e5a-0f49-4a2e-af7b-7cf99ae520db: 26 groups (HDF5, 1.8 MB; 0.5 s; peak memory 265 MiB)
2026-09-13T21:53:14Z INFO [30/354] 1ddcfc44-872e-4432-92c0-85d2658be5c7: 30 groups (HDF5, 0.6 MB; 0.9 s; peak memory 265 MiB)
2026-09-13T21:53:16Z INFO [31/354] 1ed1a772-0b08-4a7c-abee-a866288b5772: 200 groups (HDF5, 62.7 MB; 1.3 s; peak memory 265 MiB)
2026-09-13T21:53:19Z INFO [32/354] 21a52880-a71f-47c0-afae-a59b06dad285: 111 groups (HDF5, 18.3 MB; 3.4 s; peak memory 265 MiB)
2026-09-13T21:53:37Z INFO [33/354] 21cef986-0ab8-468d-ac25-e1aae24c389d: 17 groups (HDF5, 1017.9 MB; 18.4 s; peak memory 265 MiB)
2026-09-13T21:53:39Z INFO [34/354] 2239f1ca-ba09-41a1-b8f7-e31b2bc71ab7: 33 groups (HDF5, 9.7 MB; 1.4 s; peak memory 265 MiB)
2026-09-13T21:53:41Z INFO [35/354] 227985a9-e09a-41fd-8b53-d20460552610: 48 groups (HDF5, 188.7 MB; 1.7 s; peak memory 265 MiB)
2026-09-13T21:53:41Z INFO [36/354] 24643f24-f6d2-4ce1-b3cf-e67988860b90: 22 groups (HDF5, 84.1 MB; 0.7 s; peak memory 265 MiB)
2026-09-13T21:53:42Z INFO [37/354] 26a92b9f-4f87-410e-8225-06858b1760f5: 22 groups (HDF5, 84.1 MB; 0.7 s; peak memory 265 MiB)
2026-09-13T21:53:43Z INFO [38/354] 2786a49d-8fe6-4e75-a46c-61eacbd870e7: 17 groups (HDF5, 0.7 MB; 0.7 s; peak memory 265 MiB)
2026-09-13T21:53:44Z INFO [39/354] 28aa0de9-34a8-49f5-97e9-7b7d866b5c14: 32 groups (HDF5, 0.8 MB; 0.8 s; peak memory 265 MiB)
2026-09-13T21:53:49Z INFO [40/354] 29225309-8c78-4d26-9ec4-f4d971fdee17: 103 groups (HDF5, 16.4 MB; 5.1 s; peak memory 265 MiB)
2026-09-13T21:53:50Z INFO [41/354] 295211d3-99c1-471b-9e54-fc4e037a382e: 32 groups (HDF5, 1.0 MB; 0.9 s; peak memory 265 MiB)
2026-09-13T21:53:53Z INFO [42/354] 2abeccc1-74e7-42e3-838e-4f43e956af08: 73 groups (HDF5, 237.1 MB; 3.9 s; peak memory 265 MiB)
2026-09-13T21:53:54Z INFO [43/354] 2b1efb66-fb7f-4af9-9aaa-2fc926c0a168: 32 groups (HDF5, 1.1 MB; 0.9 s; peak memory 265 MiB)
2026-09-13T21:53:55Z INFO [44/354] 2b8a1fe8-1816-4b1d-8549-b1d689f814cf: 22 groups (HDF5, 84.1 MB; 0.7 s; peak memory 265 MiB)
2026-09-13T21:53:56Z INFO [45/354] 2c433aa6-4bc3-4243-b46c-186d69107f07: 32 groups (HDF5, 0.9 MB; 0.8 s; peak memory 265 MiB)
2026-09-13T21:53:58Z INFO [46/354] 2d27552d-d439-42ba-95fb-b248c4b80c51: 108 groups (HDF5, 16.1 MB; 2.7 s; peak memory 265 MiB)
2026-09-13T21:53:59Z INFO [47/354] 2f0469b0-81a0-4666-955b-6a919f783cf2: 22 groups (HDF5, 84.1 MB; 0.6 s; peak memory 265 MiB)
2026-09-13T21:54:00Z INFO [48/354] 3030dfe4-472c-40a8-895d-c68a46647b91: 33 groups (HDF5, 0.8 MB; 0.9 s; peak memory 265 MiB)
2026-09-13T21:54:01Z INFO [49/354] 30ef453c-ae90-45d1-a856-527ed463463b: 202 groups (HDF5, 53.3 MB; 1.1 s; peak memory 265 MiB)
2026-09-13T21:54:02Z INFO [50/354] 31b4d58b-7ec1-4a9e-95e0-3988fdc0e311: 18 groups (HDF5, 0.2 MB; 0.4 s; peak memory 265 MiB)
2026-09-13T21:54:03Z INFO [51/354] 31d6d7cb-8b50-4721-bdf1-ff517f0b7f75: 43 groups (HDF5, 550.9 MB; 1.1 s; peak memory 265 MiB)
2026-09-13T21:54:04Z INFO [52/354] 31ecc19e-33d0-4c1d-952c-fd24b0351528: 32 groups (HDF5, 1.5 MB; 0.9 s; peak memory 265 MiB)
2026-09-13T21:54:04Z INFO [53/354] 33d2e8d9-5139-4e3f-aa24-2f638b4e916e: 22 groups (HDF5, 84.1 MB; 0.8 s; peak memory 265 MiB)
2026-09-13T21:54:06Z INFO [54/354] 343f4986-8839-47fc-b939-6f4c521e470e: 48 groups (HDF5, 68.5 MB; 2.0 s; peak memory 265 MiB)
2026-09-13T21:54:08Z INFO [55/354] 346a1258-30bb-4a8d-91f9-35538d390e33: 18 groups (HDF5, 1.0 MB; 1.2 s; peak memory 265 MiB)
2026-09-13T21:54:08Z INFO [56/354] 36675f67-2580-4509-b1bf-05abe73e864a: 30 groups (HDF5, 0.2 MB; 0.5 s; peak memory 265 MiB)
2026-09-13T21:54:17Z INFO [57/354] 36dd740d-94ab-41b0-a304-4a298a98bdea: 88 groups (HDF5, 4167.3 MB; 8.7 s; peak memory 265 MiB)
2026-09-13T21:54:18Z INFO [58/354] 370bf815-62d6-45ff-839c-c4e6e59b0ded: 22 groups (HDF5, 84.1 MB; 0.9 s; peak memory 265 MiB)
2026-09-13T21:54:18Z INFO [59/354] 37a722b8-604d-440e-b3fa-a450a7c30127: 18 groups (HDF5, 0.2 MB; 0.6 s; peak memory 265 MiB)
2026-09-13T21:54:19Z INFO [60/354] 38f55514-1dd6-4b6c-a391-ebf884645241: 30 groups (HDF5, 0.2 MB; 0.6 s; peak memory 265 MiB)
2026-09-13T21:54:20Z INFO [61/354] 3a519ff2-3c56-4728-8ee3-85c1668b7d33: 22 groups (HDF5, 84.1 MB; 0.7 s; peak memory 265 MiB)
2026-09-13T21:54:20Z INFO [62/354] 3a57d745-c8b7-45d2-b6fb-728ee96de152: 28 groups (HDF5, 3.7 MB; 0.6 s; peak memory 265 MiB)
2026-09-13T21:54:21Z INFO [63/354] 3b65d633-13a7-4130-ba8c-fc805926558c: 36 groups (HDF5, 3060.8 MB; 1.0 s; peak memory 265 MiB)
2026-09-13T21:54:25Z INFO [64/354] 3c459051-8741-4f71-8f9d-df8d8ce1a27d: 191 groups (HDF5, 9.5 MB; 4.1 s; peak memory 265 MiB)
2026-09-13T21:54:26Z INFO [65/354] 3e57a8cf-6f72-4db4-a14e-5da0083fef6d: 17 groups (HDF5, 0.2 MB; 0.6 s; peak memory 265 MiB)
2026-09-13T21:54:27Z INFO [66/354] 3eb2c46e-fe96-4186-865f-920b440e7ab1: 207 groups (HDF5, 4.6 MB; 1.2 s; peak memory 265 MiB)
2026-09-13T21:54:28Z INFO [67/354] 410c49d3-89d4-4266-8ac6-50bc46a3239e: 22 groups (HDF5, 84.1 MB; 0.7 s; peak memory 265 MiB)
2026-09-13T21:54:30Z INFO [68/354] 412c37ab-94ae-468b-a05f-401e3f932c28: 60 groups (HDF5, 30.7 MB; 2.1 s; peak memory 265 MiB)
2026-09-13T21:54:31Z INFO [69/354] 4146cdae-66c4-4291-a82f-6faa5708a5f2: 22 groups (HDF5, 84.1 MB; 0.7 s; peak memory 265 MiB)
2026-09-13T21:54:31Z INFO [70/354] 41f2df73-7dfd-4eef-a3fe-05867d744490: 22 groups (HDF5, 84.1 MB; 0.6 s; peak memory 265 MiB)
2026-09-13T21:54:32Z INFO [71/354] 4415b4ef-237e-4b07-a5dd-793fa4060ac4: 28 groups (HDF5, 0.9 MB; 0.7 s; peak memory 265 MiB)
2026-09-13T21:54:42Z INFO [72/354] 45141319-2f59-4cb4-9984-fe7d963b13c7: 41 groups (HDF5, 189.7 MB; 9.9 s; peak memory 265 MiB)
2026-09-13T21:54:43Z INFO [73/354] 46047179-7600-4bb4-951b-000e34692d2e: 32 groups (HDF5, 1.0 MB; 1.0 s; peak memory 265 MiB)
2026-09-13T21:54:50Z INFO [74/354] 461d7098-e7b2-481b-be6b-2b2a86b75bc9: 120 groups (HDF5, 48.5 MB; 6.5 s; peak memory 265 MiB)
2026-09-13T21:54:50Z INFO [75/354] 471c816b-bc2e-4b16-b1e2-6d38f70fff83: 24 groups (HDF5, 0.9 MB; 0.6 s; peak memory 265 MiB)
2026-09-13T21:54:52Z INFO [76/354] 48f3e1fc-8f22-4116-94c4-8114dc4a7d1a: 33 groups (HDF5, 9.8 MB; 1.3 s; peak memory 265 MiB)
2026-09-13T21:54:53Z INFO [77/354] 49076cb5-ef88-4d06-8caa-363274f4bb7f: 36 groups (HDF5, 4673.9 MB; 1.1 s; peak memory 265 MiB)
2026-09-13T21:55:19Z INFO [78/354] 49084aeb-87f2-4fd0-9747-9eed143902d3: 26 groups (HDF5, 1969.9 MB; 26.1 s; peak memory 265 MiB)
2026-09-13T21:55:21Z INFO [79/354] 49acc5eb-9ca0-4225-9513-d34dd34349f3: 48 groups (HDF5, 188.1 MB; 1.9 s; peak memory 265 MiB)
2026-09-13T21:57:54Z INFO [80/354] 49c4369d-09b6-44bc-82bb-c3f3ff41afbd: 39 groups (HDF5, 26540.9 MB; 153.1 s; peak memory 418 MiB)
2026-09-13T21:57:55Z INFO [81/354] 4c2be790-b23b-40fc-9383-1124e7fa1384: 103 groups (HDF5, 1.7 MB; 1.1 s; peak memory 418 MiB)
2026-09-13T21:57:56Z INFO [82/354] 4c787fbd-c67b-4e00-a189-598119fc3000: 33 groups (HDF5, 0.8 MB; 0.8 s; peak memory 418 MiB)
2026-09-13T21:57:56Z INFO [83/354] 4cba5e97-a235-4623-8d47-7dc229a4572c: 29 groups (HDF5, 10.0 MB; 0.8 s; peak memory 418 MiB)
2026-09-13T21:57:58Z INFO [84/354] 4d439f21-231b-4010-9992-a3e5ac10ee7c: 54 groups (HDF5, 324.3 MB; 1.6 s; peak memory 418 MiB)
2026-09-13T21:57:59Z INFO [85/354] 4dbc4acf-88bd-44fa-ae78-0f410e146e4d: 29 groups (HDF5, 3315.8 MB; 0.9 s; peak memory 418 MiB)
2026-09-13T21:57:59Z INFO [86/354] 4e34910c-0394-40da-b1c5-042254ab54c9: 31 groups (HDF5, 8.6 MB; 0.6 s; peak memory 418 MiB)
2026-09-13T21:58:01Z INFO [87/354] 4f47534c-6b46-4e0b-989d-d721a2544c42: 199 groups (HDF5, 143.2 MB; 1.4 s; peak memory 418 MiB)
2026-09-13T21:58:02Z INFO [88/354] 4f71e942-0905-4b23-ace9-ffe0f52122c4: 52 groups (HDF5, 1.7 MB; 1.1 s; peak memory 418 MiB)
2026-09-13T21:58:03Z INFO [89/354] 4f8930bd-d55d-4733-bb94-382a651a72c8: 32 groups (HDF5, 1.1 MB; 0.8 s; peak memory 418 MiB)
2026-09-13T21:58:08Z INFO [90/354] 4f9671a4-7b97-4cb5-a168-132761794509: 194 groups (HDF5, 37.3 MB; 5.6 s; peak memory 418 MiB)
2026-09-13T21:58:09Z INFO [91/354] 4fbad59c-8b27-4cf9-a4c4-ad3ea6a959af: 195 groups (HDF5, 3.8 MB; 0.9 s; peak memory 418 MiB)
2026-09-13T21:58:21Z INFO [92/354] 4fe269a2-9b59-4eec-bab0-00ebb4f3c222: 89 groups (HDF5, 1044.6 MB; 11.3 s; peak memory 418 MiB)
2026-09-13T21:58:29Z INFO [93/354] 5004f054-5a34-440c-b4a7-788f9bdd5889: 76 groups (HDF5, 108.1 MB; 8.3 s; peak memory 418 MiB)
2026-09-13T21:58:33Z INFO [94/354] 50151823-f521-45af-b01f-e5bc468a792f: 146 groups (HDF5, 20.4 MB; 4.4 s; peak memory 418 MiB)
2026-09-13T21:58:34Z INFO [95/354] 50c22585-77bc-44d7-9290-a1ccc4fb557c: 22 groups (HDF5, 84.1 MB; 0.8 s; peak memory 418 MiB)
2026-09-13T21:58:35Z INFO [96/354] 50d4e345-6319-4635-b466-948e317389ce: 20 groups (HDF5, 2.7 MB; 1.1 s; peak memory 418 MiB)
2026-09-13T21:58:37Z INFO [97/354] 51d8cbf2-7aed-4f84-a342-70c6844eda1c: 66 groups (HDF5, 5.2 MB; 1.5 s; peak memory 418 MiB)
2026-09-13T21:58:38Z INFO [98/354] 520e3821-dc26-4847-8431-93a81f81f47c: 252 groups (HDF5, 1.4 MB; 1.0 s; peak memory 418 MiB)
2026-09-13T21:58:39Z INFO [99/354] 53bd430b-74c3-41a4-8a17-18f443cca0aa: 17 groups (HDF5, 34.7 MB; 1.6 s; peak memory 418 MiB)
2026-09-13T21:58:40Z INFO [100/354] 541f72b2-f2ac-4b54-a9ee-cd4827270c99: 22 groups (HDF5, 84.1 MB; 0.7 s; peak memory 418 MiB)
2026-09-13T21:58:44Z INFO [101/354] 548522f7-bdeb-4a1c-987f-d5998612bee2: 22 groups (HDF5, 4012.5 MB; 3.9 s; peak memory 418 MiB)
2026-09-13T21:58:45Z INFO [102/354] 5491da21-841e-4719-b420-da4d20b1cb9e: 22 groups (HDF5, 84.1 MB; 0.8 s; peak memory 418 MiB)
2026-09-13T21:58:48Z INFO [103/354] 5509d97f-95ee-46ed-950a-fd291b3a7779: 78 groups (HDF5, 965.2 MB; 3.7 s; peak memory 418 MiB)
2026-09-13T21:58:49Z INFO [104/354] 5542f8ea-bc7a-42bc-a2a4-76f7f7f861d9: 29 groups (HDF5, 9148.9 MB; 0.8 s; peak memory 418 MiB)
2026-09-13T21:58:50Z INFO [105/354] 555ed810-b76c-4c7b-8fea-280b6dffc98d: 253 groups (HDF5, 1.2 MB; 0.8 s; peak memory 418 MiB)
2026-09-13T21:58:51Z INFO [106/354] 55bc752a-4151-4853-bb91-9774c3826c37: 28 groups (HDF5, 1.3 MB; 0.8 s; peak memory 418 MiB)
2026-09-13T21:58:52Z INFO [107/354] 5635438c-c938-4bcd-b615-1764a6d71427: 29 groups (HDF5, 10.0 MB; 0.9 s; peak memory 418 MiB)
2026-09-13T21:58:53Z INFO [108/354] 57044703-20f0-4849-8bb5-9baf8c358848: 341 groups (HDF5, 131.0 MB; 1.4 s; peak memory 418 MiB)
2026-09-13T21:58:55Z INFO [109/354] 573eabe4-f736-46cf-a063-c4eb1540f953: 47 groups (HDF5, 305.2 MB; 1.7 s; peak memory 418 MiB)
2026-09-13T21:58:59Z INFO [110/354] 574ad9d4-cd83-4cad-84aa-36657c5469d0: 127 groups (HDF5, 20.0 MB; 4.3 s; peak memory 418 MiB)
2026-09-13T21:59:00Z INFO [111/354] 574e5ac6-dd86-431f-997d-09a56fa2eba8: 22 groups (HDF5, 84.1 MB; 0.7 s; peak memory 418 MiB)
2026-09-13T21:59:00Z INFO [112/354] 590faad3-937b-4b74-95fe-08de276f204a: 22 groups (HDF5, 84.1 MB; 0.6 s; peak memory 418 MiB)
2026-09-13T21:59:01Z INFO [113/354] 5a16c463-9354-4691-9474-51c43e284cba: 17 groups (HDF5, 0.7 MB; 0.7 s; peak memory 418 MiB)
2026-09-13T21:59:02Z INFO [114/354] 5b0258f4-88a9-401c-8d04-5ac69441de0d: 22 groups (HDF5, 84.1 MB; 0.7 s; peak memory 418 MiB)
2026-09-13T21:59:02Z INFO [115/354] 5c0908d0-471f-48cf-ae4c-b293d18d6d98: 22 groups (HDF5, 84.1 MB; 0.7 s; peak memory 418 MiB)
2026-09-13T21:59:03Z INFO [116/354] 5c1116b3-39c2-4ec3-88af-d89d254c5d6d: 35 groups (HDF5, 1.3 MB; 1.0 s; peak memory 418 MiB)
2026-09-13T21:59:04Z INFO [117/354] 5cb9aa37-aeb2-494c-ae18-df877a0cb44a: 17 groups (HDF5, 0.2 MB; 0.5 s; peak memory 418 MiB)
2026-09-13T21:59:05Z INFO [118/354] 5e7763ab-6ae2-4d11-9d56-a95ccb37c8a0: 22 groups (HDF5, 84.1 MB; 0.7 s; peak memory 418 MiB)
2026-09-13T21:59:06Z INFO [119/354] 5e9c31a9-7fd1-4401-8cb7-72136bd9bc44: 42 groups (HDF5, 17.6 MB; 1.0 s; peak memory 418 MiB)
2026-09-13T22:00:29Z INFO [120/354] 5f70cdaa-ad13-44f6-b688-abf15ad2c730: 66 groups (HDF5, 23284.6 MB; 83.6 s; peak memory 418 MiB)
2026-09-13T22:00:30Z INFO [121/354] 607b2a40-4ee2-4182-a9be-82529acfc2dd: 35 groups (HDF5, 0.8 MB; 0.9 s; peak memory 418 MiB)
2026-09-13T22:00:38Z INFO [122/354] 60cafb35-b6bf-4b6d-b389-efb5c101e298: 191 groups (HDF5, 23.5 MB; 7.3 s; peak memory 418 MiB)
2026-09-13T22:00:38Z INFO [123/354] 62c375ed-66cd-442d-beb5-796fda9fd052: 28 groups (HDF5, 0.4 MB; 0.6 s; peak memory 418 MiB)
2026-09-13T22:00:40Z INFO [124/354] 62f974a5-bd99-421b-9494-cd6d6707ef9a: 48 groups (HDF5, 191.4 MB; 1.7 s; peak memory 418 MiB)
2026-09-13T22:00:41Z INFO [125/354] 6404f734-a81c-4fa9-ab3e-46fb13574802: 42 groups (HDF5, 17.6 MB; 0.9 s; peak memory 418 MiB)
2026-09-13T22:00:43Z INFO [126/354] 6448ca8e-0c37-43ac-8d5f-69a51fa6f05a: 50 groups (HDF5, 196.1 MB; 1.9 s; peak memory 418 MiB)
2026-09-13T22:00:44Z INFO [127/354] 6451ab93-93c0-4554-8288-469767ffd6a7: 29 groups (HDF5, 20.4 MB; 1.2 s; peak memory 418 MiB)
2026-09-13T22:00:45Z INFO [128/354] 6486923b-e347-41a0-bd15-6bffde7c9a44: 32 groups (HDF5, 1.0 MB; 1.0 s; peak memory 418 MiB)
2026-09-13T22:00:46Z INFO [129/354] 64a13047-6d32-4133-b25e-4534d8c3e6ca: 22 groups (HDF5, 84.1 MB; 0.7 s; peak memory 418 MiB)
2026-09-13T22:00:49Z INFO [130/354] 656e77e0-5200-43fe-8e7c-55c8d8a11be9: 73 groups (HDF5, 364.0 MB; 3.2 s; peak memory 418 MiB)
2026-09-13T22:00:51Z INFO [131/354] 665a72e1-2914-406e-bfca-476b7cb908ea: 48 groups (HDF5, 188.1 MB; 2.0 s; peak memory 418 MiB)
2026-09-13T22:00:52Z INFO [132/354] 67970b08-f7fb-484b-a5a9-d175d1ea54cc: 34 groups (HDF5, 120.0 MB; 1.1 s; peak memory 418 MiB)
2026-09-13T22:00:53Z INFO [133/354] 688909f9-031d-4710-96c3-ae45edd294e1: 22 groups (HDF5, 84.1 MB; 0.7 s; peak memory 418 MiB)
2026-09-13T22:00:54Z INFO [134/354] 6912c6e5-50b8-4476-b810-56d9f8f37ac7: 199 groups (HDF5, 71.9 MB; 1.3 s; peak memory 418 MiB)
2026-09-13T22:00:54Z INFO [135/354] 6a144507-7319-4d2b-8d9b-142443b9973a: 22 groups (HDF5, 84.1 MB; 0.7 s; peak memory 418 MiB)
2026-09-13T22:00:55Z INFO [136/354] 6a2fa7ef-5df4-4cb6-8b0e-2ffc03976d01: 35 groups (HDF5, 1.3 MB; 1.0 s; peak memory 418 MiB)
2026-09-13T22:00:56Z INFO [137/354] 6a5fada7-c2cc-46e8-8beb-a061da890aa1: 22 groups (HDF5, 84.1 MB; 0.7 s; peak memory 418 MiB)
2026-09-13T22:00:57Z INFO [138/354] 6a6ff27a-bb5b-4e5d-8540-b02a11ef2ca4: 24 groups (HDF5, 280.1 MB; 0.7 s; peak memory 418 MiB)
2026-09-13T22:00:58Z INFO [139/354] 6ad71348-6bb4-4cd0-8976-e0b83a68d793: 32 groups (HDF5, 1.1 MB; 0.7 s; peak memory 418 MiB)
2026-09-13T22:00:58Z INFO [140/354] 6c340310-8643-41a6-b92f-8988f0198786: 18 groups (HDF5, 0.2 MB; 0.5 s; peak memory 418 MiB)
2026-09-13T22:00:59Z INFO [141/354] 6c3a8cb1-afaf-41a6-b73b-475b01a170a2: 32 groups (HDF5, 0.9 MB; 0.8 s; peak memory 418 MiB)
2026-09-13T22:01:01Z INFO [142/354] 6c8eb469-398c-4a26-acf0-2233da8da5b1: 17 groups (HDF5, 36.6 MB; 1.5 s; peak memory 418 MiB)
2026-09-13T22:01:10Z INFO [143/354] 6dc87a2d-b04f-4589-8ea7-2906f8c32635: 200 groups (HDF5, 37.8 MB; 9.2 s; peak memory 418 MiB)
2026-09-13T22:01:10Z INFO [144/354] 6df9f7c7-a1c6-401a-8197-42bfda7f6dd8: 22 groups (HDF5, 84.1 MB; 0.7 s; peak memory 418 MiB)
2026-09-13T22:01:11Z INFO [145/354] 6f7c9246-0894-493f-92e0-6e2fc36f68ca: 22 groups (HDF5, 84.1 MB; 0.7 s; peak memory 418 MiB)
2026-09-13T22:01:16Z INFO [146/354] 6f7ebc89-ad87-4eb7-9d54-011b6edeb93a: 185 groups (HDF5, 36.6 MB; 5.2 s; peak memory 418 MiB)
2026-09-13T22:01:22Z INFO [147/354] 6fdf756f-489f-4e10-ba4b-96f83beac530: 237 groups (HDF5, 51.1 MB; 5.8 s; peak memory 418 MiB)
2026-09-13T22:01:23Z INFO [148/354] 70cd9212-d660-4404-adfd-858e13536073: 35 groups (HDF5, 1.4 MB; 1.0 s; peak memory 418 MiB)
2026-09-13T22:01:24Z INFO [149/354] 72bf98c3-1f12-4ce8-917a-e20a2c3f859e: 22 groups (HDF5, 84.1 MB; 0.8 s; peak memory 418 MiB)
2026-09-13T22:01:25Z INFO [150/354] 73084333-6571-40af-9b87-96d150fffa61: 22 groups (HDF5, 84.1 MB; 0.7 s; peak memory 418 MiB)
2026-09-13T22:01:29Z INFO [151/354] 7313f4f2-af62-41fd-8ee9-35d4e3b4c042: 185 groups (HDF5, 28.8 MB; 4.7 s; peak memory 418 MiB)
2026-09-13T22:01:30Z INFO [152/354] 732b2f17-d7ab-451c-86f4-ae7abfc196da: 40 groups (HDF5, 17.5 MB; 1.1 s; peak memory 418 MiB)
2026-09-13T22:01:31Z INFO [153/354] 7345ff0d-b485-4454-b034-8650157835d1: 33 groups (HDF5, 1.2 MB; 1.1 s; peak memory 418 MiB)
2026-09-13T22:01:32Z INFO [154/354] 74088881-75a1-4e59-b659-16dfa00d34e1: 22 groups (HDF5, 0.2 MB; 0.6 s; peak memory 418 MiB)
2026-09-13T22:01:33Z INFO [155/354] 7440622c-4e34-4c34-90b4-f22b2836ff58: 32 groups (HDF5, 600.5 MB; 1.2 s; peak memory 418 MiB)
2026-09-13T22:01:37Z INFO [156/354] 753255b2-13c4-4db1-9d49-6dc51a1f41a4: 765 groups (HDF5, 23.4 MB; 3.5 s; peak memory 418 MiB)
2026-09-13T22:01:38Z INFO [157/354] 7567ab53-6166-4f1c-98bc-c989d4c622f4: 32 groups (HDF5, 0.8 MB; 0.9 s; peak memory 418 MiB)
2026-09-13T22:01:39Z INFO [158/354] 781cda59-a668-4cb2-9e56-33b772eed258: 35 groups (HDF5, 1.2 MB; 1.1 s; peak memory 418 MiB)
2026-09-13T22:04:06Z INFO [159/354] 7836257c-6603-4768-9e5d-5b117ff7e8a0: 81 groups (HDF5, 39421.4 MB; 147.7 s; peak memory 418 MiB)
2026-09-13T22:05:24Z INFO [160/354] 7942fbfb-6ba6-447c-af6e-0746509d9867: 60 groups (HDF5, 21173.4 MB; 77.3 s; peak memory 418 MiB)
2026-09-13T22:05:26Z INFO [161/354] 7a088da6-b5e2-4832-af47-246e1ea60779: 17 groups (HDF5, 33.9 MB; 1.7 s; peak memory 418 MiB)
2026-09-13T22:05:27Z INFO [162/354] 7aa449bc-37b0-402e-9b2e-3f17a4b9f26c: 35 groups (HDF5, 1.3 MB; 1.1 s; peak memory 418 MiB)
2026-09-13T22:05:29Z INFO [163/354] 7b0286c7-cb7a-495e-bb81-f544145e11a5: 48 groups (HDF5, 188.1 MB; 2.4 s; peak memory 418 MiB)
2026-09-13T22:05:30Z INFO [164/354] 7b9c0ed5-30ca-4410-aec5-83648f0356c1: 22 groups (HDF5, 84.1 MB; 0.6 s; peak memory 418 MiB)
2026-09-13T22:05:30Z INFO [165/354] 7bac9602-b11e-4a89-b654-d8198bb27c57: 22 groups (HDF5, 84.1 MB; 0.6 s; peak memory 418 MiB)
2026-09-13T22:05:31Z INFO [166/354] 7d296896-7932-4021-a701-aacf242ec1c2: 22 groups (HDF5, 84.1 MB; 0.7 s; peak memory 418 MiB)
2026-09-13T22:05:31Z INFO [167/354] 7d8c8755-c470-4b02-9151-97ce856d2f4d: 25 groups (HDF5, 0.2 MB; 0.6 s; peak memory 418 MiB)
2026-09-13T22:05:32Z INFO [168/354] 7e5834a7-d13b-4f71-b38a-7da15b7c08bb: 26 groups (HDF5, 0.2 MB; 0.6 s; peak memory 418 MiB)
2026-09-13T22:05:39Z INFO [169/354] 7f2e3085-9e90-439f-8a83-a4b2ee56259f: 201 groups (HDF5, 50.2 MB; 6.7 s; peak memory 418 MiB)
2026-09-13T22:05:52Z INFO [170/354] 7f938b77-6a95-4329-8eed-afa35e867c53: 23 groups (HDF5, 40431.3 MB; 12.9 s; peak memory 418 MiB)
2026-09-13T22:05:52Z INFO [171/354] 7fcea36c-d86f-4660-907b-976871e37702: 32 groups (HDF5, 1.0 MB; 0.8 s; peak memory 418 MiB)
2026-09-13T22:05:53Z INFO [172/354] 7fe459a0-a91a-46ea-b4ed-2591de58478e: 32 groups (HDF5, 1.1 MB; 0.8 s; peak memory 418 MiB)
2026-09-13T22:05:54Z INFO [173/354] 82b4de27-f193-4d80-9107-9abcc78753cf: 39 groups (HDF5, 5.1 MB; 1.3 s; peak memory 418 MiB)
2026-09-13T22:06:02Z INFO [174/354] 82c23077-fda0-4dfe-a4b2-f2aae801c64e: 300 groups (HDF5, 53.5 MB; 8.0 s; peak memory 418 MiB)
2026-09-13T22:06:03Z INFO [175/354] 82d4559f-7f01-44a2-b7ac-8e8198d9714f: 17 groups (HDF5, 2.1 MB; 0.7 s; peak memory 418 MiB)
2026-09-13T22:06:33Z INFO [176/354] 8386923e-e3a3-4397-a2b4-34d8350a7458: 27 groups (HDF5, 1896.0 MB; 30.2 s; peak memory 418 MiB)
2026-09-13T22:06:35Z INFO [177/354] 838fd96f-782d-4d74-b74c-b787713b5b76: 34 groups (HDF5, 9.3 MB; 1.6 s; peak memory 418 MiB)
2026-09-13T22:06:36Z INFO [178/354] 8440cc12-158b-4fb7-928d-7e979fc049e8: 22 groups (HDF5, 84.1 MB; 0.7 s; peak memory 418 MiB)
2026-09-13T22:06:36Z INFO [179/354] 84571800-2de7-49b2-afa9-2c87555f1337: 22 groups (HDF5, 84.1 MB; 0.7 s; peak memory 418 MiB)
2026-09-13T22:06:37Z INFO [180/354] 8473393c-df23-4e44-a785-351197b61012: 22 groups (HDF5, 84.1 MB; 0.7 s; peak memory 418 MiB)
2026-09-13T22:06:38Z INFO [181/354] 85a63298-0586-41c3-9b29-a4f0c2e19d49: 33 groups (HDF5, 1.0 MB; 0.8 s; peak memory 418 MiB)
2026-09-13T22:06:39Z INFO [182/354] 85b0e001-39d5-4434-8035-51ea8c1dcb2a: 104 groups (HDF5, 81.6 MB; 1.1 s; peak memory 418 MiB)
2026-09-13T22:06:39Z INFO [183/354] 86768d51-cc91-4ad9-ad28-8577b18ebd95: 22 groups (HDF5, 84.1 MB; 0.6 s; peak memory 418 MiB)
2026-09-13T22:06:40Z INFO [184/354] 86aef9ae-5117-4ade-a7c3-4ad7b09a1aca: 22 groups (HDF5, 84.1 MB; 0.6 s; peak memory 418 MiB)
2026-09-13T22:06:41Z INFO [185/354] 8772a837-383b-4ee7-974d-6900baf2ed9a: 35 groups (HDF5, 1.7 MB; 1.2 s; peak memory 418 MiB)
2026-09-13T22:06:46Z INFO [186/354] 87ceab5d-37a6-46d5-9ba7-a44ea262cfee: 144 groups (HDF5, 21.0 MB; 4.3 s; peak memory 418 MiB)
2026-09-13T22:06:46Z INFO [187/354] 88a7da53-370a-4e06-b35e-4de2dad20d2c: 28 groups (HDF5, 5.3 MB; 0.6 s; peak memory 418 MiB)
2026-09-13T22:06:47Z INFO [188/354] 897fccc2-f6bc-4cdd-a33c-bb71020cf7f0: 30 groups (HDF5, 0.5 MB; 0.6 s; peak memory 418 MiB)
2026-09-13T22:06:48Z INFO [189/354] 8a577c94-a993-43ab-9edc-008febf50891: 36 groups (HDF5, 3088.5 MB; 0.8 s; peak memory 418 MiB)
2026-09-13T22:06:49Z INFO [190/354] 8c1c6384-a8f9-4807-8973-7c557091eb09: 338 groups (HDF5, 2.4 MB; 1.4 s; peak memory 418 MiB)
2026-09-13T22:06:49Z INFO [191/354] 8c7110e4-cb05-4ae0-a8ed-94bf544c475c: 31 groups (HDF5, 0.3 MB; 0.4 s; peak memory 418 MiB)
2026-09-13T22:06:50Z INFO [192/354] 8c771203-1392-44d2-87f4-436ea59ffdab: 32 groups (HDF5, 1.5 MB; 0.9 s; peak memory 418 MiB)
2026-09-13T22:06:51Z INFO [193/354] 8c952951-0e63-4d18-818b-a17714cbe041: 32 groups (HDF5, 1.2 MB; 0.8 s; peak memory 418 MiB)
2026-09-13T22:06:52Z INFO [194/354] 8dc42ec9-0215-4f35-be5c-1939383d7603: 22 groups (HDF5, 84.1 MB; 0.7 s; peak memory 418 MiB)
2026-09-13T22:06:53Z INFO [195/354] 8eddfa7b-5353-49e1-84bb-d81977a3b721: 32 groups (HDF5, 1.4 MB; 0.7 s; peak memory 418 MiB)
2026-09-13T22:06:57Z INFO [196/354] 8f16b224-c519-44b0-9283-4915f9269130: 75 groups (HDF5, 569.5 MB; 4.2 s; peak memory 418 MiB)
2026-09-13T22:06:58Z INFO [197/354] 8fab7b0b-3766-44da-8fa7-edae8b401a26: 50 groups (HDF5, 196.1 MB; 1.8 s; peak memory 418 MiB)
2026-09-13T22:06:59Z INFO [198/354] 8fc7b578-fc2f-477e-ac85-a5ba0099f9c2: 22 groups (HDF5, 84.1 MB; 0.7 s; peak memory 418 MiB)
2026-09-13T22:08:17Z INFO [199/354] 9022d5ef-8e28-476e-88d5-2972fad50bfe: 60 groups (HDF5, 21239.0 MB; 77.8 s; peak memory 418 MiB)
2026-09-13T22:08:25Z INFO [200/354] 9066d74d-c4cb-4889-bbd2-5d17288b877f: 199 groups (HDF5, 24.7 MB; 7.6 s; peak memory 418 MiB)
2026-09-13T22:08:29Z INFO [201/354] 9074f69b-8c35-435d-9eb8-7440befd2ac3: 245 groups (HDF5, 11.3 MB; 4.4 s; peak memory 418 MiB)
2026-09-13T22:08:30Z INFO [202/354] 90ff3a8c-939a-426d-ad76-ef64671b1179: 32 groups (HDF5, 1.5 MB; 0.9 s; peak memory 418 MiB)
2026-09-13T22:08:30Z INFO [203/354] 918ac4af-74e5-4c8c-bf69-0e4b23a431f0: 16 groups (HDF5, 0.2 MB; 0.4 s; peak memory 418 MiB)
2026-09-13T22:08:31Z INFO [204/354] 926b806a-2c6d-4a48-8760-859e7c9df07a: 18 groups (HDF5, 0.4 MB; 0.7 s; peak memory 418 MiB)
2026-09-13T22:08:32Z INFO [205/354] 93582a76-12ed-4d24-a2bc-c472fcaf3d82: 22 groups (HDF5, 84.1 MB; 0.7 s; peak memory 418 MiB)
2026-09-13T22:08:32Z INFO [206/354] 941d3933-2648-4d86-b971-8c8d591f402f: 22 groups (HDF5, 84.1 MB; 0.8 s; peak memory 418 MiB)
2026-09-13T22:08:33Z INFO [207/354] 94eba74e-86cd-43fc-851e-d81d3b2bde07: 194 groups (HDF5, 82.0 MB; 1.0 s; peak memory 418 MiB)
2026-09-13T22:08:44Z INFO [208/354] 953a4246-1887-4304-ac31-7c0a92f832dc: 286 groups (HDF5, 67.5 MB; 10.5 s; peak memory 418 MiB)
2026-09-13T22:08:45Z INFO [209/354] 95618c23-f6c5-4c5a-853e-ab2b7115eca3: 22 groups (HDF5, 84.1 MB; 0.6 s; peak memory 418 MiB)
2026-09-13T22:08:45Z INFO [210/354] 959a3312-90e9-4249-90fe-53ee63a0308b: 31 groups (HDF5, 0.3 MB; 0.5 s; peak memory 418 MiB)
2026-09-13T22:10:01Z INFO [211/354] 96f6844d-1d4d-4eb4-9935-dbe513c6d03b: 39 groups (HDF5, 12287.1 MB; 75.7 s; peak memory 418 MiB)
2026-09-13T22:13:03Z INFO [212/354] 971cf58e-5c7c-4d15-9ca2-90800b27e36d: 390 groups (HDF5, 4667.8 MB; 182.0 s; peak memory 675 MiB)
2026-09-13T22:13:04Z INFO [213/354] 99383033-ad42-4baa-b375-84437e96031e: 32 groups (HDF5, 1.0 MB; 1.0 s; peak memory 675 MiB)
2026-09-13T22:13:06Z INFO [214/354] 995fe48b-8f1a-40e1-bada-d7456513faa9: 48 groups (HDF5, 188.1 MB; 2.0 s; peak memory 675 MiB)
2026-09-13T22:13:06Z INFO [215/354] 9971dbad-1b2b-464c-9049-16c9bafe0ef1: 22 groups (HDF5, 84.1 MB; 0.7 s; peak memory 675 MiB)
2026-09-13T22:13:07Z INFO [216/354] 99f5de56-de73-417c-86cb-ab90499139dd: 18 groups (HDF5, 0.3 MB; 0.6 s; peak memory 675 MiB)
2026-09-13T22:13:08Z INFO [217/354] 9a6a230b-04b0-4e0d-b303-41d4d7d7dd5f: 195 groups (HDF5, 178.2 MB; 1.2 s; peak memory 675 MiB)
2026-09-13T22:13:09Z INFO [218/354] 9af1cab5-e6b7-45b6-ab82-fc3c569123e9: 33 groups (HDF5, 0.8 MB; 0.9 s; peak memory 675 MiB)
2026-09-13T22:13:10Z INFO [219/354] 9bd7a4fb-aaf2-4fec-ac74-009ff712bdf0: 22 groups (HDF5, 84.1 MB; 0.6 s; peak memory 675 MiB)
2026-09-13T22:13:11Z INFO [220/354] 9d302307-e1bf-4b3e-95f3-d75613eee29a: 32 groups (HDF5, 1.2 MB; 0.8 s; peak memory 675 MiB)
2026-09-13T22:13:12Z INFO [221/354] 9eb27c40-6ff7-4b09-a061-b7a8e9932241: 31 groups (HDF5, 339.8 MB; 1.0 s; peak memory 675 MiB)
2026-09-13T22:13:12Z INFO [222/354] 9f6f1d7d-6674-4b8c-9cf9-534c88022551: 33 groups (HDF5, 0.9 MB; 0.7 s; peak memory 675 MiB)
2026-09-13T22:13:13Z INFO [223/354] a162ab71-f5fe-47fa-8a82-60ceac0157fb: 22 groups (HDF5, 84.1 MB; 0.7 s; peak memory 675 MiB)
2026-09-13T22:13:15Z INFO [224/354] a2a483d2-835a-4bd8-b8be-79549992f6b1: 64 groups (HDF5, 3.5 MB; 1.7 s; peak memory 675 MiB)
2026-09-13T22:13:15Z INFO [225/354] a48d02b5-9f05-4d72-b1f5-d5fdf9e82b75: 252 groups (HDF5, 0.7 MB; 0.8 s; peak memory 675 MiB)
2026-09-13T22:13:41Z INFO [226/354] a4fb0cbe-ce35-4fa2-920b-81674cc1aef6: 27 groups (HDF5, 1671.1 MB; 26.0 s; peak memory 675 MiB)
2026-09-13T22:13:43Z INFO [227/354] a5aaa876-821e-4c0c-bf37-eeb67c163c4d: 341 groups (HDF5, 66.0 MB; 1.6 s; peak memory 675 MiB)
2026-09-13T22:13:45Z INFO [228/354] a70f33ad-e797-4c5d-a9f7-35c4555d5373: 194 groups (HDF5, 209.2 MB; 1.7 s; peak memory 675 MiB)
2026-09-13T22:13:45Z INFO [229/354] a872961f-f7c1-4c72-b7a9-631beaddffaf: 28 groups (HDF5, 3.9 MB; 0.6 s; peak memory 675 MiB)
2026-09-13T22:13:46Z INFO [230/354] a950b21f-ff14-47db-9f62-7882cb9020d2: 22 groups (HDF5, 84.1 MB; 0.6 s; peak memory 675 MiB)
2026-09-13T22:13:48Z INFO [231/354] ac20f20e-eb9d-4f95-8b94-6eb922f83e46: 33 groups (HDF5, 3435.6 MB; 1.6 s; peak memory 675 MiB)
2026-09-13T22:13:48Z INFO [232/354] aca085c8-0bc7-46a3-a5d3-bc6db64b6c0a: 201 groups (HDF5, 65.7 MB; 0.9 s; peak memory 675 MiB)
2026-09-13T22:13:49Z INFO [233/354] ad17d993-75ab-4cdf-96a9-e621a84f9dbd: 32 groups (HDF5, 1.4 MB; 0.8 s; peak memory 675 MiB)
2026-09-13T22:13:53Z INFO [234/354] ad4c0dda-bee1-40b7-918c-3d9b50d210e3: 117 groups (HDF5, 14.0 MB; 3.4 s; peak memory 675 MiB)
2026-09-13T22:13:54Z INFO [235/354] ae714d9e-3469-4117-85f6-8dd2d08965cb: 35 groups (HDF5, 1.1 MB; 1.0 s; peak memory 675 MiB)
2026-09-13T22:13:54Z INFO [236/354] af8fea62-46d4-4f5e-b6d1-b229b845b721: 25 groups (HDF5, 0.7 MB; 0.6 s; peak memory 675 MiB)
2026-09-13T22:13:55Z INFO [237/354] b0145c6b-a63f-4932-8884-1ee299eccd28: 34 groups (HDF5, 66.7 MB; 0.9 s; peak memory 675 MiB)
2026-09-13T22:13:57Z INFO [238/354] b0bff4b9-8716-4114-b329-42f42ed1785f: 54 groups (HDF5, 26.0 MB; 1.4 s; peak memory 675 MiB)
2026-09-13T22:13:57Z INFO [239/354] b0ee1c82-ebbf-444a-a5ae-7b38e0735cf5: 22 groups (HDF5, 84.1 MB; 0.7 s; peak memory 675 MiB)
2026-09-13T22:13:58Z INFO [240/354] b1465cfe-a706-42e3-815b-4135fb0e1be5: 22 groups (HDF5, 84.1 MB; 0.6 s; peak memory 675 MiB)
2026-09-13T22:13:59Z INFO [241/354] b1737d0f-fb1e-4bb1-a32b-cacbfeca16a7: 32 groups (HDF5, 1.4 MB; 0.9 s; peak memory 675 MiB)
2026-09-13T22:13:59Z INFO [242/354] b1c329aa-ae5d-4019-b960-7b11339594fc: 31 groups (HDF5, 8.6 MB; 0.6 s; peak memory 675 MiB)
2026-09-13T22:14:05Z INFO [243/354] b1d88a63-d1c0-4a74-b6d0-9cbee48e76a1: 254 groups (HDF5, 49.5 MB; 5.7 s; peak memory 675 MiB)
2026-09-13T22:14:10Z INFO [244/354] b1ef00e8-d6c3-4519-a865-1835f3aa09ec: 297 groups (HDF5, 25.8 MB; 5.3 s; peak memory 675 MiB)
2026-09-13T22:14:11Z INFO [245/354] b222683c-6e80-4a56-9fd0-0e7091adfe6f: 203 groups (HDF5, 22.5 MB; 1.0 s; peak memory 675 MiB)
2026-09-13T22:14:16Z INFO [246/354] b249e605-a5d9-4b5c-b8a1-9ddaf131f650: 199 groups (HDF5, 40.0 MB; 4.7 s; peak memory 675 MiB)
2026-09-13T22:15:29Z INFO [247/354] b26694cf-8b3c-4c22-b3ec-d61d9f94f141: 72 groups (HDF5, 19729.5 MB; 73.4 s; peak memory 675 MiB)
2026-09-13T22:15:31Z INFO [248/354] b3daed83-aab5-4289-ae54-0ca2ffd12c3f: 36 groups (HDF5, 3831.2 MB; 1.3 s; peak memory 675 MiB)
2026-09-13T22:15:31Z INFO [249/354] b4aad160-75a3-4043-a7ea-df77d224bebc: 22 groups (HDF5, 84.1 MB; 0.7 s; peak memory 675 MiB)
2026-09-13T22:16:18Z INFO [250/354] b558c489-2d97-47b2-bee3-0b6af9a59acd: 2384 groups (HDF5, 475.8 MB; 47.1 s; peak memory 675 MiB)
2026-09-13T22:16:21Z INFO [251/354] b63150d2-4db4-4233-9f8b-dc1a7807bd31: 54 groups (HDF5, 211.5 MB; 2.2 s; peak memory 675 MiB)
2026-09-13T22:16:25Z INFO [252/354] b6606fc8-0b59-485f-98ee-fa3d1784f4be: 72 groups (HDF5, 208.9 MB; 3.9 s; peak memory 675 MiB)
2026-09-13T22:16:26Z INFO [253/354] b695fb11-748b-4fcc-89af-7528f86e9b6c: 42 groups (HDF5, 17.6 MB; 1.2 s; peak memory 675 MiB)
2026-09-13T22:16:26Z INFO [254/354] b6e72d2e-0d7c-498c-a65c-8f28b7796b02: 17 groups (HDF5, 0.7 MB; 0.6 s; peak memory 675 MiB)
2026-09-13T22:16:28Z INFO [255/354] b9952d66-5d08-40ca-b736-f1df6a008498: 35 groups (HDF5, 1.4 MB; 1.2 s; peak memory 675 MiB)
2026-09-13T22:16:29Z INFO [256/354] ba9480c7-4ca4-45f0-b0ce-c653f6998988: 48 groups (HDF5, 66.8 MB; 1.4 s; peak memory 675 MiB)
2026-09-13T22:16:57Z INFO [257/354] ba968d5d-380b-4b32-b514-2c730b0fdded: 664 groups (HDF5, 276.5 MB; 27.8 s; peak memory 675 MiB)
2026-09-13T22:16:58Z INFO [258/354] baa70896-35cf-4a8a-9144-852ffdae7e36: 22 groups (HDF5, 84.1 MB; 0.8 s; peak memory 675 MiB)
2026-09-13T22:16:58Z INFO [259/354] bb4d5a89-c364-4f6b-9181-64b6a10889a3: 22 groups (HDF5, 84.1 MB; 0.7 s; peak memory 675 MiB)
2026-09-13T22:17:03Z INFO [260/354] bb8c2ea2-a002-48a5-82c5-f8ed46439e35: 181 groups (HDF5, 9.6 MB; 5.1 s; peak memory 675 MiB)
2026-09-13T22:17:36Z INFO [261/354] bb942830-254f-4d5a-8e49-0394df742cee: 26 groups (HDF5, 2299.3 MB; 32.4 s; peak memory 675 MiB)
2026-09-13T22:17:40Z INFO [262/354] bbcfad02-d0a4-4164-b0c6-be4ef8753c2d: 73 groups (HDF5, 1100.3 MB; 4.6 s; peak memory 675 MiB)
2026-09-13T22:17:41Z INFO [263/354] bc1dd9c6-f880-4508-bc9c-b73e9f6a14f0: 22 groups (HDF5, 84.1 MB; 0.7 s; peak memory 675 MiB)
2026-09-13T22:17:42Z INFO [264/354] bc552bf2-841d-4aa9-8895-1077e557fce7: 35 groups (HDF5, 1.6 MB; 1.1 s; peak memory 675 MiB)
2026-09-13T22:17:45Z INFO [265/354] be8c305b-1d9e-463b-9cb5-34d676162f45: 22 groups (HDF5, 7790.2 MB; 2.5 s; peak memory 675 MiB)
2026-09-13T22:17:57Z INFO [266/354] bf126d73-cc81-4669-93ce-3d72b68f15fd: 493 groups (HDF5, 77.0 MB; 12.5 s; peak memory 675 MiB)
2026-09-13T22:17:58Z INFO [267/354] bf3a9ca2-88a6-47a1-88a6-e3ed031f44fe: 22 groups (HDF5, 84.1 MB; 0.6 s; peak memory 675 MiB)
2026-09-13T22:18:09Z INFO [268/354] bf8fb9ad-c001-4af7-83d7-df4d4301f2be: 162 groups (HDF5, 1412.8 MB; 10.9 s; peak memory 675 MiB)
2026-09-13T22:18:09Z INFO [269/354] c02b6419-cc5e-44f2-842e-0625648c0101: 22 groups (HDF5, 84.1 MB; 0.8 s; peak memory 675 MiB)
2026-09-13T22:18:12Z INFO [270/354] c11830b3-7b70-48f2-8e59-039ab345ef6f: 53 groups (HDF5, 509.8 MB; 2.9 s; peak memory 675 MiB)
2026-09-13T22:18:13Z INFO [271/354] c23422fb-f665-405b-8813-42b949fb6f21: 26 groups (HDF5, 23.1 MB; 1.0 s; peak memory 675 MiB)
2026-09-13T22:18:14Z INFO [272/354] c23611a2-b973-4fd7-a037-20be8f9eceaf: 35 groups (HDF5, 0.9 MB; 0.8 s; peak memory 675 MiB)
2026-09-13T22:18:15Z INFO [273/354] c2ff3bb1-c5a2-4af1-9480-b6f4c9df0783: 22 groups (HDF5, 84.1 MB; 0.7 s; peak memory 675 MiB)
2026-09-13T22:18:16Z INFO [274/354] c38e3b15-b415-4c12-9be6-189cf3307e4a: 33 groups (HDF5, 12.8 MB; 0.8 s; peak memory 675 MiB)
2026-09-13T22:18:16Z INFO [275/354] c3cc1ac2-ea37-492f-9e3d-b79017294a0e: 22 groups (HDF5, 84.1 MB; 0.7 s; peak memory 675 MiB)
2026-09-13T22:18:17Z INFO [276/354] c432bd5b-9ab5-4e00-9d4f-7c4811348825: 22 groups (HDF5, 84.1 MB; 0.7 s; peak memory 675 MiB)
2026-09-13T22:18:18Z INFO [277/354] c5414744-0541-4b85-b4a0-67f0ba323808: 22 groups (HDF5, 84.1 MB; 0.7 s; peak memory 675 MiB)
2026-09-13T22:18:18Z INFO [278/354] c9269d79-ec83-43e3-b57e-16b1bec2eeeb: 28 groups (HDF5, 2.4 MB; 0.7 s; peak memory 675 MiB)
2026-09-13T22:18:24Z INFO [279/354] c953312f-a26c-46d0-9b3c-ea8320c860dc: 1839 groups (HDF5, 21.3 MB; 5.2 s; peak memory 675 MiB)
2026-09-13T22:18:27Z INFO [280/354] c977d06d-dedd-4c70-964a-276e07ef1334: 136 groups (HDF5, 20.4 MB; 3.9 s; peak memory 675 MiB)
2026-09-13T22:19:51Z INFO [281/354] c9b77d86-b9fe-4a2e-b950-4ee4bceb02fe: 60 groups (HDF5, 22288.7 MB; 83.8 s; peak memory 675 MiB)
2026-09-13T22:19:52Z INFO [282/354] ca178e10-19bc-4ed3-b12f-9f86c5790b18: 32 groups (HDF5, 1.4 MB; 1.1 s; peak memory 675 MiB)
2026-09-13T22:19:53Z INFO [283/354] caa25e3f-4943-4494-a4af-77def9294658: 35 groups (HDF5, 1.2 MB; 1.0 s; peak memory 675 MiB)
2026-09-13T22:19:54Z INFO [284/354] cadf9c0f-dfd7-4811-aca8-39b78d9fcd3a: 108 groups (HDF5, 13.7 MB; 1.1 s; peak memory 675 MiB)
2026-09-13T22:19:55Z INFO [285/354] caf4a07d-6563-4d1b-ae70-0d4d0028ea1a: 33 groups (HDF5, 5578.3 MB; 1.0 s; peak memory 675 MiB)
2026-09-13T22:19:56Z INFO [286/354] cc164af5-baa9-4de6-bbab-002620ee1740: 22 groups (HDF5, 84.1 MB; 0.7 s; peak memory 675 MiB)
2026-09-13T22:22:27Z INFO [287/354] cedd95c9-beef-496d-85be-bb66f0dd1c53: 61 groups (HDF5, 425393.9 MB; 151.2 s; peak memory 675 MiB)
2026-09-13T22:22:28Z INFO [288/354] cf0d058b-7f79-433a-a54b-11e361c3e237: 35 groups (HDF5, 1.3 MB; 1.0 s; peak memory 675 MiB)
2026-09-13T22:22:29Z INFO [289/354] cfa0f412-29bc-456a-8c6b-236d91e16ae1: 31 groups (HDF5, 47.0 MB; 1.1 s; peak memory 675 MiB)
2026-09-13T22:22:30Z INFO [290/354] d464d3e0-fba3-4a06-973b-99c72681e14b: 22 groups (HDF5, 84.1 MB; 0.9 s; peak memory 675 MiB)
2026-09-13T22:22:56Z INFO [291/354] d5590ef4-9b42-4e2f-a44e-5a87620b2e69: 2909 groups (HDF5, 93.1 MB; 25.8 s; peak memory 675 MiB)
2026-09-13T22:22:59Z INFO [292/354] d55bb5a8-51f6-4690-ac81-306419351d49: 50 groups (HDF5, 196.1 MB; 2.4 s; peak memory 675 MiB)
2026-09-13T22:22:59Z INFO [293/354] d7ffa53a-c23a-4f7a-96d9-19bf8e5bc32f: 22 groups (HDF5, 84.1 MB; 0.7 s; peak memory 675 MiB)
2026-09-13T22:23:01Z INFO [294/354] d8093596-5e23-43ba-acf1-1db439b6b488: 50 groups (HDF5, 196.1 MB; 2.2 s; peak memory 675 MiB)
2026-09-13T22:23:02Z INFO [295/354] d80eb873-4108-47eb-b33c-93a762ebeaed: 22 groups (HDF5, 0.2 MB; 0.5 s; peak memory 675 MiB)
2026-09-13T22:23:03Z INFO [296/354] d81d1f90-9229-4bdb-99e8-e6245e9f7ab4: 22 groups (HDF5, 84.1 MB; 0.7 s; peak memory 675 MiB)
2026-09-13T22:23:06Z INFO [297/354] da422b67-decf-484f-a0a0-13a625526253: 75 groups (HDF5, 237.1 MB; 2.9 s; peak memory 675 MiB)
2026-09-13T22:23:06Z INFO [298/354] daf19517-2214-47f7-a3dc-801079c4dba5: 32 groups (HDF5, 1.2 MB; 0.9 s; peak memory 675 MiB)
2026-09-13T22:23:07Z INFO [299/354] dba3c2e9-a32a-4738-8f3e-62e0d87657f8: 31 groups (HDF5, 8.6 MB; 0.6 s; peak memory 675 MiB)
2026-09-13T22:23:08Z INFO [300/354] dc1e88b3-becf-4a60-86f4-c9712f0138f2: 18 groups (HDF5, 253.4 MB; 0.7 s; peak memory 675 MiB)
2026-09-13T22:23:08Z INFO [301/354] dc7baf32-3fcc-4b20-a9eb-c9ab015f1d37: 22 groups (HDF5, 84.1 MB; 0.6 s; peak memory 675 MiB)
2026-09-13T22:23:09Z INFO [302/354] dda1c9b8-83bc-4e87-95bb-d92b424e5e1e: 32 groups (HDF5, 1.1 MB; 0.8 s; peak memory 675 MiB)
2026-09-13T22:23:10Z INFO [303/354] de9d5f7c-6a37-4199-a69d-3ba21a3e5335: 254 groups (HDF5, 0.7 MB; 0.8 s; peak memory 675 MiB)
2026-09-13T22:23:11Z INFO [304/354] df8738c1-8151-4f02-afa8-f9d66cd9cbd3: 35 groups (HDF5, 1.0 MB; 1.0 s; peak memory 675 MiB)
2026-09-13T22:23:12Z INFO [305/354] e014dc27-2ea2-463f-8b43-024a1446b974: 32 groups (HDF5, 1.2 MB; 0.9 s; peak memory 675 MiB)
2026-09-13T22:23:16Z INFO [306/354] e0363191-bcd1-49db-9b1b-4218a372cc57: 181 groups (HDF5, 8.8 MB; 4.5 s; peak memory 675 MiB)
2026-09-13T22:23:17Z INFO [307/354] e0f214cf-2cda-4d46-b8a2-11f7a03d6aae: 22 groups (HDF5, 0.2 MB; 0.6 s; peak memory 675 MiB)
2026-09-13T22:23:18Z INFO [308/354] e1199eb4-33de-4ab1-9f26-55c9df801890: 35 groups (HDF5, 1.1 MB; 0.9 s; peak memory 675 MiB)
2026-09-13T22:23:20Z INFO [309/354] e14473b2-c772-4299-90f0-22e346d3fff7: 48 groups (HDF5, 188.1 MB; 1.9 s; peak memory 675 MiB)
2026-09-13T22:23:20Z INFO [310/354] e14c85b2-4152-4e70-87c4-2b32a01fe32a: 28 groups (HDF5, 0.3 MB; 0.5 s; peak memory 675 MiB)
2026-09-13T22:23:22Z INFO [311/354] e18c3f9a-a930-4219-bc21-4fdad7a46a94: 46 groups (HDF5, 327.8 MB; 1.8 s; peak memory 675 MiB)
2026-09-13T22:23:23Z INFO [312/354] e2420159-eb91-44dc-bc94-d7988917142c: 18 groups (HDF5, 0.2 MB; 0.5 s; peak memory 675 MiB)
2026-09-13T22:23:40Z INFO [313/354] e356883a-0225-4484-b319-cc5a126431f2: 161 groups (HDF5, 79.7 MB; 17.3 s; peak memory 675 MiB)
2026-09-13T22:23:41Z INFO [314/354] e4c4bf0f-e6ea-491e-a72c-dea16012afea: 252 groups (HDF5, 0.8 MB; 0.9 s; peak memory 675 MiB)
2026-09-13T22:23:45Z INFO [315/354] e5196211-adab-4d86-895a-36f879278753: 135 groups (HDF5, 19.8 MB; 4.0 s; peak memory 675 MiB)
2026-09-13T22:23:46Z INFO [316/354] e560cbff-008a-47a7-821f-41da1a2efbd0: 25 groups (HDF5, 18.7 MB; 0.8 s; peak memory 675 MiB)
2026-09-13T22:23:46Z INFO [317/354] e62735fe-7cd0-411e-8cdd-265bbc4e8abe: 32 groups (HDF5, 1.2 MB; 0.9 s; peak memory 675 MiB)
2026-09-13T22:23:48Z INFO [318/354] e701853c-bc46-457b-9cc7-6f24897c3082: 25 groups (HDF5, 1746.1 MB; 1.1 s; peak memory 675 MiB)
2026-09-13T22:26:14Z INFO [319/354] e749d27c-8b7b-49cb-a3f4-ef98ff466136: 42 groups (HDF5, 1480.1 MB; 146.3 s; peak memory 1285 MiB)
2026-09-13T22:26:15Z INFO [320/354] e8f0f70b-950e-4952-aa8c-0d8565a4701b: 31 groups (HDF5, 0.5 MB; 0.8 s; peak memory 1285 MiB)
2026-09-13T22:26:15Z INFO [321/354] e96e7d2b-c16c-49dc-ad5c-16ea23ede82b: 29 groups (HDF5, 873.7 MB; 0.9 s; peak memory 1285 MiB)
2026-09-13T22:26:16Z INFO [322/354] e9725fd0-72c7-4e7c-8573-d3e0f7e02372: 34 groups (HDF5, 1.9 MB; 0.9 s; peak memory 1285 MiB)
2026-09-13T22:26:17Z INFO [323/354] e98eac76-6509-4652-a0b7-af79b519e645: 21 groups (HDF5, 12.2 MB; 0.9 s; peak memory 1285 MiB)
2026-09-13T22:26:18Z INFO [324/354] ea71bd4e-d31b-4079-96d0-bede588a43bd: 25 groups (HDF5, 17.0 MB; 0.7 s; peak memory 1285 MiB)
2026-09-13T22:26:21Z INFO [325/354] eab6274b-76cf-48dd-8fb6-6cb836dce492: 66 groups (HDF5, 1237.4 MB; 2.8 s; peak memory 1285 MiB)
2026-09-13T22:26:21Z INFO [326/354] ebc0d3ed-0d11-4a46-9773-39c792e05dbc: 19 groups (HDF5, 3.5 MB; 0.6 s; peak memory 1285 MiB)
2026-09-13T22:26:22Z INFO [327/354] ebc889f3-f14c-457f-844a-a36a62e48377: 22 groups (HDF5, 84.1 MB; 0.7 s; peak memory 1285 MiB)
2026-09-13T22:26:23Z INFO [328/354] ec171eae-09ff-4382-8fd7-fff340ff56bd: 22 groups (HDF5, 84.1 MB; 0.7 s; peak memory 1285 MiB)
2026-09-13T22:26:23Z INFO [329/354] ed0a86aa-2d8d-4011-a4eb-039ba1b32d7e: 31 groups (HDF5, 0.3 MB; 0.6 s; peak memory 1285 MiB)
2026-09-13T22:26:24Z INFO [330/354] eea5ca7b-52be-468d-a436-5cdb21f33773: 32 groups (HDF5, 1.3 MB; 0.8 s; peak memory 1285 MiB)
2026-09-13T22:26:25Z INFO [331/354] eef4f627-cecb-464a-84c6-b51502843270: 35 groups (HDF5, 1.5 MB; 1.0 s; peak memory 1285 MiB)
2026-09-13T22:26:26Z INFO [332/354] efacbff6-2fbb-45f9-ad15-827625772864: 22 groups (HDF5, 84.1 MB; 0.6 s; peak memory 1285 MiB)
2026-09-13T22:26:28Z INFO [333/354] efb61675-ad6e-4f4f-b888-cea6baa8455f: 54 groups (HDF5, 340.5 MB; 1.8 s; peak memory 1285 MiB)
2026-09-13T22:26:29Z INFO [334/354] f1a78fd2-1b60-4ae6-9eb7-f4cc91b9f103: 17 groups (HDF5, 34.7 MB; 1.5 s; peak memory 1285 MiB)
2026-09-13T22:26:31Z INFO [335/354] f1b08e91-a8d2-4874-8f72-f0ae5fa353fd: 48 groups (HDF5, 191.4 MB; 1.8 s; peak memory 1285 MiB)
2026-09-13T22:26:32Z INFO [336/354] f2b59d4e-4d09-42a3-97ff-e6f8fa7ebcd0: 194 groups (HDF5, 61.0 MB; 1.0 s; peak memory 1285 MiB)
2026-09-13T22:26:33Z INFO [337/354] f415ee08-fd44-47bd-9ab4-8489cafb01dd: 16 groups (HDF5, 0.2 MB; 0.6 s; peak memory 1285 MiB)
2026-09-13T22:26:34Z INFO [338/354] f4950ef5-ba0d-4db6-9467-1ba1890ccd0b: 195 groups (HDF5, 85.5 MB; 1.4 s; peak memory 1285 MiB)
2026-09-13T22:28:57Z INFO [339/354] f4cffebd-5ebc-405a-8152-6817a657d7eb: 93 groups (HDF5, 43395.2 MB; 143.1 s; peak memory 1285 MiB)
2026-09-13T22:28:58Z INFO [340/354] f4ff75cf-322a-4f15-a7f2-82e533ef67b3: 195 groups (HDF5, 113.0 MB; 1.2 s; peak memory 1285 MiB)
2026-09-13T22:29:08Z INFO [341/354] f65a2b19-61be-4cd1-a893-c0200e6a4284: 28 groups (HDF5, 31.0 MB; 10.2 s; peak memory 1285 MiB)
2026-09-13T22:29:09Z INFO [342/354] f7c97e61-391f-4cb7-8957-c21fd95bb5b3: 253 groups (HDF5, 0.8 MB; 0.8 s; peak memory 1285 MiB)
2026-09-13T22:29:10Z INFO [343/354] f7d4708c-12f2-4765-aef2-4095023453ec: 22 groups (HDF5, 84.1 MB; 0.7 s; peak memory 1285 MiB)
2026-09-13T22:29:11Z INFO [344/354] f8abbdb5-3532-4185-8705-ff82bc45a03f: 33 groups (HDF5, 1.7 MB; 1.1 s; peak memory 1285 MiB)
2026-09-13T22:29:12Z INFO [345/354] f8e6692d-e9a4-4271-b47a-0d922b371d32: 22 groups (HDF5, 84.1 MB; 0.7 s; peak memory 1285 MiB)
2026-09-13T22:29:13Z INFO [346/354] fa501221-f447-4d9d-95fd-e867b3dfda20: 22 groups (HDF5, 84.1 MB; 0.7 s; peak memory 1285 MiB)
2026-09-13T22:29:13Z INFO [347/354] fa518a67-82d8-436c-a24a-df72ed4dfbc9: 32 groups (HDF5, 1.4 MB; 0.8 s; peak memory 1285 MiB)
2026-09-13T22:29:14Z INFO [348/354] fc258706-1f61-4998-9532-467a40742414: 17 groups (HDF5, 0.2 MB; 0.6 s; peak memory 1285 MiB)
2026-09-13T22:29:15Z INFO [349/354] fc6372c9-9d26-478c-9888-40bcea495a9a: 22 groups (HDF5, 84.1 MB; 0.7 s; peak memory 1285 MiB)
2026-09-13T22:29:15Z INFO [350/354] fcf69d9b-5a00-4be6-9231-9a205912a505: 24 groups (HDF5, 0.2 MB; 0.5 s; peak memory 1285 MiB)
2026-09-13T22:29:17Z INFO [351/354] fd3ee364-3473-4ba4-9af0-02a4a4dba3eb: 17 groups (HDF5, 25.6 MB; 1.8 s; peak memory 1285 MiB)
2026-09-13T22:29:18Z INFO [352/354] fe6cb3b1-4537-481f-993b-24ec21f1d936: 23 groups (HDF5, 165.2 MB; 0.8 s; peak memory 1285 MiB)
2026-09-13T22:29:19Z INFO [353/354] fe8cdb2f-6ef0-4129-8c86-c4a3e0b9efb2: 32 groups (HDF5, 1.3 MB; 0.8 s; peak memory 1285 MiB)
2026-09-13T22:29:19Z INFO [354/354] feaeba8e-7d87-463d-a8a1-5a387dd62946: 22 groups (HDF5, 84.1 MB; 0.7 s; peak memory 1285 MiB)
2026-09-13T22:29:19Z INFO Processed 354 content IDs in 38.4 min (peak memory 1285 MiB).
