2026-09-27T19:21:18Z INFO Logging to /tmp/logs/update_2026-09-27T19-21-18Z.log.
2026-09-27T19:21:18Z INFO Update valid-nwb-file-to-number-of-groups (base directory /tmp).
2026-09-27T19:21:18Z INFO Processing 368 items (59502 already recorded).
2026-09-27T19:21:19Z INFO [1/368] 1a2f6c84-5677-4323-a686-bc5c9846f1dd: 16 groups; 0.9 s; peak memory 100 MiB.
2026-09-27T19:21:20Z INFO [2/368] 1a30538e-be24-45de-886c-715a575293dc: 32 groups; 1.3 s; peak memory 102 MiB.
2026-09-27T19:21:21Z INFO [3/368] 1a327009-44a6-42f2-8251-4fd89bc8335c: 26 groups; 0.6 s; peak memory 102 MiB.
2026-09-27T19:21:28Z INFO [4/368] 1a329c7f-2ae3-4a79-aed2-818c28c29f1d: 287 groups; 7.3 s; peak memory 145 MiB.
2026-09-27T19:21:29Z INFO [5/368] 1a32f62a-f72e-4ac6-840a-e40da0667a6e: 22 groups; 0.8 s; peak memory 145 MiB.
2026-09-27T19:21:30Z INFO [6/368] 1a343790-2703-441e-8376-31a2f451b868: 35 groups; 0.9 s; peak memory 146 MiB.
2026-09-27T19:21:31Z INFO [7/368] 1a34cbc4-6d5a-414b-8356-e7728a95e92a: 32 groups; 0.9 s; peak memory 146 MiB.
2026-09-27T19:21:32Z INFO [8/368] 1a3576e2-dae3-4340-8def-e3648683ac5b: 196 groups; 1.3 s; peak memory 146 MiB.
2026-09-27T19:21:33Z INFO [9/368] 1a35944c-bb66-4328-ae89-b1c3870cb5cf: 32 groups; 1.1 s; peak memory 147 MiB.
2026-09-27T19:21:34Z INFO [10/368] 1a389bec-8ac8-44e3-a248-32242e3abcbe: 33 groups; 0.9 s; peak memory 147 MiB.
2026-09-27T19:21:39Z INFO [11/368] 1a38e5cd-082b-4703-9131-f3389c206e44: 191 groups; 4.9 s; peak memory 147 MiB.
2026-09-27T19:21:40Z INFO [12/368] 1a391dd0-ef59-4cb9-946c-e98e0d85443b: 32 groups; 0.8 s; peak memory 147 MiB.
2026-09-27T19:21:41Z INFO [13/368] 1a39a30a-3b26-4175-9bb3-4ed8c2d22602: 22 groups; 0.8 s; peak memory 147 MiB.
2026-09-27T19:21:47Z INFO [14/368] 1a3a0214-c40e-49ed-9ada-9379c9fca1e8: 68 groups; 6.3 s; peak memory 147 MiB.
2026-09-27T19:22:02Z INFO [15/368] 1a3a8cfd-25e9-4ec4-bb77-4a3fad0406c9: 23 groups; 14.6 s; peak memory 147 MiB.
2026-09-27T19:22:15Z INFO [16/368] 1a3ae9d5-565b-430b-8e97-a436b59b6fa4: 1188 groups; 13.5 s; peak memory 184 MiB.
2026-09-27T19:22:16Z INFO [17/368] 1a3b2d7c-9213-4336-a8bc-403216facc04: 201 groups; 1.0 s; peak memory 184 MiB.
2026-09-27T19:22:21Z INFO [18/368] 1a3b781d-eaa9-4214-9617-70111f03c126: 150 groups; 5.2 s; peak memory 184 MiB.
2026-09-27T19:22:22Z INFO [19/368] 1a3b9050-9499-4388-978d-42f3da3cd63e: 22 groups; 0.8 s; peak memory 185 MiB.
2026-09-27T19:22:23Z INFO [20/368] 1a3c635e-a002-4ebf-9b3c-d37e83c5fcb9: 336 groups; 1.1 s; peak memory 185 MiB.
2026-09-27T19:23:50Z INFO [21/368] 1a3d2206-98e4-4ac9-9393-df31309b078c: 60 groups; 87.1 s; peak memory 284 MiB.
2026-09-27T19:23:51Z INFO [22/368] 1a3d8d26-9cce-4247-8396-f96da981ccd1: 32 groups; 0.8 s; peak memory 284 MiB.
2026-09-27T19:23:52Z INFO [23/368] 1a3dbcf4-833a-49c8-b0af-1a5cc79054d2: 16 groups; 0.5 s; peak memory 284 MiB.
2026-09-27T19:23:53Z INFO [24/368] 1a3ee8fa-e67f-41f8-880c-44b4f761499a: 22 groups; 0.9 s; peak memory 284 MiB.
2026-09-27T19:23:53Z INFO [25/368] 1a3efe35-b128-4ef7-9c41-8bacfbea8fab: 32 groups; 0.8 s; peak memory 284 MiB.
2026-09-27T19:23:54Z INFO [26/368] 1a3fa9b9-74c1-4632-be1a-f047fd916cf6: 35 groups; 1.0 s; peak memory 284 MiB.
2026-09-27T19:23:55Z INFO [27/368] 1a40bf67-3979-4251-85e1-1c1312100b3d: 26 groups; 0.5 s; peak memory 284 MiB.
2026-09-27T19:23:56Z INFO [28/368] 1a40f698-10bf-482c-bb00-ae4a54105d7e: 35 groups; 1.1 s; peak memory 284 MiB.
2026-09-27T19:23:57Z INFO [29/368] 1a417078-b7cc-417a-8026-61346aec6c2d: 17 groups; 1.0 s; peak memory 284 MiB.
2026-09-27T19:24:17Z INFO [30/368] 1a42dc7b-844e-4282-9509-31e08f01b887: 23 groups; 20.0 s; peak memory 284 MiB.
2026-09-27T19:24:18Z INFO [31/368] 1a43657c-187d-48f0-b309-6445275fa9aa: 32 groups; 0.8 s; peak memory 284 MiB.
2026-09-27T19:24:18Z INFO [32/368] 1a4533b8-6a71-47f2-9c06-5fb3b6dfa726: 22 groups; 0.7 s; peak memory 284 MiB.
2026-09-27T19:24:19Z INFO [33/368] 1a45bd8e-def4-4cdb-8a2a-e1eec5110f72: 32 groups; 0.7 s; peak memory 284 MiB.
2026-09-27T19:24:20Z INFO [34/368] 1a466a54-a19e-45b5-929c-c7f84d295a17: 35 groups; 1.0 s; peak memory 284 MiB.
2026-09-27T19:24:35Z INFO [35/368] 1a467dbb-81ee-482f-9527-da77b3910fc3: 23 groups; 14.5 s; peak memory 284 MiB.
2026-09-27T19:24:35Z INFO [36/368] 1a467f72-05ac-4335-98c4-47efd13516d2: 31 groups; 0.7 s; peak memory 284 MiB.
2026-09-27T19:24:36Z INFO [37/368] 1a4782b9-7bcf-4a13-a0af-8856c4621997: 41 groups; 0.8 s; peak memory 284 MiB.
2026-09-27T19:24:37Z INFO [38/368] 1a47f240-4ac1-4732-97f7-a29e608943d9: 21 groups; 0.9 s; peak memory 284 MiB.
2026-09-27T19:24:39Z INFO [39/368] 1a489742-bca1-4e9b-ba21-adfb18ca537b: 50 groups; 1.8 s; peak memory 284 MiB.
2026-09-27T19:24:40Z INFO [40/368] 1a48ca84-9355-4202-8a2f-26b327f5b7d3: 35 groups; 0.9 s; peak memory 284 MiB.
2026-09-27T19:24:41Z INFO [41/368] 1a491bd3-3c48-494a-a317-578e3cccd46f: 22 groups; 0.7 s; peak memory 284 MiB.
2026-09-27T19:24:41Z INFO [42/368] 1a4a80f2-e4f2-409f-84a9-bbe5eb8d93c3: 32 groups; 0.9 s; peak memory 284 MiB.
2026-09-27T19:24:42Z INFO [43/368] 1a4b1e13-d4e9-4812-ba29-5c2ae058dc2b: 32 groups; 0.8 s; peak memory 284 MiB.
2026-09-27T19:24:46Z INFO [44/368] 1a4ba99f-ae32-4999-91ab-580ec86c7d0b: 140 groups; 3.5 s; peak memory 284 MiB.
2026-09-27T19:24:52Z INFO [45/368] 1a4bd57a-dc1f-447c-8a0a-052558d01d1a: 181 groups; 5.8 s; peak memory 284 MiB.
2026-09-27T19:24:53Z INFO [46/368] 1a4c563e-eb8e-4222-b686-9e1c00cfb785: 35 groups; 1.2 s; peak memory 284 MiB.
2026-09-27T19:24:59Z INFO [47/368] 1a4cc122-7576-474d-8983-37a11282070c: 33 groups; 6.3 s; peak memory 284 MiB.
2026-09-27T19:25:00Z INFO [48/368] 1a4d3358-77db-47cc-b6f9-78fe2f5852a1: 22 groups; 0.5 s; peak memory 284 MiB.
2026-09-27T19:25:00Z INFO [49/368] 1a4e17ed-53e3-4b59-a0eb-3e6d01235a01: 31 groups; 0.7 s; peak memory 284 MiB.
2026-09-27T19:25:01Z INFO [50/368] 1a4f0ed3-f7e8-499f-8e9f-234c9bd7034d: 22 groups; 0.7 s; peak memory 284 MiB.
2026-09-27T19:25:01Z INFO [50/368] 1a4f0ed3-f7e8-499f-8e9f-234c9bd7034d: checkpointed 59552 records.
2026-09-27T19:25:02Z INFO [51/368] 1a4fdabc-a578-490f-8d7b-f68ff3811ee9: 31 groups; 1.1 s; peak memory 284 MiB.
2026-09-27T19:25:03Z INFO [52/368] 1a507233-c3ef-4cca-8d14-10409362548a: 22 groups; 0.8 s; peak memory 284 MiB.
2026-09-27T19:25:04Z INFO [53/368] 1a509258-c7f3-4244-b14d-7c7e786f3a35: 22 groups; 0.7 s; peak memory 284 MiB.
2026-09-27T19:25:12Z INFO [54/368] 1a52c59f-1373-4b86-bde3-dbea37f13a37: 302 groups; 8.5 s; peak memory 284 MiB.
2026-09-27T19:25:14Z INFO [55/368] 1a532c3d-6719-4b92-8c90-e2525d51575f: 48 groups; 1.7 s; peak memory 284 MiB.
2026-09-27T19:25:15Z INFO [56/368] 1a53cbf5-e8cc-4e3a-9f55-144978edb83a: 16 groups; 0.5 s; peak memory 284 MiB.
2026-09-27T19:25:16Z INFO [57/368] 1a543ab2-a4a9-4bff-86f8-babc6c28b733: 33 groups; 1.1 s; peak memory 284 MiB.
2026-09-27T19:25:16Z INFO [58/368] 1a554e1a-2c4b-4884-a0f7-fa13b6664cf1: 16 groups; 0.6 s; peak memory 284 MiB.
2026-09-27T19:25:17Z INFO [59/368] 1a55e436-600c-4359-a083-2827336239ec: 25 groups; 0.8 s; peak memory 284 MiB.
2026-09-27T19:25:20Z INFO [60/368] 1a56afa2-2d42-4d9b-b356-5823844255d5: 59 groups; 2.9 s; peak memory 284 MiB.
2026-09-27T19:25:21Z INFO [61/368] 1a5724f8-bfcd-4907-aeed-0965a935edee: 207 groups; 1.5 s; peak memory 284 MiB.
2026-09-27T19:25:24Z INFO [62/368] 1a577598-c285-48bb-8ba8-dfc4b41d9ca0: 57 groups; 2.4 s; peak memory 284 MiB.
2026-09-27T19:25:25Z INFO [63/368] 1a593aa4-a496-452a-bb85-94c1059b4cb7: 25 groups; 0.7 s; peak memory 284 MiB.
2026-09-27T19:25:25Z INFO [64/368] 1a598790-5ad2-483e-88bb-9a508c5da946: 22 groups; 0.7 s; peak memory 284 MiB.
2026-09-27T19:25:26Z INFO [65/368] 1a5a39ae-343f-4e19-a126-b60e9b835c30: 32 groups; 0.9 s; peak memory 284 MiB.
2026-09-27T19:25:28Z INFO [66/368] 1a5afd60-a1a6-4f78-8b6b-c688b404b5ea: 48 groups; 1.5 s; peak memory 284 MiB.
2026-09-27T19:25:30Z INFO [67/368] 1a5b6868-eff2-412c-ba7b-0c5d5ad8785e: 57 groups; 2.5 s; peak memory 284 MiB.
2026-09-27T19:25:59Z INFO [68/368] 1a5bef45-fef8-4614-8198-94b7fad4fd10: 143 groups; 28.6 s; peak memory 284 MiB.
2026-09-27T19:26:00Z INFO [69/368] 1a5bf129-b051-48ec-8793-4a6853839b47: 33 groups; 1.0 s; peak memory 284 MiB.
2026-09-27T19:26:03Z INFO [70/368] 1a5c43f3-92ab-4147-84ba-5a3b1dcb1782: 59 groups; 3.6 s; peak memory 284 MiB.
2026-09-27T19:26:04Z INFO [71/368] 1a5da236-7a2e-46ad-9284-60ace697e94b: 103 groups; 0.9 s; peak memory 284 MiB.
2026-09-27T19:26:12Z INFO [72/368] 1a5ddbe4-aa77-418e-8740-89d495fc8080: 261 groups; 8.0 s; peak memory 284 MiB.
2026-09-27T19:26:14Z INFO [73/368] 1a5e62c3-fa69-4af7-973c-315c5e90892c: 48 groups; 1.4 s; peak memory 284 MiB.
2026-09-27T19:26:14Z INFO [74/368] 1a5e9d6c-f623-419d-9704-37aaf3a3c405: 22 groups; 0.7 s; peak memory 284 MiB.
2026-09-27T19:26:15Z INFO [75/368] 1a5eebbf-b335-4cec-b640-3c1afe8591f0: 22 groups; 0.7 s; peak memory 284 MiB.
2026-09-27T19:26:17Z INFO [76/368] 1a5f2576-6ff4-4f97-8b02-b229ecad1b57: 48 groups; 1.6 s; peak memory 284 MiB.
2026-09-27T19:26:18Z INFO [77/368] 1a5f801d-04b0-4fd8-858b-e9df6c4247fd: 35 groups; 1.0 s; peak memory 284 MiB.
2026-09-27T19:26:19Z INFO [78/368] 1a5f8b13-412f-4b1e-9ef4-fcf6f88ad2c7: 35 groups; 0.9 s; peak memory 284 MiB.
2026-09-27T19:26:24Z INFO [79/368] 1a5ff1fb-b043-4f6e-aa16-517d423aba4f: 180 groups; 5.3 s; peak memory 284 MiB.
2026-09-27T19:26:25Z INFO [80/368] 1a600908-94c5-4bf8-a0d1-6f94c7fdea8e: 32 groups; 0.8 s; peak memory 284 MiB.
2026-09-27T19:26:26Z INFO [81/368] 1a6198fb-c773-410f-acdb-d6a6893bac1c: 202 groups; 1.0 s; peak memory 284 MiB.
2026-09-27T19:26:57Z INFO [82/368] 1a61a666-1c4c-42de-b7bd-b4ceb5a3c5eb: 27 groups; 31.7 s; peak memory 284 MiB.
2026-09-27T19:26:59Z INFO [83/368] 1a623c2f-aae6-42d8-bbc6-29917b39e2e7: 200 groups; 1.2 s; peak memory 284 MiB.
2026-09-27T19:26:59Z INFO [84/368] 1a63074b-96fc-4ea4-9351-82ee69c2e4ed: 25 groups; 0.8 s; peak memory 284 MiB.
2026-09-27T19:27:00Z INFO [85/368] 1a63a202-2365-4211-9ad3-3552af1c2faa: 32 groups; 1.0 s; peak memory 284 MiB.
2026-09-27T19:27:05Z INFO [86/368] 1a640865-984d-4cea-9f67-d05b5a8dbef3: 181 groups; 4.7 s; peak memory 284 MiB.
2026-09-27T19:27:06Z INFO [87/368] 1a644498-c013-4a05-b67f-4c82d3a033d6: 25 groups; 0.8 s; peak memory 284 MiB.
2026-09-27T19:27:07Z INFO [88/368] 1a648989-b32f-4af1-8a0e-e413e2da9f71: 203 groups; 1.1 s; peak memory 284 MiB.
2026-09-27T19:27:08Z INFO [89/368] 1a6586fc-11bc-4754-95f5-5e1af9bd8b29: 36 groups; 1.0 s; peak memory 284 MiB.
2026-09-27T19:27:09Z INFO [90/368] 1a65f47c-d989-461c-83bf-a98fc34b6c87: 30 groups; 0.6 s; peak memory 284 MiB.
2026-09-27T19:27:19Z INFO [91/368] 1a66a03d-760f-4af2-b646-4390c9108a12: 265 groups; 10.0 s; peak memory 284 MiB.
2026-09-27T19:27:19Z INFO [92/368] 1a66cb5b-dc04-4a29-afc3-7e8d5c34855b: 21 groups; 0.7 s; peak memory 284 MiB.
2026-09-27T19:27:20Z INFO [93/368] 1a66f45e-1823-46e7-81c5-b04be9fc3ea6: 32 groups; 0.9 s; peak memory 284 MiB.
2026-09-27T19:27:21Z INFO [94/368] 1a66f7f9-352c-47fe-80cf-51c38cfb61ca: 25 groups; 0.8 s; peak memory 284 MiB.
2026-09-27T19:27:22Z INFO [95/368] 1a67c26e-d56f-49bf-bf82-f3398cf99fa9: 33 groups; 0.8 s; peak memory 284 MiB.
2026-09-27T19:27:22Z INFO [96/368] 1a688a67-3211-4cd6-9f89-bc3db914ebb7: 28 groups; 0.8 s; peak memory 284 MiB.
2026-09-27T19:27:25Z INFO [97/368] 1a6a28ff-384e-4f56-871c-6e4ece7b1dab: 101 groups; 2.8 s; peak memory 284 MiB.
2026-09-27T19:27:26Z INFO [98/368] 1a6aa9a7-04aa-4aeb-a346-5e2058a862cf: 22 groups; 0.8 s; peak memory 284 MiB.
2026-09-27T19:27:27Z INFO [99/368] 1a6af040-ea7f-4843-8b97-f6acb0a21361: 35 groups; 1.0 s; peak memory 284 MiB.
2026-09-27T19:27:27Z INFO [100/368] 1a6b34c6-43b2-4cf7-9406-208c7f558d55: 30 groups; 0.5 s; peak memory 284 MiB.
2026-09-27T19:27:28Z INFO [100/368] 1a6b34c6-43b2-4cf7-9406-208c7f558d55: checkpointed 59602 records.
2026-09-27T19:27:29Z INFO [101/368] 1a6bc50d-3a98-4483-aa22-0bbb81939de6: 47 groups; 1.9 s; peak memory 284 MiB.
2026-09-27T19:27:30Z INFO [102/368] 1a6c1db7-0da7-4335-b522-d69aed48d4a3: 21 groups; 0.8 s; peak memory 284 MiB.
2026-09-27T19:27:31Z INFO [103/368] 1a6ce9c3-58c8-4e01-a5e4-fab0ba4de7af: 22 groups; 0.8 s; peak memory 284 MiB.
2026-09-27T19:27:32Z INFO [104/368] 1a6d3066-c1b1-43b6-a376-b9bbd5bad0bf: 195 groups; 1.1 s; peak memory 284 MiB.
2026-09-27T19:27:33Z INFO [105/368] 1a6d75d6-0228-4f82-8507-777415cd6283: 27 groups; 0.5 s; peak memory 284 MiB.
2026-09-27T19:27:42Z INFO [106/368] 1a6d8a73-9093-4fff-a0bf-499758fd98fc: 297 groups; 9.2 s; peak memory 284 MiB.
2026-09-27T19:27:48Z INFO [107/368] 1a6dbcf1-320f-4b95-a1da-aac34fa6e38c: 50 groups; 6.1 s; peak memory 284 MiB.
2026-09-27T19:27:49Z INFO [108/368] 1a6dda9a-83dd-46b1-aff3-6c55f7565784: 22 groups; 0.7 s; peak memory 284 MiB.
2026-09-27T19:27:49Z INFO [109/368] 1a6e5b7b-bfb9-4dc2-8337-efc17cc877a6: 32 groups; 0.6 s; peak memory 284 MiB.
2026-09-27T19:27:50Z INFO [110/368] 1a6e9f09-e881-493c-93c2-810c3e6ed529: 16 groups; 0.5 s; peak memory 284 MiB.
2026-09-27T19:27:51Z INFO [111/368] 1a6ec727-031b-4f4c-b1f7-fbdb241f124e: 22 groups; 0.8 s; peak memory 284 MiB.
2026-09-27T19:27:52Z INFO [112/368] 1a6edd21-1f97-4e77-99f0-efef4e3cd056: 35 groups; 1.1 s; peak memory 284 MiB.
2026-09-27T19:27:53Z INFO [113/368] 1a6efef3-c0a4-46d0-9b60-d87a4bfa63b2: 33 groups; 1.5 s; peak memory 284 MiB.
2026-09-27T19:27:54Z INFO [114/368] 1a703bdf-f474-4a55-a4a7-88a136935896: 17 groups; 0.6 s; peak memory 284 MiB.
2026-09-27T19:27:57Z INFO [115/368] 1a70a0d6-7560-4377-bf16-cdff674a6aef: 78 groups; 3.3 s; peak memory 284 MiB.
2026-09-27T19:27:58Z INFO [116/368] 1a7120cc-f622-44c5-b0d8-133e53c77d56: 32 groups; 0.9 s; peak memory 284 MiB.
2026-09-27T19:27:59Z INFO [117/368] 1a71aefa-c542-4d85-af66-6dae1c33ae87: 32 groups; 0.8 s; peak memory 284 MiB.
2026-09-27T19:27:59Z INFO [118/368] 1a7262be-0112-4b14-8774-ccbf3d13cdba: 22 groups; 0.6 s; peak memory 284 MiB.
2026-09-27T19:28:00Z INFO [119/368] 1a72892b-bba1-4387-b840-fda390eb32f2: 22 groups; 0.7 s; peak memory 284 MiB.
2026-09-27T19:28:01Z INFO [120/368] 1a72a949-b260-41cd-96f6-3ec99457b4c2: 22 groups; 0.7 s; peak memory 284 MiB.
2026-09-27T19:28:01Z INFO [121/368] 1a730c51-4b9e-41c6-9ad6-2df93fce0d10: 22 groups; 0.8 s; peak memory 284 MiB.
2026-09-27T19:28:11Z INFO [122/368] 1a7329ba-abef-4bdd-876e-7b6246df3bbd: 592 groups; 9.2 s; peak memory 284 MiB.
2026-09-27T19:28:12Z INFO [123/368] 1a7335fd-7edc-4771-97dd-2f20663e8d5b: 41 groups; 0.9 s; peak memory 284 MiB.
2026-09-27T19:28:12Z INFO [124/368] 1a736850-0362-41c3-8c80-3e23766c159f: 32 groups; 0.8 s; peak memory 284 MiB.
2026-09-27T19:28:13Z INFO [125/368] 1a73719b-4599-455c-bfb2-a5dabad60c59: 35 groups; 0.9 s; peak memory 284 MiB.
2026-09-27T19:28:19Z INFO [126/368] 1a75151e-07cd-4081-afac-078897f5884e: 45 groups; 5.3 s; peak memory 284 MiB.
2026-09-27T19:28:22Z INFO [127/368] 1a752824-ade0-41c5-b495-841f24c2c903: 80 groups; 3.3 s; peak memory 284 MiB.
2026-09-27T19:28:23Z INFO [128/368] 1a755a91-82b2-4068-a788-418095a60c0b: 22 groups; 0.7 s; peak memory 284 MiB.
2026-09-27T19:28:24Z INFO [129/368] 1a757c00-c535-4cb0-8ebb-79b0fa483ea7: 35 groups; 1.3 s; peak memory 284 MiB.
2026-09-27T19:28:25Z INFO [130/368] 1a759e30-c4fd-49aa-9a81-ad322b910733: 32 groups; 0.8 s; peak memory 284 MiB.
2026-09-27T19:28:25Z INFO [131/368] 1a775c31-0f7d-4e85-8341-fb1d56020348: 16 groups; 0.5 s; peak memory 284 MiB.
2026-09-27T19:28:28Z INFO [132/368] 1a786818-b0f9-47ab-a9bb-05ace1bcb1a4: 62 groups; 2.6 s; peak memory 284 MiB.
2026-09-27T19:28:30Z INFO [133/368] 1a78b841-7180-4e72-96d2-8c24cec7f25a: 336 groups; 2.1 s; peak memory 284 MiB.
2026-09-27T19:28:31Z INFO [134/368] 1a78d99d-d639-420c-a08e-f47e41cd5cba: 22 groups; 0.8 s; peak memory 284 MiB.
2026-09-27T19:28:32Z INFO [135/368] 1a78da67-fdef-4fea-bcb2-11c26adaa0f6: 32 groups; 0.9 s; peak memory 284 MiB.
2026-09-27T19:28:32Z INFO [136/368] 1a792f12-d26f-4762-bee1-bbcb95e25650: 25 groups; 0.7 s; peak memory 284 MiB.
2026-09-27T19:28:33Z INFO [137/368] 1a795f3a-eb7c-4082-8302-cc1a953e6dc6: 26 groups; 1.0 s; peak memory 284 MiB.
2026-09-27T19:28:34Z INFO [138/368] 1a79e032-e37b-4aa0-9150-3cb3d43e888a: 32 groups; 0.8 s; peak memory 284 MiB.
2026-09-27T19:28:35Z INFO [139/368] 1a7b31e0-e3e6-4c4b-8c3c-488d59b8eba6: 22 groups; 0.7 s; peak memory 284 MiB.
2026-09-27T19:28:35Z INFO [140/368] 1a7bf50a-6f2a-4a68-bbe8-2d2cfae0e99a: 22 groups; 0.7 s; peak memory 284 MiB.
2026-09-27T19:28:43Z INFO [141/368] 1a7c4e6f-c0e2-421b-a0d5-38bff6b82694: 313 groups; 7.1 s; peak memory 284 MiB.
2026-09-27T19:28:43Z INFO [142/368] 1a7ce0e3-090c-4ce4-afbf-bc4548f1dd83: 22 groups; 0.7 s; peak memory 284 MiB.
2026-09-27T19:28:44Z INFO [143/368] 1a7d4f04-4782-45c3-b786-62b2b7c343a9: 336 groups; 1.1 s; peak memory 284 MiB.
2026-09-27T19:28:45Z INFO [144/368] 1a7da11f-68e0-4ac6-8c8c-4159b766879c: 195 groups; 1.0 s; peak memory 284 MiB.
2026-09-27T19:28:46Z INFO [145/368] 1a7dcfc3-5d05-459f-9f47-dddbad712420: 33 groups; 0.7 s; peak memory 284 MiB.
2026-09-27T19:28:47Z INFO [146/368] 1a7e9365-0b10-4f3c-8ac8-0156cf4f6a2a: 35 groups; 1.0 s; peak memory 284 MiB.
2026-09-27T19:28:58Z INFO [147/368] 1a7f4420-11eb-4187-b2ec-e51ef995fb19: 27 groups; 10.5 s; peak memory 284 MiB.
2026-09-27T19:28:58Z INFO [148/368] 1a7fd4ab-24e7-4cbb-9bb4-e48e86324fb5: 32 groups; 0.7 s; peak memory 284 MiB.
2026-09-27T19:28:59Z INFO [149/368] 1a80bd24-433c-45b1-9010-5cd57fd7cf1e: 32 groups; 0.9 s; peak memory 284 MiB.
2026-09-27T19:29:00Z INFO [150/368] 1a80d370-5a87-45a9-9985-54063d8390d6: 22 groups; 0.7 s; peak memory 284 MiB.
2026-09-27T19:29:00Z INFO [150/368] 1a80d370-5a87-45a9-9985-54063d8390d6: checkpointed 59652 records.
2026-09-27T19:29:14Z INFO [151/368] 1a812e2b-78dd-4221-9ed2-204756867ed2: 23 groups; 13.6 s; peak memory 284 MiB.
2026-09-27T19:29:16Z INFO [152/368] 1a815adb-dce4-426e-995a-f1e9b118f3ae: 119 groups; 2.9 s; peak memory 284 MiB.
2026-09-27T19:29:22Z INFO [153/368] 1a819156-0004-40ef-8ee6-073af66c3940: 232 groups; 5.5 s; peak memory 284 MiB.
2026-09-27T19:29:23Z INFO [154/368] 1a819ee3-e6eb-4da3-8a30-2ddfd4f1708b: 16 groups; 0.6 s; peak memory 284 MiB.
2026-09-27T19:29:29Z INFO [155/368] 1a84706f-af9c-4cd6-9e3c-7ad5ce961571: 123 groups; 6.4 s; peak memory 284 MiB.
2026-09-27T19:29:30Z INFO [156/368] 1a84a30d-afa2-4805-a2cd-dd1fa12e619f: 194 groups; 0.8 s; peak memory 284 MiB.
2026-09-27T19:29:31Z INFO [157/368] 1a84e988-536d-401b-b75d-2b09e3c43897: 206 groups; 1.1 s; peak memory 284 MiB.
2026-09-27T19:29:32Z INFO [158/368] 1a854f54-04d9-448a-af65-d35fd9d86f53: 22 groups; 0.8 s; peak memory 284 MiB.
2026-09-27T19:29:38Z INFO [159/368] 1a862c6c-b179-4d83-ba29-ba8f9cf536df: 174 groups; 6.3 s; peak memory 284 MiB.
2026-09-27T19:29:39Z INFO [160/368] 1a864354-0b9d-4955-b61f-86fab5492efe: 32 groups; 1.0 s; peak memory 284 MiB.
2026-09-27T19:29:44Z INFO [161/368] 1a870d86-7646-4b96-b6b5-b534b08b15d3: 54 groups; 5.3 s; peak memory 284 MiB.
2026-09-27T19:29:45Z INFO [162/368] 1a88e3af-437b-43c0-b580-029129b3a0bd: 22 groups; 0.7 s; peak memory 284 MiB.
2026-09-27T19:29:49Z INFO [163/368] 1a89de1c-c5e1-4c90-9eda-854905466abf: 34 groups; 4.3 s; peak memory 284 MiB.
2026-09-27T19:29:50Z INFO [164/368] 1a8a6937-2eda-48d2-a639-26f682e0ac26: 22 groups; 0.8 s; peak memory 284 MiB.
2026-09-27T19:29:51Z INFO [165/368] 1a8a7fb4-f15f-4075-b485-8aa729e9e6ed: 48 groups; 1.4 s; peak memory 284 MiB.
2026-09-27T19:29:52Z INFO [166/368] 1a8ae773-ee8f-4c84-a6a3-dc3293882401: 32 groups; 0.8 s; peak memory 284 MiB.
2026-09-27T19:29:53Z INFO [167/368] 1a8b0532-1407-4f37-b4dd-eac45e2219d6: 32 groups; 0.9 s; peak memory 284 MiB.
2026-09-27T19:29:55Z INFO [168/368] 1a8be377-b68c-4bfb-91bb-fe67d0fe9ad3: 48 groups; 1.9 s; peak memory 284 MiB.
2026-09-27T19:30:02Z INFO [169/368] 1a8bfad5-d71e-4fa7-ad0d-8d6854661105: 259 groups; 6.6 s; peak memory 284 MiB.
2026-09-27T19:30:03Z INFO [170/368] 1a8c4575-4e0b-4a0d-b5d8-7e01a3f0424f: 48 groups; 1.7 s; peak memory 284 MiB.
2026-09-27T19:30:04Z INFO [171/368] 1a8c623d-87ca-420f-a665-d67ab029cb82: 33 groups; 1.1 s; peak memory 284 MiB.
2026-09-27T19:30:05Z INFO [172/368] 1a8dea56-7b2a-4b10-a382-91d01cdb78af: 35 groups; 0.9 s; peak memory 284 MiB.
2026-09-27T19:30:06Z INFO [173/368] 1a8feabc-40c0-4fbc-bf21-2bd1bd194364: 22 groups; 0.8 s; peak memory 284 MiB.
2026-09-27T19:30:07Z INFO [174/368] 1a8fef09-f71b-4a0f-8a16-51e514b9eac2: 32 groups; 0.8 s; peak memory 284 MiB.
2026-09-27T19:30:08Z INFO [175/368] 1a8ffbb6-4551-4c36-a823-027846bd1f4a: 35 groups; 1.1 s; peak memory 284 MiB.
2026-09-27T19:30:14Z INFO [176/368] 1a904526-b646-4ab2-8ed0-073637c3a0b5: 123 groups; 6.5 s; peak memory 284 MiB.
2026-09-27T19:30:20Z INFO [177/368] 1a91460f-b5c4-48bc-a152-c83659cf305b: 198 groups; 5.2 s; peak memory 284 MiB.
2026-09-27T19:30:22Z INFO [178/368] 1a9304f5-5507-4cd3-97ee-4b4ce433e8ef: 50 groups; 2.4 s; peak memory 284 MiB.
2026-09-27T19:30:23Z INFO [179/368] 1a930fe5-bebc-4253-9c16-0d3c24d6145f: 22 groups; 0.8 s; peak memory 284 MiB.
2026-09-27T19:30:23Z INFO [180/368] 1a943d0c-d4e9-4d91-b0c4-a8c5fc29710e: 22 groups; 0.7 s; peak memory 284 MiB.
2026-09-27T19:30:24Z INFO [181/368] 1a949cd7-b015-4bee-85d1-638353c47741: 33 groups; 0.7 s; peak memory 284 MiB.
2026-09-27T19:30:26Z INFO [182/368] 1a94b99d-8746-4645-8f88-1d701276f288: 61 groups; 1.9 s; peak memory 284 MiB.
2026-09-27T19:30:27Z INFO [183/368] 1a94f11b-b01b-4083-9981-30ff39a494d7: 16 groups; 0.6 s; peak memory 284 MiB.
2026-09-27T19:30:27Z INFO [184/368] 1a9523d9-3293-404b-a4ae-567118e26913: 35 groups; 0.8 s; peak memory 284 MiB.
2026-09-27T19:30:29Z INFO [185/368] 1a954c3b-4da1-45f0-9712-ba2aa9f4e222: 48 groups; 1.3 s; peak memory 284 MiB.
2026-09-27T19:30:29Z INFO [186/368] 1a95c421-9bef-4286-b8ca-62ca26619069: 30 groups; 0.6 s; peak memory 284 MiB.
2026-09-27T19:30:30Z INFO [187/368] 1a95d43e-9ca7-4a95-ab6a-7491a7f26fc2: 31 groups; 1.1 s; peak memory 284 MiB.
2026-09-27T19:30:32Z INFO [188/368] 1a96464f-5457-4fe1-aaf1-a9a9ce8c917f: 48 groups; 1.9 s; peak memory 284 MiB.
2026-09-27T19:30:33Z INFO [189/368] 1a967a4e-3076-479e-9279-66c41764edd7: 32 groups; 0.8 s; peak memory 284 MiB.
2026-09-27T19:30:34Z INFO [190/368] 1a96c1f0-d086-45e3-a3e7-7adc47d0674e: 25 groups; 0.6 s; peak memory 284 MiB.
2026-09-27T19:30:34Z INFO [191/368] 1a97284e-6193-4875-9aff-9561b5030829: 33 groups; 0.6 s; peak memory 284 MiB.
2026-09-27T19:30:48Z INFO [192/368] 1a9734e0-6aac-45dc-b7de-6cc104ef727d: 23 groups; 13.7 s; peak memory 284 MiB.
2026-09-27T19:30:49Z INFO [193/368] 1a9757ba-1016-4a63-b4a7-17e811228cc7: 207 groups; 1.2 s; peak memory 284 MiB.
2026-09-27T19:30:54Z INFO [194/368] 1a99b695-cc50-4df6-a4aa-cc7d909fad96: 34 groups; 4.7 s; peak memory 284 MiB.
2026-09-27T19:30:55Z INFO [195/368] 1a9bd777-b7f7-4d35-aa0b-12042635649f: 22 groups; 0.7 s; peak memory 284 MiB.
2026-09-27T19:31:23Z INFO [196/368] 1a9c0ec9-9fde-4985-a912-db234e2de5c0: 26 groups; 27.9 s; peak memory 326 MiB.
2026-09-27T19:33:31Z INFO [197/368] 1a9c1aeb-5942-440b-88e3-bd9131d7a1fc: 58 groups; 128.6 s; peak memory 467 MiB.
2026-09-27T19:33:32Z INFO [198/368] 1a9cc441-5ff5-4621-af84-39a049d74bd1: 25 groups; 0.8 s; peak memory 467 MiB.
2026-09-27T19:33:46Z INFO [199/368] 1a9d3f87-9382-4d55-a217-13ae1e62e16a: 250 groups; 14.1 s; peak memory 467 MiB.
2026-09-27T19:33:47Z INFO [200/368] 1a9d6ecd-72ef-490a-b7c4-3fdd084d4f51: 22 groups; 0.8 s; peak memory 467 MiB.
2026-09-27T19:33:47Z INFO [200/368] 1a9d6ecd-72ef-490a-b7c4-3fdd084d4f51: checkpointed 59702 records.
2026-09-27T19:33:51Z INFO [201/368] 1a9e3c28-e4fe-4985-9a09-3ec02187aa5a: 150 groups; 3.7 s; peak memory 467 MiB.
2026-09-27T19:33:52Z INFO [202/368] 1a9e4d1f-6548-442d-ac76-2e618f5269de: 36 groups; 1.2 s; peak memory 467 MiB.
2026-09-27T19:33:52Z INFO [203/368] 1a9eea79-d24f-4200-874e-97681506c81e: 28 groups; 0.6 s; peak memory 467 MiB.
2026-09-27T19:33:53Z INFO [204/368] 1a9f2c06-c65e-4872-b691-230550423c3e: 35 groups; 1.1 s; peak memory 467 MiB.
2026-09-27T19:36:45Z INFO [205/368] 1a9f3698-060f-4dad-b396-7d30ed177c82: 93 groups; 171.4 s; peak memory 537 MiB.
2026-09-27T19:36:58Z INFO [206/368] 1a9f9cf3-fed7-4ab8-ad7a-fccf6c8f8fb8: 210 groups; 13.5 s; peak memory 537 MiB.
2026-09-27T19:37:04Z INFO [207/368] 1a9faf10-3afb-4b1a-93b5-1a01600a024e: 82 groups; 5.2 s; peak memory 537 MiB.
2026-09-27T19:37:05Z INFO [208/368] 1aa07f7f-aa9b-4b1e-a4a1-fc3473f1d345: 48 groups; 1.8 s; peak memory 537 MiB.
2026-09-27T19:37:07Z INFO [209/368] 1aa108d2-db04-4cd6-b819-a9552787d7fa: 42 groups; 1.1 s; peak memory 537 MiB.
2026-09-27T19:37:08Z INFO [210/368] 1aa15186-ef2e-4bfc-9f5b-d243460ebf11: 48 groups; 1.3 s; peak memory 537 MiB.
2026-09-27T19:37:09Z INFO [211/368] 1aa1723e-aae2-474d-a20c-1894a2ea9fc0: 35 groups; 0.9 s; peak memory 537 MiB.
2026-09-27T19:39:49Z INFO [212/368] 1aa1d8b9-12f5-43a4-9b7b-e29303218a54: 72 groups; 160.2 s; peak memory 537 MiB.
2026-09-27T19:39:54Z INFO [213/368] 1aa2c151-7b28-4a9d-bef5-c18cbca4e5e4: 70 groups; 5.1 s; peak memory 537 MiB.
2026-09-27T19:39:55Z INFO [214/368] 1aa2ce07-a33e-42f6-a03d-758bd6caec75: 32 groups; 0.8 s; peak memory 537 MiB.
2026-09-27T19:39:56Z INFO [215/368] 1aa4d0cb-0cbe-4230-8e30-826a8be0f848: 22 groups; 0.6 s; peak memory 537 MiB.
2026-09-27T19:41:31Z INFO [216/368] 1aa5716c-06ad-4e6d-99bc-ee691aa73808: 62 groups; 95.0 s; peak memory 537 MiB.
2026-09-27T19:41:54Z INFO [217/368] 1aa5ab54-297c-4fd0-baa1-4498af46fc85: 3488 groups; 23.7 s; peak memory 537 MiB.
2026-09-27T19:41:55Z INFO [218/368] 1aa5eb4c-b4ee-45ab-a6eb-54ec79b45848: 32 groups; 1.2 s; peak memory 537 MiB.
2026-09-27T19:41:57Z INFO [219/368] 1aa5ece3-05fd-446b-95fb-c2cdddf6d7c6: 48 groups; 1.5 s; peak memory 537 MiB.
2026-09-27T19:41:58Z INFO [220/368] 1aa62d61-1f2e-4e36-9923-3c6d46df75c7: 72 groups; 1.1 s; peak memory 537 MiB.
2026-09-27T19:41:59Z INFO [221/368] 1aa6d39c-e87e-438e-a232-743d0ccb022c: 256 groups; 1.0 s; peak memory 537 MiB.
2026-09-27T19:42:02Z INFO [222/368] 1aa70818-5ee8-43a1-ba88-e7a9634cfb32: 53 groups; 3.0 s; peak memory 537 MiB.
2026-09-27T19:42:03Z INFO [223/368] 1aa7291c-d860-45e1-8654-d9bbd8c0a5d6: 16 groups; 0.7 s; peak memory 537 MiB.
2026-09-27T19:42:04Z INFO [224/368] 1aa7efa5-14f9-4dd4-9fca-6d233c937178: 207 groups; 1.2 s; peak memory 537 MiB.
2026-09-27T19:42:05Z INFO [225/368] 1aa893fe-b316-45b0-817d-2a3baa0582e8: 32 groups; 0.9 s; peak memory 537 MiB.
2026-09-27T19:42:06Z INFO [226/368] 1aa91853-1f19-4359-97b0-89d0343e58ff: 25 groups; 0.8 s; peak memory 537 MiB.
2026-09-27T19:42:07Z INFO [227/368] 1aa9f981-69a7-44fa-a410-45775cb3828f: 35 groups; 0.9 s; peak memory 537 MiB.
2026-09-27T19:42:22Z INFO [228/368] 1aaa4b59-bc9a-428f-b900-2a0e5d92fff0: 296 groups; 15.6 s; peak memory 537 MiB.
2026-09-27T19:42:23Z INFO [229/368] 1aaa51d2-f76e-4620-b179-f3af2515c011: 54 groups; 1.4 s; peak memory 537 MiB.
2026-09-27T19:42:24Z INFO [230/368] 1aaaf073-ff95-4964-a48e-327fdcd85b51: 33 groups; 1.0 s; peak memory 537 MiB.
2026-09-27T19:42:25Z INFO [231/368] 1aab4c3a-f898-4dbe-b69c-7501c30ce04c: 22 groups; 0.7 s; peak memory 537 MiB.
2026-09-27T19:42:26Z INFO [232/368] 1aab753d-2890-4fb7-aac0-db78c5c28b2d: 32 groups; 0.8 s; peak memory 537 MiB.
2026-09-27T19:42:27Z INFO [233/368] 1aac03c9-0f51-41c3-a310-930493dfc4ee: 195 groups; 1.0 s; peak memory 537 MiB.
2026-09-27T19:42:28Z INFO [234/368] 1aac6d91-e5b9-4b8e-877f-75d953e5c18c: 35 groups; 1.1 s; peak memory 537 MiB.
2026-09-27T19:42:30Z INFO [235/368] 1aadf175-b5bb-486a-8381-8b27a7107690: 55 groups; 2.0 s; peak memory 537 MiB.
2026-09-27T19:42:32Z INFO [236/368] 1aae1430-09bc-482f-9aa3-97ebaf66fda4: 54 groups; 1.5 s; peak memory 537 MiB.
2026-09-27T19:42:32Z INFO [237/368] 1aae3638-7d7e-4ff7-9a08-e693044fde03: 33 groups; 0.6 s; peak memory 537 MiB.
2026-09-27T19:42:33Z INFO [238/368] 1aaf1098-6039-4045-bc89-964fc32d1ef0: 35 groups; 1.0 s; peak memory 537 MiB.
2026-09-27T19:42:34Z INFO [239/368] 1aafb3a8-2d72-4f40-8a42-9e790339ca31: 25 groups; 0.7 s; peak memory 537 MiB.
2026-09-27T19:42:35Z INFO [240/368] 1ab0acf3-f54b-4744-9c5c-d96c380e26fe: 32 groups; 0.8 s; peak memory 537 MiB.
2026-09-27T19:42:43Z INFO [241/368] 1ab125d4-4168-41bb-b008-9276d5d57e5a: 315 groups; 8.2 s; peak memory 537 MiB.
2026-09-27T19:42:44Z INFO [242/368] 1ab14869-a344-46c1-9fac-b50b6d8613f8: 336 groups; 1.5 s; peak memory 537 MiB.
2026-09-27T19:42:45Z INFO [243/368] 1ab15baf-7bb8-481b-9cbf-51d26b41637d: 252 groups; 0.8 s; peak memory 537 MiB.
2026-09-27T19:42:46Z INFO [244/368] 1ab183f3-4d18-4613-93ae-26e8621a284a: 341 groups; 1.2 s; peak memory 537 MiB.
2026-09-27T19:42:47Z INFO [245/368] 1ab188a6-9f8a-43af-8118-632b934e1cd0: 22 groups; 0.7 s; peak memory 537 MiB.
2026-09-27T19:42:48Z INFO [246/368] 1ab20222-02c9-4578-aeb0-2520013f71dc: 22 groups; 0.7 s; peak memory 537 MiB.
2026-09-27T19:42:48Z INFO [247/368] 1ab286c9-0509-4ed1-bfa8-5c01b01a4b4b: 17 groups; 0.6 s; peak memory 537 MiB.
2026-09-27T19:42:49Z INFO [248/368] 1ab2cd63-7109-4a49-8f97-9c4bb6c59d0a: 32 groups; 0.8 s; peak memory 537 MiB.
2026-09-27T19:42:50Z INFO [249/368] 1ab3b99f-073a-4b11-b58c-892098ecc22c: 104 groups; 0.9 s; peak memory 537 MiB.
2026-09-27T19:42:59Z INFO [250/368] 1ab3ce70-e72a-4369-81d3-bf34639f34e6: 354 groups; 9.4 s; peak memory 537 MiB.
2026-09-27T19:43:00Z INFO [250/368] 1ab3ce70-e72a-4369-81d3-bf34639f34e6: checkpointed 59752 records.
2026-09-27T19:43:00Z INFO [251/368] 1ab3dcee-25b7-4592-8e2c-a0af0f8a3152: 32 groups; 0.9 s; peak memory 537 MiB.
2026-09-27T19:43:01Z INFO [252/368] 1ab40da5-a909-42ae-8018-ef715365bc07: 22 groups; 0.7 s; peak memory 537 MiB.
2026-09-27T19:43:02Z INFO [253/368] 1ab43b51-0c72-4962-8919-4ff18989e0f8: 35 groups; 1.2 s; peak memory 537 MiB.
2026-09-27T19:43:15Z INFO [254/368] 1ab43b6f-786a-4793-b1c4-f0aeba5d1d2a: 209 groups; 12.9 s; peak memory 537 MiB.
2026-09-27T19:43:16Z INFO [255/368] 1ab47d1e-fe17-4795-95b7-a1983b3ac054: 22 groups; 0.9 s; peak memory 537 MiB.
2026-09-27T19:43:17Z INFO [256/368] 1ab4ec74-7698-4030-82cb-a0cd311bbb7d: 33 groups; 1.2 s; peak memory 537 MiB.
2026-09-27T19:44:57Z INFO [257/368] 1ab6310a-7c8f-426a-a212-4e4a242cc97a: 69 groups; 99.9 s; peak memory 537 MiB.
2026-09-27T19:44:58Z INFO [258/368] 1ab6f354-50a1-4f96-903b-8f1ee3b204cf: 28 groups; 0.6 s; peak memory 537 MiB.
2026-09-27T19:44:58Z INFO [259/368] 1ab8761f-2188-4d9a-9bed-ccd88ff28a2e: 31 groups; 0.6 s; peak memory 537 MiB.
2026-09-27T19:45:00Z INFO [260/368] 1ab87d9d-e193-4736-8bb2-6c66300c0b12: 27 groups; 1.3 s; peak memory 537 MiB.
2026-09-27T19:45:01Z INFO [261/368] 1ab8b45e-0108-425b-a8fe-2ece892baa3d: 35 groups; 0.9 s; peak memory 537 MiB.
2026-09-27T19:45:05Z INFO [262/368] 1ab8c45f-8feb-4336-80a2-56accf70fa44: 137 groups; 3.8 s; peak memory 537 MiB.
2026-09-27T19:45:10Z INFO [263/368] 1ab8e7a4-07f9-4ac8-b274-a79c98e4f1b1: 249 groups; 5.8 s; peak memory 537 MiB.
2026-09-27T19:45:11Z INFO [264/368] 1ab8f0f9-d0c6-48dc-9b32-71f4d9d2b20c: 26 groups; 0.6 s; peak memory 537 MiB.
2026-09-27T19:45:11Z INFO [265/368] 1ab902a6-a400-4b2e-9dc9-50b9e803382d: 30 groups; 0.5 s; peak memory 537 MiB.
2026-09-27T19:45:12Z INFO [266/368] 1ab91ba9-53fd-4464-a486-1eae028ecec9: 35 groups; 1.0 s; peak memory 537 MiB.
2026-09-27T19:45:14Z INFO [267/368] 1ab922b3-0339-4a72-a300-f3ed00608336: 201 groups; 1.1 s; peak memory 537 MiB.
2026-09-27T19:45:15Z INFO [268/368] 1ab9d893-2de2-473d-8402-1e6abf912c98: 35 groups; 1.0 s; peak memory 537 MiB.
2026-09-27T19:45:15Z INFO [269/368] 1aba85c4-7764-45e6-8ecf-a0034bf7f71b: 22 groups; 0.7 s; peak memory 537 MiB.
2026-09-27T19:45:16Z INFO [270/368] 1abb007b-4b6e-456f-a25f-34b10905f7bf: 22 groups; 0.6 s; peak memory 537 MiB.
2026-09-27T19:45:22Z INFO [271/368] 1abb314a-1809-4d1d-89bd-c1e63dcf76c4: 248 groups; 6.3 s; peak memory 537 MiB.
2026-09-27T19:45:32Z INFO [272/368] 1abce1ea-2bcb-4e8c-8591-da0f52768e00: 89 groups; 10.0 s; peak memory 537 MiB.
2026-09-27T19:45:33Z INFO [273/368] 1abd114d-1b9d-459b-9772-5544e079f99f: 32 groups; 1.0 s; peak memory 537 MiB.
2026-09-27T19:45:35Z INFO [274/368] 1abd250c-2ec8-40b0-b886-2a8b70f6f559: 50 groups; 1.9 s; peak memory 537 MiB.
2026-09-27T19:45:36Z INFO [275/368] 1abe2e7b-d237-4d65-9235-3f46545453dd: 22 groups; 0.7 s; peak memory 537 MiB.
2026-09-27T19:45:38Z INFO [276/368] 1abef5dd-30f1-4291-91ef-07c95b8e0720: 34 groups; 2.1 s; peak memory 537 MiB.
2026-09-27T19:45:39Z INFO [277/368] 1abf2373-0d8a-46a1-9b98-1cccc21b94be: 34 groups; 1.0 s; peak memory 537 MiB.
2026-09-27T19:45:41Z INFO [278/368] 1ac0c746-5ee4-430c-b9a9-a62998e8ef44: 50 groups; 2.5 s; peak memory 537 MiB.
2026-09-27T19:45:43Z INFO [279/368] 1ac175b0-0b20-4288-bbcc-67178d6e8e8f: 17 groups; 1.8 s; peak memory 537 MiB.
2026-09-27T19:45:44Z INFO [280/368] 1ac1a33f-6331-467c-b1c9-30085bb8bf5b: 22 groups; 0.9 s; peak memory 537 MiB.
2026-09-27T19:45:45Z INFO [281/368] 1ac2824a-7606-48c5-9174-584fd0e9ba4b: 32 groups; 0.9 s; peak memory 537 MiB.
2026-09-27T19:45:45Z INFO [282/368] 1ac2e6f3-0e20-47b7-a616-ecf4388125a5: 16 groups; 0.5 s; peak memory 537 MiB.
2026-09-27T19:45:46Z INFO [283/368] 1ac31990-0e4c-46ee-b7da-4702db614d5e: 16 groups; 0.5 s; peak memory 537 MiB.
2026-09-27T19:45:46Z INFO [284/368] 1ac451c2-3835-430b-b84f-492175c830a1: 17 groups; 0.6 s; peak memory 537 MiB.
2026-09-27T19:45:47Z INFO [285/368] 1ac4e6e6-1f45-4965-ab77-cfc8bd58eb34: 26 groups; 0.9 s; peak memory 537 MiB.
2026-09-27T19:45:48Z INFO [286/368] 1ac5181a-a49e-4ede-92aa-d23aaf55d698: 22 groups; 0.8 s; peak memory 537 MiB.
2026-09-27T19:45:49Z INFO [287/368] 1ac5382b-f3cd-400d-bbea-2f7baa1a4c95: 207 groups; 1.2 s; peak memory 537 MiB.
2026-09-27T19:45:50Z INFO [288/368] 1ac59de5-ecfa-4135-8826-4cee6724accd: 22 groups; 0.6 s; peak memory 537 MiB.
2026-09-27T19:45:51Z INFO [289/368] 1ac5c087-b2bc-4a4f-a49a-6f882e8abe30: 32 groups; 0.8 s; peak memory 537 MiB.
2026-09-27T19:45:52Z INFO [290/368] 1ac5c37e-e6c7-4683-9cbc-0f2a803c951b: 43 groups; 1.5 s; peak memory 537 MiB.
2026-09-27T19:45:54Z INFO [291/368] 1ac62437-aece-423d-bfa5-b8e8a3f10314: 50 groups; 2.1 s; peak memory 537 MiB.
2026-09-27T19:45:56Z INFO [292/368] 1ac64fb3-972d-4be0-b562-809fbd8f016a: 48 groups; 1.5 s; peak memory 537 MiB.
2026-09-27T19:45:57Z INFO [293/368] 1ac70d56-620c-48b6-ba9d-66b237d764fe: 25 groups; 0.6 s; peak memory 537 MiB.
2026-09-27T19:45:57Z INFO [294/368] 1ac7cc75-d501-4c2f-b8a7-b532d22602e9: 22 groups; 0.7 s; peak memory 537 MiB.
2026-09-27T19:45:58Z INFO [295/368] 1ac84a25-597c-40f1-b836-c8dcdca77e60: 35 groups; 1.0 s; peak memory 537 MiB.
2026-09-27T19:45:59Z INFO [296/368] 1ac902f7-a213-445e-bb96-6ffd892a8df7: 32 groups; 0.9 s; peak memory 537 MiB.
2026-09-27T19:46:03Z INFO [297/368] 1ac910e0-4324-4b51-a626-64613875d421: 177 groups; 4.3 s; peak memory 537 MiB.
2026-09-27T19:46:05Z INFO [298/368] 1acae683-709c-4edc-8168-21adfffc735f: 206 groups; 1.4 s; peak memory 537 MiB.
2026-09-27T19:46:05Z INFO [299/368] 1acb732f-e28d-4995-894c-2ad9789f4ca4: 30 groups; 0.5 s; peak memory 537 MiB.
2026-09-27T19:46:07Z INFO [300/368] 1acc3bb2-3b5e-4c8a-9134-99580cb51e0d: 50 groups; 1.8 s; peak memory 537 MiB.
2026-09-27T19:46:07Z INFO [300/368] 1acc3bb2-3b5e-4c8a-9134-99580cb51e0d: checkpointed 59802 records.
2026-09-27T19:46:08Z INFO [301/368] 1acc41cb-f72c-43fc-a25e-efa98c6ba4a9: 32 groups; 0.9 s; peak memory 537 MiB.
2026-09-27T19:46:10Z INFO [302/368] 1acc4ec0-00ad-4618-9083-2a471650c843: 64 groups; 1.5 s; peak memory 537 MiB.
2026-09-27T19:46:11Z INFO [303/368] 1acc8a9c-3ec0-40f5-bc97-65cbb6f90598: 199 groups; 1.0 s; peak memory 537 MiB.
2026-09-27T19:46:11Z INFO [304/368] 1acc9ea0-8c86-462f-988a-df0ad96443f3: 17 groups; 0.4 s; peak memory 537 MiB.
2026-09-27T19:46:13Z INFO [305/368] 1accd3f7-44cb-4e53-84e5-632450040893: 48 groups; 1.9 s; peak memory 537 MiB.
2026-09-27T19:46:23Z INFO [306/368] 1acd3083-aed9-4095-a71a-9dd68ee0e2c5: 157 groups; 9.9 s; peak memory 537 MiB.
2026-09-27T19:46:25Z INFO [307/368] 1acd5d12-e0df-4072-b860-3baad8563585: 48 groups; 1.8 s; peak memory 537 MiB.
2026-09-27T19:46:25Z INFO [308/368] 1acd7ea8-fbe8-4932-81bf-2f46dc981cb2: 253 groups; 0.7 s; peak memory 537 MiB.
2026-09-27T19:46:27Z INFO [309/368] 1acdeac7-4d8a-44ef-99b9-046526bb4d0f: 48 groups; 1.9 s; peak memory 537 MiB.
2026-09-27T19:46:28Z INFO [310/368] 1aced164-4c8d-4eaf-b634-e8faec8d614e: 32 groups; 0.9 s; peak memory 537 MiB.
2026-09-27T19:46:33Z INFO [311/368] 1acf5ce0-510a-47df-85c5-92c33d70cef7: 181 groups; 4.5 s; peak memory 537 MiB.
2026-09-27T19:46:34Z INFO [312/368] 1ad03905-7201-4e76-9884-7769cea385f2: 108 groups; 1.1 s; peak memory 537 MiB.
2026-09-27T19:46:35Z INFO [313/368] 1ad11611-4d2b-4191-879d-5be7f02dfe53: 42 groups; 1.1 s; peak memory 537 MiB.
2026-09-27T19:46:36Z INFO [314/368] 1ad19f47-3316-46ab-8467-10ede0cb0083: 18 groups; 0.7 s; peak memory 537 MiB.
2026-09-27T19:46:37Z INFO [315/368] 1ad1a331-3665-4edc-94f0-8587a5318d68: 35 groups; 1.0 s; peak memory 537 MiB.
2026-09-27T19:46:37Z INFO [316/368] 1ad365bf-ed26-4b3a-b347-fa6f82e57f46: 32 groups; 0.8 s; peak memory 537 MiB.
2026-09-27T19:46:39Z INFO [317/368] 1ad36f9e-31dc-4784-a4b9-5a8cdf23c07e: 200 groups; 1.5 s; peak memory 537 MiB.
2026-09-27T19:46:40Z INFO [318/368] 1ad3817b-fd01-45aa-8563-b6e9cb5803ae: 35 groups; 1.3 s; peak memory 537 MiB.
2026-09-27T19:46:41Z INFO [319/368] 1ad5db85-25aa-4149-92a6-c029db6a7a82: 32 groups; 0.8 s; peak memory 537 MiB.
2026-09-27T19:46:53Z INFO [320/368] 1ad5fc75-66d2-431b-a060-89308e7fe7a6: 462 groups; 11.9 s; peak memory 537 MiB.
2026-09-27T19:46:59Z INFO [321/368] 1ad696df-7123-446f-b95a-5378d5efab30: 27 groups; 6.2 s; peak memory 537 MiB.
2026-09-27T19:47:00Z INFO [322/368] 1ad6e927-e148-4267-98cb-e60388a696d3: 22 groups; 0.7 s; peak memory 537 MiB.
2026-09-27T19:47:01Z INFO [323/368] 1ad76574-154c-4ace-b794-af205c405ad5: 22 groups; 0.7 s; peak memory 537 MiB.
2026-09-27T19:47:02Z INFO [324/368] 1ad936a8-4a4d-485b-8965-a99717639cce: 43 groups; 1.2 s; peak memory 537 MiB.
2026-09-27T19:47:05Z INFO [325/368] 1ad97a47-e2b0-437c-a502-8deba9b6afdc: 122 groups; 3.6 s; peak memory 537 MiB.
2026-09-27T19:47:07Z INFO [326/368] 1ad99250-4547-4e57-afb7-de13e8aadc2c: 54 groups; 1.7 s; peak memory 537 MiB.
2026-09-27T19:47:08Z INFO [327/368] 1ada05ec-c36a-4b85-a516-37ee6361087b: 22 groups; 0.6 s; peak memory 537 MiB.
2026-09-27T19:47:09Z INFO [328/368] 1ada194a-ec3a-408f-b3d1-a59caa9a11fe: 48 groups; 1.3 s; peak memory 537 MiB.
2026-09-27T19:47:11Z INFO [329/368] 1ada4d2f-61ab-4f92-a451-51b4db2eac04: 89 groups; 2.3 s; peak memory 537 MiB.
2026-09-27T19:47:13Z INFO [330/368] 1ada8931-c28a-49d0-aef1-6847e90cc64b: 338 groups; 1.4 s; peak memory 537 MiB.
2026-09-27T19:47:14Z INFO [331/368] 1add8476-c724-49ec-b992-a4c469f99165: 35 groups; 1.0 s; peak memory 537 MiB.
2026-09-27T19:47:16Z INFO [332/368] 1addccfd-5998-448b-ad6f-e20b0db68347: 54 groups; 2.0 s; peak memory 537 MiB.
2026-09-27T19:47:22Z INFO [333/368] 1ade10a9-7412-4247-a78b-3b5ce90af404: 203 groups; 6.5 s; peak memory 537 MiB.
2026-09-27T19:47:23Z INFO [334/368] 1adfcc29-12e1-41fb-97c7-243976d777e0: 25 groups; 0.7 s; peak memory 537 MiB.
2026-09-27T19:47:24Z INFO [335/368] 1ae0636c-5ed0-4edf-9099-a6825e89ec33: 254 groups; 0.8 s; peak memory 537 MiB.
2026-09-27T19:47:25Z INFO [336/368] 1ae069b5-8fed-47e5-bafb-7b1e17e721ce: 253 groups; 1.0 s; peak memory 537 MiB.
2026-09-27T19:47:27Z INFO [337/368] 1ae174da-0eb4-4319-9af2-56769d99450c: 87 groups; 2.4 s; peak memory 537 MiB.
2026-09-27T19:47:28Z INFO [338/368] 1ae22d6f-ca45-4c3f-acc5-61a2b62a8797: 53 groups; 1.4 s; peak memory 537 MiB.
2026-09-27T19:47:29Z INFO [339/368] 1ae37eee-8146-4bcf-b1aa-dea9477d8d33: 16 groups; 0.5 s; peak memory 537 MiB.
2026-09-27T19:47:30Z INFO [340/368] 1ae3d62d-3a6f-4d35-98a8-64eac34844ab: 30 groups; 0.6 s; peak memory 537 MiB.
2026-09-27T19:47:30Z INFO [341/368] 1ae573f2-ce83-46c0-9528-ec68f4bca39b: 22 groups; 0.7 s; peak memory 537 MiB.
2026-09-27T19:47:31Z INFO [342/368] 1ae5983a-836f-4c39-aaa0-2b7e2e6c33e7: 22 groups; 0.8 s; peak memory 537 MiB.
2026-09-27T19:47:32Z INFO [343/368] 1ae5c225-c7f8-46c8-bd81-0d3c14365660: 32 groups; 0.7 s; peak memory 537 MiB.
2026-09-27T19:47:40Z INFO [344/368] 1ae651b8-f578-4a46-b3e8-e6d1aaa02cfc: 342 groups; 8.4 s; peak memory 537 MiB.
2026-09-27T19:47:42Z INFO [345/368] 1ae6a430-bcb3-4f3b-93dc-8a47b2a888da: 48 groups; 1.5 s; peak memory 537 MiB.
2026-09-27T19:47:42Z INFO [346/368] 1ae708da-b7bb-42a1-9ad0-d90a87541b31: 22 groups; 0.7 s; peak memory 537 MiB.
2026-09-27T19:47:44Z INFO [347/368] 1ae82cc3-36e2-4bfd-9b3e-b72f74797821: 39 groups; 1.3 s; peak memory 537 MiB.
2026-09-27T19:47:44Z INFO [348/368] 1ae835c1-c739-4201-8e5e-7128a049d467: 33 groups; 0.8 s; peak memory 537 MiB.
2026-09-27T19:47:45Z INFO [349/368] 1ae8dea0-4cb2-44ba-97b8-a566d7ee8dc2: 18 groups; 0.6 s; peak memory 537 MiB.
2026-09-27T19:47:46Z INFO [350/368] 1aea5495-1f47-459b-bbf9-33b9422ce59a: 33 groups; 0.8 s; peak memory 537 MiB.
2026-09-27T19:47:46Z INFO [350/368] 1aea5495-1f47-459b-bbf9-33b9422ce59a: checkpointed 59852 records.
2026-09-27T19:47:47Z INFO [351/368] 1aea7e13-db7b-42aa-925e-5b28a4f658e6: 35 groups; 1.0 s; peak memory 537 MiB.
2026-09-27T19:47:48Z INFO [352/368] 1aeaf6d2-f7cd-474a-aa96-593b481b37fd: 35 groups; 0.9 s; peak memory 537 MiB.
2026-09-27T19:47:49Z INFO [353/368] 1aeb2762-9973-4fbb-8a37-e8a71973cbe1: 35 groups; 1.0 s; peak memory 537 MiB.
2026-09-27T19:47:50Z INFO [354/368] 1aebdd0f-8824-4822-81c6-6465015b382e: 194 groups; 0.8 s; peak memory 537 MiB.
2026-09-27T19:47:51Z INFO [355/368] 1aeda96b-e8b4-4836-bb11-a40307f3c3a0: 35 groups; 1.0 s; peak memory 537 MiB.
2026-09-27T19:47:52Z INFO [356/368] 1aee2d05-398e-437e-bb11-ab3ef1d9b377: 61 groups; 1.9 s; peak memory 537 MiB.
2026-09-27T19:47:53Z INFO [357/368] 1aee7ae3-b54a-4c79-a6df-e97b22788104: 35 groups; 0.8 s; peak memory 537 MiB.
2026-09-27T19:47:54Z INFO [358/368] 1aeebbac-d4ff-41a6-8971-996836a143cc: 31 groups; 0.7 s; peak memory 537 MiB.
2026-09-27T19:47:55Z INFO [359/368] 1aef8651-97e9-4750-85c1-fb26cdb049f7: 195 groups; 1.2 s; peak memory 537 MiB.
2026-09-27T19:47:57Z INFO [360/368] 1aef87ee-f609-4c69-a65c-65d469807e41: 48 groups; 1.5 s; peak memory 537 MiB.
2026-09-27T19:47:57Z INFO [361/368] 1af00bf0-ceed-443d-9cdb-438eee4a3fa9: 22 groups; 0.6 s; peak memory 537 MiB.
2026-09-27T19:47:59Z INFO [362/368] 1af081c9-7450-43a3-afc7-da16ece16791: 48 groups; 1.6 s; peak memory 537 MiB.
2026-09-27T19:48:00Z INFO [363/368] 1af090b7-5add-497a-a4b6-5fc8c2d6e02e: 32 groups; 0.8 s; peak memory 537 MiB.
2026-09-27T19:48:00Z INFO [364/368] 1af1158f-191e-4f92-9dde-5eb4bbd2e685: 17 groups; 0.6 s; peak memory 537 MiB.
2026-09-27T19:48:13Z INFO [365/368] 1af17e19-3ecf-4ebc-ab2b-c0d5d10a6613: 23 groups; 13.3 s; peak memory 537 MiB.
2026-09-27T19:48:18Z INFO [366/368] 1af1f296-6c91-4a69-aa66-1c80153311ce: 154 groups; 4.5 s; peak memory 537 MiB.
2026-09-27T19:48:20Z INFO [367/368] 1af209e1-d3d8-4d49-b850-f628f39ebe61: 50 groups; 2.3 s; peak memory 537 MiB.
2026-09-27T19:48:26Z INFO [368/368] b86ff562-5c4d-4d8d-9d65-e27431a8d5c3: 29 groups; 5.3 s; peak memory 537 MiB.
2026-09-27T19:48:26Z INFO Wrote 59870 records to /tmp/derivatives/valid_nwb_file_to_number_of_groups.jsonl (368 new, 0 failed) in 27.1 min (peak memory 537 MiB).
