2026-09-14T17:05:40Z INFO Logging to /tmp/logs/update_2026-09-14T17-05-40Z.log.
2026-09-14T17:05:40Z INFO Processing 360 newly valid content IDs.
2026-09-14T17:05:42Z INFO [1/360] 00c34653-1eb8-43fc-a47a-4284a8ddab60: 71 groups (HDF5, 5.5 MB; 1.5 s; peak memory 105 MiB)
2026-09-14T17:05:42Z INFO [2/360] 0131a04f-6e83-4ce1-b6fe-117d2feb7127: 31 groups (HDF5, 0.3 MB; 0.7 s; peak memory 105 MiB)
2026-09-14T17:05:43Z INFO [3/360] 013a50f9-c7e4-4217-850c-ac867a408787: 337 groups (HDF5, 39.4 MB; 0.9 s; peak memory 105 MiB)
2026-09-14T17:06:11Z INFO [4/360] 01c50753-69d8-49a3-994f-53ba0c3c8c3e: 4188 groups (HDF5, 143.4 MB; 27.9 s; peak memory 267 MiB)
2026-09-14T17:06:12Z INFO [5/360] 02fd47f7-640b-4373-8da5-0617f84e7dbe: 17 groups (HDF5, 25.8 MB; 1.1 s; peak memory 267 MiB)
2026-09-14T17:06:13Z INFO [6/360] 04b4ed3e-09ab-4dd2-ac9d-642432101123: 25 groups (HDF5, 0.2 MB; 0.5 s; peak memory 267 MiB)
2026-09-14T17:06:13Z INFO [7/360] 04ccb7a6-b71b-48d7-b190-ba8ac7740ad4: 35 groups (HDF5, 1.2 MB; 0.6 s; peak memory 267 MiB)
2026-09-14T17:06:14Z INFO [8/360] 04d70dfc-67be-4f3d-a3f1-7e9459e97816: 35 groups (HDF5, 0.9 MB; 0.7 s; peak memory 267 MiB)
2026-09-14T17:06:14Z INFO [9/360] 055b6f9c-8c6b-425e-9fad-123f263f3081: 22 groups (HDF5, 84.1 MB; 0.6 s; peak memory 267 MiB)
2026-09-14T17:06:15Z INFO [10/360] 0636c71d-c0b2-4c37-ab5a-f80478a1d36f: 35 groups (HDF5, 1.4 MB; 0.8 s; peak memory 267 MiB)
2026-09-14T17:06:16Z INFO [11/360] 07043c48-6c81-486d-ad15-ede1ec9306e2: 36 groups (HDF5, 2169.2 MB; 0.5 s; peak memory 267 MiB)
2026-09-14T17:06:16Z INFO [12/360] 07e2e6b4-8196-4fe9-81c1-364a212877a3: 35 groups (HDF5, 1.2 MB; 0.6 s; peak memory 267 MiB)
2026-09-14T17:06:17Z INFO [13/360] 08125ad8-fb86-4261-b4eb-3856c99b42f6: 22 groups (HDF5, 84.1 MB; 0.5 s; peak memory 267 MiB)
2026-09-14T17:06:17Z INFO [14/360] 087f80a1-26ea-40f4-a48c-3b2aeb51b909: 22 groups (HDF5, 84.1 MB; 0.5 s; peak memory 267 MiB)
2026-09-14T17:06:24Z INFO [15/360] 0883483f-a93c-4a46-9e67-74a7f9335cef: 180 groups (HDF5, 60.8 MB; 6.4 s; peak memory 267 MiB)
2026-09-14T17:06:25Z INFO [16/360] 0968f7ee-a3c4-4685-94a6-7abfbeedfd1f: 27 groups (HDF5, 633.8 MB; 0.7 s; peak memory 267 MiB)
2026-09-14T17:06:27Z INFO [17/360] 09935374-4c3e-424b-b487-24086d3473dc: 26 groups (HDF5, 3557.9 MB; 2.7 s; peak memory 267 MiB)
2026-09-14T17:06:28Z INFO [18/360] 09d7232a-9ed0-4d44-a6ca-4070339e26b3: 26 groups (HDF5, 10.8 MB; 0.6 s; peak memory 267 MiB)
2026-09-14T17:06:29Z INFO [19/360] 0ae01a12-0c5c-41c7-acd7-4608f547cf83: 41 groups (HDF5, 2.8 MB; 0.8 s; peak memory 267 MiB)
2026-09-14T17:06:29Z INFO [20/360] 0b2dcc8a-138e-400d-84c3-14fb7bbe5ee5: 33 groups (HDF5, 1.3 MB; 0.8 s; peak memory 267 MiB)
2026-09-14T17:06:30Z INFO [21/360] 0d0c424f-6e83-4e3c-bb9f-d633e3835eca: 35 groups (HDF5, 1.7 MB; 0.7 s; peak memory 267 MiB)
2026-09-14T17:06:31Z INFO [22/360] 0d51fe43-679f-49f4-916a-983f1f6db714: 25 groups (HDF5, 11.5 MB; 0.5 s; peak memory 267 MiB)
2026-09-14T17:06:38Z INFO [23/360] 0d8ff1ae-ec9c-47c6-8feb-50547701d795: 53 groups (HDF5, 364.0 MB; 7.0 s; peak memory 267 MiB)
2026-09-14T17:06:38Z INFO [24/360] 0e4943c7-7552-4b06-aef3-2ec65749caf4: 22 groups (HDF5, 84.1 MB; 0.6 s; peak memory 267 MiB)
2026-09-14T17:06:39Z INFO [25/360] 0f6c8a73-a87e-4ecb-a489-1dacace958b7: 35 groups (HDF5, 1.0 MB; 0.6 s; peak memory 267 MiB)
2026-09-14T17:06:39Z INFO [26/360] 0fa4a6b6-bc1b-4e1a-a64d-6b036adab780: 32 groups (HDF5, 1.4 MB; 0.6 s; peak memory 267 MiB)
2026-09-14T17:06:40Z INFO [27/360] 10c05e8b-0c1d-492e-a090-d5da38665290: 203 groups (HDF5, 22.3 MB; 0.8 s; peak memory 267 MiB)
2026-09-14T17:06:41Z INFO [28/360] 10c3eed8-405e-4c48-91e1-21c73b0c2d29: 207 groups (HDF5, 74.6 MB; 1.1 s; peak memory 267 MiB)
2026-09-14T17:06:46Z INFO [29/360] 10d27cc1-dcfa-456a-812f-c8d02c9fbfff: 207 groups (HDF5, 55.8 MB; 4.9 s; peak memory 267 MiB)
2026-09-14T17:06:47Z INFO [30/360] 110eba72-609d-435b-9304-690c51a3cae1: 52 groups (HDF5, 389.0 MB; 0.8 s; peak memory 267 MiB)
2026-09-14T17:06:52Z INFO [31/360] 11aa3ddf-3a9e-4a13-9ccc-f1032be065e3: 50 groups (HDF5, 309.1 MB; 5.0 s; peak memory 267 MiB)
2026-09-14T17:06:52Z INFO [32/360] 11f38460-9996-4927-9d91-51bb506c70f0: 18 groups (HDF5, 0.2 MB; 0.5 s; peak memory 267 MiB)
2026-09-14T17:06:53Z INFO [33/360] 13eddb3e-d248-4c50-b648-8d95d394add5: 32 groups (HDF5, 1.4 MB; 0.7 s; peak memory 267 MiB)
2026-09-14T17:06:54Z INFO [34/360] 153fd9eb-8117-4bb8-a347-b0b044013b03: 32 groups (HDF5, 0.8 MB; 0.8 s; peak memory 267 MiB)
2026-09-14T17:06:55Z INFO [35/360] 1624b53a-dd56-433a-8ff0-565343bee949: 254 groups (HDF5, 0.8 MB; 0.5 s; peak memory 267 MiB)
2026-09-14T17:06:56Z INFO [36/360] 17d87ebd-833f-4185-a9e0-5e0472b44733: 17 groups (HDF5, 33.8 MB; 1.1 s; peak memory 267 MiB)
2026-09-14T17:06:56Z INFO [37/360] 198216e2-bbac-4fdf-a75a-9cd6e3fec08b: 21 groups (HDF5, 49.2 MB; 0.6 s; peak memory 267 MiB)
2026-09-14T17:06:58Z INFO [38/360] 1a3a5251-0113-48f1-a386-6222d8bbae5d: 48 groups (HDF5, 188.6 MB; 1.6 s; peak memory 267 MiB)
2026-09-14T17:07:10Z INFO [39/360] 1b49fb9d-b5de-430e-bf57-fd9fa975757c: 23 groups (HDF5, 40947.6 MB; 11.8 s; peak memory 267 MiB)
2026-09-14T17:08:15Z INFO [40/360] 1c2d1049-a3ab-455b-a1b0-38c398eeb1f1: 27 groups (HDF5, 8593.2 MB; 65.4 s; peak memory 298 MiB)
2026-09-14T17:08:16Z INFO [41/360] 1e023d8f-c3e3-4aa1-9afb-56994d1ffd20: 337 groups (HDF5, 19.2 MB; 1.1 s; peak memory 298 MiB)
2026-09-14T17:08:17Z INFO [42/360] 1e0c2043-34e5-4ecd-9569-fb5afd8ff220: 54 groups (HDF5, 5.1 MB; 1.2 s; peak memory 298 MiB)
2026-09-14T17:08:18Z INFO [43/360] 1ef67d09-caf8-4a24-b104-e47c8995f1c0: 32 groups (HDF5, 0.5 MB; 0.5 s; peak memory 298 MiB)
2026-09-14T17:08:18Z INFO [44/360] 1f289ff6-b9f0-459a-a585-8ee450c2a800: 28 groups (HDF5, 6.0 MB; 0.4 s; peak memory 298 MiB)
2026-09-14T17:08:19Z INFO [45/360] 21593019-4849-4371-903a-eb9dd29ec924: 32 groups (HDF5, 1.1 MB; 0.6 s; peak memory 298 MiB)
2026-09-14T17:08:23Z INFO [46/360] 2159317d-f07a-425b-8d3b-468ebae189c7: 170 groups (HDF5, 50.2 MB; 4.3 s; peak memory 298 MiB)
2026-09-14T17:32:15Z INFO [47/360] 22791d80-26dc-4495-b4c0-651fe10e3298: 577 groups (HDF5, 458941.4 MB; 1431.5 s; peak memory 1139 MiB)
2026-09-14T17:32:15Z INFO [48/360] 23044158-6417-448c-9358-a4c1d66f333e: 22 groups (HDF5, 84.1 MB; 0.6 s; peak memory 1139 MiB)
2026-09-14T17:32:16Z INFO [49/360] 23854ca3-a226-47d0-bbe7-3fa3d6206657: 35 groups (HDF5, 1.4 MB; 0.7 s; peak memory 1139 MiB)
2026-09-14T17:32:21Z INFO [50/360] 2414c868-0833-4231-811a-a8865eacc739: 143 groups (HDF5, 24.6 MB; 5.3 s; peak memory 1139 MiB)
2026-09-14T17:32:22Z INFO [51/360] 24552918-7024-421e-9ecc-f8a7420859bb: 32 groups (HDF5, 1.0 MB; 0.8 s; peak memory 1139 MiB)
2026-09-14T17:32:23Z INFO [52/360] 255814c3-3fa9-409d-9d36-dcbe289f57aa: 42 groups (HDF5, 17.6 MB; 0.7 s; peak memory 1139 MiB)
2026-09-14T17:32:23Z INFO [53/360] 25768fb0-2b66-4473-a9db-a5292e5704c2: 22 groups (HDF5, 84.1 MB; 0.5 s; peak memory 1139 MiB)
2026-09-14T17:32:24Z INFO [54/360] 25a8f55f-a923-42a0-9774-fe93c8dadb2d: 336 groups (HDF5, 56.4 MB; 1.0 s; peak memory 1139 MiB)
2026-09-14T17:32:25Z INFO [55/360] 25c852d6-47a7-4aec-888c-41dedd13e839: 35 groups (HDF5, 1.3 MB; 0.8 s; peak memory 1139 MiB)
2026-09-14T17:32:28Z INFO [56/360] 26d64e49-e814-492e-a00c-8db5299b5b2a: 78 groups (HDF5, 288.6 MB; 3.0 s; peak memory 1139 MiB)
2026-09-14T17:32:37Z INFO [57/360] 2769e163-a665-4fe2-85cb-48dc89c39780: 338 groups (HDF5, 76.5 MB; 9.5 s; peak memory 1139 MiB)
2026-09-14T17:32:41Z INFO [58/360] 279a62da-75be-4648-9b9b-82e096f01cc7: 85 groups (HDF5, 1034.2 MB; 3.4 s; peak memory 1139 MiB)
2026-09-14T17:32:43Z INFO [59/360] 2812d188-8555-4f85-b891-7febe8ac3ae7: 129 groups (HDF5, 19.5 MB; 2.5 s; peak memory 1139 MiB)
2026-09-14T17:32:49Z INFO [60/360] 29f9daac-6709-4ff5-99db-2d93dcb26da3: 80 groups (HDF5, 1339.8 MB; 5.9 s; peak memory 1139 MiB)
2026-09-14T17:32:50Z INFO [61/360] 2c0f0e7c-c3ff-465e-a609-eb74dc8d3566: 32 groups (HDF5, 1.2 MB; 0.6 s; peak memory 1139 MiB)
2026-09-14T17:32:50Z INFO [62/360] 2ce7c807-6b93-4fcd-922e-0d8bc3d4a062: 32 groups (HDF5, 1.4 MB; 0.6 s; peak memory 1139 MiB)
2026-09-14T17:32:51Z INFO [63/360] 2d4c63c2-e025-4116-bbe8-7cdba69c560a: 18 groups (HDF5, 0.2 MB; 0.4 s; peak memory 1139 MiB)
2026-09-14T17:32:51Z INFO [64/360] 2d60872c-c655-4992-b654-e636f2e90460: 35 groups (HDF5, 1.1 MB; 0.6 s; peak memory 1139 MiB)
2026-09-14T17:32:52Z INFO [65/360] 2dc5cdb9-630a-44ff-8420-fd13aec0f106: 33 groups (HDF5, 1.1 MB; 0.8 s; peak memory 1139 MiB)
2026-09-14T17:32:53Z INFO [66/360] 2def50d3-6db7-4517-b28c-73dd09e27e37: 22 groups (HDF5, 84.1 MB; 0.5 s; peak memory 1139 MiB)
2026-09-14T17:32:53Z INFO [67/360] 2e1e7860-a8b0-427e-9b38-f522dc812189: 32 groups (HDF5, 1.1 MB; 0.6 s; peak memory 1139 MiB)
2026-09-14T17:32:55Z INFO [68/360] 2e2c418e-e697-4920-9ebe-2ad2a95b4e0a: 57 groups (HDF5, 220.2 MB; 1.9 s; peak memory 1139 MiB)
2026-09-14T17:33:00Z INFO [69/360] 2f06ec02-b84d-4c8d-9091-0f543fbd7f90: 75 groups (HDF5, 4463.9 MB; 4.9 s; peak memory 1139 MiB)
2026-09-14T17:33:01Z INFO [70/360] 2fab750e-627a-4f38-b574-793b3e70d377: 32 groups (HDF5, 1.2 MB; 0.6 s; peak memory 1139 MiB)
2026-09-14T17:33:01Z INFO [71/360] 2fbd9c2b-d2b8-498a-ba47-7387684191b6: 32 groups (HDF5, 1.9 MB; 0.7 s; peak memory 1139 MiB)
2026-09-14T17:33:02Z INFO [72/360] 3050b6a1-3120-4bea-82b4-5ae4601ca9b2: 252 groups (HDF5, 1.2 MB; 0.5 s; peak memory 1139 MiB)
2026-09-14T17:33:02Z INFO [73/360] 31326c27-6d40-460d-ae40-0610b24d4f2e: 32 groups (HDF5, 1.4 MB; 0.6 s; peak memory 1139 MiB)
2026-09-14T17:33:03Z INFO [74/360] 3138a93a-b951-4a1a-9624-2b89517f8f2a: 31 groups (HDF5, 0.3 MB; 0.4 s; peak memory 1139 MiB)
2026-09-14T17:33:03Z INFO [75/360] 322fba6d-4b6c-4b8c-949b-d6ad5b0f62d4: 22 groups (HDF5, 84.1 MB; 0.5 s; peak memory 1139 MiB)
2026-09-14T17:33:04Z INFO [76/360] 32a1c4c5-3d01-44fe-aaeb-5332f1b9a36d: 31 groups (HDF5, 8.6 MB; 0.5 s; peak memory 1139 MiB)
2026-09-14T17:33:08Z INFO [77/360] 32d033f5-fdfc-4ecf-bebe-6526f3f79cd3: 61 groups (HDF5, 17540.8 MB; 4.3 s; peak memory 1139 MiB)
2026-09-14T17:33:09Z INFO [78/360] 32d1980a-e32f-4eca-91cf-789c7d58cd83: 35 groups (HDF5, 1.1 MB; 0.5 s; peak memory 1139 MiB)
2026-09-14T17:33:10Z INFO [79/360] 33251408-8a08-4401-b8d3-d580d8d8f529: 48 groups (HDF5, 191.4 MB; 1.3 s; peak memory 1139 MiB)
2026-09-14T17:33:10Z INFO [80/360] 3403dbbd-2c9b-40b9-95e6-e5f97cc440c6: 22 groups (HDF5, 84.1 MB; 0.4 s; peak memory 1139 MiB)
2026-09-14T17:33:11Z INFO [81/360] 347896b3-ff44-4dfd-9e65-e7d5d5be0a1b: 22 groups (HDF5, 84.1 MB; 0.5 s; peak memory 1139 MiB)
2026-09-14T17:33:11Z INFO [82/360] 3640ecaf-a1f1-48ff-aad4-35fc768880b5: 22 groups (HDF5, 84.1 MB; 0.4 s; peak memory 1139 MiB)
2026-09-14T17:33:13Z INFO [83/360] 3687d980-0ae1-4ecc-bee8-e1c557a305bc: 62 groups (HDF5, 6.1 MB; 1.3 s; peak memory 1139 MiB)
2026-09-14T17:33:13Z INFO [84/360] 3695dc83-1448-46bd-9c71-ca908cb05ca9: 32 groups (HDF5, 1.0 MB; 0.5 s; peak memory 1139 MiB)
2026-09-14T17:33:14Z INFO [85/360] 38008a8e-1c74-4ed9-a0f5-de15440c0a85: 50 groups (HDF5, 196.2 MB; 1.3 s; peak memory 1139 MiB)
2026-09-14T17:33:15Z INFO [86/360] 3859d469-6889-4fb1-b23f-a362d822d409: 33 groups (HDF5, 0.5 MB; 0.4 s; peak memory 1139 MiB)
2026-09-14T17:33:16Z INFO [87/360] 3941ac3c-00b4-4c2f-85c9-7d25a08b0e9b: 32 groups (HDF5, 1.5 MB; 0.7 s; peak memory 1139 MiB)
2026-09-14T17:33:17Z INFO [88/360] 39a2f8dd-5b98-4f62-935f-6bda3091d093: 54 groups (HDF5, 23.5 MB; 1.0 s; peak memory 1139 MiB)
2026-09-14T17:33:20Z INFO [89/360] 3a576e19-c5d0-4614-b1fb-f525b255e2eb: 181 groups (HDF5, 8.8 MB; 3.4 s; peak memory 1139 MiB)
2026-09-14T17:33:20Z INFO [90/360] 3b4b1821-8275-48a8-8694-d0f7d9772532: 22 groups (HDF5, 84.1 MB; 0.5 s; peak memory 1139 MiB)
2026-09-14T17:33:26Z INFO [91/360] 3be64d4d-1a72-4e35-82c1-facb0c3f36ee: 230 groups (HDF5, 50.9 MB; 5.6 s; peak memory 1139 MiB)
2026-09-14T17:33:27Z INFO [92/360] 3be85c13-7557-4d32-a198-2298d215b386: 22 groups (HDF5, 84.1 MB; 0.5 s; peak memory 1139 MiB)
2026-09-14T17:33:38Z INFO [93/360] 3da9f97f-9870-4016-abb8-2bc9869ceb6a: 23 groups (HDF5, 39121.4 MB; 11.1 s; peak memory 1139 MiB)
2026-09-14T18:00:26Z INFO [94/360] 3e43cde2-d3b7-46c9-9810-5cc3e8db7591: 265 groups (HDF5, 555717.5 MB; 1608.6 s; peak memory 1139 MiB)
2026-09-14T18:00:27Z INFO [95/360] 3ec50e0e-809e-4f0f-817a-5ae489d1bd9c: 22 groups (HDF5, 84.1 MB; 0.6 s; peak memory 1139 MiB)
2026-09-14T18:00:28Z INFO [96/360] 431ab026-884f-4e7a-b7ce-b2b1f7b75a29: 22 groups (HDF5, 84.1 MB; 0.6 s; peak memory 1139 MiB)
2026-09-14T18:00:29Z INFO [97/360] 44aefbe1-5b77-4b81-a1fa-abd35c322621: 197 groups (HDF5, 7.2 MB; 1.5 s; peak memory 1139 MiB)
2026-09-14T18:00:30Z INFO [98/360] 44b9d417-5b8b-42a8-90bc-4e2669237481: 254 groups (HDF5, 0.7 MB; 0.7 s; peak memory 1139 MiB)
2026-09-14T18:00:40Z INFO [99/360] 4520956a-182e-4550-892a-186deab049b9: 335 groups (HDF5, 94.7 MB; 10.6 s; peak memory 1139 MiB)
2026-09-14T18:00:41Z INFO [100/360] 455d72ce-8955-4b21-b1ac-7790ecdec3dc: 33 groups (HDF5, 0.8 MB; 0.6 s; peak memory 1139 MiB)
2026-09-14T18:00:41Z INFO [101/360] 457b311f-3a66-4c41-954c-23139a79d0de: 28 groups (HDF5, 4.0 MB; 0.6 s; peak memory 1139 MiB)
2026-09-14T18:00:43Z INFO [102/360] 45878d5f-7bbe-4b18-8540-e040ac375795: 50 groups (HDF5, 196.1 MB; 1.6 s; peak memory 1139 MiB)
2026-09-14T18:00:44Z INFO [103/360] 458825d1-2928-42f4-aa37-5abe5e94c335: 32 groups (HDF5, 1.3 MB; 0.7 s; peak memory 1139 MiB)
2026-09-14T18:00:46Z INFO [104/360] 45f8121e-c684-47bd-9fa6-47e99ee9e621: 47 groups (HDF5, 188.8 MB; 2.7 s; peak memory 1139 MiB)
2026-09-14T18:00:47Z INFO [105/360] 4653291b-08e0-4a9c-88ca-82780c8d5558: 32 groups (HDF5, 1.1 MB; 0.7 s; peak memory 1139 MiB)
2026-09-14T18:00:48Z INFO [106/360] 46a06fa4-aac6-48ec-9d16-115ef05eee3d: 27 groups (HDF5, 653.4 MB; 0.7 s; peak memory 1139 MiB)
2026-09-14T18:00:49Z INFO [107/360] 4721e1f7-e7e6-476e-961f-ac4f6cbf9e94: 32 groups (HDF5, 1.2 MB; 0.6 s; peak memory 1139 MiB)
2026-09-14T18:00:59Z INFO [108/360] 47b42088-d4db-4b7a-8ff7-5b0875aaadc4: 23 groups (HDF5, 35876.7 MB; 10.9 s; peak memory 1139 MiB)
2026-09-14T18:01:03Z INFO [109/360] 482052d7-e4f8-4125-8cc6-f2eb8ebfcf06: 184 groups (HDF5, 26.7 MB; 3.4 s; peak memory 1139 MiB)
2026-09-14T18:01:03Z INFO [110/360] 482ae8ee-94a1-446b-8745-041f3e45a8e6: 29 groups (HDF5, 10.0 MB; 0.5 s; peak memory 1139 MiB)
2026-09-14T18:01:04Z INFO [111/360] 48c08e2f-d64b-4b99-adaf-aff35dc56843: 27 groups (HDF5, 0.6 MB; 0.4 s; peak memory 1139 MiB)
2026-09-14T18:01:04Z INFO [112/360] 48fc35e7-57ab-43c8-9014-a42d5758b609: 22 groups (HDF5, 84.1 MB; 0.5 s; peak memory 1139 MiB)
2026-09-14T18:01:06Z INFO [113/360] 4a57cc52-4ccc-4b5b-b0c2-52ec65396058: 48 groups (HDF5, 68.6 MB; 1.6 s; peak memory 1139 MiB)
2026-09-14T18:01:06Z INFO [114/360] 4a5aaa15-7fef-4339-815b-c8f7af2394a3: 31 groups (HDF5, 0.3 MB; 0.5 s; peak memory 1139 MiB)
2026-09-14T18:01:07Z INFO [115/360] 4ac9493d-7eca-4bac-8d9b-db81e677e381: 261 groups (HDF5, 3.1 MB; 0.7 s; peak memory 1139 MiB)
2026-09-14T18:01:08Z INFO [116/360] 4acd9259-4bec-4c4b-b122-91a0216368a2: 67 groups (HDF5, 134.4 MB; 1.3 s; peak memory 1139 MiB)
2026-09-14T18:01:09Z INFO [117/360] 4b701ce6-3480-477b-90da-611b6df3a254: 33 groups (HDF5, 9.8 MB; 0.9 s; peak memory 1139 MiB)
2026-09-14T18:01:10Z INFO [118/360] 4b782f6e-baf5-47bb-b1cd-bbe06aea3df6: 35 groups (HDF5, 0.9 MB; 0.8 s; peak memory 1139 MiB)
2026-09-14T18:01:12Z INFO [119/360] 4c92032f-0372-48bd-81a2-5b943ae40965: 71 groups (HDF5, 8.1 MB; 1.6 s; peak memory 1139 MiB)
2026-09-14T18:01:12Z INFO [120/360] 4cf8b42b-ead2-4276-a2b8-359edb6555a4: 32 groups (HDF5, 1.3 MB; 0.7 s; peak memory 1139 MiB)
2026-09-14T18:01:13Z INFO [121/360] 4e491a58-447c-444a-817f-66e5851f2e51: 32 groups (HDF5, 1.1 MB; 0.8 s; peak memory 1139 MiB)
2026-09-14T18:01:14Z INFO [122/360] 4e5c8810-e8f9-495b-86b4-ff1750ac6274: 32 groups (HDF5, 0.9 MB; 0.6 s; peak memory 1139 MiB)
2026-09-14T18:01:15Z INFO [123/360] 4e5e8ae4-ae37-4948-a2ed-6d1ac77cb300: 204 groups (HDF5, 2.0 MB; 1.0 s; peak memory 1139 MiB)
2026-09-14T18:01:20Z INFO [124/360] 4e82a9c5-083a-48c9-9c35-57e4f20c8e68: 213 groups (HDF5, 45.1 MB; 5.7 s; peak memory 1139 MiB)
2026-09-14T18:01:21Z INFO [125/360] 4ea04fb4-229e-4002-8bda-b65d664aff7d: 22 groups (HDF5, 84.1 MB; 0.6 s; peak memory 1139 MiB)
2026-09-14T18:01:22Z INFO [126/360] 4ecafa50-3342-4d61-8e6b-796b436d339f: 22 groups (HDF5, 84.1 MB; 0.6 s; peak memory 1139 MiB)
2026-09-14T18:01:24Z INFO [127/360] 4edba5ef-989d-475b-b167-dd7ddf5152ff: 75 groups (HDF5, 822.6 MB; 2.9 s; peak memory 1139 MiB)
2026-09-14T18:01:26Z INFO [128/360] 51d5dda7-fbec-46ee-af27-571db8d613ea: 207 groups (HDF5, 201.2 MB; 1.3 s; peak memory 1139 MiB)
2026-09-14T18:01:26Z INFO [129/360] 51e91e3a-1ca6-445b-949a-d477832c5f6f: 35 groups (HDF5, 1.3 MB; 0.7 s; peak memory 1139 MiB)
2026-09-14T18:01:35Z INFO [130/360] 52c2dd63-4c59-4aba-87cf-4049670cb6b5: 215 groups (HDF5, 1382.1 MB; 9.1 s; peak memory 1139 MiB)
2026-09-14T18:01:36Z INFO [131/360] 5389db3c-646f-44c1-87f6-3c52016c2b1f: 25 groups (HDF5, 11.0 MB; 0.6 s; peak memory 1139 MiB)
2026-09-14T18:01:44Z INFO [132/360] 54215946-8780-407b-be45-b1fa31fe1a2d: 310 groups (HDF5, 72.9 MB; 7.7 s; peak memory 1139 MiB)
2026-09-14T18:01:44Z INFO [133/360] 54e2763f-4c6c-40e0-9664-8abaf4d4941a: 22 groups (HDF5, 84.1 MB; 0.6 s; peak memory 1139 MiB)
2026-09-14T18:01:46Z INFO [134/360] 54f3e367-4ff6-4565-91e7-abef6d593cc8: 45 groups (HDF5, 351.8 MB; 1.6 s; peak memory 1139 MiB)
2026-09-14T18:01:47Z INFO [135/360] 555476e7-ede2-4c58-85d5-5ee103975348: 32 groups (HDF5, 1.4 MB; 0.8 s; peak memory 1139 MiB)
2026-09-14T18:01:52Z INFO [136/360] 558c4ff4-f843-4610-ad49-b54a4e975589: 175 groups (HDF5, 42.5 MB; 5.4 s; peak memory 1139 MiB)
2026-09-14T18:01:53Z INFO [137/360] 55de6c2e-9bfa-49b6-aca9-798587fce9a9: 29 groups (HDF5, 3964.6 MB; 0.7 s; peak memory 1139 MiB)
2026-09-14T18:01:53Z INFO [138/360] 560887c8-e14e-4bd1-9606-0bb1933ddfe4: 32 groups (HDF5, 1.0 MB; 0.5 s; peak memory 1139 MiB)
2026-09-14T18:01:54Z INFO [139/360] 5622063e-0b11-48e3-9077-a754aeb0906c: 32 groups (HDF5, 1.0 MB; 0.7 s; peak memory 1139 MiB)
2026-09-14T18:01:55Z INFO [140/360] 5633c5cc-c61a-435b-a5ff-faef0067a43d: 32 groups (HDF5, 1.0 MB; 0.7 s; peak memory 1139 MiB)
2026-09-14T18:02:07Z INFO [141/360] 56c31f92-42e0-4e3f-a1f9-7b6efc5fb880: 23 groups (HDF5, 42390.8 MB; 12.3 s; peak memory 1139 MiB)
2026-09-14T18:02:08Z INFO [142/360] 57098a78-6aa7-43f8-8518-20aa719192be: 32 groups (HDF5, 0.5 MB; 0.5 s; peak memory 1139 MiB)
2026-09-14T18:02:08Z INFO [143/360] 572decef-f508-4943-b837-003ad3ed4bca: 35 groups (HDF5, 1.1 MB; 0.7 s; peak memory 1139 MiB)
2026-09-14T18:02:09Z INFO [144/360] 578c00d1-17ab-4aa9-ae7b-ca71452c7edb: 70 groups (HDF5, 1005.5 MB; 0.8 s; peak memory 1139 MiB)
2026-09-14T18:02:10Z INFO [145/360] 59945fbe-1db4-4b82-980d-9289b0766a92: 22 groups (HDF5, 84.1 MB; 0.5 s; peak memory 1139 MiB)
2026-09-14T18:02:10Z INFO [146/360] 5a0a0bb1-cdcd-4a0a-9f9f-19584d8cbd65: 22 groups (HDF5, 84.1 MB; 0.5 s; peak memory 1139 MiB)
2026-09-14T18:02:11Z INFO [147/360] 5afa5bb0-015e-41ac-9d75-5719015ec401: 22 groups (HDF5, 84.1 MB; 0.5 s; peak memory 1139 MiB)
2026-09-14T18:02:11Z INFO [148/360] 5ebdea85-7ce3-40c4-abfc-90817ee8512e: 32 groups (HDF5, 1.3 MB; 0.6 s; peak memory 1139 MiB)
2026-09-14T18:02:12Z INFO [149/360] 5edcf8d3-a097-4d63-aafa-212a345d2eaf: 32 groups (HDF5, 0.9 MB; 0.6 s; peak memory 1139 MiB)
2026-09-14T18:02:22Z INFO [150/360] 5f1f66bc-4f07-4ccd-8667-20cc70d1674a: 23 groups (HDF5, 40663.3 MB; 10.6 s; peak memory 1139 MiB)
2026-09-14T18:02:29Z INFO [151/360] 5f626525-4e2f-45fd-86e6-092b1a664265: 214 groups (HDF5, 53.3 MB; 6.2 s; peak memory 1139 MiB)
2026-09-14T18:02:29Z INFO [152/360] 6024b478-ef50-46b3-a967-f0e2e237c2bd: 22 groups (HDF5, 84.1 MB; 0.5 s; peak memory 1139 MiB)
2026-09-14T18:02:30Z INFO [153/360] 6098d540-aa64-42c7-b60b-b41978fc1e2f: 35 groups (HDF5, 2.2 MB; 0.8 s; peak memory 1139 MiB)
2026-09-14T18:02:30Z INFO [154/360] 619e9b7b-eb64-4b85-bb45-1699c718dab4: 35 groups (HDF5, 1.4 MB; 0.7 s; peak memory 1139 MiB)
2026-09-14T18:02:31Z INFO [155/360] 633bfaba-b6d7-4c26-b815-0d0e92679ba9: 22 groups (HDF5, 84.1 MB; 0.5 s; peak memory 1139 MiB)
2026-09-14T18:02:31Z INFO [156/360] 64ee14aa-c2f8-498d-85c6-ec4c02e31d7e: 26 groups (HDF5, 0.2 MB; 0.5 s; peak memory 1139 MiB)
2026-09-14T18:02:32Z INFO [157/360] 6551634f-b7d9-4e61-9cb1-877025ca8a7b: 335 groups (HDF5, 3.4 MB; 0.7 s; peak memory 1139 MiB)
2026-09-14T18:02:33Z INFO [158/360] 65e1a992-8e01-4c6d-a77b-e5c56b972793: 32 groups (HDF5, 1.3 MB; 0.6 s; peak memory 1139 MiB)
2026-09-14T18:02:34Z INFO [159/360] 66bd65de-d4ce-4648-b2ca-eedf89c633d9: 48 groups (HDF5, 191.4 MB; 1.3 s; peak memory 1139 MiB)
2026-09-14T18:02:35Z INFO [160/360] 69435d5d-a43b-4e48-83ee-2dd4b93b69d2: 22 groups (HDF5, 84.1 MB; 0.5 s; peak memory 1139 MiB)
2026-09-14T18:02:35Z INFO [161/360] 697d42cf-eeed-42bd-85b0-fb2d48085fa0: 22 groups (HDF5, 84.1 MB; 0.5 s; peak memory 1139 MiB)
2026-09-14T18:02:36Z INFO [162/360] 698f895d-0c6d-432c-be62-c2af937b2728: 22 groups (HDF5, 84.1 MB; 0.5 s; peak memory 1139 MiB)
2026-09-14T18:02:36Z INFO [163/360] 69df6d10-b852-452a-acd7-240528b2b8de: 28 groups (HDF5, 1.5 MB; 0.4 s; peak memory 1139 MiB)
2026-09-14T18:02:37Z INFO [164/360] 6ce4db3f-5f1b-400d-a396-230f1cf3a192: 48 groups (HDF5, 66.8 MB; 1.0 s; peak memory 1139 MiB)
2026-09-14T18:02:38Z INFO [165/360] 6d0ceb32-127f-4717-994b-177a2730a219: 32 groups (HDF5, 0.9 MB; 0.7 s; peak memory 1139 MiB)
2026-09-14T18:02:38Z INFO [166/360] 6d86c839-2f4c-43b2-a54d-5228a0cfad7f: 206 groups (HDF5, 3.0 MB; 0.8 s; peak memory 1139 MiB)
2026-09-14T18:02:40Z INFO [167/360] 6ea24877-47df-4ae7-aa85-0bbc4e46228d: 49 groups (HDF5, 676.2 MB; 1.5 s; peak memory 1139 MiB)
2026-09-14T18:02:42Z INFO [168/360] 6ef61d55-3f3a-4749-b8ce-54db469e918f: 30 groups (HDF5, 35.0 MB; 1.8 s; peak memory 1139 MiB)
2026-09-14T18:02:46Z INFO [169/360] 6fdf9ced-0f66-4e5b-959f-7bc265a65b66: 66 groups (HDF5, 728.9 MB; 3.9 s; peak memory 1139 MiB)
2026-09-14T18:02:48Z INFO [170/360] 701d7cde-fa7b-4ac4-af33-a137f3b089ab: 123 groups (HDF5, 16.3 MB; 2.0 s; peak memory 1139 MiB)
2026-09-14T18:02:48Z INFO [171/360] 7051e670-0429-4fc6-b8c8-2c6e1ed3a76f: 22 groups (HDF5, 84.1 MB; 0.4 s; peak memory 1139 MiB)
2026-09-14T18:02:49Z INFO [172/360] 715bb6dc-c803-4a14-9483-9fbb8fd9682f: 22 groups (HDF5, 84.1 MB; 0.4 s; peak memory 1139 MiB)
2026-09-14T18:02:49Z INFO [173/360] 716d568a-338e-4a8f-95b0-6894dedce4a3: 48 groups (HDF5, 6.0 MB; 0.8 s; peak memory 1139 MiB)
2026-09-14T18:02:50Z INFO [174/360] 71c458f7-d946-48de-9379-55418db26d73: 18 groups (HDF5, 0.2 MB; 0.3 s; peak memory 1139 MiB)
2026-09-14T18:02:50Z INFO [175/360] 71ea6405-2634-4259-b4e6-280f5a809ffb: 32 groups (HDF5, 1.6 MB; 0.7 s; peak memory 1139 MiB)
2026-09-14T18:05:00Z INFO [176/360] 7345ace1-f1cc-4489-afa3-4ff10f2c48d6: 81 groups (HDF5, 39508.8 MB; 130.0 s; peak memory 1139 MiB)
2026-09-14T18:05:01Z INFO [177/360] 737157b0-a675-494b-945e-2f87d6eb795b: 25 groups (HDF5, 12.3 MB; 0.6 s; peak memory 1139 MiB)
2026-09-14T18:05:02Z INFO [178/360] 7389d6ac-4866-4cb1-909d-4e56061f9c2f: 194 groups (HDF5, 1.3 MB; 0.9 s; peak memory 1139 MiB)
2026-09-14T18:05:03Z INFO [179/360] 73c2e65e-fc5f-431a-b378-d634eecdd036: 17 groups (HDF5, 36.8 MB; 1.3 s; peak memory 1139 MiB)
2026-09-14T18:05:04Z INFO [180/360] 74dc9670-c997-46f6-a055-86d6f17186ce: 22 groups (HDF5, 84.1 MB; 0.5 s; peak memory 1139 MiB)
2026-09-14T18:05:04Z INFO [181/360] 760ef5db-3000-4363-b7f2-0e630fdb3aff: 35 groups (HDF5, 1.0 MB; 0.7 s; peak memory 1139 MiB)
2026-09-14T18:05:05Z INFO [182/360] 761e371b-f0b1-49b6-b625-cc1d1ba56a9e: 29 groups (HDF5, 3868.3 MB; 0.7 s; peak memory 1139 MiB)
2026-09-14T18:05:08Z INFO [183/360] 784a1cef-1d2f-4a76-aec7-3dd4e3d49783: 105 groups (HDF5, 58.1 MB; 2.8 s; peak memory 1139 MiB)
2026-09-14T18:05:08Z INFO [184/360] 786d8d6d-14b4-476b-af58-9d778ebff075: 31 groups (HDF5, 8.6 MB; 0.5 s; peak memory 1139 MiB)
2026-09-14T18:05:09Z INFO [185/360] 789d561b-fe83-444c-8349-5c4a607537be: 35 groups (HDF5, 1.7 MB; 0.8 s; peak memory 1139 MiB)
2026-09-14T18:05:10Z INFO [186/360] 78a06818-3736-4fcc-92a2-fa02a0eae077: 33 groups (HDF5, 9.2 MB; 0.9 s; peak memory 1139 MiB)
2026-09-14T18:05:11Z INFO [187/360] 78d5f200-6c95-4843-9c1e-8ede7f77f5bf: 34 groups (HDF5, 272.9 MB; 0.7 s; peak memory 1139 MiB)
2026-09-14T18:05:12Z INFO [188/360] 79dd8536-e20c-45d5-a9a3-9527faf0094c: 336 groups (HDF5, 226.4 MB; 1.4 s; peak memory 1139 MiB)
2026-09-14T18:05:13Z INFO [189/360] 7ad2c9a3-1750-45a9-8b2c-65b8fa5c6e65: 32 groups (HDF5, 1.0 MB; 0.7 s; peak memory 1139 MiB)
2026-09-14T18:05:16Z INFO [190/360] 7b37519c-429c-464b-99b0-74890ed44d01: 20 groups (HDF5, 87.0 MB; 3.1 s; peak memory 1139 MiB)
2026-09-14T18:05:17Z INFO [191/360] 7c658a03-bd3e-492d-8d3f-161109a92244: 35 groups (HDF5, 0.6 MB; 0.5 s; peak memory 1139 MiB)
2026-09-14T18:05:17Z INFO [192/360] 7caa9662-a13e-4567-8883-adcea0ffb62a: 22 groups (HDF5, 84.1 MB; 0.5 s; peak memory 1139 MiB)
2026-09-14T18:05:18Z INFO [193/360] 7de0af2e-bc90-4500-a9a4-5885c60200dc: 63 groups (HDF5, 4.3 MB; 1.2 s; peak memory 1139 MiB)
2026-09-14T18:05:19Z INFO [194/360] 7f927eae-f45e-4dfc-b104-1c059d30a183: 22 groups (HDF5, 84.1 MB; 0.5 s; peak memory 1139 MiB)
2026-09-14T18:05:19Z INFO [195/360] 809fc60e-9223-4fda-94fd-41fd924af974: 42 groups (HDF5, 216.3 MB; 0.5 s; peak memory 1139 MiB)
2026-09-14T18:05:20Z INFO [196/360] 80e4972f-64ca-4211-a0a7-29645a6e548b: 32 groups (HDF5, 1.0 MB; 0.6 s; peak memory 1139 MiB)
2026-09-14T18:05:21Z INFO [197/360] 81cfdfd7-c855-4591-a9b5-9267b32709c2: 48 groups (HDF5, 188.0 MB; 1.2 s; peak memory 1139 MiB)
2026-09-14T18:05:23Z INFO [198/360] 81eab401-0ec4-433d-bb22-3b79d5ae1aa3: 106 groups (HDF5, 14.6 MB; 2.1 s; peak memory 1139 MiB)
2026-09-14T18:05:24Z INFO [199/360] 82264ea1-53eb-4e56-93b0-ae4a9cfce3a5: 25 groups (HDF5, 10.3 MB; 0.5 s; peak memory 1139 MiB)
2026-09-14T18:05:24Z INFO [200/360] 835975d3-f0af-4643-b720-363846dfa5f8: 32 groups (HDF5, 1.0 MB; 0.8 s; peak memory 1139 MiB)
2026-09-14T18:05:25Z INFO [201/360] 85a3c39e-e9ca-4b33-bbf6-6cb39d298100: 24 groups (HDF5, 3.7 MB; 0.6 s; peak memory 1139 MiB)
2026-09-14T18:05:26Z INFO [202/360] 85a9d8cf-2eef-464e-a379-47ca7c63c9e9: 336 groups (HDF5, 3.9 MB; 0.7 s; peak memory 1139 MiB)
2026-09-14T18:05:30Z INFO [203/360] 85f85747-4e1c-415b-9cda-3a5baf4ad0aa: 248 groups (HDF5, 38.2 MB; 4.3 s; peak memory 1139 MiB)
2026-09-14T18:05:34Z INFO [204/360] 86e4a590-32e3-4ae9-80bf-658654497c58: 181 groups (HDF5, 9.5 MB; 3.8 s; peak memory 1139 MiB)
2026-09-14T18:05:35Z INFO [205/360] 872a98e3-8f3a-427e-a15c-9fc38657451f: 49 groups (HDF5, 19.0 MB; 0.9 s; peak memory 1139 MiB)
2026-09-14T18:05:36Z INFO [206/360] 878f6193-4188-4ca8-85ea-57b22dbeb423: 34 groups (HDF5, 2703.3 MB; 1.1 s; peak memory 1139 MiB)
2026-09-14T18:05:36Z INFO [207/360] 87ccca0a-f8db-4f83-acf3-6e6a9e1ae412: 22 groups (HDF5, 84.1 MB; 0.5 s; peak memory 1139 MiB)
2026-09-14T18:07:43Z INFO [208/360] 88d1217c-f16a-4b3c-80d2-3df30b4525f8: 72 groups (HDF5, 39547.7 MB; 126.3 s; peak memory 1139 MiB)
2026-09-14T18:07:43Z INFO [209/360] 88ee9464-99ad-4091-b5ee-cb820c64ee45: 32 groups (HDF5, 1.1 MB; 0.6 s; peak memory 1139 MiB)
2026-09-14T18:07:44Z INFO [210/360] 895b0c74-43a8-4bb8-bb96-53c15244395c: 33 groups (HDF5, 1.6 MB; 0.7 s; peak memory 1139 MiB)
2026-09-14T18:07:45Z INFO [211/360] 8a72c2b1-bca3-4e3e-b541-db69c54f404d: 36 groups (HDF5, 4630.6 MB; 0.8 s; peak memory 1139 MiB)
2026-09-14T18:07:45Z INFO [212/360] 8b462b87-e8f5-48fa-918c-2db7dd732410: 33 groups (HDF5, 1.1 MB; 0.6 s; peak memory 1139 MiB)
2026-09-14T18:07:53Z INFO [213/360] 8ba7ebf0-d6c3-44af-b4d9-763108528cc7: 187 groups (HDF5, 47.7 MB; 7.6 s; peak memory 1139 MiB)
2026-09-14T18:07:54Z INFO [214/360] 8bb24406-f9dd-42d1-bea3-2486d61f4384: 32 groups (HDF5, 0.6 MB; 0.5 s; peak memory 1139 MiB)
2026-09-14T18:07:54Z INFO [215/360] 8d1396e2-9ebc-45f2-b3a6-e20699ef5435: 22 groups (HDF5, 84.1 MB; 0.5 s; peak memory 1139 MiB)
2026-09-14T18:07:55Z INFO [216/360] 8ddbd622-81ec-4851-a688-81a3eb651a2b: 22 groups (HDF5, 84.1 MB; 0.5 s; peak memory 1139 MiB)
2026-09-14T18:07:55Z INFO [217/360] 8ebdab32-66fc-462a-80b7-62dee91b4470: 32 groups (HDF5, 1.6 MB; 0.7 s; peak memory 1139 MiB)
2026-09-14T18:07:56Z INFO [218/360] 8ef8afed-e068-49c6-a1f6-76e6e07d786e: 252 groups (HDF5, 1.1 MB; 0.6 s; peak memory 1139 MiB)
2026-09-14T18:07:56Z INFO [219/360] 8faf5341-699e-4d46-ad17-a3dfab64f6fe: 22 groups (HDF5, 84.1 MB; 0.5 s; peak memory 1139 MiB)
2026-09-14T18:07:58Z INFO [220/360] 8fb16079-2659-480d-a41c-41f02592d7c4: 50 groups (HDF5, 196.1 MB; 1.4 s; peak memory 1139 MiB)
2026-09-14T18:07:59Z INFO [221/360] 9015068c-9950-4b7c-90bb-79966f04916d: 32 groups (HDF5, 1.8 MB; 0.9 s; peak memory 1139 MiB)
2026-09-14T18:08:00Z INFO [222/360] 912fe680-8d26-4590-b98c-08fb48c76097: 50 groups (HDF5, 196.2 MB; 1.6 s; peak memory 1139 MiB)
2026-09-14T18:08:01Z INFO [223/360] 918eb73c-1e46-412e-b50a-083376c82cd7: 35 groups (HDF5, 1.5 MB; 0.9 s; peak memory 1139 MiB)
2026-09-14T18:08:01Z INFO [224/360] 93ab077c-f123-4ff0-ba71-c1448629eb6a: 25 groups (HDF5, 0.2 MB; 0.4 s; peak memory 1139 MiB)
2026-09-14T18:08:03Z INFO [225/360] 940fc7c6-e152-422e-9eb3-cb483e3b5efa: 48 groups (HDF5, 191.4 MB; 1.4 s; peak memory 1139 MiB)
2026-09-14T18:08:03Z INFO [226/360] 966bbe6f-a8fb-4a8f-9472-7f81ec6e7dc7: 22 groups (HDF5, 84.1 MB; 0.5 s; peak memory 1139 MiB)
2026-09-14T18:08:04Z INFO [227/360] 97ba8953-380b-454b-a071-eaf7b68bb6f5: 21 groups (HDF5, 11.2 MB; 0.7 s; peak memory 1139 MiB)
2026-09-14T18:08:06Z INFO [228/360] 9906724d-eb6c-4646-ae81-5514a630d8f8: 56 groups (HDF5, 11.6 MB; 1.8 s; peak memory 1139 MiB)
2026-09-14T18:08:07Z INFO [229/360] 99b04e91-6457-4891-9131-56ef887cbbed: 338 groups (HDF5, 1.9 MB; 1.0 s; peak memory 1139 MiB)
2026-09-14T18:08:08Z INFO [230/360] 99cc55ee-dcf3-47cc-bcaa-24a730f21391: 42 groups (HDF5, 17.6 MB; 0.9 s; peak memory 1139 MiB)
2026-09-14T18:08:08Z INFO [231/360] 99df695e-1949-4645-8c79-007a21320d5d: 32 groups (HDF5, 1.2 MB; 0.7 s; peak memory 1139 MiB)
2026-09-14T18:08:28Z INFO [232/360] 9b75ffc6-39a7-4a20-8e0c-aa4b5a1ed2a1: 27 groups (HDF5, 1781.0 MB; 20.1 s; peak memory 1139 MiB)
2026-09-14T18:08:29Z INFO [233/360] 9ccb179b-59c7-4b58-a1e0-4c3abdb74ec8: 18 groups (HDF5, 0.2 MB; 0.3 s; peak memory 1139 MiB)
2026-09-14T18:08:29Z INFO [234/360] 9ed7a595-da63-47d0-9b82-42148faa3751: 30 groups (HDF5, 0.6 MB; 0.6 s; peak memory 1139 MiB)
2026-09-14T18:08:30Z INFO [235/360] 9ef7ef79-c134-4d36-b243-add5973b258f: 22 groups (HDF5, 84.1 MB; 0.6 s; peak memory 1139 MiB)
2026-09-14T18:08:31Z INFO [236/360] 9f801042-ea4c-443e-9ca3-f6a48ac091aa: 201 groups (HDF5, 1.4 MB; 0.6 s; peak memory 1139 MiB)
2026-09-14T18:08:31Z INFO [237/360] 9f9d3d97-808b-403c-8f15-929cad22888e: 253 groups (HDF5, 0.7 MB; 0.6 s; peak memory 1139 MiB)
2026-09-14T18:08:42Z INFO [238/360] a0660681-cd06-436b-a235-d63bffd64bc8: 23 groups (HDF5, 39315.5 MB; 11.2 s; peak memory 1139 MiB)
2026-09-14T18:08:43Z INFO [239/360] a0fc8c3f-bb59-4127-aab4-d38d7d4e4b27: 203 groups (HDF5, 18.3 MB; 0.8 s; peak memory 1139 MiB)
2026-09-14T18:08:44Z INFO [240/360] a1766a46-d9ab-453c-abe9-d167a20d3b14: 32 groups (HDF5, 1.1 MB; 0.6 s; peak memory 1139 MiB)
2026-09-14T18:08:44Z INFO [241/360] a3b49660-1021-4b4c-b7f5-5afb17dec3e9: 32 groups (HDF5, 1.5 MB; 0.6 s; peak memory 1139 MiB)
2026-09-14T18:08:45Z INFO [242/360] a418dfb8-f16e-4d7d-ae1a-c5439fd907b8: 26 groups (HDF5, 0.2 MB; 0.3 s; peak memory 1139 MiB)
2026-09-14T18:08:47Z INFO [243/360] a4dd5bfb-c984-4e1e-b496-19069551f015: 54 groups (HDF5, 42.8 MB; 2.4 s; peak memory 1139 MiB)
2026-09-14T18:08:48Z INFO [244/360] a4f92bbe-f5d5-4d24-b325-f9ca310aa478: 29 groups (HDF5, 7931.3 MB; 0.8 s; peak memory 1139 MiB)
2026-09-14T18:08:48Z INFO [245/360] a563b96c-8738-481b-98e9-68dfe3059f75: 32 groups (HDF5, 0.8 MB; 0.5 s; peak memory 1139 MiB)
2026-09-14T18:08:49Z INFO [246/360] a7642c42-8a89-497e-961a-ff877ea7d015: 31 groups (HDF5, 0.2 MB; 0.3 s; peak memory 1139 MiB)
2026-09-14T18:08:49Z INFO [247/360] a7776508-d824-450e-83f8-0e78fc6a6ba2: 32 groups (HDF5, 1.2 MB; 0.7 s; peak memory 1139 MiB)
2026-09-14T18:08:50Z INFO [248/360] a87bdad2-6f24-4b62-a7a6-17031445bb9c: 22 groups (HDF5, 84.1 MB; 0.5 s; peak memory 1139 MiB)
2026-09-14T18:08:51Z INFO [249/360] a99e5057-ab74-42c5-9685-9c5d85f2934c: 31 groups (HDF5, 43.9 MB; 0.8 s; peak memory 1139 MiB)
2026-09-14T18:08:54Z INFO [250/360] aae10b03-5d9c-4bc0-920d-5dd19203157b: 245 groups (HDF5, 33.8 MB; 3.6 s; peak memory 1139 MiB)
2026-09-14T18:08:56Z INFO [251/360] aaf745ba-bcda-4494-adbb-24f0662c8b78: 108 groups (HDF5, 15.0 MB; 2.1 s; peak memory 1139 MiB)
2026-09-14T18:08:57Z INFO [252/360] abdcfca2-fd34-4727-a81f-2990fcf4d79e: 35 groups (HDF5, 212.9 MB; 1.1 s; peak memory 1139 MiB)
2026-09-14T18:08:58Z INFO [253/360] ac0d29b8-1cd1-4a84-ab6e-1735535aa517: 22 groups (HDF5, 84.1 MB; 0.5 s; peak memory 1139 MiB)
2026-09-14T18:09:03Z INFO [254/360] ac3d057e-c5d3-4c85-a944-4e8ac3d9d545: 60 groups (HDF5, 52.8 MB; 4.7 s; peak memory 1139 MiB)
2026-09-14T18:09:03Z INFO [255/360] ac40848d-cc82-4d6e-b7bd-09d6d14a65da: 194 groups (HDF5, 27.8 MB; 0.8 s; peak memory 1139 MiB)
2026-09-14T18:09:05Z INFO [256/360] acc93d46-45a1-4dd2-a929-1ac68035d8da: 34 groups (HDF5, 4185.5 MB; 1.6 s; peak memory 1139 MiB)
2026-09-14T18:09:06Z INFO [257/360] acf5534a-4f53-44f7-bc79-fe637498eaee: 42 groups (HDF5, 17.6 MB; 0.7 s; peak memory 1139 MiB)
2026-09-14T18:09:06Z INFO [258/360] ad9c4082-36ff-4dd7-8c3c-9ef0f4e219b2: 35 groups (HDF5, 1.7 MB; 0.8 s; peak memory 1139 MiB)
2026-09-14T18:09:07Z INFO [259/360] ade504e5-c4e5-4dc3-8b71-035911996934: 32 groups (HDF5, 1.0 MB; 0.5 s; peak memory 1139 MiB)
2026-09-14T18:09:12Z INFO [260/360] af822fa8-c8b4-40ea-bf51-aff8da2f7599: 84 groups (HDF5, 512.5 MB; 4.6 s; peak memory 1139 MiB)
2026-09-14T18:09:19Z INFO [261/360] b162749c-bd69-48a1-b405-efec441bfe12: 153 groups (HDF5, 1056.7 MB; 7.4 s; peak memory 1139 MiB)
2026-09-14T18:09:26Z INFO [262/360] b2607aba-9380-4239-940c-6288f2846c74: 112 groups (HDF5, 79611.9 MB; 7.3 s; peak memory 1139 MiB)
2026-09-14T18:09:27Z INFO [263/360] b27a532f-b4dd-4df4-a432-0d66cf780583: 32 groups (HDF5, 1.2 MB; 0.6 s; peak memory 1139 MiB)
2026-09-14T18:09:28Z INFO [264/360] b2c2813e-645c-474f-87d0-42c23024365b: 200 groups (HDF5, 275.3 MB; 1.1 s; peak memory 1139 MiB)
2026-09-14T18:09:29Z INFO [265/360] b2fa7b89-61ae-4447-a509-36e964ac6770: 32 groups (HDF5, 720.0 MB; 0.9 s; peak memory 1139 MiB)
2026-09-14T18:09:29Z INFO [266/360] b33fe3dc-1894-4ff7-825b-a874e3cf5e78: 32 groups (HDF5, 1.1 MB; 0.6 s; peak memory 1139 MiB)
2026-09-14T18:09:30Z INFO [267/360] b3b6c8da-845d-4064-9e04-3f16169c0cea: 22 groups (HDF5, 84.1 MB; 0.4 s; peak memory 1139 MiB)
2026-09-14T18:09:37Z INFO [268/360] b4c404fa-721f-4b9d-af68-e969e10088a7: 755 groups (HDF5, 31.1 MB; 7.0 s; peak memory 1139 MiB)
2026-09-14T18:09:51Z INFO [269/360] b63526ae-4d2b-4d4b-9cfb-066fb91e6b0a: 3884 groups (HDF5, 87.6 MB; 14.4 s; peak memory 1139 MiB)
2026-09-14T18:09:52Z INFO [270/360] b63e665a-32db-42e4-9883-faca6219fb95: 31 groups (HDF5, 8.6 MB; 0.4 s; peak memory 1139 MiB)
2026-09-14T18:09:52Z INFO [271/360] b669a2a7-9e55-4e37-b0bf-18c2b6943393: 25 groups (HDF5, 22.0 MB; 0.5 s; peak memory 1139 MiB)
2026-09-14T18:09:53Z INFO [272/360] b77344d8-5974-4159-b479-0c37abe4c0e9: 28 groups (HDF5, 1.7 MB; 0.4 s; peak memory 1139 MiB)
2026-09-14T18:09:53Z INFO [273/360] b7e1cb52-54f2-40a7-bf1a-338a899595aa: 32 groups (HDF5, 0.6 MB; 0.5 s; peak memory 1139 MiB)
2026-09-14T18:09:54Z INFO [274/360] b917e713-3fec-468e-8a00-67805d62c4c2: 48 groups (HDF5, 191.4 MB; 1.2 s; peak memory 1139 MiB)
2026-09-14T18:09:56Z INFO [275/360] b918f9b0-c195-4441-ac9c-59530730385c: 204 groups (HDF5, 14.8 MB; 1.8 s; peak memory 1139 MiB)
2026-09-14T18:10:01Z INFO [276/360] b9b117f5-9173-4165-b2ef-cb23c5d9c815: 346 groups (HDF5, 46.1 MB; 5.0 s; peak memory 1139 MiB)
2026-09-14T18:10:02Z INFO [277/360] bc48122e-26a5-4491-bd4e-8891a73ac391: 33 groups (HDF5, 12.8 MB; 0.5 s; peak memory 1139 MiB)
2026-09-14T18:10:07Z INFO [278/360] bd24ed65-2cda-406f-b0c1-aa69213dbe6e: 63 groups (HDF5, 20344.3 MB; 5.5 s; peak memory 1139 MiB)
2026-09-14T18:10:12Z INFO [279/360] bd31cb0c-3a39-49f1-97fa-9e93912ef72a: 289 groups (HDF5, 37.3 MB; 4.3 s; peak memory 1139 MiB)
2026-09-14T18:10:12Z INFO [280/360] bd655050-8218-4593-a0cf-4543d3d50f84: 22 groups (HDF5, 84.1 MB; 0.5 s; peak memory 1139 MiB)
2026-09-14T18:10:13Z INFO [281/360] be46a3c0-39bc-46aa-8f92-c99ff93b21d8: 32 groups (HDF5, 1.1 MB; 0.6 s; peak memory 1139 MiB)
2026-09-14T18:10:13Z INFO [282/360] bf04388c-5c58-486e-a738-333e1a04039a: 22 groups (HDF5, 84.1 MB; 0.5 s; peak memory 1139 MiB)
2026-09-14T18:10:15Z INFO [283/360] bf4b34cd-c9fd-4e38-94c1-3dc4689cb6de: 48 groups (HDF5, 188.7 MB; 1.4 s; peak memory 1139 MiB)
2026-09-14T18:10:17Z INFO [284/360] c048358f-77ec-4d3c-b27f-adfe8caf6c97: 175 groups (HDF5, 22.3 MB; 2.6 s; peak memory 1139 MiB)
2026-09-14T18:10:19Z INFO [285/360] c1f586f0-02d1-4bce-923f-fe44c7ee94ef: 50 groups (HDF5, 196.1 MB; 1.5 s; peak memory 1139 MiB)
2026-09-14T18:10:19Z INFO [286/360] c2b9e58e-6a0f-45c1-970a-95f7a52755b6: 32 groups (HDF5, 1.3 MB; 0.6 s; peak memory 1139 MiB)
2026-09-14T18:10:20Z INFO [287/360] c2e5e15e-4dee-44e2-b3b7-8d0ba1acdb99: 32 groups (HDF5, 1.2 MB; 0.5 s; peak memory 1139 MiB)
2026-09-14T18:10:23Z INFO [288/360] c5ca73bd-3c95-422e-886e-281c102c1cfc: 148 groups (HDF5, 25.5 MB; 3.3 s; peak memory 1139 MiB)
2026-09-14T18:10:24Z INFO [289/360] c860f579-f759-4f63-8384-910ae0fb1d1b: 72 groups (HDF5, 7.9 MB; 1.2 s; peak memory 1139 MiB)
2026-09-14T18:10:25Z INFO [290/360] c9a7ec8d-fa33-4d44-83c3-0691f3bdb091: 22 groups (HDF5, 84.1 MB; 0.5 s; peak memory 1139 MiB)
2026-09-14T18:10:25Z INFO [291/360] cb0bc141-1857-4265-80e0-399e9ec93a41: 22 groups (HDF5, 84.1 MB; 0.5 s; peak memory 1139 MiB)
2026-09-14T18:11:25Z INFO [292/360] cb417a63-62a1-4e54-8b61-93da57192084: 27 groups (HDF5, 7727.1 MB; 59.8 s; peak memory 1139 MiB)
2026-09-14T18:11:26Z INFO [293/360] cbbbfc7c-cf9f-4a05-921d-f47fd8b2f19d: 33 groups (HDF5, 2.3 MB; 0.9 s; peak memory 1139 MiB)
2026-09-14T18:11:30Z INFO [294/360] cbc35e7c-f6a0-45f1-b5b1-7ca68a9f4634: 171 groups (HDF5, 29.2 MB; 3.9 s; peak memory 1139 MiB)
2026-09-14T18:11:31Z INFO [295/360] cbef1662-e3f7-4c42-9a86-b531cdc13c79: 35 groups (HDF5, 2.2 MB; 0.8 s; peak memory 1139 MiB)
2026-09-14T18:11:32Z INFO [296/360] ce2ad7ac-593a-44e7-99aa-24c4e75ee85f: 48 groups (HDF5, 66.8 MB; 1.0 s; peak memory 1139 MiB)
2026-09-14T18:11:33Z INFO [297/360] d1af1b25-5d06-4d80-a48f-a52339a070c0: 35 groups (HDF5, 1230.2 MB; 1.2 s; peak memory 1139 MiB)
2026-09-14T18:11:34Z INFO [298/360] d4198843-6513-43ae-8758-40a7418aef83: 336 groups (HDF5, 4.0 MB; 0.8 s; peak memory 1139 MiB)
2026-09-14T18:11:34Z INFO [299/360] d485e8cb-7712-4c52-8d33-5bf1a6433984: 22 groups (HDF5, 84.1 MB; 0.4 s; peak memory 1139 MiB)
2026-09-14T18:11:35Z INFO [300/360] d4ec22bc-72b6-4f68-93c2-1f661fef3743: 52 groups (HDF5, 1.4 MB; 0.8 s; peak memory 1139 MiB)
2026-09-14T18:11:36Z INFO [301/360] d52a9b5d-f121-4c8c-961c-ba95741bc048: 32 groups (HDF5, 1.0 MB; 0.6 s; peak memory 1139 MiB)
2026-09-14T18:11:36Z INFO [302/360] d5c3af96-c766-42f4-b638-a49809c742da: 22 groups (HDF5, 84.1 MB; 0.4 s; peak memory 1139 MiB)
2026-09-14T18:11:37Z INFO [303/360] d611c151-dc15-4ace-9a1f-6316df8bdc23: 32 groups (HDF5, 1.1 MB; 0.6 s; peak memory 1139 MiB)
2026-09-14T18:11:37Z INFO [304/360] d620ecba-3356-43b0-aee0-322e3be87df3: 23 groups (HDF5, 3.1 MB; 0.4 s; peak memory 1139 MiB)
2026-09-14T18:11:38Z INFO [305/360] d7254df0-be07-4ec1-a25f-bdea251954f8: 43 groups (HDF5, 199.1 MB; 0.9 s; peak memory 1139 MiB)
2026-09-14T18:11:38Z INFO [306/360] d751ea3b-118e-45c2-b7bc-ed9550f43277: 20 groups (HDF5, 14.6 MB; 0.4 s; peak memory 1139 MiB)
2026-09-14T18:11:39Z INFO [307/360] d783bc88-1da8-4c5c-9a8d-27269c8ae76e: 32 groups (HDF5, 1.3 MB; 0.7 s; peak memory 1139 MiB)
2026-09-14T18:11:39Z INFO [308/360] d87164c8-2517-4505-8ce1-e79cb289170e: 18 groups (HDF5, 0.4 MB; 0.4 s; peak memory 1139 MiB)
2026-09-14T18:11:40Z INFO [309/360] d954970e-a0c3-4b03-8594-3746dd79bf70: 36 groups (HDF5, 4841.9 MB; 0.8 s; peak memory 1139 MiB)
2026-09-14T18:11:44Z INFO [310/360] db019709-5d53-4700-bc50-7998d4e79b73: 181 groups (HDF5, 9.5 MB; 3.6 s; peak memory 1139 MiB)
2026-09-14T18:11:52Z INFO [311/360] db210f4d-aec4-46e2-a584-2179c42bc463: 18 groups (HDF5, 435.5 MB; 7.9 s; peak memory 1139 MiB)
2026-09-14T18:11:56Z INFO [312/360] dcc0943c-f226-4bf8-9522-276d5adb0cf1: 188 groups (HDF5, 33.6 MB; 4.2 s; peak memory 1139 MiB)
2026-09-14T18:11:57Z INFO [313/360] dcf85771-75b0-4dff-a9f7-7da0f95a0295: 25 groups (HDF5, 11.2 MB; 0.6 s; peak memory 1139 MiB)
2026-09-14T18:11:57Z INFO [314/360] dd978fc5-7726-42bb-98f3-41e0364b3c14: 337 groups (HDF5, 73.4 MB; 0.9 s; peak memory 1139 MiB)
2026-09-14T18:12:04Z INFO [315/360] de63a6b9-3851-4a4e-a1a8-1efedfef566b: 23 groups (HDF5, 32525.0 MB; 6.6 s; peak memory 1139 MiB)
2026-09-14T18:12:05Z INFO [316/360] df79194f-2f5c-439d-acac-36d28d207a82: 35 groups (HDF5, 1.1 MB; 0.7 s; peak memory 1139 MiB)
2026-09-14T18:12:05Z INFO [317/360] df947d67-553f-42ed-8b13-07e1d8150e7e: 103 groups (HDF5, 0.8 MB; 0.6 s; peak memory 1139 MiB)
2026-09-14T18:12:06Z INFO [318/360] e01e31b3-7e8e-4af7-bc4a-667084ad4727: 22 groups (HDF5, 84.1 MB; 0.6 s; peak memory 1139 MiB)
2026-09-14T18:12:07Z INFO [319/360] e066be81-89db-4b81-a564-c482e2923ab1: 22 groups (HDF5, 84.1 MB; 0.6 s; peak memory 1139 MiB)
2026-09-14T18:12:07Z INFO [320/360] e1094658-3601-4ada-bcfe-ac77680d927d: 22 groups (HDF5, 84.1 MB; 0.6 s; peak memory 1139 MiB)
2026-09-14T18:12:08Z INFO [321/360] e10b71da-148c-499a-8e87-7b97d7115753: 103 groups (HDF5, 0.6 MB; 0.5 s; peak memory 1139 MiB)
2026-09-14T18:12:08Z INFO [322/360] e2459386-0ee2-4535-aad5-27734396b704: 254 groups (HDF5, 32.8 MB; 0.6 s; peak memory 1139 MiB)
2026-09-14T18:12:09Z INFO [323/360] e24be17d-197e-47ef-9cab-a9a6c44baf39: 22 groups (HDF5, 84.1 MB; 0.6 s; peak memory 1139 MiB)
2026-09-14T18:12:09Z INFO [324/360] e250733e-d72e-4850-b47b-602cd7c7c694: 30 groups (HDF5, 0.3 MB; 0.3 s; peak memory 1139 MiB)
2026-09-14T18:12:11Z INFO [325/360] e446e882-80ef-40d9-bb06-6021afaedbaf: 57 groups (HDF5, 18.3 MB; 2.0 s; peak memory 1139 MiB)
2026-09-14T18:12:12Z INFO [326/360] e6021beb-8839-4dff-9175-d27dc8832898: 103 groups (HDF5, 3.0 MB; 0.7 s; peak memory 1139 MiB)
2026-09-14T18:12:12Z INFO [327/360] e6b055ec-27ce-42d0-83a0-602dd0ac2e87: 22 groups (HDF5, 84.1 MB; 0.5 s; peak memory 1139 MiB)
2026-09-14T18:12:13Z INFO [328/360] e6f5e200-e054-4970-9e19-44d696239a50: 32 groups (HDF5, 0.9 MB; 0.6 s; peak memory 1139 MiB)
2026-09-14T18:12:14Z INFO [329/360] e718763e-25f6-4f1b-b07a-1d66d951ba0f: 32 groups (HDF5, 1.2 MB; 0.7 s; peak memory 1139 MiB)
2026-09-14T18:12:14Z INFO [330/360] e78a3e53-f28d-4746-b1c2-d02f40c07d60: 103 groups (HDF5, 0.7 MB; 0.7 s; peak memory 1139 MiB)
2026-09-14T18:13:20Z INFO [331/360] e7d2f7e1-e520-41cf-bf8b-f2fa63315507: 69 groups (HDF5, 19761.2 MB; 66.1 s; peak memory 1139 MiB)
2026-09-14T18:13:23Z INFO [332/360] e8653ba6-fed3-4701-9fbd-ad55de60fdd3: 82 groups (HDF5, 11.1 MB; 2.9 s; peak memory 1139 MiB)
2026-09-14T18:13:24Z INFO [333/360] e88a8f8d-37f3-4428-bce7-5de72715bfc2: 29 groups (HDF5, 14.8 MB; 0.7 s; peak memory 1139 MiB)
2026-09-14T18:13:25Z INFO [334/360] eab3f554-c160-4407-9d27-b5a0d341903b: 32 groups (HDF5, 1.4 MB; 0.6 s; peak memory 1139 MiB)
2026-09-14T18:13:25Z INFO [335/360] eb2f5329-a46b-40a0-8b09-f22db79da158: 32 groups (HDF5, 1.3 MB; 0.5 s; peak memory 1139 MiB)
2026-09-14T18:13:26Z INFO [336/360] eb6d5821-e59b-4f91-bddd-328eb027ca17: 35 groups (HDF5, 67.2 MB; 1.0 s; peak memory 1139 MiB)
2026-09-14T18:13:27Z INFO [337/360] eb8a274f-fc0d-460a-abd6-67ad7539abe1: 201 groups (HDF5, 2.4 MB; 0.7 s; peak memory 1139 MiB)
2026-09-14T18:13:28Z INFO [338/360] ed388d78-2421-4c59-9460-7e577faa632d: 32 groups (HDF5, 1.4 MB; 0.7 s; peak memory 1139 MiB)
2026-09-14T18:13:37Z INFO [339/360] ed3ca547-5353-49c9-9388-c636426dbb0d: 23 groups (HDF5, 36047.0 MB; 9.8 s; peak memory 1139 MiB)
2026-09-14T18:13:38Z INFO [340/360] ef0bd9cf-4b1e-4073-9837-4b0d68738646: 32 groups (HDF5, 1.4 MB; 0.6 s; peak memory 1139 MiB)
2026-09-14T18:13:40Z INFO [341/360] ef7c41fd-c4ab-432c-9f2b-5ad158095f91: 50 groups (HDF5, 196.2 MB; 1.5 s; peak memory 1139 MiB)
2026-09-14T18:13:40Z INFO [342/360] f1dc32fc-9f59-46da-85c2-c98c6fce0e54: 32 groups (HDF5, 1.6 MB; 0.7 s; peak memory 1139 MiB)
2026-09-14T18:13:41Z INFO [343/360] f1f46866-e6b5-40e8-a041-5109b861a33b: 253 groups (HDF5, 2.0 MB; 0.7 s; peak memory 1139 MiB)
2026-09-14T18:13:41Z INFO [344/360] f41302cd-5cfb-4fdf-836a-9a786789117d: 22 groups (HDF5, 84.1 MB; 0.5 s; peak memory 1139 MiB)
2026-09-14T18:13:43Z INFO [345/360] f4b88c9f-6eac-44b6-bf87-01b1c19b6e33: 50 groups (HDF5, 196.1 MB; 1.5 s; peak memory 1139 MiB)
2026-09-14T18:13:43Z INFO [346/360] f51728cc-1a9a-464b-8a12-f7fb69e56e8b: 26 groups (HDF5, 0.2 MB; 0.3 s; peak memory 1139 MiB)
2026-09-14T18:13:44Z INFO [347/360] f5bb464c-718f-4e48-be94-c372088d384f: 22 groups (HDF5, 84.1 MB; 0.4 s; peak memory 1139 MiB)
2026-09-14T18:13:45Z INFO [348/360] f5e4fe4a-4d50-44e0-8fe6-f58f6dced64b: 81 groups (HDF5, 20.3 MB; 1.1 s; peak memory 1139 MiB)
2026-09-14T18:13:45Z INFO [349/360] f6bdf23c-dbd6-44a0-a092-70c1813d4278: 28 groups (HDF5, 2.4 MB; 0.5 s; peak memory 1139 MiB)
2026-09-14T18:13:47Z INFO [350/360] f716a93d-51c3-4d83-a8fc-b3f14089801a: 36 groups (HDF5, 115.3 MB; 2.1 s; peak memory 1139 MiB)
2026-09-14T18:13:48Z INFO [351/360] f77f5b7b-a847-457e-9551-bc8d819c064a: 35 groups (HDF5, 1.3 MB; 0.9 s; peak memory 1139 MiB)
2026-09-14T18:13:50Z INFO [352/360] f795d14d-3cc5-4ae4-a0bd-914c4cf80fef: 50 groups (HDF5, 196.0 MB; 1.6 s; peak memory 1139 MiB)
2026-09-14T18:13:54Z INFO [353/360] f79d301a-1b3a-486b-a509-f2c1c02bde74: 156 groups (HDF5, 36.1 MB; 4.0 s; peak memory 1139 MiB)
2026-09-14T18:13:54Z INFO [354/360] f86bcc8f-fade-4a67-88db-883b732bfb15: 32 groups (HDF5, 1.0 MB; 0.5 s; peak memory 1139 MiB)
2026-09-14T18:13:55Z INFO [355/360] fa07ef25-0187-4dcc-92f4-aeb33a52956d: 22 groups (HDF5, 0.2 MB; 0.4 s; peak memory 1139 MiB)
2026-09-14T18:13:55Z INFO [356/360] fa491ee7-b6be-4245-97a0-80c5b352dc57: 43 groups (HDF5, 17.6 MB; 0.7 s; peak memory 1139 MiB)
2026-09-14T18:13:56Z INFO [357/360] fb4d2735-6f25-4722-9f03-b129577f11a6: 203 groups (HDF5, 116.0 MB; 0.7 s; peak memory 1139 MiB)
2026-09-14T18:13:57Z INFO [358/360] fd58d997-4974-4381-90a6-41b8e3f42840: 201 groups (HDF5, 150.4 MB; 0.7 s; peak memory 1139 MiB)
2026-09-14T18:13:57Z INFO [359/360] fe4e7182-c6df-4dcd-96cd-a5fd18a69ad8: 22 groups (HDF5, 84.1 MB; 0.4 s; peak memory 1139 MiB)
2026-09-14T18:13:58Z INFO [360/360] fedfd140-bef6-46b3-9dcc-f738daedf2aa: 33 groups (HDF5, 1.2 MB; 0.6 s; peak memory 1139 MiB)
2026-09-14T18:13:58Z INFO Processed 360 content IDs in 68.3 min (peak memory 1139 MiB).
