2026-09-16T22:26:13Z INFO Logging to /tmp/logs/update_2026-09-16T22-26-13Z.log.
2026-09-16T22:26:13Z INFO Update valid-nwb-file-to-number-of-groups (base directory /tmp).
2026-09-16T22:26:13Z INFO Processing 361 items (47669 already recorded).
2026-09-16T22:26:16Z INFO [1/361] 018973b6-23dc-4a53-8db8-44856b772844: 17 groups; 2.9 s; peak memory 98 MiB.
2026-09-16T22:26:17Z INFO [2/361] 018994b4-0bd4-437f-9c71-0b9d1d939f5f: 22 groups; 1.1 s; peak memory 98 MiB.
2026-09-16T22:28:04Z INFO [3/361] 018a6d2e-7f61-484f-b6d5-48e40722dbd8: 89 groups; 106.8 s; peak memory 253 MiB.
2026-09-16T22:28:05Z INFO [4/361] 018af6a9-1e58-4192-acca-db6145be1283: 25 groups; 1.3 s; peak memory 253 MiB.
2026-09-16T22:28:07Z INFO [5/361] 018bedf4-f044-4e26-ae49-b5db7d74c3e7: 48 groups; 1.9 s; peak memory 254 MiB.
2026-09-16T22:28:09Z INFO [6/361] 018bef29-6273-45f1-a641-4c07a508bfc7: 33 groups; 1.5 s; peak memory 254 MiB.
2026-09-16T22:28:14Z INFO [7/361] 018c102d-1a21-4b98-80bd-2f26888768a1: 181 groups; 5.6 s; peak memory 254 MiB.
2026-09-16T22:28:15Z INFO [8/361] 018d2e07-5483-4e5f-bac9-c634ba67c007: 22 groups; 1.1 s; peak memory 254 MiB.
2026-09-16T22:28:17Z INFO [9/361] 018db095-a0bb-47a4-952a-ec6ac50c46f4: 32 groups; 1.3 s; peak memory 254 MiB.
2026-09-16T22:28:18Z INFO [10/361] 018e64d4-ec2e-4818-9a48-076f7143570e: 32 groups; 1.3 s; peak memory 254 MiB.
2026-09-16T22:28:21Z INFO [11/361] 018f9274-1cf6-4abc-a1a0-cf219ad95b7d: 50 groups; 3.2 s; peak memory 254 MiB.
2026-09-16T22:28:24Z INFO [12/361] 0192becd-daef-43b6-86de-fe0d3746a06b: 48 groups; 2.8 s; peak memory 254 MiB.
2026-09-16T22:28:34Z INFO [13/361] 0193617c-ea14-4be8-a0a5-f3afe5bf0c7c: 76 groups; 10.2 s; peak memory 254 MiB.
2026-09-16T22:28:35Z INFO [14/361] 01939228-e558-47f4-9d4a-f11198ef602a: 22 groups; 1.1 s; peak memory 254 MiB.
2026-09-16T22:28:37Z INFO [15/361] 0193a55b-ae7d-4286-b1d8-5b01d2f09934: 35 groups; 1.8 s; peak memory 254 MiB.
2026-09-16T22:28:38Z INFO [16/361] 01945961-5cc0-49c6-9784-77e1e9028668: 22 groups; 1.1 s; peak memory 254 MiB.
2026-09-16T22:28:40Z INFO [17/361] 01947fdb-4099-485a-861b-aa1bb9c3cd1e: 67 groups; 1.6 s; peak memory 255 MiB.
2026-09-16T22:28:42Z INFO [18/361] 0194bb9e-491e-47f8-a40f-0b5215aae072: 22 groups; 2.2 s; peak memory 255 MiB.
2026-09-16T22:28:43Z INFO [19/361] 01958900-163b-4d62-842a-707822d1007e: 22 groups; 1.1 s; peak memory 255 MiB.
2026-09-16T22:28:46Z INFO [20/361] 0195d19a-7945-4663-8535-0ca4fbeddb4c: 17 groups; 2.5 s; peak memory 255 MiB.
2026-09-16T22:28:47Z INFO [21/361] 01964398-131f-4b08-8c5b-addd326a090b: 252 groups; 1.4 s; peak memory 255 MiB.
2026-09-16T22:28:48Z INFO [22/361] 01964782-2208-4457-98c9-00e592d80173: 22 groups; 1.1 s; peak memory 255 MiB.
2026-09-16T22:28:58Z INFO [23/361] 0196a80d-d4ae-4da7-a3d5-e0e241c23c4d: 73 groups; 9.3 s; peak memory 256 MiB.
2026-09-16T22:29:13Z INFO [24/361] 0196c315-ee01-4c53-b23c-95816b98fbf9: 287 groups; 15.9 s; peak memory 256 MiB.
2026-09-16T22:29:19Z INFO [25/361] 0196c777-d343-4e0e-a349-af071769b7be: 85 groups; 5.7 s; peak memory 256 MiB.
2026-09-16T22:29:21Z INFO [26/361] 01971bc4-1a70-459b-a056-60f76d4b3186: 32 groups; 1.4 s; peak memory 256 MiB.
2026-09-16T22:29:21Z INFO [27/361] 01976b17-2dd3-415c-aca9-958f920a5007: 16 groups; 0.9 s; peak memory 256 MiB.
2026-09-16T22:29:23Z INFO [28/361] 0197b3cd-827d-42aa-9644-7ef8c39f4503: 256 groups; 1.7 s; peak memory 256 MiB.
2026-09-16T22:29:34Z INFO [29/361] 019859be-be94-4d9e-81f0-50314734ad07: 172 groups; 10.6 s; peak memory 256 MiB.
2026-09-16T22:30:28Z INFO [30/361] 01998551-cd9a-44cc-b2b5-297af7aebcdd: 43 groups; 54.2 s; peak memory 256 MiB.
2026-09-16T22:30:29Z INFO [31/361] 019a4fa9-4157-4efd-877a-0cc055328668: 28 groups; 1.1 s; peak memory 256 MiB.
2026-09-16T22:30:30Z INFO [32/361] 019abf0d-3097-4a41-ae90-1ce0f1a07df2: 25 groups; 1.3 s; peak memory 256 MiB.
2026-09-16T22:30:49Z INFO [33/361] 019b6009-e0ae-40a2-ad7f-5e9fc62a1d84: 1260 groups; 18.9 s; peak memory 256 MiB.
2026-09-16T22:32:39Z INFO [34/361] 019c40b2-c740-4a74-b297-7ec1dd008b7d: 60 groups; 109.5 s; peak memory 281 MiB.
2026-09-16T22:32:44Z INFO [35/361] 019e25ef-59eb-489a-8d5d-ce9dd5758f0f: 132 groups; 5.5 s; peak memory 281 MiB.
2026-09-16T22:32:47Z INFO [36/361] 019fac19-f9d3-424a-95eb-51708621a9ba: 54 groups; 2.9 s; peak memory 281 MiB.
2026-09-16T22:32:49Z INFO [37/361] 01a00d0e-26f0-4a86-8545-567d4e373828: 194 groups; 1.4 s; peak memory 281 MiB.
2026-09-16T22:32:50Z INFO [38/361] 01a047e1-469b-462c-a104-ba25df64a484: 33 groups; 1.4 s; peak memory 281 MiB.
2026-09-16T22:32:54Z INFO [39/361] 01a10350-5def-41fa-ba4a-1cd9f453e43f: 61 groups; 4.0 s; peak memory 281 MiB.
2026-09-16T22:32:55Z INFO [40/361] 01a2535b-7ee4-4c29-8d96-7d653ea2ef56: 33 groups; 1.2 s; peak memory 281 MiB.
2026-09-16T22:32:56Z INFO [41/361] 01a330d8-1049-45ad-b2b4-242d32c26da7: 22 groups; 1.1 s; peak memory 281 MiB.
2026-09-16T22:32:58Z INFO [42/361] 01a39d18-954e-423b-a6fb-e44d6945fc71: 35 groups; 1.9 s; peak memory 281 MiB.
2026-09-16T22:33:00Z INFO [43/361] 01a3f041-a8b0-419e-95da-8c6a9d490d14: 35 groups; 1.8 s; peak memory 281 MiB.
2026-09-16T22:33:02Z INFO [44/361] 01a47967-b0ff-4146-8f1b-143ba91c1116: 36 groups; 1.6 s; peak memory 281 MiB.
2026-09-16T22:33:02Z INFO [45/361] 01a58631-8cd1-46ce-8009-bef057f867c5: 16 groups; 0.8 s; peak memory 281 MiB.
2026-09-16T22:33:04Z INFO [46/361] 01a713fb-078a-45f9-9a41-40bd36f506b2: 31 groups; 1.0 s; peak memory 281 MiB.
2026-09-16T22:33:05Z INFO [47/361] 01a83c41-b631-4f45-9285-a334cc0df133: 196 groups; 1.5 s; peak memory 281 MiB.
2026-09-16T22:33:06Z INFO [48/361] 01a932cd-ee2b-4ac2-8771-eaa8890a7d82: 18 groups; 0.9 s; peak memory 281 MiB.
2026-09-16T22:33:26Z INFO [49/361] 01a987ae-2490-4bb4-b706-578096b2f435: 237 groups; 20.6 s; peak memory 281 MiB.
2026-09-16T22:33:29Z INFO [50/361] 01a9ee05-aeb8-46c4-847c-4c65595902e6: 51 groups; 2.2 s; peak memory 281 MiB.
2026-09-16T22:33:29Z INFO [50/361] 01a9ee05-aeb8-46c4-847c-4c65595902e6: checkpointed 47719 records.
2026-09-16T22:33:31Z INFO [51/361] 01aa8dfe-9b3f-4c3d-8166-e42e197c8534: 341 groups; 2.2 s; peak memory 281 MiB.
2026-09-16T22:33:32Z INFO [52/361] 01aa8f28-e0b1-4bda-9a75-f7b312ff7fbe: 34 groups; 1.4 s; peak memory 281 MiB.
2026-09-16T22:33:34Z INFO [53/361] 01aab354-09b5-4d5c-8537-c5b7522fb482: 35 groups; 1.5 s; peak memory 281 MiB.
2026-09-16T22:33:36Z INFO [54/361] 01abb95d-effe-4b41-868d-d4d6d6b5b704: 55 groups; 2.7 s; peak memory 281 MiB.
2026-09-16T22:33:39Z INFO [55/361] 01abe7a1-48e1-42c7-bd39-14c2b46c89b9: 49 groups; 2.7 s; peak memory 281 MiB.
2026-09-16T22:33:40Z INFO [56/361] 01abe883-c101-4128-b885-9ed7b772a288: 31 groups; 1.0 s; peak memory 281 MiB.
2026-09-16T22:33:42Z INFO [57/361] 01ac90d3-2605-47e1-9091-96b2541e267a: 200 groups; 1.7 s; peak memory 281 MiB.
2026-09-16T22:33:44Z INFO [58/361] 01add43d-9ec3-499f-89d5-744a9fd8fb37: 207 groups; 1.8 s; peak memory 281 MiB.
2026-09-16T22:33:45Z INFO [59/361] 01adf9fe-3a64-4d76-8033-83d6cdcdaa90: 22 groups; 1.1 s; peak memory 281 MiB.
2026-09-16T22:33:46Z INFO [60/361] 01adfa22-2213-45be-ab22-111a2aac89d1: 31 groups; 1.4 s; peak memory 281 MiB.
2026-09-16T22:33:47Z INFO [61/361] 01ae2905-0556-4c17-b8c8-3b5c22119799: 33 groups; 1.0 s; peak memory 281 MiB.
2026-09-16T22:33:49Z INFO [62/361] 01ae8d9d-81f6-45b1-a088-bf14dd4dabf0: 35 groups; 2.1 s; peak memory 281 MiB.
2026-09-16T22:33:51Z INFO [63/361] 01afdb71-8b1f-40fa-bdab-5605c2d19770: 32 groups; 1.4 s; peak memory 281 MiB.
2026-09-16T22:33:56Z INFO [64/361] 01b1aad4-fc19-4ec3-8d81-1223df34112e: 75 groups; 5.2 s; peak memory 281 MiB.
2026-09-16T22:33:57Z INFO [65/361] 01b232bc-1be7-4a5f-a34a-528599105834: 22 groups; 1.1 s; peak memory 281 MiB.
2026-09-16T22:33:58Z INFO [66/361] 01b2760b-aa16-43ae-aaec-e3f04cd41bf2: 22 groups; 1.2 s; peak memory 281 MiB.
2026-09-16T22:33:59Z INFO [67/361] 01b2b255-3c06-4760-99a6-5b176bd42413: 32 groups; 1.4 s; peak memory 281 MiB.
2026-09-16T22:34:01Z INFO [68/361] 01b38848-b706-4835-8e84-05cc2f9d36f4: 194 groups; 1.5 s; peak memory 281 MiB.
2026-09-16T22:34:11Z INFO [69/361] 01b3ae7d-5c01-4696-84e3-68e2c40e8d8e: 63 groups; 9.9 s; peak memory 281 MiB.
2026-09-16T22:34:12Z INFO [70/361] 01b40f4f-b6f1-4828-9ec5-27ce0ab772aa: 44 groups; 1.3 s; peak memory 281 MiB.
2026-09-16T22:34:13Z INFO [71/361] 01b4114b-b786-451d-9c38-259e0d1958d1: 32 groups; 1.4 s; peak memory 281 MiB.
2026-09-16T22:34:14Z INFO [72/361] 01b43055-a9a0-4948-8929-dec1e26d14f3: 28 groups; 1.0 s; peak memory 281 MiB.
2026-09-16T22:34:16Z INFO [73/361] 01b6018f-56c4-4ef2-b157-dd333269f38f: 36 groups; 1.4 s; peak memory 281 MiB.
2026-09-16T22:34:18Z INFO [74/361] 01b63eb4-e883-466a-8c0d-0742e4cb3fb4: 49 groups; 2.0 s; peak memory 281 MiB.
2026-09-16T22:34:19Z INFO [75/361] 01b68123-c763-4221-b703-b8a31dd86563: 36 groups; 1.4 s; peak memory 281 MiB.
2026-09-16T22:34:22Z INFO [76/361] 01b6a673-3869-47e2-90cd-6452203ff028: 48 groups; 2.4 s; peak memory 281 MiB.
2026-09-16T22:34:28Z INFO [77/361] 01b6cd71-bff4-46be-8e45-7cada00621cb: 66 groups; 6.3 s; peak memory 281 MiB.
2026-09-16T22:34:33Z INFO [78/361] 01b70917-af8d-478f-ad35-8e6ef90347ee: 174 groups; 5.5 s; peak memory 281 MiB.
2026-09-16T22:35:57Z INFO [79/361] 01b78bc1-0851-4914-b6e0-48ae2bb99159: 27 groups; 84.0 s; peak memory 313 MiB.
2026-09-16T22:35:59Z INFO [80/361] 01b802a8-cbca-4276-be75-55a78919f828: 32 groups; 1.3 s; peak memory 313 MiB.
2026-09-16T22:36:13Z INFO [81/361] 01b9ac09-0848-4f03-9c3e-be2e042650f5: 27 groups; 14.5 s; peak memory 313 MiB.
2026-09-16T22:36:15Z INFO [82/361] 01bb6273-bba2-4b36-abbd-e9457b21bbdd: 32 groups; 1.5 s; peak memory 313 MiB.
2026-09-16T22:36:16Z INFO [83/361] 01bba655-c0d3-401f-b12a-0d9ff207234b: 36 groups; 1.3 s; peak memory 313 MiB.
2026-09-16T22:36:17Z INFO [84/361] 01bd39d9-b86b-4f75-9319-b5aa3074a163: 31 groups; 1.1 s; peak memory 313 MiB.
2026-09-16T22:36:19Z INFO [85/361] 01bd448f-3e12-4e14-a5cf-8e7b9180f33f: 32 groups; 1.3 s; peak memory 313 MiB.
2026-09-16T22:36:20Z INFO [86/361] 01bd830d-5a6d-44cb-9c97-b937d23c73a4: 24 groups; 1.2 s; peak memory 313 MiB.
2026-09-16T22:36:22Z INFO [87/361] 01be92f1-45b7-483b-a3d4-3a333461426a: 202 groups; 2.1 s; peak memory 313 MiB.
2026-09-16T22:36:23Z INFO [88/361] 01bee568-ec33-4708-bb54-bf0e650d97ab: 22 groups; 1.0 s; peak memory 313 MiB.
2026-09-16T22:36:24Z INFO [89/361] 01bf3d90-8875-433d-a884-7430a88652b7: 35 groups; 1.3 s; peak memory 313 MiB.
2026-09-16T22:36:26Z INFO [90/361] 01c01afb-3ec0-4c5e-8bb2-cf3a30237342: 35 groups; 1.8 s; peak memory 313 MiB.
2026-09-16T22:36:27Z INFO [91/361] 01c0f04e-cd29-4087-adf7-5d26c3abe03e: 22 groups; 0.9 s; peak memory 313 MiB.
2026-09-16T22:36:28Z INFO [92/361] 01c20aac-3915-486f-b721-510ff13167c0: 72 groups; 1.3 s; peak memory 313 MiB.
2026-09-16T22:36:30Z INFO [93/361] 01c24560-d396-460d-ba7b-0c9119b98e45: 33 groups; 1.6 s; peak memory 313 MiB.
2026-09-16T22:36:31Z INFO [94/361] 01c421db-a4a2-4db0-aabc-f7b1d16ef95d: 22 groups; 1.0 s; peak memory 313 MiB.
2026-09-16T22:36:32Z INFO [95/361] 01c443bd-2ff6-40f6-b012-0fc541e09263: 32 groups; 1.3 s; peak memory 313 MiB.
2026-09-16T22:36:33Z INFO [96/361] 01c44992-1870-4c73-b5e6-e135d6dc4b35: 32 groups; 1.3 s; peak memory 313 MiB.
2026-09-16T22:36:47Z INFO [97/361] 01c46ec7-0d31-4aa7-9e3a-c94405140fc3: 224 groups; 13.9 s; peak memory 313 MiB.
2026-09-16T22:36:49Z INFO [98/361] 01c47b93-9598-430f-993b-ea5720723267: 32 groups; 1.3 s; peak memory 313 MiB.
2026-09-16T22:36:49Z INFO [99/361] 01c498ce-bffb-4d49-bb48-db3eb0dcde5f: 18 groups; 0.8 s; peak memory 313 MiB.
2026-09-16T22:36:51Z INFO [100/361] 01c4aa21-76ee-43d0-abd1-415ba96e313c: 20 groups; 1.6 s; peak memory 313 MiB.
2026-09-16T22:36:51Z INFO [100/361] 01c4aa21-76ee-43d0-abd1-415ba96e313c: checkpointed 47769 records.
2026-09-16T22:36:53Z INFO [101/361] 01c4b069-ad1e-4d3b-b02b-206a642b514b: 48 groups; 2.2 s; peak memory 313 MiB.
2026-09-16T22:37:09Z INFO [102/361] 01c543b6-b59f-451d-9fd3-bbbbdaaea2d6: 1264 groups; 16.0 s; peak memory 313 MiB.
2026-09-16T22:37:11Z INFO [103/361] 01c5daf5-feda-4793-aa5d-3807964f74d3: 32 groups; 1.3 s; peak memory 313 MiB.
2026-09-16T22:37:12Z INFO [104/361] 01c6c53f-8109-4f36-8167-4d1c874384e7: 32 groups; 1.3 s; peak memory 313 MiB.
2026-09-16T22:37:13Z INFO [105/361] 01c6c8fb-54d1-4bb7-ba6f-396b0c42ffaa: 22 groups; 1.1 s; peak memory 313 MiB.
2026-09-16T22:37:21Z INFO [106/361] 01c6e4d5-0816-4dc4-9675-14d94eae3e35: 175 groups; 8.1 s; peak memory 313 MiB.
2026-09-16T22:37:22Z INFO [107/361] 01c7ab41-6356-4117-844c-25d18b4a94c8: 22 groups; 1.1 s; peak memory 313 MiB.
2026-09-16T22:37:23Z INFO [108/361] 01c88a1e-bbe8-4e95-bf8d-c616f95ecd2a: 18 groups; 0.8 s; peak memory 313 MiB.
2026-09-16T22:37:24Z INFO [109/361] 01c8a192-cfc4-4b19-a8f0-df98f0bc3ff8: 22 groups; 1.1 s; peak memory 313 MiB.
2026-09-16T22:37:25Z INFO [110/361] 01cc5397-7946-470d-bb79-62d184466e81: 35 groups; 1.4 s; peak memory 313 MiB.
2026-09-16T22:37:26Z INFO [111/361] 01cc627c-111c-4a33-9fa2-680d1b025792: 24 groups; 0.8 s; peak memory 313 MiB.
2026-09-16T22:37:27Z INFO [112/361] 01cd083b-07f2-48aa-8fe5-40c751622fb7: 30 groups; 1.2 s; peak memory 313 MiB.
2026-09-16T22:37:28Z INFO [113/361] 01cd0c14-ee71-41ae-9b87-8e233165df4b: 22 groups; 1.1 s; peak memory 313 MiB.
2026-09-16T22:37:33Z INFO [114/361] 01cddea8-0a84-4011-88d0-e4dfbc279bfe: 125 groups; 4.5 s; peak memory 313 MiB.
2026-09-16T22:37:34Z INFO [115/361] 01ce65ed-fa55-40e2-a674-99d8fba208dd: 35 groups; 1.6 s; peak memory 313 MiB.
2026-09-16T22:37:36Z INFO [116/361] 01ce9b33-cdfe-45e0-906a-464a68f6c7fb: 35 groups; 1.5 s; peak memory 313 MiB.
2026-09-16T22:37:42Z INFO [117/361] 01cefff8-4056-4309-a8cf-44827762a9d9: 137 groups; 5.5 s; peak memory 313 MiB.
2026-09-16T22:37:43Z INFO [118/361] 01cf0a15-2795-4e7f-8d12-98becc478054: 201 groups; 1.5 s; peak memory 313 MiB.
2026-09-16T22:37:44Z INFO [119/361] 01cf1926-4040-461d-93c0-517f723625a3: 36 groups; 1.4 s; peak memory 313 MiB.
2026-09-16T22:37:46Z INFO [120/361] 01cf69f9-54b5-4bfa-acb1-4f3da6006ef5: 32 groups; 1.4 s; peak memory 313 MiB.
2026-09-16T22:37:59Z INFO [121/361] 01cfb219-0156-4c42-acc1-f15e272a930a: 175 groups; 12.8 s; peak memory 313 MiB.
2026-09-16T22:38:03Z INFO [122/361] 01cfcb4c-98b2-46ef-a5e9-5dbcb40bd320: 724 groups; 4.4 s; peak memory 313 MiB.
2026-09-16T22:38:05Z INFO [123/361] 01d1715b-5fc9-4c1a-b950-9915ab358df2: 17 groups; 2.2 s; peak memory 313 MiB.
2026-09-16T22:38:06Z INFO [124/361] 01d2159a-7237-43e7-b8ef-2c5d88510ea4: 18 groups; 1.0 s; peak memory 313 MiB.
2026-09-16T22:38:07Z INFO [125/361] 01d23a42-5bf4-4a0f-b4ca-1bcd2f4a10bf: 22 groups; 1.1 s; peak memory 313 MiB.
2026-09-16T22:38:09Z INFO [126/361] 01d26fa8-5207-4f98-955a-cfb48e1b85ae: 35 groups; 1.6 s; peak memory 313 MiB.
2026-09-16T22:38:15Z INFO [127/361] 01d35f87-479a-455c-96bb-a0c36c4c9c21: 85 groups; 6.0 s; peak memory 313 MiB.
2026-09-16T22:40:00Z INFO [128/361] 01d373c1-9f8d-4e8d-877a-c4133e72903c: 65 groups; 105.6 s; peak memory 313 MiB.
2026-09-16T22:40:02Z INFO [129/361] 01d3953c-bd16-451d-9dd2-a7457134d000: 201 groups; 1.9 s; peak memory 313 MiB.
2026-09-16T22:40:08Z INFO [130/361] 01d3d972-007e-46a0-94fe-2dd1fb9f57e5: 132 groups; 6.0 s; peak memory 313 MiB.
2026-09-16T22:40:10Z INFO [131/361] 01d3e5f9-cf74-4093-ba37-3e37fad3ce2b: 32 groups; 1.2 s; peak memory 313 MiB.
2026-09-16T22:40:11Z INFO [132/361] 01d40d36-b792-4984-895a-8a54da5b4047: 35 groups; 1.5 s; peak memory 313 MiB.
2026-09-16T22:40:16Z INFO [133/361] 01d56715-da05-4379-9e81-e9cd766b1df6: 69 groups; 5.2 s; peak memory 313 MiB.
2026-09-16T22:40:18Z INFO [134/361] 01d6cc77-cea1-4aac-b8ed-1b13d9540ac0: 195 groups; 1.5 s; peak memory 313 MiB.
2026-09-16T22:40:19Z INFO [135/361] 01d75056-a99a-4791-a182-bd8651f2e705: 336 groups; 1.7 s; peak memory 313 MiB.
2026-09-16T22:40:22Z INFO [136/361] 01d82f9e-6a1f-49ec-9ad0-1d3c9842602f: 48 groups; 2.7 s; peak memory 313 MiB.
2026-09-16T22:40:24Z INFO [137/361] 01d966c6-8e7e-47df-bfdc-55b828398f51: 32 groups; 1.4 s; peak memory 313 MiB.
2026-09-16T22:40:25Z INFO [138/361] 01d9ec8b-7750-41ee-b3d3-f7c4483ace88: 28 groups; 1.2 s; peak memory 313 MiB.
2026-09-16T22:40:26Z INFO [139/361] 01da1d11-ee46-47bd-a9f8-a1aba09dd5c8: 22 groups; 1.0 s; peak memory 313 MiB.
2026-09-16T22:40:27Z INFO [140/361] 01db49f2-a069-4993-8cd4-e132d56e918c: 35 groups; 1.7 s; peak memory 313 MiB.
2026-09-16T22:40:36Z INFO [141/361] 01dba8c4-bb09-4d7c-8ac5-4d1b75eb754c: 77 groups; 8.2 s; peak memory 313 MiB.
2026-09-16T22:40:37Z INFO [142/361] 01dbab67-ffec-405d-ad86-9004848fb989: 22 groups; 1.1 s; peak memory 313 MiB.
2026-09-16T22:40:43Z INFO [143/361] 01dbecbf-f48c-4dc6-b13c-99bcb330fee2: 47 groups; 5.9 s; peak memory 313 MiB.
2026-09-16T22:40:44Z INFO [144/361] 01dcb018-0718-4a80-a33c-5cbe545e1416: 22 groups; 1.1 s; peak memory 313 MiB.
2026-09-16T22:40:45Z INFO [145/361] 01dcc649-90d3-41c6-ad9f-55daaedc0a49: 17 groups; 0.9 s; peak memory 313 MiB.
2026-09-16T22:41:01Z INFO [146/361] 01dd13d5-d04a-4666-81ff-525e6d8ea957: 23 groups; 16.5 s; peak memory 313 MiB.
2026-09-16T22:41:03Z INFO [147/361] 01dd4bd1-3c53-4a20-8bc4-ffee84a816f4: 201 groups; 1.7 s; peak memory 313 MiB.
2026-09-16T22:41:06Z INFO [148/361] 01ddc88f-20dd-4676-9499-0367d329eb6e: 22 groups; 2.5 s; peak memory 313 MiB.
2026-09-16T22:41:11Z INFO [149/361] 01dde307-ca96-416f-9b45-57a80469dde8: 181 groups; 5.4 s; peak memory 313 MiB.
2026-09-16T22:41:12Z INFO [150/361] 01ddfc53-b6bb-4a19-994f-edff9c47263e: 22 groups; 1.1 s; peak memory 313 MiB.
2026-09-16T22:41:12Z INFO [150/361] 01ddfc53-b6bb-4a19-994f-edff9c47263e: checkpointed 47819 records.
2026-09-16T22:41:13Z INFO [151/361] 01de80e8-4efd-4e25-83d2-ff9cc98a42e7: 32 groups; 1.2 s; peak memory 313 MiB.
2026-09-16T22:41:14Z INFO [152/361] 01dec86b-f2a7-442d-b42b-3ff501e93276: 28 groups; 1.0 s; peak memory 313 MiB.
2026-09-16T22:41:16Z INFO [153/361] 01decf8f-dd7f-47c3-8a18-9e202b8ad2e8: 29 groups; 1.6 s; peak memory 313 MiB.
2026-09-16T22:41:18Z INFO [154/361] 01dfaa5a-b260-475d-adb3-6639e665d174: 200 groups; 2.0 s; peak memory 313 MiB.
2026-09-16T22:41:26Z INFO [155/361] 01e1eb7f-3461-429e-baa4-e800d2b01196: 159 groups; 7.8 s; peak memory 313 MiB.
2026-09-16T22:41:33Z INFO [156/361] 01e1ec82-e7cd-4d1d-ae22-089c16bdefe8: 150 groups; 7.2 s; peak memory 313 MiB.
2026-09-16T22:41:36Z INFO [157/361] 01e28f5c-77ea-42b8-9a43-752d11842a55: 46 groups; 2.5 s; peak memory 313 MiB.
2026-09-16T22:41:37Z INFO [158/361] 01e2a106-cc37-49f9-b814-a5f2679e38ae: 32 groups; 1.4 s; peak memory 313 MiB.
2026-09-16T22:41:38Z INFO [159/361] 01e2a9a8-2123-460c-b050-be35c88db2da: 35 groups; 1.5 s; peak memory 313 MiB.
2026-09-16T22:41:39Z INFO [160/361] 01e2e0b4-a5fc-41cd-bd7a-2b2051dbd210: 30 groups; 0.8 s; peak memory 313 MiB.
2026-09-16T22:41:40Z INFO [161/361] 01e3e6ff-7312-4932-8fc7-5d8d5b57b7c0: 24 groups; 0.9 s; peak memory 313 MiB.
2026-09-16T22:41:43Z INFO [162/361] 01e4960e-0e71-4352-8455-03619c1791ea: 45 groups; 2.9 s; peak memory 313 MiB.
2026-09-16T22:41:59Z INFO [163/361] 01e4d96d-ca50-4abb-9c6a-c22dac0d4381: 17 groups; 15.6 s; peak memory 313 MiB.
2026-09-16T22:42:47Z INFO [164/361] 01e5caf3-97ed-45e9-9301-de5480987e34: 23 groups; 48.6 s; peak memory 313 MiB.
2026-09-16T22:42:49Z INFO [165/361] 01e6d1aa-3869-4fe7-a5b2-a24f5084aade: 35 groups; 1.6 s; peak memory 313 MiB.
2026-09-16T22:42:50Z INFO [166/361] 01e732fd-5b78-4082-92eb-84654e6d4f5c: 22 groups; 1.1 s; peak memory 313 MiB.
2026-09-16T22:42:53Z INFO [167/361] 01e739e9-a40b-4b38-ab4d-722852972c70: 48 groups; 2.7 s; peak memory 313 MiB.
2026-09-16T22:43:07Z INFO [168/361] 01e800cb-fa40-4dd8-a5ce-fe7c9b8feb50: 157 groups; 14.7 s; peak memory 313 MiB.
2026-09-16T22:43:08Z INFO [169/361] 01e817b7-b6f5-47ad-9881-ed2752d3f81b: 22 groups; 1.1 s; peak memory 313 MiB.
2026-09-16T22:43:09Z INFO [170/361] 01e842e6-9300-4893-bf5a-cdf5c3d144f9: 22 groups; 1.0 s; peak memory 313 MiB.
2026-09-16T22:43:10Z INFO [171/361] 01e876b1-7e62-45a5-b5aa-c8ac85bb5a4a: 22 groups; 1.0 s; peak memory 313 MiB.
2026-09-16T22:43:12Z INFO [172/361] 01e89a2e-91aa-4ffc-9dc7-42b827366595: 22 groups; 1.1 s; peak memory 313 MiB.
2026-09-16T22:43:13Z INFO [173/361] 01e97c2d-5bbe-46a7-aef7-fa53c1bca24c: 256 groups; 1.4 s; peak memory 313 MiB.
2026-09-16T22:43:23Z INFO [174/361] 01e97ef0-29db-41a1-a7b4-759090b8699e: 172 groups; 9.9 s; peak memory 313 MiB.
2026-09-16T22:43:24Z INFO [175/361] 01e9935f-f732-4426-a107-de64be9cd4cf: 29 groups; 1.2 s; peak memory 313 MiB.
2026-09-16T22:43:25Z INFO [176/361] 01e9ee3e-efd0-4f7b-bdfb-4f329d869e45: 22 groups; 1.1 s; peak memory 313 MiB.
2026-09-16T22:43:26Z INFO [177/361] 01ea40f6-1b3a-4f4b-a06c-aa52166c70de: 31 groups; 1.0 s; peak memory 313 MiB.
2026-09-16T22:43:44Z INFO [178/361] 01ea770b-13f9-4d63-b4e2-441537cecae8: 254 groups; 17.5 s; peak memory 313 MiB.
2026-09-16T22:43:45Z INFO [179/361] 01eb4937-a7b9-442b-92f1-3f7ef62ced21: 32 groups; 1.3 s; peak memory 313 MiB.
2026-09-16T22:43:50Z INFO [180/361] 01eb513e-a21b-465b-94c5-70df6bde39c3: 78 groups; 4.8 s; peak memory 313 MiB.
2026-09-16T22:44:40Z INFO [181/361] 01eb69f6-5d1d-4afa-acd8-0a16cec7dc5d: 110 groups; 49.8 s; peak memory 313 MiB.
2026-09-16T22:44:41Z INFO [182/361] 01eb7909-29d9-41de-aae0-02d41974f4f5: 32 groups; 1.4 s; peak memory 313 MiB.
2026-09-16T22:44:42Z INFO [183/361] 01eba086-3165-4b39-9fbe-8b2515c29ff0: 22 groups; 1.1 s; peak memory 313 MiB.
2026-09-16T22:44:43Z INFO [184/361] 01ebd676-ae68-4caa-a4ff-57bc794ba8f6: 16 groups; 0.8 s; peak memory 313 MiB.
2026-09-16T22:44:44Z INFO [185/361] 01ec4f42-7f36-4360-adfc-3549f27806ce: 35 groups; 1.4 s; peak memory 313 MiB.
2026-09-16T22:44:54Z INFO [186/361] 01ec51b1-7c42-4f54-ba52-864cccec6ee7: 76 groups; 9.9 s; peak memory 313 MiB.
2026-09-16T22:44:55Z INFO [187/361] 01ecdc69-c753-49b5-b0c3-8bd0cd5c0556: 32 groups; 1.2 s; peak memory 313 MiB.
2026-09-16T22:44:56Z INFO [188/361] 01ed7d4e-710e-49d0-8c0f-804bbca70236: 30 groups; 1.0 s; peak memory 313 MiB.
2026-09-16T22:44:57Z INFO [189/361] 01ee0166-eb0d-4c07-99b6-5a6e9d99ad37: 16 groups; 1.0 s; peak memory 313 MiB.
2026-09-16T22:44:58Z INFO [190/361] 01ee39e8-1db6-4271-9e13-15b1c9ec3842: 16 groups; 0.9 s; peak memory 313 MiB.
2026-09-16T22:45:00Z INFO [191/361] 01ee4cc0-f4aa-49b7-a61c-52115b6a35ad: 32 groups; 1.5 s; peak memory 313 MiB.
2026-09-16T22:45:05Z INFO [192/361] 01ef3e50-3d0e-4d65-a856-479b6f0f260c: 66 groups; 5.3 s; peak memory 313 MiB.
2026-09-16T22:45:07Z INFO [193/361] 01ef6e3e-fe97-4130-b0e4-c6af194eb11d: 48 groups; 2.4 s; peak memory 313 MiB.
2026-09-16T22:45:09Z INFO [194/361] 01ef7f09-0476-490f-9834-5df2f5d872ba: 32 groups; 1.5 s; peak memory 313 MiB.
2026-09-16T22:45:10Z INFO [195/361] 01f025eb-0c91-403b-8778-11df54222152: 254 groups; 1.3 s; peak memory 313 MiB.
2026-09-16T22:45:11Z INFO [196/361] 01f04582-2adc-44b3-8d63-a799f15d9c34: 32 groups; 1.2 s; peak memory 313 MiB.
2026-09-16T22:45:28Z INFO [197/361] 01f0ca66-b0fd-4dc2-a9e3-5f768240999c: 23 groups; 16.5 s; peak memory 313 MiB.
2026-09-16T22:45:34Z INFO [198/361] 01f18173-0b58-4d78-b1b9-eaee5bd1ce42: 75 groups; 5.8 s; peak memory 313 MiB.
2026-09-16T22:45:35Z INFO [199/361] 01f1fe5d-f618-48ab-a746-4d9993d5c801: 29 groups; 1.3 s; peak memory 313 MiB.
2026-09-16T22:45:36Z INFO [200/361] 01f2d409-6235-41b8-9f74-9f58711ae411: 16 groups; 0.8 s; peak memory 313 MiB.
2026-09-16T22:45:36Z INFO [200/361] 01f2d409-6235-41b8-9f74-9f58711ae411: checkpointed 47869 records.
2026-09-16T22:45:53Z INFO [201/361] 01f37333-8ac6-4f47-b4fc-58f80f85b4a7: 397 groups; 17.1 s; peak memory 313 MiB.
2026-09-16T22:45:54Z INFO [202/361] 01f38d04-3a46-48a7-8e3a-7d50fa08f362: 22 groups; 1.1 s; peak memory 313 MiB.
2026-09-16T22:47:24Z INFO [203/361] 01f3d4cb-344e-425f-8d3c-66c8ff1aa73e: 27 groups; 89.6 s; peak memory 313 MiB.
2026-09-16T22:47:26Z INFO [204/361] 01f431a7-3637-4cbb-9192-8fb174f7aff0: 48 groups; 2.6 s; peak memory 313 MiB.
2026-09-16T22:47:28Z INFO [205/361] 01f45287-02e7-4261-aa40-459953d232f0: 35 groups; 1.8 s; peak memory 313 MiB.
2026-09-16T22:47:30Z INFO [206/361] 01f492b3-e3a0-4e96-9f47-de4a028504cf: 21 groups; 1.5 s; peak memory 313 MiB.
2026-09-16T22:47:32Z INFO [207/361] 01f4e554-43ef-4c65-b8c7-e93be0724edd: 48 groups; 2.7 s; peak memory 313 MiB.
2026-09-16T22:47:37Z INFO [208/361] 01f576c2-aa5d-49ed-8810-5c07e23f39a2: 128 groups; 4.3 s; peak memory 313 MiB.
2026-09-16T22:47:40Z INFO [209/361] 01f57f70-b30e-4aaf-a769-a7a1c22d3670: 50 groups; 3.0 s; peak memory 313 MiB.
2026-09-16T22:47:41Z INFO [210/361] 01f6afa1-149d-4717-bdcb-6b0dd4c32354: 202 groups; 1.7 s; peak memory 313 MiB.
2026-09-16T22:47:42Z INFO [211/361] 01f6eea8-5fae-4c76-bde4-6537c882f4b0: 16 groups; 0.8 s; peak memory 313 MiB.
2026-09-16T22:47:43Z INFO [212/361] 01f7c7d5-75d8-4aa2-b8c1-245ab298a704: 16 groups; 1.0 s; peak memory 313 MiB.
2026-09-16T22:47:44Z INFO [213/361] 01f8895d-2c37-4156-b2c5-26c10d319ef3: 32 groups; 1.3 s; peak memory 313 MiB.
2026-09-16T22:47:46Z INFO [214/361] 01f8cf1c-b84d-437b-9acb-8c002f012939: 33 groups; 1.1 s; peak memory 313 MiB.
2026-09-16T22:47:48Z INFO [215/361] 01f9f7a6-057c-44ea-8a24-7ed9926d39cd: 35 groups; 2.0 s; peak memory 313 MiB.
2026-09-16T22:47:49Z INFO [216/361] 01fa0c90-3ca5-4bca-bd2a-398d12002348: 203 groups; 1.7 s; peak memory 313 MiB.
2026-09-16T22:48:45Z INFO [217/361] 01fa3e1e-0cc7-42d2-b29f-4b4515d64b3c: 52 groups; 55.7 s; peak memory 313 MiB.
2026-09-16T22:48:47Z INFO [218/361] 01fb16ad-47a0-4b78-9fd3-1dfcdb8373ea: 35 groups; 1.8 s; peak memory 313 MiB.
2026-09-16T22:48:48Z INFO [219/361] 01fcc753-dcff-4d51-bdcd-517a4fa5a06a: 32 groups; 1.3 s; peak memory 313 MiB.
2026-09-16T22:48:50Z INFO [220/361] 01fcd800-f2e6-4d59-b793-9da1287e83e1: 336 groups; 1.8 s; peak memory 313 MiB.
2026-09-16T22:48:51Z INFO [221/361] 01fd2952-63c5-4855-8960-d991ba6fd96c: 22 groups; 1.1 s; peak memory 313 MiB.
2026-09-16T22:48:52Z INFO [222/361] 01fd37f4-6af9-46cd-9457-1eeaa3addd6e: 22 groups; 0.8 s; peak memory 313 MiB.
2026-09-16T22:48:53Z INFO [223/361] 01fe967a-5a98-4aef-a975-105f1080673a: 26 groups; 1.1 s; peak memory 313 MiB.
2026-09-16T22:49:02Z INFO [224/361] 01fecb69-389a-4e48-9857-c3cf8e478dd4: 50 groups; 8.6 s; peak memory 313 MiB.
2026-09-16T22:49:03Z INFO [225/361] 0200159b-5cef-4f6f-a19e-da04194b688f: 35 groups; 1.5 s; peak memory 313 MiB.
2026-09-16T22:49:04Z INFO [226/361] 02002359-552d-40c1-95b3-1b1c9df991c6: 16 groups; 0.9 s; peak memory 313 MiB.
2026-09-16T22:49:11Z INFO [227/361] 020072db-36d6-44cc-a0c5-9a11304345be: 27 groups; 7.5 s; peak memory 313 MiB.
2026-09-16T22:49:13Z INFO [228/361] 0200e900-6fed-484b-a901-55d241443864: 32 groups; 1.4 s; peak memory 313 MiB.
2026-09-16T22:49:21Z INFO [229/361] 02013b4b-5642-48c7-ab6f-839d5e1877c4: 203 groups; 8.4 s; peak memory 313 MiB.
2026-09-16T22:49:29Z INFO [230/361] 02013d9e-52bd-4a4e-a51a-7d36bd4e63d6: 34 groups; 7.7 s; peak memory 313 MiB.
2026-09-16T22:49:31Z INFO [231/361] 02018c69-d2de-4dab-9878-774fcb8cab7c: 40 groups; 1.8 s; peak memory 313 MiB.
2026-09-16T22:49:32Z INFO [232/361] 0201c128-f439-420a-a618-0ae9a439724f: 22 groups; 1.1 s; peak memory 313 MiB.
2026-09-16T22:49:33Z INFO [233/361] 020205b2-c64f-4ea9-81d0-39d8bbe39d73: 22 groups; 1.0 s; peak memory 313 MiB.
2026-09-16T22:49:34Z INFO [234/361] 02026466-ada5-432e-a1bb-a0a471ff2712: 22 groups; 1.1 s; peak memory 313 MiB.
2026-09-16T22:49:43Z INFO [235/361] 0202d809-0b81-4d6a-b5d1-14427511a493: 198 groups; 9.2 s; peak memory 313 MiB.
2026-09-16T22:49:44Z INFO [236/361] 0202e9fb-450c-4da1-bf7c-ceb782960a0f: 22 groups; 1.1 s; peak memory 313 MiB.
2026-09-16T22:51:25Z INFO [237/361] 0203c1f4-b206-4701-b178-059324565f31: 63 groups; 100.9 s; peak memory 362 MiB.
2026-09-16T22:51:26Z INFO [238/361] 0204dc1b-d5be-447e-a66a-c2e85d7ff02b: 32 groups; 1.3 s; peak memory 362 MiB.
2026-09-16T22:51:27Z INFO [239/361] 0206cb4c-0d32-49ae-94cc-fc49159fe548: 251 groups; 1.1 s; peak memory 362 MiB.
2026-09-16T22:51:28Z INFO [240/361] 0206e05a-84f3-4276-8ca8-42c63dc0fd3d: 22 groups; 0.9 s; peak memory 362 MiB.
2026-09-16T22:51:29Z INFO [241/361] 0206e0b8-3993-4b25-ba45-81e6ddf48e29: 22 groups; 1.1 s; peak memory 362 MiB.
2026-09-16T22:51:31Z INFO [242/361] 0209714e-5ea9-4cc1-b8d8-0605118a4f07: 33 groups; 1.2 s; peak memory 362 MiB.
2026-09-16T22:51:33Z INFO [243/361] 02099db8-dc9a-4f06-bc2c-cb80aeebc57f: 48 groups; 2.1 s; peak memory 362 MiB.
2026-09-16T22:51:34Z INFO [244/361] 020ac9fa-db6c-48e7-a442-d430acd488dc: 32 groups; 1.2 s; peak memory 362 MiB.
2026-09-16T22:51:35Z INFO [245/361] 020b2974-3364-46f3-9e4a-5a1dc31dd549: 32 groups; 1.2 s; peak memory 362 MiB.
2026-09-16T22:51:36Z INFO [246/361] 020b3a38-0a03-40d9-891a-039e2589e51e: 32 groups; 1.2 s; peak memory 362 MiB.
2026-09-16T22:51:38Z INFO [247/361] 020c9347-39d5-454c-ab0d-17ebbdfa8336: 21 groups; 1.3 s; peak memory 362 MiB.
2026-09-16T22:51:44Z INFO [248/361] 020d84ca-4c32-4c98-8345-35c3d13dd1b5: 66 groups; 6.0 s; peak memory 362 MiB.
2026-09-16T22:51:45Z INFO [249/361] 020dd284-1b36-4959-affe-dc24f26f447e: 194 groups; 1.6 s; peak memory 362 MiB.
2026-09-16T22:51:46Z INFO [250/361] 020e2949-5097-4f2d-9924-058b328dff84: 24 groups; 1.2 s; peak memory 362 MiB.
2026-09-16T22:51:47Z INFO [250/361] 020e2949-5097-4f2d-9924-058b328dff84: checkpointed 47919 records.
2026-09-16T22:51:49Z INFO [251/361] 020e377b-013e-4d90-8e52-992b6f090f36: 54 groups; 2.3 s; peak memory 362 MiB.
2026-09-16T22:51:50Z INFO [252/361] 020f33a0-a509-4021-8ada-4c83d2d3cd23: 35 groups; 1.5 s; peak memory 362 MiB.
2026-09-16T22:51:52Z INFO [253/361] 020fb2c7-1e4e-4188-ad5f-328941671a23: 35 groups; 1.7 s; peak memory 362 MiB.
2026-09-16T22:51:54Z INFO [254/361] 021078ad-6fe0-45e4-9fb6-4404fc7ea904: 35 groups; 1.8 s; peak memory 362 MiB.
2026-09-16T22:51:55Z INFO [255/361] 02116997-1d31-45c8-9613-0daca1846bbb: 28 groups; 0.8 s; peak memory 362 MiB.
2026-09-16T22:51:56Z INFO [256/361] 0211b58a-7025-4833-a441-6aba113c9c6b: 22 groups; 1.1 s; peak memory 362 MiB.
2026-09-16T22:51:57Z INFO [257/361] 0211ccb0-e683-40ce-9016-5489dc082535: 33 groups; 1.2 s; peak memory 362 MiB.
2026-09-16T22:51:58Z INFO [258/361] 021271f6-7aed-447a-baae-7a5060f502e4: 22 groups; 1.1 s; peak memory 362 MiB.
2026-09-16T22:52:00Z INFO [259/361] 0212cdb4-e383-43dd-bb19-9fc006551315: 35 groups; 1.8 s; peak memory 362 MiB.
2026-09-16T22:52:01Z INFO [260/361] 02131dd5-b976-456f-9743-660b1b7b7d00: 35 groups; 1.2 s; peak memory 362 MiB.
2026-09-16T22:52:06Z INFO [261/361] 02134707-6800-4572-97a5-732cd4d9c309: 75 groups; 5.3 s; peak memory 362 MiB.
2026-09-16T22:52:08Z INFO [262/361] 0213673b-eddc-4db0-8c07-1e477bb8b66a: 32 groups; 1.4 s; peak memory 362 MiB.
2026-09-16T22:52:09Z INFO [263/361] 021388a2-19e0-4b6b-945d-2ee0d3a39930: 33 groups; 1.7 s; peak memory 362 MiB.
2026-09-16T22:52:11Z INFO [264/361] 021433c3-33a4-4860-aafc-5f2a9650e89f: 252 groups; 1.3 s; peak memory 362 MiB.
2026-09-16T22:52:11Z INFO [265/361] 0214ab45-a5da-4d07-9748-838f3ec9b46b: 16 groups; 0.8 s; peak memory 362 MiB.
2026-09-16T22:52:14Z INFO [266/361] 021553cd-c5da-4b33-9019-0abf92c9af28: 48 groups; 2.7 s; peak memory 362 MiB.
2026-09-16T22:52:32Z INFO [267/361] 0215df30-d9e8-4e30-aa42-fc63febd68a0: 23 groups; 17.7 s; peak memory 362 MiB.
2026-09-16T22:52:33Z INFO [268/361] 02162606-2fd4-49f1-a967-4aa1b8e7f3c5: 103 groups; 1.2 s; peak memory 362 MiB.
2026-09-16T22:52:34Z INFO [269/361] 0217144a-17da-4ce6-baa4-1b74b9bc1d33: 22 groups; 0.8 s; peak memory 362 MiB.
2026-09-16T22:52:35Z INFO [270/361] 0217599f-e8df-4d9c-a471-b139a575195f: 33 groups; 1.2 s; peak memory 362 MiB.
2026-09-16T22:52:42Z INFO [271/361] 0218437c-a7c5-4969-b886-b9c7ced671ae: 152 groups; 7.1 s; peak memory 362 MiB.
2026-09-16T22:52:43Z INFO [272/361] 02192944-f638-4616-9e45-6b7438119c8f: 16 groups; 1.2 s; peak memory 362 MiB.
2026-09-16T22:52:44Z INFO [273/361] 0219635a-c536-4dd6-906e-ce90231ac0d1: 22 groups; 0.9 s; peak memory 362 MiB.
2026-09-16T22:52:45Z INFO [274/361] 0219a005-d38e-4491-a5da-fdad94f99c02: 22 groups; 1.1 s; peak memory 362 MiB.
2026-09-16T22:52:52Z INFO [275/361] 0219aecc-9f52-48e2-9e9f-405debad6534: 1278 groups; 6.6 s; peak memory 362 MiB.
2026-09-16T22:52:53Z INFO [276/361] 021a3fa8-1ba3-45a4-ba50-015ffa00ff89: 32 groups; 1.3 s; peak memory 362 MiB.
2026-09-16T22:52:55Z INFO [277/361] 021a63dc-c8ba-4116-998c-dcfe2029b5b5: 35 groups; 1.7 s; peak memory 362 MiB.
2026-09-16T22:53:01Z INFO [278/361] 021ba67d-f6c1-4b2a-aace-2ef31436dc12: 47 groups; 5.9 s; peak memory 362 MiB.
2026-09-16T22:53:18Z INFO [279/361] 021c0c00-71bc-4a70-88f1-1058f89da08d: 23 groups; 16.6 s; peak memory 362 MiB.
2026-09-16T22:53:19Z INFO [280/361] 021c7269-7dfa-439a-86b3-e0942494b823: 35 groups; 1.7 s; peak memory 362 MiB.
2026-09-16T22:53:21Z INFO [281/361] 021f8583-dafb-49e9-bb86-767bdd6d36cd: 32 groups; 1.3 s; peak memory 362 MiB.
2026-09-16T22:53:25Z INFO [282/361] 02200e9e-efac-4fa7-ab06-e93e672eb6c1: 34 groups; 4.0 s; peak memory 362 MiB.
2026-09-16T22:53:27Z INFO [283/361] 022066a5-3000-4262-b90e-0f55e59c39be: 48 groups; 2.8 s; peak memory 362 MiB.
2026-09-16T22:53:37Z INFO [284/361] 02214a03-32bd-48d4-b7f4-5bf97b00a1df: 128 groups; 9.8 s; peak memory 362 MiB.
2026-09-16T22:53:55Z INFO [285/361] 02217475-9830-4f02-b35c-a6dccc8e8aa8: 251 groups; 18.0 s; peak memory 362 MiB.
2026-09-16T22:53:56Z INFO [286/361] 0221f874-5c13-480d-ac4d-5099d8a85b7a: 22 groups; 1.1 s; peak memory 362 MiB.
2026-09-16T22:53:58Z INFO [287/361] 02244ba2-685c-4ac0-baf5-0f61ebef75d3: 32 groups; 1.3 s; peak memory 362 MiB.
2026-09-16T22:53:59Z INFO [288/361] 02253495-3c34-47ab-9121-d3e74909f5c9: 34 groups; 1.3 s; peak memory 362 MiB.
2026-09-16T22:54:00Z INFO [289/361] 0225c5b9-3b9a-4af2-8765-009a3a65b30c: 18 groups; 0.9 s; peak memory 362 MiB.
2026-09-16T22:54:01Z INFO [290/361] 0225e258-b1f5-4649-aa11-b50389972297: 32 groups; 1.2 s; peak memory 362 MiB.
2026-09-16T22:54:02Z INFO [291/361] 022611a0-c9b5-49b0-9e63-877d2c228171: 22 groups; 1.1 s; peak memory 362 MiB.
2026-09-16T22:54:04Z INFO [292/361] 02262a07-b9e8-473e-8c77-79d24e0bd5af: 337 groups; 1.8 s; peak memory 362 MiB.
2026-09-16T22:54:06Z INFO [293/361] 02268c7b-9fa3-4c41-bdf3-81b04989e0c0: 48 groups; 2.1 s; peak memory 362 MiB.
2026-09-16T22:54:07Z INFO [294/361] 0226bdce-75ce-43b2-92e0-39000dbd3c81: 32 groups; 1.4 s; peak memory 362 MiB.
2026-09-16T22:54:09Z INFO [295/361] 02286594-b159-455b-9d4b-4cda00f62a37: 32 groups; 1.3 s; peak memory 362 MiB.
2026-09-16T22:54:10Z INFO [296/361] 0228e127-31ef-493c-9ab6-7ed874426dbb: 22 groups; 1.1 s; peak memory 362 MiB.
2026-09-16T22:54:11Z INFO [297/361] 0229b01d-c981-45d9-b461-26e6da04a154: 32 groups; 1.1 s; peak memory 362 MiB.
2026-09-16T22:54:12Z INFO [298/361] 022a2b7a-8cb7-4514-9afc-8df0d20dbd15: 21 groups; 1.4 s; peak memory 362 MiB.
2026-09-16T22:54:13Z INFO [299/361] 022c682c-f4af-4c60-a4f8-e9217c1c62a2: 29 groups; 1.2 s; peak memory 362 MiB.
2026-09-16T22:54:15Z INFO [300/361] 022e1f46-b049-4c83-9a3c-3bbdd4a41077: 35 groups; 1.6 s; peak memory 362 MiB.
2026-09-16T22:54:15Z INFO [300/361] 022e1f46-b049-4c83-9a3c-3bbdd4a41077: checkpointed 47969 records.
2026-09-16T22:54:17Z INFO [301/361] 022e8135-8686-48f0-b454-2668124ca593: 32 groups; 1.8 s; peak memory 362 MiB.
2026-09-16T22:54:18Z INFO [302/361] 022ec9c5-ec21-4513-bcd3-2e835e4cd506: 16 groups; 1.0 s; peak memory 362 MiB.
2026-09-16T22:54:19Z INFO [303/361] 022f150d-16e8-45d4-97b4-6181d63fd51f: 203 groups; 1.7 s; peak memory 362 MiB.
2026-09-16T22:55:03Z INFO [304/361] 022f339d-9d26-426b-9ef1-ca63eb47d5ad: 158 groups; 43.8 s; peak memory 362 MiB.
2026-09-16T22:55:05Z INFO [305/361] 022f8eb4-53ae-4af9-9bdc-674aae1edb51: 35 groups; 1.6 s; peak memory 362 MiB.
2026-09-16T22:55:06Z INFO [306/361] 02309b5a-860c-4df0-a7be-857ff5d255b5: 32 groups; 1.4 s; peak memory 362 MiB.
2026-09-16T22:55:07Z INFO [307/361] 0230eb57-d071-4bcc-9a22-6834afa40a85: 22 groups; 1.2 s; peak memory 362 MiB.
2026-09-16T22:55:08Z INFO [308/361] 02311f29-addb-49c5-98a6-c442fb85b402: 16 groups; 0.8 s; peak memory 362 MiB.
2026-09-16T22:55:10Z INFO [309/361] 02314e29-612a-4dc3-a24e-5af89266b939: 207 groups; 1.8 s; peak memory 362 MiB.
2026-09-16T22:55:11Z INFO [310/361] 0231748a-c88e-46b1-a553-bfae358aeb70: 32 groups; 1.1 s; peak memory 362 MiB.
2026-09-16T22:55:12Z INFO [311/361] 02328483-d31b-4de9-888a-574b619d2c97: 22 groups; 1.1 s; peak memory 362 MiB.
2026-09-16T22:55:13Z INFO [312/361] 0232c59a-ac44-447d-9063-ad2a1856fa92: 16 groups; 0.8 s; peak memory 362 MiB.
2026-09-16T22:55:14Z INFO [313/361] 0232edf3-d4db-44e4-ac0b-bca8596ed8c4: 22 groups; 1.2 s; peak memory 362 MiB.
2026-09-16T22:55:16Z INFO [314/361] 0234fc59-3c5a-4238-8e00-b8639b27b2a8: 32 groups; 1.2 s; peak memory 362 MiB.
2026-09-16T22:55:17Z INFO [315/361] 023522fa-48b1-4c9e-9a8b-37fb699f601f: 25 groups; 1.1 s; peak memory 362 MiB.
2026-09-16T22:55:24Z INFO [316/361] 02353ebe-f8dc-4283-925c-03fcd22d8178: 34 groups; 7.2 s; peak memory 362 MiB.
2026-09-16T22:55:25Z INFO [317/361] 023567f7-ce9d-4898-b402-2a07c9a0c61a: 35 groups; 1.3 s; peak memory 362 MiB.
2026-09-16T23:03:07Z INFO [318/361] 02366416-a104-4f5a-9322-49a59a543094: 35 groups; 462.0 s; peak memory 1188 MiB.
2026-09-16T23:03:09Z INFO [319/361] 02384071-60ea-4822-9424-8f6d5d102b9c: 202 groups; 1.6 s; peak memory 1188 MiB.
2026-09-16T23:06:29Z INFO [320/361] 02384416-3bd6-4b38-bdd6-0b113df75307: 81 groups; 200.3 s; peak memory 1188 MiB.
2026-09-16T23:06:35Z INFO [321/361] 02391096-53ee-4f1f-b0fc-949452447198: 181 groups; 6.2 s; peak memory 1188 MiB.
2026-09-16T23:06:37Z INFO [322/361] 02399f2b-f3b5-4150-95bb-24db73e74493: 32 groups; 1.4 s; peak memory 1188 MiB.
2026-09-16T23:06:38Z INFO [323/361] 023aa742-1af9-4e46-93e9-7acf2d5d6259: 32 groups; 1.3 s; peak memory 1188 MiB.
2026-09-16T23:06:42Z INFO [324/361] 023ab37d-1bd1-44e0-88df-a0ef3acba32d: 34 groups; 4.0 s; peak memory 1188 MiB.
2026-09-16T23:06:43Z INFO [325/361] 023accbf-1eec-4548-9a9e-d33bd5d81eba: 32 groups; 1.3 s; peak memory 1188 MiB.
2026-09-16T23:06:46Z INFO [326/361] 023b8db2-1a14-44b5-9772-62a39003552d: 47 groups; 2.3 s; peak memory 1188 MiB.
2026-09-16T23:06:47Z INFO [327/361] 023be53b-62a9-4348-8491-a5635f7b2c8a: 35 groups; 1.4 s; peak memory 1188 MiB.
2026-09-16T23:06:48Z INFO [328/361] 023cd4ec-9f12-4acc-a100-31fc438c60a9: 37 groups; 1.1 s; peak memory 1188 MiB.
2026-09-16T23:07:02Z INFO [329/361] 023d394c-5b65-49f8-b2dc-e848e442157a: 278 groups; 14.3 s; peak memory 1188 MiB.
2026-09-16T23:07:04Z INFO [330/361] 023de8d7-011a-49df-ab78-450790e357e5: 22 groups; 1.2 s; peak memory 1188 MiB.
2026-09-16T23:07:05Z INFO [331/361] 023e2f62-a1b6-46e0-bf97-a552e16263cb: 35 groups; 1.4 s; peak memory 1188 MiB.
2026-09-16T23:07:06Z INFO [332/361] 023ed86e-9ccc-4f5e-89d4-75f8f3f61647: 25 groups; 1.2 s; peak memory 1188 MiB.
2026-09-16T23:07:08Z INFO [333/361] 023f13e6-5a20-46e4-90d3-bd40165f0b3e: 30 groups; 2.1 s; peak memory 1188 MiB.
2026-09-16T23:07:24Z INFO [334/361] 023f6326-2c0c-4725-a2c8-4b3583889d50: 27 groups; 15.1 s; peak memory 1188 MiB.
2026-09-16T23:07:25Z INFO [335/361] 023fef0f-fd7e-41ea-89be-fe513f8a92c9: 196 groups; 1.6 s; peak memory 1188 MiB.
2026-09-16T23:07:26Z INFO [336/361] 023ff1ca-0551-4307-b268-d50aeab24783: 22 groups; 1.1 s; peak memory 1188 MiB.
2026-09-16T23:07:29Z INFO [337/361] 02407b32-7320-4fd5-8859-34ac126b314b: 34 groups; 2.3 s; peak memory 1188 MiB.
2026-09-16T23:07:29Z INFO [338/361] 02411261-31e4-4c48-bff0-ad538f6f2bd4: 30 groups; 0.8 s; peak memory 1188 MiB.
2026-09-16T23:07:31Z INFO [339/361] 02422670-f4fb-4366-98ee-9d194ca98183: 202 groups; 1.6 s; peak memory 1188 MiB.
2026-09-16T23:07:33Z INFO [340/361] 024319c7-263e-4d84-a82e-9c902772332c: 35 groups; 1.5 s; peak memory 1188 MiB.
2026-09-16T23:07:34Z INFO [341/361] 02439c1d-d548-4c8f-ab65-d050373789d2: 202 groups; 1.6 s; peak memory 1188 MiB.
2026-09-16T23:07:35Z INFO [342/361] 0244990f-1c79-4fcb-af48-11e466967bf9: 22 groups; 1.1 s; peak memory 1188 MiB.
2026-09-16T23:07:50Z INFO [343/361] 02452938-7c44-4f8f-a7a7-4be1b8af13be: 92 groups; 14.8 s; peak memory 1188 MiB.
2026-09-16T23:07:51Z INFO [344/361] 0245bdf4-38ea-4c16-83c6-79ce769c0b53: 22 groups; 1.2 s; peak memory 1188 MiB.
2026-09-16T23:07:52Z INFO [345/361] 0245e7c2-2f04-42a1-9302-4ff778105167: 22 groups; 1.0 s; peak memory 1188 MiB.
2026-09-16T23:07:59Z INFO [346/361] 0246d73f-65cd-43ac-bfce-54c34aaad5f4: 27 groups; 7.2 s; peak memory 1188 MiB.
2026-09-16T23:08:00Z INFO [347/361] 0247201e-6f40-485e-96d0-1f8d1540f624: 24 groups; 1.0 s; peak memory 1188 MiB.
2026-09-16T23:08:02Z INFO [348/361] 024735c1-6631-4c96-8aa1-cf2fbbd0b10c: 202 groups; 1.6 s; peak memory 1188 MiB.
2026-09-16T23:08:03Z INFO [349/361] 0248d9ba-aa14-4dd5-85f9-38b106897ba6: 103 groups; 1.5 s; peak memory 1188 MiB.
2026-09-16T23:08:04Z INFO [350/361] 0248ebf7-dd32-4621-adbc-62b03bf0da27: 30 groups; 0.9 s; peak memory 1188 MiB.
2026-09-16T23:08:04Z INFO [350/361] 0248ebf7-dd32-4621-adbc-62b03bf0da27: checkpointed 48019 records.
2026-09-16T23:08:05Z INFO [351/361] 0249de9b-bb18-44b3-9ef6-0ac2f47a2505: 22 groups; 1.0 s; peak memory 1188 MiB.
2026-09-16T23:08:15Z INFO [352/361] 024a433d-a791-4d22-95ef-d8ee83418dec: 197 groups; 9.2 s; peak memory 1188 MiB.
2026-09-16T23:08:19Z INFO [353/361] 024aeec4-c011-4e7a-bbc3-cc2a56f81abe: 130 groups; 4.4 s; peak memory 1188 MiB.
2026-09-16T23:08:20Z INFO [354/361] 024af1bc-a710-4b93-8f36-403e5a9050c9: 22 groups; 1.1 s; peak memory 1188 MiB.
2026-09-16T23:08:21Z INFO [355/361] 024b57be-36e6-4381-8014-ebfdbd3672f7: 18 groups; 1.1 s; peak memory 1188 MiB.
2026-09-16T23:08:37Z INFO [356/361] 024c16ec-2d6b-4f08-98d7-ea9cbe98a7e9: 1800 groups; 15.9 s; peak memory 1188 MiB.
2026-09-16T23:08:38Z INFO [357/361] 024c8ff9-866c-40a0-bfc1-3f31ba9e8506: 17 groups; 0.9 s; peak memory 1188 MiB.
2026-09-16T23:08:39Z INFO [358/361] 024c929f-ae68-47de-90a0-2a31d64822b0: 25 groups; 1.2 s; peak memory 1188 MiB.
2026-09-16T23:08:41Z INFO [359/361] 024c9e5b-e169-4639-8951-7a0a7960e4e7: 35 groups; 2.0 s; peak memory 1188 MiB.
2026-09-16T23:08:42Z INFO [360/361] 024cd809-fee8-45f9-b486-e268805d2d2f: 30 groups; 0.7 s; peak memory 1188 MiB.
2026-09-16T23:08:45Z INFO [361/361] 024e6a13-f90b-42ee-92ed-e841997a105d: 71 groups; 2.9 s; peak memory 1188 MiB.
2026-09-16T23:08:45Z INFO Wrote 48030 records to /tmp/derivatives/valid_nwb_file_to_number_of_groups.jsonl (361 new, 0 failed) in 42.5 min (peak memory 1188 MiB).
