2026-09-27T22:37:36Z INFO Logging to /tmp/logs/update_2026-09-27T22-37-36Z.log.
2026-09-27T22:37:36Z INFO Update valid-nwb-file-to-number-of-groups (base directory /tmp).
2026-09-27T22:37:36Z INFO Processing 360 items (59870 already recorded).
2026-09-27T22:37:38Z INFO [1/360] 1af36811-8150-4e77-ac29-5793fc658685: 36 groups; 2.0 s; peak memory 100 MiB.
2026-09-27T22:37:39Z INFO [2/360] 1af45e93-bd70-4924-8f7a-96c5e189a8dd: 22 groups; 1.4 s; peak memory 100 MiB.
2026-09-27T22:38:18Z INFO [3/360] 1af484c0-1638-43a7-9871-5f68ac075494: 26 groups; 38.9 s; peak memory 165 MiB.
2026-09-27T22:38:34Z INFO [4/360] 1af4f27c-b74c-40af-860a-f24c5892a2fd: 201 groups; 15.7 s; peak memory 165 MiB.
2026-09-27T22:38:35Z INFO [5/360] 1af54bd7-a4c4-4442-b34b-93695e439c70: 22 groups; 1.3 s; peak memory 166 MiB.
2026-09-27T22:38:37Z INFO [6/360] 1af55522-66d9-4d63-acac-b1f9dd4c7496: 35 groups; 2.1 s; peak memory 166 MiB.
2026-09-27T22:38:39Z INFO [7/360] 1af58c64-7f9a-4a63-b8a7-f29d954d6874: 32 groups; 1.6 s; peak memory 166 MiB.
2026-09-27T22:38:41Z INFO [8/360] 1af58f08-f1d9-4f9b-b2f2-c97408339f60: 202 groups; 2.0 s; peak memory 166 MiB.
2026-09-27T22:38:43Z INFO [9/360] 1af634ac-77ad-4c7e-8be1-0d80068f9405: 33 groups; 1.6 s; peak memory 166 MiB.
2026-09-27T22:38:45Z INFO [10/360] 1af659ad-2701-45be-aea1-b89a58417f2f: 63 groups; 2.6 s; peak memory 166 MiB.
2026-09-27T22:38:46Z INFO [11/360] 1af6bf98-4166-41bd-9a72-37ae070ff582: 16 groups; 1.3 s; peak memory 166 MiB.
2026-09-27T22:38:51Z INFO [12/360] 1af6d203-d71e-4076-a2a3-f39cb70e48a1: 112 groups; 4.8 s; peak memory 166 MiB.
2026-09-27T22:39:04Z INFO [13/360] 1af75f1d-a770-42f9-b1c8-b4789ae0136f: 175 groups; 12.3 s; peak memory 166 MiB.
2026-09-27T22:39:05Z INFO [14/360] 1af8ad42-77ac-48f9-a760-d01b5c5ca4cb: 18 groups; 1.2 s; peak memory 166 MiB.
2026-09-27T22:39:06Z INFO [15/360] 1afa07a2-6853-4da7-b5c5-277f262ee3c6: 16 groups; 1.3 s; peak memory 166 MiB.
2026-09-27T22:39:07Z INFO [16/360] 1afac52c-b8f4-4a70-a25d-05a242378a7a: 22 groups; 1.3 s; peak memory 166 MiB.
2026-09-27T22:39:11Z INFO [17/360] 1afb06bd-4643-40ac-bb0f-c29776988b1a: 49 groups; 3.6 s; peak memory 167 MiB.
2026-09-27T22:39:12Z INFO [18/360] 1afc17cb-e333-405e-929e-e4aca7d12f1c: 22 groups; 1.2 s; peak memory 167 MiB.
2026-09-27T22:39:13Z INFO [19/360] 1afc3821-5107-442a-bec5-1ea6a871fb36: 16 groups; 1.2 s; peak memory 167 MiB.
2026-09-27T22:39:15Z INFO [20/360] 1afc6543-8239-421e-9b80-56da5b9cb191: 35 groups; 1.7 s; peak memory 167 MiB.
2026-09-27T22:39:16Z INFO [21/360] 1afc7990-55f0-4f36-a2f2-18cbbc2d2159: 22 groups; 1.4 s; peak memory 167 MiB.
2026-09-27T22:39:18Z INFO [22/360] 1afcb0ee-fd1c-499b-a823-4d09545b141c: 194 groups; 1.6 s; peak memory 167 MiB.
2026-09-27T22:39:19Z INFO [23/360] 1afddeed-f687-4c04-ae66-8ef677f7eeca: 22 groups; 1.3 s; peak memory 167 MiB.
2026-09-27T22:39:21Z INFO [24/360] 1afe12e2-8ea8-4142-90cd-804693253d09: 36 groups; 1.6 s; peak memory 167 MiB.
2026-09-27T22:40:40Z INFO [25/360] 1afe4dc8-ce45-4446-8753-9936fa6bfc99: 22 groups; 79.1 s; peak memory 237 MiB.
2026-09-27T22:40:42Z INFO [26/360] 1b00688e-6854-4479-8e6b-87c9d7905344: 22 groups; 1.6 s; peak memory 237 MiB.
2026-09-27T22:41:02Z INFO [27/360] 1b0135d1-b194-400f-acf3-b579b302b827: 23 groups; 20.7 s; peak memory 237 MiB.
2026-09-27T22:41:31Z INFO [28/360] 1b01c958-449f-4da3-ac9c-1411e05b4872: 349 groups; 28.5 s; peak memory 237 MiB.
2026-09-27T22:41:34Z INFO [29/360] 1b022849-ae55-4dd9-858e-80caefa9c827: 341 groups; 2.7 s; peak memory 237 MiB.
2026-09-27T22:41:35Z INFO [30/360] 1b027c9d-eea2-44cf-84b8-8a45859a5554: 24 groups; 1.9 s; peak memory 237 MiB.
2026-09-27T22:41:37Z INFO [31/360] 1b027cb8-d77c-4dc1-aa2b-478c4f04cf23: 32 groups; 1.7 s; peak memory 237 MiB.
2026-09-27T22:41:52Z INFO [32/360] 1b029df2-9cac-4d07-bb86-f75ebe175b4d: 187 groups; 14.9 s; peak memory 237 MiB.
2026-09-27T22:41:54Z INFO [33/360] 1b033a30-ed2d-4c68-b3f7-86061f992046: 32 groups; 1.7 s; peak memory 237 MiB.
2026-09-27T22:41:55Z INFO [34/360] 1b03590c-ddd6-4b0a-89bb-ad418e6d75d1: 32 groups; 1.7 s; peak memory 237 MiB.
2026-09-27T22:42:11Z INFO [35/360] 1b04a40e-4f40-4840-93d0-78fda0383a19: 339 groups; 15.8 s; peak memory 237 MiB.
2026-09-27T22:42:13Z INFO [36/360] 1b04cd93-ce02-4160-b0e1-b3a180ebbbdc: 104 groups; 1.9 s; peak memory 237 MiB.
2026-09-27T22:42:15Z INFO [37/360] 1b053579-dd2b-4b44-8da4-56b39a24d594: 261 groups; 2.1 s; peak memory 237 MiB.
2026-09-27T22:42:17Z INFO [38/360] 1b05636e-0e8d-4417-85ed-95bef93c3e1b: 35 groups; 1.8 s; peak memory 237 MiB.
2026-09-27T22:42:19Z INFO [39/360] 1b056e37-d4be-4401-a646-6f66e1ad114a: 33 groups; 2.0 s; peak memory 237 MiB.
2026-09-27T22:42:20Z INFO [40/360] 1b05718c-53d9-497c-83f5-59392bd6d113: 22 groups; 1.3 s; peak memory 237 MiB.
2026-09-27T22:42:22Z INFO [41/360] 1b0614a1-cff8-468e-a664-96f57d09f08f: 22 groups; 1.4 s; peak memory 237 MiB.
2026-09-27T22:42:23Z INFO [42/360] 1b074d1e-9329-45dc-8125-a4db982e54d5: 29 groups; 1.5 s; peak memory 237 MiB.
2026-09-27T22:42:34Z INFO [43/360] 1b08f0ab-67ad-46cf-b083-c04b2b90a412: 278 groups; 10.5 s; peak memory 237 MiB.
2026-09-27T22:42:35Z INFO [44/360] 1b0a0c42-dd5d-4383-a8a6-894dbc179db7: 22 groups; 1.3 s; peak memory 237 MiB.
2026-09-27T22:42:37Z INFO [45/360] 1b0a3c2f-1c10-42af-9fad-6a737dd1f099: 35 groups; 2.2 s; peak memory 237 MiB.
2026-09-27T22:42:56Z INFO [46/360] 1b0ab8a9-b531-49be-bff8-4bb759d5fbc3: 23 groups; 18.8 s; peak memory 237 MiB.
2026-09-27T22:42:58Z INFO [47/360] 1b0b550c-9326-4b9f-962b-1e7f57e91a0e: 254 groups; 1.7 s; peak memory 237 MiB.
2026-09-27T22:43:00Z INFO [48/360] 1b0c4a61-bb5c-4616-b35f-fb274b49318d: 202 groups; 2.1 s; peak memory 237 MiB.
2026-09-27T22:43:01Z INFO [49/360] 1b0da3dc-d7c1-4330-a6f6-606e97efafba: 22 groups; 1.1 s; peak memory 237 MiB.
2026-09-27T22:43:19Z INFO [50/360] 1b0dbb12-4f07-4dbb-94e4-93361f4a942b: 284 groups; 17.5 s; peak memory 237 MiB.
2026-09-27T22:43:19Z INFO [50/360] 1b0dbb12-4f07-4dbb-94e4-93361f4a942b: checkpointed 59920 records.
2026-09-27T22:43:20Z INFO [51/360] 1b0dedb4-71cf-42d8-afad-7888573d5cbf: 33 groups; 1.5 s; peak memory 237 MiB.
2026-09-27T22:43:25Z INFO [52/360] 1b0ece62-bf23-40fc-aa24-0d3302713455: 22 groups; 4.9 s; peak memory 237 MiB.
2026-09-27T22:43:27Z INFO [53/360] 1b0f8efb-97d1-4d84-abed-0b1729b2791e: 35 groups; 1.8 s; peak memory 237 MiB.
2026-09-27T22:43:29Z INFO [54/360] 1b0f9aaf-edd9-40d4-ac98-d453c51b6c79: 35 groups; 2.1 s; peak memory 237 MiB.
2026-09-27T22:43:30Z INFO [55/360] 1b0fda33-ccd7-4e01-a859-3431596cf7ff: 31 groups; 1.2 s; peak memory 237 MiB.
2026-09-27T22:57:36Z INFO [56/360] 1b105c8e-e77f-4661-a130-f26d7926a30a: 42 groups; 845.9 s; peak memory 1119 MiB.
2026-09-27T22:57:38Z INFO [57/360] 1b10f877-12b1-49e2-8182-f9ebf70b52de: 22 groups; 1.4 s; peak memory 1119 MiB.
2026-09-27T22:57:40Z INFO [58/360] 1b128c85-f32b-4093-a8b0-0340530183f6: 35 groups; 2.4 s; peak memory 1119 MiB.
2026-09-27T22:57:42Z INFO [59/360] 1b133ce1-2213-48c3-bbe0-c55df6a8db00: 194 groups; 1.8 s; peak memory 1119 MiB.
2026-09-27T22:57:43Z INFO [60/360] 1b13aaef-ffb3-4d6d-9940-6a653bd9b0fb: 32 groups; 1.6 s; peak memory 1119 MiB.
2026-09-27T22:57:46Z INFO [61/360] 1b13ea5e-2f9a-4a0f-b294-514adc1641f1: 48 groups; 3.1 s; peak memory 1119 MiB.
2026-09-27T22:57:48Z INFO [62/360] 1b16a58e-20ee-41c4-981e-3aa8c94d8391: 32 groups; 1.7 s; peak memory 1119 MiB.
2026-09-27T22:57:49Z INFO [63/360] 1b181fa7-76d0-40d2-a719-52239c545d6d: 22 groups; 1.3 s; peak memory 1119 MiB.
2026-09-27T22:57:52Z INFO [64/360] 1b193914-fc92-4d57-8c00-332cc67433a7: 48 groups; 3.0 s; peak memory 1119 MiB.
2026-09-27T22:57:59Z INFO [65/360] 1b19b146-228f-472e-a3f7-44edaabcf783: 26 groups; 6.9 s; peak memory 1119 MiB.
2026-09-27T22:58:00Z INFO [66/360] 1b19eabd-7bb7-40fa-9698-42fb1f950064: 30 groups; 1.3 s; peak memory 1119 MiB.
2026-09-27T22:58:09Z INFO [67/360] 1b19f5ad-bf9b-43eb-80f0-cf39f0fa5463: 181 groups; 8.9 s; peak memory 1119 MiB.
2026-09-27T22:58:11Z INFO [68/360] 1b1a6232-6af7-4783-be44-5d702c66e60d: 22 groups; 1.3 s; peak memory 1119 MiB.
2026-09-27T22:58:13Z INFO [69/360] 1b1acc18-12d5-49ee-99c7-590c4c358abd: 32 groups; 1.8 s; peak memory 1119 MiB.
2026-09-27T22:58:14Z INFO [70/360] 1b1b8be9-21fb-41c9-902c-61940e1d1a50: 32 groups; 1.6 s; peak memory 1119 MiB.
2026-09-27T22:58:16Z INFO [71/360] 1b1c02ca-9a56-4c92-bd4e-c772c544ca4c: 194 groups; 1.8 s; peak memory 1119 MiB.
2026-09-27T22:58:28Z INFO [72/360] 1b1c3bee-7ab3-4716-9846-30800a7109da: 171 groups; 11.8 s; peak memory 1119 MiB.
2026-09-27T22:58:40Z INFO [73/360] 1b1cc320-39a3-43b5-b742-74dae145e385: 189 groups; 11.8 s; peak memory 1119 MiB.
2026-09-27T22:58:48Z INFO [74/360] 1b1f58c6-7ca5-443f-a5b3-5a558337eca7: 63 groups; 8.5 s; peak memory 1119 MiB.
2026-09-27T22:58:50Z INFO [75/360] 1b1fa49f-4f47-4187-8a92-2cd5285e6e81: 28 groups; 1.5 s; peak memory 1119 MiB.
2026-09-27T22:58:51Z INFO [76/360] 1b20c525-c1e6-4185-8f69-e534d529fc20: 336 groups; 1.9 s; peak memory 1119 MiB.
2026-09-27T22:58:53Z INFO [77/360] 1b216ff6-80a0-4ed5-a715-649f97667f48: 22 groups; 1.5 s; peak memory 1119 MiB.
2026-09-27T22:58:54Z INFO [78/360] 1b221fe6-a4fd-4c14-8914-c6ba9eb0cd78: 18 groups; 1.1 s; peak memory 1119 MiB.
2026-09-27T22:58:57Z INFO [79/360] 1b226a86-80c7-4b6a-8f42-9c2c0c0522d8: 201 groups; 2.8 s; peak memory 1119 MiB.
2026-09-27T22:58:58Z INFO [80/360] 1b23a226-f774-445b-ae09-2a8ba05290a1: 22 groups; 1.1 s; peak memory 1119 MiB.
2026-09-27T22:59:17Z INFO [81/360] 1b244b32-7bfe-43f3-8378-72eab59624b1: 358 groups; 19.0 s; peak memory 1119 MiB.
2026-09-27T22:59:18Z INFO [82/360] 1b24d6ad-bb61-41e5-b094-97debe167178: 33 groups; 1.5 s; peak memory 1119 MiB.
2026-09-27T22:59:21Z INFO [83/360] 1b260e3c-a5ae-4978-89c6-3f7c32c1c957: 48 groups; 2.6 s; peak memory 1119 MiB.
2026-09-27T22:59:27Z INFO [84/360] 1b2718a0-e47b-437b-8397-c076d2860738: 105 groups; 6.3 s; peak memory 1119 MiB.
2026-09-27T22:59:29Z INFO [85/360] 1b28a63f-4795-4557-8204-4b2fe183c9ec: 32 groups; 1.7 s; peak memory 1119 MiB.
2026-09-27T22:59:30Z INFO [86/360] 1b29793e-1d66-420e-9dd3-d08147236783: 22 groups; 1.3 s; peak memory 1119 MiB.
2026-09-27T22:59:32Z INFO [87/360] 1b29b73b-1200-4d68-bc2e-71615748f5a5: 35 groups; 1.9 s; peak memory 1119 MiB.
2026-09-27T22:59:34Z INFO [88/360] 1b2ba18e-f3f1-4e91-8a11-f02c3a56e886: 206 groups; 2.2 s; peak memory 1119 MiB.
2026-09-27T22:59:36Z INFO [89/360] 1b2bb8a0-6261-44df-827a-70f28248b914: 26 groups; 2.1 s; peak memory 1119 MiB.
2026-09-27T22:59:38Z INFO [90/360] 1b2bdb42-4716-4188-aebd-edcf0ed0e413: 35 groups; 1.7 s; peak memory 1119 MiB.
2026-09-27T22:59:40Z INFO [91/360] 1b2bef07-b0f2-4784-aa4d-e22cf614798c: 29 groups; 1.3 s; peak memory 1119 MiB.
2026-09-27T22:59:43Z INFO [92/360] 1b2c6825-8795-4fe6-b9e2-cc3531713a47: 54 groups; 3.6 s; peak memory 1119 MiB.
2026-09-27T22:59:49Z INFO [93/360] 1b2c7910-9465-4e7c-b30f-f0dd3d410d4f: 33 groups; 6.0 s; peak memory 1119 MiB.
2026-09-27T22:59:51Z INFO [94/360] 1b2e5fe3-3da8-4506-9347-a8600a599408: 25 groups; 1.6 s; peak memory 1119 MiB.
2026-09-27T22:59:53Z INFO [95/360] 1b30148f-ba8c-44d2-a283-18a68c5c67c5: 35 groups; 1.9 s; peak memory 1119 MiB.
2026-09-27T22:59:59Z INFO [96/360] 1b3042b7-fa26-4236-bd41-da3cd61153bc: 148 groups; 6.8 s; peak memory 1119 MiB.
2026-09-27T23:00:01Z INFO [97/360] 1b30d050-9f95-4f1b-ae3d-b890c93f4068: 22 groups; 1.4 s; peak memory 1119 MiB.
2026-09-27T23:00:02Z INFO [98/360] 1b31233c-85bc-4e42-a27d-699a1b49baa1: 22 groups; 1.5 s; peak memory 1119 MiB.
2026-09-27T23:00:04Z INFO [99/360] 1b322a2f-4eca-415c-88a7-3f1071370a59: 29 groups; 1.5 s; peak memory 1119 MiB.
2026-09-27T23:00:06Z INFO [100/360] 1b325904-05c0-4d0e-9d5c-d182d87ec958: 35 groups; 2.0 s; peak memory 1119 MiB.
2026-09-27T23:00:06Z INFO [100/360] 1b325904-05c0-4d0e-9d5c-d182d87ec958: checkpointed 59970 records.
2026-09-27T23:00:07Z INFO [101/360] 1b328d87-57d2-4f8d-a00b-a7b38ebc8432: 16 groups; 1.1 s; peak memory 1119 MiB.
2026-09-27T23:00:09Z INFO [102/360] 1b32d631-fe02-4573-94e3-39fd47310542: 32 groups; 1.7 s; peak memory 1119 MiB.
2026-09-27T23:00:13Z INFO [103/360] 1b3323a2-3fbc-4d82-bc36-fba1f05519df: 54 groups; 4.1 s; peak memory 1119 MiB.
2026-09-27T23:00:14Z INFO [104/360] 1b338d22-da56-4722-8b08-766039efd462: 22 groups; 1.4 s; peak memory 1119 MiB.
2026-09-27T23:00:16Z INFO [105/360] 1b348004-1aba-4328-be26-2e81d61bd3a6: 36 groups; 1.7 s; peak memory 1119 MiB.
2026-09-27T23:00:17Z INFO [106/360] 1b34a31c-5a79-4c49-81a4-265430772f28: 16 groups; 1.1 s; peak memory 1119 MiB.
2026-09-27T23:00:19Z INFO [107/360] 1b34a37d-3ff5-4f57-970a-0af714098a92: 35 groups; 2.4 s; peak memory 1119 MiB.
2026-09-27T23:00:21Z INFO [108/360] 1b34e5c2-a824-4982-925c-2093d2c219dd: 25 groups; 1.8 s; peak memory 1119 MiB.
2026-09-27T23:00:22Z INFO [109/360] 1b34f143-c783-4170-b3db-63aa9ee38d92: 16 groups; 1.1 s; peak memory 1119 MiB.
2026-09-27T23:00:24Z INFO [110/360] 1b351092-cbe0-4179-91fe-a1b78b775718: 32 groups; 1.6 s; peak memory 1119 MiB.
2026-09-27T23:00:26Z INFO [111/360] 1b354138-91c3-43b7-a005-8b8b4d13b6f5: 49 groups; 2.2 s; peak memory 1119 MiB.
2026-09-27T23:00:38Z INFO [112/360] 1b355901-48a2-40bb-a7bb-223c40f6b5fd: 68 groups; 12.3 s; peak memory 1119 MiB.
2026-09-27T23:00:52Z INFO [113/360] 1b35d443-cc89-4d2e-a2fe-ce8c8580f8c9: 1821 groups; 14.0 s; peak memory 1119 MiB.
2026-09-27T23:00:54Z INFO [114/360] 1b3692f7-dd10-433d-b875-d6eb459721de: 22 groups; 1.3 s; peak memory 1119 MiB.
2026-09-27T23:00:55Z INFO [115/360] 1b36bc83-d02e-4b3b-917a-40c02b4ce7d4: 22 groups; 1.2 s; peak memory 1119 MiB.
2026-09-27T23:00:56Z INFO [116/360] 1b36bf98-1672-45ea-b3ff-39ec73e7f3fd: 21 groups; 1.6 s; peak memory 1119 MiB.
2026-09-27T23:00:58Z INFO [117/360] 1b36d676-87a3-47cc-8a43-4b51592389b4: 25 groups; 1.6 s; peak memory 1119 MiB.
2026-09-27T23:01:00Z INFO [118/360] 1b370e83-e2e1-4c2c-b1f6-fad4f6bcc531: 35 groups; 1.7 s; peak memory 1119 MiB.
2026-09-27T23:01:01Z INFO [119/360] 1b3710b2-bf4c-4be8-ba21-43c0d5a839a9: 22 groups; 1.3 s; peak memory 1119 MiB.
2026-09-27T23:01:03Z INFO [120/360] 1b371add-999f-4ce0-bc93-c89625df3e5c: 35 groups; 2.0 s; peak memory 1119 MiB.
2026-09-27T23:01:05Z INFO [121/360] 1b372bf0-7e0e-4147-8cb8-194b1068f2a3: 32 groups; 1.7 s; peak memory 1119 MiB.
2026-09-27T23:01:06Z INFO [122/360] 1b37a3ee-2ba0-4cc8-bc73-5e654e49b0c3: 18 groups; 1.1 s; peak memory 1119 MiB.
2026-09-27T23:01:07Z INFO [123/360] 1b37cd42-79b4-48cc-8144-a5644c75abfd: 30 groups; 1.4 s; peak memory 1119 MiB.
2026-09-27T23:01:09Z INFO [124/360] 1b39b077-25d9-421a-bb95-ba1288354670: 35 groups; 1.7 s; peak memory 1119 MiB.
2026-09-27T23:01:10Z INFO [125/360] 1b39dad2-355e-42c6-9337-67eef98137d2: 251 groups; 1.4 s; peak memory 1119 MiB.
2026-09-27T23:01:12Z INFO [126/360] 1b39f664-a6e5-47fd-86dc-6aeae60f04dd: 22 groups; 1.4 s; peak memory 1119 MiB.
2026-09-27T23:01:14Z INFO [127/360] 1b39faf4-df76-474f-8174-092c7b9e7f55: 35 groups; 1.9 s; peak memory 1119 MiB.
2026-09-27T23:01:15Z INFO [128/360] 1b3af3b3-c892-490e-ae39-6fd6e5c8211f: 33 groups; 1.8 s; peak memory 1119 MiB.
2026-09-27T23:01:17Z INFO [129/360] 1b3d2375-41ef-41bd-9eda-24490ae74e5e: 32 groups; 1.6 s; peak memory 1119 MiB.
2026-09-27T23:01:18Z INFO [130/360] 1b3d2fb9-2e7e-419e-85cc-440d54835a09: 22 groups; 1.4 s; peak memory 1119 MiB.
2026-09-27T23:01:20Z INFO [131/360] 1b3df003-58f0-4ae5-b0ed-a542b6071d6e: 32 groups; 1.6 s; peak memory 1119 MiB.
2026-09-27T23:01:22Z INFO [132/360] 1b4031e4-7932-430c-b22b-171a4f81204a: 253 groups; 1.6 s; peak memory 1119 MiB.
2026-09-27T23:01:24Z INFO [133/360] 1b41a9c3-331d-4c01-9ccb-5f0b821c5e77: 336 groups; 2.1 s; peak memory 1119 MiB.
2026-09-27T23:01:25Z INFO [134/360] 1b429fcd-2364-49f3-bc29-af1d28c3a196: 32 groups; 1.6 s; peak memory 1119 MiB.
2026-09-27T23:01:29Z INFO [135/360] 1b42ab5d-c00c-48ae-921b-80c9b8ebde10: 48 groups; 3.5 s; peak memory 1119 MiB.
2026-09-27T23:01:31Z INFO [136/360] 1b42afc4-e84f-420e-a199-0577735cfd35: 337 groups; 2.1 s; peak memory 1119 MiB.
2026-09-27T23:01:32Z INFO [137/360] 1b42d582-cebf-4b0d-accb-84c53eca1136: 22 groups; 1.4 s; peak memory 1119 MiB.
2026-09-27T23:01:34Z INFO [138/360] 1b4364e9-f5e0-49f4-be8d-72ece203f5a3: 32 groups; 1.8 s; peak memory 1119 MiB.
2026-09-27T23:01:35Z INFO [139/360] 1b43e104-ed87-462e-adce-3e8f5f110b4b: 17 groups; 1.1 s; peak memory 1119 MiB.
2026-09-27T23:01:37Z INFO [140/360] 1b43f8fe-6171-4357-a86d-d19f30feb032: 22 groups; 1.4 s; peak memory 1119 MiB.
2026-09-27T23:01:38Z INFO [141/360] 1b440544-6bb4-4df2-ab5c-8f71e7f546d2: 30 groups; 1.4 s; peak memory 1119 MiB.
2026-09-27T23:01:40Z INFO [142/360] 1b45281c-bb8d-4c03-81d1-e1951d28f662: 20 groups; 1.5 s; peak memory 1119 MiB.
2026-09-27T23:01:41Z INFO [143/360] 1b456f5e-4a67-40a7-85ab-7e0fd9b1afc0: 32 groups; 1.6 s; peak memory 1119 MiB.
2026-09-27T23:01:42Z INFO [144/360] 1b457133-0bd0-463e-996d-89b6256915e2: 16 groups; 1.0 s; peak memory 1119 MiB.
2026-09-27T23:01:51Z INFO [145/360] 1b46f895-e328-4065-8366-c364162a8904: 17 groups; 8.9 s; peak memory 1119 MiB.
2026-09-27T23:01:53Z INFO [146/360] 1b474cbf-6046-4d4b-a520-035505b86452: 32 groups; 2.0 s; peak memory 1119 MiB.
2026-09-27T23:01:55Z INFO [147/360] 1b482037-2652-4af0-ac29-6bf66f2cabf3: 35 groups; 1.9 s; peak memory 1119 MiB.
2026-09-27T23:01:57Z INFO [148/360] 1b486391-55dd-4eef-814a-d0718f95e9f8: 32 groups; 1.6 s; peak memory 1119 MiB.
2026-09-27T23:01:58Z INFO [149/360] 1b495862-757e-475b-9d0d-4239c0e37f15: 22 groups; 1.4 s; peak memory 1119 MiB.
2026-09-27T23:02:00Z INFO [150/360] 1b497974-c26c-447a-97f2-c05db85e6669: 35 groups; 1.8 s; peak memory 1119 MiB.
2026-09-27T23:02:00Z INFO [150/360] 1b497974-c26c-447a-97f2-c05db85e6669: checkpointed 60020 records.
2026-09-27T23:02:22Z INFO [151/360] 1b4cc61b-d005-476c-b094-3c8c97fd1f60: 23 groups; 21.6 s; peak memory 1119 MiB.
2026-09-27T23:02:23Z INFO [152/360] 1b500396-4432-43f7-8073-df8b96b20007: 22 groups; 1.4 s; peak memory 1119 MiB.
2026-09-27T23:02:24Z INFO [153/360] 1b502ae7-ec4d-4ec2-9718-16f1ae6b02bc: 22 groups; 1.3 s; peak memory 1119 MiB.
2026-09-27T23:02:25Z INFO [154/360] 1b510ed0-1e05-4500-a1e1-6c0bb691c9e8: 16 groups; 1.1 s; peak memory 1119 MiB.
2026-09-27T23:02:27Z INFO [155/360] 1b512b13-abfa-426d-b173-344e5a5ec61e: 194 groups; 2.0 s; peak memory 1119 MiB.
2026-09-27T23:02:29Z INFO [156/360] 1b516565-cb79-49ff-8abf-2377669d26d9: 35 groups; 1.6 s; peak memory 1119 MiB.
2026-09-27T23:02:31Z INFO [157/360] 1b52549e-b48b-4c49-ad26-1d369d079ea0: 30 groups; 1.7 s; peak memory 1119 MiB.
2026-09-27T23:02:34Z INFO [158/360] 1b53c6e8-7b4f-4400-8a98-6b76895c636b: 67 groups; 2.8 s; peak memory 1119 MiB.
2026-09-27T23:02:35Z INFO [159/360] 1b56389c-5b99-4cab-90fd-d98501d73dd5: 25 groups; 1.6 s; peak memory 1119 MiB.
2026-09-27T23:02:37Z INFO [160/360] 1b578a24-b744-49a8-8855-07c91bce1d80: 33 groups; 1.6 s; peak memory 1119 MiB.
2026-09-27T23:02:38Z INFO [161/360] 1b57fa2b-63f9-4aa3-bc3b-34e63150031b: 22 groups; 1.3 s; peak memory 1119 MiB.
2026-09-27T23:02:39Z INFO [162/360] 1b5826e6-db71-4e41-9e53-2a0dafa3700f: 17 groups; 1.2 s; peak memory 1119 MiB.
2026-09-27T23:02:41Z INFO [163/360] 1b5a500b-b046-48fd-b987-84ec2ea84c42: 21 groups; 1.5 s; peak memory 1119 MiB.
2026-09-27T23:02:45Z INFO [164/360] 1b5ad14a-ea7f-4cf1-9490-16c9cd7fd8a9: 61 groups; 4.1 s; peak memory 1119 MiB.
2026-09-27T23:02:46Z INFO [165/360] 1b5bbbe3-120b-4377-b71a-4d46092f1959: 30 groups; 1.1 s; peak memory 1119 MiB.
2026-09-27T23:02:47Z INFO [166/360] 1b5d3665-10ce-4e81-8cf7-9a860f41551c: 16 groups; 1.1 s; peak memory 1119 MiB.
2026-09-27T23:02:48Z INFO [167/360] 1b5d61cf-1089-4def-ac9a-4051229fa422: 22 groups; 1.4 s; peak memory 1119 MiB.
2026-09-27T23:02:50Z INFO [168/360] 1b5e5062-f411-45b3-a21d-73cddbad744e: 22 groups; 1.4 s; peak memory 1119 MiB.
2026-09-27T23:02:52Z INFO [169/360] 1b5e6512-eacc-4b49-bb46-e5bf49e75669: 32 groups; 1.9 s; peak memory 1119 MiB.
2026-09-27T23:02:56Z INFO [170/360] 1b5f1ae1-2ef4-46bd-a30a-cc4acbc970d1: 481 groups; 4.3 s; peak memory 1119 MiB.
2026-09-27T23:02:58Z INFO [171/360] 1b5fc059-5a8c-41ee-805a-529f99f59b31: 29 groups; 1.7 s; peak memory 1119 MiB.
2026-09-27T23:03:00Z INFO [172/360] 1b5fcec0-fbef-4f3e-9528-d4f493b15105: 35 groups; 2.0 s; peak memory 1119 MiB.
2026-09-27T23:03:11Z INFO [173/360] 1b5fdc86-5280-4097-a0d3-26b11c2a06f3: 210 groups; 10.9 s; peak memory 1119 MiB.
2026-09-27T23:03:12Z INFO [174/360] 1b5fef11-c244-4648-8f47-d3f97df12767: 26 groups; 1.3 s; peak memory 1119 MiB.
2026-09-27T23:03:13Z INFO [175/360] 1b600be7-d9e1-4d03-a7fa-f16518033776: 31 groups; 1.2 s; peak memory 1119 MiB.
2026-09-27T23:03:15Z INFO [176/360] 1b605179-650b-4c39-97c7-bd2ab6d5ed7d: 35 groups; 1.9 s; peak memory 1119 MiB.
2026-09-27T23:03:17Z INFO [177/360] 1b61fe29-de19-4e2d-be07-9fc1898dec0f: 201 groups; 1.8 s; peak memory 1119 MiB.
2026-09-27T23:03:18Z INFO [178/360] 1b626ece-ed8d-4898-a28c-1ab2073a700f: 194 groups; 1.9 s; peak memory 1119 MiB.
2026-09-27T23:03:20Z INFO [179/360] 1b62ef64-b4cb-42e8-80d0-ebc0d397170e: 32 groups; 1.7 s; peak memory 1119 MiB.
2026-09-27T23:03:21Z INFO [180/360] 1b62f71e-8e4e-46f4-b4da-c8644d30a192: 28 groups; 1.2 s; peak memory 1119 MiB.
2026-09-27T23:03:23Z INFO [181/360] 1b63708b-4da7-4360-b440-64cc73f3cbb9: 29 groups; 1.7 s; peak memory 1119 MiB.
2026-09-27T23:03:24Z INFO [182/360] 1b63eb33-d03c-4404-a346-63d0b5086e2a: 28 groups; 1.4 s; peak memory 1119 MiB.
2026-09-27T23:03:26Z INFO [183/360] 1b656b72-8923-43cd-8ffd-61fd7bc9388a: 22 groups; 1.3 s; peak memory 1119 MiB.
2026-09-27T23:03:34Z INFO [184/360] 1b659c45-9d76-401f-ae91-212231b46410: 181 groups; 8.0 s; peak memory 1119 MiB.
2026-09-27T23:03:36Z INFO [185/360] 1b66119b-ae55-4a58-88cd-3bd36b9e87c0: 31 groups; 2.2 s; peak memory 1119 MiB.
2026-09-27T23:03:39Z INFO [186/360] 1b663e78-2f81-4a35-a5df-81577ad56c00: 17 groups; 2.8 s; peak memory 1119 MiB.
2026-09-27T23:03:42Z INFO [187/360] 1b6692e3-8dde-4bc6-80eb-cf2ce47d6278: 69 groups; 2.7 s; peak memory 1119 MiB.
2026-09-27T23:03:43Z INFO [188/360] 1b66db97-4aac-476c-b18b-b389663731d2: 36 groups; 1.7 s; peak memory 1119 MiB.
2026-09-27T23:03:44Z INFO [189/360] 1b67a8d7-4009-46bd-80ae-c7745964c9da: 16 groups; 1.2 s; peak memory 1119 MiB.
2026-09-27T23:03:46Z INFO [190/360] 1b680fda-03b0-4ffd-bda0-81d18c6d1f4a: 32 groups; 1.8 s; peak memory 1119 MiB.
2026-09-27T23:03:47Z INFO [191/360] 1b69050b-f295-4091-ab77-09af67256c20: 22 groups; 1.3 s; peak memory 1119 MiB.
2026-09-27T23:03:49Z INFO [192/360] 1b69b520-fded-4e8a-9ee3-c23c41e75c05: 33 groups; 1.8 s; peak memory 1119 MiB.
2026-09-27T23:03:51Z INFO [193/360] 1b69eec2-3b64-4dad-94d9-fb7fa87f7605: 32 groups; 1.4 s; peak memory 1119 MiB.
2026-09-27T23:03:53Z INFO [194/360] 1b6a41d3-9a7c-45dc-b835-ab188e7bd786: 35 groups; 2.0 s; peak memory 1119 MiB.
2026-09-27T23:03:54Z INFO [195/360] 1b6aad1f-b878-4a86-a307-691fbc8063ae: 36 groups; 1.7 s; peak memory 1119 MiB.
2026-09-27T23:03:57Z INFO [196/360] 1b6b7955-ff3d-427e-9d7a-9ee7bb360ba0: 48 groups; 3.1 s; peak memory 1119 MiB.
2026-09-27T23:03:59Z INFO [197/360] 1b6b8833-7c1c-4d6b-afe4-bbe463a1e90e: 16 groups; 1.1 s; peak memory 1119 MiB.
2026-09-27T23:04:00Z INFO [198/360] 1b6b95d4-2bac-4a5d-b3a6-be3ecf9873d8: 32 groups; 1.7 s; peak memory 1119 MiB.
2026-09-27T23:04:03Z INFO [199/360] 1b6bca83-524c-4d1e-bc7d-10906d7e8ca0: 571 groups; 2.6 s; peak memory 1119 MiB.
2026-09-27T23:04:13Z INFO [200/360] 1b6ca915-3e02-4aaa-a441-8e1bcb28a1b6: 179 groups; 9.8 s; peak memory 1119 MiB.
2026-09-27T23:04:13Z INFO [200/360] 1b6ca915-3e02-4aaa-a441-8e1bcb28a1b6: checkpointed 60070 records.
2026-09-27T23:04:14Z INFO [201/360] 1b6cc21d-e887-46bc-9694-48a0c2c5edca: 29 groups; 1.6 s; peak memory 1119 MiB.
2026-09-27T23:04:16Z INFO [202/360] 1b6cecbe-4515-4f5b-bea3-3a30dae84db5: 22 groups; 1.4 s; peak memory 1119 MiB.
2026-09-27T23:04:18Z INFO [203/360] 1b6ef295-0ef5-4c47-b90c-9e1b28059d64: 200 groups; 2.6 s; peak memory 1119 MiB.
2026-09-27T23:04:20Z INFO [204/360] 1b6f71c4-f46b-4c95-bae4-4ba197aa1787: 29 groups; 1.5 s; peak memory 1119 MiB.
2026-09-27T23:04:21Z INFO [205/360] 1b6f74c9-63c3-4f15-b92f-4a4c9d7fcd6a: 252 groups; 1.6 s; peak memory 1119 MiB.
2026-09-27T23:04:24Z INFO [206/360] 1b6f8286-233f-4db7-b578-3ac9e4fca337: 54 groups; 3.0 s; peak memory 1119 MiB.
2026-09-27T23:04:26Z INFO [207/360] 1b6fceff-ac29-4307-aa68-04854c7e7b90: 52 groups; 1.9 s; peak memory 1119 MiB.
2026-09-27T23:04:28Z INFO [208/360] 1b6fd53c-1cd8-4dfd-b440-6c56315ec367: 254 groups; 1.7 s; peak memory 1119 MiB.
2026-09-27T23:04:29Z INFO [209/360] 1b70211a-a23a-48d0-a47c-8a72f0cb81c6: 17 groups; 1.3 s; peak memory 1119 MiB.
2026-09-27T23:04:31Z INFO [210/360] 1b708f4b-f398-44b8-8d1a-debd6ff27fee: 22 groups; 1.4 s; peak memory 1119 MiB.
2026-09-27T23:04:57Z INFO [211/360] 1b71189a-b8e6-4418-9215-8a8dd703f509: 2079 groups; 26.6 s; peak memory 1119 MiB.
2026-09-27T23:04:59Z INFO [212/360] 1b72ca5f-c9d8-4d2d-b444-bad52cb05139: 22 groups; 1.5 s; peak memory 1119 MiB.
2026-09-27T23:05:01Z INFO [213/360] 1b732765-09b3-4956-9d3a-4675a52e332d: 35 groups; 2.8 s; peak memory 1119 MiB.
2026-09-27T23:05:03Z INFO [214/360] 1b7425c9-848f-484d-bd66-cc95ac6a4dfb: 22 groups; 1.3 s; peak memory 1119 MiB.
2026-09-27T23:05:04Z INFO [215/360] 1b74286d-5986-4ed4-85c6-0075d248deed: 22 groups; 1.4 s; peak memory 1119 MiB.
2026-09-27T23:05:05Z INFO [216/360] 1b753053-816f-429a-8c81-3130d6b13567: 22 groups; 1.5 s; peak memory 1119 MiB.
2026-09-27T23:05:07Z INFO [217/360] 1b765e75-a098-4f4c-a662-4da961424e8d: 22 groups; 1.5 s; peak memory 1119 MiB.
2026-09-27T23:05:08Z INFO [218/360] 1b7723f3-1c7a-417b-a678-78c96fa15569: 16 groups; 1.2 s; peak memory 1119 MiB.
2026-09-27T23:05:15Z INFO [219/360] 1b7730e7-64b9-4c88-9c63-652ed57d4f68: 57 groups; 6.6 s; peak memory 1119 MiB.
2026-09-27T23:05:22Z INFO [220/360] 1b7766c9-9cbd-4389-a992-3a0f510017f3: 94 groups; 7.5 s; peak memory 1119 MiB.
2026-09-27T23:05:24Z INFO [221/360] 1b78fe3c-c22a-482c-92c9-3f9cd7d91d71: 32 groups; 1.8 s; peak memory 1119 MiB.
2026-09-27T23:05:26Z INFO [222/360] 1b794147-c376-44b4-9112-a44ebe695251: 35 groups; 1.9 s; peak memory 1119 MiB.
2026-09-27T23:05:28Z INFO [223/360] 1b799e1a-b2b1-4378-aa6d-e8783dffb234: 255 groups; 1.6 s; peak memory 1119 MiB.
2026-09-27T23:07:37Z INFO [224/360] 1b79e3d6-48ab-4020-a9f2-76af621f22eb: 81 groups; 129.3 s; peak memory 1119 MiB.
2026-09-27T23:07:38Z INFO [225/360] 1b7a0370-f6d6-4d2b-89d9-0d9e99fd8fba: 22 groups; 1.5 s; peak memory 1119 MiB.
2026-09-27T23:07:47Z INFO [226/360] 1b7a78ac-2cce-44a7-9775-1e2c9ec56642: 34 groups; 8.4 s; peak memory 1119 MiB.
2026-09-27T23:07:49Z INFO [227/360] 1b7adac2-10a4-4d29-8325-276d3661bd2b: 35 groups; 2.2 s; peak memory 1119 MiB.
2026-09-27T23:08:08Z INFO [228/360] 1b7b973f-f5a4-4350-b7aa-dd18ad917208: 23 groups; 19.3 s; peak memory 1119 MiB.
2026-09-27T23:08:12Z INFO [229/360] 1b7b9cb1-7f05-4a75-8c0b-e0240793239e: 54 groups; 4.2 s; peak memory 1119 MiB.
2026-09-27T23:08:16Z INFO [230/360] 1b7c2ff4-0727-44b1-badb-61d6b7e857d9: 48 groups; 3.4 s; peak memory 1119 MiB.
2026-09-27T23:08:18Z INFO [231/360] 1b7c7050-f6ae-46b4-af52-1510d28406bb: 35 groups; 2.1 s; peak memory 1119 MiB.
2026-09-27T23:08:19Z INFO [232/360] 1b7c925d-13a7-4433-b822-ba2c25359660: 16 groups; 1.2 s; peak memory 1119 MiB.
2026-09-27T23:08:22Z INFO [233/360] 1b7d4d30-8c19-44f9-88e0-faaa334ec248: 50 groups; 3.3 s; peak memory 1119 MiB.
2026-09-27T23:08:24Z INFO [234/360] 1b7d5fcf-c1f7-42d3-b75f-4a02bb528c50: 33 groups; 1.6 s; peak memory 1119 MiB.
2026-09-27T23:08:25Z INFO [235/360] 1b7e3700-3d1c-4397-8027-16eff53d192b: 22 groups; 1.4 s; peak memory 1119 MiB.
2026-09-27T23:08:27Z INFO [236/360] 1b7e452c-1c00-4977-9f79-39dac588ed43: 33 groups; 1.7 s; peak memory 1119 MiB.
2026-09-27T23:08:29Z INFO [237/360] 1b7e72ea-4410-4cc3-b1a8-bdc12a9f97dd: 32 groups; 2.0 s; peak memory 1119 MiB.
2026-09-27T23:10:39Z INFO [238/360] 1b8160d9-5928-4c3d-ab7e-3524e9b98067: 71 groups; 130.1 s; peak memory 1119 MiB.
2026-09-27T23:10:41Z INFO [239/360] 1b8260fd-fa99-468e-8eeb-14aa7896d47d: 32 groups; 1.5 s; peak memory 1119 MiB.
2026-09-27T23:10:42Z INFO [240/360] 1b82d10c-a477-4fd0-a3fb-0e83308038a0: 22 groups; 1.5 s; peak memory 1119 MiB.
2026-09-27T23:10:44Z INFO [241/360] 1b82e75c-f6c5-45f0-b3e8-c384f6634bd8: 66 groups; 2.2 s; peak memory 1119 MiB.
2026-09-27T23:10:46Z INFO [242/360] 1b831fbb-a633-4d03-b663-720117085ff6: 32 groups; 1.7 s; peak memory 1119 MiB.
2026-09-27T23:10:47Z INFO [243/360] 1b83631d-9091-48a8-a339-5eb888a5eb75: 22 groups; 1.3 s; peak memory 1119 MiB.
2026-09-27T23:10:49Z INFO [244/360] 1b8543ad-45f8-40c9-926b-674efd9c3cf7: 22 groups; 1.3 s; peak memory 1119 MiB.
2026-09-27T23:10:51Z INFO [245/360] 1b868978-8283-4c2c-ab47-186d7033ecda: 203 groups; 1.9 s; peak memory 1119 MiB.
2026-09-27T23:10:52Z INFO [246/360] 1b87079e-8bbf-42ac-904b-9c15e5efeefe: 193 groups; 1.5 s; peak memory 1119 MiB.
2026-09-27T23:10:54Z INFO [247/360] 1b871ce5-bda5-4a22-a78b-8dd468867f06: 31 groups; 1.5 s; peak memory 1119 MiB.
2026-09-27T23:10:56Z INFO [248/360] 1b878f49-d3f2-4181-81a9-98654dd69df7: 39 groups; 2.3 s; peak memory 1119 MiB.
2026-09-27T23:10:57Z INFO [249/360] 1b87dded-cc9f-4220-b413-b6429f7e7a57: 22 groups; 1.3 s; peak memory 1119 MiB.
2026-09-27T23:10:59Z INFO [250/360] 1b881202-43a1-4774-8389-3018f030321c: 22 groups; 1.4 s; peak memory 1119 MiB.
2026-09-27T23:10:59Z INFO [250/360] 1b881202-43a1-4774-8389-3018f030321c: checkpointed 60120 records.
2026-09-27T23:11:01Z INFO [251/360] 1b883ac6-4ec7-4cdd-8784-38584faade32: 35 groups; 1.9 s; peak memory 1119 MiB.
2026-09-27T23:11:02Z INFO [252/360] 1b884d99-a328-4c80-b958-32f8fb6e987b: 22 groups; 1.4 s; peak memory 1119 MiB.
2026-09-27T23:11:05Z INFO [253/360] 1b88c0fa-75b2-4f21-971a-b73d14dc16c9: 48 groups; 3.0 s; peak memory 1119 MiB.
2026-09-27T23:11:09Z INFO [254/360] 1b88d699-9c6c-495c-96b5-d402223a36fb: 53 groups; 4.0 s; peak memory 1119 MiB.
2026-09-27T23:11:10Z INFO [255/360] 1b8aa521-cfba-4dc3-a193-7a8c30641c18: 22 groups; 1.3 s; peak memory 1119 MiB.
2026-09-27T23:11:17Z INFO [256/360] 1b8ae058-71ed-4507-9cbc-8e50e3b82151: 78 groups; 6.5 s; peak memory 1119 MiB.
2026-09-27T23:11:18Z INFO [257/360] 1b8b5718-0ef3-4316-875c-428243db232d: 32 groups; 1.7 s; peak memory 1119 MiB.
2026-09-27T23:11:25Z INFO [258/360] 1b8baa3c-fc44-4a63-824a-1ea4236b07c1: 73 groups; 6.6 s; peak memory 1119 MiB.
2026-09-27T23:11:26Z INFO [259/360] 1b8e00e9-74cc-49de-bc8a-2e840f13a7a6: 22 groups; 1.2 s; peak memory 1119 MiB.
2026-09-27T23:11:29Z INFO [260/360] 1b8f5b30-ec3e-4a3e-870c-9a223580977c: 48 groups; 2.4 s; peak memory 1119 MiB.
2026-09-27T23:11:49Z INFO [261/360] 1b915b86-04ec-4b5a-a821-5a8a2dae1240: 118 groups; 20.3 s; peak memory 1119 MiB.
2026-09-27T23:11:50Z INFO [262/360] 1b9224ef-1055-423f-bc67-52f9aaef415d: 22 groups; 1.4 s; peak memory 1119 MiB.
2026-09-27T23:11:52Z INFO [263/360] 1b923cce-5c8e-4181-8158-fd2ba350ec47: 22 groups; 1.3 s; peak memory 1119 MiB.
2026-09-27T23:11:58Z INFO [264/360] 1b92438b-cc8c-4550-a8ec-e18aed8725c1: 75 groups; 6.2 s; peak memory 1119 MiB.
2026-09-27T23:12:00Z INFO [265/360] 1b9247fe-bbca-4944-95f4-2b864167f8c6: 206 groups; 2.2 s; peak memory 1119 MiB.
2026-09-27T23:12:03Z INFO [266/360] 1b92ec40-44d5-43c8-a95c-cf7e04c9d643: 50 groups; 3.4 s; peak memory 1119 MiB.
2026-09-27T23:12:05Z INFO [267/360] 1b947d1f-954e-4131-a3dc-7456ae4d30f3: 32 groups; 1.4 s; peak memory 1119 MiB.
2026-09-27T23:12:07Z INFO [268/360] 1b948869-226a-4c52-ba79-8beded2c38bf: 199 groups; 2.0 s; peak memory 1119 MiB.
2026-09-27T23:12:09Z INFO [269/360] 1b953042-a749-49bb-80a2-984546fec79b: 21 groups; 1.8 s; peak memory 1119 MiB.
2026-09-27T23:12:30Z INFO [270/360] 1b953ae9-7b32-490c-9ed9-af701f20a829: 291 groups; 21.1 s; peak memory 1119 MiB.
2026-09-27T23:12:31Z INFO [271/360] 1b95632a-9eee-448c-b3cf-2e9bd941bcc7: 22 groups; 1.4 s; peak memory 1119 MiB.
2026-09-27T23:12:32Z INFO [272/360] 1b968c8a-2836-4361-b4e4-fdf3dddaee1b: 22 groups; 1.3 s; peak memory 1119 MiB.
2026-09-27T23:12:34Z INFO [273/360] 1b9744da-d881-4fae-98ee-652e9169a05c: 22 groups; 1.5 s; peak memory 1119 MiB.
2026-09-27T23:12:35Z INFO [274/360] 1b97a617-4043-4b9e-8164-4ff787c8052c: 30 groups; 1.3 s; peak memory 1119 MiB.
2026-09-27T23:12:37Z INFO [275/360] 1b987a6d-228d-40b0-90d2-5a0a025e3def: 193 groups; 1.5 s; peak memory 1119 MiB.
2026-09-27T23:12:39Z INFO [276/360] 1b993152-afe8-4d85-92f0-68d3853fc6f0: 42 groups; 2.2 s; peak memory 1119 MiB.
2026-09-27T23:12:40Z INFO [277/360] 1b99b8be-8dc0-4703-aae4-57440242d338: 31 groups; 1.3 s; peak memory 1119 MiB.
2026-09-27T23:12:59Z INFO [278/360] 1b99f5f1-a074-4546-8b18-7e1134b8b256: 288 groups; 18.8 s; peak memory 1119 MiB.
2026-09-27T23:13:01Z INFO [279/360] 1b9a7d72-bb79-443b-a125-bcc804ab78c8: 33 groups; 1.3 s; peak memory 1119 MiB.
2026-09-27T23:13:04Z INFO [280/360] 1b9aa0d8-f56d-4ef1-a43b-c7fbeb855446: 48 groups; 3.0 s; peak memory 1119 MiB.
2026-09-27T23:13:05Z INFO [281/360] 1b9ba532-6cde-40dd-aa83-83b666af94bb: 32 groups; 1.6 s; peak memory 1119 MiB.
2026-09-27T23:13:07Z INFO [282/360] 1b9bbb04-1a60-40e0-8217-572c548482bf: 35 groups; 2.0 s; peak memory 1119 MiB.
2026-09-27T23:13:08Z INFO [283/360] 1b9c7301-63ae-4706-8e89-129e580c76bf: 16 groups; 1.1 s; peak memory 1119 MiB.
2026-09-27T23:13:12Z INFO [284/360] 1b9d58c1-7d60-4507-a028-233e1321c6e4: 48 groups; 3.3 s; peak memory 1119 MiB.
2026-09-27T23:13:14Z INFO [285/360] 1b9dadaf-74b1-4867-8546-6e2dfb5aaacc: 206 groups; 2.1 s; peak memory 1119 MiB.
2026-09-27T23:13:16Z INFO [286/360] 1b9e6f06-2666-44ee-a49a-79e6c0898f39: 199 groups; 2.1 s; peak memory 1119 MiB.
2026-09-27T23:13:18Z INFO [287/360] 1b9f0ab9-d914-4352-b380-7f8111b0c66c: 35 groups; 1.8 s; peak memory 1119 MiB.
2026-09-27T23:13:20Z INFO [288/360] 1ba01123-b695-4b35-a25b-a4c7382f85d1: 199 groups; 1.9 s; peak memory 1119 MiB.
2026-09-27T23:13:21Z INFO [289/360] 1ba08c2a-fb4f-4ef3-a398-38b3607bf4df: 16 groups; 1.3 s; peak memory 1119 MiB.
2026-09-27T23:13:22Z INFO [290/360] 1ba09084-361b-45ba-baeb-eec8504bc328: 25 groups; 1.6 s; peak memory 1119 MiB.
2026-09-27T23:13:25Z INFO [291/360] 1ba090d2-3f2b-4646-a7fc-93a8baadfed9: 35 groups; 2.2 s; peak memory 1119 MiB.
2026-09-27T23:13:28Z INFO [292/360] 1ba10845-5a1f-4e17-9607-a643e61d2db0: 48 groups; 3.0 s; peak memory 1119 MiB.
2026-09-27T23:13:29Z INFO [293/360] 1ba16c82-b557-43ad-899e-9227cb61f865: 252 groups; 1.7 s; peak memory 1119 MiB.
2026-09-27T23:13:31Z INFO [294/360] 1ba1d425-2425-4d7c-8b0f-a632334a379d: 32 groups; 1.8 s; peak memory 1119 MiB.
2026-09-27T23:13:49Z INFO [295/360] 1ba231fa-015d-477b-a73f-bb70a5b38c9c: 275 groups; 18.2 s; peak memory 1119 MiB.
2026-09-27T23:13:51Z INFO [296/360] 1ba28632-6e67-4b03-a9f9-4d33919b3604: 22 groups; 1.4 s; peak memory 1119 MiB.
2026-09-27T23:13:52Z INFO [297/360] 1ba39f0b-77c2-4b27-bc8f-8c4beb0807fe: 22 groups; 1.3 s; peak memory 1119 MiB.
2026-09-27T23:13:54Z INFO [298/360] 1ba443ac-9e0d-4b78-b714-166229458bb0: 24 groups; 1.5 s; peak memory 1119 MiB.
2026-09-27T23:14:10Z INFO [299/360] 1ba4b3e6-d3d1-4d37-aa43-a043187ff2b3: 282 groups; 16.5 s; peak memory 1119 MiB.
2026-09-27T23:14:12Z INFO [300/360] 1ba4d6d3-e9ad-4861-8244-f4155dbf1d8b: 33 groups; 1.5 s; peak memory 1119 MiB.
2026-09-27T23:14:12Z INFO [300/360] 1ba4d6d3-e9ad-4861-8244-f4155dbf1d8b: checkpointed 60170 records.
2026-09-27T23:16:26Z INFO [301/360] 1ba540e0-e065-4791-b8a1-1a6acca62a2d: 72 groups; 134.5 s; peak memory 1119 MiB.
2026-09-27T23:16:28Z INFO [302/360] 1ba5f2a1-db39-4d14-9125-5eb5944e1432: 32 groups; 1.6 s; peak memory 1119 MiB.
2026-09-27T23:16:29Z INFO [303/360] 1ba60107-438f-4a35-8a3d-d6d0b58e7519: 32 groups; 1.7 s; peak memory 1119 MiB.
2026-09-27T23:16:31Z INFO [304/360] 1ba66446-2b17-4a19-902e-3672ab218590: 203 groups; 2.1 s; peak memory 1119 MiB.
2026-09-27T23:16:33Z INFO [305/360] 1ba6e5df-7aa3-4506-99a3-93f735d87ef3: 25 groups; 1.4 s; peak memory 1119 MiB.
2026-09-27T23:16:47Z INFO [306/360] 1ba6f66c-a93e-49cf-915f-956ca4c35376: 258 groups; 13.9 s; peak memory 1119 MiB.
2026-09-27T23:16:48Z INFO [307/360] 1ba7665b-ee37-40a8-a969-ee228d9669b4: 36 groups; 1.7 s; peak memory 1119 MiB.
2026-09-27T23:16:54Z INFO [308/360] 1ba8867d-2718-46b2-9c74-f3c523d68669: 73 groups; 5.8 s; peak memory 1119 MiB.
2026-09-27T23:16:55Z INFO [309/360] 1ba88e6d-2c50-46d9-9073-78da075eb16a: 22 groups; 1.3 s; peak memory 1119 MiB.
2026-09-27T23:16:58Z INFO [310/360] 1ba8d463-c29f-4006-b51a-67a25cd6def7: 17 groups; 2.7 s; peak memory 1119 MiB.
2026-09-27T23:16:59Z INFO [311/360] 1ba993f2-1b9e-437d-ad05-78d29d9d8376: 17 groups; 1.3 s; peak memory 1119 MiB.
2026-09-27T23:17:01Z INFO [312/360] 1baa03b9-cdb0-4a55-a10c-60ca5bbb81c8: 17 groups; 1.4 s; peak memory 1119 MiB.
2026-09-27T23:17:08Z INFO [313/360] 1baa7312-2c83-48af-936f-e0e660177b47: 187 groups; 7.1 s; peak memory 1119 MiB.
2026-09-27T23:17:10Z INFO [314/360] 1baabc99-b8ad-4e7f-aced-d61ae3fdfb79: 253 groups; 1.6 s; peak memory 1119 MiB.
2026-09-27T23:17:11Z INFO [315/360] 1baacfb5-31b8-4050-b1e6-63f1c6428224: 22 groups; 1.3 s; peak memory 1119 MiB.
2026-09-27T23:17:12Z INFO [316/360] 1bab87ec-8ab4-4601-af69-e6be7e55df3a: 24 groups; 1.4 s; peak memory 1119 MiB.
2026-09-27T23:17:14Z INFO [317/360] 1bab8c82-585c-4099-bfd8-9c1ad8b7f535: 32 groups; 1.9 s; peak memory 1119 MiB.
2026-09-27T23:17:16Z INFO [318/360] 1bac753d-6e28-4858-9a5e-7d9988c4fe90: 22 groups; 1.4 s; peak memory 1119 MiB.
2026-09-27T23:17:17Z INFO [319/360] 1bac9cbc-1ea1-4320-a6ff-da0301fff8a1: 254 groups; 1.6 s; peak memory 1119 MiB.
2026-09-27T23:17:30Z INFO [320/360] 1bac9cc9-c928-48e6-aeb2-ce331e4ebf64: 202 groups; 12.6 s; peak memory 1119 MiB.
2026-09-27T23:17:32Z INFO [321/360] 1bad6d6f-ee93-461a-a5dc-3bbf24952fd3: 32 groups; 1.9 s; peak memory 1119 MiB.
2026-09-27T23:17:33Z INFO [322/360] 1badad61-8ba5-42a2-9393-670764c296fb: 22 groups; 1.3 s; peak memory 1119 MiB.
2026-09-27T23:17:49Z INFO [323/360] 1bae53b3-f4f2-4eee-8d69-b9f243cff895: 278 groups; 16.7 s; peak memory 1119 MiB.
2026-09-27T23:18:05Z INFO [324/360] 1bae8118-c8fe-454f-bfaa-64255dda1977: 253 groups; 15.7 s; peak memory 1119 MiB.
2026-09-27T23:18:07Z INFO [325/360] 1baeb54d-f798-4434-a6fa-4b65134a24be: 32 groups; 1.6 s; peak memory 1119 MiB.
2026-09-27T23:18:08Z INFO [326/360] 1baee707-d449-4293-8bd8-9c0ae09f1263: 67 groups; 1.6 s; peak memory 1119 MiB.
2026-09-27T23:18:10Z INFO [327/360] 1baf3d76-ddd2-445e-917e-6242929690b9: 25 groups; 1.5 s; peak memory 1119 MiB.
2026-09-27T23:18:11Z INFO [328/360] 1baf80b1-f6d7-44e9-a706-f988ad8c52ee: 26 groups; 1.1 s; peak memory 1119 MiB.
2026-09-27T23:18:15Z INFO [329/360] 1baf879a-ee25-4056-815b-bfb21563c193: 53 groups; 4.2 s; peak memory 1119 MiB.
2026-09-27T23:18:17Z INFO [330/360] 1baf93e1-7046-411b-9c2f-5f3927113d09: 41 groups; 2.1 s; peak memory 1119 MiB.
2026-09-27T23:18:19Z INFO [331/360] 1bafec4e-3528-4281-9fe9-4a41df1c5917: 32 groups; 1.9 s; peak memory 1119 MiB.
2026-09-27T23:18:20Z INFO [332/360] 1bb03c72-897c-42f7-853b-ed2ff3b0270f: 16 groups; 1.2 s; peak memory 1119 MiB.
2026-09-27T23:18:22Z INFO [333/360] 1bb06a2b-cbfe-4e37-8b30-b94e4bcbb1ab: 32 groups; 1.6 s; peak memory 1119 MiB.
2026-09-27T23:18:24Z INFO [334/360] 1bb0b1c9-f6be-46e9-8128-8671d1cf11b6: 35 groups; 2.0 s; peak memory 1119 MiB.
2026-09-27T23:20:20Z INFO [335/360] 1bb0ea75-649d-4f4e-97bf-5b8541481e27: 77 groups; 116.0 s; peak memory 1119 MiB.
2026-09-27T23:20:22Z INFO [336/360] 1bb10d6f-e24d-41d3-b2f1-6693ffc7457f: 35 groups; 2.2 s; peak memory 1119 MiB.
2026-09-27T23:20:23Z INFO [337/360] 1bb20962-5d58-4e8c-b40a-4739dd2eef4a: 22 groups; 1.2 s; peak memory 1119 MiB.
2026-09-27T23:20:25Z INFO [338/360] 1bb221ba-834a-46b0-a00a-b2d1d032d998: 22 groups; 1.3 s; peak memory 1119 MiB.
2026-09-27T23:20:32Z INFO [339/360] 1bb2222c-fa2c-4d8e-88b1-7500c8878d2d: 172 groups; 7.8 s; peak memory 1119 MiB.
2026-09-27T23:20:34Z INFO [340/360] 1bb268f4-7198-494c-ad97-4da1fc95228c: 25 groups; 1.4 s; peak memory 1119 MiB.
2026-09-27T23:20:35Z INFO [341/360] 1bb3467d-9d10-4229-8139-d22ce9f6d970: 16 groups; 1.3 s; peak memory 1119 MiB.
2026-09-27T23:20:36Z INFO [342/360] 1bb40179-79bd-4503-96d8-c6c27fbb0bde: 28 groups; 1.2 s; peak memory 1119 MiB.
2026-09-27T23:20:38Z INFO [343/360] 1bb5114b-aab2-4fe9-86bb-120af73ec0ad: 32 groups; 1.5 s; peak memory 1119 MiB.
2026-09-27T23:20:40Z INFO [344/360] 1bb53ee8-4ef3-4987-8173-32e70ffa3356: 32 groups; 2.0 s; peak memory 1119 MiB.
2026-09-27T23:20:47Z INFO [345/360] 1bb57cd5-a94c-4e52-89e9-af54616bfe95: 65 groups; 7.6 s; peak memory 1119 MiB.
2026-09-27T23:20:49Z INFO [346/360] 1bb5bdcf-226a-4ad7-9bf9-62ba30249b46: 253 groups; 1.5 s; peak memory 1119 MiB.
2026-09-27T23:20:50Z INFO [347/360] 1bb5f783-c6c6-4fae-a7d9-74e6d7eb485a: 71 groups; 1.6 s; peak memory 1119 MiB.
2026-09-27T23:20:54Z INFO [348/360] 1bb60539-f61a-4df3-9cd6-baf76709ce22: 48 groups; 3.3 s; peak memory 1119 MiB.
2026-09-27T23:20:55Z INFO [349/360] 1bb66743-4bad-4de8-becf-bd949d1b3d7b: 30 groups; 1.5 s; peak memory 1119 MiB.
2026-09-27T23:21:51Z INFO [350/360] 1bb68077-d9fb-4ac2-9bd3-71b8eb94a75a: 26 groups; 55.8 s; peak memory 1119 MiB.
2026-09-27T23:21:51Z INFO [350/360] 1bb68077-d9fb-4ac2-9bd3-71b8eb94a75a: checkpointed 60220 records.
2026-09-27T23:21:53Z INFO [351/360] 1bb742d4-1939-49aa-9b94-0f077330a4bb: 22 groups; 1.4 s; peak memory 1119 MiB.
2026-09-27T23:21:54Z INFO [352/360] 1bb82270-e286-45b3-951a-17f766b8ada8: 32 groups; 1.7 s; peak memory 1119 MiB.
2026-09-27T23:22:02Z INFO [353/360] 1bb8338b-3421-4431-a5a2-8ad2f82e7368: 336 groups; 7.4 s; peak memory 1119 MiB.
2026-09-27T23:22:04Z INFO [354/360] 1bb851c9-2e39-4cb3-a683-35f367bd2020: 48 groups; 2.3 s; peak memory 1119 MiB.
2026-09-27T23:22:08Z INFO [355/360] 1bb869a4-6a6a-4116-8021-1548f117df9e: 56 groups; 3.7 s; peak memory 1119 MiB.
2026-09-27T23:22:09Z INFO [356/360] 1bb8cd36-e01c-4a52-b1ec-6d6bcdc89c6e: 32 groups; 1.7 s; peak memory 1119 MiB.
2026-09-27T23:22:11Z INFO [357/360] 1bb8e3aa-1ac8-4724-805b-43d0560278d5: 32 groups; 1.5 s; peak memory 1119 MiB.
2026-09-27T23:22:17Z INFO [358/360] 1bb9123f-6f79-4e73-b628-13524538c35d: 61 groups; 6.4 s; peak memory 1119 MiB.
2026-09-27T23:22:19Z INFO [359/360] 1bba4c71-7f4e-4caf-b457-efae76c40e4c: 203 groups; 1.8 s; peak memory 1119 MiB.
2026-09-27T23:22:21Z INFO [360/360] 1bbce7ef-0cea-456b-a15f-1166150dca4e: 29 groups; 1.7 s; peak memory 1119 MiB.
2026-09-27T23:22:21Z INFO Wrote 60230 records to /tmp/derivatives/valid_nwb_file_to_number_of_groups.jsonl (360 new, 0 failed) in 44.7 min (peak memory 1119 MiB).
