2026-09-30T21:34:34Z INFO Logging to /tmp/logs/update_2026-09-30T21-34-34Z.log.
2026-09-30T21:34:34Z INFO Update valid-nwb-file-to-number-of-groups (base directory /tmp).
2026-09-30T21:34:34Z INFO Processing 363 items (62476 already recorded).
2026-09-30T21:34:35Z INFO [1/363] 2032a3f6-f75d-4db2-9850-533673a89d46: 25 groups; 1.3 s; peak memory 99 MiB.
2026-09-30T21:34:36Z INFO [2/363] 203439c8-de6c-414d-ad0b-1846d725f774: 22 groups; 0.8 s; peak memory 99 MiB.
2026-09-30T21:34:37Z INFO [3/363] 203447e7-0e7b-4c7f-b957-0dccf4473443: 22 groups; 0.9 s; peak memory 100 MiB.
2026-09-30T21:34:38Z INFO [4/363] 203582d2-c68d-43cb-9d95-ee18765469c6: 16 groups; 0.7 s; peak memory 100 MiB.
2026-09-30T21:34:39Z INFO [5/363] 203594f7-864e-4acd-b2ad-1181c759bb4a: 22 groups; 0.7 s; peak memory 100 MiB.
2026-09-30T21:34:46Z INFO [6/363] 20364ec2-4d1e-4dc0-9b67-eb6e865fcc11: 136 groups; 7.5 s; peak memory 138 MiB.
2026-09-30T21:34:47Z INFO [7/363] 2036786f-6b50-437e-a12a-c3cdf4f8c503: 38 groups; 1.2 s; peak memory 138 MiB.
2026-09-30T21:34:50Z INFO [8/363] 20375507-d31c-4dd1-bff2-99d23d7de818: 336 groups; 2.2 s; peak memory 139 MiB.
2026-09-30T21:34:52Z INFO [9/363] 203797a1-8c24-4d97-a6a9-d78e1e4761df: 48 groups; 2.7 s; peak memory 139 MiB.
2026-09-30T21:34:53Z INFO [10/363] 2037ae1d-1398-4ad4-96d2-bd32c85ae51b: 22 groups; 0.9 s; peak memory 139 MiB.
2026-09-30T21:34:56Z INFO [11/363] 2037cf86-5043-43a7-9427-a7bb07d00b0f: 36 groups; 2.9 s; peak memory 139 MiB.
2026-09-30T21:35:02Z INFO [12/363] 203902b6-51dc-490f-8155-8af2ce0cbeaf: 123 groups; 5.5 s; peak memory 139 MiB.
2026-09-30T21:35:03Z INFO [13/363] 20393534-cb5c-4c68-8bce-6bfcae1c9a91: 25 groups; 1.0 s; peak memory 139 MiB.
2026-09-30T21:35:03Z INFO [14/363] 2039d379-4498-43d1-8e51-74242c9239ce: 16 groups; 0.9 s; peak memory 139 MiB.
2026-09-30T21:35:04Z INFO [15/363] 203b32d4-5523-44b4-81c3-882061443ab8: 22 groups; 1.0 s; peak memory 139 MiB.
2026-09-30T21:35:05Z INFO [16/363] 203c6599-aedd-423f-837b-d08f88d391af: 22 groups; 0.9 s; peak memory 139 MiB.
2026-09-30T21:35:07Z INFO [17/363] 203c7fae-8b50-4298-9697-d1638facc267: 194 groups; 1.3 s; peak memory 139 MiB.
2026-09-30T21:35:08Z INFO [18/363] 203cd54c-c843-43d1-9322-87adcbda9842: 35 groups; 1.2 s; peak memory 139 MiB.
2026-09-30T21:35:09Z INFO [19/363] 203d56e3-4525-47f4-a2d5-6076b203a4b3: 16 groups; 0.6 s; peak memory 140 MiB.
2026-09-30T21:35:13Z INFO [20/363] 203d6b48-2d7a-4831-b8ed-0fdb21e0d1a1: 181 groups; 4.6 s; peak memory 140 MiB.
2026-09-30T21:35:14Z INFO [21/363] 203dc6eb-ae67-4dc7-a4b2-d0ddc7f4cc08: 32 groups; 1.0 s; peak memory 140 MiB.
2026-09-30T21:35:15Z INFO [22/363] 203df233-eaca-4f45-ab11-8b5842f7fad0: 22 groups; 0.8 s; peak memory 140 MiB.
2026-09-30T21:35:16Z INFO [23/363] 203e9dc7-b56e-4283-9b79-8f74fe57fc9c: 28 groups; 1.0 s; peak memory 140 MiB.
2026-09-30T21:35:16Z INFO [24/363] 203eb9b4-d2d2-44a6-9bbe-ad28bb8008d0: 16 groups; 0.6 s; peak memory 140 MiB.
2026-09-30T21:35:17Z INFO [25/363] 203f3987-8c3f-4611-b4e2-a7e071024079: 22 groups; 0.8 s; peak memory 140 MiB.
2026-09-30T21:35:18Z INFO [26/363] 20406238-fdd2-4744-9f0e-c006e6e2abd8: 22 groups; 0.6 s; peak memory 140 MiB.
2026-09-30T21:35:22Z INFO [27/363] 20407de7-0066-4590-ae1c-1bffc44a0490: 114 groups; 4.2 s; peak memory 140 MiB.
2026-09-30T21:35:23Z INFO [28/363] 2040d2af-91ee-46bf-bdac-8f3083928ce5: 103 groups; 1.2 s; peak memory 140 MiB.
2026-09-30T21:35:24Z INFO [29/363] 204153d7-8de2-4088-a58e-e80f450ca403: 22 groups; 0.9 s; peak memory 140 MiB.
2026-09-30T21:35:25Z INFO [30/363] 2043fc46-45be-49b0-a14e-ef7618132819: 32 groups; 1.0 s; peak memory 140 MiB.
2026-09-30T21:35:26Z INFO [31/363] 20444315-4680-49e8-8c1c-5a7f3c519b46: 35 groups; 0.9 s; peak memory 140 MiB.
2026-09-30T21:35:27Z INFO [32/363] 2044bc3b-d2c4-46c1-8e16-7d78e8884770: 31 groups; 1.0 s; peak memory 140 MiB.
2026-09-30T21:35:28Z INFO [33/363] 2044d7dc-ca9c-4daa-b126-7d12fea6ee2b: 25 groups; 0.9 s; peak memory 140 MiB.
2026-09-30T21:35:29Z INFO [34/363] 2044e3cb-ed0b-4e97-8a8a-a6d244c739d4: 22 groups; 0.8 s; peak memory 140 MiB.
2026-09-30T21:35:30Z INFO [35/363] 20454c2b-406b-4f99-8f06-b8193aa31a4d: 29 groups; 0.8 s; peak memory 140 MiB.
2026-09-30T21:35:30Z INFO [36/363] 204566f6-4eba-4997-b5e0-9392814c4659: 22 groups; 0.8 s; peak memory 140 MiB.
2026-09-30T21:35:35Z INFO [37/363] 204632a0-52f6-41c8-ada2-f0251e678e15: 154 groups; 5.0 s; peak memory 141 MiB.
2026-09-30T21:35:36Z INFO [38/363] 20463720-5ac1-4cd7-9067-52ebcd5e69ea: 22 groups; 0.9 s; peak memory 141 MiB.
2026-09-30T21:35:39Z INFO [39/363] 20464a16-cf7c-4069-a52e-8877b89b6111: 56 groups; 2.5 s; peak memory 141 MiB.
2026-09-30T21:35:40Z INFO [40/363] 20465271-7513-4c8d-af01-059a27ebc923: 32 groups; 1.0 s; peak memory 141 MiB.
2026-09-30T21:35:41Z INFO [41/363] 20467e57-d60a-43e4-89d7-2c8b7832f40d: 254 groups; 1.0 s; peak memory 141 MiB.
2026-09-30T21:35:42Z INFO [42/363] 2046fac3-173b-4768-80fe-cff6a1b5ff8e: 33 groups; 1.3 s; peak memory 141 MiB.
2026-09-30T21:35:43Z INFO [43/363] 20476015-10c3-4c90-9d42-d9816ba1c864: 35 groups; 1.1 s; peak memory 141 MiB.
2026-09-30T21:35:44Z INFO [44/363] 20480087-7c8d-4fb3-8399-b61c50c40960: 32 groups; 1.0 s; peak memory 141 MiB.
2026-09-30T21:35:45Z INFO [45/363] 2048d53b-d41a-4761-8425-3fd0c1904f15: 28 groups; 0.6 s; peak memory 141 MiB.
2026-09-30T21:35:46Z INFO [46/363] 2048f323-ade4-430e-ad2c-5c936ca2396a: 16 groups; 0.7 s; peak memory 141 MiB.
2026-09-30T21:35:47Z INFO [47/363] 204982b5-d148-4d3c-abca-4c966d17c1b4: 48 groups; 1.8 s; peak memory 141 MiB.
2026-09-30T21:35:48Z INFO [48/363] 20499306-0dd1-408d-99d3-66fab884d133: 32 groups; 1.0 s; peak memory 141 MiB.
2026-09-30T21:35:50Z INFO [49/363] 204a7247-6737-4b37-a7d6-131edb43a807: 33 groups; 1.2 s; peak memory 141 MiB.
2026-09-30T21:35:50Z INFO [50/363] 204ad1d0-edd5-4971-83db-d69531a84d35: 33 groups; 0.9 s; peak memory 141 MiB.
2026-09-30T21:35:51Z INFO [50/363] 204ad1d0-edd5-4971-83db-d69531a84d35: checkpointed 62526 records.
2026-09-30T21:35:51Z INFO [51/363] 204bf96d-6367-4631-bd06-29af924a8841: 27 groups; 0.8 s; peak memory 141 MiB.
2026-09-30T21:35:52Z INFO [52/363] 204d80ff-76df-47f4-82ef-6036fd62c64b: 25 groups; 0.8 s; peak memory 141 MiB.
2026-09-30T21:35:53Z INFO [53/363] 204e2583-922c-4bc5-a30f-b2ef8a26150d: 33 groups; 1.1 s; peak memory 141 MiB.
2026-09-30T21:35:55Z INFO [54/363] 204e2df9-51c1-45db-bf9f-e45ef81ba3da: 60 groups; 2.2 s; peak memory 141 MiB.
2026-09-30T21:35:56Z INFO [55/363] 204eb818-2a1b-4937-9029-c6df7209834b: 17 groups; 0.7 s; peak memory 141 MiB.
2026-09-30T21:35:57Z INFO [56/363] 204eca07-1bdf-4df8-9ee4-82ab6a068511: 32 groups; 1.0 s; peak memory 141 MiB.
2026-09-30T21:35:58Z INFO [57/363] 204f5a98-6843-47c4-97a8-055f1cb1cb1e: 32 groups; 0.9 s; peak memory 141 MiB.
2026-09-30T21:36:04Z INFO [58/363] 20501a6b-2ae5-47b3-9aea-14e873a43d15: 165 groups; 6.0 s; peak memory 141 MiB.
2026-09-30T21:36:05Z INFO [59/363] 205062a4-7ff0-4709-bd2d-b669e3bbd8c1: 35 groups; 1.2 s; peak memory 141 MiB.
2026-09-30T21:36:08Z INFO [60/363] 2050ac1b-ae04-4435-8c85-ceec3f107aae: 48 groups; 2.3 s; peak memory 141 MiB.
2026-09-30T21:36:09Z INFO [61/363] 2050d6b2-bc42-4a95-ac0a-1b478d5d74c2: 59 groups; 1.6 s; peak memory 141 MiB.
2026-09-30T21:36:10Z INFO [62/363] 2051839b-98cb-4220-b6e6-50a346492367: 22 groups; 0.8 s; peak memory 141 MiB.
2026-09-30T21:36:11Z INFO [63/363] 2052fb31-15f0-4292-9c2d-80c512d0fd8e: 33 groups; 1.1 s; peak memory 141 MiB.
2026-09-30T21:36:13Z INFO [64/363] 20532cb6-838c-47c6-8dda-2cdd4a9a2472: 48 groups; 2.0 s; peak memory 141 MiB.
2026-09-30T21:36:14Z INFO [65/363] 2053a1b3-078a-4821-a46f-66e6511a9f39: 36 groups; 1.3 s; peak memory 141 MiB.
2026-09-30T21:36:16Z INFO [66/363] 2053bd29-2de1-4038-837e-48f69a2ade42: 35 groups; 1.2 s; peak memory 141 MiB.
2026-09-30T21:36:16Z INFO [67/363] 205407a7-3d93-4ec1-85a7-0e449aed8571: 30 groups; 0.8 s; peak memory 141 MiB.
2026-09-30T21:36:17Z INFO [68/363] 2054446c-a9fd-433c-a54f-129d57ed04c0: 22 groups; 0.9 s; peak memory 141 MiB.
2026-09-30T21:38:08Z INFO [69/363] 20547bcd-5f4c-4d1d-82a4-e8bdcc49b401: 60 groups; 110.6 s; peak memory 264 MiB.
2026-09-30T21:38:12Z INFO [70/363] 20551047-37dc-4f6f-9652-07864cb6fb1d: 78 groups; 4.5 s; peak memory 264 MiB.
2026-09-30T21:38:13Z INFO [71/363] 2055843e-5327-4c13-ba1f-83c6fad65c6d: 32 groups; 0.9 s; peak memory 264 MiB.
2026-09-30T21:38:18Z INFO [72/363] 205617f0-5b53-40e5-b472-cf72abd582e0: 53 groups; 4.8 s; peak memory 264 MiB.
2026-09-30T21:38:19Z INFO [73/363] 2056f2c6-eacb-4a4d-b80e-bcd27ee2ec0a: 32 groups; 0.9 s; peak memory 264 MiB.
2026-09-30T21:38:29Z INFO [74/363] 2057229d-3d05-4b73-b07e-611c12345803: 375 groups; 9.9 s; peak memory 264 MiB.
2026-09-30T21:38:30Z INFO [75/363] 2057d785-9d56-4232-84c9-2435d761be01: 32 groups; 1.1 s; peak memory 264 MiB.
2026-09-30T21:38:31Z INFO [76/363] 20589c0e-f11a-4c74-84b8-e4f16fadb153: 21 groups; 0.9 s; peak memory 264 MiB.
2026-09-30T21:38:41Z INFO [77/363] 2058c101-95cc-458b-8795-6171fdd36716: 1840 groups; 10.3 s; peak memory 264 MiB.
2026-09-30T21:38:42Z INFO [78/363] 205995b6-3dd5-4123-9ca0-d622122e780e: 35 groups; 1.2 s; peak memory 264 MiB.
2026-09-30T21:38:46Z INFO [79/363] 205a2b17-476b-464d-af02-2adbe1bce913: 78 groups; 4.1 s; peak memory 264 MiB.
2026-09-30T21:39:06Z INFO [80/363] 205ca96b-b009-438a-92fb-9d4a45ee36c6: 306 groups; 19.4 s; peak memory 264 MiB.
2026-09-30T21:39:07Z INFO [81/363] 205cd5ad-6334-4771-b5ca-3af9dfac66ce: 22 groups; 0.7 s; peak memory 264 MiB.
2026-09-30T21:39:09Z INFO [82/363] 205d0627-550c-41b5-9873-b46fc271e410: 48 groups; 2.0 s; peak memory 264 MiB.
2026-09-30T21:39:10Z INFO [83/363] 205d73db-bbc7-4ca2-8400-26c0f3b12419: 33 groups; 1.0 s; peak memory 264 MiB.
2026-09-30T21:39:13Z INFO [84/363] 205fea38-87d9-4ccc-997a-2c6c0848d003: 34 groups; 3.9 s; peak memory 264 MiB.
2026-09-30T21:39:14Z INFO [85/363] 206053f5-0ada-4549-ae0a-cf7ad7162a7c: 22 groups; 1.0 s; peak memory 264 MiB.
2026-09-30T21:39:15Z INFO [86/363] 20608100-2b61-4051-8c00-bb6f008fcd77: 16 groups; 0.6 s; peak memory 264 MiB.
2026-09-30T21:39:16Z INFO [87/363] 2061a426-1d0c-4174-bf6e-f8f24878b994: 22 groups; 0.7 s; peak memory 264 MiB.
2026-09-30T21:39:28Z INFO [88/363] 2061ad33-fff2-4c10-a2ab-0ff88755fabb: 18 groups; 12.5 s; peak memory 264 MiB.
2026-09-30T21:39:31Z INFO [89/363] 20620afa-142d-4478-883c-4638914df772: 50 groups; 2.4 s; peak memory 264 MiB.
2026-09-30T21:39:32Z INFO [90/363] 2063d9e0-7226-47b2-8144-10f48753bbb6: 253 groups; 0.9 s; peak memory 264 MiB.
2026-09-30T21:39:33Z INFO [91/363] 20655caf-f734-42d0-9f0b-d1f1f442d958: 32 groups; 1.3 s; peak memory 264 MiB.
2026-09-30T21:39:33Z INFO [92/363] 2065ab79-7d3b-4fdd-9b67-932c2a82698b: 22 groups; 0.7 s; peak memory 264 MiB.
2026-09-30T21:39:35Z INFO [93/363] 206603d8-f8f8-44c0-98ae-339e90c4e006: 24 groups; 1.3 s; peak memory 264 MiB.
2026-09-30T21:39:37Z INFO [94/363] 2066bb72-7c97-4762-997e-214a4fd21ccb: 61 groups; 1.8 s; peak memory 264 MiB.
2026-09-30T21:39:37Z INFO [95/363] 206734c4-61ab-49c0-9206-d83898669d92: 103 groups; 0.8 s; peak memory 264 MiB.
2026-09-30T21:39:38Z INFO [96/363] 2067360f-7163-4d40-a61e-5f1579f36b75: 22 groups; 0.8 s; peak memory 264 MiB.
2026-09-30T21:39:39Z INFO [97/363] 206821ed-0909-4654-89f9-0b28541ca057: 202 groups; 1.2 s; peak memory 264 MiB.
2026-09-30T21:39:41Z INFO [98/363] 206842ad-7106-412c-8ebc-5101f2f17fee: 64 groups; 2.1 s; peak memory 264 MiB.
2026-09-30T21:39:59Z INFO [99/363] 2068b939-153f-4d6e-a8ab-806771ae4bd4: 2680 groups; 17.8 s; peak memory 264 MiB.
2026-09-30T21:40:00Z INFO [100/363] 20693b27-388f-4bcb-b01a-09f14137de4b: 33 groups; 1.0 s; peak memory 264 MiB.
2026-09-30T21:40:00Z INFO [100/363] 20693b27-388f-4bcb-b01a-09f14137de4b: checkpointed 62576 records.
2026-09-30T21:40:02Z INFO [101/363] 2069439e-bf39-4d3d-9422-d78ff2435d2a: 41 groups; 1.4 s; peak memory 264 MiB.
2026-09-30T21:40:02Z INFO [102/363] 2069ae01-16f3-4dd4-9403-a224e77e5a34: 22 groups; 0.8 s; peak memory 264 MiB.
2026-09-30T21:40:03Z INFO [103/363] 2069bf45-7051-4717-845d-08db380a9430: 16 groups; 0.6 s; peak memory 264 MiB.
2026-09-30T21:40:04Z INFO [104/363] 2069f4c1-29a4-42f6-979a-1fbd27d12c94: 33 groups; 0.9 s; peak memory 264 MiB.
2026-09-30T21:40:14Z INFO [105/363] 206c4c96-7fa8-47d9-894c-45ca6d03cd29: 1348 groups; 9.7 s; peak memory 264 MiB.
2026-09-30T21:40:15Z INFO [106/363] 206d0e34-6c5c-4b0f-af98-4d545a401e83: 22 groups; 0.9 s; peak memory 264 MiB.
2026-09-30T21:40:16Z INFO [107/363] 206d7a81-d148-4808-b366-9900d6f5d000: 35 groups; 1.3 s; peak memory 264 MiB.
2026-09-30T21:40:18Z INFO [108/363] 206e12d3-27a1-4d29-9012-4a0795bc7e95: 54 groups; 1.7 s; peak memory 264 MiB.
2026-09-30T21:40:19Z INFO [109/363] 206eeeec-44e1-4dee-8720-c9bcd74ce56f: 32 groups; 1.1 s; peak memory 264 MiB.
2026-09-30T21:40:19Z INFO [110/363] 206f6634-baf8-4995-b428-9216a6abdd96: 29 groups; 0.7 s; peak memory 264 MiB.
2026-09-30T21:40:24Z INFO [111/363] 206f870b-7f74-465f-bc3a-6f03cd516036: 141 groups; 4.2 s; peak memory 264 MiB.
2026-09-30T21:40:25Z INFO [112/363] 206f905b-fa87-4099-87da-d7e728a57ae4: 199 groups; 1.1 s; peak memory 264 MiB.
2026-09-30T21:40:26Z INFO [113/363] 206fe122-e174-486c-af1d-7187d5340582: 17 groups; 0.8 s; peak memory 264 MiB.
2026-09-30T21:40:26Z INFO [114/363] 206feb02-6388-4fef-9aa5-4a654b865be3: 22 groups; 0.8 s; peak memory 264 MiB.
2026-09-30T21:40:27Z INFO [115/363] 20702c27-5d19-4db3-948e-a530284ae1d8: 34 groups; 1.1 s; peak memory 264 MiB.
2026-09-30T21:40:28Z INFO [116/363] 20704302-130c-4b71-adc4-7fa68e3b18cf: 28 groups; 0.9 s; peak memory 264 MiB.
2026-09-30T21:40:30Z INFO [117/363] 20711286-f694-46e9-a3ba-0e90dc929815: 32 groups; 1.2 s; peak memory 264 MiB.
2026-09-30T21:40:37Z INFO [118/363] 20728762-d5d0-4261-981e-ef2fc60f054a: 33 groups; 7.1 s; peak memory 264 MiB.
2026-09-30T21:40:38Z INFO [119/363] 2072b41d-f987-4fb0-ab0e-baf4c9776896: 22 groups; 1.1 s; peak memory 264 MiB.
2026-09-30T21:40:41Z INFO [120/363] 2073a741-47b7-4d9e-a063-e12478b608f7: 129 groups; 3.6 s; peak memory 264 MiB.
2026-09-30T21:40:42Z INFO [121/363] 2073eb3a-4522-4ae5-a6aa-ed1e5b56f3df: 22 groups; 0.9 s; peak memory 264 MiB.
2026-09-30T21:40:43Z INFO [122/363] 20750227-745c-4e68-8e2f-55eccf1270a4: 35 groups; 1.0 s; peak memory 264 MiB.
2026-09-30T21:40:44Z INFO [123/363] 2075756f-7a4f-437b-8fd5-bf28b0a2db2e: 22 groups; 1.0 s; peak memory 264 MiB.
2026-09-30T21:40:46Z INFO [124/363] 2076369a-747d-4cef-93ca-0f17f60ddd71: 54 groups; 1.9 s; peak memory 264 MiB.
2026-09-30T21:40:50Z INFO [125/363] 20767ee0-0250-4a1d-9283-45f07c724d92: 73 groups; 3.9 s; peak memory 264 MiB.
2026-09-30T21:40:51Z INFO [126/363] 2076aa5f-4c86-4608-b86f-903352046046: 35 groups; 1.1 s; peak memory 264 MiB.
2026-09-30T21:40:52Z INFO [127/363] 2076c3d6-2788-47ff-b477-e7d049eb7e7e: 35 groups; 1.3 s; peak memory 264 MiB.
2026-09-30T21:40:53Z INFO [128/363] 20783248-03ec-4a89-bd80-0723eadd34e3: 206 groups; 1.1 s; peak memory 264 MiB.
2026-09-30T21:41:00Z INFO [129/363] 2078794c-b9b4-432b-9e21-79689307aaaf: 189 groups; 7.0 s; peak memory 264 MiB.
2026-09-30T21:41:02Z INFO [130/363] 2078c28b-00a5-45f1-abd6-e0cef36e7da4: 35 groups; 1.3 s; peak memory 264 MiB.
2026-09-30T21:41:03Z INFO [131/363] 207a1616-1960-45cf-a680-d5bb2b88f89a: 29 groups; 1.1 s; peak memory 264 MiB.
2026-09-30T21:41:04Z INFO [132/363] 207a19d2-1673-494f-ba6b-b1bafee60fc2: 32 groups; 0.9 s; peak memory 264 MiB.
2026-09-30T21:41:05Z INFO [133/363] 207a4e08-ff6f-4bea-a7b8-79fa855aa9e6: 22 groups; 0.9 s; peak memory 264 MiB.
2026-09-30T21:41:05Z INFO [134/363] 207aba2b-4c0e-4bd7-a3e0-91dfa4608afe: 22 groups; 1.0 s; peak memory 264 MiB.
2026-09-30T21:41:07Z INFO [135/363] 207ad8e0-1f21-4d7e-979b-90f520caa9cf: 35 groups; 1.1 s; peak memory 264 MiB.
2026-09-30T21:41:07Z INFO [136/363] 207af058-c48d-4e03-87b1-35f69d44713f: 22 groups; 0.9 s; peak memory 264 MiB.
2026-09-30T21:41:08Z INFO [137/363] 207b1d86-f563-4fea-af73-64c892f26ffd: 22 groups; 0.9 s; peak memory 264 MiB.
2026-09-30T21:41:09Z INFO [138/363] 207bb2e2-cdd1-4497-b514-7da5177f9dda: 19 groups; 1.0 s; peak memory 264 MiB.
2026-09-30T21:41:11Z INFO [139/363] 207c0a8e-47b8-42ab-8a19-219f958c6eba: 48 groups; 1.8 s; peak memory 264 MiB.
2026-09-30T21:41:12Z INFO [140/363] 207d0c1d-ecaf-44f7-8f84-e4ce9ba52791: 32 groups; 1.0 s; peak memory 264 MiB.
2026-09-30T21:41:13Z INFO [141/363] 207de00f-b4a2-4606-9cb8-e1c01939932c: 28 groups; 0.7 s; peak memory 264 MiB.
2026-09-30T21:45:05Z INFO [142/363] 207eedcd-5058-43fc-ac68-3d5ba83b3f7e: 42 groups; 231.8 s; peak memory 1210 MiB.
2026-09-30T21:45:06Z INFO [143/363] 207f60f3-4c34-49c1-86f9-658b8443efae: 22 groups; 0.9 s; peak memory 1210 MiB.
2026-09-30T21:45:47Z INFO [144/363] 207f6263-bff2-4aae-9b37-259577199d2d: 27 groups; 41.2 s; peak memory 1210 MiB.
2026-09-30T21:45:48Z INFO [145/363] 207f8b33-f695-4924-b36c-b4ddd1003dfd: 52 groups; 1.2 s; peak memory 1210 MiB.
2026-09-30T21:45:50Z INFO [146/363] 20812a01-7102-45d9-b702-b9d984af6b1c: 53 groups; 2.2 s; peak memory 1210 MiB.
2026-09-30T21:45:51Z INFO [147/363] 20821f39-16d9-49f7-9566-10f5aded2b28: 42 groups; 1.1 s; peak memory 1210 MiB.
2026-09-30T21:45:52Z INFO [148/363] 208220a5-8501-4a99-ab3b-69ecba3627fb: 22 groups; 0.8 s; peak memory 1210 MiB.
2026-09-30T21:46:04Z INFO [149/363] 208276d9-84c2-4827-9b46-02a60cea5ef9: 17 groups; 11.6 s; peak memory 1210 MiB.
2026-09-30T21:46:11Z INFO [150/363] 20835ae8-c99e-4c3f-9e85-3ed008883447: 194 groups; 6.8 s; peak memory 1210 MiB.
2026-09-30T21:46:11Z INFO [150/363] 20835ae8-c99e-4c3f-9e85-3ed008883447: checkpointed 62626 records.
2026-09-30T21:46:12Z INFO [151/363] 2083cd01-1090-4885-af44-922ac62b887e: 35 groups; 1.1 s; peak memory 1210 MiB.
2026-09-30T21:46:14Z INFO [152/363] 2084609f-afb5-4dc4-80f4-7eee4c11f102: 50 groups; 2.4 s; peak memory 1210 MiB.
2026-09-30T21:46:15Z INFO [153/363] 20853f16-592e-4b8d-98e9-6eba951bca71: 103 groups; 1.1 s; peak memory 1210 MiB.
2026-09-30T21:46:52Z INFO [154/363] 20856110-83a9-4746-9a78-dad754f12064: 150 groups; 36.9 s; peak memory 1210 MiB.
2026-09-30T21:46:53Z INFO [155/363] 2085720e-75c8-4045-b46c-bb3b991d0da6: 28 groups; 0.8 s; peak memory 1210 MiB.
2026-09-30T21:46:54Z INFO [156/363] 2085e157-5f38-4f99-8b59-9d6832ea1da6: 35 groups; 1.3 s; peak memory 1210 MiB.
2026-09-30T21:46:55Z INFO [157/363] 2085ed7e-770a-4da5-9891-de963274a9aa: 30 groups; 0.6 s; peak memory 1210 MiB.
2026-09-30T21:47:07Z INFO [158/363] 2086fa10-46bb-486a-8646-7adb0cda92c8: 298 groups; 11.8 s; peak memory 1210 MiB.
2026-09-30T21:47:07Z INFO [159/363] 208847ad-0dad-44ff-9ceb-14a6a09eedd3: 31 groups; 0.6 s; peak memory 1210 MiB.
2026-09-30T21:47:08Z INFO [160/363] 20884be9-214e-4e0b-bde2-3333ce4354f4: 35 groups; 1.0 s; peak memory 1210 MiB.
2026-09-30T21:47:09Z INFO [161/363] 20895b90-d1d7-44cb-8fff-06ee5048b31f: 103 groups; 0.9 s; peak memory 1210 MiB.
2026-09-30T21:47:10Z INFO [162/363] 208967cc-8181-4ef5-b2bf-12e97008cd99: 22 groups; 1.0 s; peak memory 1210 MiB.
2026-09-30T21:47:22Z INFO [163/363] 2089de89-83c1-4bc8-830c-b7d737fe170b: 290 groups; 12.0 s; peak memory 1210 MiB.
2026-09-30T21:47:23Z INFO [164/363] 208abab4-7734-4373-81a9-82d68a5c35f9: 22 groups; 0.9 s; peak memory 1210 MiB.
2026-09-30T21:47:28Z INFO [165/363] 208b16b6-93a8-46ef-bac1-1bc99a951090: 125 groups; 4.7 s; peak memory 1210 MiB.
2026-09-30T21:47:28Z INFO [166/363] 208b2c71-48f5-4dd4-9af9-d49b944f7a1e: 22 groups; 0.9 s; peak memory 1210 MiB.
2026-09-30T21:47:30Z INFO [167/363] 208b92a0-c1d8-4683-96b8-8019769ffb3a: 206 groups; 1.4 s; peak memory 1210 MiB.
2026-09-30T21:47:32Z INFO [168/363] 208ba5c4-f29c-4faa-bfb5-28a371412ca0: 195 groups; 1.8 s; peak memory 1210 MiB.
2026-09-30T21:47:33Z INFO [169/363] 208c9e16-146a-4e7c-98d4-a3da515976ac: 32 groups; 1.0 s; peak memory 1210 MiB.
2026-09-30T21:47:34Z INFO [170/363] 208dd029-e43a-470c-a05f-1879d4b89822: 35 groups; 1.1 s; peak memory 1210 MiB.
2026-09-30T21:47:46Z INFO [171/363] 208e263e-16d8-4d23-8237-be1787bb1799: 18 groups; 12.5 s; peak memory 1210 MiB.
2026-09-30T21:47:48Z INFO [172/363] 208e822f-5aa8-461f-8122-8a5d479bb5a5: 200 groups; 1.5 s; peak memory 1210 MiB.
2026-09-30T21:47:49Z INFO [173/363] 208f1094-dd56-4be6-8627-28972b367ad1: 29 groups; 0.8 s; peak memory 1210 MiB.
2026-09-30T21:47:53Z INFO [174/363] 20902427-07a2-4bb3-9c3e-c69bfbf0d99e: 176 groups; 4.7 s; peak memory 1210 MiB.
2026-09-30T21:47:54Z INFO [175/363] 20908db3-ba85-4469-99ff-1dab08289f84: 32 groups; 1.0 s; peak memory 1210 MiB.
2026-09-30T21:47:55Z INFO [176/363] 2091157f-d7d8-4215-8564-1e21f21891a8: 25 groups; 0.8 s; peak memory 1210 MiB.
2026-09-30T21:48:02Z INFO [177/363] 20919bcb-3693-4f99-8cbc-342ebd150d31: 50 groups; 6.9 s; peak memory 1210 MiB.
2026-09-30T21:48:06Z INFO [178/363] 209428e1-08f7-4c05-afbc-36f7bf6f74f1: 79 groups; 3.7 s; peak memory 1210 MiB.
2026-09-30T21:48:06Z INFO [179/363] 2095117e-b3cf-42f3-9197-9edb20ba557d: 32 groups; 0.9 s; peak memory 1210 MiB.
2026-09-30T21:48:24Z INFO [180/363] 20959f3b-ad98-4564-8517-bb099c289501: 23 groups; 17.3 s; peak memory 1210 MiB.
2026-09-30T21:48:25Z INFO [181/363] 2095c5a8-17a3-4446-b3dc-7235e2dd4e9f: 22 groups; 0.9 s; peak memory 1210 MiB.
2026-09-30T21:48:25Z INFO [182/363] 2096e471-a575-4988-bf56-e61d8d98f295: 22 groups; 0.8 s; peak memory 1210 MiB.
2026-09-30T21:48:26Z INFO [183/363] 20970ea7-ccdb-40e8-95e8-25a8c409dd8d: 32 groups; 0.9 s; peak memory 1210 MiB.
2026-09-30T21:48:28Z INFO [184/363] 209780e9-6192-436c-9f3f-997be23120cb: 17 groups; 1.9 s; peak memory 1210 MiB.
2026-09-30T21:48:29Z INFO [185/363] 2098d1c5-98d6-4566-83aa-e38da6113ebf: 30 groups; 0.8 s; peak memory 1210 MiB.
2026-09-30T21:48:30Z INFO [186/363] 20990b79-d6b9-49fa-b95e-e051c930a76b: 17 groups; 0.7 s; peak memory 1210 MiB.
2026-09-30T21:48:31Z INFO [187/363] 209976fa-0465-422b-8c1e-a878bbf4e153: 104 groups; 1.3 s; peak memory 1210 MiB.
2026-09-30T21:48:37Z INFO [188/363] 209a7259-c5c6-42bd-b21c-dfd7613390ca: 66 groups; 5.5 s; peak memory 1210 MiB.
2026-09-30T21:48:40Z INFO [189/363] 209aaaea-ddfd-4f31-8d5d-4b79ccb1fc39: 124 groups; 3.5 s; peak memory 1210 MiB.
2026-09-30T21:48:41Z INFO [190/363] 209ad3d0-0fff-408d-9426-85a8752a8553: 32 groups; 1.0 s; peak memory 1210 MiB.
2026-09-30T21:48:44Z INFO [191/363] 209b794b-15b8-4bd0-9868-d22c0d4d8e47: 50 groups; 2.6 s; peak memory 1210 MiB.
2026-09-30T21:48:45Z INFO [192/363] 209be6d0-f24e-4181-8354-ed671a150235: 103 groups; 1.0 s; peak memory 1210 MiB.
2026-09-30T21:48:46Z INFO [193/363] 209ca129-d21c-42b2-933e-9210bcbb9623: 48 groups; 1.7 s; peak memory 1210 MiB.
2026-09-30T21:48:48Z INFO [194/363] 209cfcd4-f9b7-4dab-9955-9d4c1593ae2d: 36 groups; 1.3 s; peak memory 1210 MiB.
2026-09-30T21:48:48Z INFO [195/363] 209d786c-2ca0-4c7c-94fe-8ef6c854175d: 16 groups; 0.6 s; peak memory 1210 MiB.
2026-09-30T21:48:49Z INFO [196/363] 209d7dd1-4efe-4e20-8610-05a1e99944fb: 22 groups; 0.9 s; peak memory 1210 MiB.
2026-09-30T21:48:51Z INFO [197/363] 209eb427-e3c1-4b25-a3ff-47866165763d: 48 groups; 1.6 s; peak memory 1210 MiB.
2026-09-30T21:48:51Z INFO [198/363] 209fba6f-f30c-4957-b611-405800ad2962: 22 groups; 0.8 s; peak memory 1210 MiB.
2026-09-30T21:48:53Z INFO [199/363] 209fca75-07e3-4ae4-8625-21681dbcf30e: 32 groups; 1.2 s; peak memory 1210 MiB.
2026-09-30T21:48:55Z INFO [200/363] 20a0af9a-a16f-4e08-84b5-1825960d6a63: 17 groups; 2.2 s; peak memory 1210 MiB.
2026-09-30T21:48:55Z INFO [200/363] 20a0af9a-a16f-4e08-84b5-1825960d6a63: checkpointed 62676 records.
2026-09-30T21:48:56Z INFO [201/363] 20a0bf25-c827-4f64-9c2e-6c13f228bb99: 22 groups; 0.8 s; peak memory 1210 MiB.
2026-09-30T21:48:57Z INFO [202/363] 20a1a965-c75d-4984-94a5-541f37d768e2: 30 groups; 0.9 s; peak memory 1210 MiB.
2026-09-30T21:48:59Z INFO [203/363] 20a1d4a3-12c0-4d3c-9851-67297f5d5a3e: 47 groups; 2.2 s; peak memory 1210 MiB.
2026-09-30T21:49:00Z INFO [204/363] 20a2761c-5ccb-4f88-a353-d52c53909859: 32 groups; 0.9 s; peak memory 1210 MiB.
2026-09-30T21:49:01Z INFO [205/363] 20a2a816-f21e-4e11-aa73-00c866bd43dd: 207 groups; 1.5 s; peak memory 1210 MiB.
2026-09-30T21:49:02Z INFO [206/363] 20a34b22-380f-48de-9f25-8167b9d956de: 17 groups; 0.6 s; peak memory 1210 MiB.
2026-09-30T21:49:03Z INFO [207/363] 20a419ef-2a4c-47c5-8cdc-10604343acfc: 336 groups; 1.6 s; peak memory 1210 MiB.
2026-09-30T21:49:05Z INFO [208/363] 20a543df-c723-4813-a010-e2d7b5138499: 42 groups; 1.3 s; peak memory 1210 MiB.
2026-09-30T21:49:06Z INFO [209/363] 20a55384-769c-4c15-bf67-b1013572c869: 193 groups; 1.1 s; peak memory 1210 MiB.
2026-09-30T21:49:07Z INFO [210/363] 20a613ce-85ee-4b11-a870-a72460301006: 194 groups; 1.1 s; peak memory 1210 MiB.
2026-09-30T21:49:07Z INFO [211/363] 20a6f365-c56f-45ca-83d4-0ca459cc00fe: 16 groups; 0.6 s; peak memory 1210 MiB.
2026-09-30T21:49:09Z INFO [212/363] 20a6fd02-161f-4d4f-af04-e1edb4c93d91: 32 groups; 1.2 s; peak memory 1210 MiB.
2026-09-30T21:49:10Z INFO [213/363] 20a7230b-94f6-4435-8db1-52f6a4993a3f: 22 groups; 0.9 s; peak memory 1210 MiB.
2026-09-30T21:49:11Z INFO [214/363] 20a76c5b-e300-4092-832c-2f3441ef2010: 32 groups; 1.1 s; peak memory 1210 MiB.
2026-09-30T21:49:16Z INFO [215/363] 20a7ec4a-0669-49f5-888a-0f5b7e250e60: 84 groups; 5.0 s; peak memory 1210 MiB.
2026-09-30T21:49:17Z INFO [216/363] 20a80851-41cc-41b8-bace-07107be9d15d: 67 groups; 1.1 s; peak memory 1210 MiB.
2026-09-30T21:49:18Z INFO [217/363] 20a8a897-dd3b-4d58-9c10-1e646b17ddba: 22 groups; 0.8 s; peak memory 1210 MiB.
2026-09-30T21:49:19Z INFO [218/363] 20a8e1b7-41b8-47ae-bb7e-fca8242f1fa0: 32 groups; 1.0 s; peak memory 1210 MiB.
2026-09-30T21:49:20Z INFO [219/363] 20a97d2c-7b23-4304-9dd3-84d955c3d2f5: 22 groups; 0.9 s; peak memory 1210 MiB.
2026-09-30T21:49:21Z INFO [220/363] 20a9d155-499d-4ba4-8f96-a75750e426ca: 48 groups; 1.9 s; peak memory 1210 MiB.
2026-09-30T21:49:22Z INFO [221/363] 20ab14a5-2d33-49e3-a908-b308e16fc006: 23 groups; 0.8 s; peak memory 1210 MiB.
2026-09-30T21:49:24Z INFO [222/363] 20ab4ea7-98cc-43ce-b9d4-078a0256cb99: 50 groups; 2.0 s; peak memory 1210 MiB.
2026-09-30T21:49:25Z INFO [223/363] 20abc756-b9ed-49af-976d-53db6169018b: 32 groups; 0.9 s; peak memory 1210 MiB.
2026-09-30T21:49:26Z INFO [224/363] 20abf11c-800b-41b7-aadc-d476d15a757f: 35 groups; 1.2 s; peak memory 1210 MiB.
2026-09-30T21:49:34Z INFO [225/363] 20accf91-e528-4d9d-a8ed-8bac6fd5ccec: 1855 groups; 7.6 s; peak memory 1210 MiB.
2026-09-30T21:49:35Z INFO [226/363] 20acd42b-3844-4ee8-8d82-f1c4e75ed070: 202 groups; 1.2 s; peak memory 1210 MiB.
2026-09-30T21:49:36Z INFO [227/363] 20ae0ea5-1197-4b8f-9a85-e073da897561: 22 groups; 1.0 s; peak memory 1210 MiB.
2026-09-30T21:49:37Z INFO [228/363] 20ae6bd0-35fe-43c7-acf3-16499ed26618: 32 groups; 0.9 s; peak memory 1210 MiB.
2026-09-30T21:49:38Z INFO [229/363] 20aec471-f397-442c-858a-4df39a1de60a: 22 groups; 0.9 s; peak memory 1210 MiB.
2026-09-30T21:49:48Z INFO [230/363] 20b00958-4e6d-4c04-9945-35197ebfe839: 193 groups; 10.0 s; peak memory 1210 MiB.
2026-09-30T21:49:49Z INFO [231/363] 20b0da3b-c799-4dc3-9ae3-3541ec7c668e: 32 groups; 1.1 s; peak memory 1210 MiB.
2026-09-30T21:49:53Z INFO [232/363] 20b0e71a-f9d6-426e-b967-24c3749b04bc: 68 groups; 3.7 s; peak memory 1210 MiB.
2026-09-30T21:49:55Z INFO [233/363] 20b10724-46ae-4805-a097-9bda8ccc0b3c: 52 groups; 2.5 s; peak memory 1210 MiB.
2026-09-30T21:49:56Z INFO [234/363] 20b1a664-084a-4406-96b2-8bad0e1fdf22: 17 groups; 0.7 s; peak memory 1210 MiB.
2026-09-30T21:50:13Z INFO [235/363] 20b20ec1-cab0-4591-8cb7-56e7706acff7: 399 groups; 16.4 s; peak memory 1210 MiB.
2026-09-30T21:50:13Z INFO [236/363] 20b233a4-317d-4e72-9b46-0870f991052e: 22 groups; 0.8 s; peak memory 1210 MiB.
2026-09-30T21:50:14Z INFO [237/363] 20b292bf-1548-4ce2-bcc7-6756370c7aef: 16 groups; 0.7 s; peak memory 1210 MiB.
2026-09-30T21:50:15Z INFO [238/363] 20b3179f-2fe7-4c17-acb6-531a5615b2e3: 193 groups; 1.0 s; peak memory 1210 MiB.
2026-09-30T21:50:24Z INFO [239/363] 20b48698-7883-4d9e-894d-f5ce2e6c1701: 262 groups; 9.0 s; peak memory 1210 MiB.
2026-09-30T21:50:25Z INFO [240/363] 20b5d1f9-bde7-428d-a41d-51b5b3deb666: 254 groups; 1.1 s; peak memory 1210 MiB.
2026-09-30T21:50:26Z INFO [241/363] 20b5d243-5a61-4246-a5d5-ac9d9068183d: 575 groups; 1.3 s; peak memory 1210 MiB.
2026-09-30T21:50:27Z INFO [242/363] 20b64d33-7a8d-4966-aeac-0a1aecdc66b5: 32 groups; 1.0 s; peak memory 1210 MiB.
2026-09-30T21:50:28Z INFO [243/363] 20b69528-1ea2-4a2d-9712-8b3be5c0bd42: 22 groups; 0.8 s; peak memory 1210 MiB.
2026-09-30T21:50:29Z INFO [244/363] 20b6c7f2-9b7e-4a24-87e3-d3fb6740975a: 22 groups; 0.9 s; peak memory 1210 MiB.
2026-09-30T21:50:32Z INFO [245/363] 20b76737-3915-4bc3-a817-fe66eaee72cd: 78 groups; 3.1 s; peak memory 1210 MiB.
2026-09-30T21:50:33Z INFO [246/363] 20b8bf70-befb-4d41-9856-bf5a9f786786: 32 groups; 1.1 s; peak memory 1210 MiB.
2026-09-30T21:50:49Z INFO [247/363] 20b8f1d0-aa64-47f9-84f2-e54ce385de05: 23 groups; 16.1 s; peak memory 1210 MiB.
2026-09-30T21:50:50Z INFO [248/363] 20bb334b-133b-4954-955f-0e802fb8a289: 28 groups; 0.6 s; peak memory 1210 MiB.
2026-09-30T21:50:51Z INFO [249/363] 20bb4f88-c21c-41fb-809f-34bd305f66b4: 22 groups; 0.8 s; peak memory 1210 MiB.
2026-09-30T21:50:52Z INFO [250/363] 20bc42b4-9199-4f42-a405-76aab2501855: 32 groups; 1.1 s; peak memory 1210 MiB.
2026-09-30T21:50:52Z INFO [250/363] 20bc42b4-9199-4f42-a405-76aab2501855: checkpointed 62726 records.
2026-09-30T21:50:53Z INFO [251/363] 20bc929a-4687-4a01-a251-516d6f7529f1: 207 groups; 1.1 s; peak memory 1210 MiB.
2026-09-30T21:51:26Z INFO [252/363] 20bd8a6d-947d-4864-a655-cfcc2080c389: 26 groups; 33.0 s; peak memory 1210 MiB.
2026-09-30T21:51:27Z INFO [253/363] 20bdb4f9-8d2b-4735-9a17-8f28dcd80398: 31 groups; 1.0 s; peak memory 1210 MiB.
2026-09-30T21:51:28Z INFO [254/363] 20bdfc90-64fe-4d90-991c-9d347c9cb5ae: 35 groups; 1.1 s; peak memory 1210 MiB.
2026-09-30T21:51:29Z INFO [255/363] 20be0872-3bd7-432c-baf4-400ac752349e: 16 groups; 0.6 s; peak memory 1210 MiB.
2026-09-30T21:51:34Z INFO [256/363] 20be0a26-0485-49e9-affa-a85560ed1979: 68 groups; 5.3 s; peak memory 1210 MiB.
2026-09-30T21:51:35Z INFO [257/363] 20be4b54-2b39-49c6-a05b-33fdbef20abd: 32 groups; 1.1 s; peak memory 1210 MiB.
2026-09-30T21:51:37Z INFO [258/363] 20bea5f2-29bf-4c94-89ac-77f921532582: 33 groups; 1.5 s; peak memory 1210 MiB.
2026-09-30T21:51:38Z INFO [259/363] 20bec433-2c1a-4012-b182-a4623bdc353d: 201 groups; 1.0 s; peak memory 1210 MiB.
2026-09-30T21:51:38Z INFO [260/363] 20bf0387-04b0-4450-999a-fa926bcb30a8: 20 groups; 0.7 s; peak memory 1210 MiB.
2026-09-30T21:51:40Z INFO [261/363] 20bf848f-7266-45a3-abcc-5a14e4abe59f: 34 groups; 1.4 s; peak memory 1210 MiB.
2026-09-30T21:51:41Z INFO [262/363] 20c0375b-4aa0-479b-b06d-6149322905a2: 32 groups; 1.1 s; peak memory 1210 MiB.
2026-09-30T21:51:41Z INFO [263/363] 20c1b884-bf2f-4fdb-a7de-20271bc67592: 26 groups; 0.7 s; peak memory 1210 MiB.
2026-09-30T21:51:42Z INFO [264/363] 20c26283-76ee-4a56-bdf4-c8ae6bb91efb: 17 groups; 0.7 s; peak memory 1210 MiB.
2026-09-30T21:51:45Z INFO [265/363] 20c2c3ea-6789-4c0f-b06e-25b78e904048: 36 groups; 2.5 s; peak memory 1210 MiB.
2026-09-30T21:51:46Z INFO [266/363] 20c3ca95-2f38-4544-972a-bcb0b78136c6: 22 groups; 0.9 s; peak memory 1210 MiB.
2026-09-30T21:51:47Z INFO [267/363] 20c50d6f-acc0-4556-af41-0713fbd2f58b: 202 groups; 1.4 s; peak memory 1210 MiB.
2026-09-30T21:51:48Z INFO [268/363] 20c5932b-ef95-41fa-bb45-a659d60121c9: 22 groups; 1.0 s; peak memory 1210 MiB.
2026-09-30T21:51:49Z INFO [269/363] 20c758fb-4f6c-4ab2-b637-e20d693b37d9: 28 groups; 0.7 s; peak memory 1210 MiB.
2026-09-30T21:51:50Z INFO [270/363] 20c778c6-0710-4efb-98fd-5ae8e3ff3d8e: 341 groups; 1.8 s; peak memory 1210 MiB.
2026-09-30T21:51:51Z INFO [271/363] 20c78c5d-9eda-4d8a-8ffa-92d1b0ce5bb4: 28 groups; 0.9 s; peak memory 1210 MiB.
2026-09-30T21:51:52Z INFO [272/363] 20c80762-d4a8-48fa-860c-81ae4be467c0: 18 groups; 1.0 s; peak memory 1210 MiB.
2026-09-30T21:51:53Z INFO [273/363] 20c84172-13e6-40e0-835b-19211a8da500: 22 groups; 0.8 s; peak memory 1210 MiB.
2026-09-30T21:51:54Z INFO [274/363] 20c86655-eeb1-4b84-878f-3ba0031d910f: 202 groups; 1.2 s; peak memory 1210 MiB.
2026-09-30T21:51:55Z INFO [275/363] 20c8cfc0-91c4-4380-9e67-826ff4b1bbba: 35 groups; 1.2 s; peak memory 1210 MiB.
2026-09-30T21:51:58Z INFO [276/363] 20c8e7d6-e2fd-496a-a715-af3674e2c046: 46 groups; 2.3 s; peak memory 1210 MiB.
2026-09-30T21:52:00Z INFO [277/363] 20c97d11-13f7-4fd0-a6f3-1ae63389f65a: 48 groups; 1.8 s; peak memory 1210 MiB.
2026-09-30T21:52:01Z INFO [278/363] 20c9efc9-a645-4117-a59d-b05713d1b5ec: 201 groups; 1.2 s; peak memory 1210 MiB.
2026-09-30T21:54:04Z INFO [279/363] 20ca0c21-48d5-4056-b76f-3597443a1bf8: 71 groups; 123.7 s; peak memory 1210 MiB.
2026-09-30T21:54:05Z INFO [280/363] 20cb189d-f38e-4791-abea-5de7b9640337: 31 groups; 0.7 s; peak memory 1210 MiB.
2026-09-30T21:54:07Z INFO [281/363] 20cc5f75-b657-4829-999f-93d04b6e292e: 17 groups; 1.9 s; peak memory 1210 MiB.
2026-09-30T21:54:08Z INFO [282/363] 20cd508e-5894-4f36-aa1b-2f60f9deb7f6: 22 groups; 1.2 s; peak memory 1210 MiB.
2026-09-30T21:54:09Z INFO [283/363] 20ce44b0-f772-44d9-a7e5-f411aba42b72: 32 groups; 0.9 s; peak memory 1210 MiB.
2026-09-30T21:54:11Z INFO [284/363] 20cebf90-faba-4412-a90f-a4851987a882: 341 groups; 1.4 s; peak memory 1210 MiB.
2026-09-30T21:54:12Z INFO [285/363] 20cf6edd-2bd4-4b22-88d4-cad8f83f48ee: 33 groups; 1.3 s; peak memory 1210 MiB.
2026-09-30T21:54:21Z INFO [286/363] 20d08a6a-9a0f-4dea-877e-88b5e5576e3e: 645 groups; 9.1 s; peak memory 1210 MiB.
2026-09-30T21:54:22Z INFO [287/363] 20d0bd63-3414-4018-a2fd-f8c6f999c19b: 22 groups; 1.1 s; peak memory 1210 MiB.
2026-09-30T21:54:23Z INFO [288/363] 20d14776-1eb7-4053-bfce-adcf49b47211: 32 groups; 0.8 s; peak memory 1210 MiB.
2026-09-30T21:54:34Z INFO [289/363] 20d1b64f-107a-4d3b-b05f-19d747dc7031: 17 groups; 10.9 s; peak memory 1210 MiB.
2026-09-30T21:54:38Z INFO [290/363] 20d215fe-1d61-4675-9681-1c669f4c13de: 78 groups; 3.8 s; peak memory 1210 MiB.
2026-09-30T22:00:25Z INFO [291/363] 20d23c63-a94b-480a-8df6-2c3110fdd2bc: 61 groups; 347.5 s; peak memory 1210 MiB.
2026-09-30T22:00:26Z INFO [292/363] 20d266c9-e393-4ca6-9c90-265869efe701: 35 groups; 1.1 s; peak memory 1210 MiB.
2026-09-30T22:00:27Z INFO [293/363] 20d268db-5ae4-43ae-a6e0-a45c2486b97c: 196 groups; 1.1 s; peak memory 1210 MiB.
2026-09-30T22:00:29Z INFO [294/363] 20d2f72f-bab9-4edf-a202-178c521c1d8e: 207 groups; 2.0 s; peak memory 1210 MiB.
2026-09-30T22:00:31Z INFO [295/363] 20d3c598-5e48-4a19-8a9e-7a23fe80d040: 206 groups; 1.3 s; peak memory 1210 MiB.
2026-09-30T22:00:32Z INFO [296/363] 20d405d1-b152-4998-abc0-17eb344e0a26: 22 groups; 1.0 s; peak memory 1210 MiB.
2026-09-30T22:00:33Z INFO [297/363] 20d4f5fe-d595-4ee2-9882-bd29e89611de: 35 groups; 1.2 s; peak memory 1210 MiB.
2026-09-30T22:00:34Z INFO [298/363] 20d64ab2-24e4-43c6-8753-ef45fd38cc0f: 22 groups; 0.9 s; peak memory 1210 MiB.
2026-09-30T22:00:39Z INFO [299/363] 20d6bb13-9ab4-4367-9305-4e587718e5fd: 66 groups; 5.4 s; peak memory 1210 MiB.
2026-09-30T22:00:40Z INFO [300/363] 20d6eeb4-42a5-40f2-8ec9-04995105ef1a: 16 groups; 0.6 s; peak memory 1210 MiB.
2026-09-30T22:00:40Z INFO [300/363] 20d6eeb4-42a5-40f2-8ec9-04995105ef1a: checkpointed 62776 records.
2026-09-30T22:00:45Z INFO [301/363] 20d7162a-4221-4aca-9cb4-2b22c5d24dc7: 187 groups; 4.9 s; peak memory 1210 MiB.
2026-09-30T22:00:46Z INFO [302/363] 20d84147-63d6-4c6e-83bc-6a8a6314ccd8: 32 groups; 1.1 s; peak memory 1210 MiB.
2026-09-30T22:00:47Z INFO [303/363] 20d8dd31-6af9-492d-a65c-8285ccff8f4e: 22 groups; 0.8 s; peak memory 1210 MiB.
2026-09-30T22:00:47Z INFO [304/363] 20d94f85-48be-42fa-9ebb-db4134655cff: 30 groups; 0.8 s; peak memory 1210 MiB.
2026-09-30T22:00:48Z INFO [305/363] 20da7b2f-e540-48b5-bbd8-59b280d0dfd9: 32 groups; 0.7 s; peak memory 1210 MiB.
2026-09-30T22:00:49Z INFO [306/363] 20daf99e-3d4d-4f62-abdd-1aebc37a9dbf: 26 groups; 0.7 s; peak memory 1210 MiB.
2026-09-30T22:00:50Z INFO [307/363] 20db3825-7a8c-4f12-9e7d-ce91a4fa6498: 22 groups; 0.8 s; peak memory 1210 MiB.
2026-09-30T22:00:51Z INFO [308/363] 20db7394-aea0-4292-b27b-a3732354760b: 32 groups; 0.9 s; peak memory 1210 MiB.
2026-09-30T22:00:52Z INFO [309/363] 20dbbd71-0c3e-4ff3-97f7-eb6a220095d8: 32 groups; 1.0 s; peak memory 1210 MiB.
2026-09-30T22:00:54Z INFO [310/363] 20dbe4a1-8c69-49b1-aea9-661c2aad2721: 56 groups; 2.5 s; peak memory 1210 MiB.
2026-09-30T22:01:01Z INFO [311/363] 20dc8709-fa56-47c0-b09d-4c13f967d415: 17 groups; 7.0 s; peak memory 1210 MiB.
2026-09-30T22:01:02Z INFO [312/363] 20dcbae1-9873-4048-8651-a7614f7cd2dd: 17 groups; 0.6 s; peak memory 1210 MiB.
2026-09-30T22:01:03Z INFO [313/363] 20dd5515-46eb-419c-ac6f-7a5054e5833a: 31 groups; 0.8 s; peak memory 1210 MiB.
2026-09-30T22:01:04Z INFO [314/363] 20dd6193-3788-45a0-9945-2632966297c5: 22 groups; 1.0 s; peak memory 1210 MiB.
2026-09-30T22:01:05Z INFO [315/363] 20de6258-817c-4eee-acde-cfcc19d0cbd9: 32 groups; 1.0 s; peak memory 1210 MiB.
2026-09-30T22:01:06Z INFO [316/363] 20dea5c4-af4e-48f7-9fbd-4136efa7e30b: 22 groups; 0.9 s; peak memory 1210 MiB.
2026-09-30T22:01:07Z INFO [317/363] 20e2c85c-d070-4e33-9401-4fcdccec1ff6: 32 groups; 1.0 s; peak memory 1210 MiB.
2026-09-30T22:01:08Z INFO [318/363] 20e46fe6-5704-40e9-b9f5-c76cb1707d48: 34 groups; 1.2 s; peak memory 1210 MiB.
2026-09-30T22:01:09Z INFO [319/363] 20e4b649-b593-4ee3-bd02-f0645aad7021: 575 groups; 1.6 s; peak memory 1210 MiB.
2026-09-30T22:01:10Z INFO [320/363] 20e51ad9-819b-46a4-91fe-09c1c17a8f02: 22 groups; 0.8 s; peak memory 1210 MiB.
2026-09-30T22:01:11Z INFO [321/363] 20e5329f-1cb9-4d41-9502-5d0ba2179f4c: 32 groups; 0.9 s; peak memory 1210 MiB.
2026-09-30T22:01:12Z INFO [322/363] 20e5aba8-5ab3-47af-8511-94f5c6da08ca: 22 groups; 0.7 s; peak memory 1210 MiB.
2026-09-30T22:01:13Z INFO [323/363] 20e5f42d-e6de-45be-9cb0-d033b580db54: 22 groups; 0.9 s; peak memory 1210 MiB.
2026-09-30T22:01:15Z INFO [324/363] 20e60060-898a-4cb1-a96c-f61903af5bbe: 54 groups; 2.7 s; peak memory 1210 MiB.
2026-09-30T22:01:16Z INFO [325/363] 20e66bd1-9945-4dbf-af08-4965eccb1d7c: 32 groups; 1.1 s; peak memory 1210 MiB.
2026-09-30T22:01:17Z INFO [326/363] 20e67ddf-15b3-4144-b230-d755248e662d: 71 groups; 0.8 s; peak memory 1210 MiB.
2026-09-30T22:01:18Z INFO [327/363] 20e714fe-0660-48b1-85e5-b2c6f39307b3: 25 groups; 0.9 s; peak memory 1210 MiB.
2026-09-30T22:01:19Z INFO [328/363] 20e74e59-c26d-4a6a-a88d-526471fcf5fe: 21 groups; 1.0 s; peak memory 1210 MiB.
2026-09-30T22:01:20Z INFO [329/363] 20e8eef5-5404-455a-98aa-262b5f2681b9: 35 groups; 1.2 s; peak memory 1210 MiB.
2026-09-30T22:01:22Z INFO [330/363] 20e90e98-54bb-457b-9509-e1b9373d800a: 207 groups; 1.6 s; peak memory 1210 MiB.
2026-09-30T22:01:23Z INFO [331/363] 20e98d85-6d8f-4ac8-8c98-d8cb8a26a209: 42 groups; 1.2 s; peak memory 1210 MiB.
2026-09-30T22:01:25Z INFO [332/363] 20e9e71d-fdda-4926-b63a-bb20548d0ee3: 571 groups; 2.0 s; peak memory 1210 MiB.
2026-09-30T22:01:27Z INFO [333/363] 20eacf97-ef36-4768-8b0c-06e601ddeed6: 52 groups; 2.3 s; peak memory 1210 MiB.
2026-09-30T22:01:28Z INFO [334/363] 20eb34f5-359f-4095-8606-83c8ad4369f1: 22 groups; 0.8 s; peak memory 1210 MiB.
2026-09-30T22:01:29Z INFO [335/363] 20eb7f1b-3690-4d4d-89a3-251912c1cb7f: 22 groups; 1.1 s; peak memory 1210 MiB.
2026-09-30T22:01:30Z INFO [336/363] 20ebcc6c-afdd-4ea5-a61f-83111c96c772: 22 groups; 1.0 s; peak memory 1210 MiB.
2026-09-30T22:01:37Z INFO [337/363] 20ec1018-989f-47f6-b23a-8a4d222f2480: 2063 groups; 6.2 s; peak memory 1210 MiB.
2026-09-30T22:01:37Z INFO [338/363] 20ec1ea7-e441-4404-acd4-06712fdc10e9: 22 groups; 0.8 s; peak memory 1210 MiB.
2026-09-30T22:01:39Z INFO [339/363] 20ec8bb4-ed6d-430a-9648-21c9a182737b: 35 groups; 1.3 s; peak memory 1210 MiB.
2026-09-30T22:01:39Z INFO [340/363] 20ed9dc6-2341-4c5f-9a44-f173758280c0: 22 groups; 0.8 s; peak memory 1210 MiB.
2026-09-30T22:01:40Z INFO [341/363] 20ee1f40-7d95-4bf3-8fd9-3e58a836e681: 22 groups; 0.8 s; peak memory 1210 MiB.
2026-09-30T22:01:41Z INFO [342/363] 20ee563e-113e-469b-a2de-e1a9a065d1cb: 24 groups; 1.3 s; peak memory 1210 MiB.
2026-09-30T22:01:46Z INFO [343/363] 20eed207-dea2-4245-b1f5-f17b3a73949d: 22 groups; 4.3 s; peak memory 1210 MiB.
2026-09-30T22:01:47Z INFO [344/363] 20f0dbef-bea2-43a1-bed5-5ab3f756a21a: 31 groups; 0.8 s; peak memory 1210 MiB.
2026-09-30T22:01:49Z INFO [345/363] 20f238bc-fa39-43a6-949a-645b4fc40857: 200 groups; 2.4 s; peak memory 1210 MiB.
2026-09-30T22:01:50Z INFO [346/363] 20f27754-8118-417b-adfc-cb9b73e8065d: 22 groups; 0.8 s; peak memory 1210 MiB.
2026-09-30T22:01:51Z INFO [347/363] 20f27d09-b864-410c-a0ba-d081d9283cf8: 194 groups; 1.2 s; peak memory 1210 MiB.
2026-09-30T22:01:52Z INFO [348/363] 20f36085-3c98-4118-8118-0a4c632c7c16: 28 groups; 0.9 s; peak memory 1210 MiB.
2026-09-30T22:01:52Z INFO [349/363] 20f37975-8453-438d-bbe3-810d6ec57ff9: 16 groups; 0.6 s; peak memory 1210 MiB.
2026-09-30T22:01:54Z INFO [350/363] 20f3beff-6380-4043-abe7-dfd8110d1e02: 32 groups; 1.1 s; peak memory 1210 MiB.
2026-09-30T22:01:54Z INFO [350/363] 20f3beff-6380-4043-abe7-dfd8110d1e02: checkpointed 62826 records.
2026-09-30T22:01:55Z INFO [351/363] 20f44680-6809-4d75-b584-675efd6c1c2d: 32 groups; 0.9 s; peak memory 1210 MiB.
2026-09-30T22:01:56Z INFO [352/363] 20f4ee9f-38f7-4e31-9747-57895a429779: 22 groups; 1.0 s; peak memory 1210 MiB.
2026-09-30T22:01:57Z INFO [353/363] 20f54000-5f79-4777-a708-b7aea4b54be2: 22 groups; 1.1 s; peak memory 1210 MiB.
2026-09-30T22:01:57Z INFO [354/363] 20f5b1d8-20db-4d2a-b0ce-8b507716d770: 33 groups; 0.9 s; peak memory 1210 MiB.
2026-09-30T22:02:10Z INFO [355/363] 20f5b740-4bd3-4e58-9778-14dab90e9921: 157 groups; 12.3 s; peak memory 1210 MiB.
2026-09-30T22:02:11Z INFO [356/363] 20f5ff1f-2a60-4654-9d69-262e5767f9ea: 33 groups; 1.6 s; peak memory 1210 MiB.
2026-09-30T22:02:12Z INFO [357/363] 20f641a4-0fb2-4a75-9ecd-92b12c9cadd5: 32 groups; 1.0 s; peak memory 1210 MiB.
2026-09-30T22:02:59Z INFO [358/363] 20f68f8b-cbab-4c07-94ef-1c45c73a815d: 26 groups; 46.1 s; peak memory 1210 MiB.
2026-09-30T22:03:00Z INFO [359/363] 20f9007e-e43c-45cf-95b3-f2c0f07b6968: 32 groups; 1.1 s; peak memory 1210 MiB.
2026-09-30T22:03:03Z INFO [360/363] 20f93032-dc8d-45f6-bfbd-0e04c0265395: 78 groups; 3.6 s; peak memory 1210 MiB.
2026-09-30T22:03:04Z INFO [361/363] 20f96918-31a3-4a01-ae48-60966ae8a559: 34 groups; 1.3 s; peak memory 1210 MiB.
2026-09-30T22:03:05Z INFO [362/363] 20f9c20d-ba7c-4030-a095-cb9dee8ef30c: 32 groups; 1.0 s; peak memory 1210 MiB.
2026-09-30T22:03:06Z INFO [363/363] 20fa5424-458e-4b58-b3e8-2b53ff954b84: 19 groups; 0.6 s; peak memory 1210 MiB.
2026-09-30T22:03:06Z INFO Wrote 62839 records to /tmp/derivatives/valid_nwb_file_to_number_of_groups.jsonl (363 new, 0 failed) in 28.5 min (peak memory 1210 MiB).
