2026-09-30T00:49:25Z INFO Logging to /tmp/logs/update_2026-09-30T00-49-25Z.log.
2026-09-30T00:49:25Z INFO Update valid-nwb-file-to-number-of-groups (base directory /tmp).
2026-09-30T00:49:25Z INFO Processing 368 items (61731 already recorded).
2026-09-30T00:49:27Z INFO [1/368] 1ebe7af5-46da-4019-bfe6-1736e045b5c5: 48 groups; 2.2 s; peak memory 101 MiB.
2026-09-30T00:49:28Z INFO [2/368] 1ec01265-894b-4939-bc07-fe816abe453b: 22 groups; 0.9 s; peak memory 101 MiB.
2026-09-30T00:49:29Z INFO [3/368] 1ec03e33-68ce-4116-94a8-395f698575c3: 252 groups; 0.8 s; peak memory 101 MiB.
2026-09-30T00:49:30Z INFO [4/368] 1ec04393-f604-4505-89df-5bf6105c0831: 26 groups; 0.8 s; peak memory 102 MiB.
2026-09-30T00:49:31Z INFO [5/368] 1ec0d955-9dfb-44b1-a6d7-0a9e1629f9c6: 255 groups; 0.9 s; peak memory 102 MiB.
2026-09-30T00:49:32Z INFO [6/368] 1ec18c03-7539-4f19-8ab4-f86bc19d598e: 33 groups; 1.1 s; peak memory 102 MiB.
2026-09-30T00:49:33Z INFO [7/368] 1ec1a2c1-4e13-48ed-a622-280882a06b80: 22 groups; 0.8 s; peak memory 102 MiB.
2026-09-30T00:49:33Z INFO [8/368] 1ec20868-635a-4e3d-85c4-b0cfde824859: 16 groups; 0.7 s; peak memory 103 MiB.
2026-09-30T00:49:34Z INFO [9/368] 1ec279f4-a39e-4f74-b506-bdb58e18faee: 22 groups; 1.0 s; peak memory 103 MiB.
2026-09-30T00:49:40Z INFO [10/368] 1ec35557-249a-4dfd-a44c-b8d76adf32dc: 22 groups; 5.4 s; peak memory 107 MiB.
2026-09-30T00:49:41Z INFO [11/368] 1ec35c0b-10f7-41e6-a5e6-5bc5b752e74d: 108 groups; 1.0 s; peak memory 107 MiB.
2026-09-30T00:49:42Z INFO [12/368] 1ec36f66-68ac-476f-998e-0381106c48e9: 22 groups; 0.9 s; peak memory 107 MiB.
2026-09-30T00:49:42Z INFO [13/368] 1ec3c6d3-0889-4329-9633-58f2cf1eedde: 32 groups; 0.8 s; peak memory 107 MiB.
2026-09-30T00:49:44Z INFO [14/368] 1ec59440-ded8-4553-9a1e-b6d7d3697c33: 337 groups; 1.3 s; peak memory 107 MiB.
2026-09-30T00:49:45Z INFO [15/368] 1ec60477-21c9-4015-85ec-10d7d49ea28c: 32 groups; 1.1 s; peak memory 107 MiB.
2026-09-30T00:49:46Z INFO [16/368] 1ec77cf5-62bd-4c86-9c01-9672eb57a978: 32 groups; 0.7 s; peak memory 108 MiB.
2026-09-30T00:49:47Z INFO [17/368] 1ec78002-c80c-4e6c-95e5-78fc57784b4c: 32 groups; 1.0 s; peak memory 108 MiB.
2026-09-30T00:49:47Z INFO [18/368] 1ec80295-464a-419d-b044-f9481e577ae1: 33 groups; 0.7 s; peak memory 108 MiB.
2026-09-30T00:49:48Z INFO [19/368] 1ec8a415-0f05-4253-8ac9-d9acc8ffdc71: 22 groups; 0.8 s; peak memory 108 MiB.
2026-09-30T00:52:54Z INFO [20/368] 1ec8d443-5fd5-432a-81ff-fb5529243f72: 93 groups; 186.1 s; peak memory 392 MiB.
2026-09-30T00:52:55Z INFO [21/368] 1ec8e46a-6fbd-445a-a8d9-53bf150099c3: 22 groups; 0.8 s; peak memory 392 MiB.
2026-09-30T00:52:56Z INFO [22/368] 1ec92c22-8827-48df-be87-651f36bbc4db: 22 groups; 0.8 s; peak memory 392 MiB.
2026-09-30T00:52:57Z INFO [23/368] 1ec95144-18de-435e-975c-d7538632b712: 36 groups; 1.1 s; peak memory 392 MiB.
2026-09-30T00:52:58Z INFO [24/368] 1ec9b47e-02ff-45bd-941f-a57d28a3080c: 32 groups; 0.9 s; peak memory 392 MiB.
2026-09-30T00:53:01Z INFO [25/368] 1ecb4c57-cc88-4814-96ee-996edc54d89b: 181 groups; 3.2 s; peak memory 392 MiB.
2026-09-30T00:53:02Z INFO [26/368] 1ecb8015-c054-43bf-b6a6-8f678ff4638b: 71 groups; 0.7 s; peak memory 392 MiB.
2026-09-30T00:53:02Z INFO [27/368] 1ecbfb88-0bbd-421c-ad56-cac70c00fc3b: 22 groups; 0.8 s; peak memory 392 MiB.
2026-09-30T00:53:04Z INFO [28/368] 1ecc0016-e4d7-44ab-94ae-5176ff50f0ac: 36 groups; 1.8 s; peak memory 392 MiB.
2026-09-30T00:53:05Z INFO [29/368] 1ecc4ddd-de54-45b4-83f0-c0da095d0c0b: 33 groups; 0.9 s; peak memory 392 MiB.
2026-09-30T00:54:48Z INFO [30/368] 1ecdb00b-ae15-4712-9880-55bdf87a44b4: 60 groups; 102.7 s; peak memory 392 MiB.
2026-09-30T00:54:55Z INFO [31/368] 1ecdb083-532e-46df-8975-17acad78f522: 637 groups; 7.1 s; peak memory 392 MiB.
2026-09-30T00:54:56Z INFO [32/368] 1ece7745-d6c2-431b-ae96-815710180d6c: 34 groups; 1.0 s; peak memory 392 MiB.
2026-09-30T00:54:57Z INFO [33/368] 1ecef4b7-83ba-479f-aa56-6706927ef1f6: 32 groups; 0.8 s; peak memory 392 MiB.
2026-09-30T00:55:03Z INFO [34/368] 1ecf0524-f06b-4bdb-b337-f5211c5b3d0b: 34 groups; 5.8 s; peak memory 392 MiB.
2026-09-30T00:55:03Z INFO [35/368] 1ecf0cb2-1bd7-4728-8aff-07f162f15f9c: 251 groups; 0.8 s; peak memory 392 MiB.
2026-09-30T00:55:04Z INFO [36/368] 1ecf647d-06d5-46a3-8220-504f7839757a: 34 groups; 1.1 s; peak memory 392 MiB.
2026-09-30T00:55:06Z INFO [37/368] 1ed037f1-c5f7-4100-913c-faf448792156: 35 groups; 1.1 s; peak memory 392 MiB.
2026-09-30T00:55:06Z INFO [38/368] 1ed0d28b-d072-4f87-9170-b0371b1db362: 22 groups; 0.9 s; peak memory 392 MiB.
2026-09-30T00:55:07Z INFO [39/368] 1ed139a3-1c6a-4f4a-a36b-c70b58566e0c: 22 groups; 0.8 s; peak memory 392 MiB.
2026-09-30T00:55:08Z INFO [40/368] 1ed1ba3b-6fa6-4cb7-8f2b-394aea39fe0b: 195 groups; 1.1 s; peak memory 392 MiB.
2026-09-30T00:55:09Z INFO [41/368] 1ed1e9b9-5831-4f55-81f0-8e30e6949f27: 16 groups; 0.5 s; peak memory 392 MiB.
2026-09-30T00:55:10Z INFO [42/368] 1ed22ae0-abb0-438e-a9cb-ac6529128917: 103 groups; 1.1 s; peak memory 392 MiB.
2026-09-30T00:55:11Z INFO [43/368] 1ed28752-90cc-4e0b-ac8e-93550cdd0a89: 22 groups; 0.9 s; peak memory 392 MiB.
2026-09-30T00:55:12Z INFO [44/368] 1ed3bc66-ba4d-4af0-a2da-6e7fdd4f49bd: 33 groups; 1.3 s; peak memory 392 MiB.
2026-09-30T00:55:13Z INFO [45/368] 1ed463a4-66b1-413f-a561-1e30394ac178: 195 groups; 0.9 s; peak memory 392 MiB.
2026-09-30T00:55:14Z INFO [46/368] 1ed50f2b-89fa-4812-a31f-cd88a5f12378: 32 groups; 0.7 s; peak memory 392 MiB.
2026-09-30T00:55:14Z INFO [47/368] 1ed530e5-1b83-4ccb-93a7-5ddd73731efc: 22 groups; 0.8 s; peak memory 392 MiB.
2026-09-30T00:55:15Z INFO [48/368] 1ed53410-02af-4496-971e-ae4ed534a9d9: 32 groups; 0.9 s; peak memory 392 MiB.
2026-09-30T00:55:16Z INFO [49/368] 1ed5b3c1-c631-4e27-8ca2-fef489167164: 22 groups; 0.7 s; peak memory 392 MiB.
2026-09-30T00:55:17Z INFO [50/368] 1ed6207d-6acd-49da-81ad-2b84a3281b9b: 35 groups; 0.8 s; peak memory 392 MiB.
2026-09-30T00:55:17Z INFO [50/368] 1ed6207d-6acd-49da-81ad-2b84a3281b9b: checkpointed 61781 records.
2026-09-30T00:55:18Z INFO [51/368] 1ed6d321-bc3d-4958-9da9-9223529300a2: 32 groups; 0.8 s; peak memory 392 MiB.
2026-09-30T00:55:19Z INFO [52/368] 1ed6ffff-a50d-424e-a058-deb4181691e1: 22 groups; 0.9 s; peak memory 392 MiB.
2026-09-30T00:55:20Z INFO [53/368] 1ed74181-b391-43c7-860c-f9b390b49099: 203 groups; 1.0 s; peak memory 392 MiB.
2026-09-30T00:55:20Z INFO [54/368] 1ed7777e-7bcb-462f-a458-b7fe42d1bb5c: 35 groups; 0.7 s; peak memory 392 MiB.
2026-09-30T00:55:21Z INFO [55/368] 1ed783d9-bbe4-44b8-a447-393a7bd648cf: 22 groups; 0.8 s; peak memory 392 MiB.
2026-09-30T00:55:22Z INFO [56/368] 1ed78c01-08c6-4db2-a5a7-a7a599db023d: 32 groups; 0.9 s; peak memory 392 MiB.
2026-09-30T00:55:24Z INFO [57/368] 1ed7f4a4-90bd-43b0-99cb-2415f4dfa69c: 48 groups; 1.8 s; peak memory 392 MiB.
2026-09-30T00:55:24Z INFO [58/368] 1ed89224-27ad-41a2-8a1e-24dc687b22b4: 28 groups; 0.7 s; peak memory 392 MiB.
2026-09-30T00:55:25Z INFO [59/368] 1ed97550-7d93-4db2-a782-8c15722f7688: 16 groups; 0.6 s; peak memory 392 MiB.
2026-09-30T00:55:27Z INFO [60/368] 1ed99c62-38b0-467b-93ad-bd2475f2595d: 47 groups; 1.9 s; peak memory 392 MiB.
2026-09-30T00:55:28Z INFO [61/368] 1eda47b5-9db2-4146-8ab9-277f470ce9ae: 35 groups; 0.7 s; peak memory 392 MiB.
2026-09-30T00:55:29Z INFO [62/368] 1edac93d-dc68-409d-98a8-7a6d501d5fff: 22 groups; 0.8 s; peak memory 392 MiB.
2026-09-30T00:55:29Z INFO [63/368] 1edc05f2-7f60-48de-9cc1-0b241d626570: 22 groups; 0.9 s; peak memory 392 MiB.
2026-09-30T00:55:30Z INFO [64/368] 1edcd24c-ab81-4c28-9a47-ff696fc48daa: 22 groups; 0.8 s; peak memory 392 MiB.
2026-09-30T00:55:31Z INFO [65/368] 1edd217c-7607-423f-8081-88b4d025ed85: 25 groups; 1.1 s; peak memory 392 MiB.
2026-09-30T00:55:33Z INFO [66/368] 1ede2eca-51e7-4284-b73d-af98dfd5ef80: 48 groups; 1.7 s; peak memory 392 MiB.
2026-09-30T00:55:34Z INFO [67/368] 1ede78fb-c73e-4fd6-887e-791e63af2edd: 16 groups; 0.6 s; peak memory 392 MiB.
2026-09-30T00:55:35Z INFO [68/368] 1edf4a76-9639-4275-87c5-d5c5acedd6f6: 35 groups; 1.1 s; peak memory 392 MiB.
2026-09-30T00:55:36Z INFO [69/368] 1ee0d17b-8e35-4f0e-84b1-4e10199dc759: 36 groups; 1.4 s; peak memory 392 MiB.
2026-09-30T00:55:37Z INFO [70/368] 1ee0e2f4-0ed0-4736-b443-e45cd0bda5e5: 22 groups; 0.8 s; peak memory 392 MiB.
2026-09-30T00:55:38Z INFO [71/368] 1ee16931-241c-40d8-838c-b16d6a40ea52: 32 groups; 1.1 s; peak memory 392 MiB.
2026-09-30T00:55:39Z INFO [72/368] 1ee21819-d2bf-4bc9-8c67-a85ed3fea053: 22 groups; 0.7 s; peak memory 392 MiB.
2026-09-30T00:55:40Z INFO [73/368] 1ee32f9d-5756-4204-a4bd-fc91833ec31c: 22 groups; 0.8 s; peak memory 392 MiB.
2026-09-30T00:55:40Z INFO [74/368] 1ee3a42b-402b-487e-a3ed-1b190b12f9ef: 32 groups; 0.7 s; peak memory 392 MiB.
2026-09-30T00:55:41Z INFO [75/368] 1ee3b43d-4291-4bd3-9682-259f143e7773: 32 groups; 0.9 s; peak memory 392 MiB.
2026-09-30T00:55:42Z INFO [76/368] 1ee4105a-aeee-4653-a153-df3afdd27c88: 22 groups; 0.7 s; peak memory 392 MiB.
2026-09-30T00:55:43Z INFO [77/368] 1ee42db4-b9de-4e8b-9b1e-930913a0fd31: 33 groups; 1.2 s; peak memory 392 MiB.
2026-09-30T00:55:44Z INFO [78/368] 1ee597bf-abb5-4b5c-a66f-c9186012acef: 22 groups; 0.7 s; peak memory 392 MiB.
2026-09-30T00:55:44Z INFO [79/368] 1ee5b240-b7de-4a27-b4f5-f46bcebcefa6: 22 groups; 0.8 s; peak memory 392 MiB.
2026-09-30T00:55:45Z INFO [80/368] 1ee65bb4-501f-470f-8757-e6517b0e0d6e: 41 groups; 0.7 s; peak memory 392 MiB.
2026-09-30T00:55:46Z INFO [81/368] 1ee7c1f4-e0dc-491c-a4a3-6ff967e6aab9: 22 groups; 0.8 s; peak memory 392 MiB.
2026-09-30T00:55:47Z INFO [82/368] 1ee82be2-ecbe-4b01-9cd1-aa1db696a0d8: 24 groups; 1.0 s; peak memory 392 MiB.
2026-09-30T00:55:48Z INFO [83/368] 1ee8fd38-6419-477b-8400-dfb921cfa08b: 336 groups; 1.2 s; peak memory 392 MiB.
2026-09-30T00:55:49Z INFO [84/368] 1ee91168-16dc-4c20-b762-b904a9dcb66b: 32 groups; 0.7 s; peak memory 392 MiB.
2026-09-30T00:55:50Z INFO [85/368] 1ee92a8f-beb8-4978-867c-89578486c95d: 22 groups; 0.6 s; peak memory 392 MiB.
2026-09-30T00:55:50Z INFO [86/368] 1eea0b09-635f-4976-90f1-ee91112fde2a: 26 groups; 0.5 s; peak memory 392 MiB.
2026-09-30T00:55:51Z INFO [87/368] 1eeb897d-a458-4eb6-809d-d67720b3f62d: 35 groups; 0.8 s; peak memory 392 MiB.
2026-09-30T00:56:07Z INFO [88/368] 1eec1df0-605e-41cc-890e-1aed3d8b9dfe: 327 groups; 15.9 s; peak memory 392 MiB.
2026-09-30T00:56:08Z INFO [89/368] 1eec2f70-050d-4056-b241-f3486210d3c8: 36 groups; 1.1 s; peak memory 392 MiB.
2026-09-30T00:56:14Z INFO [90/368] 1eef0089-3145-462b-8d29-b5af8ef9a585: 159 groups; 6.1 s; peak memory 392 MiB.
2026-09-30T00:56:15Z INFO [91/368] 1eef40b2-85d8-4def-854a-73352bd2af24: 35 groups; 0.8 s; peak memory 392 MiB.
2026-09-30T00:56:16Z INFO [92/368] 1eefcdf1-fa46-4cc7-bb51-03dbc9bc0407: 32 groups; 0.9 s; peak memory 392 MiB.
2026-09-30T00:56:16Z INFO [93/368] 1eeff61d-3612-4020-a400-1c122e081994: 22 groups; 0.8 s; peak memory 392 MiB.
2026-09-30T00:56:17Z INFO [94/368] 1ef054b0-a488-4043-9a9c-e76489406a31: 42 groups; 0.9 s; peak memory 392 MiB.
2026-09-30T00:56:18Z INFO [95/368] 1ef077bf-d0d3-4599-be8d-cb7c6123c491: 22 groups; 0.8 s; peak memory 392 MiB.
2026-09-30T00:56:19Z INFO [96/368] 1ef0847a-c716-48de-a312-0df64a36d508: 253 groups; 1.1 s; peak memory 392 MiB.
2026-09-30T00:56:20Z INFO [97/368] 1ef0f168-8a80-464f-8fa9-c779c2bc4e7b: 25 groups; 0.7 s; peak memory 392 MiB.
2026-09-30T00:56:22Z INFO [98/368] 1ef1c03c-b4db-4d31-ac6d-2f304a99e543: 50 groups; 2.2 s; peak memory 392 MiB.
2026-09-30T00:56:24Z INFO [99/368] 1ef279cf-63c5-4267-8719-eb96ed1a59c0: 25 groups; 2.2 s; peak memory 392 MiB.
2026-09-30T00:56:25Z INFO [100/368] 1ef2ef62-56ca-4a7e-80b7-b7dcb255cf45: 202 groups; 1.1 s; peak memory 392 MiB.
2026-09-30T00:56:26Z INFO [100/368] 1ef2ef62-56ca-4a7e-80b7-b7dcb255cf45: checkpointed 61831 records.
2026-09-30T00:56:26Z INFO [101/368] 1ef46b95-1d4d-46c2-b84a-33c4219d58d5: 16 groups; 0.6 s; peak memory 392 MiB.
2026-09-30T00:56:27Z INFO [102/368] 1ef496a2-c1f2-4b3f-a2eb-4797e18f7e72: 32 groups; 1.3 s; peak memory 392 MiB.
2026-09-30T01:02:02Z INFO [103/368] 1ef4ac37-a175-41ec-9902-711933151a42: 61 groups; 335.0 s; peak memory 543 MiB.
2026-09-30T01:03:11Z INFO [104/368] 1ef4f10a-4ffc-4259-8991-f89225af8c21: 33 groups; 68.2 s; peak memory 543 MiB.
2026-09-30T01:03:11Z INFO [105/368] 1ef4f4d1-0fc5-4369-8b68-4fdb19ce0bd0: 33 groups; 0.7 s; peak memory 543 MiB.
2026-09-30T01:03:23Z INFO [106/368] 1ef58070-1505-4d4e-92ac-4bc21a03d713: 2580 groups; 11.3 s; peak memory 543 MiB.
2026-09-30T01:03:23Z INFO [107/368] 1ef5fcb3-925e-491a-9604-bb9b4fb624e8: 22 groups; 0.8 s; peak memory 543 MiB.
2026-09-30T01:03:24Z INFO [108/368] 1ef6c1fc-7991-4788-87d6-1f2b95dfbfa5: 36 groups; 0.9 s; peak memory 543 MiB.
2026-09-30T01:03:29Z INFO [109/368] 1ef7639b-097b-4ae8-ab02-e798df4f06e9: 66 groups; 4.6 s; peak memory 543 MiB.
2026-09-30T01:03:30Z INFO [110/368] 1ef7b5ae-a59b-45ff-9cb2-ecb964ee061c: 22 groups; 0.9 s; peak memory 543 MiB.
2026-09-30T01:03:39Z INFO [111/368] 1ef7d0b8-aefe-4ccd-aa38-a107dbecc0b9: 280 groups; 9.3 s; peak memory 543 MiB.
2026-09-30T01:03:40Z INFO [112/368] 1ef7e5be-6c64-4415-848d-a2f9c05b42e5: 32 groups; 0.8 s; peak memory 543 MiB.
2026-09-30T01:03:41Z INFO [113/368] 1ef947b8-700a-47e5-901a-62625b57359f: 22 groups; 0.8 s; peak memory 543 MiB.
2026-09-30T01:03:41Z INFO [114/368] 1efa1ee5-b182-4e46-8fda-d729df1c4e2d: 22 groups; 0.8 s; peak memory 543 MiB.
2026-09-30T01:03:42Z INFO [115/368] 1efb329e-a752-4555-9abb-60c83c37d18e: 22 groups; 0.9 s; peak memory 543 MiB.
2026-09-30T01:03:44Z INFO [116/368] 1efb57d2-6e67-4528-819b-440a40aebb10: 33 groups; 1.2 s; peak memory 543 MiB.
2026-09-30T01:03:44Z INFO [117/368] 1efc3c1c-ed13-4e19-a887-8073774249e0: 22 groups; 0.8 s; peak memory 543 MiB.
2026-09-30T01:03:45Z INFO [118/368] 1efc8317-d4e9-411e-8a79-83311d8146da: 22 groups; 0.7 s; peak memory 543 MiB.
2026-09-30T01:03:46Z INFO [119/368] 1efdff9f-7ef2-475c-aca9-6e6ca73e1a1a: 36 groups; 1.0 s; peak memory 543 MiB.
2026-09-30T01:03:53Z INFO [120/368] 1efee0ae-4fe7-46df-9b28-ce36362871cc: 144 groups; 6.9 s; peak memory 543 MiB.
2026-09-30T01:03:54Z INFO [121/368] 1eff8eb1-f061-427e-8e90-e94f9b8b3fa2: 204 groups; 1.3 s; peak memory 543 MiB.
2026-09-30T01:03:55Z INFO [122/368] 1effd55b-f6bc-4cb2-9b36-cb9f86f8f4f1: 35 groups; 0.8 s; peak memory 543 MiB.
2026-09-30T01:03:56Z INFO [123/368] 1f00a1ba-4832-48eb-8df5-e2dabde04717: 203 groups; 1.0 s; peak memory 543 MiB.
2026-09-30T01:03:57Z INFO [124/368] 1f036d45-9acc-4c05-a9e3-a86723e161db: 35 groups; 1.1 s; peak memory 543 MiB.
2026-09-30T01:03:58Z INFO [125/368] 1f03c7cb-c490-4eea-8e16-da2f16ba4f56: 20 groups; 0.6 s; peak memory 543 MiB.
2026-09-30T01:11:24Z INFO [126/368] 1f052baa-fe9c-4a7a-ad73-e4b9eb3fa088: 42 groups; 446.5 s; peak memory 1118 MiB.
2026-09-30T01:11:25Z INFO [127/368] 1f054523-b42f-4181-9706-72f883537d3c: 22 groups; 0.7 s; peak memory 1118 MiB.
2026-09-30T01:11:26Z INFO [128/368] 1f0551c2-670c-4902-a1aa-b5a05ec402c1: 253 groups; 0.8 s; peak memory 1118 MiB.
2026-09-30T01:11:27Z INFO [129/368] 1f073a5a-fd3a-4788-9de2-45edfc962b75: 27 groups; 1.3 s; peak memory 1118 MiB.
2026-09-30T01:11:38Z INFO [130/368] 1f0742a4-47dd-4095-be60-cf23ae8b71e0: 22 groups; 10.8 s; peak memory 1118 MiB.
2026-09-30T01:11:39Z INFO [131/368] 1f078bcb-8849-4b03-8364-cfa26351f1a7: 32 groups; 0.9 s; peak memory 1118 MiB.
2026-09-30T01:11:40Z INFO [132/368] 1f078ce3-9cdd-4782-861a-687304725a88: 22 groups; 0.7 s; peak memory 1118 MiB.
2026-09-30T01:11:41Z INFO [133/368] 1f08466f-a3ef-4682-922a-1a23f5f5db36: 48 groups; 1.3 s; peak memory 1118 MiB.
2026-09-30T01:11:42Z INFO [134/368] 1f0bb7ee-1980-4c3b-9bba-fbb1cf519315: 31 groups; 0.7 s; peak memory 1118 MiB.
2026-09-30T01:11:43Z INFO [135/368] 1f0bbeeb-03bf-4ede-b19e-fc69db69e6de: 29 groups; 1.0 s; peak memory 1118 MiB.
2026-09-30T01:12:00Z INFO [136/368] 1f0c7189-89ed-40c2-801f-9da96a1b98e9: 23 groups; 17.5 s; peak memory 1118 MiB.
2026-09-30T01:12:02Z INFO [137/368] 1f0cbc43-b217-4674-820b-141806f93a1b: 69 groups; 1.7 s; peak memory 1118 MiB.
2026-09-30T01:12:05Z INFO [138/368] 1f0dd182-ec88-4713-a9dd-777db276680f: 141 groups; 3.6 s; peak memory 1118 MiB.
2026-09-30T01:12:06Z INFO [139/368] 1f0e497f-da52-4a5a-b3ef-5176a1974395: 31 groups; 0.6 s; peak memory 1118 MiB.
2026-09-30T01:12:07Z INFO [140/368] 1f104cce-3439-4d0e-86cb-5ccf6bf99e8b: 32 groups; 0.8 s; peak memory 1118 MiB.
2026-09-30T01:12:08Z INFO [141/368] 1f104ff9-9da6-47da-a819-7904de395e49: 108 groups; 1.0 s; peak memory 1118 MiB.
2026-09-30T01:12:09Z INFO [142/368] 1f11a090-0969-4ec8-9456-35b80c7b811d: 201 groups; 1.2 s; peak memory 1118 MiB.
2026-09-30T01:12:10Z INFO [143/368] 1f11d3fd-2789-46ab-995d-4ef7030a7119: 25 groups; 1.0 s; peak memory 1118 MiB.
2026-09-30T01:12:19Z INFO [144/368] 1f11e677-22d8-4b0e-a29f-00d9de16cb60: 259 groups; 8.8 s; peak memory 1118 MiB.
2026-09-30T01:12:20Z INFO [145/368] 1f11f5c5-d1a9-4e1c-a0c2-7ed042f48fe0: 28 groups; 1.0 s; peak memory 1118 MiB.
2026-09-30T01:12:21Z INFO [146/368] 1f122014-6953-4daa-9fab-90fb99d84ced: 108 groups; 1.0 s; peak memory 1118 MiB.
2026-09-30T01:12:28Z INFO [147/368] 1f12f6e6-fa9c-4316-972b-8fc2c63da918: 2433 groups; 7.4 s; peak memory 1118 MiB.
2026-09-30T01:12:29Z INFO [148/368] 1f1364f1-0c76-4bf7-bb6b-478ceffbcb3e: 22 groups; 0.9 s; peak memory 1118 MiB.
2026-09-30T01:12:30Z INFO [149/368] 1f13a76a-8f50-4266-8188-f088fa526200: 195 groups; 1.4 s; peak memory 1118 MiB.
2026-09-30T01:12:31Z INFO [150/368] 1f13e571-0597-4550-812e-c195864ca03b: 32 groups; 1.0 s; peak memory 1118 MiB.
2026-09-30T01:12:32Z INFO [150/368] 1f13e571-0597-4550-812e-c195864ca03b: checkpointed 61881 records.
2026-09-30T01:12:32Z INFO [151/368] 1f1400a1-25a1-47cb-9bbe-b2c47a452c83: 22 groups; 0.9 s; peak memory 1118 MiB.
2026-09-30T01:14:15Z INFO [152/368] 1f140cfc-7667-4627-a0f5-b3e0048dc009: 77 groups; 102.5 s; peak memory 1118 MiB.
2026-09-30T01:14:16Z INFO [153/368] 1f1431c3-3fd5-4baf-a70e-a8653fe2b7d2: 32 groups; 0.8 s; peak memory 1118 MiB.
2026-09-30T01:14:17Z INFO [154/368] 1f14946b-1cbe-4d52-970d-9666d4cd49aa: 48 groups; 1.3 s; peak memory 1118 MiB.
2026-09-30T01:14:18Z INFO [155/368] 1f15aea3-9aa1-4d6e-9000-342834ac2d49: 32 groups; 0.8 s; peak memory 1118 MiB.
2026-09-30T01:14:19Z INFO [156/368] 1f166033-0395-426b-9035-c8f333610c44: 32 groups; 0.8 s; peak memory 1118 MiB.
2026-09-30T01:14:28Z INFO [157/368] 1f1676fb-a365-4fcf-af30-fc2f60a7096d: 199 groups; 9.6 s; peak memory 1118 MiB.
2026-09-30T01:14:30Z INFO [158/368] 1f1713c2-ee52-4adc-a052-10fa157dd036: 336 groups; 1.2 s; peak memory 1118 MiB.
2026-09-30T01:14:30Z INFO [159/368] 1f1717f9-a604-43e9-8861-a01a08b5e260: 35 groups; 0.8 s; peak memory 1118 MiB.
2026-09-30T01:14:31Z INFO [160/368] 1f173517-89e5-4410-8e81-d652358671cf: 22 groups; 0.7 s; peak memory 1118 MiB.
2026-09-30T01:14:32Z INFO [161/368] 1f180681-56f6-45a1-b849-dc0f50e895f1: 202 groups; 1.0 s; peak memory 1118 MiB.
2026-09-30T01:14:33Z INFO [162/368] 1f185939-ab39-49fb-a44d-b28dd5fe052d: 193 groups; 1.4 s; peak memory 1118 MiB.
2026-09-30T01:14:34Z INFO [163/368] 1f18c002-ccd9-43a0-9822-523536f8aa86: 36 groups; 1.1 s; peak memory 1118 MiB.
2026-09-30T01:14:42Z INFO [164/368] 1f19652b-b665-4e4e-972a-40486eeb0d55: 1247 groups; 7.1 s; peak memory 1118 MiB.
2026-09-30T01:14:42Z INFO [165/368] 1f196d7b-4c8c-4d22-bc2e-d464830619a4: 24 groups; 0.7 s; peak memory 1118 MiB.
2026-09-30T01:14:43Z INFO [166/368] 1f197211-d613-4d68-a5bf-59685b717568: 32 groups; 0.8 s; peak memory 1118 MiB.
2026-09-30T01:14:44Z INFO [167/368] 1f1a812d-db4e-4a89-8de8-ca65356be222: 22 groups; 0.7 s; peak memory 1118 MiB.
2026-09-30T01:14:45Z INFO [168/368] 1f1b0858-9cc4-4db9-86aa-f5e25b6901a6: 31 groups; 1.1 s; peak memory 1118 MiB.
2026-09-30T01:14:46Z INFO [169/368] 1f1b8dbd-3fc5-4e28-ae19-ced9657f0153: 194 groups; 0.8 s; peak memory 1118 MiB.
2026-09-30T01:14:46Z INFO [170/368] 1f1c86d7-7bc9-486a-9e15-dfd13d0d8a77: 28 groups; 0.8 s; peak memory 1118 MiB.
2026-09-30T01:14:47Z INFO [171/368] 1f1d6582-c9e0-4a8d-89bd-3671b4966e6e: 32 groups; 0.7 s; peak memory 1118 MiB.
2026-09-30T01:14:48Z INFO [172/368] 1f1dc382-cb2f-4ccb-897d-ae434d6213cc: 22 groups; 0.7 s; peak memory 1118 MiB.
2026-09-30T01:14:50Z INFO [173/368] 1f1e70bd-405c-4a73-9a39-08c21f5a4c8f: 48 groups; 1.7 s; peak memory 1118 MiB.
2026-09-30T01:14:51Z INFO [174/368] 1f1e7443-15ce-46d0-bc39-cbd39f34a341: 29 groups; 0.9 s; peak memory 1118 MiB.
2026-09-30T01:14:51Z INFO [175/368] 1f1eb98f-52dd-4602-a8c3-1ccf928eb179: 25 groups; 0.7 s; peak memory 1118 MiB.
2026-09-30T01:14:52Z INFO [176/368] 1f1f95e5-9251-4314-ab69-0f7ae8c6ae66: 27 groups; 0.7 s; peak memory 1118 MiB.
2026-09-30T01:14:53Z INFO [177/368] 1f1fade9-b502-47dc-8607-fbf4dabe1b70: 22 groups; 0.7 s; peak memory 1118 MiB.
2026-09-30T01:14:53Z INFO [178/368] 1f1fb04a-9493-47c2-a08c-240cb08caaae: 32 groups; 0.8 s; peak memory 1118 MiB.
2026-09-30T01:15:00Z INFO [179/368] 1f1ffddd-45ee-4d7e-8edf-88c048defc34: 76 groups; 6.6 s; peak memory 1118 MiB.
2026-09-30T01:15:02Z INFO [180/368] 1f2040a1-6c79-4469-b266-1db1310b470e: 17 groups; 1.6 s; peak memory 1118 MiB.
2026-09-30T01:15:06Z INFO [181/368] 1f20459b-3586-49ce-b41a-29a209cea01f: 125 groups; 4.2 s; peak memory 1118 MiB.
2026-09-30T01:15:07Z INFO [182/368] 1f20e821-2bf8-4aed-a1df-b22dc94523b1: 22 groups; 0.8 s; peak memory 1118 MiB.
2026-09-30T01:15:21Z INFO [183/368] 1f20ef73-d72d-444d-b975-c83391989687: 17 groups; 14.0 s; peak memory 1118 MiB.
2026-09-30T01:15:25Z INFO [184/368] 1f210859-d143-4401-9f3b-2de624f47681: 130 groups; 4.4 s; peak memory 1118 MiB.
2026-09-30T01:15:26Z INFO [185/368] 1f216af9-8141-4c72-9499-f26bdea6ad48: 48 groups; 1.5 s; peak memory 1118 MiB.
2026-09-30T01:15:27Z INFO [186/368] 1f224ead-2be0-4cb8-afea-b746444ac132: 22 groups; 0.8 s; peak memory 1118 MiB.
2026-09-30T01:15:32Z INFO [187/368] 1f227963-4faf-4fba-b389-8bf0f5808bf3: 67 groups; 4.4 s; peak memory 1118 MiB.
2026-09-30T01:15:33Z INFO [188/368] 1f22b882-965f-4af1-8648-b223d4e9935b: 32 groups; 0.9 s; peak memory 1118 MiB.
2026-09-30T01:15:33Z INFO [189/368] 1f23bfdd-b55d-405b-a2e4-15277d364014: 32 groups; 0.8 s; peak memory 1118 MiB.
2026-09-30T01:15:34Z INFO [190/368] 1f248b52-448c-4e8c-9ebe-2384d9a1f0f2: 35 groups; 1.1 s; peak memory 1118 MiB.
2026-09-30T01:15:35Z INFO [191/368] 1f24a3c7-1086-4127-8586-7d65a9c168b4: 22 groups; 0.7 s; peak memory 1118 MiB.
2026-09-30T01:15:36Z INFO [192/368] 1f24b760-4458-4f69-b22a-3fb729142340: 22 groups; 0.8 s; peak memory 1118 MiB.
2026-09-30T01:15:36Z INFO [193/368] 1f25bb50-0a94-46e2-b239-da58ac3d6926: 22 groups; 0.6 s; peak memory 1118 MiB.
2026-09-30T01:15:37Z INFO [194/368] 1f25d3f8-b600-40cd-989b-8778a1693889: 25 groups; 0.8 s; peak memory 1118 MiB.
2026-09-30T01:15:38Z INFO [195/368] 1f26bd43-7418-41c4-b7f9-45288953e364: 22 groups; 0.8 s; peak memory 1118 MiB.
2026-09-30T01:15:39Z INFO [196/368] 1f283dae-c333-422f-a913-1d53831bdbde: 34 groups; 1.5 s; peak memory 1118 MiB.
2026-09-30T01:15:41Z INFO [197/368] 1f287143-a7ce-409a-8678-17b8c355a414: 32 groups; 1.1 s; peak memory 1118 MiB.
2026-09-30T01:15:42Z INFO [198/368] 1f28c9c8-4963-4aec-a82f-820312862ee1: 33 groups; 1.3 s; peak memory 1118 MiB.
2026-09-30T01:15:43Z INFO [199/368] 1f28f495-854f-48e3-aad0-80e05484d5cb: 253 groups; 0.9 s; peak memory 1118 MiB.
2026-09-30T01:15:44Z INFO [200/368] 1f2920f6-1e50-41d5-965b-729842380062: 22 groups; 0.9 s; peak memory 1118 MiB.
2026-09-30T01:15:44Z INFO [200/368] 1f2920f6-1e50-41d5-965b-729842380062: checkpointed 61931 records.
2026-09-30T01:15:45Z INFO [201/368] 1f2a2557-04f1-493c-9238-2571ef6e61d4: 18 groups; 0.8 s; peak memory 1118 MiB.
2026-09-30T01:15:45Z INFO [202/368] 1f2aa2ad-8902-4abe-bf69-3b8451077384: 16 groups; 0.5 s; peak memory 1118 MiB.
2026-09-30T01:15:46Z INFO [203/368] 1f2ae3b3-c509-447f-8daf-03d2405f29f8: 103 groups; 0.8 s; peak memory 1118 MiB.
2026-09-30T01:15:47Z INFO [204/368] 1f2af7ec-66db-49a0-822a-9981bd78adc7: 337 groups; 1.3 s; peak memory 1118 MiB.
2026-09-30T01:15:48Z INFO [205/368] 1f2b1fae-ecbb-413c-a9f9-95ad5fb3ccec: 195 groups; 1.1 s; peak memory 1118 MiB.
2026-09-30T01:15:53Z INFO [206/368] 1f2ce6ee-a747-46c1-9edc-53b19c483d99: 17 groups; 4.9 s; peak memory 1118 MiB.
2026-09-30T01:16:10Z INFO [207/368] 1f2d2c99-a613-44cf-8c61-17826e34b2e6: 23 groups; 17.1 s; peak memory 1118 MiB.
2026-09-30T01:16:11Z INFO [208/368] 1f2d3e92-ce8b-4204-81a0-72ab4f4e541d: 32 groups; 0.9 s; peak memory 1118 MiB.
2026-09-30T01:16:21Z INFO [209/368] 1f2d4edc-1f35-4914-bf94-51f546b24e00: 232 groups; 9.9 s; peak memory 1118 MiB.
2026-09-30T01:16:35Z INFO [210/368] 1f2dd58c-1388-4916-b1f0-5413d81f71d6: 2757 groups; 13.8 s; peak memory 1118 MiB.
2026-09-30T01:16:36Z INFO [211/368] 1f2e8b07-a680-4480-8144-5f4f63840a63: 32 groups; 0.9 s; peak memory 1118 MiB.
2026-09-30T01:16:40Z INFO [212/368] 1f2f740a-11eb-4103-827d-1a38db50fe1a: 105 groups; 4.0 s; peak memory 1118 MiB.
2026-09-30T01:16:41Z INFO [213/368] 1f2f9cd0-2f8d-46c1-81bd-e8ed741663c8: 194 groups; 0.9 s; peak memory 1118 MiB.
2026-09-30T01:16:43Z INFO [214/368] 1f301124-fd40-45c2-b7f2-41d180860bf5: 50 groups; 2.0 s; peak memory 1118 MiB.
2026-09-30T01:16:44Z INFO [215/368] 1f3094a6-c74b-4213-8045-5573c31910cf: 194 groups; 0.9 s; peak memory 1118 MiB.
2026-09-30T01:16:44Z INFO [216/368] 1f31f1c0-cdef-436a-9092-56dc6f5a43b6: 25 groups; 0.7 s; peak memory 1118 MiB.
2026-09-30T01:16:45Z INFO [217/368] 1f321ba3-76cf-41bf-8450-277ad70b7afe: 202 groups; 1.1 s; peak memory 1118 MiB.
2026-09-30T01:16:55Z INFO [218/368] 1f33ec3a-f39d-41ef-9c6b-184863d8c186: 2799 groups; 10.0 s; peak memory 1118 MiB.
2026-09-30T01:16:56Z INFO [219/368] 1f33f5bb-fd39-48a9-b4df-c0b2566c13ad: 16 groups; 0.7 s; peak memory 1118 MiB.
2026-09-30T01:16:57Z INFO [220/368] 1f34c520-4113-4a92-ac05-e7063602feb4: 18 groups; 0.6 s; peak memory 1118 MiB.
2026-09-30T01:16:57Z INFO [221/368] 1f34ec26-5cb6-40e0-9f5e-cc2082d05371: 28 groups; 0.7 s; peak memory 1118 MiB.
2026-09-30T01:16:58Z INFO [222/368] 1f35d4ed-4505-46e4-a336-cbb4700da748: 337 groups; 1.2 s; peak memory 1118 MiB.
2026-09-30T01:16:59Z INFO [223/368] 1f35ff36-797b-487d-8d47-73b96445051d: 16 groups; 0.5 s; peak memory 1118 MiB.
2026-09-30T01:17:00Z INFO [224/368] 1f36bc8c-34dd-45e7-befc-cb0fe7d6afe1: 34 groups; 1.0 s; peak memory 1118 MiB.
2026-09-30T01:17:01Z INFO [225/368] 1f36d54a-cf61-4e49-91f3-c70a24315d88: 35 groups; 1.2 s; peak memory 1118 MiB.
2026-09-30T01:17:02Z INFO [226/368] 1f379238-0cac-4a00-bd4e-3987d45f3ff0: 17 groups; 0.6 s; peak memory 1118 MiB.
2026-09-30T01:17:03Z INFO [227/368] 1f37d633-b6e5-4722-ba97-e505e4dfb22a: 32 groups; 0.9 s; peak memory 1118 MiB.
2026-09-30T01:17:04Z INFO [228/368] 1f38a888-2620-4575-b540-4e83bad272b7: 33 groups; 1.0 s; peak memory 1118 MiB.
2026-09-30T01:17:10Z INFO [229/368] 1f394062-99f3-4915-a72e-c28e833c1e86: 268 groups; 6.6 s; peak memory 1118 MiB.
2026-09-30T01:17:11Z INFO [230/368] 1f3a00cf-f9c3-416d-9b40-c41e2fdd5926: 194 groups; 1.0 s; peak memory 1118 MiB.
2026-09-30T01:18:17Z INFO [231/368] 1f3a6b21-2afb-4f89-9709-ec20e8980561: 33 groups; 66.1 s; peak memory 1118 MiB.
2026-09-30T01:18:18Z INFO [232/368] 1f3b0c48-c3a0-4d01-bb90-8b2c75857e9f: 22 groups; 0.7 s; peak memory 1118 MiB.
2026-09-30T01:18:19Z INFO [233/368] 1f3bb135-77f4-4095-9d74-cd00b18dbd95: 32 groups; 0.9 s; peak memory 1118 MiB.
2026-09-30T01:18:20Z INFO [234/368] 1f3bd472-d10e-450b-9d0b-d8f566b93f64: 253 groups; 0.8 s; peak memory 1118 MiB.
2026-09-30T01:18:21Z INFO [235/368] 1f3c95b5-8425-466c-9620-5a5311efe4c4: 103 groups; 0.9 s; peak memory 1118 MiB.
2026-09-30T01:18:22Z INFO [236/368] 1f3ca37a-cc15-4c7e-b274-5a35bc433aff: 252 groups; 1.0 s; peak memory 1118 MiB.
2026-09-30T01:18:23Z INFO [237/368] 1f3df49c-ba73-435f-80b1-75478a4b3819: 202 groups; 1.1 s; peak memory 1118 MiB.
2026-09-30T01:18:24Z INFO [238/368] 1f3e01d2-40b0-4491-a0b6-890a996a8479: 22 groups; 0.8 s; peak memory 1118 MiB.
2026-09-30T01:18:25Z INFO [239/368] 1f3e5046-9600-4fe2-ae06-87bfa33110a4: 336 groups; 1.3 s; peak memory 1118 MiB.
2026-09-30T01:18:26Z INFO [240/368] 1f3e5db0-3eca-4c6a-966d-29046eac4006: 22 groups; 0.8 s; peak memory 1118 MiB.
2026-09-30T01:18:27Z INFO [241/368] 1f3f151d-5f7a-4367-b187-54d1dd191db2: 22 groups; 0.7 s; peak memory 1118 MiB.
2026-09-30T01:18:27Z INFO [242/368] 1f3f2005-af53-4c8e-8914-e4113d52e022: 22 groups; 0.9 s; peak memory 1118 MiB.
2026-09-30T01:18:29Z INFO [243/368] 1f3f478c-64ff-4d17-9f6d-8c8241a366e3: 48 groups; 2.1 s; peak memory 1118 MiB.
2026-09-30T01:18:30Z INFO [244/368] 1f3f6796-618f-45ea-9d13-7a8e34f02230: 32 groups; 0.9 s; peak memory 1118 MiB.
2026-09-30T01:18:31Z INFO [245/368] 1f3fab72-046d-447f-b695-95abd40bc6a6: 32 groups; 0.8 s; peak memory 1118 MiB.
2026-09-30T01:18:32Z INFO [246/368] 1f401828-8526-41fb-a7c2-963d626ea241: 31 groups; 0.6 s; peak memory 1118 MiB.
2026-09-30T01:18:33Z INFO [247/368] 1f411806-f357-48d6-9225-799c100a6e04: 341 groups; 1.4 s; peak memory 1118 MiB.
2026-09-30T01:18:34Z INFO [248/368] 1f414b6b-3061-4f87-8ec4-5373611eee3b: 32 groups; 1.0 s; peak memory 1118 MiB.
2026-09-30T01:18:35Z INFO [249/368] 1f4185a3-1d5b-4b83-9dae-8264455e10b1: 195 groups; 1.2 s; peak memory 1118 MiB.
2026-09-30T01:18:36Z INFO [250/368] 1f41bfa9-ad98-4f59-b555-25d87729d151: 22 groups; 0.7 s; peak memory 1118 MiB.
2026-09-30T01:18:36Z INFO [250/368] 1f41bfa9-ad98-4f59-b555-25d87729d151: checkpointed 61981 records.
2026-09-30T01:18:38Z INFO [251/368] 1f41d116-84a5-4745-bfba-2bb1c8b07437: 48 groups; 1.7 s; peak memory 1118 MiB.
2026-09-30T01:18:39Z INFO [252/368] 1f41da06-191c-42c8-873e-b265744f3dd1: 36 groups; 1.1 s; peak memory 1118 MiB.
2026-09-30T01:18:40Z INFO [253/368] 1f4463b6-f757-4020-b19e-ff16291cf1eb: 22 groups; 0.7 s; peak memory 1118 MiB.
2026-09-30T01:18:40Z INFO [254/368] 1f446b3e-080f-4ee5-ba41-93c9603c0d7a: 22 groups; 0.7 s; peak memory 1118 MiB.
2026-09-30T01:18:41Z INFO [255/368] 1f44df62-1374-4d37-b9ba-99d076227629: 22 groups; 0.8 s; peak memory 1118 MiB.
2026-09-30T01:18:42Z INFO [256/368] 1f454b5e-2617-439c-a741-3e10ef71e736: 32 groups; 1.0 s; peak memory 1118 MiB.
2026-09-30T01:18:43Z INFO [257/368] 1f46bea7-d28f-4420-937d-7b14af5a608e: 207 groups; 1.0 s; peak memory 1118 MiB.
2026-09-30T01:18:45Z INFO [258/368] 1f46e3d5-8557-4e8c-aa00-2e029f449ef5: 50 groups; 1.8 s; peak memory 1118 MiB.
2026-09-30T01:18:46Z INFO [259/368] 1f47315f-0b65-4af9-8096-a2eec1d54458: 33 groups; 1.2 s; peak memory 1118 MiB.
2026-09-30T01:18:47Z INFO [260/368] 1f474ba8-b2ce-42b0-8eef-b006e69ffd3a: 25 groups; 0.8 s; peak memory 1118 MiB.
2026-09-30T01:18:48Z INFO [261/368] 1f47fa23-e4b9-44ec-ba37-4da26cbf48d8: 103 groups; 0.9 s; peak memory 1118 MiB.
2026-09-30T01:18:49Z INFO [262/368] 1f48601a-3a23-4b5a-9555-33f5ca9237b9: 30 groups; 0.8 s; peak memory 1118 MiB.
2026-09-30T01:18:50Z INFO [263/368] 1f489cd3-1d85-4ca9-83dd-dded89142933: 35 groups; 1.0 s; peak memory 1118 MiB.
2026-09-30T01:18:51Z INFO [264/368] 1f48a266-2a07-4a96-a343-ac2f91bf0d88: 35 groups; 1.4 s; peak memory 1118 MiB.
2026-09-30T01:18:52Z INFO [265/368] 1f491b01-56a2-4766-8cdc-09cda943f1fd: 207 groups; 1.2 s; peak memory 1118 MiB.
2026-09-30T01:18:53Z INFO [266/368] 1f49a88a-e1f1-45e0-b74f-e62abfde7f8c: 22 groups; 0.8 s; peak memory 1118 MiB.
2026-09-30T01:18:54Z INFO [267/368] 1f4a616b-08f6-4c6d-8dcf-3ce38cbc3bf7: 22 groups; 0.7 s; peak memory 1118 MiB.
2026-09-30T01:18:55Z INFO [268/368] 1f4aae70-2d3e-40b8-9a8c-4cee48d3f2a3: 17 groups; 0.5 s; peak memory 1118 MiB.
2026-09-30T01:18:56Z INFO [269/368] 1f4aaf96-a621-4bf0-aa78-e1c5279931ab: 341 groups; 1.4 s; peak memory 1118 MiB.
2026-09-30T01:19:00Z INFO [270/368] 1f4b00c4-55ab-463e-82a4-88b9f90ce5fb: 66 groups; 4.3 s; peak memory 1118 MiB.
2026-09-30T01:19:01Z INFO [271/368] 1f4ba14d-83ab-46f3-9274-059b5d878b5c: 42 groups; 0.9 s; peak memory 1118 MiB.
2026-09-30T01:19:02Z INFO [272/368] 1f4c0a01-1cf2-49ff-baf0-0d719f926435: 25 groups; 0.8 s; peak memory 1118 MiB.
2026-09-30T01:19:03Z INFO [273/368] 1f4ccbc7-12d6-4d01-83a5-cd979f91b420: 22 groups; 0.8 s; peak memory 1118 MiB.
2026-09-30T01:19:11Z INFO [274/368] 1f4cd8dd-321b-4396-b9c1-66e550c6fb35: 261 groups; 8.0 s; peak memory 1118 MiB.
2026-09-30T01:19:13Z INFO [275/368] 1f4db884-8a96-4c82-9d57-2e508b7741dc: 105 groups; 2.4 s; peak memory 1118 MiB.
2026-09-30T01:19:14Z INFO [276/368] 1f4dfc96-ff83-4782-aee7-add85e32842e: 201 groups; 1.0 s; peak memory 1118 MiB.
2026-09-30T01:19:18Z INFO [277/368] 1f4e155c-1a8d-46bb-9c6b-3f858b6ed714: 145 groups; 4.0 s; peak memory 1118 MiB.
2026-09-30T01:19:19Z INFO [278/368] 1f4fe6d5-1241-44cb-bbb4-0a3872a1496f: 31 groups; 0.6 s; peak memory 1118 MiB.
2026-09-30T01:19:21Z INFO [279/368] 1f4ff606-c526-4bc6-a788-cbd5bb479ba8: 120 groups; 2.5 s; peak memory 1118 MiB.
2026-09-30T01:19:23Z INFO [280/368] 1f50343a-c43d-4edc-b6e1-39df1b59e884: 54 groups; 2.0 s; peak memory 1118 MiB.
2026-09-30T01:19:24Z INFO [281/368] 1f50b787-6a28-4893-b0e7-117749416a2a: 32 groups; 0.8 s; peak memory 1118 MiB.
2026-09-30T01:19:25Z INFO [282/368] 1f51be64-919a-4873-8962-60d2bbdd7752: 32 groups; 0.8 s; peak memory 1118 MiB.
2026-09-30T01:19:28Z INFO [283/368] 1f5255a1-ec6b-4c69-b9c2-53a2653a3a61: 181 groups; 3.1 s; peak memory 1118 MiB.
2026-09-30T01:19:36Z INFO [284/368] 1f52a231-86c7-46d9-a7c4-db56bfcfcf49: 63 groups; 8.6 s; peak memory 1118 MiB.
2026-09-30T01:19:45Z INFO [285/368] 1f52a3ad-ad63-45b6-8c28-3001696b1220: 186 groups; 8.6 s; peak memory 1118 MiB.
2026-09-30T01:19:46Z INFO [286/368] 1f52e09a-47fa-4406-8333-8f747b42e8a0: 32 groups; 0.9 s; peak memory 1118 MiB.
2026-09-30T01:19:48Z INFO [287/368] 1f531993-5b7d-4941-a3d1-1fd27feed793: 27 groups; 1.8 s; peak memory 1118 MiB.
2026-09-30T01:19:48Z INFO [288/368] 1f532304-e5d1-4e41-98c4-53b5accb8047: 30 groups; 0.8 s; peak memory 1118 MiB.
2026-09-30T01:19:51Z INFO [289/368] 1f53cd7d-03ff-49cc-b233-1d238fefc0c7: 56 groups; 2.1 s; peak memory 1118 MiB.
2026-09-30T01:19:51Z INFO [290/368] 1f54770d-9597-43e5-bbf9-8b958de2a847: 22 groups; 0.8 s; peak memory 1118 MiB.
2026-09-30T01:19:52Z INFO [291/368] 1f5553fd-49f0-400f-889d-b8052990cb35: 34 groups; 0.9 s; peak memory 1118 MiB.
2026-09-30T01:19:53Z INFO [292/368] 1f56a434-0f93-4a48-9305-a78cbadaaae5: 32 groups; 0.9 s; peak memory 1118 MiB.
2026-09-30T01:19:54Z INFO [293/368] 1f5734fa-1d0d-47fa-95bf-6eba8edfff04: 22 groups; 0.9 s; peak memory 1118 MiB.
2026-09-30T01:19:55Z INFO [294/368] 1f57c573-74f8-4638-94cd-73ef732cccd1: 22 groups; 0.8 s; peak memory 1118 MiB.
2026-09-30T01:19:56Z INFO [295/368] 1f583c90-1f10-43ab-89a7-488fbdb001ed: 29 groups; 0.9 s; peak memory 1118 MiB.
2026-09-30T01:19:57Z INFO [296/368] 1f584ffa-944f-4502-969a-55d405a5f500: 32 groups; 0.8 s; peak memory 1118 MiB.
2026-09-30T01:20:04Z INFO [297/368] 1f599304-26f3-4bc9-b35f-61671519f7f9: 22 groups; 7.6 s; peak memory 1118 MiB.
2026-09-30T01:20:05Z INFO [298/368] 1f5a163f-ed00-4a37-8398-20c3a0a114a2: 22 groups; 0.7 s; peak memory 1118 MiB.
2026-09-30T01:20:06Z INFO [299/368] 1f5a2855-9179-46d0-8349-bf787653b7e5: 22 groups; 0.8 s; peak memory 1118 MiB.
2026-09-30T01:20:07Z INFO [300/368] 1f5c03f8-ac4c-4b77-9db3-6a92d21de5dc: 48 groups; 1.8 s; peak memory 1118 MiB.
2026-09-30T01:20:08Z INFO [300/368] 1f5c03f8-ac4c-4b77-9db3-6a92d21de5dc: checkpointed 62031 records.
2026-09-30T01:20:09Z INFO [301/368] 1f5c1db1-c47b-4352-b68f-7d452dc54d1d: 35 groups; 1.1 s; peak memory 1118 MiB.
2026-09-30T01:20:10Z INFO [302/368] 1f5c2f95-0f6d-4167-bb95-2d9d1e6691c3: 22 groups; 1.0 s; peak memory 1118 MiB.
2026-09-30T01:20:12Z INFO [303/368] 1f5cbc51-070c-4233-9e74-bcad4a4bd055: 48 groups; 2.0 s; peak memory 1118 MiB.
2026-09-30T01:22:14Z INFO [304/368] 1f5d790d-d502-40e1-8879-6e90dbd36010: 72 groups; 122.0 s; peak memory 1118 MiB.
2026-09-30T01:22:16Z INFO [305/368] 1f5f4374-a8f6-46b2-9e78-544c9d43db27: 48 groups; 2.0 s; peak memory 1118 MiB.
2026-09-30T01:22:20Z INFO [306/368] 1f5f7e16-3481-42b0-bae4-816fcc28230f: 181 groups; 4.1 s; peak memory 1118 MiB.
2026-09-30T01:22:21Z INFO [307/368] 1f60591a-28ec-4ee2-a454-3861003dfca4: 35 groups; 1.0 s; peak memory 1118 MiB.
2026-09-30T01:22:22Z INFO [308/368] 1f606881-fa83-41c7-8599-2e0a91eae510: 35 groups; 1.0 s; peak memory 1118 MiB.
2026-09-30T01:22:24Z INFO [309/368] 1f619fb8-28dc-46af-ba8e-5b81f78877d8: 48 groups; 2.0 s; peak memory 1118 MiB.
2026-09-30T01:22:25Z INFO [310/368] 1f61ec51-e311-477b-85e2-9ebb230432fd: 33 groups; 0.9 s; peak memory 1118 MiB.
2026-09-30T01:22:25Z INFO [311/368] 1f62fff7-b5ed-45cb-8d62-c29677c118fd: 17 groups; 0.6 s; peak memory 1118 MiB.
2026-09-30T01:22:26Z INFO [312/368] 1f63299a-313e-4ab2-a3ca-c76297928dc7: 22 groups; 0.7 s; peak memory 1118 MiB.
2026-09-30T01:22:27Z INFO [313/368] 1f635be5-c43f-4dbc-bbd0-6abf89edba3f: 32 groups; 0.8 s; peak memory 1118 MiB.
2026-09-30T01:22:31Z INFO [314/368] 1f639c97-8e84-45ba-b266-49a6d0e87e3c: 206 groups; 4.4 s; peak memory 1118 MiB.
2026-09-30T01:22:32Z INFO [315/368] 1f63e554-1934-41ba-aa26-90b00646aa3d: 22 groups; 0.8 s; peak memory 1118 MiB.
2026-09-30T01:22:33Z INFO [316/368] 1f63ee61-f43f-4166-9992-4ef1a0fe2a1c: 31 groups; 0.7 s; peak memory 1118 MiB.
2026-09-30T01:22:33Z INFO [317/368] 1f64388d-2ec8-4b02-8d1d-11c1e884c6d1: 33 groups; 0.7 s; peak memory 1118 MiB.
2026-09-30T01:22:34Z INFO [318/368] 1f651c4f-02f0-465c-9ac6-4da948f779e9: 252 groups; 0.8 s; peak memory 1118 MiB.
2026-09-30T01:22:35Z INFO [319/368] 1f65ac95-76d1-4dd4-817b-8a9739d1a7b2: 36 groups; 1.0 s; peak memory 1118 MiB.
2026-09-30T01:22:36Z INFO [320/368] 1f668b0a-a9bd-48e6-958a-f01dbedbf1dd: 22 groups; 0.7 s; peak memory 1118 MiB.
2026-09-30T01:22:50Z INFO [321/368] 1f67331d-cbdb-4104-be24-5415ff77c07d: 157 groups; 14.0 s; peak memory 1118 MiB.
2026-09-30T01:22:51Z INFO [322/368] 1f6753c4-2bab-42a2-ab90-a7ec9ab3669f: 22 groups; 0.7 s; peak memory 1118 MiB.
2026-09-30T01:22:51Z INFO [323/368] 1f6759bf-3252-4e48-9f73-0d2afaa57d93: 35 groups; 0.8 s; peak memory 1118 MiB.
2026-09-30T01:22:52Z INFO [324/368] 1f67c0de-d008-4b35-9971-2869a55c980b: 31 groups; 0.7 s; peak memory 1118 MiB.
2026-09-30T01:22:53Z INFO [325/368] 1f689d5d-c688-4099-9f12-d1df86a17156: 22 groups; 0.7 s; peak memory 1118 MiB.
2026-09-30T01:22:54Z INFO [326/368] 1f692ba5-8559-4ef8-9a17-824b12d29adf: 35 groups; 0.8 s; peak memory 1118 MiB.
2026-09-30T01:22:54Z INFO [327/368] 1f69c93a-09d2-4003-b7dc-2043bf2aa621: 16 groups; 0.6 s; peak memory 1118 MiB.
2026-09-30T01:22:56Z INFO [328/368] 1f69e538-cf79-44e6-9d34-3e70148741e7: 50 groups; 1.8 s; peak memory 1118 MiB.
2026-09-30T01:23:04Z INFO [329/368] 1f6afbe5-067f-4256-9aaa-e70ed4eb787d: 231 groups; 7.4 s; peak memory 1118 MiB.
2026-09-30T01:23:05Z INFO [330/368] 1f6ba77f-321d-4724-9393-7eb1418f366d: 35 groups; 1.0 s; peak memory 1118 MiB.
2026-09-30T01:23:05Z INFO [331/368] 1f6bd30e-1f77-4d2a-9abe-ddd6837c01cd: 22 groups; 0.8 s; peak memory 1118 MiB.
2026-09-30T01:23:06Z INFO [332/368] 1f6beca6-2e5a-42f1-9a28-5b7d0cd13411: 35 groups; 0.9 s; peak memory 1118 MiB.
2026-09-30T01:23:08Z INFO [333/368] 1f6cbfa2-fc3d-4dbc-a588-144fdce40f16: 48 groups; 1.8 s; peak memory 1118 MiB.
2026-09-30T01:23:09Z INFO [334/368] 1f6cca85-4bff-4a77-93e7-e586fd729804: 22 groups; 0.8 s; peak memory 1118 MiB.
2026-09-30T01:23:10Z INFO [335/368] 1f6decd0-9770-4f45-9521-4e760f5d6d51: 32 groups; 0.9 s; peak memory 1118 MiB.
2026-09-30T01:23:19Z INFO [336/368] 1f6e524b-9a63-4e97-9e75-9455a5fd080a: 17 groups; 9.5 s; peak memory 1118 MiB.
2026-09-30T01:23:20Z INFO [337/368] 1f6f0d5c-f480-4841-b79c-62817984071b: 32 groups; 0.7 s; peak memory 1118 MiB.
2026-09-30T01:23:21Z INFO [338/368] 1f6f9e9d-5013-49a3-98f6-eed3e7e1ca87: 22 groups; 0.8 s; peak memory 1118 MiB.
2026-09-30T01:23:22Z INFO [339/368] 1f704334-f256-4db3-8a85-8e162d5977bc: 255 groups; 1.0 s; peak memory 1118 MiB.
2026-09-30T01:23:25Z INFO [340/368] 1f7077f2-1347-47a4-8b14-f6c7c45a688f: 57 groups; 3.8 s; peak memory 1118 MiB.
2026-09-30T01:23:42Z INFO [341/368] 1f714c28-4e24-4d7e-ab87-9f7c68172e07: 26 groups; 16.6 s; peak memory 1118 MiB.
2026-09-30T01:24:08Z INFO [342/368] 1f71d161-9945-4792-91af-1a9088062c8e: 27 groups; 26.3 s; peak memory 1118 MiB.
2026-09-30T01:24:09Z INFO [343/368] 1f72cb9e-786e-46d7-85e1-bf36c7a16cc9: 22 groups; 0.9 s; peak memory 1118 MiB.
2026-09-30T01:24:16Z INFO [344/368] 1f74027b-d208-45aa-846c-c73dd60476a7: 22 groups; 6.8 s; peak memory 1118 MiB.
2026-09-30T01:24:17Z INFO [345/368] 1f753061-5fbd-4d6e-9064-d5a17d87680f: 22 groups; 1.0 s; peak memory 1118 MiB.
2026-09-30T01:24:19Z INFO [346/368] 1f76cb93-76fe-4214-a680-16f521db016c: 206 groups; 1.7 s; peak memory 1118 MiB.
2026-09-30T01:24:21Z INFO [347/368] 1f770ea1-c7fb-4285-8f79-a27f9d39c24b: 48 groups; 1.9 s; peak memory 1118 MiB.
2026-09-30T01:24:22Z INFO [348/368] 1f773003-2328-4d66-a1c9-649da44415a1: 337 groups; 1.2 s; peak memory 1118 MiB.
2026-09-30T01:24:32Z INFO [349/368] 1f78152c-caf3-44e7-96ee-cb5163202c21: 22 groups; 10.3 s; peak memory 1118 MiB.
2026-09-30T01:24:33Z INFO [350/368] 1f78ac46-9520-4bf3-9e0d-18edbe8a243b: 22 groups; 0.8 s; peak memory 1118 MiB.
2026-09-30T01:24:33Z INFO [350/368] 1f78ac46-9520-4bf3-9e0d-18edbe8a243b: checkpointed 62081 records.
2026-09-30T01:24:34Z INFO [351/368] 1f78ebc0-a3e2-49cc-b968-a9a9cefe02ac: 16 groups; 0.6 s; peak memory 1118 MiB.
2026-09-30T01:24:35Z INFO [352/368] 1f790271-e965-4ba7-a3fd-3856401c9d0b: 35 groups; 1.3 s; peak memory 1118 MiB.
2026-09-30T01:25:47Z INFO [353/368] 1f791075-0206-49b9-8694-5bfbcd1c63ca: 102 groups; 72.1 s; peak memory 1118 MiB.
2026-09-30T01:25:50Z INFO [354/368] 1f7931ba-71b1-48ad-b3f3-09ca2257d9a4: 624 groups; 2.6 s; peak memory 1118 MiB.
2026-09-30T01:25:50Z INFO [355/368] 1f797891-83c4-414a-b375-60a60e693743: 32 groups; 0.8 s; peak memory 1118 MiB.
2026-09-30T01:25:51Z INFO [356/368] 1f79bccb-5f93-4dbe-a556-5e3c41e73f8b: 32 groups; 0.8 s; peak memory 1118 MiB.
2026-09-30T01:25:53Z INFO [357/368] 1f7a6232-10c8-4696-a047-2c83fca793d9: 200 groups; 1.6 s; peak memory 1118 MiB.
2026-09-30T01:25:54Z INFO [358/368] 1f7b94af-5430-43d8-b63e-37d434e2ce0d: 21 groups; 0.7 s; peak memory 1118 MiB.
2026-09-30T01:25:55Z INFO [359/368] 1f7c661d-0adb-45f6-909f-51998573c503: 336 groups; 1.2 s; peak memory 1118 MiB.
2026-09-30T01:25:55Z INFO [360/368] 1f7cd265-33bf-4a86-81a6-451990548eab: 22 groups; 0.7 s; peak memory 1118 MiB.
2026-09-30T01:25:56Z INFO [361/368] 1f7d661b-dd80-474c-bae1-be3046bc7bc7: 32 groups; 1.0 s; peak memory 1118 MiB.
2026-09-30T01:25:58Z INFO [362/368] 1f7e6055-dfca-437f-b08d-42d579a44dea: 64 groups; 1.8 s; peak memory 1118 MiB.
2026-09-30T01:26:01Z INFO [363/368] 1f7ee3e0-9a8e-49e2-890d-78e2501aa2b0: 95 groups; 2.4 s; peak memory 1118 MiB.
2026-09-30T01:26:02Z INFO [364/368] 1f7f286a-ca82-4197-b9fb-8cce0f6b9d8f: 17 groups; 1.5 s; peak memory 1118 MiB.
2026-09-30T01:26:03Z INFO [365/368] 1f7f4ba2-5866-458d-b18b-cda44b768be5: 32 groups; 0.9 s; peak memory 1118 MiB.
2026-09-30T01:26:04Z INFO [366/368] 1f7ffae3-be35-4779-a0dc-cfbefe29bad7: 25 groups; 0.7 s; peak memory 1118 MiB.
2026-09-30T01:26:04Z INFO [367/368] 1f801bea-d477-4938-9615-e68be1646ca6: 16 groups; 0.5 s; peak memory 1118 MiB.
2026-09-30T01:26:06Z INFO [368/368] 1f810078-ac45-4736-8817-3dc19b73d537: 79 groups; 1.6 s; peak memory 1118 MiB.
2026-09-30T01:26:06Z INFO Wrote 62099 records to /tmp/derivatives/valid_nwb_file_to_number_of_groups.jsonl (368 new, 0 failed) in 36.7 min (peak memory 1118 MiB).
