2026-09-18T18:40:45Z INFO Logging to /tmp/logs/update_2026-09-18T18-40-45Z.log.
2026-09-18T18:40:45Z INFO Update valid-nwb-file-to-number-of-groups (base directory /tmp).
2026-09-18T18:40:45Z INFO Processing 375 items (49526 already recorded).
2026-09-18T18:41:01Z INFO [1/375] 058fefa7-b128-4045-87d7-40b429b60aca: 251 groups; 15.5 s; peak memory 154 MiB.
2026-09-18T18:41:02Z INFO [2/375] 05905626-ffdc-4356-bc6d-1b3743831f26: 35 groups; 1.3 s; peak memory 154 MiB.
2026-09-18T18:41:04Z INFO [3/375] 059089ef-799d-4198-a6b6-7f2cc22a04b9: 194 groups; 2.2 s; peak memory 154 MiB.
2026-09-18T18:41:06Z INFO [4/375] 0590a34a-5a3c-42c3-be96-5071220c0b31: 48 groups; 2.0 s; peak memory 155 MiB.
2026-09-18T18:41:07Z INFO [5/375] 059202c7-04af-4fea-88b7-2c2253d22e1b: 22 groups; 0.8 s; peak memory 155 MiB.
2026-09-18T18:41:08Z INFO [6/375] 0592d28c-9eba-4113-8b6c-9a936557c21a: 22 groups; 0.8 s; peak memory 155 MiB.
2026-09-18T18:41:09Z INFO [7/375] 0592ecef-0a70-48fa-b6a5-b6f3408585a4: 22 groups; 0.9 s; peak memory 155 MiB.
2026-09-18T18:41:11Z INFO [8/375] 0592f8d0-6fc0-4504-a97d-a4dbc5c35a79: 49 groups; 2.4 s; peak memory 156 MiB.
2026-09-18T18:41:12Z INFO [9/375] 05935ceb-44b7-4cad-b5dd-a53265b9e5e2: 22 groups; 1.0 s; peak memory 156 MiB.
2026-09-18T18:41:19Z INFO [10/375] 0593b853-d93c-467d-8ad3-586ba6838f93: 200 groups; 6.9 s; peak memory 156 MiB.
2026-09-18T18:41:20Z INFO [11/375] 0593c7ec-419d-42f0-97a2-f7ae26bd0e9b: 195 groups; 1.2 s; peak memory 156 MiB.
2026-09-18T18:41:22Z INFO [12/375] 05942bb0-486d-45bd-816f-2330ebe172b6: 35 groups; 1.2 s; peak memory 156 MiB.
2026-09-18T18:41:23Z INFO [13/375] 05949dbb-a3a7-407f-97b7-16904ed9acf0: 22 groups; 1.1 s; peak memory 156 MiB.
2026-09-18T18:41:24Z INFO [14/375] 05951d4d-8ab8-4368-bb4d-b529942fca6f: 22 groups; 0.9 s; peak memory 156 MiB.
2026-09-18T18:41:59Z INFO [15/375] 0595737a-c45e-4e6f-ad93-b63e93df6551: 26 groups; 35.9 s; peak memory 201 MiB.
2026-09-18T18:42:00Z INFO [16/375] 05960e92-e35d-47f8-a9d4-b278ecc14a42: 22 groups; 0.9 s; peak memory 201 MiB.
2026-09-18T18:42:01Z INFO [17/375] 05963fc2-b683-4891-9323-529ece8e0087: 32 groups; 1.0 s; peak memory 201 MiB.
2026-09-18T18:42:03Z INFO [18/375] 05967496-30d0-4968-bc09-fb9e69884b4a: 48 groups; 2.0 s; peak memory 201 MiB.
2026-09-18T18:42:06Z INFO [19/375] 0596879b-8669-4735-80d8-a7dd67b7d7bd: 54 groups; 2.4 s; peak memory 201 MiB.
2026-09-18T18:42:06Z INFO [20/375] 05968f6e-1635-4d81-9544-e53a1bd77f25: 16 groups; 0.7 s; peak memory 201 MiB.
2026-09-18T18:42:19Z INFO [21/375] 0596ed64-f930-44b4-b7ba-2a6204683f9c: 592 groups; 12.2 s; peak memory 201 MiB.
2026-09-18T18:42:20Z INFO [22/375] 059722f8-2154-4ce9-a7ef-f3d463cda8b5: 33 groups; 1.2 s; peak memory 201 MiB.
2026-09-18T18:42:30Z INFO [23/375] 05973403-95ec-412e-b34e-aae27d3e5ff5: 378 groups; 10.7 s; peak memory 201 MiB.
2026-09-18T18:42:32Z INFO [24/375] 05977b12-9625-482c-957d-cb83dadfaf08: 195 groups; 1.3 s; peak memory 201 MiB.
2026-09-18T18:42:33Z INFO [25/375] 0597848c-4be9-4eba-b5f0-f39d92cdf7c2: 103 groups; 1.1 s; peak memory 201 MiB.
2026-09-18T18:42:35Z INFO [26/375] 059960f0-691e-4a65-a5eb-7439867bbc38: 199 groups; 1.6 s; peak memory 201 MiB.
2026-09-18T18:42:36Z INFO [27/375] 059985e5-b4f5-458f-a3b2-b750bdd8c13b: 33 groups; 1.1 s; peak memory 201 MiB.
2026-09-18T18:42:37Z INFO [28/375] 059992cb-4592-49a4-a3c9-9984fc06ab35: 18 groups; 1.0 s; peak memory 201 MiB.
2026-09-18T18:42:37Z INFO [29/375] 059a21bb-49ce-4b68-bd86-126dea368e6b: 22 groups; 0.8 s; peak memory 201 MiB.
2026-09-18T18:42:39Z INFO [30/375] 059a809a-b5ed-4493-b061-d7c93c42f356: 32 groups; 1.2 s; peak memory 201 MiB.
2026-09-18T18:42:40Z INFO [31/375] 059b5dab-1309-4e3a-9f2b-33b86b3eae20: 32 groups; 1.1 s; peak memory 201 MiB.
2026-09-18T18:42:42Z INFO [32/375] 059b853c-9cb8-4a5d-a0ee-c79c1043c635: 48 groups; 2.4 s; peak memory 201 MiB.
2026-09-18T18:42:43Z INFO [33/375] 059d47a4-6dd0-4e3c-8eb5-58e19f4761f5: 103 groups; 1.1 s; peak memory 201 MiB.
2026-09-18T18:42:44Z INFO [34/375] 059d76c4-8f4d-4383-a97e-e0f344cd4b7f: 36 groups; 1.2 s; peak memory 201 MiB.
2026-09-18T18:42:45Z INFO [35/375] 059d9455-cba1-47c6-bb8f-e5b4df0961d1: 22 groups; 0.8 s; peak memory 201 MiB.
2026-09-18T18:42:46Z INFO [36/375] 059e90ad-6155-473e-be77-d8a316b09d67: 32 groups; 0.9 s; peak memory 201 MiB.
2026-09-18T18:42:47Z INFO [37/375] 059f09fb-b87f-4b83-96ee-e68e6c40f340: 22 groups; 0.9 s; peak memory 201 MiB.
2026-09-18T18:42:48Z INFO [38/375] 059f268d-12f2-46c1-a00c-e891977cd4a4: 22 groups; 0.8 s; peak memory 201 MiB.
2026-09-18T18:42:49Z INFO [39/375] 059f3791-9241-4963-84f2-c1cae189b86d: 18 groups; 0.8 s; peak memory 201 MiB.
2026-09-18T18:42:50Z INFO [40/375] 059fac40-4a2a-491c-8002-5d082264de28: 32 groups; 0.9 s; peak memory 201 MiB.
2026-09-18T18:42:51Z INFO [41/375] 059fda3a-50b5-4dde-8fca-ea928ac012e3: 22 groups; 1.0 s; peak memory 201 MiB.
2026-09-18T18:42:52Z INFO [42/375] 05a0a69e-70a8-4de7-85a4-6304ccdf3563: 32 groups; 1.1 s; peak memory 201 MiB.
2026-09-18T18:42:56Z INFO [43/375] 05a0b7b9-c1bd-458d-9798-93fa8a8aa595: 181 groups; 3.9 s; peak memory 201 MiB.
2026-09-18T18:42:56Z INFO [44/375] 05a0ee39-4b38-4bcf-8310-86a5982c86de: 22 groups; 0.9 s; peak memory 201 MiB.
2026-09-18T18:42:57Z INFO [45/375] 05a25ab5-f0cf-49bc-a846-4aff5bdd2673: 22 groups; 1.0 s; peak memory 201 MiB.
2026-09-18T18:42:58Z INFO [46/375] 05a29a0d-0cf8-47ba-9a18-654c36ba787b: 22 groups; 0.9 s; peak memory 201 MiB.
2026-09-18T18:42:59Z INFO [47/375] 05a2cdcc-8424-4ae0-a387-15403aa0fd54: 32 groups; 1.1 s; peak memory 201 MiB.
2026-09-18T18:43:00Z INFO [48/375] 05a40dda-6a2d-4bab-8d30-501d837b3923: 22 groups; 0.9 s; peak memory 201 MiB.
2026-09-18T18:43:02Z INFO [49/375] 05a438dc-ce99-4cb4-aa78-f42618447f53: 32 groups; 1.2 s; peak memory 201 MiB.
2026-09-18T18:43:02Z INFO [50/375] 05a54513-16dd-48cf-bd41-d58447365491: 32 groups; 1.0 s; peak memory 201 MiB.
2026-09-18T18:43:03Z INFO [50/375] 05a54513-16dd-48cf-bd41-d58447365491: checkpointed 49576 records.
2026-09-18T18:43:14Z INFO [51/375] 05a5dd5c-333c-45e0-ae9e-cffb94fcc7eb: 244 groups; 11.6 s; peak memory 201 MiB.
2026-09-18T18:43:15Z INFO [52/375] 05a6cb19-8fea-45e2-b8b0-f4b6ff0a4538: 32 groups; 1.2 s; peak memory 201 MiB.
2026-09-18T18:43:17Z INFO [53/375] 05a6d22f-97f9-4867-93b5-c2bec299e417: 17 groups; 1.7 s; peak memory 201 MiB.
2026-09-18T18:43:18Z INFO [54/375] 05a73ef3-9ba7-43d5-8af0-5f74ed1fc541: 22 groups; 0.9 s; peak memory 201 MiB.
2026-09-18T18:43:19Z INFO [55/375] 05a74b0f-7bf7-43f1-99ce-b87ab353336e: 22 groups; 0.8 s; peak memory 201 MiB.
2026-09-18T18:43:20Z INFO [56/375] 05a76531-49a9-402e-80ee-76284cdd97fc: 32 groups; 1.2 s; peak memory 201 MiB.
2026-09-18T18:43:33Z INFO [57/375] 05a82e66-4b4d-4421-a904-748c6ca11a38: 213 groups; 12.5 s; peak memory 201 MiB.
2026-09-18T18:43:34Z INFO [58/375] 05a8d371-6821-4629-9672-81c73f40d132: 35 groups; 1.0 s; peak memory 201 MiB.
2026-09-18T18:43:35Z INFO [59/375] 05a960bd-657d-46fe-a422-b829a8a624c1: 25 groups; 1.0 s; peak memory 201 MiB.
2026-09-18T18:43:37Z INFO [60/375] 05a98e73-5522-4e91-8324-f03120d7eda8: 47 groups; 2.2 s; peak memory 201 MiB.
2026-09-18T18:43:38Z INFO [61/375] 05a9ae09-4c3d-44b3-8be5-f27068fdd854: 22 groups; 0.9 s; peak memory 201 MiB.
2026-09-18T18:43:48Z INFO [62/375] 05a9ec4a-b95b-4648-98ca-c68cba66031f: 338 groups; 9.9 s; peak memory 201 MiB.
2026-09-18T18:43:49Z INFO [63/375] 05aa22f2-d2f5-4c69-a68d-f0ee5dc8f6fd: 202 groups; 1.3 s; peak memory 201 MiB.
2026-09-18T18:43:50Z INFO [64/375] 05aa287a-7a12-405a-a5cf-271bd4acc386: 32 groups; 1.0 s; peak memory 201 MiB.
2026-09-18T18:43:51Z INFO [65/375] 05aa6494-0342-4297-8671-9631520f5b6c: 253 groups; 1.0 s; peak memory 201 MiB.
2026-09-18T18:43:52Z INFO [66/375] 05aac6cf-1b02-414b-897c-f14b4bff29cb: 71 groups; 1.0 s; peak memory 201 MiB.
2026-09-18T18:43:53Z INFO [67/375] 05ab4781-bffd-49a7-baef-ac4e789257a5: 22 groups; 1.0 s; peak memory 201 MiB.
2026-09-18T18:44:01Z INFO [68/375] 05ac8459-fdb4-4951-b750-46113406401d: 174 groups; 8.3 s; peak memory 201 MiB.
2026-09-18T18:44:02Z INFO [69/375] 05acb171-09e1-4394-bfaf-b0828f996a15: 16 groups; 0.7 s; peak memory 201 MiB.
2026-09-18T18:44:03Z INFO [70/375] 05acb20e-69f8-46eb-ad2d-1d14ac886bba: 22 groups; 1.0 s; peak memory 201 MiB.
2026-09-18T18:44:04Z INFO [71/375] 05add16e-2387-4e76-9d3a-3667cf9281a6: 17 groups; 0.9 s; peak memory 201 MiB.
2026-09-18T18:44:06Z INFO [72/375] 05ae2b09-d67d-4f7a-90b6-076d954877ab: 55 groups; 2.0 s; peak memory 201 MiB.
2026-09-18T18:44:07Z INFO [73/375] 05ae9d47-2315-4b36-8f4e-657024d0aaf6: 201 groups; 1.4 s; peak memory 201 MiB.
2026-09-18T18:44:08Z INFO [74/375] 05aebd7d-2516-481e-aad7-dab5325ed098: 22 groups; 0.9 s; peak memory 201 MiB.
2026-09-18T18:44:09Z INFO [75/375] 05afda79-c8b9-409c-a4d1-94c14dee0183: 32 groups; 1.1 s; peak memory 201 MiB.
2026-09-18T18:44:10Z INFO [76/375] 05b07817-d5d3-4a2d-babc-1e84fceef41d: 22 groups; 0.8 s; peak memory 201 MiB.
2026-09-18T18:44:11Z INFO [77/375] 05b20ba1-7181-4980-a8f8-8036b95b91a9: 32 groups; 1.0 s; peak memory 201 MiB.
2026-09-18T18:44:12Z INFO [78/375] 05b2471f-c03c-4ed4-b67c-588e2f08fc82: 199 groups; 1.3 s; peak memory 201 MiB.
2026-09-18T18:44:13Z INFO [79/375] 05b309aa-c900-4a93-a923-1f688da6124d: 34 groups; 1.1 s; peak memory 201 MiB.
2026-09-18T18:44:14Z INFO [80/375] 05b320ee-4547-4a84-b60d-73e5da0c1142: 16 groups; 0.6 s; peak memory 201 MiB.
2026-09-18T18:44:15Z INFO [81/375] 05b3c55d-2c1e-4f0e-9b36-eea4c5826366: 22 groups; 0.9 s; peak memory 201 MiB.
2026-09-18T18:44:19Z INFO [82/375] 05b496f6-87ac-4c5e-a77b-a3f504b522da: 181 groups; 4.4 s; peak memory 201 MiB.
2026-09-18T18:45:01Z INFO [83/375] 05b4ee62-d548-434b-a92c-d234a646dd2b: 942 groups; 41.5 s; peak memory 222 MiB.
2026-09-18T18:45:02Z INFO [84/375] 05b55d06-6b9c-4e31-9efc-cf0886c6422c: 32 groups; 1.1 s; peak memory 222 MiB.
2026-09-18T18:45:03Z INFO [85/375] 05b677f8-9df6-40f7-88a1-b9c53126bf3a: 35 groups; 1.3 s; peak memory 222 MiB.
2026-09-18T18:45:04Z INFO [86/375] 05b756ec-d669-4e3b-b044-ddd520fbd54d: 201 groups; 1.1 s; peak memory 222 MiB.
2026-09-18T18:45:05Z INFO [87/375] 05b8073e-c8bb-41db-8911-2ce119aca306: 22 groups; 0.8 s; peak memory 222 MiB.
2026-09-18T18:45:06Z INFO [88/375] 05b85da6-d091-4f85-b39f-f0686a57753d: 32 groups; 1.1 s; peak memory 222 MiB.
2026-09-18T18:45:08Z INFO [89/375] 05b86317-c0c4-4a34-bddb-0c7d1bc25eba: 336 groups; 1.5 s; peak memory 222 MiB.
2026-09-18T18:45:08Z INFO [90/375] 05b88182-7c82-4dd3-b9c1-dca9bd2cb9a5: 22 groups; 0.8 s; peak memory 222 MiB.
2026-09-18T18:45:12Z INFO [91/375] 05b92744-7cd5-44d3-a2f1-935457251bf3: 75 groups; 3.8 s; peak memory 222 MiB.
2026-09-18T18:45:19Z INFO [92/375] 05b9b3f3-b227-439c-b2a9-22695e610bf0: 144 groups; 6.4 s; peak memory 222 MiB.
2026-09-18T18:48:06Z INFO [93/375] 05ba097b-f014-4e05-8b8a-362101cf2a56: 75 groups; 167.9 s; peak memory 414 MiB.
2026-09-18T18:48:08Z INFO [94/375] 05bb0b64-af6d-4adf-8027-354a4a31e459: 199 groups; 1.3 s; peak memory 414 MiB.
2026-09-18T18:48:09Z INFO [95/375] 05bb30d1-2ae2-4075-a701-06e81eb86bd2: 24 groups; 0.9 s; peak memory 414 MiB.
2026-09-18T18:48:18Z INFO [96/375] 05bb8557-415c-4fd0-8c7f-e3fc7bb752bc: 87 groups; 9.4 s; peak memory 414 MiB.
2026-09-18T18:48:20Z INFO [97/375] 05bba29b-3e89-40db-be27-9d275cac385e: 35 groups; 1.6 s; peak memory 414 MiB.
2026-09-18T18:48:24Z INFO [98/375] 05bcc39e-61b6-4dc8-8f37-5b7201de8fb3: 125 groups; 4.1 s; peak memory 414 MiB.
2026-09-18T18:48:25Z INFO [99/375] 05bceb2c-dc2f-4b3a-b625-8806fc26f274: 36 groups; 1.2 s; peak memory 414 MiB.
2026-09-18T18:48:29Z INFO [100/375] 05bdb147-d79b-4de4-a99b-0bda64dbcd26: 66 groups; 4.0 s; peak memory 414 MiB.
2026-09-18T18:48:29Z INFO [100/375] 05bdb147-d79b-4de4-a99b-0bda64dbcd26: checkpointed 49626 records.
2026-09-18T18:49:03Z INFO [101/375] 05bea909-fab0-453d-b0bc-f401e4cf6a63: 27 groups; 34.4 s; peak memory 414 MiB.
2026-09-18T18:49:05Z INFO [102/375] 05c0d03c-2eaf-4df2-9673-2ece9f433147: 35 groups; 1.2 s; peak memory 414 MiB.
2026-09-18T18:49:06Z INFO [103/375] 05c0f741-419c-4706-b8d7-f43dd97ec10b: 32 groups; 1.0 s; peak memory 414 MiB.
2026-09-18T18:49:07Z INFO [104/375] 05c1438f-4d55-47c5-8852-db4707df3225: 32 groups; 1.0 s; peak memory 414 MiB.
2026-09-18T18:49:08Z INFO [105/375] 05c1d11d-a2c5-44ec-8df0-ae66612122a6: 32 groups; 1.0 s; peak memory 414 MiB.
2026-09-18T18:49:09Z INFO [106/375] 05c22c2c-dcb0-46a2-9fbc-c04488a7f54f: 253 groups; 1.3 s; peak memory 414 MiB.
2026-09-18T18:49:10Z INFO [107/375] 05c2623b-5023-427a-8671-5435fe4e426d: 32 groups; 1.1 s; peak memory 414 MiB.
2026-09-18T18:49:11Z INFO [108/375] 05c2abd2-7b77-45e5-a87f-18613f174e9c: 32 groups; 1.0 s; peak memory 414 MiB.
2026-09-18T18:49:12Z INFO [109/375] 05c2f42b-b527-4e28-a812-364e2605c37f: 203 groups; 1.1 s; peak memory 414 MiB.
2026-09-18T18:49:14Z INFO [110/375] 05c378d6-b02a-4f48-a18e-634bbc0c97dc: 47 groups; 2.1 s; peak memory 414 MiB.
2026-09-18T18:49:16Z INFO [111/375] 05c4e2d1-a042-40af-bf8e-e28071718747: 41 groups; 1.2 s; peak memory 414 MiB.
2026-09-18T18:49:17Z INFO [112/375] 05c5b4dc-9d43-4a4f-87eb-b42fa5bf1f11: 32 groups; 1.1 s; peak memory 414 MiB.
2026-09-18T18:49:18Z INFO [113/375] 05c5f3df-9747-4400-8257-060d8ff702ac: 22 groups; 0.9 s; peak memory 414 MiB.
2026-09-18T18:49:19Z INFO [114/375] 05c613b2-93d6-4ee6-8a6c-3aa5ef2ec969: 35 groups; 1.3 s; peak memory 414 MiB.
2026-09-18T18:49:20Z INFO [115/375] 05c61974-434e-4184-ab40-c33d50052088: 43 groups; 1.4 s; peak memory 414 MiB.
2026-09-18T18:49:21Z INFO [116/375] 05c6dc24-51c8-4a41-8526-450b8f1e9c7e: 31 groups; 0.8 s; peak memory 414 MiB.
2026-09-18T18:49:23Z INFO [117/375] 05c734ed-4b11-4d90-9181-80d2ed559f89: 50 groups; 2.4 s; peak memory 414 MiB.
2026-09-18T18:49:24Z INFO [118/375] 05c7fc4c-b739-4c1f-bfbc-0892e81a29a2: 16 groups; 0.8 s; peak memory 414 MiB.
2026-09-18T18:49:25Z INFO [119/375] 05c82f28-bc3f-48a5-8e66-3978df5491f8: 36 groups; 1.2 s; peak memory 414 MiB.
2026-09-18T18:49:26Z INFO [120/375] 05c88a3a-6fd9-43f3-85d2-cd299005759b: 32 groups; 1.0 s; peak memory 414 MiB.
2026-09-18T18:49:28Z INFO [121/375] 05c8b753-73d7-42c5-acee-1a7eacb26a37: 33 groups; 1.2 s; peak memory 414 MiB.
2026-09-18T18:49:29Z INFO [122/375] 05c9690a-7a8b-43f9-bd70-2f1eb672c60a: 33 groups; 1.1 s; peak memory 414 MiB.
2026-09-18T18:49:29Z INFO [123/375] 05c9d2fe-3da7-45b4-9872-a88f0a580531: 29 groups; 0.8 s; peak memory 414 MiB.
2026-09-18T18:49:52Z INFO [124/375] 05cb109a-cc08-414a-8319-184f1c57b426: 380 groups; 22.9 s; peak memory 414 MiB.
2026-09-18T18:49:54Z INFO [125/375] 05cb6639-ed9a-4b1f-aec3-4ba92522bacf: 33 groups; 1.1 s; peak memory 414 MiB.
2026-09-18T18:49:55Z INFO [126/375] 05cb6c48-85f4-4bf7-9fc0-4b5163dfc5ce: 32 groups; 1.2 s; peak memory 414 MiB.
2026-09-18T18:49:56Z INFO [127/375] 05cbc955-d0e4-4fe2-bcdc-1123ae448302: 254 groups; 1.0 s; peak memory 414 MiB.
2026-09-18T18:49:57Z INFO [128/375] 05cbe4c5-10d0-4be0-8165-54023e3365b3: 22 groups; 0.8 s; peak memory 414 MiB.
2026-09-18T18:49:57Z INFO [129/375] 05cc0bdc-7588-4d72-9555-017e3936a13b: 30 groups; 0.6 s; peak memory 414 MiB.
2026-09-18T18:49:59Z INFO [130/375] 05cc0d18-7f31-4034-afbd-8b10e2613101: 43 groups; 1.3 s; peak memory 414 MiB.
2026-09-18T18:50:01Z INFO [131/375] 05cdddb0-99c2-4dcb-b547-72675f21b048: 54 groups; 2.1 s; peak memory 414 MiB.
2026-09-18T18:50:02Z INFO [132/375] 05ce6a89-c16c-4cf3-8fda-e5e8eaacb29c: 25 groups; 0.9 s; peak memory 414 MiB.
2026-09-18T18:50:02Z INFO [133/375] 05ce86e7-9dcd-473d-bdc3-b0932b164814: 16 groups; 0.8 s; peak memory 414 MiB.
2026-09-18T18:50:03Z INFO [134/375] 05cf5867-d1ca-411c-9c31-5c9e64d4b91c: 22 groups; 0.9 s; peak memory 414 MiB.
2026-09-18T18:50:04Z INFO [135/375] 05cf647f-c9a4-447c-82ed-0995dd65f7b0: 22 groups; 0.7 s; peak memory 414 MiB.
2026-09-18T18:50:11Z INFO [136/375] 05d016bf-0013-46c8-85a9-43317a3d97f9: 199 groups; 6.7 s; peak memory 414 MiB.
2026-09-18T18:50:12Z INFO [137/375] 05d0f20f-7dfa-4a75-a6f0-5991b08ff145: 341 groups; 1.5 s; peak memory 414 MiB.
2026-09-18T18:50:13Z INFO [138/375] 05d1999b-579c-41d4-90f3-4e4578c78092: 32 groups; 1.1 s; peak memory 414 MiB.
2026-09-18T18:50:15Z INFO [139/375] 05d31498-49de-41f9-8fa0-5c9bf05e182c: 31 groups; 1.4 s; peak memory 414 MiB.
2026-09-18T18:50:17Z INFO [140/375] 05d338a6-ce76-4b41-8581-d917e769a17b: 48 groups; 2.1 s; peak memory 414 MiB.
2026-09-18T18:50:23Z INFO [141/375] 05d3af79-2153-4a61-b03e-4a446f7ffe4d: 122 groups; 6.0 s; peak memory 414 MiB.
2026-09-18T18:50:30Z INFO [142/375] 05d3f15d-7f28-425b-8669-38104b4ab19e: 176 groups; 7.2 s; peak memory 414 MiB.
2026-09-18T18:50:41Z INFO [143/375] 05d3f2a3-de1e-41ae-a7bf-617d3b0f443b: 188 groups; 11.5 s; peak memory 414 MiB.
2026-09-18T18:50:43Z INFO [144/375] 05d5c1b2-40ee-4be7-b8d0-b3399be7c7b1: 202 groups; 1.2 s; peak memory 414 MiB.
2026-09-18T18:50:44Z INFO [145/375] 05d6b2b6-db8c-488d-83db-6b2913d834b9: 32 groups; 1.0 s; peak memory 414 MiB.
2026-09-18T18:50:45Z INFO [146/375] 05d70301-25b7-4952-806d-dd0c18af0d9b: 35 groups; 1.4 s; peak memory 414 MiB.
2026-09-18T18:50:46Z INFO [147/375] 05d76bda-b96d-40e5-9b79-43ee6d21c5d4: 22 groups; 0.7 s; peak memory 414 MiB.
2026-09-18T18:50:49Z INFO [148/375] 05d777b8-e8d2-4d3d-9485-2a4c92430c35: 555 groups; 3.0 s; peak memory 414 MiB.
2026-09-18T18:50:49Z INFO [149/375] 05d7e774-4f38-4a01-a3d6-44ee446384a1: 16 groups; 0.7 s; peak memory 414 MiB.
2026-09-18T18:50:50Z INFO [150/375] 05d8c301-ff5d-40bb-b8f9-86873da610a1: 22 groups; 0.9 s; peak memory 414 MiB.
2026-09-18T18:50:50Z INFO [150/375] 05d8c301-ff5d-40bb-b8f9-86873da610a1: checkpointed 49676 records.
2026-09-18T18:50:52Z INFO [151/375] 05d8ccf3-876a-4bef-8538-84d573c95cdb: 202 groups; 1.3 s; peak memory 414 MiB.
2026-09-18T18:50:54Z INFO [152/375] 05d923fd-21c9-4a66-b16e-2733edb17f3c: 48 groups; 1.9 s; peak memory 414 MiB.
2026-09-18T18:50:54Z INFO [153/375] 05da4c35-5ff5-4d85-8da2-2ccef029ce2b: 22 groups; 0.9 s; peak memory 414 MiB.
2026-09-18T18:50:55Z INFO [154/375] 05db92d2-7293-4c3e-aec1-5f3dfd6350c4: 32 groups; 1.0 s; peak memory 414 MiB.
2026-09-18T18:50:57Z INFO [155/375] 05dbc7f8-556a-4ef1-bf43-b5f879147d54: 64 groups; 1.9 s; peak memory 414 MiB.
2026-09-18T18:51:40Z INFO [156/375] 05dc77fd-77c4-4b6e-b421-6379db323205: 22 groups; 42.3 s; peak memory 414 MiB.
2026-09-18T18:51:40Z INFO [157/375] 05dc8659-2f41-44a7-a071-552ba7695630: 22 groups; 0.9 s; peak memory 414 MiB.
2026-09-18T18:51:42Z INFO [158/375] 05dc8ba0-cb03-472c-a3b8-235538b6d9d0: 32 groups; 1.1 s; peak memory 414 MiB.
2026-09-18T18:51:42Z INFO [159/375] 05dd56f3-3d6d-4079-aa71-b7b3c757c763: 16 groups; 0.8 s; peak memory 414 MiB.
2026-09-18T18:51:44Z INFO [160/375] 05dedba2-a197-47e6-9eab-a1c7aece477a: 48 groups; 1.6 s; peak memory 414 MiB.
2026-09-18T18:51:46Z INFO [161/375] 05df9cf5-b792-47f7-9ecb-587cd66e3c39: 204 groups; 1.7 s; peak memory 414 MiB.
2026-09-18T18:51:47Z INFO [162/375] 05e1a42b-1cbc-4c38-a5fb-2abd6415ba2d: 20 groups; 0.8 s; peak memory 414 MiB.
2026-09-18T18:51:54Z INFO [163/375] 05e233f6-aa50-41ac-a914-78b1f8085252: 266 groups; 7.9 s; peak memory 414 MiB.
2026-09-18T18:51:55Z INFO [164/375] 05e35301-1526-4b02-8dd3-0f7c0ad3c84d: 22 groups; 0.9 s; peak memory 414 MiB.
2026-09-18T18:51:56Z INFO [165/375] 05e35e26-21d1-4944-80eb-f7baebc8c814: 32 groups; 1.0 s; peak memory 414 MiB.
2026-09-18T18:51:57Z INFO [166/375] 05e3811a-81c4-413b-b57d-aa3742862023: 32 groups; 1.1 s; peak memory 414 MiB.
2026-09-18T18:52:00Z INFO [167/375] 05e4dbca-fae4-48dc-84df-e8a4730a1f9f: 50 groups; 2.8 s; peak memory 414 MiB.
2026-09-18T18:52:01Z INFO [168/375] 05e5c201-ceb8-4d5e-a219-fbbd42541b81: 35 groups; 1.3 s; peak memory 414 MiB.
2026-09-18T18:52:02Z INFO [169/375] 05e68a0f-027e-4327-a2cc-f4aa621db137: 22 groups; 0.9 s; peak memory 414 MiB.
2026-09-18T18:52:03Z INFO [170/375] 05e72725-88b9-433c-a51e-1cddc4873824: 29 groups; 0.8 s; peak memory 414 MiB.
2026-09-18T18:52:04Z INFO [171/375] 05e7f721-5ad1-403f-8b54-8014ca5e75c6: 33 groups; 1.0 s; peak memory 414 MiB.
2026-09-18T18:52:05Z INFO [172/375] 05e8ef25-1200-4501-a0bb-b64fdf1c7933: 17 groups; 0.7 s; peak memory 414 MiB.
2026-09-18T18:52:11Z INFO [173/375] 05e8f7a2-d382-4a5d-822a-611b2d0270d2: 120 groups; 6.6 s; peak memory 414 MiB.
2026-09-18T18:52:12Z INFO [174/375] 05e94777-75dc-43c7-91cd-7e7b2603c805: 22 groups; 0.9 s; peak memory 414 MiB.
2026-09-18T18:52:13Z INFO [175/375] 05e9ebc4-4666-45ec-b4d6-869ff5271643: 22 groups; 0.9 s; peak memory 414 MiB.
2026-09-18T18:52:14Z INFO [176/375] 05ea494b-de0b-4fe0-bd4d-7055fc85780d: 32 groups; 0.9 s; peak memory 414 MiB.
2026-09-18T18:52:15Z INFO [177/375] 05ea8d33-b53d-407f-9736-7fec9f206781: 202 groups; 1.1 s; peak memory 414 MiB.
2026-09-18T18:52:16Z INFO [178/375] 05eaafae-e852-4c05-a11d-e0b6f21218a2: 32 groups; 1.2 s; peak memory 414 MiB.
2026-09-18T18:52:17Z INFO [179/375] 05eab37c-b2ce-41ea-bcbf-10ffab5f70dd: 22 groups; 0.8 s; peak memory 414 MiB.
2026-09-18T18:52:19Z INFO [180/375] 05eb09a5-725f-4bee-8d66-6553939d4502: 71 groups; 2.0 s; peak memory 414 MiB.
2026-09-18T18:52:20Z INFO [181/375] 05eb4bee-9edb-4fce-bc03-11d1bb799695: 22 groups; 0.9 s; peak memory 414 MiB.
2026-09-18T18:52:24Z INFO [182/375] 05ec479e-e0a6-4ae8-94a0-f49b848d9667: 78 groups; 4.2 s; peak memory 414 MiB.
2026-09-18T18:52:26Z INFO [183/375] 05ec9737-0ecf-40b9-a76f-ad86c7280010: 34 groups; 1.3 s; peak memory 414 MiB.
2026-09-18T18:52:27Z INFO [184/375] 05ec9ebf-23ef-4025-bba4-ee3db17ed1d8: 33 groups; 1.5 s; peak memory 414 MiB.
2026-09-18T18:52:29Z INFO [185/375] 05ed4305-f4a3-469f-ab3a-316d5d173f43: 206 groups; 1.8 s; peak memory 414 MiB.
2026-09-18T18:52:30Z INFO [186/375] 05ed9ba8-f436-41c0-b287-c38a7d730330: 35 groups; 1.1 s; peak memory 414 MiB.
2026-09-18T18:52:31Z INFO [187/375] 05ee9814-3628-4b26-b93b-e46db92e012d: 22 groups; 0.9 s; peak memory 414 MiB.
2026-09-18T18:52:32Z INFO [188/375] 05ef2e52-45ad-4ff1-a637-08d45e546ba5: 33 groups; 1.5 s; peak memory 414 MiB.
2026-09-18T18:52:33Z INFO [189/375] 05effca2-9191-4cd8-aa41-2fd89127c62f: 33 groups; 0.9 s; peak memory 414 MiB.
2026-09-18T18:52:34Z INFO [190/375] 05f0d47a-e01c-4225-a5a6-648d3e8b6b43: 22 groups; 0.9 s; peak memory 414 MiB.
2026-09-18T18:52:47Z INFO [191/375] 05f0f63d-9ee0-4131-ab57-ca6c27b4e797: 23 groups; 13.0 s; peak memory 414 MiB.
2026-09-18T18:52:48Z INFO [192/375] 05f0fd6a-446c-4045-870f-03d7acd79172: 32 groups; 1.3 s; peak memory 414 MiB.
2026-09-18T18:52:49Z INFO [193/375] 05f143dc-06b7-48c3-b55d-fb93e7e9438e: 16 groups; 0.6 s; peak memory 414 MiB.
2026-09-18T18:52:50Z INFO [194/375] 05f1c78b-2ee2-41c0-9fcc-312556fabe30: 28 groups; 0.8 s; peak memory 414 MiB.
2026-09-18T18:52:51Z INFO [195/375] 05f20ce4-8891-454e-9f69-d7e00ca50ff6: 22 groups; 0.9 s; peak memory 414 MiB.
2026-09-18T18:52:52Z INFO [196/375] 05f239ba-07d8-4975-b9f3-8df2c7cca894: 32 groups; 1.0 s; peak memory 414 MiB.
2026-09-18T18:52:53Z INFO [197/375] 05f2b26a-f8ab-45ee-a44d-c20ad46b3747: 17 groups; 0.9 s; peak memory 414 MiB.
2026-09-18T18:52:59Z INFO [198/375] 05f3136f-0ee1-4f47-a9e3-d4c942cc9c81: 29 groups; 6.8 s; peak memory 414 MiB.
2026-09-18T18:53:01Z INFO [199/375] 05f3a955-29c3-4026-bb0a-7ba696875cb4: 33 groups; 1.1 s; peak memory 414 MiB.
2026-09-18T18:53:01Z INFO [200/375] 05f3b55d-c1f6-43e4-a704-27b9d4c7a9ef: 22 groups; 1.0 s; peak memory 414 MiB.
2026-09-18T18:53:02Z INFO [200/375] 05f3b55d-c1f6-43e4-a704-27b9d4c7a9ef: checkpointed 49726 records.
2026-09-18T18:53:03Z INFO [201/375] 05f3cfa8-9f08-4927-ad5f-342da130320b: 202 groups; 1.2 s; peak memory 414 MiB.
2026-09-18T18:53:05Z INFO [202/375] 05f4a5d3-d52d-4891-8166-71c6477d0b27: 48 groups; 1.7 s; peak memory 414 MiB.
2026-09-18T18:53:05Z INFO [203/375] 05f50eca-b79b-4327-b313-16929383fbbb: 16 groups; 0.7 s; peak memory 414 MiB.
2026-09-18T18:53:06Z INFO [204/375] 05f608eb-3bbb-4808-9c5e-085603fe3285: 22 groups; 0.8 s; peak memory 414 MiB.
2026-09-18T18:54:23Z INFO [205/375] 05f8d751-d5e5-4766-a43f-d85cce320bab: 27 groups; 77.4 s; peak memory 414 MiB.
2026-09-18T18:54:32Z INFO [206/375] 05f9bf7c-f0f9-4654-92e2-aa3ef0611936: 88 groups; 8.8 s; peak memory 414 MiB.
2026-09-18T18:54:33Z INFO [207/375] 05f9ecce-4852-4f2e-a6c4-7e2ee9f2f426: 31 groups; 0.8 s; peak memory 414 MiB.
2026-09-18T18:54:34Z INFO [208/375] 05fa4c8c-4f10-47dc-af9a-23d96cfa4741: 252 groups; 1.0 s; peak memory 414 MiB.
2026-09-18T18:54:35Z INFO [209/375] 05fb064d-b4b4-426c-bc4f-ec3560c9124a: 207 groups; 1.4 s; peak memory 414 MiB.
2026-09-18T18:54:36Z INFO [210/375] 05fb7d83-a0f8-40ea-8b5c-6a5680aeae21: 22 groups; 0.8 s; peak memory 414 MiB.
2026-09-18T18:54:37Z INFO [211/375] 05fd313e-f053-4289-9493-11d7a7cc6cf5: 16 groups; 0.7 s; peak memory 414 MiB.
2026-09-18T18:54:38Z INFO [212/375] 05fde508-f243-4bdf-ac40-1001129044dc: 30 groups; 0.8 s; peak memory 414 MiB.
2026-09-18T18:54:47Z INFO [213/375] 05fdf2f4-7820-4025-8c0c-93ab90303e0c: 208 groups; 9.4 s; peak memory 414 MiB.
2026-09-18T18:54:49Z INFO [214/375] 06000f7c-33e3-4339-8610-9c6ab261ca3f: 38 groups; 2.1 s; peak memory 414 MiB.
2026-09-18T18:54:50Z INFO [215/375] 06002d0f-dd05-4b29-9b8d-03b65b5e9c31: 35 groups; 1.1 s; peak memory 414 MiB.
2026-09-18T18:54:51Z INFO [216/375] 06004c45-6b03-43af-b6ef-af8314ef56bc: 32 groups; 1.0 s; peak memory 414 MiB.
2026-09-18T18:54:54Z INFO [217/375] 0600a8fe-cabe-4429-81ef-d33aa8707ed1: 50 groups; 2.7 s; peak memory 414 MiB.
2026-09-18T18:54:58Z INFO [218/375] 06013454-b90b-4a71-b185-5ab28afece33: 78 groups; 4.1 s; peak memory 414 MiB.
2026-09-18T18:55:09Z INFO [219/375] 0601a1a2-16b9-413a-a3e0-7f34facf4e12: 27 groups; 11.3 s; peak memory 414 MiB.
2026-09-18T18:55:10Z INFO [220/375] 06023a1d-8594-4f24-be76-8f9157f09159: 22 groups; 1.0 s; peak memory 414 MiB.
2026-09-18T18:55:12Z INFO [221/375] 0603694d-9de8-4248-9c0e-06908a1e3446: 206 groups; 1.7 s; peak memory 414 MiB.
2026-09-18T18:55:13Z INFO [222/375] 0604c650-37ef-46bd-986a-7cf186058d83: 25 groups; 0.9 s; peak memory 414 MiB.
2026-09-18T18:55:14Z INFO [223/375] 0605eeb5-4e07-4ed8-ab36-8eb8f8e999be: 32 groups; 1.1 s; peak memory 414 MiB.
2026-09-18T18:55:16Z INFO [224/375] 06062c46-17fd-4c33-81c0-0ef3a459febe: 341 groups; 1.6 s; peak memory 414 MiB.
2026-09-18T18:55:17Z INFO [225/375] 06064851-8416-4bbc-b65b-a7078508a73e: 25 groups; 0.9 s; peak memory 414 MiB.
2026-09-18T18:55:18Z INFO [226/375] 060658f4-8259-4a11-9956-ec09f4de36e4: 32 groups; 1.1 s; peak memory 414 MiB.
2026-09-18T18:55:18Z INFO [227/375] 0606e019-7e03-4f94-a11a-b15fd320fba6: 16 groups; 0.8 s; peak memory 414 MiB.
2026-09-18T18:55:19Z INFO [228/375] 0606f291-decb-4351-931a-c71a6785d113: 22 groups; 1.0 s; peak memory 414 MiB.
2026-09-18T18:55:20Z INFO [229/375] 060722aa-386f-4db5-9a95-b62e23b5bdf0: 32 groups; 1.2 s; peak memory 414 MiB.
2026-09-18T18:55:22Z INFO [230/375] 0607d26e-2069-46c0-805a-bfa0b71134dc: 33 groups; 1.3 s; peak memory 414 MiB.
2026-09-18T18:55:28Z INFO [231/375] 0607e82d-48d3-4138-b9fc-ac79d8dc5e19: 22 groups; 6.6 s; peak memory 414 MiB.
2026-09-18T18:55:29Z INFO [232/375] 0607f6d7-7fa5-4a78-9f7a-a8b63ef53177: 22 groups; 0.9 s; peak memory 414 MiB.
2026-09-18T18:55:30Z INFO [233/375] 06087bce-7543-4069-875f-5b229e9c343b: 32 groups; 1.0 s; peak memory 414 MiB.
2026-09-18T18:55:31Z INFO [234/375] 0608dfb9-b444-4910-b079-84052f997a93: 24 groups; 0.9 s; peak memory 414 MiB.
2026-09-18T18:55:33Z INFO [235/375] 060948fb-920a-49ac-b017-976e9809c9b9: 43 groups; 1.4 s; peak memory 414 MiB.
2026-09-18T18:55:34Z INFO [236/375] 0609aa9d-a105-4a41-b53f-7433b21ce793: 35 groups; 1.1 s; peak memory 414 MiB.
2026-09-18T18:55:35Z INFO [237/375] 060a053c-822f-4891-ac62-cf01ca51c1c9: 67 groups; 1.2 s; peak memory 414 MiB.
2026-09-18T18:55:42Z INFO [238/375] 060a9924-1bcd-435f-b90d-5c6bef6eb85e: 143 groups; 7.4 s; peak memory 414 MiB.
2026-09-18T18:55:51Z INFO [239/375] 060af9e3-f332-4215-90b5-07cd409db49f: 36 groups; 8.5 s; peak memory 414 MiB.
2026-09-18T18:55:53Z INFO [240/375] 060bd594-f528-4ef3-8a8d-1a18ab32c9a2: 47 groups; 2.2 s; peak memory 414 MiB.
2026-09-18T18:55:56Z INFO [241/375] 060c0c74-e02e-415e-8e8c-95658a13ffe4: 24 groups; 2.8 s; peak memory 414 MiB.
2026-09-18T18:56:06Z INFO [242/375] 060c6f92-060e-43b4-81d9-c38c96080307: 240 groups; 9.8 s; peak memory 414 MiB.
2026-09-18T18:56:15Z INFO [243/375] 060c95b4-d1ee-4edb-b7f2-4a1ace14fb72: 33 groups; 9.6 s; peak memory 414 MiB.
2026-09-18T18:56:16Z INFO [244/375] 060cbde0-0ddb-44d5-9cc5-bcd3ca924b20: 202 groups; 1.1 s; peak memory 414 MiB.
2026-09-18T18:56:17Z INFO [245/375] 060d12b4-1114-458e-a239-f93f8a522caf: 22 groups; 1.0 s; peak memory 414 MiB.
2026-09-18T18:56:19Z INFO [246/375] 060d1f95-54a5-4080-89c1-46126b1b5938: 54 groups; 1.8 s; peak memory 414 MiB.
2026-09-18T18:56:20Z INFO [247/375] 060d3788-9647-4797-8d47-a08a9b6e8f30: 30 groups; 1.0 s; peak memory 414 MiB.
2026-09-18T18:56:21Z INFO [248/375] 060d90d5-a21c-4998-8b33-33ababb81fdc: 17 groups; 0.8 s; peak memory 414 MiB.
2026-09-18T18:56:22Z INFO [249/375] 060d93b3-37db-4eee-b3b3-5b292ed1345d: 29 groups; 1.1 s; peak memory 414 MiB.
2026-09-18T18:56:23Z INFO [250/375] 060e08d4-f986-4e23-a2fd-e1b417a588ef: 43 groups; 1.5 s; peak memory 414 MiB.
2026-09-18T18:56:24Z INFO [250/375] 060e08d4-f986-4e23-a2fd-e1b417a588ef: checkpointed 49776 records.
2026-09-18T18:56:24Z INFO [251/375] 06104797-27b3-4c1e-8dce-37f2005cc888: 20 groups; 0.8 s; peak memory 414 MiB.
2026-09-18T18:56:26Z INFO [252/375] 0610f5a3-1874-4f74-b745-bfa768c6255f: 67 groups; 1.3 s; peak memory 414 MiB.
2026-09-18T18:56:27Z INFO [253/375] 0611fa9b-ed34-4b7f-acce-42cdd509f337: 33 groups; 1.5 s; peak memory 414 MiB.
2026-09-18T18:56:28Z INFO [254/375] 06127b69-cbd9-4e61-bfa8-0d61f16b7612: 25 groups; 1.0 s; peak memory 414 MiB.
2026-09-18T18:56:31Z INFO [255/375] 0612fabe-930b-4fa0-b06c-af59af24ce6a: 336 groups; 2.5 s; peak memory 414 MiB.
2026-09-18T18:56:31Z INFO [256/375] 061415db-a037-42aa-9d50-1c71bae175b5: 22 groups; 0.8 s; peak memory 414 MiB.
2026-09-18T18:56:33Z INFO [257/375] 061519c1-4d0d-482e-a26d-3a1d67b03c1f: 54 groups; 1.5 s; peak memory 414 MiB.
2026-09-18T18:56:38Z INFO [258/375] 0615e5ef-adee-4b40-80fe-6f801849602c: 181 groups; 5.2 s; peak memory 414 MiB.
2026-09-18T18:56:39Z INFO [259/375] 06165cfa-1b29-4ee1-9119-5153a739ff2d: 35 groups; 1.3 s; peak memory 414 MiB.
2026-09-18T18:56:40Z INFO [260/375] 06167989-7983-48d2-b660-eed6ba2a9e69: 16 groups; 0.8 s; peak memory 414 MiB.
2026-09-18T18:56:41Z INFO [261/375] 06179190-98c4-42f8-9447-9a1e6131654a: 32 groups; 1.1 s; peak memory 414 MiB.
2026-09-18T18:56:43Z INFO [262/375] 0618188e-14e0-4469-8b7e-836cc4a19454: 202 groups; 1.4 s; peak memory 414 MiB.
2026-09-18T18:56:44Z INFO [263/375] 061835c6-1806-4dfa-8b04-1209b9673067: 207 groups; 1.6 s; peak memory 414 MiB.
2026-09-18T18:56:45Z INFO [264/375] 0618b93b-7fd7-4afc-9110-a78b36a01131: 25 groups; 1.0 s; peak memory 414 MiB.
2026-09-18T18:56:53Z INFO [265/375] 0618d989-b4cb-48b1-9bd2-2da5b91e19c3: 209 groups; 7.9 s; peak memory 414 MiB.
2026-09-18T18:56:54Z INFO [266/375] 0618f873-3717-4c8c-b0ed-9a512b8c3a11: 22 groups; 0.7 s; peak memory 414 MiB.
2026-09-18T18:56:55Z INFO [267/375] 06197ec9-bb44-4ed9-8ab8-ce3b737c4ff7: 35 groups; 1.1 s; peak memory 414 MiB.
2026-09-18T18:56:56Z INFO [268/375] 061a8145-8925-4f1d-857e-5ebe170d4bd3: 16 groups; 0.6 s; peak memory 414 MiB.
2026-09-18T18:56:57Z INFO [269/375] 061af0c3-ad52-4da6-a500-f81e2952319d: 41 groups; 1.3 s; peak memory 414 MiB.
2026-09-18T18:56:58Z INFO [270/375] 061b0535-71e9-4f31-900e-40c8cae85d16: 200 groups; 1.7 s; peak memory 414 MiB.
2026-09-18T18:57:00Z INFO [271/375] 061b386f-22d4-4f92-9f31-e5e838afa652: 337 groups; 1.4 s; peak memory 414 MiB.
2026-09-18T18:57:00Z INFO [272/375] 061b3eb6-9ee2-4838-afc6-168036e64f69: 16 groups; 0.6 s; peak memory 414 MiB.
2026-09-18T18:57:01Z INFO [273/375] 061b98ee-4721-453e-a6a8-2a9af672f144: 16 groups; 0.6 s; peak memory 414 MiB.
2026-09-18T18:57:02Z INFO [274/375] 061bbe04-d740-4894-83ca-4043ae4c09d3: 35 groups; 1.3 s; peak memory 414 MiB.
2026-09-18T18:57:03Z INFO [275/375] 061bea1d-3a14-4539-85e3-687abc974460: 22 groups; 0.8 s; peak memory 414 MiB.
2026-09-18T18:57:07Z INFO [276/375] 061c10f1-8a97-4bf4-9245-aac3d3bd967f: 132 groups; 4.0 s; peak memory 414 MiB.
2026-09-18T18:57:09Z INFO [277/375] 061c34b5-0547-4201-919c-297c5a87026f: 341 groups; 1.5 s; peak memory 414 MiB.
2026-09-18T19:11:53Z INFO [278/375] 061d20f7-c542-410c-b417-af7f5e173818: 42 groups; 884.4 s; peak memory 1134 MiB.
2026-09-18T19:11:54Z INFO [279/375] 061db240-adca-4ba5-a90a-f1ae5ac07397: 35 groups; 1.3 s; peak memory 1134 MiB.
2026-09-18T19:11:55Z INFO [280/375] 061dc76c-6105-4ff6-803d-71815770e7d1: 22 groups; 0.9 s; peak memory 1134 MiB.
2026-09-18T19:11:56Z INFO [281/375] 061dd4f8-2290-4d2d-a541-2cbacc98acd0: 32 groups; 0.9 s; peak memory 1134 MiB.
2026-09-18T19:11:58Z INFO [282/375] 061e705b-25de-44e9-85c2-2dabf69d9b58: 202 groups; 1.4 s; peak memory 1134 MiB.
2026-09-18T19:11:59Z INFO [283/375] 061edea9-7ab2-41d4-b8db-340904e1f96a: 194 groups; 1.9 s; peak memory 1134 MiB.
2026-09-18T19:12:01Z INFO [284/375] 061ef96c-fb22-4520-a3f1-cc5bd29bd4df: 31 groups; 1.5 s; peak memory 1134 MiB.
2026-09-18T19:12:02Z INFO [285/375] 061fbd89-8d96-47e9-997b-784fe94dc938: 35 groups; 1.2 s; peak memory 1134 MiB.
2026-09-18T19:12:03Z INFO [286/375] 061ff426-931e-47ab-8df3-7972e0a928d1: 35 groups; 1.1 s; peak memory 1134 MiB.
2026-09-18T19:12:04Z INFO [287/375] 06204752-aa72-4473-8216-0fc469392cd7: 32 groups; 0.9 s; peak memory 1134 MiB.
2026-09-18T19:12:05Z INFO [288/375] 0621049b-6244-47b5-a775-90c537c5ea17: 26 groups; 0.6 s; peak memory 1134 MiB.
2026-09-18T19:12:06Z INFO [289/375] 0621aba8-5151-4a6f-af47-60ee6db0cae5: 22 groups; 0.9 s; peak memory 1134 MiB.
2026-09-18T19:12:07Z INFO [290/375] 0622341e-8be1-455c-9a8e-a2c7e3dc4b1b: 341 groups; 1.8 s; peak memory 1134 MiB.
2026-09-18T19:12:12Z INFO [291/375] 0622b75a-099c-444a-8d00-991b2595c468: 67 groups; 4.6 s; peak memory 1134 MiB.
2026-09-18T19:12:17Z INFO [292/375] 0622fa24-92f8-4db1-af6e-e708ad667d46: 73 groups; 5.0 s; peak memory 1134 MiB.
2026-09-18T19:12:25Z INFO [293/375] 06243f9f-4c6f-4f3c-b9be-bb8310168042: 176 groups; 7.9 s; peak memory 1134 MiB.
2026-09-18T19:12:26Z INFO [294/375] 0624bbc1-b9be-4f19-bd72-217a0cd0059f: 22 groups; 0.8 s; peak memory 1134 MiB.
2026-09-18T19:12:27Z INFO [295/375] 0625454b-3c71-4c12-80d5-364cc5662786: 35 groups; 1.1 s; peak memory 1134 MiB.
2026-09-18T19:12:28Z INFO [296/375] 06255cc8-583e-4b9c-ab49-2f99c67f85b6: 22 groups; 0.9 s; peak memory 1134 MiB.
2026-09-18T19:12:29Z INFO [297/375] 06256cdc-1dfc-4e28-97c4-762a10292a0a: 22 groups; 0.9 s; peak memory 1134 MiB.
2026-09-18T19:12:30Z INFO [298/375] 0625ee95-6044-4b3e-8732-e8d0e10cff24: 17 groups; 1.6 s; peak memory 1134 MiB.
2026-09-18T19:12:35Z INFO [299/375] 06274a58-4672-4fd7-a657-5de59871f729: 44 groups; 4.3 s; peak memory 1134 MiB.
2026-09-18T19:12:36Z INFO [300/375] 06275527-a527-49e3-a056-751d0651ff62: 33 groups; 1.0 s; peak memory 1134 MiB.
2026-09-18T19:12:36Z INFO [300/375] 06275527-a527-49e3-a056-751d0651ff62: checkpointed 49826 records.
2026-09-18T19:12:36Z INFO [301/375] 06279f06-3ffa-453b-83bf-0ec54af6bbce: 22 groups; 0.8 s; peak memory 1134 MiB.
2026-09-18T19:12:38Z INFO [302/375] 06280f2a-32ee-4375-95a2-b9802dc7c8a4: 48 groups; 1.8 s; peak memory 1134 MiB.
2026-09-18T19:12:39Z INFO [303/375] 06281662-2661-459e-99cc-c95a363aa43d: 195 groups; 1.1 s; peak memory 1134 MiB.
2026-09-18T19:12:40Z INFO [304/375] 06288bf7-8da2-4207-99a3-a22f04bec5fb: 27 groups; 0.6 s; peak memory 1134 MiB.
2026-09-18T19:12:41Z INFO [305/375] 0628f45e-a166-420a-83d7-05a08960fbf6: 32 groups; 0.9 s; peak memory 1134 MiB.
2026-09-18T19:12:42Z INFO [306/375] 06292771-63f6-4f40-b178-f34ac24b656b: 31 groups; 0.6 s; peak memory 1134 MiB.
2026-09-18T19:12:43Z INFO [307/375] 06296593-16c1-4f3a-8bef-712065d235ab: 252 groups; 1.0 s; peak memory 1134 MiB.
2026-09-18T19:12:44Z INFO [308/375] 06297fda-fad5-407d-8ff6-279b2300a4a6: 25 groups; 0.9 s; peak memory 1134 MiB.
2026-09-18T19:12:44Z INFO [309/375] 06298e72-8d52-48eb-87dc-defde3ebdd3f: 32 groups; 0.9 s; peak memory 1134 MiB.
2026-09-18T19:12:56Z INFO [310/375] 062b119c-f494-4efa-97b1-8461a0e1d5fd: 335 groups; 12.0 s; peak memory 1134 MiB.
2026-09-18T19:12:57Z INFO [311/375] 062b47a6-42ef-4588-bd13-37ddeac9c761: 22 groups; 0.9 s; peak memory 1134 MiB.
2026-09-18T19:12:58Z INFO [312/375] 062b6d52-a344-491e-87f7-f013e2458f98: 16 groups; 0.6 s; peak memory 1134 MiB.
2026-09-18T19:12:59Z INFO [313/375] 062bee73-a15b-4e4b-83c7-9989c91de070: 32 groups; 1.2 s; peak memory 1134 MiB.
2026-09-18T19:13:00Z INFO [314/375] 062ce444-4791-47d1-8d9c-8d6eb52df596: 22 groups; 0.9 s; peak memory 1134 MiB.
2026-09-18T19:13:01Z INFO [315/375] 062d3b4a-4952-46a0-a895-f853dd3674d8: 22 groups; 0.9 s; peak memory 1134 MiB.
2026-09-18T19:13:02Z INFO [316/375] 062d860e-5f83-4524-9a2b-63a1b9f77290: 16 groups; 0.6 s; peak memory 1134 MiB.
2026-09-18T19:13:03Z INFO [317/375] 062d8774-c470-46c3-a0cb-472cf1f6211a: 43 groups; 1.4 s; peak memory 1134 MiB.
2026-09-18T19:13:06Z INFO [318/375] 062e37b3-c1ea-4369-92a8-3305988befaf: 65 groups; 3.0 s; peak memory 1134 MiB.
2026-09-18T19:13:07Z INFO [319/375] 062f0519-96fe-4124-b590-fd18d34c28fa: 35 groups; 1.2 s; peak memory 1134 MiB.
2026-09-18T19:13:08Z INFO [320/375] 062f71af-977a-4570-aadf-0d53c7fcaf34: 201 groups; 1.2 s; peak memory 1134 MiB.
2026-09-18T19:13:09Z INFO [321/375] 0630e495-2357-4782-ace1-0413c4179f74: 32 groups; 0.9 s; peak memory 1134 MiB.
2026-09-18T19:13:10Z INFO [322/375] 06315c81-1db7-4a5e-a867-725faef7b3e1: 35 groups; 0.8 s; peak memory 1134 MiB.
2026-09-18T19:13:11Z INFO [323/375] 0631c5ab-cfb0-446a-a8d6-015217a58bdf: 32 groups; 0.9 s; peak memory 1134 MiB.
2026-09-18T19:13:12Z INFO [324/375] 063234d5-8191-4727-9b6f-320bdbae42fb: 22 groups; 0.8 s; peak memory 1134 MiB.
2026-09-18T19:13:13Z INFO [325/375] 0633997c-909e-4a6f-8fe2-43742d96d394: 48 groups; 1.6 s; peak memory 1134 MiB.
2026-09-18T19:13:22Z INFO [326/375] 06342620-0d87-4635-8e61-bf806bfbf1ae: 350 groups; 8.4 s; peak memory 1134 MiB.
2026-09-18T19:13:24Z INFO [327/375] 06357054-2c64-4fdf-81de-d511f5ee1124: 30 groups; 1.9 s; peak memory 1134 MiB.
2026-09-18T19:13:29Z INFO [328/375] 0635ad8c-2bcf-4dad-a782-84297ee261bd: 167 groups; 4.9 s; peak memory 1134 MiB.
2026-09-18T19:13:30Z INFO [329/375] 063665e4-5815-4e56-b2a7-adf95aef4402: 32 groups; 0.9 s; peak memory 1134 MiB.
2026-09-18T19:13:30Z INFO [330/375] 06374223-a883-4cbe-a595-1d39d063a18a: 258 groups; 0.9 s; peak memory 1134 MiB.
2026-09-18T19:15:04Z INFO [331/375] 0637499a-79bb-43aa-9166-c508ccded85d: 60 groups; 93.9 s; peak memory 1134 MiB.
2026-09-18T19:15:05Z INFO [332/375] 06384e41-2d4f-49be-9b00-bbaddee03d50: 25 groups; 0.6 s; peak memory 1134 MiB.
2026-09-18T19:15:06Z INFO [333/375] 06384e4a-2157-454c-b00d-2678b11a3fb9: 32 groups; 1.0 s; peak memory 1134 MiB.
2026-09-18T19:15:07Z INFO [334/375] 06387e57-5933-47c7-8769-d5859e4de41d: 33 groups; 0.9 s; peak memory 1134 MiB.
2026-09-18T19:15:08Z INFO [335/375] 06392758-6031-43d5-a391-85e44c48d724: 29 groups; 1.1 s; peak memory 1134 MiB.
2026-09-18T19:15:09Z INFO [336/375] 06397cef-43c7-453c-a09a-8abffcc45bdf: 22 groups; 0.9 s; peak memory 1134 MiB.
2026-09-18T19:15:11Z INFO [337/375] 0639875c-f3cd-4a0d-b430-8456112044e0: 48 groups; 2.1 s; peak memory 1134 MiB.
2026-09-18T19:15:13Z INFO [338/375] 0639c4c1-b239-4abf-ba72-67897b411478: 17 groups; 1.9 s; peak memory 1134 MiB.
2026-09-18T19:15:14Z INFO [339/375] 063a8c80-e733-4305-9c05-db0467ffcc99: 32 groups; 1.0 s; peak memory 1134 MiB.
2026-09-18T19:15:15Z INFO [340/375] 063ba6dd-fe93-4b62-8e78-c36caa3f218b: 48 groups; 1.5 s; peak memory 1134 MiB.
2026-09-18T19:15:18Z INFO [341/375] 063c4615-8a8d-4fc8-a63e-240e2783e295: 17 groups; 2.2 s; peak memory 1134 MiB.
2026-09-18T19:15:18Z INFO [342/375] 063c539f-e7ac-4a23-8509-831139a2e7aa: 16 groups; 0.7 s; peak memory 1134 MiB.
2026-09-18T19:15:19Z INFO [343/375] 063cc827-28ea-4b8f-b60a-0925d7a3c9c0: 32 groups; 1.1 s; peak memory 1134 MiB.
2026-09-18T19:15:20Z INFO [344/375] 063cf5f9-3060-4f93-956a-3758b97797f7: 22 groups; 0.9 s; peak memory 1134 MiB.
2026-09-18T19:15:21Z INFO [345/375] 063daf21-7649-4d6f-b61c-d421bbce6b90: 22 groups; 1.0 s; peak memory 1134 MiB.
2026-09-18T19:15:22Z INFO [346/375] 063ddba6-d815-4ebf-a07a-c334e322c0df: 22 groups; 0.9 s; peak memory 1134 MiB.
2026-09-18T19:15:23Z INFO [347/375] 063e1010-251a-476e-a3b9-b14dcb4ccd92: 32 groups; 0.9 s; peak memory 1134 MiB.
2026-09-18T19:15:24Z INFO [348/375] 063e7b14-8011-4c1a-bdbe-163e714b6c78: 22 groups; 0.9 s; peak memory 1134 MiB.
2026-09-18T19:15:25Z INFO [349/375] 063e8b6d-9ed4-47c3-94fe-7ef7fcf89f94: 206 groups; 1.4 s; peak memory 1134 MiB.
2026-09-18T19:15:26Z INFO [350/375] 063eafa6-d6e0-4a75-b654-2ef6924c4ab2: 22 groups; 1.0 s; peak memory 1134 MiB.
2026-09-18T19:15:26Z INFO [350/375] 063eafa6-d6e0-4a75-b654-2ef6924c4ab2: checkpointed 49876 records.
2026-09-18T19:15:29Z INFO [351/375] 063ef5b0-df31-494a-88d2-e4665f208cd2: 61 groups; 2.4 s; peak memory 1134 MiB.
2026-09-18T19:15:30Z INFO [352/375] 063f3c9e-b441-4710-abb7-4f78f160720a: 20 groups; 0.8 s; peak memory 1134 MiB.
2026-09-18T19:15:31Z INFO [353/375] 063fac7e-cfb6-43de-9a93-477f040a81f0: 26 groups; 1.0 s; peak memory 1134 MiB.
2026-09-18T19:15:32Z INFO [354/375] 06411428-d49b-494e-a33f-5b8ead0f02da: 32 groups; 1.1 s; peak memory 1134 MiB.
2026-09-18T19:15:33Z INFO [355/375] 06413f8e-7534-471c-9008-054680bd8a03: 256 groups; 1.1 s; peak memory 1134 MiB.
2026-09-18T19:15:34Z INFO [356/375] 0642dc4e-05bf-4e95-b6ca-010a00c50995: 32 groups; 1.0 s; peak memory 1134 MiB.
2026-09-18T19:15:35Z INFO [357/375] 0642eb8f-e6c5-4939-8627-7c1084227514: 22 groups; 0.9 s; peak memory 1134 MiB.
2026-09-18T19:15:42Z INFO [358/375] 0642f605-fec4-4c29-affe-a5f1f451b213: 219 groups; 6.9 s; peak memory 1134 MiB.
2026-09-18T19:15:42Z INFO [359/375] 06430d9f-df19-4688-8739-081a2acd8a9a: 22 groups; 0.8 s; peak memory 1134 MiB.
2026-09-18T19:15:44Z INFO [360/375] 064321e5-c412-4725-9e4e-713c4d5b1acd: 200 groups; 1.5 s; peak memory 1134 MiB.
2026-09-18T19:15:45Z INFO [361/375] 0643c4de-a3fd-469a-ae47-1d2d9cd4edef: 32 groups; 1.1 s; peak memory 1134 MiB.
2026-09-18T19:15:46Z INFO [362/375] 0645ce8b-6b59-469a-82d4-d69346661ccf: 32 groups; 1.1 s; peak memory 1134 MiB.
2026-09-18T19:15:48Z INFO [363/375] 06465edb-98c8-4045-9ec1-def68b90023e: 48 groups; 1.8 s; peak memory 1134 MiB.
2026-09-18T19:15:50Z INFO [364/375] 064860df-570c-4227-9b54-f865d0c5a4b0: 199 groups; 1.7 s; peak memory 1134 MiB.
2026-09-18T19:15:55Z INFO [365/375] 06492739-d971-48d7-a928-bb514297b654: 468 groups; 5.2 s; peak memory 1134 MiB.
2026-09-18T19:15:57Z INFO [366/375] 064958e4-3118-40fe-b883-4687b2025dbc: 200 groups; 1.8 s; peak memory 1134 MiB.
2026-09-18T19:15:58Z INFO [367/375] 06499c2f-bc79-4aff-b925-d4161f90e396: 43 groups; 1.3 s; peak memory 1134 MiB.
2026-09-18T19:16:02Z INFO [368/375] 064b68fd-4161-4a1e-9b43-6623b3ed1fe7: 138 groups; 3.7 s; peak memory 1134 MiB.
2026-09-18T19:16:14Z INFO [369/375] 064b93f8-7f9c-45e1-a314-636d43448b09: 238 groups; 11.9 s; peak memory 1134 MiB.
2026-09-18T19:16:14Z INFO [370/375] 064bcd8d-ba08-4136-86c8-e3d2e489bb62: 22 groups; 0.8 s; peak memory 1134 MiB.
2026-09-18T19:16:15Z INFO [371/375] 064d012c-d950-478e-8f6f-95f65fe09ded: 31 groups; 0.7 s; peak memory 1134 MiB.
2026-09-18T19:16:19Z INFO [372/375] 064d5a9f-3b6b-4f84-8736-c99b7e9e32bb: 74 groups; 3.8 s; peak memory 1134 MiB.
2026-09-18T19:16:20Z INFO [373/375] 064d871c-e5ba-415b-b0e6-2fccd4f32196: 32 groups; 0.9 s; peak memory 1134 MiB.
2026-09-18T19:16:36Z INFO [374/375] 064d8e0b-280e-49b2-bfc9-ab14e6d837c4: 196 groups; 16.2 s; peak memory 1134 MiB.
2026-09-18T19:16:42Z INFO [375/375] 51ba1795-69cf-43af-b6fe-e443659e526f: 29 groups; 6.2 s; peak memory 1134 MiB.
2026-09-18T19:16:42Z INFO Wrote 49901 records to /tmp/derivatives/valid_nwb_file_to_number_of_groups.jsonl (375 new, 0 failed) in 35.9 min (peak memory 1134 MiB).
