2026-09-25T16:00:03Z INFO Logging to /tmp/logs/update_2026-09-25T16-00-03Z.log.
2026-09-25T16:00:03Z INFO Update valid-nwb-file-to-number-of-groups (base directory /tmp).
2026-09-25T16:00:03Z INFO Processing 381 items (56910 already recorded).
2026-09-25T16:00:15Z INFO [1/381] 0067cb5b-7fee-42a2-b9ef-088496361431: 38 groups; 12.2 s; peak memory 111 MiB.
2026-09-25T16:00:29Z INFO [2/381] 0a070021-3e71-4aed-857d-f083620feb92: 43 groups; 13.3 s; peak memory 115 MiB.
2026-09-25T16:00:30Z INFO [3/381] 14cf7874-3ff7-484b-bab4-88f6b5cec289: 18 groups; 1.2 s; peak memory 115 MiB.
2026-09-25T16:00:31Z INFO [4/381] 14cfc249-c943-4417-a279-98bbfb6d9a19: 254 groups; 1.4 s; peak memory 116 MiB.
2026-09-25T16:00:51Z INFO [5/381] 14d09d83-d61b-4389-911a-c760259cc4e5: 227 groups; 19.5 s; peak memory 149 MiB.
2026-09-25T16:00:52Z INFO [6/381] 14d1bd68-717d-490b-8019-6a8b420998fa: 18 groups; 1.1 s; peak memory 149 MiB.
2026-09-25T16:00:54Z INFO [7/381] 14d252fd-cfd6-4733-b915-f494cc19fc53: 42 groups; 1.9 s; peak memory 149 MiB.
2026-09-25T16:00:56Z INFO [8/381] 14d277f2-29ac-4344-b788-6dc9aab1e7a7: 29 groups; 2.2 s; peak memory 150 MiB.
2026-09-25T16:00:57Z INFO [9/381] 14d29f34-507b-41b7-af35-1221ff412229: 24 groups; 1.2 s; peak memory 150 MiB.
2026-09-25T16:00:59Z INFO [10/381] 14d40b73-fa98-4c11-b22c-26e74460757b: 59 groups; 1.9 s; peak memory 150 MiB.
2026-09-25T16:01:01Z INFO [11/381] 14d4965b-40e4-436f-adfd-94000360559b: 35 groups; 1.9 s; peak memory 150 MiB.
2026-09-25T16:01:02Z INFO [12/381] 14d5961f-31b8-4921-b814-911f04fcd925: 22 groups; 1.3 s; peak memory 150 MiB.
2026-09-25T16:01:11Z INFO [13/381] 14d5b597-16b0-483e-a323-cf22eeca56d6: 48 groups; 8.8 s; peak memory 263 MiB.
2026-09-25T16:01:12Z INFO [14/381] 14d6015d-602a-4a2f-b54c-30dcc74c3d8d: 17 groups; 1.1 s; peak memory 263 MiB.
2026-09-25T16:01:13Z INFO [15/381] 14d6527b-ac61-4686-9209-00e6d4dd182a: 28 groups; 1.3 s; peak memory 263 MiB.
2026-09-25T16:03:24Z INFO [16/381] 14d68588-2dc4-4d0f-a1b8-ec655e95b932: 60 groups; 130.4 s; peak memory 399 MiB.
2026-09-25T16:03:45Z INFO [17/381] 14d7ca55-ab1f-4ee7-90e5-b286178573b4: 23 groups; 21.3 s; peak memory 399 MiB.
2026-09-25T16:03:53Z INFO [18/381] 14d8aa96-00d5-4267-9548-6bbfed1bc410: 151 groups; 7.9 s; peak memory 399 MiB.
2026-09-25T16:03:54Z INFO [19/381] 14d8af72-f0b0-4e9d-a860-95d774a9903c: 22 groups; 1.4 s; peak memory 399 MiB.
2026-09-25T16:03:56Z INFO [20/381] 14d8e5a0-a11d-4b4f-bf99-7f9c6dc48c61: 22 groups; 1.2 s; peak memory 399 MiB.
2026-09-25T16:03:58Z INFO [21/381] 14d8efbf-891b-4a33-985d-ecca8f13834a: 35 groups; 2.0 s; peak memory 399 MiB.
2026-09-25T16:04:00Z INFO [22/381] 14d97e46-c288-4005-a001-c87d261659f0: 33 groups; 2.2 s; peak memory 399 MiB.
2026-09-25T16:04:01Z INFO [23/381] 14d9a0cf-b578-482b-a13f-35d2a3866f96: 24 groups; 1.1 s; peak memory 399 MiB.
2026-09-25T16:04:22Z INFO [24/381] 14da00c8-b5d9-441b-ab33-df3b6975ff68: 157 groups; 21.2 s; peak memory 399 MiB.
2026-09-25T16:04:29Z INFO [25/381] 14da47e8-72cf-4b8a-865c-4083f95696a7: 181 groups; 6.5 s; peak memory 399 MiB.
2026-09-25T16:04:37Z INFO [26/381] 14da7540-cf62-4bb9-84e8-43c17c0108a6: 100 groups; 8.2 s; peak memory 399 MiB.
2026-09-25T16:04:40Z INFO [27/381] 14dab921-8819-45da-889e-0194c5c551f3: 37 groups; 2.7 s; peak memory 399 MiB.
2026-09-25T16:04:42Z INFO [28/381] 14db26d2-851c-420a-9c05-a1db5cb8447a: 35 groups; 2.0 s; peak memory 399 MiB.
2026-09-25T16:04:43Z INFO [29/381] 14db5778-dc6c-44ce-a106-289f9b8690db: 33 groups; 1.7 s; peak memory 399 MiB.
2026-09-25T16:04:45Z INFO [30/381] 14dc1bae-00ae-4187-b96b-b78b8142a824: 201 groups; 2.0 s; peak memory 399 MiB.
2026-09-25T16:04:46Z INFO [31/381] 14dca8ee-4694-4b7f-a739-28005b715a48: 27 groups; 1.1 s; peak memory 399 MiB.
2026-09-25T16:04:48Z INFO [32/381] 14dd3038-1c82-4118-b084-256a32dad4be: 32 groups; 1.5 s; peak memory 399 MiB.
2026-09-25T16:04:51Z INFO [33/381] 14dddc3e-8170-4ed3-bbfb-6cb05beff61f: 48 groups; 2.9 s; peak memory 399 MiB.
2026-09-25T16:04:53Z INFO [34/381] 14de440d-3ea7-4646-8444-6dd17b12cd72: 37 groups; 2.4 s; peak memory 399 MiB.
2026-09-25T16:04:56Z INFO [35/381] 14deacdc-b2ff-4a9a-bb3e-9eaf82df0587: 207 groups; 2.5 s; peak memory 399 MiB.
2026-09-25T16:05:09Z INFO [36/381] 14deb0c3-1c0b-4808-b10c-c35d27e27915: 303 groups; 13.2 s; peak memory 399 MiB.
2026-09-25T16:05:10Z INFO [37/381] 14df2362-3b63-4552-ae3d-06d6dfc412c7: 20 groups; 1.2 s; peak memory 399 MiB.
2026-09-25T16:05:12Z INFO [38/381] 14dfac5c-ae92-40ab-b4b3-cc72c4a1d3db: 202 groups; 1.9 s; peak memory 399 MiB.
2026-09-25T16:05:14Z INFO [39/381] 14dfe41a-83c9-4691-857b-972ffd23aebb: 25 groups; 1.6 s; peak memory 399 MiB.
2026-09-25T16:05:16Z INFO [40/381] 14e02bdf-f844-45ba-8dbb-a71e703de9d6: 37 groups; 2.7 s; peak memory 399 MiB.
2026-09-25T16:07:10Z INFO [41/381] 14e0a246-430a-418b-a52a-463cd26631d9: 2028 groups; 113.5 s; peak memory 401 MiB.
2026-09-25T16:07:11Z INFO [42/381] 14e1824d-ffa8-4686-8aac-7a8a411efd44: 32 groups; 1.7 s; peak memory 401 MiB.
2026-09-25T16:07:13Z INFO [43/381] 14e19032-8955-4981-a154-a013e60d7770: 22 groups; 1.4 s; peak memory 401 MiB.
2026-09-25T16:07:23Z INFO [44/381] 14e1f074-a780-499c-9f1a-33223c093499: 49 groups; 10.2 s; peak memory 401 MiB.
2026-09-25T16:07:39Z INFO [45/381] 14e36315-9532-49bf-8949-56a9f89f9aeb: 2139 groups; 16.3 s; peak memory 401 MiB.
2026-09-25T16:07:54Z INFO [46/381] 14e3ba7b-369c-4f98-b35b-5e10bbf23f21: 263 groups; 15.1 s; peak memory 401 MiB.
2026-09-25T16:07:56Z INFO [47/381] 14e3d007-dcc8-4bb2-b6b3-e7c70df77bfb: 22 groups; 1.4 s; peak memory 401 MiB.
2026-09-25T16:07:58Z INFO [48/381] 14e45160-0cd6-49eb-9f08-d8e187b271d7: 32 groups; 1.9 s; peak memory 401 MiB.
2026-09-25T16:07:59Z INFO [49/381] 14e4d6e0-4b8c-4fdc-8a2c-b7b25108a4f5: 32 groups; 1.6 s; peak memory 401 MiB.
2026-09-25T16:08:01Z INFO [50/381] 14e51520-a3d3-40e0-b048-65015ba6f282: 22 groups; 1.4 s; peak memory 401 MiB.
2026-09-25T16:08:01Z INFO [50/381] 14e51520-a3d3-40e0-b048-65015ba6f282: checkpointed 56960 records.
2026-09-25T16:10:24Z INFO [51/381] 14e580c3-c6c3-418b-b308-951e30ee48ff: 71 groups; 143.3 s; peak memory 416 MiB.
2026-09-25T16:10:25Z INFO [52/381] 14e6128b-ab28-4045-9531-bdba21892399: 22 groups; 1.2 s; peak memory 416 MiB.
2026-09-25T16:10:27Z INFO [53/381] 14e648bc-2aaf-4845-a4fd-3340f2e2a8c2: 22 groups; 1.3 s; peak memory 416 MiB.
2026-09-25T16:10:28Z INFO [54/381] 14e8af25-b5d4-4084-9754-29a1ed21dfbc: 22 groups; 1.3 s; peak memory 416 MiB.
2026-09-25T16:10:30Z INFO [55/381] 14e907c2-cee7-45fa-a999-06ca7006f311: 195 groups; 1.8 s; peak memory 416 MiB.
2026-09-25T16:12:30Z INFO [56/381] 14e9c297-0241-4f29-afc3-2c29c401c204: 27 groups; 120.1 s; peak memory 416 MiB.
2026-09-25T16:12:31Z INFO [57/381] 14ea233b-b38c-4653-be79-9db51c198b53: 17 groups; 1.1 s; peak memory 416 MiB.
2026-09-25T16:12:34Z INFO [58/381] 14ea847c-cc68-44ef-a367-2bfd5a715f60: 91 groups; 3.6 s; peak memory 416 MiB.
2026-09-25T16:12:37Z INFO [59/381] 14eb4a72-2d9b-4bfc-8b3b-9618d1f5a4c0: 336 groups; 2.2 s; peak memory 416 MiB.
2026-09-25T16:12:38Z INFO [60/381] 14eb5f99-a7f6-4560-8a39-10f5ee287f90: 22 groups; 1.2 s; peak memory 416 MiB.
2026-09-25T16:12:46Z INFO [61/381] 14eb7683-e269-492f-ad35-0c093612424b: 34 groups; 8.4 s; peak memory 416 MiB.
2026-09-25T16:12:48Z INFO [62/381] 14ee09a8-c29e-4b5d-9f6f-cd835e70066a: 35 groups; 1.8 s; peak memory 416 MiB.
2026-09-25T16:12:49Z INFO [63/381] 14ee6a4d-d7b8-4e46-b9f7-b76d926474a7: 32 groups; 1.5 s; peak memory 416 MiB.
2026-09-25T16:12:51Z INFO [64/381] 14ef610d-06cc-4a6c-87ed-6dadc37492ab: 22 groups; 1.2 s; peak memory 416 MiB.
2026-09-25T16:12:52Z INFO [65/381] 14f05a66-5c34-40fa-a9da-4b1b76099134: 22 groups; 1.3 s; peak memory 416 MiB.
2026-09-25T16:12:55Z INFO [66/381] 14f078dd-5b0b-4a77-bdbc-11d44e3cad4a: 48 groups; 3.0 s; peak memory 416 MiB.
2026-09-25T16:12:56Z INFO [67/381] 14f1af01-bf18-4904-a605-d8f1ce81dbe5: 16 groups; 1.2 s; peak memory 416 MiB.
2026-09-25T16:12:58Z INFO [68/381] 14f21e19-c31a-4a82-a9f5-d2a74e15aef9: 253 groups; 1.4 s; peak memory 416 MiB.
2026-09-25T16:12:59Z INFO [69/381] 14f3304f-48cd-495d-8986-58e6953e0631: 194 groups; 1.8 s; peak memory 416 MiB.
2026-09-25T16:13:01Z INFO [70/381] 14f349e0-6c34-498d-a7d9-06e96a1a0a5d: 22 groups; 1.3 s; peak memory 416 MiB.
2026-09-25T16:15:05Z INFO [71/381] 14f3507c-63c5-4e72-bca3-b004877c89bc: 102 groups; 124.1 s; peak memory 486 MiB.
2026-09-25T16:15:07Z INFO [72/381] 14f37951-de91-42e5-b55d-a33f91fa8d6f: 206 groups; 1.8 s; peak memory 486 MiB.
2026-09-25T16:15:08Z INFO [73/381] 14f43350-639c-4508-8ef7-c3cd74357401: 22 groups; 1.0 s; peak memory 486 MiB.
2026-09-25T16:15:09Z INFO [74/381] 14f4b69a-7f98-4a54-b98b-920382313995: 30 groups; 1.1 s; peak memory 486 MiB.
2026-09-25T16:15:10Z INFO [75/381] 14f4e496-20d3-447d-b9cf-5e5603293175: 33 groups; 1.7 s; peak memory 486 MiB.
2026-09-25T16:15:14Z INFO [76/381] 14f5103f-d016-44eb-8277-d42f91b3199f: 50 groups; 3.4 s; peak memory 486 MiB.
2026-09-25T16:15:16Z INFO [77/381] 14f5195d-8f41-4da7-bcc3-f65d172e8972: 35 groups; 2.1 s; peak memory 486 MiB.
2026-09-25T16:15:17Z INFO [78/381] 14f53915-0607-45d1-a392-7cbd03d9f7aa: 22 groups; 1.3 s; peak memory 486 MiB.
2026-09-25T16:15:20Z INFO [79/381] 14f58237-2fa1-4ba3-ac4f-61d58e916505: 47 groups; 2.8 s; peak memory 486 MiB.
2026-09-25T16:15:36Z INFO [80/381] 14f59e65-e355-4642-bb4e-43fde46814ee: 311 groups; 15.7 s; peak memory 486 MiB.
2026-09-25T16:15:37Z INFO [81/381] 14f606b5-5332-4dca-b33e-23214a232dfb: 22 groups; 1.2 s; peak memory 486 MiB.
2026-09-25T16:15:51Z INFO [82/381] 14f617d9-c65b-4dea-b988-cd0979f9ea80: 466 groups; 14.1 s; peak memory 486 MiB.
2026-09-25T16:15:53Z INFO [83/381] 14f6e60f-79c4-48ff-9da2-2546b5eceaf5: 32 groups; 1.6 s; peak memory 486 MiB.
2026-09-25T16:15:55Z INFO [84/381] 14f6e7ac-4eed-4e05-b74d-216ab7aad44d: 32 groups; 1.8 s; peak memory 486 MiB.
2026-09-25T16:15:57Z INFO [85/381] 14f70b9b-0c0a-4a1b-95ab-09061a054074: 49 groups; 2.1 s; peak memory 486 MiB.
2026-09-25T16:16:07Z INFO [86/381] 14f8374d-8842-406f-9fb6-7afeaa999c82: 68 groups; 9.9 s; peak memory 486 MiB.
2026-09-25T16:16:10Z INFO [87/381] 14f956e3-fbf5-45b9-afbf-1b4e2c8ae02b: 40 groups; 3.1 s; peak memory 486 MiB.
2026-09-25T16:18:18Z INFO [88/381] 14f969ce-d04d-4a08-a5cd-f6aa5fbd2f8f: 102 groups; 128.0 s; peak memory 486 MiB.
2026-09-25T16:18:19Z INFO [89/381] 14f96f73-1b44-4b37-b846-7c4b811d70c3: 22 groups; 1.2 s; peak memory 486 MiB.
2026-09-25T16:18:20Z INFO [90/381] 14f998fa-20d0-44c7-b7c7-c232fdbf55d8: 32 groups; 1.5 s; peak memory 486 MiB.
2026-09-25T16:18:22Z INFO [91/381] 14fa0273-1afd-42fc-a64c-421b13e97179: 22 groups; 1.2 s; peak memory 486 MiB.
2026-09-25T16:18:27Z INFO [92/381] 14fa3638-809d-4ffa-b307-3a1d734d51bc: 78 groups; 5.8 s; peak memory 486 MiB.
2026-09-25T16:18:29Z INFO [93/381] 14fa5cee-0894-4100-a907-dd87053b6c2f: 32 groups; 1.5 s; peak memory 486 MiB.
2026-09-25T16:18:38Z INFO [94/381] 14fa6ab7-61de-47cd-9723-b97ba753ee08: 165 groups; 8.8 s; peak memory 486 MiB.
2026-09-25T16:18:40Z INFO [95/381] 14fb16d5-533f-4e85-a8f7-02139eee440c: 199 groups; 2.3 s; peak memory 486 MiB.
2026-09-25T16:18:54Z INFO [96/381] 14fb2415-c1c3-4fcd-b34f-5c9979075ca6: 193 groups; 13.6 s; peak memory 486 MiB.
2026-09-25T16:19:00Z INFO [97/381] 14fbc745-1545-4011-8eee-84f91e5c8108: 78 groups; 5.9 s; peak memory 486 MiB.
2026-09-25T16:19:01Z INFO [98/381] 14fc3306-e14e-4d88-a12c-5bb3093c6239: 35 groups; 1.6 s; peak memory 486 MiB.
2026-09-25T16:19:03Z INFO [99/381] 14fc6a8f-9cd4-4160-9e67-d4020cff007e: 35 groups; 1.7 s; peak memory 486 MiB.
2026-09-25T16:19:06Z INFO [100/381] 14fcae08-527f-46e8-b2f6-f388deb1a2a8: 17 groups; 2.8 s; peak memory 486 MiB.
2026-09-25T16:19:06Z INFO [100/381] 14fcae08-527f-46e8-b2f6-f388deb1a2a8: checkpointed 57010 records.
2026-09-25T16:19:28Z INFO [101/381] 14fd99b4-801e-422f-a6b1-fc95057c80c4: 200 groups; 21.7 s; peak memory 486 MiB.
2026-09-25T16:19:30Z INFO [102/381] 14fdcfde-a955-480c-b977-feb2e7b3c03a: 17 groups; 2.7 s; peak memory 486 MiB.
2026-09-25T16:19:32Z INFO [103/381] 14fe20a2-98d7-49dd-8d20-17b807c0f2f7: 35 groups; 1.6 s; peak memory 486 MiB.
2026-09-25T16:19:51Z INFO [104/381] 14fe53fc-a58b-4ab0-96d9-2634591d1b36: 2147 groups; 19.4 s; peak memory 486 MiB.
2026-09-25T16:19:52Z INFO [105/381] 14ff362b-ff40-4c21-990c-39a65595f760: 22 groups; 1.3 s; peak memory 486 MiB.
2026-09-25T16:20:05Z INFO [106/381] 1500e74d-24d3-4fec-9b00-b5785db97cef: 22 groups; 12.2 s; peak memory 486 MiB.
2026-09-25T16:20:07Z INFO [107/381] 15011706-e6e5-4328-a81a-cb5b7a7f9ccb: 202 groups; 2.2 s; peak memory 486 MiB.
2026-09-25T16:20:08Z INFO [108/381] 15019388-0456-4246-801f-c443758b9211: 22 groups; 1.2 s; peak memory 486 MiB.
2026-09-25T16:20:09Z INFO [109/381] 15019a71-c943-4bbf-bc07-d5626f8131dc: 16 groups; 1.1 s; peak memory 486 MiB.
2026-09-25T16:20:11Z INFO [110/381] 1502dc4b-58fa-4142-ad0c-740e1d88a06a: 202 groups; 1.7 s; peak memory 486 MiB.
2026-09-25T16:20:12Z INFO [111/381] 1502e024-af3f-4b56-8ff3-b476d026608d: 32 groups; 1.6 s; peak memory 486 MiB.
2026-09-25T16:20:18Z INFO [112/381] 15032620-1941-4bb7-8c49-948be759f31a: 78 groups; 6.0 s; peak memory 486 MiB.
2026-09-25T16:20:21Z INFO [113/381] 15050c9b-69fd-4628-aef0-9a104fc30fa2: 22 groups; 2.8 s; peak memory 486 MiB.
2026-09-25T16:20:23Z INFO [114/381] 150641d2-9058-413d-8be9-d41ded3db003: 35 groups; 2.0 s; peak memory 486 MiB.
2026-09-25T16:20:25Z INFO [115/381] 15086221-685d-41b6-a00e-6ba6e83bbda2: 24 groups; 1.3 s; peak memory 486 MiB.
2026-09-25T16:20:26Z INFO [116/381] 15091a3c-9f02-41f5-917a-e5801e55fa40: 17 groups; 1.0 s; peak memory 486 MiB.
2026-09-25T16:20:36Z INFO [117/381] 1509acde-171d-4048-852c-a86c7266ae28: 186 groups; 10.1 s; peak memory 486 MiB.
2026-09-25T16:20:37Z INFO [118/381] 1509fe39-6a59-425f-948f-856429c5eb93: 22 groups; 1.3 s; peak memory 486 MiB.
2026-09-25T16:20:43Z INFO [119/381] 150a17f6-c2a7-45a5-a5cd-fba432eaad83: 78 groups; 6.4 s; peak memory 486 MiB.
2026-09-25T16:20:46Z INFO [120/381] 150a31c3-bb06-4f1d-b39a-13f16ba41b31: 35 groups; 2.3 s; peak memory 486 MiB.
2026-09-25T16:20:47Z INFO [121/381] 150ab095-09fd-4a1d-a3da-f19c62210443: 22 groups; 1.7 s; peak memory 486 MiB.
2026-09-25T16:22:51Z INFO [122/381] 150ac56e-9724-46bb-8348-6a45583cbf40: 68 groups; 124.1 s; peak memory 486 MiB.
2026-09-25T16:22:54Z INFO [123/381] 150b2ebf-ee87-4f03-9b21-97cdd02a3c88: 35 groups; 2.2 s; peak memory 486 MiB.
2026-09-25T16:26:07Z INFO [124/381] 150c0747-51d0-426a-aae2-6f147f37edf7: 45 groups; 193.5 s; peak memory 1250 MiB.
2026-09-25T16:26:08Z INFO [125/381] 150c8713-4483-409d-bd4b-80b3e41ee3d1: 16 groups; 1.0 s; peak memory 1250 MiB.
2026-09-25T16:26:09Z INFO [126/381] 150d60d4-7c29-4495-b13a-7062a7bd6bc6: 25 groups; 1.4 s; peak memory 1250 MiB.
2026-09-25T16:26:20Z INFO [127/381] 150f0f2b-ceec-42f9-8875-38b53ba52228: 164 groups; 10.9 s; peak memory 1250 MiB.
2026-09-25T16:26:22Z INFO [128/381] 150fa28e-ee9a-4580-b5c2-7a3ba3104383: 16 groups; 1.3 s; peak memory 1250 MiB.
2026-09-25T16:26:24Z INFO [129/381] 150fcaf5-13ba-4f4a-a025-614748a6d178: 207 groups; 2.4 s; peak memory 1250 MiB.
2026-09-25T16:26:25Z INFO [130/381] 15100bf1-8beb-474a-a1b6-75c496ade175: 30 groups; 1.1 s; peak memory 1250 MiB.
2026-09-25T16:26:27Z INFO [131/381] 1510419e-1b33-4b39-903b-1f91edfe2f8c: 29 groups; 1.8 s; peak memory 1250 MiB.
2026-09-25T16:26:28Z INFO [132/381] 1510a198-c24e-4ad7-a79d-b4be3d837971: 16 groups; 1.1 s; peak memory 1250 MiB.
2026-09-25T16:26:30Z INFO [133/381] 1510e774-4164-443b-89fe-f4242a1de29b: 32 groups; 1.6 s; peak memory 1250 MiB.
2026-09-25T16:26:31Z INFO [134/381] 15112683-4e73-4da3-9819-11c97fa79950: 22 groups; 1.2 s; peak memory 1250 MiB.
2026-09-25T16:26:32Z INFO [135/381] 1511dbd1-0178-48e6-8a5a-f2ac04d3ba55: 22 groups; 1.0 s; peak memory 1250 MiB.
2026-09-25T16:26:33Z INFO [136/381] 1515e2f3-dc5d-4b86-9298-e41fcc466b8e: 31 groups; 1.2 s; peak memory 1250 MiB.
2026-09-25T16:26:34Z INFO [137/381] 15165ea1-187e-44a6-bc93-40071f4ea1bd: 22 groups; 1.2 s; peak memory 1250 MiB.
2026-09-25T16:26:42Z INFO [138/381] 151667fd-a492-4ed5-ac71-b37c61ab28ca: 29 groups; 8.0 s; peak memory 1250 MiB.
2026-09-25T16:26:44Z INFO [139/381] 15168203-c85e-4d6b-98ec-f19b99976e76: 37 groups; 1.8 s; peak memory 1250 MiB.
2026-09-25T16:26:47Z INFO [140/381] 1516c1ad-ae95-4678-b2d6-a42c22b72c8d: 50 groups; 3.5 s; peak memory 1250 MiB.
2026-09-25T16:26:49Z INFO [141/381] 15171f1a-8e39-49f2-a38c-93e008b44542: 22 groups; 1.2 s; peak memory 1250 MiB.
2026-09-25T16:26:50Z INFO [142/381] 15182535-175f-4995-8de8-e8dcdd1006ec: 16 groups; 1.0 s; peak memory 1250 MiB.
2026-09-25T16:26:51Z INFO [143/381] 1518aa21-3261-4bc6-84fa-18afa1e969c4: 22 groups; 1.2 s; peak memory 1250 MiB.
2026-09-25T16:26:54Z INFO [144/381] 151980b6-9942-41cb-9677-6733baf539b2: 17 groups; 2.7 s; peak memory 1250 MiB.
2026-09-25T16:26:55Z INFO [145/381] 1519abe5-1ef3-47ad-a94b-35b1967f7061: 17 groups; 1.2 s; peak memory 1250 MiB.
2026-09-25T16:26:57Z INFO [146/381] 151b270b-3bcd-4dc6-909c-d3c42ea807bc: 199 groups; 1.7 s; peak memory 1250 MiB.
2026-09-25T16:27:00Z INFO [147/381] 151b4681-196e-4e90-a473-ae379428f203: 34 groups; 3.3 s; peak memory 1250 MiB.
2026-09-25T16:27:13Z INFO [148/381] 151b88c8-f512-4a0d-bd78-32906e4e0404: 252 groups; 13.4 s; peak memory 1250 MiB.
2026-09-25T16:27:15Z INFO [149/381] 151c049e-8d7e-4377-8072-7f37a3568bbe: 32 groups; 1.4 s; peak memory 1250 MiB.
2026-09-25T16:27:16Z INFO [150/381] 151c335c-7bba-4fb9-8a15-d245e645a571: 35 groups; 1.7 s; peak memory 1250 MiB.
2026-09-25T16:27:16Z INFO [150/381] 151c335c-7bba-4fb9-8a15-d245e645a571: checkpointed 57060 records.
2026-09-25T16:27:19Z INFO [151/381] 151c87de-b334-4769-b7cc-06db2b1f6725: 35 groups; 2.3 s; peak memory 1250 MiB.
2026-09-25T16:27:29Z INFO [152/381] 151caa57-ad4e-4282-ab63-131245fd0ca3: 76 groups; 10.3 s; peak memory 1250 MiB.
2026-09-25T16:27:31Z INFO [153/381] 151d1651-bb93-44be-a432-f2e8eee75dbd: 337 groups; 2.0 s; peak memory 1250 MiB.
2026-09-25T16:27:33Z INFO [154/381] 151d3583-48b5-4ad2-af40-25c7a63ef7a3: 33 groups; 1.7 s; peak memory 1250 MiB.
2026-09-25T16:27:40Z INFO [155/381] 151e3b9e-3c32-4a01-9f46-b2c5603b066c: 53 groups; 6.7 s; peak memory 1250 MiB.
2026-09-25T16:27:41Z INFO [156/381] 151e3d83-b8fa-4791-a2f3-20020b4dfc2a: 22 groups; 1.3 s; peak memory 1250 MiB.
2026-09-25T16:27:43Z INFO [157/381] 151f3532-5045-4e29-8327-cc247994d12f: 43 groups; 1.9 s; peak memory 1250 MiB.
2026-09-25T16:27:44Z INFO [158/381] 151f3b52-65e7-4d29-9584-48482be724c0: 22 groups; 1.3 s; peak memory 1250 MiB.
2026-09-25T16:27:45Z INFO [159/381] 151fd0ac-8636-4d0e-99a8-4a3bb23886f9: 33 groups; 1.3 s; peak memory 1250 MiB.
2026-09-25T16:27:52Z INFO [160/381] 15202d44-5003-4779-9c34-1adfa63e2c15: 145 groups; 6.8 s; peak memory 1250 MiB.
2026-09-25T16:27:54Z INFO [161/381] 1520418a-b922-4b5e-86ae-b0daed515840: 35 groups; 1.6 s; peak memory 1250 MiB.
2026-09-25T16:27:55Z INFO [162/381] 152049c1-27fe-4fdc-a625-9e9051d8fed4: 22 groups; 1.2 s; peak memory 1250 MiB.
2026-09-25T16:27:56Z INFO [163/381] 1522199d-e3ef-4bc0-8aff-957b087712bb: 22 groups; 1.2 s; peak memory 1250 MiB.
2026-09-25T16:27:58Z INFO [164/381] 1523c3e4-2549-4666-8430-244006651726: 35 groups; 1.8 s; peak memory 1250 MiB.
2026-09-25T16:27:59Z INFO [165/381] 15241611-32e6-4e85-84f0-bb65849fc7b8: 22 groups; 1.2 s; peak memory 1250 MiB.
2026-09-25T16:28:17Z INFO [166/381] 152473f6-5c29-4232-a1a8-30b6068ed0f6: 157 groups; 17.4 s; peak memory 1250 MiB.
2026-09-25T16:28:18Z INFO [167/381] 15249456-d735-475a-bc71-16b2b4607f32: 67 groups; 1.7 s; peak memory 1250 MiB.
2026-09-25T16:28:19Z INFO [168/381] 1524af07-9bd0-44aa-9758-54fb32680c3e: 16 groups; 1.1 s; peak memory 1250 MiB.
2026-09-25T16:28:22Z INFO [169/381] 15250191-7927-4c92-854c-20d073d1ce23: 33 groups; 2.6 s; peak memory 1250 MiB.
2026-09-25T16:28:42Z INFO [170/381] 15256943-9b91-4088-8399-e3337b96f2d7: 23 groups; 20.3 s; peak memory 1250 MiB.
2026-09-25T16:28:45Z INFO [171/381] 152569bd-1869-44c6-9c2f-ddbbf77c47d0: 48 groups; 3.2 s; peak memory 1250 MiB.
2026-09-25T16:28:47Z INFO [172/381] 15258885-47be-4eba-ba03-0d8091250b4c: 32 groups; 1.6 s; peak memory 1250 MiB.
2026-09-25T16:29:02Z INFO [173/381] 15258932-e46b-4ef8-a6c3-9b8e25d69586: 270 groups; 14.6 s; peak memory 1250 MiB.
2026-09-25T16:29:03Z INFO [174/381] 15268835-3ab8-415c-bc08-66a3e16e7c56: 22 groups; 1.3 s; peak memory 1250 MiB.
2026-09-25T16:29:05Z INFO [175/381] 1526c575-c1e5-458e-8b4e-1a3633f282cb: 207 groups; 2.4 s; peak memory 1250 MiB.
2026-09-25T16:29:07Z INFO [176/381] 1527238e-8595-4950-89bd-3d42e5d7c538: 49 groups; 2.1 s; peak memory 1250 MiB.
2026-09-25T16:29:09Z INFO [177/381] 1527977d-fd9a-4c9d-98f1-500958bce7d5: 36 groups; 1.6 s; peak memory 1250 MiB.
2026-09-25T16:29:29Z INFO [178/381] 15284546-51c8-4243-b97b-f103c9e21041: 23 groups; 19.7 s; peak memory 1250 MiB.
2026-09-25T16:29:31Z INFO [179/381] 1528b6dd-d309-4094-afdb-78b344de8155: 35 groups; 2.2 s; peak memory 1250 MiB.
2026-09-25T16:29:33Z INFO [180/381] 1529684a-b586-4e84-9d74-ced240a729c0: 336 groups; 1.9 s; peak memory 1250 MiB.
2026-09-25T16:29:35Z INFO [181/381] 152980ab-2651-4e98-988d-13e1b0fa4902: 35 groups; 1.8 s; peak memory 1250 MiB.
2026-09-25T16:29:47Z INFO [182/381] 1529a42a-9fca-4567-9b75-441e2bfb553f: 220 groups; 11.9 s; peak memory 1250 MiB.
2026-09-25T16:29:48Z INFO [183/381] 1529a772-9543-4bde-b633-c103c7b2278b: 16 groups; 1.0 s; peak memory 1250 MiB.
2026-09-25T16:29:49Z INFO [184/381] 1529b920-c225-42a3-a6d3-b79fdaece6dd: 35 groups; 1.8 s; peak memory 1250 MiB.
2026-09-25T16:29:52Z INFO [185/381] 152b1177-b004-4db0-ad68-3f89d8ea6756: 43 groups; 3.0 s; peak memory 1250 MiB.
2026-09-25T16:29:55Z INFO [186/381] 152c216f-f452-4e15-8c3a-7496ba2c4bc8: 17 groups; 2.8 s; peak memory 1250 MiB.
2026-09-25T16:29:57Z INFO [187/381] 152d1aa3-d5af-41c9-b1e1-213e77502efa: 27 groups; 1.6 s; peak memory 1250 MiB.
2026-09-25T16:29:58Z INFO [188/381] 152e2a0f-b8eb-4142-ab82-84641ffcd38d: 30 groups; 1.2 s; peak memory 1250 MiB.
2026-09-25T16:30:01Z INFO [189/381] 152e59e1-dbd6-414f-96ae-6164845c3283: 48 groups; 2.9 s; peak memory 1250 MiB.
2026-09-25T16:30:06Z INFO [190/381] 152ed911-d2d1-467d-9439-9fd568cd9bf1: 25 groups; 5.1 s; peak memory 1250 MiB.
2026-09-25T16:30:07Z INFO [191/381] 152f6430-a1dd-45cd-ac3b-ed7962584674: 22 groups; 1.2 s; peak memory 1250 MiB.
2026-09-25T16:30:13Z INFO [192/381] 152f8832-1712-4c38-bbc8-db5edb194afc: 78 groups; 6.1 s; peak memory 1250 MiB.
2026-09-25T16:30:15Z INFO [193/381] 152f8a98-cda9-43fb-bda7-793b5070a1c9: 337 groups; 2.2 s; peak memory 1250 MiB.
2026-09-25T16:30:17Z INFO [194/381] 152fd97c-d2aa-45f0-ba9e-357c06189710: 25 groups; 1.2 s; peak memory 1250 MiB.
2026-09-25T16:30:18Z INFO [195/381] 15319bba-d437-4b72-94e2-e51ddc78fd10: 202 groups; 1.8 s; peak memory 1250 MiB.
2026-09-25T16:30:38Z INFO [196/381] 15324496-3e1e-43c2-806b-3de4f48eeabd: 23 groups; 19.6 s; peak memory 1250 MiB.
2026-09-25T16:30:40Z INFO [197/381] 1532532f-df24-47e9-b42a-50c2f8db6841: 32 groups; 1.7 s; peak memory 1250 MiB.
2026-09-25T16:30:41Z INFO [198/381] 15339f24-00f7-4e59-85a8-6942b5e1faad: 22 groups; 1.2 s; peak memory 1250 MiB.
2026-09-25T16:30:57Z INFO [199/381] 15342df1-e296-44e8-bb5d-345910921771: 87 groups; 16.4 s; peak memory 1250 MiB.
2026-09-25T16:30:59Z INFO [200/381] 15361ae8-66fd-44e9-9890-04b921fe0827: 25 groups; 1.4 s; peak memory 1250 MiB.
2026-09-25T16:30:59Z INFO [200/381] 15361ae8-66fd-44e9-9890-04b921fe0827: checkpointed 57110 records.
2026-09-25T16:31:01Z INFO [201/381] 153669da-6bd8-4d6a-abbb-162b24766097: 255 groups; 1.9 s; peak memory 1250 MiB.
2026-09-25T16:31:02Z INFO [202/381] 15367b4f-dab2-4350-8ce1-dd06180efe2e: 32 groups; 1.5 s; peak memory 1250 MiB.
2026-09-25T16:31:05Z INFO [203/381] 1536f02c-500c-49b3-8d0e-6be0de47113c: 54 groups; 2.8 s; peak memory 1250 MiB.
2026-09-25T16:31:12Z INFO [204/381] 1537aa7d-86d4-49e6-a2ab-fd591ac0a8df: 141 groups; 7.0 s; peak memory 1250 MiB.
2026-09-25T16:31:19Z INFO [205/381] 15385582-582a-4408-b9c5-7ea7a8ea22c4: 115 groups; 7.2 s; peak memory 1250 MiB.
2026-09-25T16:31:21Z INFO [206/381] 15390c12-a215-444a-8f8b-d3445b6dbd2b: 32 groups; 1.5 s; peak memory 1250 MiB.
2026-09-25T16:31:22Z INFO [207/381] 15392088-ebda-4e21-a57c-637a44bc9c7b: 32 groups; 1.6 s; peak memory 1250 MiB.
2026-09-25T16:31:24Z INFO [208/381] 15398067-e6ce-445f-9cf4-7d9d688a312e: 32 groups; 1.4 s; peak memory 1250 MiB.
2026-09-25T16:31:25Z INFO [209/381] 153a6e42-8c53-4966-b550-1d2e8c087c24: 22 groups; 1.3 s; peak memory 1250 MiB.
2026-09-25T16:31:27Z INFO [210/381] 153a8b80-dbea-45eb-bfd0-090329f39563: 35 groups; 1.9 s; peak memory 1250 MiB.
2026-09-25T16:38:26Z INFO [211/381] 153bc3b5-c05f-4604-b5fb-193821706a17: 42 groups; 418.8 s; peak memory 1314 MiB.
2026-09-25T16:38:27Z INFO [212/381] 153c0922-bca2-4ebe-9933-08c2f28172e8: 22 groups; 1.2 s; peak memory 1314 MiB.
2026-09-25T16:38:28Z INFO [213/381] 153c4de5-4181-4dbe-8dbf-cd2995fcefbd: 18 groups; 1.0 s; peak memory 1314 MiB.
2026-09-25T16:38:29Z INFO [214/381] 153cd3e3-8ef0-4ae5-9912-92284c2bc283: 71 groups; 1.2 s; peak memory 1314 MiB.
2026-09-25T16:38:31Z INFO [215/381] 153cf815-c6bd-4f7f-9a74-e45bda483a48: 22 groups; 1.4 s; peak memory 1314 MiB.
2026-09-25T16:38:32Z INFO [216/381] 153d81be-bdd4-413b-8fcc-3a7d1489f4d5: 32 groups; 1.5 s; peak memory 1314 MiB.
2026-09-25T16:38:34Z INFO [217/381] 153eb355-2309-4ac2-9b36-cd2dd71eca80: 32 groups; 1.5 s; peak memory 1314 MiB.
2026-09-25T16:38:35Z INFO [218/381] 153f76ef-2501-4640-81b9-951be02c161c: 41 groups; 1.4 s; peak memory 1314 MiB.
2026-09-25T16:38:37Z INFO [219/381] 153fb5d7-c53a-45a8-b34a-b15b77dc09c4: 35 groups; 1.9 s; peak memory 1314 MiB.
2026-09-25T16:39:08Z INFO [220/381] 153fc0cf-78e7-4df0-a708-8911b318cd83: 453 groups; 30.8 s; peak memory 1314 MiB.
2026-09-25T16:39:09Z INFO [221/381] 153ff14d-cfa9-4698-91bb-1ca82ec98881: 28 groups; 1.2 s; peak memory 1314 MiB.
2026-09-25T16:39:11Z INFO [222/381] 1541814a-b0da-4a6a-ab65-ff9e9537b736: 202 groups; 2.1 s; peak memory 1314 MiB.
2026-09-25T16:39:12Z INFO [223/381] 1541c044-870d-4230-a6e7-df1d1d373d14: 22 groups; 1.2 s; peak memory 1314 MiB.
2026-09-25T16:39:13Z INFO [224/381] 15423dbb-7c52-4002-8f7e-b0ed62066008: 22 groups; 1.2 s; peak memory 1314 MiB.
2026-09-25T16:39:15Z INFO [225/381] 154280d8-a3ea-4100-b5ba-8c48d9b803e2: 32 groups; 1.5 s; peak memory 1314 MiB.
2026-09-25T16:39:16Z INFO [226/381] 1542a9c0-2efd-467f-9952-e4fe1308d10a: 32 groups; 1.4 s; peak memory 1314 MiB.
2026-09-25T16:39:18Z INFO [227/381] 1542ebf7-b686-467d-8f61-e17790c174a0: 22 groups; 1.3 s; peak memory 1314 MiB.
2026-09-25T16:41:23Z INFO [228/381] 15430c11-53de-4502-b248-1d4da48db99d: 80 groups; 125.5 s; peak memory 1314 MiB.
2026-09-25T16:41:25Z INFO [229/381] 15431a6d-2afe-440b-b6fe-3d78547e90e3: 32 groups; 1.6 s; peak memory 1314 MiB.
2026-09-25T16:41:26Z INFO [230/381] 1543f450-c52a-4ff8-96ce-8d7fbf9f338a: 254 groups; 1.5 s; peak memory 1314 MiB.
2026-09-25T16:41:28Z INFO [231/381] 1545ef8d-2632-4c38-a04b-69986762836e: 22 groups; 1.3 s; peak memory 1314 MiB.
2026-09-25T16:41:29Z INFO [232/381] 154637db-892d-42ee-85e3-e6ab22b7584b: 254 groups; 1.5 s; peak memory 1314 MiB.
2026-09-25T16:41:30Z INFO [233/381] 1546b632-8f84-4666-8aea-7cf2ed1aa473: 22 groups; 1.3 s; peak memory 1314 MiB.
2026-09-25T16:41:32Z INFO [234/381] 15471c37-fe4c-463f-b985-e8e164079c71: 30 groups; 1.2 s; peak memory 1314 MiB.
2026-09-25T16:41:33Z INFO [235/381] 15475f15-0541-46b6-a7fe-29acd86eaed1: 24 groups; 1.3 s; peak memory 1314 MiB.
2026-09-25T16:41:35Z INFO [236/381] 154763cc-6c66-4a0e-b5eb-e0c69f424aaf: 29 groups; 1.7 s; peak memory 1314 MiB.
2026-09-25T16:45:41Z INFO [237/381] 154889a6-8d15-4dab-a0b5-e3fdb0889baf: 93 groups; 246.8 s; peak memory 1314 MiB.
2026-09-25T16:45:43Z INFO [238/381] 1548d39e-4a34-4586-8c12-0ec1916e91a0: 32 groups; 1.6 s; peak memory 1314 MiB.
2026-09-25T16:45:44Z INFO [239/381] 15497f35-8ddb-46f4-be17-e5a9118df933: 22 groups; 1.2 s; peak memory 1314 MiB.
2026-09-25T16:45:46Z INFO [240/381] 154a8e36-aa1c-4a88-88da-e8e9f20aac80: 200 groups; 2.1 s; peak memory 1314 MiB.
2026-09-25T16:45:48Z INFO [241/381] 154b257a-593b-4b36-a82b-cb212c4ce587: 26 groups; 1.4 s; peak memory 1314 MiB.
2026-09-25T16:45:59Z INFO [242/381] 154b5ab1-5e9f-4ec2-835a-f5591aa2a146: 204 groups; 10.8 s; peak memory 1314 MiB.
2026-09-25T16:46:00Z INFO [243/381] 154c94c7-b87b-4c48-9c9f-9bb570a61ebc: 17 groups; 1.3 s; peak memory 1314 MiB.
2026-09-25T16:46:01Z INFO [244/381] 154d17f2-f40d-47a5-a12f-4218ba40e9bb: 28 groups; 1.2 s; peak memory 1314 MiB.
2026-09-25T16:46:04Z INFO [245/381] 154d5ed6-01a2-4cd6-bfde-9cb4a9a136d5: 54 groups; 3.2 s; peak memory 1314 MiB.
2026-09-25T16:46:06Z INFO [246/381] 154e02df-a562-402e-85c1-00fc85033677: 108 groups; 2.2 s; peak memory 1314 MiB.
2026-09-25T16:46:08Z INFO [247/381] 154e496e-99ba-4cf8-a861-d41f4ef65a0d: 22 groups; 1.4 s; peak memory 1314 MiB.
2026-09-25T17:05:13Z INFO [248/381] 154e6336-fef4-48be-9c04-7fa05093b5b5: 61 groups; 1144.9 s; peak memory 1314 MiB.
2026-09-25T17:05:33Z INFO [249/381] 154f1ee1-ae40-42f4-a980-6464fb6d8597: 23 groups; 20.0 s; peak memory 1314 MiB.
2026-09-25T17:05:34Z INFO [250/381] 154fc3be-f00f-4a52-950d-f77ccdba0568: 18 groups; 1.0 s; peak memory 1314 MiB.
2026-09-25T17:05:34Z INFO [250/381] 154fc3be-f00f-4a52-950d-f77ccdba0568: checkpointed 57160 records.
2026-09-25T17:05:36Z INFO [251/381] 15508d90-b40d-44ab-ad87-9230db68bceb: 202 groups; 2.7 s; peak memory 1314 MiB.
2026-09-25T17:05:37Z INFO [252/381] 155113ec-9206-4bc4-a557-c2de0bd27cdf: 17 groups; 0.9 s; peak memory 1314 MiB.
2026-09-25T17:05:39Z INFO [253/381] 15515db4-6f71-41a5-91e1-8e6c8bcbb075: 22 groups; 1.3 s; peak memory 1314 MiB.
2026-09-25T17:05:40Z INFO [254/381] 1551b282-df5b-49cf-ad67-3740bfa56f04: 22 groups; 1.2 s; peak memory 1314 MiB.
2026-09-25T17:05:48Z INFO [255/381] 1551df2a-8c2d-409f-a351-d6c4fc89c76a: 67 groups; 7.9 s; peak memory 1314 MiB.
2026-09-25T17:05:50Z INFO [256/381] 1553ac05-4a4a-4cfc-b348-64a560264c48: 207 groups; 2.0 s; peak memory 1314 MiB.
2026-09-25T17:05:52Z INFO [257/381] 15544404-1345-4251-aeee-cc4474cabd44: 35 groups; 1.9 s; peak memory 1314 MiB.
2026-09-25T17:05:53Z INFO [258/381] 155558bf-8c2b-4aed-9517-3f296b7cbf00: 22 groups; 1.2 s; peak memory 1314 MiB.
2026-09-25T17:07:39Z INFO [259/381] 1556eb4a-404b-4496-a71d-0b415fd5d075: 14625 groups; 106.5 s; peak memory 1314 MiB.
2026-09-25T17:07:41Z INFO [260/381] 15573533-9917-4362-9965-53f0afbeff09: 22 groups; 1.4 s; peak memory 1314 MiB.
2026-09-25T17:07:43Z INFO [261/381] 1557adc1-5085-49db-93dd-ba120c30ca72: 29 groups; 2.1 s; peak memory 1314 MiB.
2026-09-25T17:07:44Z INFO [262/381] 1557c175-db72-417d-9415-f869c7f1d5a1: 22 groups; 1.3 s; peak memory 1314 MiB.
2026-09-25T17:07:48Z INFO [263/381] 1558c60a-93ec-449a-aa78-37653e511703: 64 groups; 4.0 s; peak memory 1314 MiB.
2026-09-25T17:07:49Z INFO [264/381] 15592185-49a1-45a6-b3d2-61da3af9bf51: 31 groups; 1.1 s; peak memory 1314 MiB.
2026-09-25T17:07:51Z INFO [265/381] 15592aa9-ee4c-4302-91e2-b8ba05fda37b: 22 groups; 1.3 s; peak memory 1314 MiB.
2026-09-25T17:07:52Z INFO [266/381] 155934ca-dc1a-4893-9890-61d5159c5b6c: 252 groups; 1.6 s; peak memory 1314 MiB.
2026-09-25T17:10:01Z INFO [267/381] 1559d345-b934-44d1-ac6c-ad544ba4090d: 89 groups; 128.8 s; peak memory 1314 MiB.
2026-09-25T17:10:04Z INFO [268/381] 1559fa9a-2ef3-4e2a-902c-3523e3509f25: 50 groups; 3.4 s; peak memory 1314 MiB.
2026-09-25T17:10:18Z INFO [269/381] 155af451-0e10-4521-8480-0ef569877d6f: 236 groups; 13.6 s; peak memory 1314 MiB.
2026-09-25T17:10:19Z INFO [270/381] 155b3a1c-9405-4e36-8bee-c09b245586e6: 16 groups; 1.0 s; peak memory 1314 MiB.
2026-09-25T17:10:28Z INFO [271/381] 155ba689-80ce-4c74-ae23-7cf33c08ca6e: 107 groups; 8.6 s; peak memory 1314 MiB.
2026-09-25T17:10:29Z INFO [272/381] 155c7b00-0be1-49b1-9b95-c44d813730c6: 22 groups; 1.3 s; peak memory 1314 MiB.
2026-09-25T17:10:31Z INFO [273/381] 155cd435-1ce9-442e-ab04-8687c06b99cf: 31 groups; 2.0 s; peak memory 1314 MiB.
2026-09-25T17:10:35Z INFO [274/381] 155d2fc4-0ad4-48d4-8b4d-4b09b62c2732: 50 groups; 3.6 s; peak memory 1314 MiB.
2026-09-25T17:10:37Z INFO [275/381] 155d9cd9-038b-4ead-824e-6e90f351e5fa: 48 groups; 2.9 s; peak memory 1314 MiB.
2026-09-25T17:10:39Z INFO [276/381] 155da5de-a912-41ec-b0f4-215e8566f2be: 32 groups; 1.6 s; peak memory 1314 MiB.
2026-09-25T17:10:41Z INFO [277/381] 155dff14-a561-43e3-ab05-3287b5d11790: 200 groups; 2.3 s; peak memory 1314 MiB.
2026-09-25T17:10:42Z INFO [278/381] 155e17c9-ad05-435b-bb1c-6c3dd38f6080: 16 groups; 1.0 s; peak memory 1314 MiB.
2026-09-25T17:10:43Z INFO [279/381] 155e3ff3-bf7a-4f95-9e62-5e7b4881418c: 28 groups; 1.1 s; peak memory 1314 MiB.
2026-09-25T17:10:45Z INFO [280/381] 155e41d0-ebd7-47ac-bd0c-890c99b0b7e8: 16 groups; 1.1 s; peak memory 1314 MiB.
2026-09-25T17:10:46Z INFO [281/381] 155e571a-9e76-440e-8fc3-3ec8e821187b: 108 groups; 1.8 s; peak memory 1314 MiB.
2026-09-25T17:10:52Z INFO [282/381] 155f17d5-0f27-4fb5-9119-cad27af7f7df: 78 groups; 5.7 s; peak memory 1314 MiB.
2026-09-25T17:10:55Z INFO [283/381] 155ff7f6-391a-4402-990d-dc8377d971c0: 54 groups; 3.3 s; peak memory 1314 MiB.
2026-09-25T17:10:59Z INFO [284/381] 1560c5ae-e3ed-44fd-b3fc-0a7fc779ed1a: 50 groups; 3.5 s; peak memory 1314 MiB.
2026-09-25T17:11:00Z INFO [285/381] 15613159-0611-4b1c-92f5-b972728691e8: 30 groups; 1.0 s; peak memory 1314 MiB.
2026-09-25T17:11:07Z INFO [286/381] 156188fb-ccd8-41a8-85a3-aad5c5b0b7d0: 155 groups; 7.5 s; peak memory 1314 MiB.
2026-09-25T17:11:10Z INFO [287/381] 1561b7d0-9087-49fa-936c-8194fd7ee9a1: 48 groups; 2.8 s; peak memory 1314 MiB.
2026-09-25T17:11:13Z INFO [288/381] 1561e131-c645-461e-b8a0-98ba9bb1d647: 48 groups; 3.0 s; peak memory 1314 MiB.
2026-09-25T17:11:21Z INFO [289/381] 1561f093-0e46-4549-8c58-7dca913ea28d: 181 groups; 7.8 s; peak memory 1314 MiB.
2026-09-25T17:11:22Z INFO [290/381] 15634ffa-a0db-4d2b-8082-9c7517f04ac5: 22 groups; 1.2 s; peak memory 1314 MiB.
2026-09-25T17:11:24Z INFO [291/381] 1563a91b-eca2-4156-a3f8-024a783bcea4: 203 groups; 1.6 s; peak memory 1314 MiB.
2026-09-25T17:11:25Z INFO [292/381] 1563f278-0836-4483-81f0-3c33e5f473f8: 35 groups; 1.7 s; peak memory 1314 MiB.
2026-09-25T17:11:27Z INFO [293/381] 1564b6cb-d382-4704-ab24-4ca609fbd688: 99 groups; 1.7 s; peak memory 1314 MiB.
2026-09-25T17:11:29Z INFO [294/381] 15661d06-22d5-4163-b504-4a88053b3159: 21 groups; 1.5 s; peak memory 1314 MiB.
2026-09-25T17:11:31Z INFO [295/381] 156673c8-c392-45ed-a179-37129adb21bb: 41 groups; 1.8 s; peak memory 1314 MiB.
2026-09-25T17:11:33Z INFO [296/381] 1566c20e-c21f-4546-a276-d28b07f8f6cb: 195 groups; 2.0 s; peak memory 1314 MiB.
2026-09-25T17:11:34Z INFO [297/381] 15673a74-5c51-4700-ae33-6bb122c9c508: 22 groups; 1.3 s; peak memory 1314 MiB.
2026-09-25T17:11:40Z INFO [298/381] 1568094d-d386-49de-b08e-aa20d21f35a8: 47 groups; 6.1 s; peak memory 1314 MiB.
2026-09-25T17:11:41Z INFO [299/381] 15682545-aea4-4dd3-98f3-ecc00c76e6cd: 253 groups; 1.4 s; peak memory 1314 MiB.
2026-09-25T17:11:43Z INFO [300/381] 15686c53-3ef8-48eb-82e9-def1d206e9eb: 32 groups; 1.6 s; peak memory 1314 MiB.
2026-09-25T17:11:43Z INFO [300/381] 15686c53-3ef8-48eb-82e9-def1d206e9eb: checkpointed 57210 records.
2026-09-25T17:11:44Z INFO [301/381] 1569dd2e-4c2f-4810-b212-9a41adc47095: 25 groups; 1.3 s; peak memory 1314 MiB.
2026-09-25T17:11:46Z INFO [302/381] 156b6ce9-d335-47aa-bbf0-6ed0aec0ef26: 22 groups; 1.3 s; peak memory 1314 MiB.
2026-09-25T17:12:07Z INFO [303/381] 156c0016-f012-4df5-a121-69e6c3bb5ab3: 23 groups; 21.6 s; peak memory 1314 MiB.
2026-09-25T17:12:10Z INFO [304/381] 156c8333-df70-4b3c-bdb9-5fcd38319fbb: 48 groups; 2.5 s; peak memory 1314 MiB.
2026-09-25T17:12:12Z INFO [305/381] 156cae23-b854-40ba-ae56-914651dca6c8: 35 groups; 1.7 s; peak memory 1314 MiB.
2026-09-25T17:12:14Z INFO [306/381] 156de6a4-73cc-43c6-ba6b-d02d0877726c: 200 groups; 2.0 s; peak memory 1314 MiB.
2026-09-25T17:12:15Z INFO [307/381] 156e63e5-f43c-41c1-870a-110d014adf71: 35 groups; 1.7 s; peak memory 1314 MiB.
2026-09-25T17:12:17Z INFO [308/381] 156f78c3-6fe8-48f7-a02a-76e4f8b8a896: 32 groups; 1.6 s; peak memory 1314 MiB.
2026-09-25T17:12:18Z INFO [309/381] 156f7e99-f9bc-4156-a24c-50d8a2ee328f: 32 groups; 1.5 s; peak memory 1314 MiB.
2026-09-25T17:12:20Z INFO [310/381] 15703b60-8d25-4e47-bbbb-e85b982708ca: 26 groups; 1.7 s; peak memory 1314 MiB.
2026-09-25T17:12:22Z INFO [311/381] 15704d33-ca63-4bff-9a87-a026985ca7f8: 35 groups; 1.9 s; peak memory 1314 MiB.
2026-09-25T17:12:27Z INFO [312/381] 15708453-209a-4097-8a07-ae3604f74897: 68 groups; 5.4 s; peak memory 1314 MiB.
2026-09-25T17:12:29Z INFO [313/381] 1571d1b0-f1ed-4d33-bab1-bc424c1c8902: 35 groups; 2.0 s; peak memory 1314 MiB.
2026-09-25T17:12:31Z INFO [314/381] 15731187-574f-4443-8b5d-bd0f8e0f12a9: 29 groups; 1.7 s; peak memory 1314 MiB.
2026-09-25T17:12:34Z INFO [315/381] 15731b22-1512-4550-af75-730e956f9d3c: 71 groups; 3.4 s; peak memory 1314 MiB.
2026-09-25T17:12:40Z INFO [316/381] 157387ee-24e9-447c-a100-ef3f7f3cdce7: 32 groups; 6.0 s; peak memory 1314 MiB.
2026-09-25T17:12:42Z INFO [317/381] 1573d0ca-05ee-4f41-908a-cb6364f7c9e4: 22 groups; 1.2 s; peak memory 1314 MiB.
2026-09-25T17:12:43Z INFO [318/381] 157426b5-fac8-448e-8fdc-a3b7d2440e93: 22 groups; 1.5 s; peak memory 1314 MiB.
2026-09-25T17:12:44Z INFO [319/381] 157441c1-54d7-43ae-844c-0f77e6931b54: 29 groups; 1.3 s; peak memory 1314 MiB.
2026-09-25T17:12:54Z INFO [320/381] 15748152-ea50-46d3-bab5-bf540d68c275: 170 groups; 9.6 s; peak memory 1314 MiB.
2026-09-25T17:12:57Z INFO [321/381] 1574a992-fae0-472d-a284-c7112be91547: 44 groups; 2.8 s; peak memory 1314 MiB.
2026-09-25T17:13:01Z INFO [322/381] 1574f950-c66c-443d-b85f-775800dbfb92: 91 groups; 4.5 s; peak memory 1314 MiB.
2026-09-25T17:13:05Z INFO [323/381] 157569a0-e247-4037-a3d9-86ff639e8bad: 50 groups; 3.5 s; peak memory 1314 MiB.
2026-09-25T17:13:06Z INFO [324/381] 1576356e-9b61-48bf-a48d-29c02389ddf1: 253 groups; 1.6 s; peak memory 1314 MiB.
2026-09-25T17:13:08Z INFO [325/381] 157764f3-23ad-4a94-b182-be04a36adb67: 16 groups; 1.3 s; peak memory 1314 MiB.
2026-09-25T17:13:09Z INFO [326/381] 1578962d-a93f-4aa8-8e0a-19ec3de72ec0: 22 groups; 1.4 s; peak memory 1314 MiB.
2026-09-25T17:13:11Z INFO [327/381] 1578d824-aed3-408d-a73d-dd35886ca335: 337 groups; 2.0 s; peak memory 1314 MiB.
2026-09-25T17:13:14Z INFO [328/381] 15791cda-a6e4-45d2-be06-9b18cdd6ec57: 35 groups; 2.6 s; peak memory 1314 MiB.
2026-09-25T17:13:15Z INFO [329/381] 157a1381-264d-4dc8-b4f7-f66d9a4fc864: 32 groups; 1.6 s; peak memory 1314 MiB.
2026-09-25T17:13:17Z INFO [330/381] 157a2112-e49f-4295-bcc1-2f2042984060: 35 groups; 2.0 s; peak memory 1314 MiB.
2026-09-25T17:13:19Z INFO [331/381] 157af223-d8e8-412c-b488-9c4e171d4237: 32 groups; 1.6 s; peak memory 1314 MiB.
2026-09-25T17:13:20Z INFO [332/381] 157af456-6443-4c65-beca-139754b69055: 22 groups; 1.3 s; peak memory 1314 MiB.
2026-09-25T17:13:22Z INFO [333/381] 157b3cfc-a11d-4660-be15-4f15571c4ab3: 32 groups; 1.6 s; peak memory 1314 MiB.
2026-09-25T17:13:24Z INFO [334/381] 157b47f9-9f03-4f35-8275-e8d3eaefb92b: 33 groups; 1.9 s; peak memory 1314 MiB.
2026-09-25T17:13:27Z INFO [335/381] 157b71f7-cb12-4370-a736-ddf4ff886fbe: 64 groups; 3.3 s; peak memory 1314 MiB.
2026-09-25T17:13:29Z INFO [336/381] 157b8a2d-2155-4b54-b2f3-ed5cff4c2db7: 337 groups; 2.0 s; peak memory 1314 MiB.
2026-09-25T17:13:30Z INFO [337/381] 157c32e2-cd30-436c-9690-3b710a0ca085: 30 groups; 1.1 s; peak memory 1314 MiB.
2026-09-25T17:13:36Z INFO [338/381] 157c801c-1fd7-470e-bbd4-8518f4e27d91: 71 groups; 6.0 s; peak memory 1314 MiB.
2026-09-25T17:13:37Z INFO [339/381] 157dab3a-ffc7-439e-9c3c-1f2a3bc9c897: 16 groups; 1.1 s; peak memory 1314 MiB.
2026-09-25T17:15:48Z INFO [340/381] 157db580-5c02-4528-80c3-a276a4560783: 77 groups; 130.7 s; peak memory 1314 MiB.
2026-09-25T17:15:50Z INFO [341/381] 157ea22a-157c-4fbd-8629-fd01cfe4c7a8: 33 groups; 1.9 s; peak memory 1314 MiB.
2026-09-25T17:15:51Z INFO [342/381] 157fb118-2c0e-4fec-b841-868a79afa067: 252 groups; 1.6 s; peak memory 1314 MiB.
2026-09-25T17:15:53Z INFO [343/381] 1580228d-feb4-45de-9f9c-2b28c6bf705e: 30 groups; 1.1 s; peak memory 1314 MiB.
2026-09-25T17:15:54Z INFO [344/381] 1581760e-6e30-447e-af5c-f569d863f1ab: 253 groups; 1.6 s; peak memory 1314 MiB.
2026-09-25T17:15:55Z INFO [345/381] 1581e000-13f1-470e-8fff-01a7ba0b14e7: 29 groups; 1.3 s; peak memory 1314 MiB.
2026-09-25T17:15:57Z INFO [346/381] 1581e060-3f8d-4bdf-aa2d-a56bbfcf0aec: 25 groups; 1.4 s; peak memory 1314 MiB.
2026-09-25T17:15:58Z INFO [347/381] 1581e6f2-2f44-47fa-80e5-ce4de108b39e: 22 groups; 1.4 s; peak memory 1314 MiB.
2026-09-25T17:16:00Z INFO [348/381] 1582406d-d88b-4bb6-aec5-89f854ce3e98: 194 groups; 1.8 s; peak memory 1314 MiB.
2026-09-25T17:16:01Z INFO [349/381] 1582bb71-d1d0-46dc-b47b-a3cc6ab004a4: 22 groups; 1.3 s; peak memory 1314 MiB.
2026-09-25T17:16:10Z INFO [350/381] 1582d7c2-3a05-4faa-91df-25c50ee3c612: 54 groups; 9.0 s; peak memory 1314 MiB.
2026-09-25T17:16:11Z INFO [350/381] 1582d7c2-3a05-4faa-91df-25c50ee3c612: checkpointed 57260 records.
2026-09-25T17:16:18Z INFO [351/381] 15832f3d-c3ab-4286-aa92-f405ac5a5cd6: 181 groups; 7.4 s; peak memory 1314 MiB.
2026-09-25T17:16:33Z INFO [352/381] 1584be8e-fa22-4753-ada3-4d08ae530e98: 274 groups; 15.2 s; peak memory 1314 MiB.
2026-09-25T17:16:34Z INFO [353/381] 158514ae-b30e-4690-9d7c-4ec325d9c89b: 22 groups; 1.3 s; peak memory 1314 MiB.
2026-09-25T17:16:36Z INFO [354/381] 15852eaa-6ca2-4c02-9508-4597f665dc15: 32 groups; 1.8 s; peak memory 1314 MiB.
2026-09-25T17:16:37Z INFO [355/381] 15858011-eeca-4ec3-ae10-e2cfd32733db: 16 groups; 1.1 s; peak memory 1314 MiB.
2026-09-25T17:16:47Z INFO [356/381] 1586fcb1-ca3d-41de-811a-8fa2d54a5827: 50 groups; 9.9 s; peak memory 1314 MiB.
2026-09-25T17:16:54Z INFO [357/381] 158700a8-3384-4cea-9157-e077fc014a4f: 116 groups; 6.3 s; peak memory 1314 MiB.
2026-09-25T17:16:55Z INFO [358/381] 15872f01-7da4-4000-a32a-54820c1a6010: 22 groups; 1.1 s; peak memory 1314 MiB.
2026-09-25T17:16:57Z INFO [359/381] 1588708e-8b3c-4538-9f61-e8637f22ad53: 48 groups; 2.7 s; peak memory 1314 MiB.
2026-09-25T17:16:59Z INFO [360/381] 1588a0f1-07fd-4f2c-9ca3-f7589d717e7b: 18 groups; 1.2 s; peak memory 1314 MiB.
2026-09-25T17:17:00Z INFO [361/381] 1589cea3-601c-4d0a-b8f4-fab4db98c0c3: 22 groups; 1.3 s; peak memory 1314 MiB.
2026-09-25T17:17:01Z INFO [362/381] 1589ef07-8969-4667-baaa-a273d8de91eb: 16 groups; 1.0 s; peak memory 1314 MiB.
2026-09-25T17:17:02Z INFO [363/381] 158a0930-99d3-401d-8fc4-b2657f7aa1ee: 22 groups; 1.3 s; peak memory 1314 MiB.
2026-09-25T17:17:04Z INFO [364/381] 158a9d7e-ed47-4fa5-a949-03bdc5f9a141: 35 groups; 2.0 s; peak memory 1314 MiB.
2026-09-25T17:17:06Z INFO [365/381] 158b09e5-3bc1-4448-9b64-e44823316d5b: 22 groups; 1.4 s; peak memory 1314 MiB.
2026-09-25T17:17:07Z INFO [366/381] 158b2973-7ce4-4176-9f22-96a9036334b8: 24 groups; 1.4 s; peak memory 1314 MiB.
2026-09-25T17:17:08Z INFO [367/381] 158c5234-0b16-418c-b030-c3e67197f783: 22 groups; 1.3 s; peak memory 1314 MiB.
2026-09-25T17:17:10Z INFO [368/381] 158d1abc-363b-434e-b9c2-da8252c36bef: 24 groups; 1.4 s; peak memory 1314 MiB.
2026-09-25T17:17:11Z INFO [369/381] 158db73c-d5d5-4caa-98f3-e9009f234831: 32 groups; 1.6 s; peak memory 1314 MiB.
2026-09-25T17:17:13Z INFO [370/381] 15900571-100a-4410-b3e1-2149c043b1aa: 22 groups; 1.3 s; peak memory 1314 MiB.
2026-09-25T17:17:14Z INFO [371/381] 15909e46-817a-4d71-aa87-1cea4e276c31: 22 groups; 1.3 s; peak memory 1314 MiB.
2026-09-25T17:17:17Z INFO [372/381] 1590b0c2-df9d-4130-9941-d51becde1119: 48 groups; 2.7 s; peak memory 1314 MiB.
2026-09-25T17:17:18Z INFO [373/381] 1590dcf9-7296-46ec-815f-4638e1575efc: 22 groups; 1.3 s; peak memory 1314 MiB.
2026-09-25T17:17:19Z INFO [374/381] 15913122-eeaa-4b24-a0d6-6ecb698d86de: 16 groups; 1.3 s; peak memory 1314 MiB.
2026-09-25T17:17:21Z INFO [375/381] 1591663c-de3c-45ed-99db-7ee3d9d9ff42: 27 groups; 1.7 s; peak memory 1314 MiB.
2026-09-25T17:17:23Z INFO [376/381] 15918a82-26c5-48e3-ac00-65201d8a1373: 203 groups; 2.0 s; peak memory 1314 MiB.
2026-09-25T17:17:24Z INFO [377/381] 159191e7-cefa-4429-95e7-3e0c415b8d50: 31 groups; 1.0 s; peak memory 1314 MiB.
2026-09-25T17:17:28Z INFO [378/381] 1591f4e1-1f0b-4fe4-89ff-6938e9da6e2e: 112 groups; 4.6 s; peak memory 1314 MiB.
2026-09-25T17:17:30Z INFO [379/381] 15924da1-bdf4-4e24-b4dd-3cdcab34ca0b: 22 groups; 1.3 s; peak memory 1314 MiB.
2026-09-25T17:17:31Z INFO [380/381] 15925a36-554e-4e92-b9c5-1349e820ee89: 35 groups; 1.4 s; peak memory 1314 MiB.
2026-09-25T17:17:37Z INFO [381/381] 15927b12-6bb2-4f2b-8488-95a0f3ee18e2: 73 groups; 5.4 s; peak memory 1314 MiB.
2026-09-25T17:17:37Z INFO Wrote 57291 records to /tmp/derivatives/valid_nwb_file_to_number_of_groups.jsonl (381 new, 0 failed) in 77.6 min (peak memory 1314 MiB).
