2026-10-02T09:55:55Z INFO Logging to /tmp/logs/update_2026-10-02T09-55-55Z.log.
2026-10-02T09:55:55Z INFO Update valid-nwb-file-to-number-of-groups (base directory /tmp).
2026-10-02T09:55:55Z INFO Processing 377 items (63959 already recorded).
2026-10-02T09:55:57Z INFO [1/377] 234a4a11-6340-4ee5-909c-e32c2230392b: 35 groups; 2.1 s; peak memory 105 MiB.
2026-10-02T09:56:04Z INFO [2/377] 234aa968-1ee4-452e-a519-3e0b8ab146a7: 116 groups; 7.0 s; peak memory 118 MiB.
2026-10-02T09:56:11Z INFO [3/377] 234bb4f8-b440-4352-9b16-d71004a812d9: 47 groups; 6.3 s; peak memory 118 MiB.
2026-10-02T09:56:12Z INFO [4/377] 234d40f9-a472-47fb-9170-13c27ac4e488: 36 groups; 1.7 s; peak memory 119 MiB.
2026-10-02T09:56:16Z INFO [5/377] 234e0be2-09e8-45de-876e-623064053e8c: 50 groups; 3.4 s; peak memory 119 MiB.
2026-10-02T09:56:18Z INFO [6/377] 234e96bb-9d36-4d81-8bb6-c44df8af3be7: 35 groups; 1.8 s; peak memory 119 MiB.
2026-10-02T09:56:19Z INFO [7/377] 234e9b16-1496-4eda-a67d-7952e56f7786: 30 groups; 1.3 s; peak memory 119 MiB.
2026-10-02T09:56:37Z INFO [8/377] 234eca77-db15-4d4c-a3d2-fa66f54a0a5f: 288 groups; 18.1 s; peak memory 144 MiB.
2026-10-02T09:56:39Z INFO [9/377] 234f6c09-3bdb-41a7-9bbb-610369661c56: 33 groups; 2.3 s; peak memory 144 MiB.
2026-10-02T09:56:41Z INFO [10/377] 234fa0c6-2446-4a6f-8aa0-954c3f1e3f77: 22 groups; 1.3 s; peak memory 144 MiB.
2026-10-02T09:56:42Z INFO [11/377] 234fc700-8453-4235-ac00-1ad04640322e: 22 groups; 1.2 s; peak memory 144 MiB.
2026-10-02T09:56:43Z INFO [12/377] 2350f0ca-1417-4a18-9eb5-d722ede3a772: 22 groups; 1.3 s; peak memory 144 MiB.
2026-10-02T09:56:51Z INFO [13/377] 2351cad6-b959-4101-9fc4-e013445bd0d9: 53 groups; 8.2 s; peak memory 145 MiB.
2026-10-02T10:04:43Z INFO [14/377] 2351e5f9-0e79-412f-b718-5ab78041d0c1: 42 groups; 471.7 s; peak memory 1294 MiB.
2026-10-02T10:04:50Z INFO [15/377] 2352ad08-5d43-455b-8dc4-002c0b087762: 177 groups; 6.8 s; peak memory 1294 MiB.
2026-10-02T10:04:51Z INFO [16/377] 23540c51-4255-4a39-ae5e-cbecda59680d: 32 groups; 1.5 s; peak memory 1294 MiB.
2026-10-02T10:05:35Z INFO [17/377] 235430d3-bde8-468c-8251-a53321d7323f: 418 groups; 44.3 s; peak memory 1294 MiB.
2026-10-02T10:05:38Z INFO [18/377] 2354bf72-c7a1-4259-9b78-4a1d270d2603: 49 groups; 2.1 s; peak memory 1294 MiB.
2026-10-02T10:05:39Z INFO [19/377] 2354edfa-5dad-49f9-a18b-b07a7c4c904a: 54 groups; 1.7 s; peak memory 1294 MiB.
2026-10-02T10:05:42Z INFO [20/377] 2355099c-a625-403d-a2af-dff25d24b20a: 54 groups; 2.3 s; peak memory 1294 MiB.
2026-10-02T10:05:43Z INFO [21/377] 2355ab91-4ae1-449f-8447-57ae6e7f6a03: 22 groups; 1.4 s; peak memory 1294 MiB.
2026-10-02T10:08:08Z INFO [22/377] 2355ef4a-f3ff-4aba-91e9-92e2bca77f79: 77 groups; 144.8 s; peak memory 1294 MiB.
2026-10-02T10:08:18Z INFO [23/377] 235602a3-2656-439a-8e49-ada19aff1eae: 147 groups; 9.9 s; peak memory 1294 MiB.
2026-10-02T10:08:19Z INFO [24/377] 2356a6b2-08dd-41e2-9502-e6c0c48c9daf: 28 groups; 1.4 s; peak memory 1294 MiB.
2026-10-02T10:08:21Z INFO [25/377] 2357e205-4d0d-4bc7-892d-c493208bc788: 28 groups; 1.5 s; peak memory 1294 MiB.
2026-10-02T10:08:22Z INFO [26/377] 23582d3e-0797-473e-af6a-18018c8800e8: 29 groups; 1.6 s; peak memory 1294 MiB.
2026-10-02T10:08:24Z INFO [27/377] 23588055-d983-4d47-9566-60b706002e7a: 22 groups; 1.4 s; peak memory 1294 MiB.
2026-10-02T10:08:25Z INFO [28/377] 2358a834-b258-4934-b818-f836be345ab0: 32 groups; 1.7 s; peak memory 1294 MiB.
2026-10-02T10:08:27Z INFO [29/377] 23590f00-1eaf-49ed-9eae-2413b6442034: 33 groups; 1.8 s; peak memory 1294 MiB.
2026-10-02T10:08:28Z INFO [30/377] 23593783-f29a-4d3e-8355-733f203e1a28: 22 groups; 1.2 s; peak memory 1294 MiB.
2026-10-02T10:08:30Z INFO [31/377] 2359429b-ec30-4faa-a785-7435f40667b1: 35 groups; 1.8 s; peak memory 1294 MiB.
2026-10-02T10:08:43Z INFO [32/377] 2359faee-6c3d-4015-a0c4-ab4a91bb84b8: 191 groups; 12.4 s; peak memory 1294 MiB.
2026-10-02T10:08:44Z INFO [33/377] 235a2a98-943a-4678-a62d-3a8703730777: 32 groups; 1.7 s; peak memory 1294 MiB.
2026-10-02T10:08:46Z INFO [34/377] 235a5f0f-8876-4d25-b6c1-476ad6c8e19d: 32 groups; 1.5 s; peak memory 1294 MiB.
2026-10-02T10:08:52Z INFO [35/377] 235c11ac-8523-40a7-984f-b390b066a3d4: 681 groups; 5.9 s; peak memory 1294 MiB.
2026-10-02T10:08:54Z INFO [36/377] 235cde94-a4ab-47c1-ae17-fa0928d6731d: 48 groups; 2.5 s; peak memory 1294 MiB.
2026-10-02T10:08:56Z INFO [37/377] 235d4131-3674-47a9-9a28-4de74e882de5: 35 groups; 2.0 s; peak memory 1294 MiB.
2026-10-02T10:08:59Z INFO [38/377] 235d564a-3cd8-4044-9f39-164ee2c37f83: 341 groups; 2.7 s; peak memory 1294 MiB.
2026-10-02T10:09:01Z INFO [39/377] 235d9d82-4a20-42bb-9d1f-eb4369265297: 207 groups; 2.2 s; peak memory 1294 MiB.
2026-10-02T10:09:05Z INFO [40/377] 235eaeb9-cb21-470e-a13d-73defe0c428c: 146 groups; 4.2 s; peak memory 1294 MiB.
2026-10-02T10:09:07Z INFO [41/377] 235fada6-0b81-424e-9505-16d56016eb70: 35 groups; 1.7 s; peak memory 1294 MiB.
2026-10-02T10:09:18Z INFO [42/377] 2360785a-ae5c-408a-b259-3b0bd233f56a: 240 groups; 10.6 s; peak memory 1294 MiB.
2026-10-02T10:09:19Z INFO [43/377] 2361551d-295d-498a-a186-d4c1a1a13695: 206 groups; 1.8 s; peak memory 1294 MiB.
2026-10-02T10:09:21Z INFO [44/377] 23618ce6-3699-4bf6-8b39-9f59d16fac92: 22 groups; 1.3 s; peak memory 1294 MiB.
2026-10-02T10:09:22Z INFO [45/377] 2361ad9e-8901-4c55-8792-689c531062c7: 16 groups; 1.1 s; peak memory 1294 MiB.
2026-10-02T10:09:23Z INFO [46/377] 2361d71a-395f-4a27-ac96-e23c472a39f7: 32 groups; 1.5 s; peak memory 1294 MiB.
2026-10-02T10:09:28Z INFO [47/377] 236358fb-b560-4582-8089-1b84d6cbc38d: 66 groups; 5.1 s; peak memory 1294 MiB.
2026-10-02T10:09:29Z INFO [48/377] 2363bf29-5788-48ca-b5f5-5b3c6741d12d: 16 groups; 0.9 s; peak memory 1294 MiB.
2026-10-02T10:09:31Z INFO [49/377] 2363d8ac-a3c3-4639-a0fb-50c6df8e42e7: 35 groups; 2.0 s; peak memory 1294 MiB.
2026-10-02T10:09:33Z INFO [50/377] 236405a2-13eb-44ca-935f-bb8ba5f8b81f: 341 groups; 2.1 s; peak memory 1294 MiB.
2026-10-02T10:09:33Z INFO [50/377] 236405a2-13eb-44ca-935f-bb8ba5f8b81f: checkpointed 64009 records.
2026-10-02T10:09:35Z INFO [51/377] 23641a6c-eb67-438e-904c-8178d36cc45c: 35 groups; 2.0 s; peak memory 1294 MiB.
2026-10-02T10:09:37Z INFO [52/377] 2365b448-27d3-4d7b-baf9-8c0a9c6e1638: 27 groups; 2.0 s; peak memory 1294 MiB.
2026-10-02T10:09:39Z INFO [53/377] 2365d773-c3dc-4ed2-aa9c-276cba348ec1: 22 groups; 1.3 s; peak memory 1294 MiB.
2026-10-02T10:09:40Z INFO [54/377] 23676155-5ac7-42d5-a651-9bc10e2affd1: 32 groups; 1.5 s; peak memory 1294 MiB.
2026-10-02T10:09:42Z INFO [55/377] 23686402-dcae-47a6-a5ac-04f8dd9ca8fd: 35 groups; 1.8 s; peak memory 1294 MiB.
2026-10-02T10:09:43Z INFO [56/377] 23688eba-ece4-41fe-b0fc-cdea53129654: 25 groups; 1.1 s; peak memory 1294 MiB.
2026-10-02T10:09:45Z INFO [57/377] 2369a908-5131-462f-82d0-bb31516939c1: 35 groups; 1.7 s; peak memory 1294 MiB.
2026-10-02T10:10:38Z INFO [58/377] 2369de48-af10-4fd9-9843-6878aeee2e59: 27 groups; 53.7 s; peak memory 1294 MiB.
2026-10-02T10:10:56Z INFO [59/377] 2369ff22-7bdc-4ef3-b5fa-dab6502e5e77: 303 groups; 17.8 s; peak memory 1294 MiB.
2026-10-02T10:10:58Z INFO [60/377] 236ad08b-1279-44fc-92f3-274f323d04c0: 33 groups; 1.7 s; peak memory 1294 MiB.
2026-10-02T10:11:00Z INFO [61/377] 236b5e27-1e69-4cee-9c1e-f05dec6acd64: 35 groups; 2.0 s; peak memory 1294 MiB.
2026-10-02T10:11:02Z INFO [62/377] 236b6da6-caae-48a1-a266-0324ab9491b3: 336 groups; 2.2 s; peak memory 1294 MiB.
2026-10-02T10:11:03Z INFO [63/377] 236b9ef3-a171-42e3-b2fd-a70ceea12ad6: 22 groups; 1.4 s; peak memory 1294 MiB.
2026-10-02T10:11:05Z INFO [64/377] 236c090a-50dc-4fd2-bd67-f312bd5bcbfa: 32 groups; 1.4 s; peak memory 1294 MiB.
2026-10-02T10:11:16Z INFO [65/377] 236c1f29-8ddc-4ea4-97cc-d7e995295d6b: 75 groups; 11.4 s; peak memory 1294 MiB.
2026-10-02T10:11:20Z INFO [66/377] 236c69a3-76d8-4171-894a-2858e90d5119: 56 groups; 3.9 s; peak memory 1294 MiB.
2026-10-02T10:11:22Z INFO [67/377] 236ca6a3-d25b-48a5-ba5b-303db2350f9f: 31 groups; 2.0 s; peak memory 1294 MiB.
2026-10-02T10:11:25Z INFO [68/377] 236d2477-8453-493d-9579-59c4aea9588e: 54 groups; 3.2 s; peak memory 1294 MiB.
2026-10-02T10:11:37Z INFO [69/377] 236dd757-7c26-49ae-b843-1672b570671b: 211 groups; 11.6 s; peak memory 1294 MiB.
2026-10-02T10:11:39Z INFO [70/377] 236df40e-d19e-481e-8301-87fc0292d18c: 35 groups; 2.3 s; peak memory 1294 MiB.
2026-10-02T10:11:40Z INFO [71/377] 236e0826-1a53-4f21-ba5a-c905a16c4a8d: 16 groups; 0.9 s; peak memory 1294 MiB.
2026-10-02T10:11:41Z INFO [72/377] 236e2aee-cd19-4943-a744-7ac0f9399b02: 18 groups; 1.1 s; peak memory 1294 MiB.
2026-10-02T10:11:49Z INFO [73/377] 236f1d48-091b-477e-9df6-3759a808bdf1: 53 groups; 7.4 s; peak memory 1294 MiB.
2026-10-02T10:11:50Z INFO [74/377] 236f418b-9244-4b1b-ab6a-cca2b59a3d7f: 41 groups; 1.8 s; peak memory 1294 MiB.
2026-10-02T10:11:51Z INFO [75/377] 236f5f45-e123-4eac-b86d-7e543837a399: 16 groups; 1.0 s; peak memory 1294 MiB.
2026-10-02T10:11:54Z INFO [76/377] 236f71d3-0a64-44c0-a584-843d5bcc72d4: 341 groups; 2.7 s; peak memory 1294 MiB.
2026-10-02T10:11:55Z INFO [77/377] 236f75ff-8bbc-441d-966f-4a440ed3739a: 27 groups; 1.2 s; peak memory 1294 MiB.
2026-10-02T10:11:57Z INFO [78/377] 236fb066-b049-4ec1-968b-841433963363: 22 groups; 1.3 s; peak memory 1294 MiB.
2026-10-02T10:12:51Z INFO [79/377] 2370078c-10e5-45dc-830a-f0a4c285d224: 26 groups; 54.3 s; peak memory 1294 MiB.
2026-10-02T10:13:07Z INFO [80/377] 2370ad05-0bc4-47dd-9a36-e84c67aac0fe: 271 groups; 16.1 s; peak memory 1294 MiB.
2026-10-02T10:13:09Z INFO [81/377] 2370ce9f-3f18-4427-8ca9-803057b0e864: 35 groups; 1.7 s; peak memory 1294 MiB.
2026-10-02T10:13:10Z INFO [82/377] 23721db0-3b7e-4b88-8c78-ba5a611a669a: 22 groups; 1.3 s; peak memory 1294 MiB.
2026-10-02T10:13:12Z INFO [83/377] 2373a5f8-275c-4a82-9987-9d3fa81d5ee7: 201 groups; 1.9 s; peak memory 1294 MiB.
2026-10-02T10:13:13Z INFO [84/377] 23764972-d9fb-4a6f-89b6-051e0591d63f: 16 groups; 0.9 s; peak memory 1294 MiB.
2026-10-02T10:13:15Z INFO [85/377] 2376ee77-d828-4478-945c-b8c9228a4cf4: 35 groups; 1.8 s; peak memory 1294 MiB.
2026-10-02T10:13:32Z INFO [86/377] 2378210a-4d46-4aa9-9f83-b796ffab6a79: 92 groups; 17.5 s; peak memory 1294 MiB.
2026-10-02T10:13:34Z INFO [87/377] 237842ec-a12e-4c3d-b386-8fcbfb1ce585: 35 groups; 1.6 s; peak memory 1294 MiB.
2026-10-02T10:13:35Z INFO [88/377] 2378a057-49a6-4482-bd1c-870c1dcdd378: 33 groups; 1.6 s; peak memory 1294 MiB.
2026-10-02T10:13:37Z INFO [89/377] 2378f5c7-d182-46a5-ac73-2f32c76cb9b7: 203 groups; 1.7 s; peak memory 1294 MiB.
2026-10-02T10:13:38Z INFO [90/377] 23790028-8cc4-4d15-8c56-dd01defdca87: 28 groups; 1.3 s; peak memory 1294 MiB.
2026-10-02T10:13:40Z INFO [91/377] 23791715-5b6f-4b4a-b8a4-4667a351fbc9: 103 groups; 1.6 s; peak memory 1294 MiB.
2026-10-02T10:15:59Z INFO [92/377] 2379383a-dc42-4da8-934d-3459c5833af2: 89 groups; 139.6 s; peak memory 1294 MiB.
2026-10-02T10:16:02Z INFO [93/377] 2379f134-678a-491f-aa16-9744476c4f96: 48 groups; 3.1 s; peak memory 1294 MiB.
2026-10-02T10:16:04Z INFO [94/377] 237a1171-b9d1-4ebf-a80c-7d2908ba6227: 16 groups; 1.3 s; peak memory 1294 MiB.
2026-10-02T10:18:27Z INFO [95/377] 237a3780-2a8c-4c8a-ba06-98176a1c0bfc: 60 groups; 143.2 s; peak memory 1294 MiB.
2026-10-02T10:18:28Z INFO [96/377] 237abe46-c3f8-4fe7-9402-85664b4b3d9e: 18 groups; 1.0 s; peak memory 1294 MiB.
2026-10-02T10:18:29Z INFO [97/377] 237b2ddc-d7e7-4633-94df-5f9738f39006: 31 groups; 1.4 s; peak memory 1294 MiB.
2026-10-02T10:18:41Z INFO [98/377] 237c3356-428d-4456-9a7f-25e4967a1b2e: 36 groups; 11.7 s; peak memory 1294 MiB.
2026-10-02T10:18:43Z INFO [99/377] 237c5172-9129-4300-9388-826157ea8975: 32 groups; 1.6 s; peak memory 1294 MiB.
2026-10-02T10:18:45Z INFO [100/377] 237c5685-ba47-4fdb-bfe3-bf1fd77eb4d5: 206 groups; 2.3 s; peak memory 1294 MiB.
2026-10-02T10:18:45Z INFO [100/377] 237c5685-ba47-4fdb-bfe3-bf1fd77eb4d5: checkpointed 64059 records.
2026-10-02T10:18:47Z INFO [101/377] 237ccdb3-e596-4034-ace9-52d49f48852f: 32 groups; 1.7 s; peak memory 1294 MiB.
2026-10-02T10:18:48Z INFO [102/377] 237dfacd-ae2b-4891-8b79-dfc4fed4a2fb: 33 groups; 1.3 s; peak memory 1294 MiB.
2026-10-02T10:18:51Z INFO [103/377] 237e0487-0640-483c-b4c3-dffdff7a54f0: 59 groups; 3.4 s; peak memory 1294 MiB.
2026-10-02T10:19:14Z INFO [104/377] 237e695b-f15c-40a3-b898-513f57ddf51b: 23 groups; 22.9 s; peak memory 1294 MiB.
2026-10-02T10:19:16Z INFO [105/377] 237ec2fb-235f-4aeb-a21e-a3a9d24c82c5: 36 groups; 1.7 s; peak memory 1294 MiB.
2026-10-02T10:19:19Z INFO [106/377] 237f025e-dda7-4635-a731-c87b970055e5: 17 groups; 2.7 s; peak memory 1294 MiB.
2026-10-02T10:19:26Z INFO [107/377] 237f8362-9ff0-4ded-afa0-e33b78e6a703: 90 groups; 7.0 s; peak memory 1294 MiB.
2026-10-02T10:19:27Z INFO [108/377] 237fb988-18c2-44a2-9426-790a350787c7: 33 groups; 1.2 s; peak memory 1294 MiB.
2026-10-02T10:19:28Z INFO [109/377] 2380b7a8-b565-4959-a4c6-43008645f852: 32 groups; 1.5 s; peak memory 1294 MiB.
2026-10-02T10:20:25Z INFO [110/377] 238163ff-d12f-4244-82e1-95264fde9c1c: 26 groups; 56.6 s; peak memory 1294 MiB.
2026-10-02T10:20:26Z INFO [111/377] 2381a28d-a4f2-4ac7-a950-7dabc590371b: 32 groups; 1.5 s; peak memory 1294 MiB.
2026-10-02T10:20:28Z INFO [112/377] 23826985-4182-4004-a294-aacde09e4b2f: 32 groups; 1.5 s; peak memory 1294 MiB.
2026-10-02T10:20:30Z INFO [113/377] 238312dc-92ce-44f4-bb8b-940c7b98639d: 35 groups; 1.5 s; peak memory 1294 MiB.
2026-10-02T10:20:31Z INFO [114/377] 23833b10-8ff0-44d3-a032-d6aae737d031: 22 groups; 1.2 s; peak memory 1294 MiB.
2026-10-02T10:20:32Z INFO [115/377] 238466e5-f02e-4cb7-aa9e-8cf5194da645: 32 groups; 1.5 s; peak memory 1294 MiB.
2026-10-02T10:20:34Z INFO [116/377] 2384d31f-bfa3-4637-9b16-750739f17cc7: 22 groups; 1.3 s; peak memory 1294 MiB.
2026-10-02T10:20:35Z INFO [117/377] 23857e0f-57f6-40cd-b109-f43be08075a7: 21 groups; 1.5 s; peak memory 1294 MiB.
2026-10-02T10:20:37Z INFO [118/377] 2385de83-21fc-4627-b0b6-2babb1ddf7c5: 32 groups; 1.7 s; peak memory 1294 MiB.
2026-10-02T10:20:40Z INFO [119/377] 2385fbe4-6831-44b6-b7cf-9508ca06bdab: 17 groups; 2.9 s; peak memory 1294 MiB.
2026-10-02T10:20:42Z INFO [120/377] 23865272-5e6a-4f08-814b-4f218b871b1c: 341 groups; 2.3 s; peak memory 1294 MiB.
2026-10-02T10:20:46Z INFO [121/377] 2386f782-6f50-41da-b863-c2e2fa734c6a: 47 groups; 4.2 s; peak memory 1294 MiB.
2026-10-02T10:20:47Z INFO [122/377] 238719ad-6f93-4953-ab33-5d865241a13c: 16 groups; 1.0 s; peak memory 1294 MiB.
2026-10-02T10:20:48Z INFO [123/377] 23877e93-7b07-4ba3-9c8d-5e9980b66b53: 16 groups; 1.0 s; peak memory 1294 MiB.
2026-10-02T10:20:51Z INFO [124/377] 23880f4e-17de-4532-801f-bfb8c1fa18d9: 31 groups; 2.3 s; peak memory 1294 MiB.
2026-10-02T10:20:54Z INFO [125/377] 23885ce1-c635-4a4a-a0d2-3cf230287067: 48 groups; 3.1 s; peak memory 1294 MiB.
2026-10-02T10:20:55Z INFO [126/377] 2388f1a9-b682-4430-9c95-60ebaf252cd3: 22 groups; 1.4 s; peak memory 1294 MiB.
2026-10-02T10:20:56Z INFO [127/377] 238917bb-0f44-472e-a1a2-ae311b69a197: 22 groups; 1.3 s; peak memory 1294 MiB.
2026-10-02T10:21:00Z INFO [128/377] 2389a1cb-213e-488d-ab2e-2a428f57bf28: 50 groups; 3.6 s; peak memory 1294 MiB.
2026-10-02T10:21:01Z INFO [129/377] 238a8c19-dcb4-409d-91e9-0b05ccd276ac: 254 groups; 1.5 s; peak memory 1294 MiB.
2026-10-02T10:21:03Z INFO [130/377] 238ad6f2-8096-4732-8cf2-66ccc5b7f373: 31 groups; 1.2 s; peak memory 1294 MiB.
2026-10-02T10:21:06Z INFO [131/377] 238bc067-c73d-4aec-ab69-f18bb09399fa: 194 groups; 3.2 s; peak memory 1294 MiB.
2026-10-02T10:21:07Z INFO [132/377] 238bc57c-24c3-43c4-b250-480e14e5a1c0: 32 groups; 1.4 s; peak memory 1294 MiB.
2026-10-02T10:21:17Z INFO [133/377] 238bc975-7f22-42db-95b2-e38210de45d5: 76 groups; 10.2 s; peak memory 1294 MiB.
2026-10-02T10:21:19Z INFO [134/377] 238c3bc6-3f69-4bbb-b882-f0d951a30614: 195 groups; 1.7 s; peak memory 1294 MiB.
2026-10-02T10:21:21Z INFO [135/377] 238d8ee4-e597-4178-9ca6-075b9010294c: 35 groups; 2.3 s; peak memory 1294 MiB.
2026-10-02T10:21:23Z INFO [136/377] 238db5ff-c49b-4561-864d-02ca98a0f53d: 32 groups; 1.4 s; peak memory 1294 MiB.
2026-10-02T10:21:28Z INFO [137/377] 238deee9-52a3-4fd7-95a6-451fc3b813b1: 71 groups; 5.6 s; peak memory 1294 MiB.
2026-10-02T10:21:30Z INFO [138/377] 238df124-b561-45a5-b4e1-2d85d7504b40: 32 groups; 1.3 s; peak memory 1294 MiB.
2026-10-02T10:21:43Z INFO [139/377] 23903685-9c3b-40d6-9e34-5eaf09979552: 178 groups; 13.2 s; peak memory 1294 MiB.
2026-10-02T10:21:44Z INFO [140/377] 2391cc9f-8c52-46c8-a523-3e03dc8b1327: 32 groups; 1.5 s; peak memory 1294 MiB.
2026-10-02T10:21:48Z INFO [141/377] 23926427-95d9-45aa-b40f-e469a699334e: 54 groups; 3.4 s; peak memory 1294 MiB.
2026-10-02T10:21:51Z INFO [142/377] 23926e62-af5a-485a-9c7d-c359251efe33: 341 groups; 2.9 s; peak memory 1294 MiB.
2026-10-02T10:22:23Z INFO [143/377] 239392db-8488-4676-9266-fa7a3b2244c3: 362 groups; 32.0 s; peak memory 1294 MiB.
2026-10-02T10:22:24Z INFO [144/377] 2393b1b1-d6d5-4551-9650-cecd8270fe4f: 32 groups; 1.6 s; peak memory 1294 MiB.
2026-10-02T10:22:25Z INFO [145/377] 239439b9-e19e-4f9b-b2a4-82c44b4535f0: 22 groups; 1.3 s; peak memory 1294 MiB.
2026-10-02T10:22:27Z INFO [146/377] 23961c4d-9ab3-4283-8c45-ba1667c683b1: 35 groups; 1.6 s; peak memory 1294 MiB.
2026-10-02T10:22:28Z INFO [147/377] 239663a6-07ed-4d93-9f2c-c170727e4629: 28 groups; 1.0 s; peak memory 1294 MiB.
2026-10-02T10:22:30Z INFO [148/377] 2396a861-29b0-4061-bead-b465461d036d: 336 groups; 2.2 s; peak memory 1294 MiB.
2026-10-02T10:22:32Z INFO [149/377] 2399a4e6-49f2-4d1f-bf15-26e4d7e92435: 32 groups; 1.5 s; peak memory 1294 MiB.
2026-10-02T10:22:34Z INFO [150/377] 2399a803-0d44-4205-95fc-f6027cda1fe2: 196 groups; 2.4 s; peak memory 1294 MiB.
2026-10-02T10:22:34Z INFO [150/377] 2399a803-0d44-4205-95fc-f6027cda1fe2: checkpointed 64109 records.
2026-10-02T10:22:40Z INFO [151/377] 239c70f2-d6cb-46eb-b402-23a57d3219d9: 78 groups; 5.7 s; peak memory 1294 MiB.
2026-10-02T10:22:41Z INFO [152/377] 239cac79-da90-4be8-a30f-608628a0d6dc: 33 groups; 1.3 s; peak memory 1294 MiB.
2026-10-02T10:22:43Z INFO [153/377] 239e513e-93e0-4e8d-97a3-49184e4fb04f: 22 groups; 1.4 s; peak memory 1294 MiB.
2026-10-02T10:22:44Z INFO [154/377] 239f69f0-a8b5-4f20-b570-ae40138abaa2: 22 groups; 1.4 s; peak memory 1294 MiB.
2026-10-02T10:22:46Z INFO [155/377] 239f916d-206c-42a0-a1f3-673c38f37787: 32 groups; 1.7 s; peak memory 1294 MiB.
2026-10-02T10:22:47Z INFO [156/377] 239fa8c0-20f8-404b-ad44-23f18086fae2: 36 groups; 1.7 s; peak memory 1294 MiB.
2026-10-02T10:22:49Z INFO [157/377] 239fb32b-eb7d-45c9-b4e6-7ba84b39e28f: 32 groups; 1.6 s; peak memory 1294 MiB.
2026-10-02T10:22:51Z INFO [158/377] 23a00614-5ac1-4e40-a806-300481e4d35b: 35 groups; 1.7 s; peak memory 1294 MiB.
2026-10-02T10:22:52Z INFO [159/377] 23a0ff54-d38c-4aac-9c7a-56c9182b0815: 22 groups; 1.2 s; peak memory 1294 MiB.
2026-10-02T10:22:54Z INFO [160/377] 23a11ddb-19d6-4e38-96fe-8c5acc6c3cee: 35 groups; 1.9 s; peak memory 1294 MiB.
2026-10-02T10:22:55Z INFO [161/377] 23a187e1-ef3b-4223-ade2-2146f0039153: 22 groups; 1.3 s; peak memory 1294 MiB.
2026-10-02T10:22:57Z INFO [162/377] 23a19fa3-c500-4907-9540-ca51cfc21095: 32 groups; 1.6 s; peak memory 1294 MiB.
2026-10-02T10:22:58Z INFO [163/377] 23a1ee90-4702-4115-b266-09acf5a896e1: 22 groups; 1.3 s; peak memory 1294 MiB.
2026-10-02T10:23:00Z INFO [164/377] 23a22985-7e2d-45c8-9790-ece41a94a6ef: 32 groups; 1.6 s; peak memory 1294 MiB.
2026-10-02T10:23:01Z INFO [165/377] 23a23f59-7265-4ec8-bb51-5d65474a8cfb: 22 groups; 1.3 s; peak memory 1294 MiB.
2026-10-02T10:23:16Z INFO [166/377] 23a2f6c7-a719-456f-b360-10d3b6095628: 224 groups; 14.7 s; peak memory 1294 MiB.
2026-10-02T10:23:17Z INFO [167/377] 23a32b47-a114-44dd-924a-460ee7a25317: 22 groups; 1.3 s; peak memory 1294 MiB.
2026-10-02T10:23:18Z INFO [168/377] 23a4118f-9183-45cc-9c22-4ecaa2ede0f9: 22 groups; 1.3 s; peak memory 1294 MiB.
2026-10-02T10:23:19Z INFO [169/377] 23a44362-12a3-4251-8443-a770f0e16df9: 41 groups; 1.2 s; peak memory 1294 MiB.
2026-10-02T10:23:22Z INFO [170/377] 23a452a1-6659-4b16-b230-5b801be25a40: 32 groups; 2.4 s; peak memory 1294 MiB.
2026-10-02T10:23:33Z INFO [171/377] 23a45ef4-62b6-4e75-8c70-f4983881ae6b: 76 groups; 11.6 s; peak memory 1294 MiB.
2026-10-02T10:23:35Z INFO [172/377] 23a547a6-164d-472c-977f-570a67dc3b87: 35 groups; 2.0 s; peak memory 1294 MiB.
2026-10-02T10:23:37Z INFO [173/377] 23a56536-8d5d-4810-9ddf-2e91cfe1b55b: 29 groups; 1.0 s; peak memory 1294 MiB.
2026-10-02T10:23:38Z INFO [174/377] 23a5fe9e-fca2-4565-8702-a04a96965e19: 30 groups; 1.8 s; peak memory 1294 MiB.
2026-10-02T10:23:40Z INFO [175/377] 23a610f0-a73b-4f2f-9747-aa7f1c251f81: 29 groups; 1.6 s; peak memory 1294 MiB.
2026-10-02T10:23:42Z INFO [176/377] 23a6393c-0d23-493b-808c-11dd18c6c599: 35 groups; 2.1 s; peak memory 1294 MiB.
2026-10-02T10:23:43Z INFO [177/377] 23a70fec-f081-476b-9a13-2cb0cd3dbcc5: 32 groups; 1.5 s; peak memory 1294 MiB.
2026-10-02T10:23:45Z INFO [178/377] 23a74d02-7b04-41f3-a291-0999e9928b9e: 22 groups; 1.4 s; peak memory 1294 MiB.
2026-10-02T10:23:46Z INFO [179/377] 23a75ce8-c95a-4df7-9854-fd48186f47ba: 22 groups; 1.2 s; peak memory 1294 MiB.
2026-10-02T10:23:48Z INFO [180/377] 23a7d03a-1f39-4e25-9571-a6dba57277ae: 30 groups; 1.7 s; peak memory 1294 MiB.
2026-10-02T10:23:49Z INFO [181/377] 23a900ee-03ff-48b1-8872-f43cefafd37e: 30 groups; 1.0 s; peak memory 1294 MiB.
2026-10-02T10:23:50Z INFO [182/377] 23a96c35-f0be-4ecd-b023-5831a148aa8e: 22 groups; 1.3 s; peak memory 1294 MiB.
2026-10-02T10:23:51Z INFO [183/377] 23a97a3f-d8d4-4905-9d95-ddfb060be13e: 32 groups; 1.4 s; peak memory 1294 MiB.
2026-10-02T10:26:10Z INFO [184/377] 23aa5917-9d1a-4b70-a314-2790b9218574: 71 groups; 138.2 s; peak memory 1294 MiB.
2026-10-02T10:26:19Z INFO [185/377] 23aa8b73-7eaf-4cba-b0c7-6f90830b8823: 191 groups; 9.6 s; peak memory 1294 MiB.
2026-10-02T10:26:26Z INFO [186/377] 23ab0b67-ab69-47d1-a8f3-3ab5e6f954be: 181 groups; 6.9 s; peak memory 1294 MiB.
2026-10-02T10:26:27Z INFO [187/377] 23ab525a-b57e-4581-8fa3-10fd7936874b: 29 groups; 1.3 s; peak memory 1294 MiB.
2026-10-02T10:26:29Z INFO [188/377] 23ab80ea-6448-4e84-9722-0475acb236d2: 22 groups; 1.4 s; peak memory 1294 MiB.
2026-10-02T10:26:30Z INFO [189/377] 23ab90da-ee2d-4e64-8ac8-c3e99218e569: 32 groups; 1.5 s; peak memory 1294 MiB.
2026-10-02T10:27:05Z INFO [190/377] 23abe3a8-854c-43bf-a11d-dec2d8a7acbe: 347 groups; 35.3 s; peak memory 1294 MiB.
2026-10-02T10:27:08Z INFO [191/377] 23abf297-02d9-4504-bf00-d4185f800192: 37 groups; 2.4 s; peak memory 1294 MiB.
2026-10-02T10:27:09Z INFO [192/377] 23ad8229-c45b-4074-a442-146289e249b2: 22 groups; 1.3 s; peak memory 1294 MiB.
2026-10-02T10:27:11Z INFO [193/377] 23ada509-cd03-4285-b068-1cc6be794be9: 206 groups; 2.2 s; peak memory 1294 MiB.
2026-10-02T10:27:13Z INFO [194/377] 23ae168e-ab18-4bd7-8d7c-d9348a64686f: 253 groups; 1.4 s; peak memory 1294 MiB.
2026-10-02T10:27:36Z INFO [195/377] 23aef22a-e56b-4f8f-a133-2f30d1d26801: 23 groups; 22.7 s; peak memory 1294 MiB.
2026-10-02T10:27:37Z INFO [196/377] 23af2c50-c66e-45cc-8178-7184c92d3825: 28 groups; 1.1 s; peak memory 1294 MiB.
2026-10-02T10:27:38Z INFO [197/377] 23afc58d-b491-4280-8c7c-973d2464093d: 254 groups; 1.8 s; peak memory 1294 MiB.
2026-10-02T10:28:20Z INFO [198/377] 23b0bf08-5f9a-4a1e-b7e0-41155eea6ba8: 17 groups; 41.3 s; peak memory 1294 MiB.
2026-10-02T10:28:21Z INFO [199/377] 23b1f316-9fca-4ce9-9dac-7406da0b12ae: 35 groups; 1.7 s; peak memory 1294 MiB.
2026-10-02T10:28:23Z INFO [200/377] 23b28cc4-cbfe-41df-8373-4f3ce8004add: 33 groups; 1.7 s; peak memory 1294 MiB.
2026-10-02T10:28:23Z INFO [200/377] 23b28cc4-cbfe-41df-8373-4f3ce8004add: checkpointed 64159 records.
2026-10-02T10:28:47Z INFO [201/377] 23b30224-d42d-4d94-aae4-3b8ab2c4a1bb: 23 groups; 23.6 s; peak memory 1294 MiB.
2026-10-02T10:29:05Z INFO [202/377] 23b398eb-a99b-43d1-b4b3-e42cace78992: 222 groups; 18.2 s; peak memory 1294 MiB.
2026-10-02T10:29:07Z INFO [203/377] 23b3a4a2-0451-4144-a8ee-17253060a53e: 31 groups; 1.6 s; peak memory 1294 MiB.
2026-10-02T10:29:08Z INFO [204/377] 23b449c0-89a2-4b55-becb-22e2834273df: 22 groups; 1.2 s; peak memory 1294 MiB.
2026-10-02T10:29:19Z INFO [205/377] 23b4894a-9032-413a-800f-bfed362e6c4f: 304 groups; 11.0 s; peak memory 1294 MiB.
2026-10-02T10:29:22Z INFO [206/377] 23b50840-7c80-47e7-a480-d4250056bfd7: 48 groups; 3.4 s; peak memory 1294 MiB.
2026-10-02T10:29:24Z INFO [207/377] 23b56f10-4cb0-47c1-bd63-ae04e7d5e9c5: 35 groups; 1.6 s; peak memory 1294 MiB.
2026-10-02T10:29:26Z INFO [208/377] 23b632c6-dbfc-40ea-9540-6dd02e7bbfc8: 35 groups; 1.8 s; peak memory 1294 MiB.
2026-10-02T10:29:27Z INFO [209/377] 23b6973e-c247-4dbb-9f1b-930495e0b804: 17 groups; 1.1 s; peak memory 1294 MiB.
2026-10-02T10:29:28Z INFO [210/377] 23b72ef4-e4eb-446f-8ee8-4616a684644f: 36 groups; 1.7 s; peak memory 1294 MiB.
2026-10-02T10:29:30Z INFO [211/377] 23b84876-a6bd-4bd9-a2d0-b30f30fca9a4: 22 groups; 1.3 s; peak memory 1294 MiB.
2026-10-02T10:29:41Z INFO [212/377] 23b86f18-cb7d-41e6-905f-ca04c34113b9: 63 groups; 11.9 s; peak memory 1294 MiB.
2026-10-02T10:29:44Z INFO [213/377] 23b97b06-6208-4f93-8e00-c0c6b3fc0c16: 60 groups; 2.9 s; peak memory 1294 MiB.
2026-10-02T10:29:51Z INFO [214/377] 23ba8671-985b-48d0-b7bd-34ce8332fa3a: 66 groups; 6.9 s; peak memory 1294 MiB.
2026-10-02T10:29:54Z INFO [215/377] 23bb54f3-8046-4114-bec2-e20975b9fd0e: 197 groups; 2.7 s; peak memory 1294 MiB.
2026-10-02T10:29:57Z INFO [216/377] 23bd136e-60b7-43aa-ac53-cd27b5bb7a40: 71 groups; 3.0 s; peak memory 1294 MiB.
2026-10-02T10:29:58Z INFO [217/377] 23be4d7b-e034-4575-a3ea-f7138ba0a2cf: 22 groups; 1.3 s; peak memory 1294 MiB.
2026-10-02T10:30:00Z INFO [218/377] 23be7366-cbee-4d66-bfd3-c8793e4e53b4: 22 groups; 1.4 s; peak memory 1294 MiB.
2026-10-02T10:30:01Z INFO [219/377] 23becbfc-7a1f-4730-8ccf-d5ef071bae25: 32 groups; 1.6 s; peak memory 1294 MiB.
2026-10-02T10:30:03Z INFO [220/377] 23c034f4-b026-4201-acf2-88dcd3b02771: 201 groups; 1.6 s; peak memory 1294 MiB.
2026-10-02T10:30:06Z INFO [221/377] 23c066f1-5980-4592-877c-9b75f4ca8969: 48 groups; 3.3 s; peak memory 1294 MiB.
2026-10-02T10:30:08Z INFO [222/377] 23c09725-909c-4fa7-9f5b-99cc72797eba: 35 groups; 1.8 s; peak memory 1294 MiB.
2026-10-02T10:30:12Z INFO [223/377] 23c17501-cd29-4565-a4c0-d6f3b0e57dc7: 269 groups; 3.8 s; peak memory 1294 MiB.
2026-10-02T10:30:13Z INFO [224/377] 23c177d3-7677-468c-aaf5-68092621d1f2: 32 groups; 1.4 s; peak memory 1294 MiB.
2026-10-02T10:30:15Z INFO [225/377] 23c3405a-a5c5-4a3b-8bec-f15080596171: 32 groups; 1.5 s; peak memory 1294 MiB.
2026-10-02T10:30:16Z INFO [226/377] 23c3beb5-c756-4253-9be4-9d36bd155ddd: 22 groups; 1.0 s; peak memory 1294 MiB.
2026-10-02T10:30:17Z INFO [227/377] 23c42a0d-d85d-4962-8860-c9c85f2a4c18: 32 groups; 1.3 s; peak memory 1294 MiB.
2026-10-02T10:30:25Z INFO [228/377] 23c4c5ac-34c1-4b59-a7bd-49ae0df7c18c: 70 groups; 8.0 s; peak memory 1294 MiB.
2026-10-02T10:30:26Z INFO [229/377] 23c5328d-e959-433c-9cb7-c4e798011965: 31 groups; 1.2 s; peak memory 1294 MiB.
2026-10-02T10:30:30Z INFO [230/377] 23c54c44-3d95-4d38-ad69-b9200db83f94: 50 groups; 3.6 s; peak memory 1294 MiB.
2026-10-02T10:30:44Z INFO [231/377] 23c6110a-542c-43f8-a5d9-ba84846c76b7: 43 groups; 14.2 s; peak memory 1294 MiB.
2026-10-02T10:30:47Z INFO [232/377] 23c68f1f-813c-4962-bf13-2f3a08454c80: 81 groups; 3.2 s; peak memory 1294 MiB.
2026-10-02T10:30:49Z INFO [233/377] 23c83371-1469-4483-890a-e6366958b326: 25 groups; 1.4 s; peak memory 1294 MiB.
2026-10-02T10:31:04Z INFO [234/377] 23c91679-a461-495c-b677-9f832e328492: 334 groups; 15.8 s; peak memory 1294 MiB.
2026-10-02T10:31:09Z INFO [235/377] 23c99fe1-098d-49a4-841a-61933d0bf3ec: 880 groups; 4.7 s; peak memory 1294 MiB.
2026-10-02T10:31:10Z INFO [236/377] 23c9f909-97b8-4394-9bdd-d2246430fe90: 22 groups; 1.3 s; peak memory 1294 MiB.
2026-10-02T10:31:12Z INFO [237/377] 23ca21a7-12a4-47e1-bc48-5738e0e8fa6a: 22 groups; 1.4 s; peak memory 1294 MiB.
2026-10-02T10:31:14Z INFO [238/377] 23cb696d-0a0d-47b1-846b-0b28c029fc74: 35 groups; 1.9 s; peak memory 1294 MiB.
2026-10-02T10:31:16Z INFO [239/377] 23cb7f54-57d0-4d7a-b174-800061fffe1e: 32 groups; 2.3 s; peak memory 1294 MiB.
2026-10-02T10:31:18Z INFO [240/377] 23cb83d5-39f6-4a31-b40f-353c07e0bab0: 202 groups; 1.8 s; peak memory 1294 MiB.
2026-10-02T10:31:19Z INFO [241/377] 23cb9013-f04b-493b-90ec-d346fe9341e8: 28 groups; 1.1 s; peak memory 1294 MiB.
2026-10-02T10:31:21Z INFO [242/377] 23cbace7-4d51-4eb4-8acc-ab882c0d1ec6: 33 groups; 1.8 s; peak memory 1294 MiB.
2026-10-02T10:31:22Z INFO [243/377] 23cbcb10-5e56-40c4-a571-058e714bf183: 32 groups; 1.4 s; peak memory 1294 MiB.
2026-10-02T10:31:23Z INFO [244/377] 23cbdff3-e3fe-4576-92e4-ef84af6861d4: 26 groups; 1.3 s; peak memory 1294 MiB.
2026-10-02T10:31:25Z INFO [245/377] 23cc128e-286f-4a30-9d96-c1cf83b19f25: 16 groups; 1.0 s; peak memory 1294 MiB.
2026-10-02T10:31:26Z INFO [246/377] 23cd6f44-8a68-46c4-b26a-4b05f29cfff4: 16 groups; 1.1 s; peak memory 1294 MiB.
2026-10-02T10:31:27Z INFO [247/377] 23cd7989-4dd3-4ac4-a784-6672f85c231f: 22 groups; 1.3 s; peak memory 1294 MiB.
2026-10-02T10:31:34Z INFO [248/377] 23cde396-7a65-4747-8235-d2234f651a10: 126 groups; 7.1 s; peak memory 1294 MiB.
2026-10-02T10:32:00Z INFO [249/377] 23ce8bed-fdd7-483b-a834-c4ca83369bab: 157 groups; 25.9 s; peak memory 1294 MiB.
2026-10-02T10:32:01Z INFO [250/377] 23cf33fb-1360-43cd-9e7f-a85d666ba156: 27 groups; 1.6 s; peak memory 1294 MiB.
2026-10-02T10:32:02Z INFO [250/377] 23cf33fb-1360-43cd-9e7f-a85d666ba156: checkpointed 64209 records.
2026-10-02T10:32:03Z INFO [251/377] 23d0a32a-68e6-488a-968d-0b49ea0ffc46: 35 groups; 1.7 s; peak memory 1294 MiB.
2026-10-02T10:32:04Z INFO [252/377] 23d0d724-7fb0-4ff3-9cfa-cf39cee3b587: 22 groups; 1.1 s; peak memory 1294 MiB.
2026-10-02T10:32:08Z INFO [253/377] 23d210dd-3835-4b9b-954b-22a723c7639e: 60 groups; 3.4 s; peak memory 1294 MiB.
2026-10-02T10:32:16Z INFO [254/377] 23d22c77-8626-46fe-b5e4-3bc529f28b77: 161 groups; 8.2 s; peak memory 1294 MiB.
2026-10-02T10:32:17Z INFO [255/377] 23d257e2-efc1-4dba-8213-45655a053050: 22 groups; 1.2 s; peak memory 1294 MiB.
2026-10-02T10:32:19Z INFO [256/377] 23d26fec-5ecb-4b21-b92e-a1cce864e80b: 22 groups; 1.3 s; peak memory 1294 MiB.
2026-10-02T10:32:20Z INFO [257/377] 23d3105a-f1b3-4e75-813d-35a757c7ef01: 32 groups; 1.6 s; peak memory 1294 MiB.
2026-10-02T10:32:23Z INFO [258/377] 23d310cf-0ae1-4e62-82ca-03f9e2e6eefb: 207 groups; 2.3 s; peak memory 1294 MiB.
2026-10-02T10:32:24Z INFO [259/377] 23d35a5b-d475-4bdd-b9b9-d7a2a750d22c: 22 groups; 1.2 s; peak memory 1294 MiB.
2026-10-02T10:32:27Z INFO [260/377] 23d40160-fb92-4599-866f-876417214882: 50 groups; 3.4 s; peak memory 1294 MiB.
2026-10-02T10:32:28Z INFO [261/377] 23d45ad9-4941-4d8a-8e90-b93b0ec0a8e7: 20 groups; 1.2 s; peak memory 1294 MiB.
2026-10-02T10:32:30Z INFO [262/377] 23d4bf61-7834-4e59-bb60-23a415d1b64c: 25 groups; 1.4 s; peak memory 1294 MiB.
2026-10-02T10:32:31Z INFO [263/377] 23d6ea35-3936-4595-bbc9-464412f07a0d: 34 groups; 1.6 s; peak memory 1294 MiB.
2026-10-02T10:32:33Z INFO [264/377] 23d7327d-fe6c-4ed2-b852-5ab3d8fc3632: 35 groups; 2.0 s; peak memory 1294 MiB.
2026-10-02T10:32:34Z INFO [265/377] 23d7406d-e698-4e07-9028-6dabf34445e9: 28 groups; 1.1 s; peak memory 1294 MiB.
2026-10-02T10:32:36Z INFO [266/377] 23d7745d-6331-4647-aac1-3aa6b73e9553: 253 groups; 1.8 s; peak memory 1294 MiB.
2026-10-02T10:32:37Z INFO [267/377] 23d8329a-89eb-43a3-88ab-50a72536fbb8: 18 groups; 1.1 s; peak memory 1294 MiB.
2026-10-02T10:32:39Z INFO [268/377] 23d87368-24ba-42d7-9587-ac6757d0abc8: 337 groups; 2.1 s; peak memory 1294 MiB.
2026-10-02T10:32:45Z INFO [269/377] 23d8d2a9-ba6f-42f4-83c3-f6b253ec8d84: 126 groups; 6.0 s; peak memory 1294 MiB.
2026-10-02T10:32:52Z INFO [270/377] 23d93ba2-6f86-44c5-af6a-9c2f34a511a2: 181 groups; 6.5 s; peak memory 1294 MiB.
2026-10-02T10:32:53Z INFO [271/377] 23d9cc8d-34ae-4c41-b477-182a3e036a3c: 33 groups; 1.4 s; peak memory 1294 MiB.
2026-10-02T10:32:55Z INFO [272/377] 23d9d7f0-19ec-46d7-b2ea-fc6409661fdb: 199 groups; 2.0 s; peak memory 1294 MiB.
2026-10-02T10:32:57Z INFO [273/377] 23dbe367-11eb-47c8-8331-358ef589b0ec: 29 groups; 2.0 s; peak memory 1294 MiB.
2026-10-02T10:32:59Z INFO [274/377] 23dd8945-6424-4ab6-a8b3-d0d9ff238f0a: 22 groups; 1.4 s; peak memory 1294 MiB.
2026-10-02T10:33:00Z INFO [275/377] 23ddb3bd-2f84-4b52-a31c-40343a7a17a1: 32 groups; 1.5 s; peak memory 1294 MiB.
2026-10-02T10:33:02Z INFO [276/377] 23ddf1e3-eeac-463e-965a-93bbbb943780: 32 groups; 1.6 s; peak memory 1294 MiB.
2026-10-02T10:33:04Z INFO [277/377] 23de72d4-5cc1-4290-b467-4ba54a7fb4ec: 35 groups; 1.8 s; peak memory 1294 MiB.
2026-10-02T10:33:05Z INFO [278/377] 23df1009-876a-4c52-80f6-00348a8adadb: 202 groups; 1.5 s; peak memory 1294 MiB.
2026-10-02T10:33:06Z INFO [279/377] 23df1e6f-6872-4cbf-b78e-6bb2c546dbb1: 16 groups; 0.9 s; peak memory 1294 MiB.
2026-10-02T10:33:08Z INFO [280/377] 23df999f-0a74-4a48-8df1-4feba406bcb0: 29 groups; 1.8 s; peak memory 1294 MiB.
2026-10-02T10:33:09Z INFO [281/377] 23e0b0ae-e096-476d-987c-c8012733fec5: 30 groups; 1.5 s; peak memory 1294 MiB.
2026-10-02T10:33:12Z INFO [282/377] 23e124f2-5a87-4328-bb8f-a38a8fe0e51c: 44 groups; 3.0 s; peak memory 1294 MiB.
2026-10-02T10:33:13Z INFO [283/377] 23e15c24-0315-4535-aeeb-7d25f77ecfd2: 22 groups; 1.2 s; peak memory 1294 MiB.
2026-10-02T10:33:15Z INFO [284/377] 23e1c417-0428-4031-a2d1-6b747377d2d0: 199 groups; 1.9 s; peak memory 1294 MiB.
2026-10-02T10:33:17Z INFO [285/377] 23e2ac00-54e2-4830-9bde-3364243ea9f0: 201 groups; 1.7 s; peak memory 1294 MiB.
2026-10-02T10:33:19Z INFO [286/377] 23e2ed67-429d-4f40-b6da-eb4469ed7e2d: 33 groups; 1.9 s; peak memory 1294 MiB.
2026-10-02T10:33:22Z INFO [287/377] 23e358b2-38cf-440a-8148-e8f8c29d0ef8: 194 groups; 2.8 s; peak memory 1294 MiB.
2026-10-02T10:33:23Z INFO [288/377] 23e36879-0b90-4a8a-9b09-02f9abc996ee: 22 groups; 1.4 s; peak memory 1294 MiB.
2026-10-02T10:33:26Z INFO [289/377] 23e3fca3-4522-4b4d-966e-5bbbe56a8f2f: 48 groups; 3.2 s; peak memory 1294 MiB.
2026-10-02T10:33:28Z INFO [290/377] 23e49074-f442-435e-8962-e6de2e4eeb8d: 35 groups; 1.7 s; peak memory 1294 MiB.
2026-10-02T10:33:44Z INFO [291/377] 23e4ea66-fe2f-4c08-8a48-b4acf30e23ab: 247 groups; 16.3 s; peak memory 1294 MiB.
2026-10-02T10:33:46Z INFO [292/377] 23e570e9-90ae-41ab-8529-31ce1a423fb7: 22 groups; 1.3 s; peak memory 1294 MiB.
2026-10-02T10:33:48Z INFO [293/377] 23e5c530-3a8e-4fb2-8a9c-99ba1086815e: 201 groups; 2.7 s; peak memory 1294 MiB.
2026-10-02T10:33:51Z INFO [294/377] 23e82a56-495d-40b5-901c-925cf843d714: 47 groups; 2.5 s; peak memory 1294 MiB.
2026-10-02T10:33:53Z INFO [295/377] 23e85944-e03f-47a0-9330-f742f6378df6: 36 groups; 1.7 s; peak memory 1294 MiB.
2026-10-02T10:33:54Z INFO [296/377] 23e86267-477a-4ef1-b43d-fb62268f7f00: 28 groups; 1.3 s; peak memory 1294 MiB.
2026-10-02T10:33:55Z INFO [297/377] 23e8a1fa-ab06-4f2c-9df4-dc45bbae1058: 253 groups; 1.4 s; peak memory 1294 MiB.
2026-10-02T10:33:56Z INFO [298/377] 23e9ec56-f34b-4524-93cc-34cc2d13ed40: 16 groups; 1.0 s; peak memory 1294 MiB.
2026-10-02T10:34:09Z INFO [299/377] 23ea0309-25ac-4a82-b6c6-46f83e61d226: 22 groups; 13.0 s; peak memory 1294 MiB.
2026-10-02T10:34:11Z INFO [300/377] 23eb6025-90d3-4e61-bb9f-a36e51a84477: 43 groups; 1.8 s; peak memory 1294 MiB.
2026-10-02T10:34:11Z INFO [300/377] 23eb6025-90d3-4e61-bb9f-a36e51a84477: checkpointed 64259 records.
2026-10-02T10:34:13Z INFO [301/377] 23ebf0a3-8be6-447b-a21c-c4adcafaaff0: 32 groups; 1.4 s; peak memory 1294 MiB.
2026-10-02T10:34:14Z INFO [302/377] 23ebfd4c-64d1-4c1d-b313-f4429a3739a4: 22 groups; 1.3 s; peak memory 1294 MiB.
2026-10-02T10:34:15Z INFO [303/377] 23ec7377-db67-45be-ac21-68ea5172060a: 22 groups; 1.2 s; peak memory 1294 MiB.
2026-10-02T10:34:28Z INFO [304/377] 23ee8ab0-0fcf-491d-bcdf-029946701d1f: 249 groups; 12.4 s; peak memory 1294 MiB.
2026-10-02T10:34:29Z INFO [305/377] 23ef38fa-c13f-475d-91b0-2233f09ba87e: 25 groups; 1.5 s; peak memory 1294 MiB.
2026-10-02T10:34:31Z INFO [306/377] 23f12b3d-5f8c-45e4-a7db-a71a38da7672: 35 groups; 1.5 s; peak memory 1294 MiB.
2026-10-02T10:34:34Z INFO [307/377] 23f18e64-f869-498c-81fe-d158c429d190: 56 groups; 3.8 s; peak memory 1294 MiB.
2026-10-02T10:34:36Z INFO [308/377] 23f19353-048c-4db4-aece-ae3baa68853d: 35 groups; 1.7 s; peak memory 1294 MiB.
2026-10-02T10:34:37Z INFO [309/377] 23f27de2-436a-453f-ac45-e4ed8390fce6: 30 groups; 1.1 s; peak memory 1294 MiB.
2026-10-02T10:34:39Z INFO [310/377] 23f3c05b-42ac-42fa-ab37-f0613ee8cc0a: 35 groups; 1.9 s; peak memory 1294 MiB.
2026-10-02T10:34:53Z INFO [311/377] 23f49f1b-9a39-48c8-8dac-a63f4ccc8ca3: 232 groups; 14.0 s; peak memory 1294 MiB.
2026-10-02T10:35:09Z INFO [312/377] 23f5bd5c-d8c0-4139-9f8b-f76873029172: 289 groups; 16.0 s; peak memory 1294 MiB.
2026-10-02T10:35:11Z INFO [313/377] 23f5ee78-d650-4172-8ae1-cefe1915f35a: 35 groups; 1.8 s; peak memory 1294 MiB.
2026-10-02T10:35:15Z INFO [314/377] 23f7cfaa-67b2-47a7-bd3d-f23e2e904a1a: 47 groups; 4.0 s; peak memory 1294 MiB.
2026-10-02T10:35:25Z INFO [315/377] 23f86615-4a78-421f-84c9-7f63474905d6: 237 groups; 10.4 s; peak memory 1294 MiB.
2026-10-02T10:35:27Z INFO [316/377] 23f8e483-acf2-43c1-882c-42589371917d: 22 groups; 1.3 s; peak memory 1294 MiB.
2026-10-02T10:35:28Z INFO [317/377] 23f9a78a-c285-4b50-9de7-552b18310cd5: 22 groups; 1.3 s; peak memory 1294 MiB.
2026-10-02T10:35:32Z INFO [318/377] 23f9a856-49b3-4c23-924a-74ce1c865232: 89 groups; 4.2 s; peak memory 1294 MiB.
2026-10-02T10:35:34Z INFO [319/377] 23f9c2c8-f6d4-467d-bdf9-6ffa5a23a632: 22 groups; 1.4 s; peak memory 1294 MiB.
2026-10-02T10:35:35Z INFO [320/377] 23fa1317-ad7a-4966-8945-76e93d26cd36: 18 groups; 1.0 s; peak memory 1294 MiB.
2026-10-02T10:35:36Z INFO [321/377] 23fa4479-f86f-4ec5-8d12-17fb8b889697: 22 groups; 1.2 s; peak memory 1294 MiB.
2026-10-02T10:35:37Z INFO [322/377] 23fb032b-524f-4ffb-bed9-de0e4b7374f4: 22 groups; 1.3 s; peak memory 1294 MiB.
2026-10-02T10:35:39Z INFO [323/377] 23fb9180-a735-4922-b374-d54df18cf1bd: 35 groups; 1.6 s; peak memory 1294 MiB.
2026-10-02T10:35:41Z INFO [324/377] 23fbd2db-4dcd-429e-9156-dd99a9cf9b9a: 35 groups; 2.0 s; peak memory 1294 MiB.
2026-10-02T10:35:48Z INFO [325/377] 23fc280a-360b-409b-a03f-e45c9281313b: 330 groups; 6.9 s; peak memory 1294 MiB.
2026-10-02T10:35:51Z INFO [326/377] 23fc37df-7d0c-49db-968c-c5c12b826a2a: 48 groups; 3.1 s; peak memory 1294 MiB.
2026-10-02T10:35:52Z INFO [327/377] 23fc9d05-1c7c-49f2-a8dd-fca9ef7ad857: 16 groups; 0.9 s; peak memory 1294 MiB.
2026-10-02T10:35:53Z INFO [328/377] 23fd5021-fa3a-4b1a-9017-1afaf60575a7: 22 groups; 1.2 s; peak memory 1294 MiB.
2026-10-02T10:35:54Z INFO [329/377] 23ff500b-7974-429f-adbf-8fd262e3aad3: 26 groups; 1.2 s; peak memory 1294 MiB.
2026-10-02T10:35:56Z INFO [330/377] 23ffc191-6d32-4c7b-8019-88afd99ff350: 32 groups; 1.5 s; peak memory 1294 MiB.
2026-10-02T10:35:59Z INFO [331/377] 23ffdb18-87f7-4171-b0d8-1cf9380a77d1: 50 groups; 3.6 s; peak memory 1294 MiB.
2026-10-02T10:36:01Z INFO [332/377] 24011dc8-4003-4d2a-857c-62fc211e4497: 26 groups; 1.6 s; peak memory 1294 MiB.
2026-10-02T10:36:02Z INFO [333/377] 24011dd5-10ae-425b-b9e4-021d2838f146: 18 groups; 1.3 s; peak memory 1294 MiB.
2026-10-02T10:36:04Z INFO [334/377] 2402bcdb-7666-4750-87f2-f2f5bba0c272: 20 groups; 1.9 s; peak memory 1294 MiB.
2026-10-02T10:36:06Z INFO [335/377] 240324ac-86bf-4695-984a-cc9da030193c: 35 groups; 1.8 s; peak memory 1294 MiB.
2026-10-02T10:36:07Z INFO [336/377] 2403c653-35d8-4b08-bc22-67009edc0524: 22 groups; 1.4 s; peak memory 1294 MiB.
2026-10-02T10:36:09Z INFO [337/377] 2403e5c3-9b25-461d-a18c-1ffa2b09aa3b: 32 groups; 1.5 s; peak memory 1294 MiB.
2026-10-02T10:36:20Z INFO [338/377] 24044c74-1861-463b-86a5-4b3bbdde8fad: 205 groups; 11.3 s; peak memory 1294 MiB.
2026-10-02T10:36:21Z INFO [339/377] 2404e9a1-a5dd-4bda-bdc4-30c548a8388c: 22 groups; 1.2 s; peak memory 1294 MiB.
2026-10-02T10:36:37Z INFO [340/377] 2404fdae-fe42-4d0a-80f7-1d5d15e678b2: 218 groups; 15.9 s; peak memory 1294 MiB.
2026-10-02T10:36:38Z INFO [341/377] 24059d6e-037d-4933-a90a-e291f8b070f5: 28 groups; 1.2 s; peak memory 1294 MiB.
2026-10-02T10:36:40Z INFO [342/377] 2405b6ac-fc25-4e38-b31a-f99a418b24e7: 32 groups; 1.4 s; peak memory 1294 MiB.
2026-10-02T10:36:42Z INFO [343/377] 24063f9b-32bc-4e5e-97b6-92b374c5c29e: 17 groups; 2.5 s; peak memory 1294 MiB.
2026-10-02T10:36:44Z INFO [344/377] 24070e34-d799-46d8-9d6d-6d3d8e3fb4ce: 32 groups; 1.4 s; peak memory 1294 MiB.
2026-10-02T10:36:45Z INFO [345/377] 24088461-55a1-4f6c-a1c7-38abafebc65d: 22 groups; 1.3 s; peak memory 1294 MiB.
2026-10-02T10:36:47Z INFO [346/377] 2408ff6f-acc0-4ab8-a5a6-da611a182f84: 196 groups; 1.7 s; peak memory 1294 MiB.
2026-10-02T10:36:48Z INFO [347/377] 24090291-a449-42e7-82e3-63fd86f09ee0: 22 groups; 1.3 s; peak memory 1294 MiB.
2026-10-02T10:36:49Z INFO [348/377] 2409a0a6-1c04-495a-a784-7724b19e96d7: 29 groups; 1.2 s; peak memory 1294 MiB.
2026-10-02T10:36:51Z INFO [349/377] 240a753d-8727-4749-b2df-02e7d9d2c84b: 203 groups; 1.8 s; peak memory 1294 MiB.
2026-10-02T10:36:52Z INFO [350/377] 240ac7a7-eb8e-458a-a967-d0e6ba7bfbf1: 22 groups; 1.4 s; peak memory 1294 MiB.
2026-10-02T10:36:52Z INFO [350/377] 240ac7a7-eb8e-458a-a967-d0e6ba7bfbf1: checkpointed 64309 records.
2026-10-02T10:39:21Z INFO [351/377] 240b3133-2008-4c6a-9726-11c1212989bc: 81 groups; 148.5 s; peak memory 1294 MiB.
2026-10-02T10:39:23Z INFO [352/377] 240bb0ec-ae0e-40ec-ac09-1526f045402e: 35 groups; 2.0 s; peak memory 1294 MiB.
2026-10-02T10:39:24Z INFO [353/377] 240c5333-73b5-412b-90e4-9f26d3e0c794: 22 groups; 1.2 s; peak memory 1294 MiB.
2026-10-02T10:39:25Z INFO [354/377] 240c54ee-f724-4c8d-a05d-816f1780b8e7: 22 groups; 1.3 s; peak memory 1294 MiB.
2026-10-02T10:39:27Z INFO [355/377] 240c58a5-e40e-463a-94a8-a2b4619bae26: 22 groups; 1.3 s; peak memory 1294 MiB.
2026-10-02T10:39:28Z INFO [356/377] 240c9cd2-d938-4e2a-9179-74644087516f: 22 groups; 1.0 s; peak memory 1294 MiB.
2026-10-02T10:39:44Z INFO [357/377] 240ce9cb-2d8b-45ed-ba35-38e7b848a876: 288 groups; 15.9 s; peak memory 1294 MiB.
2026-10-02T10:39:57Z INFO [358/377] 240cf5ff-2d79-48eb-9201-6bfad00b6a82: 171 groups; 13.7 s; peak memory 1294 MiB.
2026-10-02T10:39:58Z INFO [359/377] 240d8357-7d94-4e3c-954c-f0aa3f23af72: 17 groups; 1.1 s; peak memory 1294 MiB.
2026-10-02T10:40:00Z INFO [360/377] 240e302e-d24a-4c12-aa7d-6da105b5850d: 29 groups; 1.8 s; peak memory 1294 MiB.
2026-10-02T10:40:01Z INFO [361/377] 240e5dc0-86dc-42c2-be75-29cdd79a881d: 16 groups; 1.0 s; peak memory 1294 MiB.
2026-10-02T10:40:02Z INFO [362/377] 24114297-07da-454b-b602-088978804e18: 22 groups; 1.4 s; peak memory 1294 MiB.
2026-10-02T10:40:09Z INFO [363/377] 2411bb35-0d84-41ae-965c-6f21d370e411: 121 groups; 6.7 s; peak memory 1294 MiB.
2026-10-02T10:40:11Z INFO [364/377] 2411d1d6-621c-42e7-9618-21dcc6bf4e30: 32 groups; 1.5 s; peak memory 1294 MiB.
2026-10-02T10:40:12Z INFO [365/377] 2412122c-d998-44ee-bc8c-18d6ec085f02: 22 groups; 1.2 s; peak memory 1294 MiB.
2026-10-02T10:40:14Z INFO [366/377] 2412a30c-77f2-483a-afc0-91c070337664: 35 groups; 1.9 s; peak memory 1294 MiB.
2026-10-02T10:40:15Z INFO [367/377] 24137c1b-d3c5-417a-a09d-847676d422e2: 67 groups; 1.6 s; peak memory 1294 MiB.
2026-10-02T10:40:17Z INFO [368/377] 2415a8c3-5e5a-4e72-8a16-e76ffb29d9b0: 32 groups; 1.5 s; peak memory 1294 MiB.
2026-10-02T10:40:32Z INFO [369/377] 2415dc4f-9135-4d11-9962-9535e1a29777: 590 groups; 14.8 s; peak memory 1294 MiB.
2026-10-02T10:40:33Z INFO [370/377] 241663cd-eb0d-4423-a315-6317eae1c532: 22 groups; 1.3 s; peak memory 1294 MiB.
2026-10-02T10:40:41Z INFO [371/377] 2416b752-fe88-47bb-86e9-1d2fc4c35beb: 67 groups; 8.1 s; peak memory 1294 MiB.
2026-10-02T10:40:42Z INFO [372/377] 2416f091-7da3-45e5-8d56-b43b3877fa8b: 22 groups; 1.0 s; peak memory 1294 MiB.
2026-10-02T10:40:45Z INFO [373/377] 2416f80e-180a-4b0d-9b6e-cc44308707fc: 35 groups; 2.7 s; peak memory 1294 MiB.
2026-10-02T10:40:47Z INFO [374/377] 2417514a-d60e-4272-af9a-8537244ea456: 207 groups; 2.1 s; peak memory 1294 MiB.
2026-10-02T10:40:48Z INFO [375/377] 241951b3-6082-4d90-b745-983ab90b7926: 24 groups; 1.4 s; peak memory 1294 MiB.
2026-10-02T10:40:50Z INFO [376/377] 2419b0e4-3914-4296-8d9d-deb3a6ad6d75: 32 groups; 1.9 s; peak memory 1294 MiB.
2026-10-02T10:40:52Z INFO [377/377] 2419b748-33b8-4e05-9dc8-2f604d0d963e: 33 groups; 1.7 s; peak memory 1294 MiB.
2026-10-02T10:40:52Z INFO Wrote 64336 records to /tmp/derivatives/valid_nwb_file_to_number_of_groups.jsonl (377 new, 0 failed) in 44.9 min (peak memory 1294 MiB).
