2026-09-29T01:20:11Z INFO Logging to /tmp/logs/update_2026-09-29T01-20-11Z.log.
2026-09-29T01:20:11Z INFO Update valid-nwb-file-to-number-of-groups (base directory /tmp).
2026-09-29T01:20:11Z INFO Processing 382 items (60608 already recorded).
2026-09-29T01:20:15Z INFO [1/382] 1c7546c6-be7e-402e-89c4-95d59878f3e8: 50 groups; 3.7 s; peak memory 105 MiB.
2026-09-29T01:20:17Z INFO [2/382] 1c77244a-b415-423d-b613-be42324703f4: 31 groups; 1.9 s; peak memory 106 MiB.
2026-09-29T01:20:54Z INFO [3/382] 1c777095-3cbd-4c06-b4cf-6630e03b0ac3: 17 groups; 37.4 s; peak memory 159 MiB.
2026-09-29T01:20:55Z INFO [4/382] 1c778529-a169-4a5f-8a58-3b394b51487f: 25 groups; 1.3 s; peak memory 159 MiB.
2026-09-29T01:20:57Z INFO [5/382] 1c779793-cbb9-4c60-862d-2f9c0717b861: 22 groups; 1.4 s; peak memory 159 MiB.
2026-09-29T01:20:58Z INFO [6/382] 1c78af2a-e296-4612-8a4a-099900a4adf1: 28 groups; 1.1 s; peak memory 160 MiB.
2026-09-29T01:20:59Z INFO [7/382] 1c798adf-ae5d-48cc-acc3-5b7a37595e3c: 22 groups; 1.3 s; peak memory 160 MiB.
2026-09-29T01:21:06Z INFO [8/382] 1c7a08f5-921a-43e9-8226-3538168ef128: 67 groups; 7.2 s; peak memory 160 MiB.
2026-09-29T01:21:09Z INFO [9/382] 1c7aa2e6-9bcd-4e36-bb5d-23362f39cdaa: 47 groups; 2.9 s; peak memory 160 MiB.
2026-09-29T01:21:11Z INFO [10/382] 1c7ae646-dc56-4a49-a6f4-c0a49851ced8: 202 groups; 1.8 s; peak memory 160 MiB.
2026-09-29T01:21:14Z INFO [11/382] 1c7b6f59-cf65-4c66-8fb7-b74e3a183d7a: 50 groups; 3.4 s; peak memory 160 MiB.
2026-09-29T01:21:16Z INFO [12/382] 1c7cd9cf-ae57-49ba-9726-2898bdd594fa: 195 groups; 1.7 s; peak memory 160 MiB.
2026-09-29T01:21:24Z INFO [13/382] 1c7ddbd6-5195-4978-b611-8367ee2e906b: 151 groups; 7.8 s; peak memory 160 MiB.
2026-09-29T01:21:25Z INFO [14/382] 1c7e2dec-1c27-4971-88dc-c7b0f94c2e63: 47 groups; 1.2 s; peak memory 160 MiB.
2026-09-29T01:21:27Z INFO [15/382] 1c7f1173-5558-483d-80d7-366c3fe4d3f6: 35 groups; 1.8 s; peak memory 160 MiB.
2026-09-29T01:21:29Z INFO [16/382] 1c7f2485-ba77-4a4b-a266-57bdd626ac92: 33 groups; 1.8 s; peak memory 160 MiB.
2026-09-29T01:21:30Z INFO [17/382] 1c80b228-46d6-470b-b65f-dbcef52fba7e: 25 groups; 1.6 s; peak memory 160 MiB.
2026-09-29T01:21:31Z INFO [18/382] 1c817e47-f85c-4860-8fc7-1d1af95e20be: 22 groups; 1.0 s; peak memory 161 MiB.
2026-09-29T01:21:34Z INFO [19/382] 1c85924b-17d4-4606-8836-b355b7ebe12e: 17 groups; 2.8 s; peak memory 161 MiB.
2026-09-29T01:21:36Z INFO [20/382] 1c86d1ee-1f52-4fb9-8050-c15b2e35552a: 32 groups; 1.7 s; peak memory 161 MiB.
2026-09-29T01:21:38Z INFO [21/382] 1c86e8e1-dedc-4a69-90d7-dd44bcd658d6: 59 groups; 1.8 s; peak memory 161 MiB.
2026-09-29T01:21:39Z INFO [22/382] 1c88219b-f312-4002-acbc-a1c2e7b8c5a8: 22 groups; 1.3 s; peak memory 161 MiB.
2026-09-29T01:21:55Z INFO [23/382] 1c8a0686-b42b-4609-9f03-ddff8fcfd465: 339 groups; 15.7 s; peak memory 161 MiB.
2026-09-29T01:21:56Z INFO [24/382] 1c8a48fd-f8d6-4d29-b63b-8caa35154f30: 32 groups; 1.5 s; peak memory 161 MiB.
2026-09-29T01:21:58Z INFO [25/382] 1c8b1bd3-d4ff-4d1b-98ed-1310846d52ef: 35 groups; 1.9 s; peak memory 161 MiB.
2026-09-29T01:21:59Z INFO [26/382] 1c8b7734-fc99-4374-bbbf-d487eca568a6: 25 groups; 1.1 s; peak memory 161 MiB.
2026-09-29T01:22:01Z INFO [27/382] 1c8bca2f-a75e-437d-9c7a-2c6d1caf1bc1: 29 groups; 1.6 s; peak memory 161 MiB.
2026-09-29T01:22:03Z INFO [28/382] 1c8bda3a-37d3-408f-886a-2839bb46517e: 47 groups; 2.6 s; peak memory 161 MiB.
2026-09-29T01:22:18Z INFO [29/382] 1c8bdc0f-04e0-4083-8489-89652b649a28: 445 groups; 14.7 s; peak memory 161 MiB.
2026-09-29T01:22:19Z INFO [30/382] 1c8ca8f5-205a-41f8-858b-23cdd47b01a8: 22 groups; 1.2 s; peak memory 161 MiB.
2026-09-29T01:22:25Z INFO [31/382] 1c8cf6f8-6d64-4564-89a1-70e6113e1811: 78 groups; 5.6 s; peak memory 161 MiB.
2026-09-29T01:22:26Z INFO [32/382] 1c8d55fb-e2dc-413a-90da-65d14061c135: 16 groups; 1.0 s; peak memory 161 MiB.
2026-09-29T01:22:28Z INFO [33/382] 1c8d7216-e44b-4753-9321-352d0f785a27: 48 groups; 2.3 s; peak memory 161 MiB.
2026-09-29T01:22:37Z INFO [34/382] 1c8d9f38-ca3b-4df9-a7bd-39e1eb056d54: 174 groups; 9.4 s; peak memory 161 MiB.
2026-09-29T01:22:52Z INFO [35/382] 1c8dc80c-b192-4c93-88f5-7c7e890e4735: 231 groups; 14.1 s; peak memory 162 MiB.
2026-09-29T01:22:53Z INFO [36/382] 1c8decc7-b789-4589-acbf-a5f9787ca551: 22 groups; 1.3 s; peak memory 162 MiB.
2026-09-29T01:22:55Z INFO [37/382] 1c8e13fa-c6b5-40a4-911e-f9952e058b09: 35 groups; 1.8 s; peak memory 162 MiB.
2026-09-29T01:23:02Z INFO [38/382] 1c8e2899-ade4-400b-aa80-74ec819f10c9: 71 groups; 7.7 s; peak memory 162 MiB.
2026-09-29T01:23:55Z INFO [39/382] 1c8e6205-bc2d-49e0-9ab3-606ff34e13c3: 27 groups; 52.8 s; peak memory 214 MiB.
2026-09-29T01:24:02Z INFO [40/382] 1c8e9f1f-15ca-4286-8e20-fca5e1592d32: 85 groups; 6.7 s; peak memory 214 MiB.
2026-09-29T01:24:03Z INFO [41/382] 1c8f4b2a-db0f-4d03-afce-62a610d8e9ed: 27 groups; 1.0 s; peak memory 214 MiB.
2026-09-29T01:24:05Z INFO [42/382] 1c8fecb7-bd32-4f54-94c3-cf01aead8561: 40 groups; 1.8 s; peak memory 214 MiB.
2026-09-29T01:24:06Z INFO [43/382] 1c90e057-75a6-4877-b752-fd3b1d34d802: 22 groups; 1.3 s; peak memory 214 MiB.
2026-09-29T01:24:08Z INFO [44/382] 1c9106c8-b7a6-4dcb-87e6-3d17b2e999d3: 337 groups; 2.2 s; peak memory 214 MiB.
2026-09-29T01:24:15Z INFO [45/382] 1c915056-c7ac-4680-812f-5f5b3bd0c5e5: 122 groups; 6.5 s; peak memory 214 MiB.
2026-09-29T01:24:17Z INFO [46/382] 1c915c32-8fc8-452d-b242-0ecf7a8d55e7: 33 groups; 2.0 s; peak memory 214 MiB.
2026-09-29T01:24:24Z INFO [47/382] 1c9189d3-4dd6-4f15-a457-efe48839e57b: 181 groups; 7.4 s; peak memory 214 MiB.
2026-09-29T01:24:25Z INFO [48/382] 1c91cafe-e1b1-4e38-bac5-fb07cae4f1c5: 32 groups; 1.4 s; peak memory 214 MiB.
2026-09-29T01:24:28Z INFO [49/382] 1c91cce2-3d0b-4c42-a64e-383c7658edd6: 261 groups; 2.1 s; peak memory 214 MiB.
2026-09-29T01:24:28Z INFO [50/382] 1c929943-e5e4-4da8-bfc5-e717c983fede: 16 groups; 0.9 s; peak memory 214 MiB.
2026-09-29T01:24:29Z INFO [50/382] 1c929943-e5e4-4da8-bfc5-e717c983fede: checkpointed 60658 records.
2026-09-29T01:24:30Z INFO [51/382] 1c92aa4e-33d9-4067-8d60-a41cda8ace23: 35 groups; 1.9 s; peak memory 214 MiB.
2026-09-29T01:24:42Z INFO [52/382] 1c92c766-4377-4b0e-969b-405c7d07a8dc: 76 groups; 11.1 s; peak memory 214 MiB.
2026-09-29T01:24:43Z INFO [53/382] 1c92d951-b837-4520-82dd-4d9c427fdec3: 32 groups; 1.6 s; peak memory 214 MiB.
2026-09-29T01:27:08Z INFO [54/382] 1c93c07d-d83d-4abb-9bd6-035525913669: 80 groups; 144.4 s; peak memory 279 MiB.
2026-09-29T01:27:09Z INFO [55/382] 1c95220d-d6b1-4667-9e64-d5fca2a8efaf: 32 groups; 1.7 s; peak memory 279 MiB.
2026-09-29T01:27:11Z INFO [56/382] 1c95ca6b-6069-4163-923c-1f7beeb2a965: 32 groups; 1.7 s; peak memory 279 MiB.
2026-09-29T01:27:20Z INFO [57/382] 1c965125-48a7-4fca-8b41-a5d71d2ea5bd: 159 groups; 9.0 s; peak memory 279 MiB.
2026-09-29T01:27:21Z INFO [58/382] 1c965adc-edb4-4b7c-b4fb-1418b08351bf: 35 groups; 1.3 s; peak memory 279 MiB.
2026-09-29T01:27:23Z INFO [59/382] 1c986159-d8bc-47ea-a7c1-9cde6cb0cbc0: 32 groups; 1.8 s; peak memory 279 MiB.
2026-09-29T01:27:30Z INFO [60/382] 1c98c61a-ddf7-4fa7-8302-399e9048f46a: 39 groups; 6.6 s; peak memory 279 MiB.
2026-09-29T01:27:32Z INFO [61/382] 1c9a2866-8e43-46bf-ad48-5ff7b9663171: 35 groups; 2.3 s; peak memory 279 MiB.
2026-09-29T01:27:33Z INFO [62/382] 1c9a461a-e3c8-4c0d-b764-6d49a85ca609: 18 groups; 1.0 s; peak memory 279 MiB.
2026-09-29T01:27:37Z INFO [63/382] 1c9b60ac-63cc-497d-89cd-a40bad664199: 24 groups; 4.3 s; peak memory 279 MiB.
2026-09-29T01:27:40Z INFO [64/382] 1c9b8121-53b0-4967-8fa7-318ba2d521ad: 48 groups; 2.7 s; peak memory 279 MiB.
2026-09-29T01:27:44Z INFO [65/382] 1c9d155a-7bb3-4fe6-9af3-98b292bb2569: 36 groups; 4.0 s; peak memory 279 MiB.
2026-09-29T01:27:45Z INFO [66/382] 1c9d4228-152a-4825-9490-1c1955215f6f: 103 groups; 1.4 s; peak memory 279 MiB.
2026-09-29T01:27:47Z INFO [67/382] 1c9d5129-a324-4785-a13c-a2c03e68394d: 22 groups; 1.3 s; peak memory 279 MiB.
2026-09-29T01:28:06Z INFO [68/382] 1c9f263b-365c-489b-b37c-38a4d3aec202: 323 groups; 19.0 s; peak memory 279 MiB.
2026-09-29T01:28:07Z INFO [69/382] 1c9f7439-df07-4616-9a4a-155c05f253d4: 22 groups; 1.2 s; peak memory 279 MiB.
2026-09-29T01:28:08Z INFO [70/382] 1c9f75f0-734d-4c10-a99a-1c4a54a25077: 25 groups; 1.3 s; peak memory 279 MiB.
2026-09-29T01:28:09Z INFO [71/382] 1ca0e110-ff72-40e0-8826-d7be617ec64b: 33 groups; 1.1 s; peak memory 279 MiB.
2026-09-29T01:28:11Z INFO [72/382] 1ca10c6d-1f0f-4bb3-bf8a-0b9cfa73653d: 35 groups; 1.8 s; peak memory 279 MiB.
2026-09-29T01:28:12Z INFO [73/382] 1ca128cb-8dd0-489c-aff0-09ab49636325: 22 groups; 1.2 s; peak memory 279 MiB.
2026-09-29T01:28:13Z INFO [74/382] 1ca172a5-7de1-407c-93d2-83e3db2290df: 22 groups; 1.2 s; peak memory 279 MiB.
2026-09-29T01:28:15Z INFO [75/382] 1ca1caa9-443f-4ab6-978e-fc5f6a7e418f: 32 groups; 1.7 s; peak memory 279 MiB.
2026-09-29T01:28:16Z INFO [76/382] 1ca36ceb-8d1e-4403-8737-fea3aacb3b33: 25 groups; 1.3 s; peak memory 279 MiB.
2026-09-29T01:28:18Z INFO [77/382] 1ca3da48-84bb-4761-b366-7ec6c5d614b5: 67 groups; 1.6 s; peak memory 279 MiB.
2026-09-29T01:28:20Z INFO [78/382] 1ca42e04-14c1-41f0-8a9d-3d8e2a0b0caa: 32 groups; 1.9 s; peak memory 279 MiB.
2026-09-29T01:28:26Z INFO [79/382] 1ca48418-b3fe-4895-9302-f14ba8dfacc2: 147 groups; 6.2 s; peak memory 279 MiB.
2026-09-29T01:28:28Z INFO [80/382] 1ca4b071-0d5d-4fb5-97ca-27fd6e66a819: 31 groups; 2.1 s; peak memory 279 MiB.
2026-09-29T01:28:53Z INFO [81/382] 1ca55373-91dc-4f11-989f-e378a67d3f96: 23 groups; 24.5 s; peak memory 279 MiB.
2026-09-29T01:28:54Z INFO [82/382] 1ca6eb7c-f082-4e4d-ae5d-8e74824174e3: 31 groups; 1.0 s; peak memory 279 MiB.
2026-09-29T01:28:55Z INFO [83/382] 1ca81958-f381-4fa7-a5a9-a439f6f781c7: 26 groups; 1.0 s; peak memory 279 MiB.
2026-09-29T01:28:59Z INFO [84/382] 1ca85c2b-27f2-4461-99fc-379e43a3a6eb: 79 groups; 4.0 s; peak memory 279 MiB.
2026-09-29T01:29:01Z INFO [85/382] 1ca8a50d-491f-4f7b-8765-77cc09253199: 206 groups; 2.2 s; peak memory 279 MiB.
2026-09-29T01:29:04Z INFO [86/382] 1caaf39e-0b3d-41a1-8142-78e8f43b4512: 30 groups; 2.4 s; peak memory 279 MiB.
2026-09-29T01:29:05Z INFO [87/382] 1cab00b7-7681-4a59-92a4-bf7cbbf2b2cd: 32 groups; 1.4 s; peak memory 279 MiB.
2026-09-29T01:29:08Z INFO [88/382] 1cab0c3c-8155-4e3d-9f18-a1f151a38c81: 64 groups; 3.0 s; peak memory 279 MiB.
2026-09-29T01:29:09Z INFO [89/382] 1cab339f-a771-4f01-8d76-676586f5f508: 17 groups; 0.9 s; peak memory 279 MiB.
2026-09-29T01:29:10Z INFO [90/382] 1cab6de6-f4f7-4f65-8867-23d4784b9af4: 256 groups; 1.5 s; peak memory 279 MiB.
2026-09-29T01:29:11Z INFO [91/382] 1cab95a6-4c53-4778-9dd9-ef12e2291155: 16 groups; 0.9 s; peak memory 279 MiB.
2026-09-29T01:29:12Z INFO [92/382] 1cac1314-3230-4046-b04b-3ecd7799ae07: 22 groups; 1.1 s; peak memory 279 MiB.
2026-09-29T01:29:14Z INFO [93/382] 1cac5a26-7a5d-4e31-80a7-d973d027257f: 22 groups; 1.2 s; peak memory 279 MiB.
2026-09-29T01:29:15Z INFO [94/382] 1cac94f2-3b1e-441a-9db7-298bc1ba7067: 35 groups; 1.3 s; peak memory 279 MiB.
2026-09-29T01:29:16Z INFO [95/382] 1cacd6ee-b9ef-4f37-91f3-2ff13b964c04: 22 groups; 1.2 s; peak memory 279 MiB.
2026-09-29T01:29:17Z INFO [96/382] 1cad6a1e-f724-443b-bc95-0eae4fa93f88: 31 groups; 1.0 s; peak memory 279 MiB.
2026-09-29T01:29:18Z INFO [97/382] 1cad99fc-be5d-4618-ab68-58dcbafd7e79: 32 groups; 1.3 s; peak memory 279 MiB.
2026-09-29T01:29:20Z INFO [98/382] 1cadb2aa-3cf4-4516-8efb-862d4af6c733: 35 groups; 1.7 s; peak memory 279 MiB.
2026-09-29T01:29:22Z INFO [99/382] 1cae27b5-c204-46b8-9039-1cae5be21365: 195 groups; 1.6 s; peak memory 279 MiB.
2026-09-29T01:29:31Z INFO [100/382] 1caec590-ce08-47fe-8e54-907e3e1a004c: 185 groups; 9.8 s; peak memory 279 MiB.
2026-09-29T01:29:32Z INFO [100/382] 1caec590-ce08-47fe-8e54-907e3e1a004c: checkpointed 60708 records.
2026-09-29T01:29:33Z INFO [101/382] 1caed921-946a-409a-94f1-85787e43b2ee: 31 groups; 1.0 s; peak memory 279 MiB.
2026-09-29T01:29:34Z INFO [102/382] 1caef009-e96e-470e-ad59-04eb0152267c: 29 groups; 1.5 s; peak memory 279 MiB.
2026-09-29T01:29:35Z INFO [103/382] 1caf1036-a164-4d1b-bcda-04549be4acff: 31 groups; 1.0 s; peak memory 279 MiB.
2026-09-29T01:29:36Z INFO [104/382] 1caf368f-7823-42f8-84f7-be2d3edbfc02: 22 groups; 1.3 s; peak memory 279 MiB.
2026-09-29T01:29:38Z INFO [105/382] 1cafc1aa-bc67-4271-aa81-8b6230c12fed: 22 groups; 1.2 s; peak memory 279 MiB.
2026-09-29T01:29:39Z INFO [106/382] 1cafc751-c930-4b88-9051-56b867de61c9: 31 groups; 1.0 s; peak memory 279 MiB.
2026-09-29T01:29:40Z INFO [107/382] 1cb00f2b-9f35-49e0-a6c8-ba410838134c: 31 groups; 1.4 s; peak memory 279 MiB.
2026-09-29T01:29:42Z INFO [108/382] 1cb02bd2-c645-42fd-b3bb-3a42b7f132e4: 206 groups; 2.2 s; peak memory 279 MiB.
2026-09-29T01:29:44Z INFO [109/382] 1cb05ae3-8d77-438d-8ec8-3bc9ae507a51: 32 groups; 1.6 s; peak memory 279 MiB.
2026-09-29T01:29:45Z INFO [110/382] 1cb0ecd3-c16d-4be0-9dc6-20010f2bfa9d: 22 groups; 1.3 s; peak memory 279 MiB.
2026-09-29T01:29:47Z INFO [111/382] 1cb117b3-254f-422d-b652-ba805a034598: 337 groups; 1.8 s; peak memory 279 MiB.
2026-09-29T01:29:48Z INFO [112/382] 1cb15364-89df-4926-9bc8-1f15dca94f78: 32 groups; 1.3 s; peak memory 279 MiB.
2026-09-29T01:30:05Z INFO [113/382] 1cb2a4b2-4d9f-4059-a1d8-805f4df24f7c: 215 groups; 16.3 s; peak memory 279 MiB.
2026-09-29T01:30:07Z INFO [114/382] 1cb36206-8064-4bc7-9cad-5496a610a69f: 33 groups; 2.0 s; peak memory 279 MiB.
2026-09-29T01:30:08Z INFO [115/382] 1cb53456-e381-4691-9765-d9118118b693: 22 groups; 1.2 s; peak memory 279 MiB.
2026-09-29T01:30:10Z INFO [116/382] 1cb559c1-6114-4fd5-a994-068197ea5d69: 206 groups; 2.4 s; peak memory 279 MiB.
2026-09-29T01:30:12Z INFO [117/382] 1cb5c741-134b-42f8-8fb3-fcbbc13b129b: 22 groups; 1.3 s; peak memory 279 MiB.
2026-09-29T01:30:15Z INFO [118/382] 1cb6622c-fcd5-4a74-8274-2230bbf5dea1: 50 groups; 3.8 s; peak memory 279 MiB.
2026-09-29T01:30:19Z INFO [119/382] 1cb69bf7-3361-4a9c-9997-80b55f72f36f: 50 groups; 3.5 s; peak memory 279 MiB.
2026-09-29T01:30:25Z INFO [120/382] 1cb6a6a6-abf9-4749-a9bf-cd61815bef61: 26 groups; 5.8 s; peak memory 279 MiB.
2026-09-29T01:30:26Z INFO [121/382] 1cb6dac3-dc72-4595-baf4-5a67e37517df: 30 groups; 1.4 s; peak memory 279 MiB.
2026-09-29T01:30:29Z INFO [122/382] 1cb6eec2-bacb-4fa2-8663-4d6114cd6397: 54 groups; 2.9 s; peak memory 279 MiB.
2026-09-29T01:30:31Z INFO [123/382] 1cb6f392-1be5-4652-9b55-5e78fea28695: 39 groups; 1.8 s; peak memory 279 MiB.
2026-09-29T01:39:36Z INFO [124/382] 1cb755ce-79c2-4706-b5a7-29ba039605a6: 81 groups; 545.0 s; peak memory 666 MiB.
2026-09-29T01:39:38Z INFO [125/382] 1cb7a113-7f1c-4f62-bda9-86f5c0f70e38: 20 groups; 1.8 s; peak memory 666 MiB.
2026-09-29T01:39:39Z INFO [126/382] 1cb8cc84-61b5-4dac-8db9-95bf359c4260: 25 groups; 1.4 s; peak memory 666 MiB.
2026-09-29T01:42:28Z INFO [127/382] 1cb9c1f5-dff2-448d-86ff-c817bcd5811a: 68 groups; 168.6 s; peak memory 666 MiB.
2026-09-29T01:42:29Z INFO [128/382] 1cba0f09-fd17-4c8a-affa-9b63401372f7: 201 groups; 1.7 s; peak memory 666 MiB.
2026-09-29T01:42:31Z INFO [129/382] 1cbb44b0-787d-4594-af22-3ede98636763: 22 groups; 1.3 s; peak memory 666 MiB.
2026-09-29T01:42:34Z INFO [130/382] 1cbb87bc-3117-4e56-96e0-a3beaa62d5e5: 50 groups; 3.7 s; peak memory 666 MiB.
2026-09-29T01:42:36Z INFO [131/382] 1cbbbf9c-e27f-4c64-b28c-7f4b096d8275: 32 groups; 1.4 s; peak memory 666 MiB.
2026-09-29T01:42:50Z INFO [132/382] 1cbc2cf8-4cff-459f-9902-387dba045338: 244 groups; 14.5 s; peak memory 666 MiB.
2026-09-29T01:42:52Z INFO [133/382] 1cbd6735-a4d2-4d20-a8de-1140b468bb04: 33 groups; 1.8 s; peak memory 666 MiB.
2026-09-29T01:42:56Z INFO [134/382] 1cbe4e1c-aebd-409e-be55-483b7c1b8498: 50 groups; 3.5 s; peak memory 666 MiB.
2026-09-29T01:42:58Z INFO [135/382] 1cbed917-aef2-486b-a864-d6f9d6499ede: 48 groups; 2.6 s; peak memory 666 MiB.
2026-09-29T01:43:00Z INFO [136/382] 1cc073e9-a0ce-43d3-8073-428f2f7d5b22: 29 groups; 1.7 s; peak memory 666 MiB.
2026-09-29T01:43:02Z INFO [137/382] 1cc0d6fe-4fd9-4be3-9ab7-41379b8b02ab: 49 groups; 1.8 s; peak memory 666 MiB.
2026-09-29T01:43:03Z INFO [138/382] 1cc110f0-ed43-48af-ac27-219e61a7572d: 22 groups; 1.0 s; peak memory 666 MiB.
2026-09-29T01:43:04Z INFO [139/382] 1cc197ca-7363-4d3d-8c81-38321be9a29a: 22 groups; 1.2 s; peak memory 666 MiB.
2026-09-29T01:43:22Z INFO [140/382] 1cc21348-f659-48e0-8920-6ced9d5b6a6b: 204 groups; 17.7 s; peak memory 666 MiB.
2026-09-29T01:43:23Z INFO [141/382] 1cc2a0b3-04a7-4d66-9d75-370f02bdd661: 30 groups; 1.0 s; peak memory 666 MiB.
2026-09-29T01:43:26Z INFO [142/382] 1cc375bc-caec-4653-834b-f27aff4093b3: 50 groups; 3.6 s; peak memory 666 MiB.
2026-09-29T01:43:27Z INFO [143/382] 1cc4042c-8b05-4329-b460-9d5e2d566c85: 22 groups; 1.2 s; peak memory 666 MiB.
2026-09-29T01:43:29Z INFO [144/382] 1cc49d17-de10-4566-bfa1-872913c1cd5d: 32 groups; 1.5 s; peak memory 666 MiB.
2026-09-29T01:43:30Z INFO [145/382] 1cc4d6bf-58f4-4295-96b0-a459c8a6671a: 22 groups; 1.3 s; peak memory 666 MiB.
2026-09-29T01:43:32Z INFO [146/382] 1cc552ca-c068-4631-b52a-52ddd53a74e5: 201 groups; 1.8 s; peak memory 666 MiB.
2026-09-29T01:43:33Z INFO [147/382] 1cc5f54d-d197-4cc1-953e-8ef4c2d50135: 22 groups; 1.3 s; peak memory 666 MiB.
2026-09-29T01:43:35Z INFO [148/382] 1cc66a61-40c4-4742-9bcf-ff536423d4ca: 337 groups; 1.8 s; peak memory 666 MiB.
2026-09-29T01:43:45Z INFO [149/382] 1cc6dc33-7914-466f-a6d0-3528c8a82414: 190 groups; 10.0 s; peak memory 666 MiB.
2026-09-29T01:43:55Z INFO [150/382] 1cc83b83-5680-4b77-9218-6cd797c942b9: 156 groups; 9.5 s; peak memory 666 MiB.
2026-09-29T01:43:55Z INFO [150/382] 1cc83b83-5680-4b77-9218-6cd797c942b9: checkpointed 60758 records.
2026-09-29T01:43:56Z INFO [151/382] 1cc88e56-b871-451f-9c7f-bb15de03e062: 35 groups; 1.6 s; peak memory 666 MiB.
2026-09-29T01:43:58Z INFO [152/382] 1cc8c784-ffcb-4af8-a3cd-1d70b1d9a833: 22 groups; 1.3 s; peak memory 666 MiB.
2026-09-29T01:43:59Z INFO [153/382] 1cc99a00-ac43-4863-bb23-7a3588a4f492: 28 groups; 1.1 s; peak memory 666 MiB.
2026-09-29T01:44:01Z INFO [154/382] 1cc9ab6b-d9c6-4e35-9a4e-84a2624d021d: 44 groups; 2.7 s; peak memory 666 MiB.
2026-09-29T01:44:05Z INFO [155/382] 1cc9c1b0-27e0-4f68-8971-f02abdc7ee12: 50 groups; 3.4 s; peak memory 666 MiB.
2026-09-29T01:44:06Z INFO [156/382] 1cca0e2a-d827-4bf9-a9b9-cc689f7ddbcd: 32 groups; 1.6 s; peak memory 666 MiB.
2026-09-29T01:44:08Z INFO [157/382] 1ccc4fbc-9319-47f9-8f91-155c8483163c: 201 groups; 2.0 s; peak memory 666 MiB.
2026-09-29T01:44:10Z INFO [158/382] 1cccffce-2ac6-46e0-ba21-06763ac60423: 32 groups; 1.7 s; peak memory 666 MiB.
2026-09-29T01:44:12Z INFO [159/382] 1ccd3b59-3ab9-4f68-b043-1f02b0613841: 33 groups; 2.1 s; peak memory 666 MiB.
2026-09-29T01:44:13Z INFO [160/382] 1ccea12e-5bba-4fc9-b43b-e00e368f17d6: 22 groups; 1.3 s; peak memory 666 MiB.
2026-09-29T01:45:08Z INFO [161/382] 1ccf809a-5774-4f29-be28-938d4aefe9ba: 27 groups; 54.3 s; peak memory 666 MiB.
2026-09-29T01:45:10Z INFO [162/382] 1cd00c51-eae8-4247-bc32-627aad62bb8a: 196 groups; 2.5 s; peak memory 666 MiB.
2026-09-29T01:45:12Z INFO [163/382] 1cd175da-b69a-4ebd-a453-583178564df7: 29 groups; 1.9 s; peak memory 666 MiB.
2026-09-29T01:45:19Z INFO [164/382] 1cd1b2cc-b9ea-40a2-9320-69f1ab73a5e9: 47 groups; 6.6 s; peak memory 666 MiB.
2026-09-29T01:45:43Z INFO [165/382] 1cd1bfb6-534b-4908-8785-a956a6b6aee7: 263 groups; 24.9 s; peak memory 666 MiB.
2026-09-29T01:45:45Z INFO [166/382] 1cd1d2da-cd15-49e1-b58f-fc4f6f6c6259: 22 groups; 1.2 s; peak memory 666 MiB.
2026-09-29T01:45:46Z INFO [167/382] 1cd2626a-3eea-4fb3-a346-8b80efb2b8f4: 103 groups; 1.7 s; peak memory 666 MiB.
2026-09-29T01:45:48Z INFO [168/382] 1cd31185-b1e8-4b95-b019-32fb280202b8: 103 groups; 1.6 s; peak memory 666 MiB.
2026-09-29T01:45:49Z INFO [169/382] 1cd34496-9a25-47b1-8309-ab4c83d612cb: 25 groups; 1.3 s; peak memory 666 MiB.
2026-09-29T01:45:50Z INFO [170/382] 1cd369d3-dfe0-4ca4-835e-e89e54284eb3: 31 groups; 1.1 s; peak memory 666 MiB.
2026-09-29T01:45:52Z INFO [171/382] 1cd392d1-3e17-4b84-9e63-a06abbdf2511: 22 groups; 1.2 s; peak memory 666 MiB.
2026-09-29T01:45:53Z INFO [172/382] 1cd3f1e3-6964-43eb-baf6-bc2789f35647: 22 groups; 1.1 s; peak memory 666 MiB.
2026-09-29T01:45:54Z INFO [173/382] 1cd4b2d0-9411-4263-9906-fbd65e0a1c72: 254 groups; 1.5 s; peak memory 666 MiB.
2026-09-29T01:46:03Z INFO [174/382] 1cd4ea0f-baaa-4541-a764-24b46d339ad9: 191 groups; 9.3 s; peak memory 666 MiB.
2026-09-29T01:46:05Z INFO [175/382] 1cd5ecef-833e-481a-abbe-e1194bc4b66f: 35 groups; 1.8 s; peak memory 666 MiB.
2026-09-29T01:46:09Z INFO [176/382] 1cd70b89-8278-4fbb-a1e0-5916aad0f107: 50 groups; 3.5 s; peak memory 666 MiB.
2026-09-29T01:46:11Z INFO [177/382] 1cd83a2a-0c16-47c7-a52f-8e95222735ea: 35 groups; 1.8 s; peak memory 666 MiB.
2026-09-29T01:46:12Z INFO [178/382] 1cd8f547-d0d6-4ce8-9aa8-d862ae2c547a: 32 groups; 1.6 s; peak memory 666 MiB.
2026-09-29T01:46:14Z INFO [179/382] 1cd96794-958d-41f3-a758-c5420e8518a9: 35 groups; 1.8 s; peak memory 666 MiB.
2026-09-29T01:46:18Z INFO [180/382] 1cd97776-dd30-4b54-977a-a70661124c85: 50 groups; 3.7 s; peak memory 666 MiB.
2026-09-29T01:46:19Z INFO [181/382] 1cda01af-d960-45a7-80f7-8ecbae64a836: 22 groups; 1.2 s; peak memory 666 MiB.
2026-09-29T01:46:20Z INFO [182/382] 1cda3200-d63e-4810-b979-623cf21fb044: 32 groups; 1.4 s; peak memory 666 MiB.
2026-09-29T01:46:21Z INFO [183/382] 1cdb0629-2a9c-4efc-a904-59abe7f244af: 31 groups; 1.1 s; peak memory 666 MiB.
2026-09-29T01:46:22Z INFO [184/382] 1cdb2b16-ffdb-49f2-a004-82ba38cc646c: 22 groups; 1.2 s; peak memory 666 MiB.
2026-09-29T01:46:34Z INFO [185/382] 1cdb7f14-4acb-4748-84d3-139041d1c711: 36 groups; 11.7 s; peak memory 666 MiB.
2026-09-29T01:46:35Z INFO [186/382] 1cdc2a90-e164-4e93-99ee-3c4363883774: 22 groups; 1.3 s; peak memory 666 MiB.
2026-09-29T01:46:37Z INFO [187/382] 1cdd1cc5-7922-4cc9-97cf-a9ae89739127: 32 groups; 1.4 s; peak memory 666 MiB.
2026-09-29T01:46:55Z INFO [188/382] 1cde861e-3ef5-4c3d-8736-1911cc0fb5cb: 378 groups; 18.3 s; peak memory 666 MiB.
2026-09-29T01:46:57Z INFO [189/382] 1cde943b-31a1-412c-9cdc-05ccfb7bb924: 32 groups; 1.6 s; peak memory 666 MiB.
2026-09-29T01:46:59Z INFO [190/382] 1cdfe8f7-d589-4fdc-b4fa-5894ab24a9cb: 54 groups; 2.5 s; peak memory 666 MiB.
2026-09-29T01:49:15Z INFO [191/382] 1ce090d3-f44c-4a04-9ade-5ff74f7d22fe: 68 groups; 135.9 s; peak memory 666 MiB.
2026-09-29T01:49:16Z INFO [192/382] 1ce1b8a4-c312-4636-9a03-0b21f9e78c36: 22 groups; 1.3 s; peak memory 666 MiB.
2026-09-29T01:49:18Z INFO [193/382] 1ce1f591-d1ea-4f6e-8b55-1a38cbd3c1d2: 20 groups; 1.6 s; peak memory 666 MiB.
2026-09-29T01:49:19Z INFO [194/382] 1ce22088-d284-431c-b685-535bf7e3156d: 22 groups; 1.1 s; peak memory 666 MiB.
2026-09-29T01:49:26Z INFO [195/382] 1ce36fdb-5b2e-4681-b638-e3fb09ad295a: 64 groups; 6.5 s; peak memory 666 MiB.
2026-09-29T01:49:27Z INFO [196/382] 1ce3fcbf-a154-4537-921b-cfba70caecf9: 32 groups; 1.4 s; peak memory 666 MiB.
2026-09-29T01:49:34Z INFO [197/382] 1ce5236a-8b22-4119-9277-3522bd4ba95b: 128 groups; 6.7 s; peak memory 666 MiB.
2026-09-29T01:49:35Z INFO [198/382] 1ce5dbc5-8371-4598-b27e-f14e55e7a9cf: 32 groups; 1.3 s; peak memory 666 MiB.
2026-09-29T01:49:37Z INFO [199/382] 1ce623ec-73e6-4bac-bb58-74a8c159b317: 206 groups; 2.0 s; peak memory 666 MiB.
2026-09-29T01:49:38Z INFO [200/382] 1ce67c36-4bd2-4a71-bae9-b8872b22977b: 16 groups; 1.0 s; peak memory 666 MiB.
2026-09-29T01:49:38Z INFO [200/382] 1ce67c36-4bd2-4a71-bae9-b8872b22977b: checkpointed 60808 records.
2026-09-29T01:49:40Z INFO [201/382] 1ce68687-4fd4-4c91-a26d-edb59eb06f03: 32 groups; 1.4 s; peak memory 666 MiB.
2026-09-29T01:49:41Z INFO [202/382] 1ce6a651-1342-4ab3-a616-7035ddbd8e92: 22 groups; 1.1 s; peak memory 666 MiB.
2026-09-29T01:49:43Z INFO [203/382] 1ce6b75a-d15e-4382-8d2e-11fb0684b06a: 35 groups; 1.8 s; peak memory 666 MiB.
2026-09-29T01:49:43Z INFO [204/382] 1ce6e537-1cae-45bd-b959-219a91853a20: 16 groups; 0.9 s; peak memory 666 MiB.
2026-09-29T01:49:45Z INFO [205/382] 1ce7065a-fe80-44b4-b31e-c28bd4499a1a: 22 groups; 1.2 s; peak memory 666 MiB.
2026-09-29T01:49:46Z INFO [206/382] 1ce81e19-b64e-49db-9cbf-b55893c39fd1: 32 groups; 1.5 s; peak memory 666 MiB.
2026-09-29T01:49:47Z INFO [207/382] 1cea09c2-a5be-4037-adc3-a93b174480a4: 20 groups; 1.2 s; peak memory 666 MiB.
2026-09-29T01:49:49Z INFO [208/382] 1cea853e-1e68-4371-ab41-a3eb2a36c836: 33 groups; 1.8 s; peak memory 666 MiB.
2026-09-29T01:49:51Z INFO [209/382] 1ceb0127-b0b3-4f00-8170-7ae18b20297a: 32 groups; 1.5 s; peak memory 666 MiB.
2026-09-29T01:49:54Z INFO [210/382] 1ceb0f53-332f-4514-94bd-fc4388713eae: 50 groups; 3.7 s; peak memory 666 MiB.
2026-09-29T01:50:09Z INFO [211/382] 1cec72e8-ebe5-4fb3-9955-5d409e10f210: 22 groups; 14.3 s; peak memory 666 MiB.
2026-09-29T01:50:10Z INFO [212/382] 1ced0b64-d1f2-4515-9ecb-020fda5582e6: 32 groups; 1.7 s; peak memory 666 MiB.
2026-09-29T01:50:12Z INFO [213/382] 1cedf8cc-2267-4621-8b68-fc21b8c78b6a: 33 groups; 1.7 s; peak memory 666 MiB.
2026-09-29T01:50:14Z INFO [214/382] 1cee18f5-66c0-4e6a-9291-03c878979949: 35 groups; 1.9 s; peak memory 666 MiB.
2026-09-29T01:50:45Z INFO [215/382] 1cee6c2d-6427-438d-bfaa-014737f33319: 17 groups; 31.6 s; peak memory 666 MiB.
2026-09-29T01:50:48Z INFO [216/382] 1cf05dbb-8504-45bd-87e1-f40b1c182e51: 48 groups; 2.3 s; peak memory 666 MiB.
2026-09-29T01:51:00Z INFO [217/382] 1cf13779-1d1a-480d-9c7e-152a7776dfc1: 230 groups; 12.4 s; peak memory 666 MiB.
2026-09-29T01:51:02Z INFO [218/382] 1cf56b24-4638-4d76-a68e-59993f181cc0: 32 groups; 1.7 s; peak memory 666 MiB.
2026-09-29T01:51:03Z INFO [219/382] 1cf5d4c7-de05-409f-a606-5c2ed04ae804: 22 groups; 1.1 s; peak memory 666 MiB.
2026-09-29T01:51:04Z INFO [220/382] 1cf669c7-330f-4c0d-96d4-f4be2a1f8b26: 22 groups; 1.2 s; peak memory 666 MiB.
2026-09-29T01:51:07Z INFO [221/382] 1cf6d389-d624-4273-9c07-bfda4bbdbc77: 43 groups; 2.5 s; peak memory 666 MiB.
2026-09-29T01:51:22Z INFO [222/382] 1cf71b27-5693-48a5-819b-d9d1a6da3801: 161 groups; 15.0 s; peak memory 666 MiB.
2026-09-29T01:52:12Z INFO [223/382] 1cf77f3e-f525-42f0-a7a8-14d1c6564779: 26 groups; 50.3 s; peak memory 666 MiB.
2026-09-29T01:52:14Z INFO [224/382] 1cf82d37-eb0d-4046-a620-88bb692a5875: 42 groups; 1.8 s; peak memory 666 MiB.
2026-09-29T01:52:15Z INFO [225/382] 1cf8889c-c684-4bc6-8ee2-f00c34ca07c2: 24 groups; 1.3 s; peak memory 666 MiB.
2026-09-29T01:52:16Z INFO [226/382] 1cf9ecad-e6e5-4b49-81f8-c2cffabfb2dc: 22 groups; 1.2 s; peak memory 666 MiB.
2026-09-29T01:52:18Z INFO [227/382] 1cfa8e17-6e09-424d-bcee-35e036de0f45: 33 groups; 1.8 s; peak memory 666 MiB.
2026-09-29T01:52:20Z INFO [228/382] 1cfb1460-807b-41ce-b164-8be75038a065: 35 groups; 1.6 s; peak memory 666 MiB.
2026-09-29T01:52:21Z INFO [229/382] 1cfb4210-6d9e-4edd-9dab-255e4162657f: 32 groups; 1.5 s; peak memory 666 MiB.
2026-09-29T01:52:23Z INFO [230/382] 1cfbc469-597f-42f8-ae4c-e3b6aff63806: 207 groups; 2.2 s; peak memory 666 MiB.
2026-09-29T01:52:25Z INFO [231/382] 1cfbf95b-356d-4f62-b0d6-68b098716f88: 22 groups; 1.2 s; peak memory 666 MiB.
2026-09-29T01:52:26Z INFO [232/382] 1cfd741d-1946-4e01-b26c-0db0b03fd793: 256 groups; 1.7 s; peak memory 666 MiB.
2026-09-29T01:52:28Z INFO [233/382] 1cffc313-a83c-43ac-b4cd-ff2fa81fc088: 33 groups; 1.9 s; peak memory 666 MiB.
2026-09-29T01:52:35Z INFO [234/382] 1d00096b-f3a5-4e32-b2b3-b8b1188d8dd4: 112 groups; 6.8 s; peak memory 666 MiB.
2026-09-29T01:52:37Z INFO [235/382] 1d0022e2-cf5b-4fe8-900b-37986ee2edb3: 337 groups; 1.9 s; peak memory 666 MiB.
2026-09-29T01:52:39Z INFO [236/382] 1d00245c-4ee5-403c-8a74-147158a4df85: 33 groups; 1.7 s; peak memory 666 MiB.
2026-09-29T01:52:40Z INFO [237/382] 1d00970c-1cef-4104-bee9-320ef318f388: 22 groups; 1.2 s; peak memory 666 MiB.
2026-09-29T01:52:41Z INFO [238/382] 1d00b115-9b2d-43f2-bb4e-b49df3856445: 202 groups; 1.5 s; peak memory 666 MiB.
2026-09-29T01:52:45Z INFO [239/382] 1d00be17-9d28-48a7-a2c7-2ee7b94afadd: 50 groups; 3.3 s; peak memory 666 MiB.
2026-09-29T01:52:54Z INFO [240/382] 1d01910b-01b5-49b3-8994-c3ee47f44b6c: 84 groups; 9.3 s; peak memory 666 MiB.
2026-09-29T01:52:55Z INFO [241/382] 1d019921-a0df-47ae-afac-8b40d3b3526f: 18 groups; 1.0 s; peak memory 666 MiB.
2026-09-29T01:52:56Z INFO [242/382] 1d01a2f8-d189-4a58-8d6c-fa6710041bd8: 35 groups; 1.6 s; peak memory 666 MiB.
2026-09-29T01:53:00Z INFO [243/382] 1d020e6b-52e4-4f83-9ff7-7bf535b1d8d1: 50 groups; 3.5 s; peak memory 666 MiB.
2026-09-29T01:53:03Z INFO [244/382] 1d022953-5232-4d80-8284-933c64b175aa: 52 groups; 3.1 s; peak memory 666 MiB.
2026-09-29T01:53:04Z INFO [245/382] 1d024bea-de72-4e36-9990-a637d8d83886: 22 groups; 1.3 s; peak memory 666 MiB.
2026-09-29T01:53:06Z INFO [246/382] 1d02878a-e1b6-4dba-9ab7-ed2d97aa4f33: 32 groups; 1.5 s; peak memory 666 MiB.
2026-09-29T01:53:07Z INFO [247/382] 1d036931-c55e-41e0-b26a-3e5b4a3473e5: 32 groups; 1.5 s; peak memory 666 MiB.
2026-09-29T01:53:09Z INFO [248/382] 1d0390f4-d7f3-4b0c-a130-a4f2f068a44e: 35 groups; 1.3 s; peak memory 666 MiB.
2026-09-29T01:55:25Z INFO [249/382] 1d039b2f-736d-4e91-bf48-4c29c94c2eab: 80 groups; 136.9 s; peak memory 666 MiB.
2026-09-29T01:55:30Z INFO [250/382] 1d04c2ce-cf32-42e8-a69e-efc8f20af40d: 65 groups; 4.7 s; peak memory 666 MiB.
2026-09-29T01:55:30Z INFO [250/382] 1d04c2ce-cf32-42e8-a69e-efc8f20af40d: checkpointed 60858 records.
2026-09-29T01:55:31Z INFO [251/382] 1d051d17-4648-4cb5-8d75-2ee031a8a235: 18 groups; 0.9 s; peak memory 666 MiB.
2026-09-29T01:55:34Z INFO [252/382] 1d05706a-d7b0-4931-9a2b-116a068d2860: 48 groups; 3.0 s; peak memory 666 MiB.
2026-09-29T01:55:36Z INFO [253/382] 1d073ac4-e349-4434-9127-d8191c066930: 35 groups; 2.2 s; peak memory 666 MiB.
2026-09-29T01:55:38Z INFO [254/382] 1d08a85f-9695-4edb-a2dd-20c850ec97b2: 32 groups; 1.5 s; peak memory 666 MiB.
2026-09-29T01:55:40Z INFO [255/382] 1d091911-5b67-4882-b984-d71a59436111: 199 groups; 2.0 s; peak memory 666 MiB.
2026-09-29T01:55:42Z INFO [256/382] 1d09e139-0a60-49f8-8155-6a8eba47d1f2: 207 groups; 1.9 s; peak memory 666 MiB.
2026-09-29T01:55:44Z INFO [257/382] 1d0a9386-30d1-4f1b-be54-92d6de625322: 43 groups; 2.2 s; peak memory 666 MiB.
2026-09-29T01:55:55Z INFO [258/382] 1d0ad948-9e73-4f2d-841d-20a2f8957115: 1720 groups; 11.2 s; peak memory 666 MiB.
2026-09-29T01:55:57Z INFO [259/382] 1d0aeceb-63e8-4e1c-b3fa-3f6a6ad5b7c9: 32 groups; 1.6 s; peak memory 666 MiB.
2026-09-29T01:56:00Z INFO [260/382] 1d0b910f-1e78-4a37-9033-444843f1dc78: 48 groups; 2.9 s; peak memory 666 MiB.
2026-09-29T01:56:24Z INFO [261/382] 1d0be286-c42d-4dc7-8603-6a1b9589d22b: 398 groups; 24.2 s; peak memory 666 MiB.
2026-09-29T01:56:26Z INFO [262/382] 1d0c0261-dd7a-4153-ac9d-b9a0ea65abe1: 33 groups; 2.2 s; peak memory 666 MiB.
2026-09-29T01:56:28Z INFO [263/382] 1d0c7e0d-7f27-4069-8749-a8d999237470: 32 groups; 1.5 s; peak memory 666 MiB.
2026-09-29T01:56:32Z INFO [264/382] 1d0ce60b-629e-43a2-9f01-2d5516ee818c: 57 groups; 4.1 s; peak memory 666 MiB.
2026-09-29T01:56:33Z INFO [265/382] 1d0ceede-318d-4987-8731-d9e9585ea1b1: 22 groups; 1.1 s; peak memory 666 MiB.
2026-09-29T01:56:35Z INFO [266/382] 1d0d9f8b-451a-4646-a779-8e4f6a890502: 33 groups; 1.8 s; peak memory 666 MiB.
2026-09-29T01:56:36Z INFO [267/382] 1d0dbd98-897c-46ea-826d-de3e22689872: 22 groups; 1.2 s; peak memory 666 MiB.
2026-09-29T01:56:37Z INFO [268/382] 1d0e7b18-6192-4d0c-a5ad-fb1594ee7b38: 32 groups; 1.6 s; peak memory 666 MiB.
2026-09-29T01:56:40Z INFO [269/382] 1d0ec8af-d583-4d1a-8785-78ac24ef5c1e: 337 groups; 2.1 s; peak memory 666 MiB.
2026-09-29T01:56:41Z INFO [270/382] 1d0edd8b-c91a-4f4b-95e1-9d1e51a5a86a: 17 groups; 1.2 s; peak memory 666 MiB.
2026-09-29T01:56:58Z INFO [271/382] 1d0f1582-a429-4a13-a570-64413e15e479: 157 groups; 17.5 s; peak memory 666 MiB.
2026-09-29T01:57:00Z INFO [272/382] 1d0f4fc9-c27b-49e0-93dc-57273d527e7d: 35 groups; 1.8 s; peak memory 666 MiB.
2026-09-29T01:57:02Z INFO [273/382] 1d0f52a8-681b-4798-9ebb-799c137b117c: 35 groups; 1.7 s; peak memory 666 MiB.
2026-09-29T01:57:03Z INFO [274/382] 1d0f90e1-b663-4997-94ac-25e8f5950aa3: 32 groups; 1.5 s; peak memory 666 MiB.
2026-09-29T01:57:05Z INFO [275/382] 1d0fc676-8126-4830-a8ac-af98c52791da: 35 groups; 1.9 s; peak memory 666 MiB.
2026-09-29T01:57:07Z INFO [276/382] 1d101de6-ff85-4da9-99d5-d093d8c7e718: 253 groups; 1.5 s; peak memory 666 MiB.
2026-09-29T01:57:31Z INFO [277/382] 1d108ba9-4a85-4896-a4b4-0931f2cfff47: 23 groups; 24.1 s; peak memory 666 MiB.
2026-09-29T01:57:32Z INFO [278/382] 1d10a6ec-72af-4d58-ad2c-9b87751349c8: 32 groups; 1.4 s; peak memory 666 MiB.
2026-09-29T01:57:35Z INFO [279/382] 1d113359-45b3-4c14-a842-b2b1c0861190: 48 groups; 2.8 s; peak memory 666 MiB.
2026-09-29T01:57:36Z INFO [280/382] 1d128541-081c-4892-979a-72ccdbb309a0: 22 groups; 1.3 s; peak memory 666 MiB.
2026-09-29T01:57:38Z INFO [281/382] 1d12d61c-d2db-46ff-9063-27d7388cf0c1: 22 groups; 1.3 s; peak memory 666 MiB.
2026-09-29T01:57:39Z INFO [282/382] 1d132a50-bf5a-49e0-b144-663c6c92949b: 22 groups; 1.1 s; peak memory 666 MiB.
2026-09-29T01:57:40Z INFO [283/382] 1d13d176-99d1-4c11-9cb5-8e3d019a57a6: 35 groups; 1.9 s; peak memory 666 MiB.
2026-09-29T01:57:42Z INFO [284/382] 1d143496-94f0-4481-8d7b-eeb14a74e83b: 22 groups; 1.2 s; peak memory 666 MiB.
2026-09-29T01:57:43Z INFO [285/382] 1d14605b-a9bb-4c2b-b961-9f3e4584be12: 253 groups; 1.2 s; peak memory 666 MiB.
2026-09-29T01:57:44Z INFO [286/382] 1d1470a6-f899-4080-90d7-de15a023ee5b: 24 groups; 1.1 s; peak memory 666 MiB.
2026-09-29T01:57:45Z INFO [287/382] 1d149408-7642-4de2-853f-a9e7edba48bc: 16 groups; 1.1 s; peak memory 666 MiB.
2026-09-29T01:57:48Z INFO [288/382] 1d14942d-ee29-41b7-b6cd-3d6428454ecc: 46 groups; 2.9 s; peak memory 666 MiB.
2026-09-29T01:57:49Z INFO [289/382] 1d151e15-c03b-4620-9b25-12e585908663: 22 groups; 1.3 s; peak memory 666 MiB.
2026-09-29T01:57:50Z INFO [290/382] 1d15e7bc-2d2d-4808-9efc-129d289534de: 28 groups; 1.1 s; peak memory 666 MiB.
2026-09-29T01:57:52Z INFO [291/382] 1d1669cd-c3e0-4cc1-a1b8-1bfc75de2d55: 32 groups; 1.4 s; peak memory 666 MiB.
2026-09-29T01:57:53Z INFO [292/382] 1d16a7f0-74e2-4713-b521-72f65a14e6aa: 32 groups; 1.6 s; peak memory 666 MiB.
2026-09-29T01:58:07Z INFO [293/382] 1d174ea3-f4e8-4ab3-8c8f-67b637a00ceb: 112 groups; 13.9 s; peak memory 666 MiB.
2026-09-29T01:58:08Z INFO [294/382] 1d1788ff-11c6-4c9c-97d5-3b987b72698e: 22 groups; 1.2 s; peak memory 666 MiB.
2026-09-29T01:58:10Z INFO [295/382] 1d180bd4-cf1f-4509-99cf-9660fb487aec: 22 groups; 1.2 s; peak memory 666 MiB.
2026-09-29T01:58:12Z INFO [296/382] 1d194dc1-c9a0-4819-9172-249696d8c51e: 336 groups; 2.0 s; peak memory 666 MiB.
2026-09-29T01:58:13Z INFO [297/382] 1d195b95-d256-4bf6-b51c-2cf6f768d623: 203 groups; 1.6 s; peak memory 666 MiB.
2026-09-29T01:58:25Z INFO [298/382] 1d19e6a3-dd7a-497c-9235-cd441d7434c1: 24 groups; 11.6 s; peak memory 666 MiB.
2026-09-29T01:58:26Z INFO [299/382] 1d1ab247-601a-4967-a651-ffc041dc24ea: 22 groups; 1.2 s; peak memory 666 MiB.
2026-09-29T01:58:28Z INFO [300/382] 1d1b2d93-6ab4-4a75-a35d-88969eb8582b: 32 groups; 1.5 s; peak memory 666 MiB.
2026-09-29T01:58:28Z INFO [300/382] 1d1b2d93-6ab4-4a75-a35d-88969eb8582b: checkpointed 60908 records.
2026-09-29T01:58:29Z INFO [301/382] 1d1b61fa-3759-4d1f-ba90-df27cc511e05: 32 groups; 1.5 s; peak memory 666 MiB.
2026-09-29T01:58:31Z INFO [302/382] 1d1b97c1-bd4f-40f4-b765-76977988ef0a: 199 groups; 1.7 s; peak memory 666 MiB.
2026-09-29T01:58:32Z INFO [303/382] 1d1e30ef-b182-4566-aea6-e76faa4dc7a4: 29 groups; 1.2 s; peak memory 666 MiB.
2026-09-29T01:58:34Z INFO [304/382] 1d1ef16f-8963-4a7e-99fe-ac24267c1b38: 34 groups; 2.0 s; peak memory 666 MiB.
2026-09-29T01:58:37Z INFO [305/382] 1d1f2340-11c3-4c15-a28d-6614c06aa1c2: 52 groups; 2.6 s; peak memory 666 MiB.
2026-09-29T01:58:38Z INFO [306/382] 1d207737-d312-4f6e-a36c-6a5d2f959488: 32 groups; 1.4 s; peak memory 666 MiB.
2026-09-29T01:58:47Z INFO [307/382] 1d2093ad-a67c-4ab8-b3eb-7851b9718055: 1521 groups; 8.7 s; peak memory 666 MiB.
2026-09-29T02:08:47Z INFO [308/382] 1d211211-1807-4da1-a7f4-8c5d54bc3923: 46 groups; 600.2 s; peak memory 1143 MiB.
2026-09-29T02:08:49Z INFO [309/382] 1d225eb1-2e04-472e-96aa-89bb14c77715: 32 groups; 1.9 s; peak memory 1143 MiB.
2026-09-29T02:08:51Z INFO [310/382] 1d2337f2-2e53-4cca-b0ea-56832e51182e: 35 groups; 2.3 s; peak memory 1143 MiB.
2026-09-29T02:08:53Z INFO [311/382] 1d24da57-eda7-4f81-8dd4-0ec434c5f74d: 22 groups; 1.3 s; peak memory 1143 MiB.
2026-09-29T02:08:54Z INFO [312/382] 1d250bd2-1bde-441e-bcc6-c582531809bb: 32 groups; 1.6 s; peak memory 1143 MiB.
2026-09-29T02:09:01Z INFO [313/382] 1d258732-a70b-4f40-b428-457e71e6b9e8: 114 groups; 6.9 s; peak memory 1143 MiB.
2026-09-29T02:09:03Z INFO [314/382] 1d26dd21-7fd1-4d18-ba26-143e3ac51152: 252 groups; 1.5 s; peak memory 1143 MiB.
2026-09-29T02:09:04Z INFO [315/382] 1d2760ec-09f5-4394-befc-f33a97d9e6ce: 35 groups; 1.8 s; peak memory 1143 MiB.
2026-09-29T02:09:06Z INFO [316/382] 1d279127-bd5a-4e34-9eb4-d08075550f7e: 32 groups; 1.5 s; peak memory 1143 MiB.
2026-09-29T02:09:17Z INFO [317/382] 1d2963f8-d7c4-4e26-9260-da2120a4dd5f: 1686 groups; 11.2 s; peak memory 1143 MiB.
2026-09-29T02:09:19Z INFO [318/382] 1d29719d-fa70-40c0-bb0f-3ecd91fb1124: 34 groups; 1.6 s; peak memory 1143 MiB.
2026-09-29T02:09:21Z INFO [319/382] 1d29d50e-5553-44b2-8b9f-b259c54a7b51: 32 groups; 1.7 s; peak memory 1143 MiB.
2026-09-29T02:09:23Z INFO [320/382] 1d2bd393-b141-447c-9a3a-d6a475d32769: 34 groups; 2.0 s; peak memory 1143 MiB.
2026-09-29T02:09:27Z INFO [321/382] 1d2bdabd-e529-4617-9b41-1d93ff7c35e3: 62 groups; 4.5 s; peak memory 1143 MiB.
2026-09-29T02:09:29Z INFO [322/382] 1d2ce440-70af-4c02-815b-e3589e0ba4ac: 32 groups; 1.6 s; peak memory 1143 MiB.
2026-09-29T02:09:31Z INFO [323/382] 1d2d0ef0-99ae-47d9-b4ff-219d2ba65e46: 200 groups; 1.9 s; peak memory 1143 MiB.
2026-09-29T02:11:58Z INFO [324/382] 1d2d18b8-d275-4826-8135-9f641e69ae20: 77 groups; 147.1 s; peak memory 1143 MiB.
2026-09-29T02:11:59Z INFO [325/382] 1d2d25df-f8f7-4662-bf09-807e819503a8: 35 groups; 1.8 s; peak memory 1143 MiB.
2026-09-29T02:12:02Z INFO [326/382] 1d2d8359-1979-46f5-a8f6-ccc66803fc56: 48 groups; 2.8 s; peak memory 1143 MiB.
2026-09-29T02:12:03Z INFO [327/382] 1d2dbc63-3d46-43eb-9adf-a11e74d40827: 22 groups; 1.2 s; peak memory 1143 MiB.
2026-09-29T02:12:09Z INFO [328/382] 1d2e17fe-b4b3-4a75-8383-07705db540b6: 124 groups; 5.2 s; peak memory 1143 MiB.
2026-09-29T02:12:16Z INFO [329/382] 1d2e1c06-e4a9-4bfd-8e2a-43a37f1d0916: 181 groups; 7.2 s; peak memory 1143 MiB.
2026-09-29T02:12:24Z INFO [330/382] 1d2e2c12-a356-49f4-9143-8acb601a3a36: 181 groups; 7.9 s; peak memory 1143 MiB.
2026-09-29T02:12:25Z INFO [331/382] 1d2eb54a-9e30-4851-a04d-8cfd3d5335b0: 24 groups; 1.6 s; peak memory 1143 MiB.
2026-09-29T02:12:28Z INFO [332/382] 1d2eeab4-5861-4ab2-ac90-d372b07b6068: 341 groups; 2.3 s; peak memory 1143 MiB.
2026-09-29T02:12:31Z INFO [333/382] 1d2ef3db-c4e5-40b9-acc8-ce31b5e05e2b: 48 groups; 3.0 s; peak memory 1143 MiB.
2026-09-29T02:12:32Z INFO [334/382] 1d2fe2cb-d2bc-4ea8-8fcf-271a066dffef: 32 groups; 1.6 s; peak memory 1143 MiB.
2026-09-29T02:12:34Z INFO [335/382] 1d2fe5c6-d0ce-42a4-9a06-c6cc43e0b795: 35 groups; 2.0 s; peak memory 1143 MiB.
2026-09-29T02:12:36Z INFO [336/382] 1d2ff430-115b-486d-b331-19dbe6d22621: 26 groups; 1.3 s; peak memory 1143 MiB.
2026-09-29T02:12:37Z INFO [337/382] 1d3002bf-c389-40b8-8795-34b282480f3b: 32 groups; 1.8 s; peak memory 1143 MiB.
2026-09-29T02:12:39Z INFO [338/382] 1d3031af-2e09-469a-96e2-52cb2fb4178b: 22 groups; 1.2 s; peak memory 1143 MiB.
2026-09-29T02:12:40Z INFO [339/382] 1d3048a4-d35e-41d8-ae25-a25640815922: 30 groups; 1.0 s; peak memory 1143 MiB.
2026-09-29T02:13:35Z INFO [340/382] 1d30c942-4c02-478d-b8bc-1e256728856b: 26 groups; 55.5 s; peak memory 1143 MiB.
2026-09-29T02:13:54Z INFO [341/382] 1d31055e-c47c-4e37-9272-f8caa53aa0c0: 255 groups; 18.5 s; peak memory 1143 MiB.
2026-09-29T02:14:08Z INFO [342/382] 1d310e5b-e3bc-48fe-8dde-21c98a04e78f: 155 groups; 13.9 s; peak memory 1143 MiB.
2026-09-29T02:14:09Z INFO [343/382] 1d3119bb-f1c1-463e-ab9b-a24b89198c30: 32 groups; 1.7 s; peak memory 1143 MiB.
2026-09-29T02:14:14Z INFO [344/382] 1d313b95-39cb-44ed-9f22-39c8d25be4c9: 129 groups; 4.5 s; peak memory 1143 MiB.
2026-09-29T02:14:15Z INFO [345/382] 1d31400c-3550-4b85-a1ee-3a980146344b: 35 groups; 1.5 s; peak memory 1143 MiB.
2026-09-29T02:14:17Z INFO [346/382] 1d3220f5-034e-4c7a-ba7f-445433b5d067: 22 groups; 1.3 s; peak memory 1143 MiB.
2026-09-29T02:14:18Z INFO [347/382] 1d32a8e2-6cbd-4f6d-a11f-7939d6c3f7c9: 32 groups; 1.4 s; peak memory 1143 MiB.
2026-09-29T02:14:19Z INFO [348/382] 1d32c2c7-68e5-4723-80a7-782b463e2f36: 22 groups; 1.3 s; peak memory 1143 MiB.
2026-09-29T02:14:22Z INFO [349/382] 1d357c04-bfd9-46d5-abba-ac056496b0e8: 207 groups; 2.5 s; peak memory 1143 MiB.
2026-09-29T02:14:23Z INFO [350/382] 1d36cb6a-b65d-4e1c-b3d7-3e27e2a9a262: 16 groups; 1.0 s; peak memory 1143 MiB.
2026-09-29T02:14:23Z INFO [350/382] 1d36cb6a-b65d-4e1c-b3d7-3e27e2a9a262: checkpointed 60958 records.
2026-09-29T02:14:24Z INFO [351/382] 1d3723e5-08a8-4e16-b206-ec6bcc4e61bb: 32 groups; 1.6 s; peak memory 1143 MiB.
2026-09-29T02:14:26Z INFO [352/382] 1d375bfa-d9c9-42ce-9202-2027e5cca4d5: 252 groups; 1.3 s; peak memory 1143 MiB.
2026-09-29T02:14:28Z INFO [353/382] 1d3783e0-0d38-42ed-ae98-435ed87c080c: 35 groups; 1.9 s; peak memory 1143 MiB.
2026-09-29T02:14:29Z INFO [354/382] 1d37ce02-4d90-4f63-9622-27102747b6b8: 71 groups; 1.5 s; peak memory 1143 MiB.
2026-09-29T02:14:42Z INFO [355/382] 1d3861fb-6903-4e5a-b34d-2829ad7c5779: 35 groups; 12.8 s; peak memory 1143 MiB.
2026-09-29T02:14:44Z INFO [356/382] 1d3994e4-72e8-4a65-9fe4-2658d9f6fa78: 33 groups; 1.6 s; peak memory 1143 MiB.
2026-09-29T02:14:46Z INFO [357/382] 1d39f83c-a6e8-457e-93c6-41d8907b5c0f: 48 groups; 2.4 s; peak memory 1143 MiB.
2026-09-29T02:14:47Z INFO [358/382] 1d39f8c5-43c7-429e-928a-7f4fbad0eadd: 28 groups; 1.1 s; peak memory 1143 MiB.
2026-09-29T02:14:48Z INFO [359/382] 1d3b03d0-0d6d-4173-b6c0-e19c9e2a0d08: 16 groups; 1.0 s; peak memory 1143 MiB.
2026-09-29T02:14:49Z INFO [360/382] 1d3b2275-39c2-4c55-8ebd-f3fea1030995: 22 groups; 1.3 s; peak memory 1143 MiB.
2026-09-29T02:14:53Z INFO [361/382] 1d3ba0f0-40a8-4518-941f-b38f1e01d437: 54 groups; 3.2 s; peak memory 1143 MiB.
2026-09-29T02:15:02Z INFO [362/382] 1d3bbf79-ba54-4c2b-b017-d2b57387edf9: 63 groups; 9.9 s; peak memory 1143 MiB.
2026-09-29T02:15:04Z INFO [363/382] 1d3c0b73-a1aa-4bae-bcdb-d5ab7fd81484: 17 groups; 1.2 s; peak memory 1143 MiB.
2026-09-29T02:15:05Z INFO [364/382] 1d3c3c6d-0bea-42aa-a5ce-95d029a4b6b6: 22 groups; 1.2 s; peak memory 1143 MiB.
2026-09-29T02:15:06Z INFO [365/382] 1d3cd867-65c4-407b-abd6-f6f949e6e12d: 18 groups; 0.9 s; peak memory 1143 MiB.
2026-09-29T02:15:07Z INFO [366/382] 1d3ceba3-d60d-45fa-acb2-80da40890675: 24 groups; 1.0 s; peak memory 1143 MiB.
2026-09-29T02:15:09Z INFO [367/382] 1d3cfb95-e5c8-4b93-8cf7-602df672ff7c: 54 groups; 2.5 s; peak memory 1143 MiB.
2026-09-29T02:15:10Z INFO [368/382] 1d3d10df-a836-4161-964a-a030bc1b66d0: 28 groups; 1.3 s; peak memory 1143 MiB.
2026-09-29T02:15:12Z INFO [369/382] 1d3e5f24-a023-4d99-98db-fb096cfefcbb: 32 groups; 1.4 s; peak memory 1143 MiB.
2026-09-29T02:15:13Z INFO [370/382] 1d3f05dd-7e1d-4d42-8287-149aa9bed922: 32 groups; 1.2 s; peak memory 1143 MiB.
2026-09-29T02:15:14Z INFO [371/382] 1d3f6f21-3140-4f44-82f7-aec7550d0aa3: 27 groups; 1.1 s; peak memory 1143 MiB.
2026-09-29T02:15:15Z INFO [372/382] 1d3f7379-e2f3-495d-a9cd-a0cc0f52cf4f: 25 groups; 1.3 s; peak memory 1143 MiB.
2026-09-29T02:15:25Z INFO [373/382] 1d40cf22-148a-4f14-94a8-ff442bb06af0: 68 groups; 9.9 s; peak memory 1143 MiB.
2026-09-29T02:15:27Z INFO [374/382] 1d418b23-9421-4b14-8410-4f0562bebf1c: 29 groups; 1.5 s; peak memory 1143 MiB.
2026-09-29T02:15:28Z INFO [375/382] 1d41f909-3824-4dfa-83a9-36976b82efdc: 26 groups; 0.9 s; peak memory 1143 MiB.
2026-09-29T02:15:42Z INFO [376/382] 1d420b60-9ace-4675-a60d-cb1a62eed03e: 2379 groups; 14.1 s; peak memory 1143 MiB.
2026-09-29T02:15:43Z INFO [377/382] 1d429383-9cfc-4580-ad4b-dd0c0273ece6: 22 groups; 1.4 s; peak memory 1143 MiB.
2026-09-29T02:15:45Z INFO [378/382] 1d42a063-4f9b-4fa1-a5c0-6bc5ac0e6a74: 22 groups; 1.3 s; peak memory 1143 MiB.
2026-09-29T02:15:47Z INFO [379/382] 1d42f191-d091-44ec-8cb5-e0e4a48c9d28: 35 groups; 2.1 s; peak memory 1143 MiB.
2026-09-29T02:15:52Z INFO [380/382] 1d431c4d-4f01-4ee1-94b1-ec3a1a6d15ad: 648 groups; 5.4 s; peak memory 1143 MiB.
2026-09-29T02:15:54Z INFO [381/382] 1d432ab1-13a1-428c-b377-0b6e39d6a3b4: 25 groups; 1.3 s; peak memory 1143 MiB.
2026-09-29T02:15:56Z INFO [382/382] 1d442189-4225-4714-a105-c5d0252b763e: 48 groups; 2.4 s; peak memory 1143 MiB.
2026-09-29T02:15:56Z INFO Wrote 60990 records to /tmp/derivatives/valid_nwb_file_to_number_of_groups.jsonl (382 new, 0 failed) in 55.7 min (peak memory 1143 MiB).
