2026-09-12T21:44:03Z INFO Logging to /tmp/logs/update_2026-09-12T21-44-03Z.log.
2026-09-12T21:44:03Z INFO Processing 364 newly valid content IDs.
2026-09-12T21:44:11Z INFO [1/364] 003c6438-94bb-401d-b426-d125ccdd15a4: 63 groups (HDF5, 22283.2 MB; 7.1 s; peak memory 109 MiB)
2026-09-12T21:44:17Z INFO [2/364] 007018fc-d278-48bf-b56a-2eda2fb6811c: 234 groups (HDF5, 50.8 MB; 6.3 s; peak memory 150 MiB)
2026-09-12T21:44:17Z INFO [3/364] 009fcda5-6aa8-4363-a9ea-269eb8b0a5fd: 25 groups (HDF5, 0.2 MB; 0.5 s; peak memory 150 MiB)
2026-09-12T21:44:18Z INFO [4/364] 032ffa8b-0720-477a-90b8-5b89e20e76ab: 29 groups (HDF5, 0.2 MB; 0.4 s; peak memory 150 MiB)
2026-09-12T21:44:18Z INFO [5/364] 0403258f-c3ba-4a4b-a0d5-bdfa44dd6ebb: 254 groups (HDF5, 1.2 MB; 0.6 s; peak memory 150 MiB)
2026-09-12T21:44:19Z INFO [6/364] 0452c740-1db2-4d12-886f-02f86912e582: 33 groups (HDF5, 5493.5 MB; 0.8 s; peak memory 150 MiB)
2026-09-12T21:44:20Z INFO [7/364] 04e1594c-5f1b-4f03-9fbe-520f770fb03c: 32 groups (HDF5, 0.9 MB; 0.6 s; peak memory 150 MiB)
2026-09-12T21:44:43Z INFO [8/364] 0560db0f-2792-4dc3-bf36-de97bc8cda72: 26 groups (HDF5, 2146.9 MB; 23.7 s; peak memory 186 MiB)
2026-09-12T21:44:44Z INFO [9/364] 058dc497-c258-4b0e-a443-366d84286c71: 35 groups (HDF5, 0.9 MB; 0.6 s; peak memory 186 MiB)
2026-09-12T21:44:46Z INFO [10/364] 05d36aac-2a12-47a7-90de-e4eb7e09c8a9: 50 groups (HDF5, 196.0 MB; 1.5 s; peak memory 186 MiB)
2026-09-12T21:44:46Z INFO [11/364] 0683a436-40bf-4a4c-b55c-0c4654152a63: 41 groups (HDF5, 6.6 MB; 0.5 s; peak memory 186 MiB)
2026-09-12T21:44:46Z INFO [12/364] 069679d3-1411-4f72-a64a-e2ae3fef65b4: 27 groups (HDF5, 0.2 MB; 0.4 s; peak memory 186 MiB)
2026-09-12T21:44:51Z INFO [13/364] 0839d4b3-3260-474f-ad28-cb8b79b18146: 76 groups (HDF5, 199.3 MB; 4.9 s; peak memory 186 MiB)
2026-09-12T21:44:52Z INFO [14/364] 08ebb32b-c441-470d-9c4f-4515b278111b: 31 groups (HDF5, 0.2 MB; 0.5 s; peak memory 186 MiB)
2026-09-12T21:45:06Z INFO [15/364] 0935ef38-0853-498e-b10a-e8866db09159: 23 groups (HDF5, 44525.2 MB; 14.0 s; peak memory 186 MiB)
2026-09-12T21:45:07Z INFO [16/364] 0ba33b39-d367-483b-b412-a7b759e98b01: 32 groups (HDF5, 2.0 MB; 0.8 s; peak memory 186 MiB)
2026-09-12T21:45:07Z INFO [17/364] 0bab896b-9f03-4b14-b251-c744858e339c: 22 groups (HDF5, 84.1 MB; 0.6 s; peak memory 186 MiB)
2026-09-12T21:45:08Z INFO [18/364] 0bb5e152-671c-4cf3-a803-8b01fea46af8: 32 groups (HDF5, 1.5 MB; 0.6 s; peak memory 186 MiB)
2026-09-12T21:45:08Z INFO [19/364] 0c7591e0-e00a-45c0-b373-218838338a1c: 24 groups (HDF5, 0.3 MB; 0.4 s; peak memory 186 MiB)
2026-09-12T21:45:10Z INFO [20/364] 0e61cb02-0762-49a6-a393-ed6cb2877d6c: 47 groups (HDF5, 195.9 MB; 1.4 s; peak memory 186 MiB)
2026-09-12T21:45:10Z INFO [21/364] 0f663d01-4e85-4081-9217-10f64c0d3f70: 35 groups (HDF5, 1.2 MB; 0.6 s; peak memory 186 MiB)
2026-09-12T21:45:12Z INFO [22/364] 10e8b917-24d1-46d7-b267-e837894a0bae: 197 groups (HDF5, 14.6 MB; 1.7 s; peak memory 186 MiB)
2026-09-12T21:45:13Z INFO [23/364] 114c93d4-253a-4851-9bb8-eeba82a0465e: 256 groups (HDF5, 2.5 MB; 0.6 s; peak memory 186 MiB)
2026-09-12T21:45:13Z INFO [24/364] 120ebed4-3e28-4baf-b000-b58f5cfcc8b2: 28 groups (HDF5, 1.9 MB; 0.5 s; peak memory 186 MiB)
2026-09-12T21:45:14Z INFO [25/364] 135cf0fe-f67b-48a6-a341-6f8730976e0d: 31 groups (HDF5, 8.6 MB; 0.6 s; peak memory 186 MiB)
2026-09-12T21:45:14Z INFO [26/364] 13888059-b81c-41f9-a79b-9d68c0b73f0f: 35 groups (HDF5, 1.3 MB; 0.9 s; peak memory 186 MiB)
2026-09-12T21:45:15Z INFO [27/364] 13d6f8fc-bcab-4108-af65-7c420ba4838a: 22 groups (HDF5, 84.1 MB; 0.5 s; peak memory 186 MiB)
2026-09-12T21:45:15Z INFO [28/364] 144b31f2-dbd5-4a8e-905c-e7dead30401e: 33 groups (HDF5, 12.8 MB; 0.5 s; peak memory 186 MiB)
2026-09-12T21:45:17Z INFO [29/364] 147c2782-904c-4552-b46c-bd133026620e: 17 groups (HDF5, 34.2 MB; 1.1 s; peak memory 186 MiB)
2026-09-12T21:45:17Z INFO [30/364] 15fb9f34-c556-4003-93b3-9cb05bc0b64c: 32 groups (HDF5, 1.0 MB; 0.6 s; peak memory 186 MiB)
2026-09-12T21:47:39Z INFO [31/364] 16b2429e-dd19-402f-a633-dc8786d06515: 75 groups (HDF5, 40668.2 MB; 141.3 s; peak memory 388 MiB)
2026-09-12T21:47:39Z INFO [32/364] 16f8af8a-1817-4cb3-b158-637b01cfa3a3: 22 groups (HDF5, 84.1 MB; 0.5 s; peak memory 388 MiB)
2026-09-12T21:47:40Z INFO [33/364] 17387ae4-5b0b-4dbf-b010-c9ba285876ba: 32 groups (HDF5, 1.3 MB; 0.6 s; peak memory 388 MiB)
2026-09-12T21:47:40Z INFO [34/364] 1842c2e4-e4a9-4fd2-8f44-3fc93a5ce6af: 22 groups (HDF5, 84.1 MB; 0.5 s; peak memory 388 MiB)
2026-09-12T21:47:41Z INFO [35/364] 18977205-57ef-49e1-acf5-e30b8e9d9a89: 32 groups (HDF5, 0.9 MB; 0.5 s; peak memory 388 MiB)
2026-09-12T21:47:42Z INFO [36/364] 18a933a9-7032-4752-9d34-437a48e98afc: 17 groups (HDF5, 36.9 MB; 1.3 s; peak memory 388 MiB)
2026-09-12T21:47:42Z INFO [37/364] 194ba110-ec6f-4225-b875-849a6111d091: 30 groups (HDF5, 0.3 MB; 0.4 s; peak memory 388 MiB)
2026-09-12T21:47:43Z INFO [38/364] 1a39b744-93ff-484a-94e9-9ea6d7fb3128: 22 groups (HDF5, 84.1 MB; 0.5 s; peak memory 388 MiB)
2026-09-12T21:47:43Z INFO [39/364] 1a4a0d2b-aa3a-44ce-99d8-836a6e6daf71: 22 groups (HDF5, 84.1 MB; 0.4 s; peak memory 388 MiB)
2026-09-12T21:47:44Z INFO [40/364] 1a71f1bd-1388-439a-a37f-410f610626a6: 22 groups (HDF5, 84.1 MB; 0.4 s; peak memory 388 MiB)
2026-09-12T21:47:44Z INFO [41/364] 1ab1dcca-9699-40ed-b083-e327217c99fd: 35 groups (HDF5, 1.6 MB; 0.8 s; peak memory 388 MiB)
2026-09-12T21:47:45Z INFO [42/364] 1c50389b-d390-4601-a539-236d3e85fd0c: 22 groups (HDF5, 84.1 MB; 0.5 s; peak memory 388 MiB)
2026-09-12T21:47:45Z INFO [43/364] 1d6bb011-b467-4459-b5b6-5925e168be8c: 22 groups (HDF5, 84.1 MB; 0.5 s; peak memory 388 MiB)
2026-09-12T21:47:46Z INFO [44/364] 1dfdee74-b96d-42ee-bce2-f6b65fb32ff0: 256 groups (HDF5, 1.7 MB; 0.7 s; peak memory 388 MiB)
2026-09-12T21:47:47Z INFO [45/364] 1eeb6827-094f-443b-aa62-0dfaa6ef1029: 32 groups (HDF5, 1.4 MB; 0.6 s; peak memory 388 MiB)
2026-09-12T21:47:47Z INFO [46/364] 1f0f02fa-d1eb-4b40-a3cf-526d5b74aea4: 30 groups (HDF5, 0.6 MB; 0.4 s; peak memory 388 MiB)
2026-09-12T21:48:11Z INFO [47/364] 1fdc64f7-a32a-4195-8e2b-6c1b0d440ebe: 26 groups (HDF5, 2054.6 MB; 23.6 s; peak memory 388 MiB)
2026-09-12T21:48:12Z INFO [48/364] 1ff2988f-f4d3-4769-ad5a-b86f6b8a45a2: 32 groups (HDF5, 2.0 MB; 0.9 s; peak memory 388 MiB)
2026-09-12T21:48:13Z INFO [49/364] 20644caf-ca39-43eb-bd4a-e89b8dcf3bf2: 572 groups (HDF5, 5.0 MB; 1.2 s; peak memory 388 MiB)
2026-09-12T21:48:16Z INFO [50/364] 209a7882-bac1-407f-8144-403b56b9c1d7: 57 groups (HDF5, 89.3 MB; 2.8 s; peak memory 388 MiB)
2026-09-12T21:48:16Z INFO [51/364] 21013b82-e930-4be7-9990-b3b0c52b3343: 193 groups (HDF5, 1.1 MB; 0.6 s; peak memory 388 MiB)
2026-09-12T21:48:19Z INFO [52/364] 2194f0c0-ff6d-436f-b463-c2a7ad7ca2bf: 105 groups (HDF5, 47.4 MB; 2.7 s; peak memory 388 MiB)
2026-09-12T21:48:36Z INFO [53/364] 225f5276-1099-4270-93bb-303d5b1f6883: 33 groups (HDF5, 1753.5 MB; 17.4 s; peak memory 388 MiB)
2026-09-12T21:48:37Z INFO [54/364] 237788ed-09eb-49fb-b2cb-2b28aaae6fe1: 29 groups (HDF5, 40.3 MB; 1.1 s; peak memory 388 MiB)
2026-09-12T21:48:39Z INFO [55/364] 23bb14b3-481a-4452-8a19-9a4c84616da0: 17 groups (HDF5, 34.3 MB; 1.3 s; peak memory 388 MiB)
2026-09-12T21:48:39Z INFO [56/364] 23befa99-95f6-41d1-900e-2f375eaa7da1: 35 groups (HDF5, 1.0 MB; 0.5 s; peak memory 388 MiB)
2026-09-12T21:48:41Z INFO [57/364] 23f71236-5548-4737-b757-e7ee6c34ab9c: 36 groups (HDF5, 117.7 MB; 2.0 s; peak memory 388 MiB)
2026-09-12T21:48:42Z INFO [58/364] 244b93da-be0f-43d0-9f28-8c4217d8cb5a: 207 groups (HDF5, 59.9 MB; 1.1 s; peak memory 388 MiB)
2026-09-12T21:48:43Z INFO [59/364] 2809d89d-4393-4afc-af55-0f5ecf3f09fa: 16 groups (HDF5, 0.2 MB; 0.4 s; peak memory 388 MiB)
2026-09-12T21:48:43Z INFO [60/364] 28173c27-ff30-462e-9660-14ff4c3227bb: 32 groups (HDF5, 1.8 MB; 0.7 s; peak memory 388 MiB)
2026-09-12T21:48:44Z INFO [61/364] 289330fb-cce9-42fa-916a-4c92780d6aae: 29 groups (HDF5, 10.0 MB; 0.5 s; peak memory 388 MiB)
2026-09-12T21:50:00Z INFO [62/364] 28b3cce1-7acf-4067-91f7-b34f89d79c10: 60 groups (HDF5, 21138.5 MB; 75.7 s; peak memory 388 MiB)
2026-09-12T21:50:00Z INFO [63/364] 290bbf8d-2973-4b28-8b86-3aba2d047736: 202 groups (HDF5, 16.0 MB; 0.7 s; peak memory 388 MiB)
2026-09-12T21:50:01Z INFO [64/364] 29747607-957c-45e1-b0b0-959502d78eee: 87 groups (HDF5, 1.4 MB; 0.5 s; peak memory 388 MiB)
2026-09-12T21:50:02Z INFO [65/364] 2a1876b1-cae4-4f75-a28a-ab3404eec01d: 35 groups (HDF5, 1.3 MB; 0.7 s; peak memory 388 MiB)
2026-09-12T21:50:15Z INFO [66/364] 2a77e172-7ad7-4dff-bf23-ea62a87b139a: 23 groups (HDF5, 43472.1 MB; 13.7 s; peak memory 388 MiB)
2026-09-12T21:50:16Z INFO [67/364] 2b0056d0-057b-440d-b63a-300b11f9f2fc: 48 groups (HDF5, 66.9 MB; 1.1 s; peak memory 388 MiB)
2026-09-12T21:50:17Z INFO [68/364] 2bca3ea4-b888-423e-823e-54c3c6a190fc: 24 groups (HDF5, 300.5 MB; 0.5 s; peak memory 388 MiB)
2026-09-12T21:50:18Z INFO [69/364] 2d77fe7d-8a16-4e2f-a694-8e6153aece37: 35 groups (HDF5, 1.4 MB; 0.7 s; peak memory 388 MiB)
2026-09-12T21:50:18Z INFO [70/364] 2e236ade-e57f-4873-85e9-30c54ef0e6cd: 32 groups (HDF5, 0.9 MB; 0.6 s; peak memory 388 MiB)
2026-09-12T21:50:20Z INFO [71/364] 2e6fbe8b-f80b-4b27-b643-f97e4b703055: 48 groups (HDF5, 188.6 MB; 1.6 s; peak memory 388 MiB)
2026-09-12T21:50:20Z INFO [72/364] 2fe36c21-f9c5-4c78-ac12-89fddf8b6781: 25 groups (HDF5, 25.0 MB; 0.6 s; peak memory 388 MiB)
2026-09-12T21:50:21Z INFO [73/364] 2ff4d953-a6ec-4ae0-ad04-ac7512f95c1e: 32 groups (HDF5, 0.9 MB; 0.5 s; peak memory 388 MiB)
2026-09-12T21:50:23Z INFO [74/364] 3023a4d0-374b-4432-9557-50439a0b3360: 78 groups (HDF5, 237.3 MB; 2.5 s; peak memory 388 MiB)
2026-09-12T21:50:34Z INFO [75/364] 3074203b-19a9-4c42-80bc-91163f4621c5: 3176 groups (HDF5, 76.1 MB; 10.7 s; peak memory 388 MiB)
2026-09-12T21:50:35Z INFO [76/364] 31751046-2f6b-48ab-93d7-4fc92df54985: 254 groups (HDF5, 3.3 MB; 0.6 s; peak memory 388 MiB)
2026-09-12T21:50:35Z INFO [77/364] 326dda5b-540e-4f48-be21-24feae9bbcbc: 32 groups (HDF5, 1.1 MB; 0.6 s; peak memory 388 MiB)
2026-09-12T21:50:37Z INFO [78/364] 32e867cd-dcc6-46cc-90a2-38ba75782f0b: 103 groups (HDF5, 14.3 MB; 1.9 s; peak memory 388 MiB)
2026-09-12T21:50:38Z INFO [79/364] 33b1236c-190a-49e5-9150-e3c7b0f71e58: 200 groups (HDF5, 3.2 MB; 1.0 s; peak memory 388 MiB)
2026-09-12T21:50:39Z INFO [80/364] 347976c2-1fd3-400b-bc4a-43cdefce1492: 32 groups (HDF5, 1.1 MB; 0.5 s; peak memory 388 MiB)
2026-09-12T21:50:39Z INFO [81/364] 35c6bd54-4bf0-42a2-8744-3f31f9e9ec73: 22 groups (HDF5, 84.1 MB; 0.5 s; peak memory 388 MiB)
2026-09-12T21:50:40Z INFO [82/364] 36170d8a-6e00-4ead-bcaa-2ffb0ed86891: 32 groups (HDF5, 1.4 MB; 0.6 s; peak memory 388 MiB)
2026-09-12T21:50:40Z INFO [83/364] 361beb30-4f4b-466a-85d5-137ceb72e44a: 22 groups (HDF5, 84.1 MB; 0.6 s; peak memory 388 MiB)
2026-09-12T21:50:42Z INFO [84/364] 36b5e611-6413-4196-8abc-7b094b12b59a: 48 groups (HDF5, 191.4 MB; 1.2 s; peak memory 388 MiB)
2026-09-12T21:50:43Z INFO [85/364] 370990a3-1eff-4a00-9c45-ab5504b0baf6: 341 groups (HDF5, 130.7 MB; 1.1 s; peak memory 388 MiB)
2026-09-12T21:53:04Z INFO [86/364] 3807d1d4-4acd-43c2-a868-11c6b5d1ab73: 72 groups (HDF5, 39371.8 MB; 141.0 s; peak memory 395 MiB)
2026-09-12T21:53:05Z INFO [87/364] 389f341a-59e0-4107-a15c-b28882106806: 35 groups (HDF5, 1.3 MB; 0.8 s; peak memory 395 MiB)
2026-09-12T21:53:05Z INFO [88/364] 38c0b73f-6276-44df-98ae-45ed4486f715: 22 groups (HDF5, 84.1 MB; 0.7 s; peak memory 395 MiB)
2026-09-12T21:53:07Z INFO [89/364] 39bf2fac-3713-453f-b9c4-a9c06fc27e19: 194 groups (HDF5, 237.1 MB; 1.5 s; peak memory 395 MiB)
2026-09-12T21:53:08Z INFO [90/364] 3a4e594b-fdcf-42d8-a675-f1240e451ed8: 50 groups (HDF5, 196.0 MB; 1.7 s; peak memory 395 MiB)
2026-09-12T21:54:18Z INFO [91/364] 3aab2b03-2574-4de6-8997-0a1619111c42: 63 groups (HDF5, 19730.0 MB; 69.9 s; peak memory 395 MiB)
2026-09-12T21:54:27Z INFO [92/364] 3be638c0-24b2-480f-8f83-7517e7de9b9b: 89 groups (HDF5, 1723.3 MB; 8.6 s; peak memory 395 MiB)
2026-09-12T21:54:28Z INFO [93/364] 3c83bf8e-b44b-45f2-b5df-58b2447d0326: 33 groups (HDF5, 0.7 MB; 0.7 s; peak memory 395 MiB)
2026-09-12T21:54:28Z INFO [94/364] 3ca5a35d-90fa-4711-a829-4f8cb26292a1: 32 groups (HDF5, 1.2 MB; 0.5 s; peak memory 395 MiB)
2026-09-12T21:54:29Z INFO [95/364] 3d1a2945-a286-4c2a-abc8-d917c547100f: 32 groups (HDF5, 1.1 MB; 0.6 s; peak memory 395 MiB)
2026-09-12T21:54:30Z INFO [96/364] 3d434c61-482a-4f6d-855c-b971c0efd4ea: 26 groups (HDF5, 390.7 MB; 1.2 s; peak memory 395 MiB)
2026-09-12T21:54:31Z INFO [97/364] 3dbbb200-da61-4244-b6a2-7a748f4d2f65: 42 groups (HDF5, 59779.2 MB; 1.2 s; peak memory 395 MiB)
2026-09-12T21:54:31Z INFO [98/364] 3dc38f51-f2f4-4039-9ef4-914b1d3c6752: 22 groups (HDF5, 84.1 MB; 0.5 s; peak memory 395 MiB)
2026-09-12T21:55:56Z INFO [99/364] 3e31327b-118d-4d63-b3b0-ab9ab801f217: 68 groups (HDF5, 23348.8 MB; 84.5 s; peak memory 395 MiB)
2026-09-12T21:55:57Z INFO [100/364] 3e5cf7fc-2662-401e-aa21-f81fd349ec9f: 104 groups (HDF5, 73.2 MB; 1.1 s; peak memory 395 MiB)
2026-09-12T21:55:57Z INFO [101/364] 3fbfba76-e468-44b2-817d-6789e68e7143: 22 groups (HDF5, 84.1 MB; 0.5 s; peak memory 395 MiB)
2026-09-12T21:55:58Z INFO [102/364] 401b68a3-bf8e-4030-833f-f8ca0b86cf02: 35 groups (HDF5, 1.2 MB; 0.6 s; peak memory 395 MiB)
2026-09-12T21:56:22Z INFO [103/364] 40555bd1-cdcc-4adb-b5ce-1f5fe5b36d81: 26 groups (HDF5, 2043.1 MB; 24.1 s; peak memory 395 MiB)
2026-09-12T21:56:29Z INFO [104/364] 406346e5-4569-489b-88a9-d162d6a7ac79: 971 groups (HDF5, 40.5 MB; 6.9 s; peak memory 395 MiB)
2026-09-12T21:56:30Z INFO [105/364] 41ab65d1-d5ad-4c17-b24f-2926a957a67d: 35 groups (HDF5, 2.2 MB; 0.7 s; peak memory 395 MiB)
2026-09-12T21:56:33Z INFO [106/364] 42afe1ac-1a84-44aa-b733-f61ae202f653: 64 groups (HDF5, 8041.6 MB; 2.8 s; peak memory 395 MiB)
2026-09-12T21:56:58Z INFO [107/364] 42c9b130-2f72-48c9-83e2-6a9493db13ee: 169 groups (HDF5, 258.4 MB; 25.1 s; peak memory 395 MiB)
2026-09-12T21:56:58Z INFO [108/364] 43978239-d05f-4431-800f-df9f318e260b: 22 groups (HDF5, 84.1 MB; 0.4 s; peak memory 395 MiB)
2026-09-12T21:56:59Z INFO [109/364] 43986c28-496b-4759-ae42-2fde9309d8d4: 35 groups (HDF5, 1.0 MB; 0.7 s; peak memory 395 MiB)
2026-09-12T21:56:59Z INFO [110/364] 43b3ed3b-940f-4e20-9445-35a0266e81ac: 252 groups (HDF5, 0.7 MB; 0.5 s; peak memory 395 MiB)
2026-09-12T21:57:00Z INFO [111/364] 441c5457-f489-4884-8f5e-9bd9f2253d9d: 32 groups (HDF5, 1.1 MB; 0.5 s; peak memory 395 MiB)
2026-09-12T21:57:01Z INFO [112/364] 4469dd1b-98a9-4cac-9729-957753ce2445: 199 groups (HDF5, 4.6 MB; 0.8 s; peak memory 395 MiB)
2026-09-12T21:57:03Z INFO [113/364] 44fc8d62-5578-4143-8271-84db9be25ab6: 78 groups (HDF5, 22.7 MB; 2.5 s; peak memory 395 MiB)
2026-09-12T21:57:04Z INFO [114/364] 45968872-59ba-45e9-b619-8c46ee3f6b08: 22 groups (HDF5, 84.1 MB; 0.4 s; peak memory 395 MiB)
2026-09-12T21:57:04Z INFO [115/364] 4614f5d5-f95d-4947-8357-daa74cfdbd70: 35 groups (HDF5, 1.4 MB; 0.5 s; peak memory 395 MiB)
2026-09-12T21:57:05Z INFO [116/364] 46cd7b29-38a6-4580-b303-4c3dae9caa2e: 54 groups (HDF5, 23.4 MB; 1.1 s; peak memory 395 MiB)
2026-09-12T21:57:06Z INFO [117/364] 47e7a14e-0d0b-488b-8913-a69d1ae829a4: 30 groups (HDF5, 0.2 MB; 0.4 s; peak memory 395 MiB)
2026-09-12T22:17:49Z INFO [118/364] 48030980-5739-4097-8d55-3dd2e18acb03: 61 groups (HDF5, 290081.7 MB; 1243.9 s; peak memory 1108 MiB)
2026-09-12T22:17:50Z INFO [119/364] 48119cfb-d9a2-4c40-a2eb-aa31e7000d19: 32 groups (HDF5, 0.9 MB; 0.8 s; peak memory 1108 MiB)
2026-09-12T22:17:51Z INFO [120/364] 48177096-88ac-4ca6-a430-bceb51701b92: 24 groups (HDF5, 4.3 MB; 0.4 s; peak memory 1108 MiB)
2026-09-12T22:17:51Z INFO [121/364] 485c7b7f-376a-48ca-b040-242c8749b25a: 22 groups (HDF5, 84.1 MB; 0.5 s; peak memory 1108 MiB)
2026-09-12T22:17:52Z INFO [122/364] 49360c1c-1059-4a9d-9df5-69957c89d06f: 48 groups (HDF5, 191.4 MB; 1.4 s; peak memory 1108 MiB)
2026-09-12T22:22:51Z INFO [123/364] 499b05db-1718-4eef-80c6-aa05703476e8: 46 groups (HDF5, 46125.0 MB; 298.9 s; peak memory 1129 MiB)
2026-09-12T22:22:52Z INFO [124/364] 49fd0a36-a8de-4108-ab7e-437964440e9e: 41 groups (HDF5, 17.6 MB; 0.8 s; peak memory 1129 MiB)
2026-09-12T22:22:53Z INFO [125/364] 4af6fca4-9b5c-4f18-b580-227a33698ab8: 35 groups (HDF5, 2.1 MB; 0.8 s; peak memory 1129 MiB)
2026-09-12T22:22:54Z INFO [126/364] 4c80cad7-5b5f-4424-8759-d6aa2996c180: 32 groups (HDF5, 1.1 MB; 0.5 s; peak memory 1129 MiB)
2026-09-12T22:22:59Z INFO [127/364] 4d11e9c7-4fb2-45cf-bcbc-b02f46110430: 224 groups (HDF5, 45.6 MB; 5.5 s; peak memory 1129 MiB)
2026-09-12T22:23:00Z INFO [128/364] 4dd2849c-3268-4aac-9a53-35c45ce1f2fd: 99 groups (HDF5, 2.4 MB; 0.5 s; peak memory 1129 MiB)
2026-09-12T22:23:25Z INFO [129/364] 513055cb-d8ff-4a63-b193-84ad28d578fa: 140 groups (HDF5, 310.1 MB; 25.9 s; peak memory 1129 MiB)
2026-09-12T22:23:26Z INFO [130/364] 5262a2bc-77c6-4b74-a634-bdab3279c5aa: 201 groups (HDF5, 4.6 MB; 0.7 s; peak memory 1129 MiB)
2026-09-12T22:23:27Z INFO [131/364] 52a7ea75-3e8c-4399-837f-7200aa907b85: 22 groups (HDF5, 84.1 MB; 0.5 s; peak memory 1129 MiB)
2026-09-12T22:23:27Z INFO [132/364] 53ddf692-3453-4264-8da6-20c75dd0d792: 22 groups (HDF5, 84.1 MB; 0.5 s; peak memory 1129 MiB)
2026-09-12T22:23:28Z INFO [133/364] 541bbecf-1a29-4504-a2de-16d59eb73563: 108 groups (HDF5, 4.5 MB; 0.7 s; peak memory 1129 MiB)
2026-09-12T22:23:28Z INFO [134/364] 544a4e81-4610-4c94-b3e3-2d67591ae2c1: 31 groups (HDF5, 8.6 MB; 0.4 s; peak memory 1129 MiB)
2026-09-12T22:23:29Z INFO [135/364] 5537929b-68b2-41ec-82af-18f59512636a: 48 groups (HDF5, 188.6 MB; 1.2 s; peak memory 1129 MiB)
2026-09-12T22:23:30Z INFO [136/364] 55851aa3-9ba5-4d55-9ab1-2c06b7313d46: 22 groups (HDF5, 84.1 MB; 0.4 s; peak memory 1129 MiB)
2026-09-12T22:23:30Z INFO [137/364] 5640f899-2c79-4ed1-80c4-fbc67fe092b5: 18 groups (HDF5, 0.4 MB; 0.4 s; peak memory 1129 MiB)
2026-09-12T22:23:31Z INFO [138/364] 566d5c4d-0957-4810-84a8-ceb3230ea01c: 22 groups (HDF5, 84.1 MB; 0.4 s; peak memory 1129 MiB)
2026-09-12T22:23:31Z INFO [139/364] 5847fb21-7afc-43dc-bb83-1157aab47508: 35 groups (HDF5, 1.6 MB; 0.7 s; peak memory 1129 MiB)
2026-09-12T22:23:37Z INFO [140/364] 588437b2-84d3-4ab8-93d2-108d0e1df369: 196 groups (HDF5, 37.0 MB; 5.1 s; peak memory 1129 MiB)
2026-09-12T22:23:37Z INFO [141/364] 594b5963-60e5-4026-828a-8e28cec540e4: 22 groups (HDF5, 84.1 MB; 0.5 s; peak memory 1129 MiB)
2026-09-12T22:23:38Z INFO [142/364] 5a38caa3-2ee6-4acf-ba35-4fe4c7174527: 28 groups (HDF5, 21.0 MB; 0.5 s; peak memory 1129 MiB)
2026-09-12T22:23:38Z INFO [143/364] 5c6fbfd3-8a78-4f29-a265-b9146312389f: 22 groups (HDF5, 84.1 MB; 0.5 s; peak memory 1129 MiB)
2026-09-12T22:23:44Z INFO [144/364] 5c8aa5b6-7752-4c29-a6b1-c17b0069fa88: 223 groups (HDF5, 58.8 MB; 6.1 s; peak memory 1129 MiB)
2026-09-12T22:23:45Z INFO [145/364] 5cd345a7-e21b-4b02-8ebf-c8f2aeb9117b: 26 groups (HDF5, 6.8 MB; 0.6 s; peak memory 1129 MiB)
2026-09-12T22:23:50Z INFO [146/364] 5d3f3c96-ae84-4afa-9003-02105e375f03: 251 groups (HDF5, 66.8 MB; 5.5 s; peak memory 1129 MiB)
2026-09-12T22:23:51Z INFO [147/364] 5d68981b-ed94-40af-825d-6c875771d9b7: 22 groups (HDF5, 84.1 MB; 0.5 s; peak memory 1129 MiB)
2026-09-12T22:23:51Z INFO [148/364] 5dc566ea-a4f0-42af-9b6f-6ccdd1a00e52: 32 groups (HDF5, 1.4 MB; 0.5 s; peak memory 1129 MiB)
2026-09-12T22:23:53Z INFO [149/364] 5e02fa14-5211-40d2-bfd3-2b3349824490: 30 groups (HDF5, 35.1 MB; 1.7 s; peak memory 1129 MiB)
2026-09-12T22:23:53Z INFO [150/364] 5f64c326-46fa-4ae8-b375-1ff84eb3a16e: 22 groups (HDF5, 84.1 MB; 0.5 s; peak memory 1129 MiB)
2026-09-12T22:23:54Z INFO [151/364] 601280be-ac9f-40ae-a300-ac8706a383bc: 35 groups (HDF5, 2.6 MB; 0.9 s; peak memory 1129 MiB)
2026-09-12T22:23:55Z INFO [152/364] 60689a2e-1aa6-4f5d-a58a-4589ffb8b11f: 32 groups (HDF5, 1.2 MB; 0.6 s; peak memory 1129 MiB)
2026-09-12T22:23:55Z INFO [153/364] 61d79ce6-34d0-4a11-923c-05e2a9216a4c: 22 groups (HDF5, 84.1 MB; 0.5 s; peak memory 1129 MiB)
2026-09-12T22:23:57Z INFO [154/364] 620199e1-b548-48c0-9b9e-aaf08127faaf: 22 groups (HDF5, 4601.0 MB; 1.7 s; peak memory 1129 MiB)
2026-09-12T22:23:58Z INFO [155/364] 62b1569e-925f-4d0f-a420-e5e7a5e04e54: 32 groups (HDF5, 1.1 MB; 0.7 s; peak memory 1129 MiB)
2026-09-12T22:23:58Z INFO [156/364] 63601bcb-2200-40e1-a5ed-9f821dfa6e73: 35 groups (HDF5, 1.3 MB; 0.6 s; peak memory 1129 MiB)
2026-09-12T22:23:59Z INFO [157/364] 63edcd8f-4e63-4ca9-9f93-220dda207750: 32 groups (HDF5, 1.2 MB; 0.5 s; peak memory 1129 MiB)
2026-09-12T22:23:59Z INFO [158/364] 64a993b6-4793-4f1a-ac54-530541fd0a1c: 17 groups (HDF5, 0.2 MB; 0.3 s; peak memory 1129 MiB)
2026-09-12T22:24:00Z INFO [159/364] 6505fe8d-24da-49f2-94d5-e812b399d041: 22 groups (HDF5, 84.1 MB; 0.4 s; peak memory 1129 MiB)
2026-09-12T22:24:00Z INFO [160/364] 6580efe2-6540-4d3c-9327-ebfe5ef95098: 28 groups (HDF5, 28.2 MB; 0.5 s; peak memory 1129 MiB)
2026-09-12T22:24:01Z INFO [161/364] 6607605b-9251-4cd9-b4e0-22e6337a4dad: 22 groups (HDF5, 84.1 MB; 0.5 s; peak memory 1129 MiB)
2026-09-12T22:24:04Z INFO [162/364] 66a6b425-5875-4366-a77b-7dff607b7bf4: 275 groups (HDF5, 49.6 MB; 3.4 s; peak memory 1129 MiB)
2026-09-12T22:24:05Z INFO [163/364] 676363e5-91c2-407d-bba9-24eee3cbb876: 22 groups (HDF5, 84.1 MB; 0.6 s; peak memory 1129 MiB)
2026-09-12T22:24:05Z INFO [164/364] 6808da99-dd51-46b1-80ed-64d50a269bea: 22 groups (HDF5, 84.1 MB; 0.4 s; peak memory 1129 MiB)
2026-09-12T22:24:05Z INFO [165/364] 6828157a-4e19-4e97-9398-90e5662857d2: 22 groups (HDF5, 84.1 MB; 0.4 s; peak memory 1129 MiB)
2026-09-12T22:24:06Z INFO [166/364] 69a4e884-4c9c-4cdc-99a2-3e995ea714fb: 32 groups (HDF5, 1.4 MB; 0.7 s; peak memory 1129 MiB)
2026-09-12T22:24:06Z INFO [167/364] 69e5005e-e4d2-4232-8110-534e3bab0185: 31 groups (HDF5, 8.6 MB; 0.4 s; peak memory 1129 MiB)
2026-09-12T22:24:08Z INFO [168/364] 6b9ee941-6f6f-4259-a21f-784dce66d540: 50 groups (HDF5, 196.2 MB; 1.6 s; peak memory 1129 MiB)
2026-09-12T22:24:18Z INFO [169/364] 6bff8085-f926-4489-a2ca-5158d3f4bbba: 1278 groups (HDF5, 41.2 MB; 9.7 s; peak memory 1129 MiB)
2026-09-12T22:24:18Z INFO [170/364] 6ceed0a9-20b2-4840-a2ff-35de45905277: 22 groups (HDF5, 0.2 MB; 0.3 s; peak memory 1129 MiB)
2026-09-12T22:24:19Z INFO [171/364] 6d9c4d97-c870-4fbf-a190-becb5110676f: 255 groups (HDF5, 21.3 MB; 0.7 s; peak memory 1129 MiB)
2026-09-12T22:24:19Z INFO [172/364] 6e00c2dd-a8e8-413d-a667-2ef86cbbcc6a: 22 groups (HDF5, 84.1 MB; 0.5 s; peak memory 1129 MiB)
2026-09-12T22:24:20Z INFO [173/364] 6f6f2c17-7889-4e4e-8c24-7a4ebd37d4bd: 336 groups (HDF5, 32.0 MB; 0.8 s; peak memory 1129 MiB)
2026-09-12T22:24:21Z INFO [174/364] 701a3889-901c-4d4d-b578-225a9fd2e14b: 25 groups (HDF5, 15.3 MB; 0.6 s; peak memory 1129 MiB)
2026-09-12T22:24:21Z INFO [175/364] 70914802-193b-444a-8e40-92a2effbbc8b: 22 groups (HDF5, 84.1 MB; 0.5 s; peak memory 1129 MiB)
2026-09-12T22:24:22Z INFO [176/364] 7095cfdd-f95c-4138-91a1-a7de34505836: 22 groups (HDF5, 84.1 MB; 0.5 s; peak memory 1129 MiB)
2026-09-12T22:24:29Z INFO [177/364] 70a0d072-be90-4458-a650-a870976be4b9: 89 groups (HDF5, 659.8 MB; 7.7 s; peak memory 1129 MiB)
2026-09-12T22:24:30Z INFO [178/364] 71678fc6-4078-433d-818f-92d975788ed1: 35 groups (HDF5, 59.8 MB; 0.9 s; peak memory 1129 MiB)
2026-09-12T22:24:32Z INFO [179/364] 7211a2da-99cd-4b8d-8a4c-738f0fce060e: 34 groups (HDF5, 133.6 MB; 1.5 s; peak memory 1129 MiB)
2026-09-12T22:24:33Z INFO [180/364] 72aeab6b-f51a-40cc-b5d8-75e9ec784a89: 341 groups (HDF5, 71.3 MB; 1.1 s; peak memory 1129 MiB)
2026-09-12T22:24:33Z INFO [181/364] 7468b91a-de34-4446-a54c-ac72e822c8af: 35 groups (HDF5, 1.3 MB; 0.6 s; peak memory 1129 MiB)
2026-09-12T22:24:34Z INFO [182/364] 7573bb4f-2d04-411c-a9e4-026b1291b84f: 202 groups (HDF5, 2.2 MB; 0.7 s; peak memory 1129 MiB)
2026-09-12T22:24:35Z INFO [183/364] 7712fd0a-d964-468d-93a4-e415a1101389: 22 groups (HDF5, 84.1 MB; 0.4 s; peak memory 1129 MiB)
2026-09-12T22:24:35Z INFO [184/364] 77259a67-12b6-4dc7-a654-f49f0a27b40e: 22 groups (HDF5, 84.1 MB; 0.4 s; peak memory 1129 MiB)
2026-09-12T22:24:36Z INFO [185/364] 779c7b1c-03c8-4f72-8833-c9566ed913f8: 103 groups (HDF5, 2.1 MB; 0.7 s; peak memory 1129 MiB)
2026-09-12T22:24:36Z INFO [186/364] 783250a9-2088-4afc-8392-ab37ce7fd114: 35 groups (HDF5, 1.2 MB; 0.6 s; peak memory 1129 MiB)
2026-09-12T22:24:43Z INFO [187/364] 786433ff-ec4e-4889-bb9a-1bec6c8818d5: 459 groups (HDF5, 75.4 MB; 6.9 s; peak memory 1129 MiB)
2026-09-12T22:24:44Z INFO [188/364] 7888c171-634b-436c-8236-cd932272b7a4: 22 groups (HDF5, 84.1 MB; 0.6 s; peak memory 1129 MiB)
2026-09-12T22:24:44Z INFO [189/364] 7996bafb-2123-4006-a88a-d0f4d3a293f7: 22 groups (HDF5, 84.1 MB; 0.6 s; peak memory 1129 MiB)
2026-09-12T22:24:45Z INFO [190/364] 79982fd0-8374-4051-8ed2-82f68c17cc21: 22 groups (HDF5, 84.1 MB; 0.5 s; peak memory 1129 MiB)
2026-09-12T22:24:50Z INFO [191/364] 7a33d052-a59e-491f-85b5-957bdf3e8e0d: 144 groups (HDF5, 24.5 MB; 5.6 s; peak memory 1129 MiB)
2026-09-12T22:24:51Z INFO [192/364] 7a54331f-c112-47ff-989f-8cceb0697066: 22 groups (HDF5, 84.1 MB; 0.6 s; peak memory 1129 MiB)
2026-09-12T22:24:52Z INFO [193/364] 7ad4323a-156f-40e5-a621-d2891cac8ca3: 35 groups (HDF5, 1.7 MB; 0.9 s; peak memory 1129 MiB)
2026-09-12T22:24:58Z INFO [194/364] 7ba47cd3-06fc-45e8-b6d7-a671dcc5087e: 148 groups (HDF5, 1331.1 MB; 6.2 s; peak memory 1129 MiB)
2026-09-12T22:24:59Z INFO [195/364] 7c1ad113-2a95-485c-9096-b2bf0b5efe05: 22 groups (HDF5, 84.1 MB; 0.6 s; peak memory 1129 MiB)
2026-09-12T22:24:59Z INFO [196/364] 7c374b13-cc65-4229-ae6c-d99743974e2a: 32 groups (HDF5, 1.1 MB; 0.5 s; peak memory 1129 MiB)
2026-09-12T22:25:00Z INFO [197/364] 7ce6f5f3-1415-456b-b832-b13d71eb521a: 29 groups (HDF5, 5464.6 MB; 0.6 s; peak memory 1129 MiB)
2026-09-12T22:25:00Z INFO [198/364] 7d52757a-b5b8-4443-b4fa-99b528c82f88: 24 groups (HDF5, 0.2 MB; 0.3 s; peak memory 1129 MiB)
2026-09-12T22:25:07Z INFO [199/364] 7faa9204-0bfa-4ccf-8601-d2d50b44a88f: 33 groups (HDF5, 157.8 MB; 6.5 s; peak memory 1129 MiB)
2026-09-12T22:25:07Z INFO [200/364] 7ff282fd-c5b6-484c-9b6a-563c1de5d05e: 35 groups (HDF5, 1.7 MB; 0.7 s; peak memory 1129 MiB)
2026-09-12T22:25:08Z INFO [201/364] 7fff6f85-3b3b-4e9e-85cb-afc6ba6691b0: 22 groups (HDF5, 84.1 MB; 0.5 s; peak memory 1129 MiB)
2026-09-12T22:25:09Z INFO [202/364] 80ea0e86-455c-493d-830a-37e3c4886fc9: 71 groups (HDF5, 5.8 MB; 1.2 s; peak memory 1129 MiB)
2026-09-12T22:25:10Z INFO [203/364] 80f1522f-947b-4b7c-8d4d-e5a01e89e4a5: 22 groups (HDF5, 84.1 MB; 0.6 s; peak memory 1129 MiB)
2026-09-12T22:25:10Z INFO [204/364] 81b4043d-d666-42ff-a50f-d9905bdab94f: 207 groups (HDF5, 2.7 MB; 0.7 s; peak memory 1129 MiB)
2026-09-12T22:25:12Z INFO [205/364] 826a544f-a1af-428a-bfc5-2f7d9cbd5a01: 17 groups (HDF5, 33.9 MB; 1.3 s; peak memory 1129 MiB)
2026-09-12T22:25:12Z INFO [206/364] 82d91af3-ef43-489e-9fe4-7527225bbe78: 195 groups (HDF5, 64.2 MB; 0.8 s; peak memory 1129 MiB)
2026-09-12T22:25:13Z INFO [207/364] 8388b8a0-879e-43f2-be52-f5278071ae9f: 31 groups (HDF5, 40.8 MB; 1.0 s; peak memory 1129 MiB)
2026-09-12T22:25:14Z INFO [208/364] 83caf659-f4eb-48fc-9ac6-a87b917623a3: 36 groups (HDF5, 4588.4 MB; 0.6 s; peak memory 1129 MiB)
2026-09-12T22:25:16Z INFO [209/364] 84c4094c-4c11-4d86-bf41-81fd12eac740: 93 groups (HDF5, 13.0 MB; 1.6 s; peak memory 1129 MiB)
2026-09-12T22:25:16Z INFO [210/364] 84e1122a-1815-4c78-8ef5-a7b08f5af714: 32 groups (HDF5, 1.3 MB; 0.6 s; peak memory 1129 MiB)
2026-09-12T22:25:17Z INFO [211/364] 84ee960a-8e9e-4696-a4da-7b11e4b157af: 24 groups (HDF5, 2.1 MB; 0.6 s; peak memory 1129 MiB)
2026-09-12T22:25:17Z INFO [212/364] 85937094-903e-4b10-9fbc-07346f9c80cc: 32 groups (HDF5, 1.0 MB; 0.5 s; peak memory 1129 MiB)
2026-09-12T22:25:21Z INFO [213/364] 86ac2a7e-ae57-4a5b-9125-32490a57299e: 66 groups (HDF5, 592.9 MB; 3.4 s; peak memory 1129 MiB)
2026-09-12T22:25:21Z INFO [214/364] 86efe786-5849-4177-a2d4-45d0fa3729f3: 22 groups (HDF5, 84.1 MB; 0.6 s; peak memory 1129 MiB)
2026-09-12T22:25:22Z INFO [215/364] 87110b4c-04bb-4006-ac9a-827c86cc1462: 195 groups (HDF5, 103.2 MB; 0.8 s; peak memory 1129 MiB)
2026-09-12T22:25:23Z INFO [216/364] 883c5baa-c423-421d-89f0-0aad2d960d8c: 17 groups (HDF5, 34.4 MB; 1.2 s; peak memory 1129 MiB)
2026-09-12T22:25:27Z INFO [217/364] 88ab5d36-588b-435b-832e-3387015fa28c: 220 groups (HDF5, 60.8 MB; 3.9 s; peak memory 1129 MiB)
2026-09-12T22:25:28Z INFO [218/364] 89036596-11a6-4010-b182-a70a8f39009e: 32 groups (HDF5, 1.3 MB; 0.5 s; peak memory 1129 MiB)
2026-09-12T22:25:28Z INFO [219/364] 898dca60-26fe-4124-b372-7b1edf69e43a: 201 groups (HDF5, 2.5 MB; 0.8 s; peak memory 1129 MiB)
2026-09-12T22:25:29Z INFO [220/364] 89e317c0-d6bf-4db4-8f7c-b7fa788ff98b: 25 groups (HDF5, 11.5 MB; 0.5 s; peak memory 1129 MiB)
2026-09-12T22:25:30Z INFO [221/364] 89f4c8f9-f784-43ec-b0a9-64948ccdf938: 17 groups (HDF5, 21.0 MB; 0.7 s; peak memory 1129 MiB)
2026-09-12T22:25:30Z INFO [222/364] 8a341e9f-7a2b-4014-ba9f-576a7a87938e: 32 groups (HDF5, 0.9 MB; 0.6 s; peak memory 1129 MiB)
2026-09-12T22:25:32Z INFO [223/364] 8b7bfe65-8918-4db6-abf7-685854a4f59c: 50 groups (HDF5, 196.1 MB; 1.7 s; peak memory 1129 MiB)
2026-09-12T22:25:37Z INFO [224/364] 8bc3db30-a6e4-47b4-9f67-cd5818298bd9: 240 groups (HDF5, 51.9 MB; 4.5 s; peak memory 1129 MiB)
2026-09-12T22:25:50Z INFO [225/364] 8c728b0d-b98c-42af-b661-e1b49891c05e: 23 groups (HDF5, 39776.4 MB; 13.2 s; peak memory 1129 MiB)
2026-09-12T22:25:51Z INFO [226/364] 8e287f6e-936c-477f-8353-596dae5aa772: 46 groups (HDF5, 320.4 MB; 1.3 s; peak memory 1129 MiB)
2026-09-12T22:25:51Z INFO [227/364] 8ec69621-3dbb-4bde-8ede-42ff4a104acc: 31 groups (HDF5, 0.3 MB; 0.3 s; peak memory 1129 MiB)
2026-09-12T22:25:52Z INFO [228/364] 8fcfdcdb-ca93-4d29-8d11-165e03840cc3: 25 groups (HDF5, 12.7 MB; 0.6 s; peak memory 1129 MiB)
2026-09-12T22:27:04Z INFO [229/364] 922c13ff-2312-48ea-ad6f-f7307394d7f0: 81 groups (HDF5, 23680.1 MB; 71.5 s; peak memory 1129 MiB)
2026-09-12T22:27:04Z INFO [230/364] 928a2c3a-0b78-4f02-92c4-ae62cbfbb5f4: 22 groups (HDF5, 84.1 MB; 0.7 s; peak memory 1129 MiB)
2026-09-12T22:27:05Z INFO [231/364] 94491282-d710-4e9d-93e9-2aa5c541eca1: 22 groups (HDF5, 84.1 MB; 0.5 s; peak memory 1129 MiB)
2026-09-12T22:27:05Z INFO [232/364] 953f2afc-7424-45ae-b6a5-c90d583ba3a3: 32 groups (HDF5, 1.1 MB; 0.6 s; peak memory 1129 MiB)
2026-09-12T22:27:06Z INFO [233/364] 9630b06a-3cad-41ef-b97d-c1262375a28c: 39 groups (HDF5, 7.2 MB; 0.9 s; peak memory 1129 MiB)
2026-09-12T22:27:07Z INFO [234/364] 96917553-1a49-46ea-a17d-ff9b787a50fe: 22 groups (HDF5, 84.1 MB; 0.4 s; peak memory 1129 MiB)
2026-09-12T22:27:08Z INFO [235/364] 97f256fe-341a-4e9b-9b92-40733a8dd86c: 48 groups (HDF5, 191.4 MB; 1.5 s; peak memory 1129 MiB)
2026-09-12T22:27:09Z INFO [236/364] 99088140-c710-4a9e-bb5d-ff1d499fcfda: 207 groups (HDF5, 138.4 MB; 1.1 s; peak memory 1129 MiB)
2026-09-12T22:27:10Z INFO [237/364] 992263f7-8598-4467-9de5-073ee4069705: 22 groups (HDF5, 84.1 MB; 0.5 s; peak memory 1129 MiB)
2026-09-12T22:27:20Z INFO [238/364] 9aa8497a-8ea1-4f6f-9a43-5d465924877e: 289 groups (HDF5, 77.6 MB; 9.9 s; peak memory 1129 MiB)
2026-09-12T22:27:20Z INFO [239/364] 9ab4f9d1-d100-4292-879a-447571e8d269: 254 groups (HDF5, 0.7 MB; 0.5 s; peak memory 1129 MiB)
2026-09-12T22:27:21Z INFO [240/364] 9c741c14-04f1-4165-95e9-7fcbb02134a7: 32 groups (HDF5, 1.3 MB; 0.5 s; peak memory 1129 MiB)
2026-09-12T22:27:21Z INFO [241/364] 9cc99276-3819-4d03-8cc6-67581684db73: 22 groups (HDF5, 84.1 MB; 0.5 s; peak memory 1129 MiB)
2026-09-12T22:27:22Z INFO [242/364] 9eceb559-4744-4206-9f78-5bff4ca02639: 27 groups (HDF5, 0.8 MB; 0.4 s; peak memory 1129 MiB)
2026-09-12T22:27:22Z INFO [243/364] a1537da4-d9d1-4f89-80c5-9f184f2eb9b2: 207 groups (HDF5, 2.7 MB; 0.8 s; peak memory 1129 MiB)
2026-09-12T22:27:23Z INFO [244/364] a20ec77f-e2dc-4d10-a67f-9e65e509a0a8: 18 groups (HDF5, 0.5 MB; 0.4 s; peak memory 1129 MiB)
2026-09-12T22:27:23Z INFO [245/364] a2d7675a-199b-491b-835c-e9eba3c993d2: 22 groups (HDF5, 84.1 MB; 0.5 s; peak memory 1129 MiB)
2026-09-12T22:27:24Z INFO [246/364] a3a87070-a043-43f3-a0fe-8144793a5059: 32 groups (HDF5, 1.6 MB; 0.7 s; peak memory 1129 MiB)
2026-09-12T22:27:27Z INFO [247/364] a40dfb48-1a19-415b-8fcd-985419ffa8d6: 66 groups (HDF5, 629.7 MB; 3.0 s; peak memory 1129 MiB)
2026-09-12T22:28:03Z INFO [248/364] a505544c-e890-4178-b701-a3566a543599: 190 groups (HDF5, 486.3 MB; 36.0 s; peak memory 1129 MiB)
2026-09-12T22:28:03Z INFO [249/364] a54d1234-2ee0-4b7a-a06a-e25b4d6ef43a: 32 groups (HDF5, 1.0 MB; 0.6 s; peak memory 1129 MiB)
2026-09-12T22:28:05Z INFO [250/364] a7a792ce-9b35-40a3-ad70-13b85538cc81: 48 groups (HDF5, 188.8 MB; 1.5 s; peak memory 1129 MiB)
2026-09-12T22:28:06Z INFO [251/364] a8962ae8-d785-4fef-8c00-57c441013a7e: 29 groups (HDF5, 14.4 MB; 0.8 s; peak memory 1129 MiB)
2026-09-12T22:28:10Z INFO [252/364] a8b076e5-f228-4aba-8a50-56dee4daed9c: 204 groups (HDF5, 46.5 MB; 4.7 s; peak memory 1129 MiB)
2026-09-12T22:28:11Z INFO [253/364] a9268c1c-a45f-4a6d-9ce8-340d5f51596c: 27 groups (HDF5, 0.2 MB; 0.3 s; peak memory 1129 MiB)
2026-09-12T22:28:11Z INFO [254/364] a9567865-7d37-4f99-9cbb-4a7184bb9402: 26 groups (HDF5, 0.2 MB; 0.3 s; peak memory 1129 MiB)
2026-09-12T22:28:12Z INFO [255/364] a9924aa3-b9de-451e-a28e-7d6139f6884e: 48 groups (HDF5, 191.4 MB; 1.3 s; peak memory 1129 MiB)
2026-09-12T22:28:17Z INFO [256/364] a9f47bed-59d5-4a5f-b55b-a5108bf28bf3: 229 groups (HDF5, 42.0 MB; 5.0 s; peak memory 1129 MiB)
2026-09-12T22:28:19Z INFO [257/364] ab238a8e-662e-45fc-8f5b-fda3d26dc2ee: 197 groups (HDF5, 8.6 MB; 1.4 s; peak memory 1129 MiB)
2026-09-12T22:28:19Z INFO [258/364] ac6a6ddd-a809-401a-85ad-49dea87d1e90: 22 groups (HDF5, 84.1 MB; 0.4 s; peak memory 1129 MiB)
2026-09-12T22:29:30Z INFO [259/364] ac7cd195-0092-4f0c-962a-87baf1734917: 69 groups (HDF5, 19761.2 MB; 70.8 s; peak memory 1129 MiB)
2026-09-12T22:29:31Z INFO [260/364] ad5b0970-92ee-45ed-9ade-ec72ab7c0c43: 573 groups (HDF5, 2.3 MB; 1.2 s; peak memory 1129 MiB)
2026-09-12T22:29:34Z INFO [261/364] ad99a99e-1538-4715-a3b8-94ae48b174aa: 47 groups (HDF5, 348.4 MB; 3.0 s; peak memory 1129 MiB)
2026-09-12T22:29:35Z INFO [262/364] adcb866d-61ae-42cd-a047-276b5058b8a2: 202 groups (HDF5, 12.9 MB; 0.7 s; peak memory 1129 MiB)
2026-09-12T22:29:35Z INFO [263/364] add8d965-a58c-48a4-ad5f-665f7b3019a6: 25 groups (HDF5, 10.5 MB; 0.5 s; peak memory 1129 MiB)
2026-09-12T22:29:36Z INFO [264/364] ae597cd3-3396-403f-a50c-50e44c0b9bff: 32 groups (HDF5, 1.2 MB; 0.5 s; peak memory 1129 MiB)
2026-09-12T22:29:41Z INFO [265/364] b1523fde-d718-420b-a1c1-52c166de2431: 123 groups (HDF5, 44.5 MB; 5.4 s; peak memory 1129 MiB)
2026-09-12T22:29:42Z INFO [266/364] b2947865-c738-48aa-bbb6-1edadd9bfc02: 22 groups (HDF5, 84.1 MB; 0.6 s; peak memory 1129 MiB)
2026-09-12T22:29:42Z INFO [267/364] b2e66b88-379d-409b-a02b-1cce1e6f99b9: 22 groups (HDF5, 84.1 MB; 0.5 s; peak memory 1129 MiB)
2026-09-12T22:29:43Z INFO [268/364] b3328987-011e-4a92-9303-253aec9e8a28: 22 groups (HDF5, 84.1 MB; 0.5 s; peak memory 1129 MiB)
2026-09-12T22:29:43Z INFO [269/364] b4ee79c9-59ce-42d1-ad75-cfc417755968: 32 groups (HDF5, 1.1 MB; 0.6 s; peak memory 1129 MiB)
2026-09-12T22:29:46Z INFO [270/364] b6ef2449-3f1d-4c21-9ca4-28654459582b: 169 groups (HDF5, 21.1 MB; 3.0 s; peak memory 1129 MiB)
2026-09-12T22:29:47Z INFO [271/364] b7a9314f-f8d3-4ac0-9cb5-34206b92cb02: 24 groups (HDF5, 0.2 MB; 0.3 s; peak memory 1129 MiB)
2026-09-12T22:29:47Z INFO [272/364] b7d37a70-8e04-4fe2-8cbc-f0fdbf9fd67a: 32 groups (HDF5, 1.2 MB; 0.5 s; peak memory 1129 MiB)
2026-09-12T22:29:49Z INFO [273/364] b8bb1957-96e8-4cf4-a305-8053e570bfae: 48 groups (HDF5, 188.1 MB; 1.2 s; peak memory 1129 MiB)
2026-09-12T22:29:53Z INFO [274/364] b8e01d71-9df8-4e89-a88e-fa9cd2aca787: 186 groups (HDF5, 47.8 MB; 4.3 s; peak memory 1129 MiB)
2026-09-12T22:29:53Z INFO [275/364] b90ca9f1-9beb-49f1-9b72-885489a9dc49: 22 groups (HDF5, 84.1 MB; 0.4 s; peak memory 1129 MiB)
2026-09-12T22:29:54Z INFO [276/364] b986aa2c-de5e-4f69-9aa7-1f0a523582be: 32 groups (HDF5, 1.1 MB; 0.6 s; peak memory 1129 MiB)
2026-09-12T22:29:59Z INFO [277/364] b9e4563e-58f8-4f61-b651-59845c47a407: 143 groups (HDF5, 24.6 MB; 5.4 s; peak memory 1129 MiB)
2026-09-12T22:30:02Z INFO [278/364] b9f1f2c8-63a7-493e-aa78-303622c56a74: 66 groups (HDF5, 760.2 MB; 3.0 s; peak memory 1129 MiB)
2026-09-12T22:30:03Z INFO [279/364] bb8b6b27-aa42-4c2c-9804-e9ec6cd9dfc5: 32 groups (HDF5, 1.4 MB; 0.7 s; peak memory 1129 MiB)
2026-09-12T22:30:04Z INFO [280/364] bb8edf68-8467-446e-9c14-2d2a156e76cb: 35 groups (HDF5, 0.9 MB; 0.7 s; peak memory 1129 MiB)
2026-09-12T22:30:04Z INFO [281/364] bcdc6030-fce0-4c04-b89e-7e36fe6b4a86: 32 groups (HDF5, 1.3 MB; 0.7 s; peak memory 1129 MiB)
2026-09-12T22:30:05Z INFO [282/364] bd582498-9861-4dd3-b6c3-7c1d40973b71: 195 groups (HDF5, 107.6 MB; 0.8 s; peak memory 1129 MiB)
2026-09-12T22:30:06Z INFO [283/364] bd6b0d06-4995-4ded-bc63-c4d9c549e24d: 202 groups (HDF5, 74.9 MB; 1.0 s; peak memory 1129 MiB)
2026-09-12T22:30:07Z INFO [284/364] bf1c68c1-f811-409a-b5cc-965c0914002f: 32 groups (HDF5, 1.2 MB; 0.7 s; peak memory 1129 MiB)
2026-09-12T22:30:08Z INFO [285/364] c055d342-a5ff-43ac-97e3-83255a93233e: 103 groups (HDF5, 0.9 MB; 0.8 s; peak memory 1129 MiB)
2026-09-12T22:30:10Z INFO [286/364] c1825c78-ffc7-411b-b9a4-45882fe76bc6: 47 groups (HDF5, 389.4 MB; 1.9 s; peak memory 1129 MiB)
2026-09-12T22:30:10Z INFO [287/364] c31044ea-d9a0-4f6f-9030-c7a559e1ecdb: 35 groups (HDF5, 1.6 MB; 0.7 s; peak memory 1129 MiB)
2026-09-12T22:30:17Z INFO [288/364] c32dbad1-e182-470f-bcc0-c787a81f6b8f: 157 groups (HDF5, 362.0 MB; 6.6 s; peak memory 1129 MiB)
2026-09-12T22:31:32Z INFO [289/364] c355e9c4-7cce-498b-a12b-e5c7b43bf4d0: 89 groups (HDF5, 23718.4 MB; 75.2 s; peak memory 1129 MiB)
2026-09-12T22:31:36Z INFO [290/364] c388f2b6-0e33-42c2-a32b-fcfdea410668: 102 groups (HDF5, 697.1 MB; 3.6 s; peak memory 1129 MiB)
2026-09-12T22:31:39Z INFO [291/364] c3ab07c0-04af-43ea-95a4-aa91e874d341: 67 groups (HDF5, 110.4 MB; 3.3 s; peak memory 1129 MiB)
2026-09-12T23:03:58Z INFO [292/364] c3ac692a-09f6-4644-9c9c-406e5376ed90: 27 groups (HDF5, 41692.2 MB; 1938.6 s; peak memory 1129 MiB)
2026-09-12T23:03:58Z INFO [293/364] c413357e-d748-4f9e-ba2d-e84f6d2c85b2: 22 groups (HDF5, 84.1 MB; 0.5 s; peak memory 1129 MiB)
2026-09-12T23:03:59Z INFO [294/364] c5cb5438-ddcb-4fb2-a2ea-90bd0dfccc33: 49 groups (HDF5, 14.3 MB; 0.8 s; peak memory 1129 MiB)
2026-09-12T23:03:59Z INFO [295/364] c63e3f30-6a4c-48c6-b412-51ad159e92fc: 22 groups (HDF5, 84.1 MB; 0.5 s; peak memory 1129 MiB)
2026-09-12T23:04:01Z INFO [296/364] c760a1ad-95b6-4b02-a469-cbf035a9a993: 54 groups (HDF5, 5.1 MB; 1.3 s; peak memory 1129 MiB)
2026-09-12T23:04:02Z INFO [297/364] c7a61edb-f22e-432d-bbe2-8a558f0ced02: 64 groups (HDF5, 3.5 MB; 1.1 s; peak memory 1129 MiB)
2026-09-12T23:04:02Z INFO [298/364] c82f9876-863a-40a8-8884-3bed80dabd7d: 32 groups (HDF5, 1.2 MB; 0.6 s; peak memory 1129 MiB)
2026-09-12T23:04:03Z INFO [299/364] c8459622-9fbe-43bd-b4f7-5a73b6fbac04: 199 groups (HDF5, 5.3 MB; 0.8 s; peak memory 1129 MiB)
2026-09-12T23:04:05Z INFO [300/364] c994d448-589a-4f5c-80df-adcd056c1626: 61 groups (HDF5, 3.6 MB; 1.5 s; peak memory 1129 MiB)
2026-09-12T23:04:06Z INFO [301/364] c9bb0f01-16b6-4c75-b645-882543c89503: 48 groups (HDF5, 191.4 MB; 1.2 s; peak memory 1129 MiB)
2026-09-12T23:04:06Z INFO [302/364] cae6091b-941f-4328-8143-16b4bb240fb9: 254 groups (HDF5, 0.7 MB; 0.5 s; peak memory 1129 MiB)
2026-09-12T23:04:07Z INFO [303/364] cb4af4e8-5dc6-4794-8125-e7303b9eac1c: 22 groups (HDF5, 84.1 MB; 0.5 s; peak memory 1129 MiB)
2026-09-12T23:04:07Z INFO [304/364] cb8c10f1-0010-4fb6-81c9-62ea0259d8cc: 30 groups (HDF5, 0.3 MB; 0.4 s; peak memory 1129 MiB)
2026-09-12T23:04:08Z INFO [305/364] cbbc2286-b33f-43d9-b8d2-78022a6cdd88: 199 groups (HDF5, 11.8 MB; 0.7 s; peak memory 1129 MiB)
2026-09-12T23:04:09Z INFO [306/364] d02227f8-c44d-431a-981f-f23f90e188e0: 201 groups (HDF5, 2.3 MB; 0.7 s; peak memory 1129 MiB)
2026-09-12T23:04:09Z INFO [307/364] d039982c-a711-4a09-9641-fa75fb9b8f58: 22 groups (HDF5, 84.1 MB; 0.5 s; peak memory 1129 MiB)
2026-09-12T23:04:10Z INFO [308/364] d0824d45-2bbf-408f-800e-da3b0c054b51: 22 groups (HDF5, 84.1 MB; 0.4 s; peak memory 1129 MiB)
2026-09-12T23:04:10Z INFO [309/364] d1714c3a-6ddb-4b79-a2e5-ac9ce78d3372: 33 groups (HDF5, 0.8 MB; 0.6 s; peak memory 1129 MiB)
2026-09-12T23:04:11Z INFO [310/364] d1ad5570-387d-4299-b2af-9098aacd2bcd: 32 groups (HDF5, 1.6 MB; 0.7 s; peak memory 1129 MiB)
2026-09-12T23:04:11Z INFO [311/364] d2e3e375-402f-43f6-bb19-072528826ca7: 21 groups (HDF5, 20.5 MB; 0.6 s; peak memory 1129 MiB)
2026-09-12T23:04:12Z INFO [312/364] d40fa253-5a92-434d-b7d6-d7c3df191239: 32 groups (HDF5, 1.0 MB; 0.6 s; peak memory 1129 MiB)
2026-09-12T23:04:12Z INFO [313/364] d527e40a-863f-4f03-8e03-5eea0ef212fc: 28 groups (HDF5, 4.6 MB; 0.4 s; peak memory 1129 MiB)
2026-09-12T23:04:13Z INFO [314/364] d70ee3d3-92e7-49da-bb11-d0a1eec9e804: 32 groups (HDF5, 1.0 MB; 0.5 s; peak memory 1129 MiB)
2026-09-12T23:04:13Z INFO [315/364] d9d2a72d-cfcc-4ab2-95d7-4ff4ecccecb5: 25 groups (HDF5, 16.7 MB; 0.5 s; peak memory 1129 MiB)
2026-09-12T23:04:19Z INFO [316/364] da65c17e-1f84-4d6e-8ae2-64ea7ba16352: 285 groups (HDF5, 53.3 MB; 5.2 s; peak memory 1129 MiB)
2026-09-12T23:04:21Z INFO [317/364] da8c723d-114e-464a-9b3d-8b49a5b187cd: 91 groups (HDF5, 13.1 MB; 2.0 s; peak memory 1129 MiB)
2026-09-12T23:04:23Z INFO [318/364] dcad96da-f6e0-4b88-a891-a6836565be88: 22 groups (HDF5, 71.8 MB; 2.1 s; peak memory 1129 MiB)
2026-09-12T23:04:24Z INFO [319/364] dcb155aa-0411-4d10-aa2d-76ae3cfd6ed7: 50 groups (HDF5, 196.2 MB; 1.5 s; peak memory 1129 MiB)
2026-09-12T23:04:32Z INFO [320/364] ddc313c8-1fe8-4b53-a737-37a8b5f9bdc2: 22 groups (HDF5, 10577.8 MB; 7.6 s; peak memory 1129 MiB)
2026-09-12T23:04:32Z INFO [321/364] de231464-8a54-498f-800b-a31cbfee9c19: 32 groups (HDF5, 1.1 MB; 0.6 s; peak memory 1129 MiB)
2026-09-12T23:04:33Z INFO [322/364] dee50ad0-4cdc-4297-b8bb-85e3b45852ea: 33 groups (HDF5, 2.0 MB; 0.8 s; peak memory 1129 MiB)
2026-09-12T23:04:34Z INFO [323/364] df05fc81-42d9-4b58-98e7-f0f1da7d405c: 18 groups (HDF5, 0.3 MB; 0.4 s; peak memory 1129 MiB)
2026-09-12T23:04:34Z INFO [324/364] dffda305-7d50-41b8-819e-812030250d0c: 33 groups (HDF5, 0.9 MB; 0.5 s; peak memory 1129 MiB)
2026-09-12T23:04:37Z INFO [325/364] e188586b-a0d7-49c3-bca6-adb9fdaa6d2b: 113 groups (HDF5, 19.7 MB; 2.7 s; peak memory 1129 MiB)
2026-09-12T23:04:37Z INFO [326/364] e1c218fc-8b22-4775-9c7c-48d7df557a0c: 22 groups (HDF5, 84.1 MB; 0.5 s; peak memory 1129 MiB)
2026-09-12T23:04:38Z INFO [327/364] e291ee20-042f-4edf-931d-a323556d882c: 22 groups (HDF5, 84.1 MB; 0.5 s; peak memory 1129 MiB)
2026-09-12T23:04:38Z INFO [328/364] e3b74717-1706-466e-a199-25455352a4ab: 32 groups (HDF5, 0.8 MB; 0.6 s; peak memory 1129 MiB)
2026-09-12T23:04:39Z INFO [329/364] e486ce7d-1bd6-46e9-a34a-9dbfe6bd8aed: 33 groups (HDF5, 1.0 MB; 0.6 s; peak memory 1129 MiB)
2026-09-12T23:04:40Z INFO [330/364] e4a8d20c-47e1-420b-b8ff-71bc76e84b68: 35 groups (HDF5, 0.9 MB; 0.7 s; peak memory 1129 MiB)
2026-09-12T23:04:40Z INFO [331/364] e4cd3834-0064-439c-b890-f2ee598e99a8: 32 groups (HDF5, 1.0 MB; 0.6 s; peak memory 1129 MiB)
2026-09-12T23:04:41Z INFO [332/364] e78fd3b5-8ddf-4ac2-adba-b6c87d2aac00: 22 groups (HDF5, 84.1 MB; 0.5 s; peak memory 1129 MiB)
2026-09-12T23:04:41Z INFO [333/364] e7f4fb3d-049c-4e6b-ba4f-540f51b89687: 18 groups (HDF5, 0.2 MB; 0.3 s; peak memory 1129 MiB)
2026-09-12T23:04:42Z INFO [334/364] e8089439-3940-43d9-b851-2e14c9208dae: 22 groups (HDF5, 84.1 MB; 0.5 s; peak memory 1129 MiB)
2026-09-12T23:04:42Z INFO [335/364] e88133c4-d08e-4974-aa4d-26e1b83310d6: 22 groups (HDF5, 84.1 MB; 0.5 s; peak memory 1129 MiB)
2026-09-12T23:04:42Z INFO [336/364] ea98f06f-b1f4-4cb8-ad3e-24628e47f192: 22 groups (HDF5, 84.1 MB; 0.4 s; peak memory 1129 MiB)
2026-09-12T23:04:45Z INFO [337/364] eba73b70-cae0-4dee-a907-21d31c014cb9: 78 groups (HDF5, 28.2 MB; 2.7 s; peak memory 1129 MiB)
2026-09-12T23:04:46Z INFO [338/364] ebdff0b0-129b-4d7d-80b0-b5a97e35ae5a: 103 groups (HDF5, 2.2 MB; 0.7 s; peak memory 1129 MiB)
2026-09-12T23:04:46Z INFO [339/364] ec5fd1fa-b61d-4c55-9262-568eb57e008d: 253 groups (HDF5, 23.0 MB; 0.6 s; peak memory 1129 MiB)
2026-09-12T23:04:47Z INFO [340/364] ec63e4ec-4123-4a86-83bb-e7d7d0581a24: 67 groups (HDF5, 1.1 MB; 0.8 s; peak memory 1129 MiB)
2026-09-12T23:04:51Z INFO [341/364] ecf2de24-00b2-4ace-9e92-65504d5a71f9: 77 groups (HDF5, 452.4 MB; 4.1 s; peak memory 1129 MiB)
2026-09-12T23:04:52Z INFO [342/364] ee591668-d956-405a-86a1-6a29001b5855: 33 groups (HDF5, 1.5 MB; 0.7 s; peak memory 1129 MiB)
2026-09-12T23:04:53Z INFO [343/364] f07dc36e-e4ab-4a58-a8ef-9ef4c0fe7273: 22 groups (HDF5, 84.1 MB; 0.5 s; peak memory 1129 MiB)
2026-09-12T23:04:53Z INFO [344/364] f0a8a672-56b7-4e48-8fa2-39d0e3ec7ba5: 22 groups (HDF5, 84.1 MB; 0.6 s; peak memory 1129 MiB)
2026-09-12T23:04:54Z INFO [345/364] f139e9a1-57f0-46bd-ab36-d413649a2d15: 48 groups (HDF5, 188.6 MB; 1.2 s; peak memory 1129 MiB)
2026-09-12T23:04:55Z INFO [346/364] f1ddf9b6-33ee-4b5f-bd04-2f7197f75385: 194 groups (HDF5, 1.1 MB; 0.6 s; peak memory 1129 MiB)
2026-09-12T23:04:56Z INFO [347/364] f2b6c117-f0bb-4ccb-819b-015fa6fa4303: 61 groups (HDF5, 3750.3 MB; 0.8 s; peak memory 1129 MiB)
2026-09-12T23:04:57Z INFO [348/364] f2ea2b4d-4672-4e58-b6f4-dd3e561e8171: 35 groups (HDF5, 1.7 MB; 0.9 s; peak memory 1129 MiB)
2026-09-12T23:04:57Z INFO [349/364] f3c9b118-8ddc-4559-829e-5642f1619300: 24 groups (HDF5, 0.7 MB; 0.6 s; peak memory 1129 MiB)
2026-09-12T23:06:15Z INFO [350/364] f45ec084-dc17-4978-8889-6814d82a321d: 65 groups (HDF5, 21174.8 MB; 77.2 s; peak memory 1129 MiB)
2026-09-12T23:06:15Z INFO [351/364] f534f490-b425-401d-b592-9f645bee229a: 87 groups (HDF5, 1.4 MB; 0.8 s; peak memory 1129 MiB)
2026-09-12T23:06:16Z INFO [352/364] f5820900-5321-47ed-8997-c586d9b3d858: 32 groups (HDF5, 1.2 MB; 0.6 s; peak memory 1129 MiB)
2026-09-12T23:06:17Z INFO [353/364] f5bd42cf-a574-4b36-ac03-2143860c46b3: 32 groups (HDF5, 32.4 MB; 0.7 s; peak memory 1129 MiB)
2026-09-12T23:06:25Z INFO [354/364] f73cf10f-40f2-410b-ae92-d0daf79f2b66: 299 groups (HDF5, 68.9 MB; 8.2 s; peak memory 1129 MiB)
2026-09-12T23:06:26Z INFO [355/364] f81b5443-cb88-4327-8e4d-a9ce5ba37349: 32 groups (HDF5, 1.6 MB; 0.8 s; peak memory 1129 MiB)
2026-09-12T23:06:26Z INFO [356/364] f8509f67-2c69-4616-8d22-b7bad50ceb21: 32 groups (HDF5, 1.2 MB; 0.7 s; peak memory 1129 MiB)
2026-09-12T23:06:27Z INFO [357/364] f8bcc432-f6aa-4f27-b6cd-e89f7bc59642: 22 groups (HDF5, 0.2 MB; 0.3 s; peak memory 1129 MiB)
2026-09-12T23:06:29Z INFO [358/364] f90387d4-9e58-427d-a73c-d6be69a22605: 135 groups (HDF5, 20.4 MB; 2.5 s; peak memory 1129 MiB)
2026-09-12T23:06:30Z INFO [359/364] fa545f2e-eaa8-4957-9bf5-9277ae81c9b7: 33 groups (HDF5, 1.3 MB; 0.7 s; peak memory 1129 MiB)
2026-09-12T23:06:30Z INFO [360/364] fae511c2-46ee-48fb-9304-5e03d7e9ccda: 22 groups (HDF5, 84.1 MB; 0.5 s; peak memory 1129 MiB)
2026-09-12T23:07:43Z INFO [361/364] faeb5b7e-853d-4edb-b58b-ca9d71c62635: 68 groups (HDF5, 19833.6 MB; 72.7 s; peak memory 1129 MiB)
2026-09-12T23:07:44Z INFO [362/364] fd66477a-58cc-4197-a78b-861036f37bff: 35 groups (HDF5, 1.2 MB; 0.7 s; peak memory 1129 MiB)
2026-09-12T23:07:44Z INFO [363/364] fe35dc4b-e142-4d0d-99f2-40463b2e5633: 32 groups (HDF5, 1.0 MB; 0.6 s; peak memory 1129 MiB)
2026-09-12T23:07:45Z INFO [364/364] ff7b206b-0d6d-46e0-ad55-ac0009f5dded: 22 groups (HDF5, 84.1 MB; 0.5 s; peak memory 1129 MiB)
2026-09-12T23:07:45Z INFO Processed 364 content IDs in 83.7 min (peak memory 1129 MiB).
