2026-09-15T19:19:09Z INFO Logging to /tmp/logs/update_2026-09-15T19-19-09Z.log.
2026-09-15T19:19:09Z INFO Processing 375 newly valid content IDs.
2026-09-15T19:19:13Z INFO [1/375] 00075f2d-5a49-4673-b963-0999c63a9e87: 66 groups (HDF5, 578.2 MB; 3.8 s; peak memory 109 MiB)
2026-09-15T19:19:14Z INFO [2/375] 0057da4e-7d19-4cc2-a2d6-2dbe14e874cc: 22 groups (HDF5, 84.1 MB; 0.6 s; peak memory 109 MiB)
2026-09-15T19:19:18Z INFO [3/375] 00a81187-29c7-4d0f-b13f-46c805c7da0f: 181 groups (HDF5, 9.4 MB; 4.0 s; peak memory 118 MiB)
2026-09-15T19:19:18Z INFO [4/375] 00ddf4f5-eeae-463d-b817-df882d10d7a5: 22 groups (HDF5, 84.1 MB; 0.6 s; peak memory 118 MiB)
2026-09-15T19:19:19Z INFO [5/375] 0109768d-f1ed-415c-89ff-1a180cd7d195: 573 groups (HDF5, 2.1 MB; 1.2 s; peak memory 118 MiB)
2026-09-15T19:19:20Z INFO [6/375] 018d5bca-997f-475c-995e-db744d9a69e9: 22 groups (HDF5, 84.1 MB; 0.6 s; peak memory 118 MiB)
2026-09-15T19:19:21Z INFO [7/375] 02422ca4-f5cc-4b3c-94a6-decdaa847583: 32 groups (HDF5, 1.1 MB; 0.7 s; peak memory 118 MiB)
2026-09-15T19:19:21Z INFO [8/375] 026451fa-eb7f-421b-9154-5ec012daee39: 32 groups (HDF5, 0.8 MB; 0.6 s; peak memory 118 MiB)
2026-09-15T19:19:22Z INFO [9/375] 030c4201-d252-427d-886e-10d410be8c2d: 26 groups (HDF5, 5.6 MB; 0.6 s; peak memory 118 MiB)
2026-09-15T19:19:27Z INFO [10/375] 03d8e591-c9b8-44d4-91da-c0e364668ddc: 68 groups (HDF5, 90.1 MB; 5.4 s; peak memory 123 MiB)
2026-09-15T19:19:28Z INFO [11/375] 03eb308f-3903-4449-8f87-3079f2bcd666: 22 groups (HDF5, 84.1 MB; 0.6 s; peak memory 123 MiB)
2026-09-15T19:19:29Z INFO [12/375] 04fff05c-dcfd-49d5-bcaa-f168b8563f3f: 32 groups (HDF5, 1.0 MB; 0.6 s; peak memory 123 MiB)
2026-09-15T19:19:30Z INFO [13/375] 0781c738-900d-4d67-a366-691f7d1ed456: 207 groups (HDF5, 3.6 MB; 1.1 s; peak memory 123 MiB)
2026-09-15T19:19:30Z INFO [14/375] 07a51ea7-8103-4b60-a17e-556b4ca166a9: 22 groups (HDF5, 84.1 MB; 0.5 s; peak memory 123 MiB)
2026-09-15T19:19:39Z INFO [15/375] 081099e8-ce31-49b1-b843-659fb57dc643: 52 groups (HDF5, 1860.8 MB; 9.0 s; peak memory 126 MiB)
2026-09-15T19:19:42Z INFO [16/375] 085c3109-2891-440c-81b4-22613f031902: 36 groups (HDF5, 117.6 MB; 2.5 s; peak memory 126 MiB)
2026-09-15T19:19:42Z INFO [17/375] 093f9310-9b81-4201-bdd1-5703c3d18e47: 26 groups (HDF5, 1.1 MB; 0.6 s; peak memory 126 MiB)
2026-09-15T19:19:43Z INFO [18/375] 095298c3-60a0-450d-b145-3f46cbdddfbf: 22 groups (HDF5, 84.1 MB; 0.6 s; peak memory 126 MiB)
2026-09-15T19:19:44Z INFO [19/375] 09778419-3ac0-4156-8139-0e5ea8827892: 34 groups (HDF5, 97.8 MB; 0.7 s; peak memory 126 MiB)
2026-09-15T19:21:17Z INFO [20/375] 09b4e246-372d-4893-a1c7-6cf9f8fb1420: 60 groups (HDF5, 21138.4 MB; 93.2 s; peak memory 266 MiB)
2026-09-15T19:21:21Z INFO [21/375] 0b5a42fa-3b98-4b36-aca9-8e4f9896e75f: 67 groups (HDF5, 95.0 MB; 4.3 s; peak memory 266 MiB)
2026-09-15T19:21:22Z INFO [22/375] 0c6b9374-29ff-44d5-ae5e-09d793b21b4c: 194 groups (HDF5, 59.8 MB; 0.9 s; peak memory 266 MiB)
2026-09-15T19:21:23Z INFO [23/375] 0cbeb866-59fc-4310-a12d-f49b4da441e3: 48 groups (HDF5, 66.5 MB; 1.4 s; peak memory 266 MiB)
2026-09-15T19:21:37Z INFO [24/375] 0cc7ce4d-1f16-4ba9-afbe-fd49f13ef9a2: 23 groups (HDF5, 41631.1 MB; 13.9 s; peak memory 266 MiB)
2026-09-15T19:21:38Z INFO [25/375] 0d0bed5c-64dd-422b-a8a6-819d3b151975: 30 groups (HDF5, 0.3 MB; 0.5 s; peak memory 266 MiB)
2026-09-15T19:21:38Z INFO [26/375] 0d0ddd86-0ea5-48c7-8a87-df9f232bfc68: 22 groups (HDF5, 84.1 MB; 0.6 s; peak memory 266 MiB)
2026-09-15T19:21:40Z INFO [27/375] 0da4081d-f5af-4fb2-87e5-061c804243f0: 32 groups (HDF5, 646.4 MB; 1.4 s; peak memory 266 MiB)
2026-09-15T19:21:45Z INFO [28/375] 0e35e5bf-fd69-42a2-a49a-1c6ed70b3887: 48 groups (HDF5, 191.2 MB; 5.2 s; peak memory 266 MiB)
2026-09-15T19:21:46Z INFO [29/375] 0e486e5a-e4e4-4f22-ba6d-ba4316726f7e: 202 groups (HDF5, 2.3 MB; 0.9 s; peak memory 266 MiB)
2026-09-15T19:21:46Z INFO [30/375] 0ec62829-61e1-4dba-a58e-a3f69830e996: 22 groups (HDF5, 84.1 MB; 0.6 s; peak memory 266 MiB)
2026-09-15T19:21:50Z INFO [31/375] 0f2f02ec-9ef0-48a2-9fde-51b58ee9e4ca: 78 groups (HDF5, 334.8 MB; 3.6 s; peak memory 266 MiB)
2026-09-15T19:21:51Z INFO [32/375] 0f435527-a2ee-4254-a23d-77fde440e8cd: 35 groups (HDF5, 1.0 MB; 0.7 s; peak memory 266 MiB)
2026-09-15T19:21:51Z INFO [33/375] 0f88a1ac-c972-4b5f-ba0a-0535da312f37: 18 groups (HDF5, 0.3 MB; 0.5 s; peak memory 266 MiB)
2026-09-15T19:21:52Z INFO [34/375] 111ca8a5-a22a-4eee-b76e-3cd034a6f61c: 32 groups (HDF5, 1.1 MB; 0.7 s; peak memory 266 MiB)
2026-09-15T19:21:53Z INFO [35/375] 11c3a293-443e-47e3-b702-5f6a02610a74: 22 groups (HDF5, 84.1 MB; 0.7 s; peak memory 266 MiB)
2026-09-15T19:21:53Z INFO [36/375] 11e3487f-7cb5-467c-a456-d97b4d7eab5c: 22 groups (HDF5, 84.1 MB; 0.6 s; peak memory 266 MiB)
2026-09-15T19:21:54Z INFO [37/375] 1411bce9-710a-4ae7-91e4-7041f447aab2: 22 groups (HDF5, 84.1 MB; 0.6 s; peak memory 266 MiB)
2026-09-15T19:21:54Z INFO [38/375] 14fe8e62-e4ed-462a-92af-10ec27bb682b: 22 groups (HDF5, 84.1 MB; 0.6 s; peak memory 266 MiB)
2026-09-15T19:21:55Z INFO [39/375] 15ade21e-76bc-420e-a736-8ea5202d6262: 22 groups (HDF5, 84.1 MB; 0.5 s; peak memory 266 MiB)
2026-09-15T19:21:55Z INFO [40/375] 15dbbe52-3fd7-456a-8b01-0e31cdaef89f: 22 groups (HDF5, 84.1 MB; 0.6 s; peak memory 266 MiB)
2026-09-15T19:24:38Z INFO [41/375] 164e6d3c-5d72-410d-bfcb-138e27f9c9c2: 67 groups (HDF5, 40381.8 MB; 162.9 s; peak memory 386 MiB)
2026-09-15T19:24:42Z INFO [42/375] 16a8e0ce-3897-482f-883f-f6cb11a7c736: 172 groups (HDF5, 23.4 MB; 3.5 s; peak memory 386 MiB)
2026-09-15T19:24:43Z INFO [43/375] 16cb62dd-fe4c-43d8-b0f7-9fcb96926e8b: 17 groups (HDF5, 58.0 MB; 1.5 s; peak memory 386 MiB)
2026-09-15T19:24:44Z INFO [44/375] 17e53c5b-e7f5-40d3-93e2-cbffc4e026cf: 253 groups (HDF5, 11.8 MB; 0.6 s; peak memory 386 MiB)
2026-09-15T19:24:49Z INFO [45/375] 182c9bc5-e2ec-494f-a900-bf2685c3a023: 54 groups (HDF5, 375.0 MB; 5.2 s; peak memory 386 MiB)
2026-09-15T19:24:50Z INFO [46/375] 18484de5-b6b0-4512-ae89-be3ef2663aed: 22 groups (HDF5, 84.1 MB; 0.5 s; peak memory 386 MiB)
2026-09-15T19:24:50Z INFO [47/375] 18af4512-cbdd-4cff-8528-75ee4a9e4206: 252 groups (HDF5, 0.7 MB; 0.8 s; peak memory 386 MiB)
2026-09-15T19:24:52Z INFO [48/375] 1aacb327-636a-4a5b-a11b-aad056a671f0: 54 groups (HDF5, 15.2 MB; 1.5 s; peak memory 386 MiB)
2026-09-15T19:24:53Z INFO [49/375] 1ab8137c-dfba-413b-8232-78dba8f03b34: 71 groups (HDF5, 842.1 MB; 1.1 s; peak memory 386 MiB)
2026-09-15T19:24:54Z INFO [50/375] 1be77b36-ca4c-4520-ae03-a3294a1b8e8f: 203 groups (HDF5, 22.5 MB; 0.8 s; peak memory 386 MiB)
2026-09-15T19:24:55Z INFO [51/375] 1c062ea3-9ace-48d7-b6cb-983a615f9592: 196 groups (HDF5, 0.8 MB; 0.7 s; peak memory 386 MiB)
2026-09-15T19:24:55Z INFO [52/375] 1d11890a-7db3-49de-a426-6bc1bd317fbc: 32 groups (HDF5, 1.1 MB; 0.7 s; peak memory 386 MiB)
2026-09-15T19:24:56Z INFO [53/375] 1df7cb0e-a734-45a2-8a2d-f1af067b7ae5: 22 groups (HDF5, 84.1 MB; 0.6 s; peak memory 386 MiB)
2026-09-15T19:24:56Z INFO [54/375] 1f6153c9-3fd1-438d-9eb9-51ab70d0d038: 22 groups (HDF5, 84.1 MB; 0.5 s; peak memory 386 MiB)
2026-09-15T19:24:58Z INFO [55/375] 1f7144c2-26c8-46a4-8e8f-560bf5b0efbb: 45 groups (HDF5, 508.3 MB; 1.7 s; peak memory 386 MiB)
2026-09-15T19:24:59Z INFO [56/375] 22ab7f8b-6354-4eaa-845b-9ee27af8a956: 32 groups (HDF5, 0.9 MB; 0.7 s; peak memory 386 MiB)
2026-09-15T19:25:07Z INFO [57/375] 23f44ad3-03b9-46d3-9119-e134f5439554: 22 groups (HDF5, 10562.8 MB; 8.2 s; peak memory 386 MiB)
2026-09-15T19:25:08Z INFO [58/375] 26c18e90-c9ff-4e02-8b3f-d268b8219345: 35 groups (HDF5, 1.0 MB; 0.9 s; peak memory 386 MiB)
2026-09-15T19:25:18Z INFO [59/375] 26fc339b-be84-44f6-8779-36f0b9dd221a: 157 groups (HDF5, 1607.0 MB; 10.2 s; peak memory 386 MiB)
2026-09-15T19:25:19Z INFO [60/375] 29af70ea-651f-474c-830f-1fff824ac788: 33 groups (HDF5, 1.2 MB; 0.9 s; peak memory 386 MiB)
2026-09-15T19:25:28Z INFO [61/375] 29f739e2-1df5-4722-bd4e-1ac53966e451: 17 groups (HDF5, 440.4 MB; 9.1 s; peak memory 386 MiB)
2026-09-15T19:25:33Z INFO [62/375] 2b3bc155-b9d8-416f-80ad-bc0ef7a74a8a: 200 groups (HDF5, 24.6 MB; 4.4 s; peak memory 386 MiB)
2026-09-15T19:25:40Z INFO [63/375] 2d0632e2-bc72-46e6-9672-739a984fd2a8: 301 groups (HDF5, 52.1 MB; 7.7 s; peak memory 386 MiB)
2026-09-15T19:25:41Z INFO [64/375] 2d2c015e-b850-4809-b1cc-bc89e1aaa15a: 35 groups (HDF5, 1.0 MB; 0.8 s; peak memory 386 MiB)
2026-09-15T19:25:52Z INFO [65/375] 2de0ff0b-8f20-4136-91e0-e59c188b48ca: 27 groups (HDF5, 652.2 MB; 11.0 s; peak memory 386 MiB)
2026-09-15T19:25:53Z INFO [66/375] 2e929ac0-14c2-46b8-8239-55ecc8a10019: 32 groups (HDF5, 1.7 MB; 0.8 s; peak memory 386 MiB)
2026-09-15T19:25:54Z INFO [67/375] 2f4f50f3-cb5f-47b0-80f3-2563e6a4c544: 257 groups (HDF5, 2.7 MB; 0.9 s; peak memory 386 MiB)
2026-09-15T19:25:54Z INFO [68/375] 2fe40d5f-4369-4fe7-98aa-71567d48afdf: 66 groups (HDF5, 21.8 MB; 0.8 s; peak memory 386 MiB)
2026-09-15T19:25:55Z INFO [69/375] 3054d16a-2201-4ca6-b0ff-550bfe19871f: 195 groups (HDF5, 3.6 MB; 0.8 s; peak memory 386 MiB)
2026-09-15T19:26:00Z INFO [70/375] 30bbc757-86ad-4209-b0bf-85de7e517da8: 209 groups (HDF5, 47.9 MB; 5.0 s; peak memory 386 MiB)
2026-09-15T19:26:01Z INFO [71/375] 31dd8c26-25f4-4396-abf6-5fcab8baf9d1: 22 groups (HDF5, 84.1 MB; 0.6 s; peak memory 386 MiB)
2026-09-15T19:26:02Z INFO [72/375] 325f7c76-6052-4200-ba7e-504d042c5fc8: 104 groups (HDF5, 51.2 MB; 1.1 s; peak memory 386 MiB)
2026-09-15T19:26:03Z INFO [73/375] 33015ad5-819c-4b85-be71-051a4c2decfc: 26 groups (HDF5, 870.7 MB; 1.2 s; peak memory 386 MiB)
2026-09-15T19:26:04Z INFO [74/375] 33feb59d-bbd2-433e-b152-549863df1617: 32 groups (HDF5, 1.3 MB; 0.7 s; peak memory 386 MiB)
2026-09-15T19:26:04Z INFO [75/375] 3402e2d0-59d1-4a79-973d-4438aea512a5: 22 groups (HDF5, 84.1 MB; 0.6 s; peak memory 386 MiB)
2026-09-15T19:26:06Z INFO [76/375] 34ee60c8-5a17-40e7-a8f8-ebab799017be: 206 groups (HDF5, 288.4 MB; 1.1 s; peak memory 386 MiB)
2026-09-15T19:26:06Z INFO [77/375] 3545f514-9909-4b04-b765-ccc7fdb7e4d6: 32 groups (HDF5, 1.4 MB; 0.6 s; peak memory 386 MiB)
2026-09-15T19:26:07Z INFO [78/375] 355cc930-ff2e-4dc9-acb6-30020bbbdd45: 22 groups (HDF5, 84.1 MB; 0.6 s; peak memory 386 MiB)
2026-09-15T19:26:10Z INFO [79/375] 368ac884-04da-4f70-a570-ea67f7080b92: 78 groups (HDF5, 444.2 MB; 3.2 s; peak memory 386 MiB)
2026-09-15T19:26:22Z INFO [80/375] 3723f776-1d94-4d50-a817-183913274a75: 23 groups (HDF5, 36670.2 MB; 12.2 s; peak memory 386 MiB)
2026-09-15T19:26:23Z INFO [81/375] 376f7a40-375a-4862-b2af-5f15284c568c: 35 groups (HDF5, 0.7 MB; 0.7 s; peak memory 386 MiB)
2026-09-15T19:26:23Z INFO [82/375] 37c8cacf-7879-4bbf-aea4-5199c12892ed: 32 groups (HDF5, 0.9 MB; 0.6 s; peak memory 386 MiB)
2026-09-15T19:26:24Z INFO [83/375] 380b99e8-d461-4cba-a637-841629fe6789: 32 groups (HDF5, 0.9 MB; 0.6 s; peak memory 386 MiB)
2026-09-15T19:26:25Z INFO [84/375] 38249f09-193c-4df5-8971-890657193fb1: 33 groups (HDF5, 0.8 MB; 0.7 s; peak memory 386 MiB)
2026-09-15T19:26:26Z INFO [85/375] 3856ad56-38ad-4536-8c3c-9912b5f3ca18: 35 groups (HDF5, 1.4 MB; 0.8 s; peak memory 386 MiB)
2026-09-15T19:26:26Z INFO [86/375] 38593f68-0000-4acf-84d2-de30dea900ad: 103 groups (HDF5, 0.6 MB; 0.6 s; peak memory 386 MiB)
2026-09-15T19:26:27Z INFO [87/375] 3881a3ae-ac80-4bc9-a812-10cd45bfc347: 22 groups (HDF5, 84.1 MB; 0.7 s; peak memory 386 MiB)
2026-09-15T19:26:28Z INFO [88/375] 3888ab00-308f-422f-a30d-177b12d11017: 87 groups (HDF5, 1.4 MB; 0.7 s; peak memory 386 MiB)
2026-09-15T19:26:29Z INFO [89/375] 38e02eec-6073-4d81-ab8d-c21faa32b80a: 35 groups (HDF5, 1.3 MB; 1.0 s; peak memory 386 MiB)
2026-09-15T19:26:29Z INFO [90/375] 394df2ae-f7b4-4723-b98a-ada83c51f482: 22 groups (HDF5, 84.1 MB; 0.6 s; peak memory 386 MiB)
2026-09-15T19:26:38Z INFO [91/375] 39669a67-e8c7-4ad6-9802-f20657555da9: 17 groups (HDF5, 336.6 MB; 8.9 s; peak memory 386 MiB)
2026-09-15T19:26:39Z INFO [92/375] 3a3ce9db-0854-481b-a36e-e0dfe7b8709d: 32 groups (HDF5, 1.4 MB; 0.9 s; peak memory 386 MiB)
2026-09-15T19:26:40Z INFO [93/375] 3a9e978f-8199-4713-9bb7-389eb35d764e: 207 groups (HDF5, 79.3 MB; 1.1 s; peak memory 386 MiB)
2026-09-15T19:26:41Z INFO [94/375] 3b090fcb-009f-42ee-8f64-5afdb1cccbbb: 35 groups (HDF5, 0.9 MB; 0.6 s; peak memory 386 MiB)
2026-09-15T19:26:42Z INFO [95/375] 3b2672c0-01e2-4e2a-a6fd-09535b8afd67: 575 groups (HDF5, 2.1 MB; 1.0 s; peak memory 386 MiB)
2026-09-15T19:26:43Z INFO [96/375] 3b2cdbc6-6df9-466f-b384-309a11cb4e82: 206 groups (HDF5, 161.8 MB; 1.3 s; peak memory 386 MiB)
2026-09-15T19:26:44Z INFO [97/375] 3b42b1d7-78b8-414c-a543-caf7d334b01f: 32 groups (HDF5, 1.2 MB; 0.7 s; peak memory 386 MiB)
2026-09-15T19:26:45Z INFO [98/375] 3bc2e0eb-71fe-49ab-a7f5-4fc65d72b451: 41 groups (HDF5, 17.6 MB; 0.8 s; peak memory 386 MiB)
2026-09-15T19:26:47Z INFO [99/375] 3bd3fc5a-7d9f-44fc-9784-ac2726877e20: 50 groups (HDF5, 196.1 MB; 1.8 s; peak memory 386 MiB)
2026-09-15T19:26:47Z INFO [100/375] 3de3e2d6-b5f4-4da9-87df-16c0f1cc804d: 34 groups (HDF5, 99.2 MB; 0.7 s; peak memory 386 MiB)
2026-09-15T19:26:48Z INFO [101/375] 3e34b730-4983-4231-a44e-64b46ed8753e: 32 groups (HDF5, 1.5 MB; 0.7 s; peak memory 386 MiB)
2026-09-15T19:26:51Z INFO [102/375] 3e5d308e-2901-4cde-94ed-ea154c1b8283: 73 groups (HDF5, 259.1 MB; 3.3 s; peak memory 386 MiB)
2026-09-15T19:26:52Z INFO [103/375] 3e6c6124-3d8a-4622-b349-4cfdcec62966: 22 groups (HDF5, 84.1 MB; 0.6 s; peak memory 386 MiB)
2026-09-15T19:26:53Z INFO [104/375] 3f73768f-8270-4b9b-94bd-c12e9c2e60a3: 35 groups (HDF5, 1.2 MB; 0.8 s; peak memory 386 MiB)
2026-09-15T19:26:55Z INFO [105/375] 411a6fba-047c-4a9b-8b55-797339e5a816: 57 groups (HDF5, 220.2 MB; 2.6 s; peak memory 386 MiB)
2026-09-15T19:26:56Z INFO [106/375] 4138b4c9-7685-45c8-a8c0-d44ca0592fce: 42 groups (HDF5, 17.6 MB; 0.8 s; peak memory 386 MiB)
2026-09-15T19:26:57Z INFO [107/375] 42edb13b-f64c-43e9-80da-a86549dfe150: 22 groups (HDF5, 84.1 MB; 0.6 s; peak memory 386 MiB)
2026-09-15T19:26:57Z INFO [108/375] 4303e63c-6a3e-4386-afb4-00928d8d3a33: 35 groups (HDF5, 1.2 MB; 0.7 s; peak memory 386 MiB)
2026-09-15T19:26:58Z INFO [109/375] 44c453cf-ea1f-43f2-827a-dc69c6a45c9c: 31 groups (HDF5, 0.3 MB; 0.5 s; peak memory 386 MiB)
2026-09-15T19:27:28Z INFO [110/375] 45b2ea1f-25a4-4260-98d6-48b6de8943c0: 1722 groups (HDF5, 356.0 MB; 29.9 s; peak memory 386 MiB)
2026-09-15T19:27:35Z INFO [111/375] 46beaf3d-3f1b-4ad9-b60d-af129f20a6a9: 1508 groups (HDF5, 46.7 MB; 7.0 s; peak memory 386 MiB)
2026-09-15T19:27:35Z INFO [112/375] 4707747a-fc54-47dc-973f-0752852da104: 25 groups (HDF5, 19.6 MB; 0.6 s; peak memory 386 MiB)
2026-09-15T19:27:36Z INFO [113/375] 47a4cbac-13fe-490f-96c1-43f36043751a: 25 groups (HDF5, 11.2 MB; 0.8 s; peak memory 386 MiB)
2026-09-15T19:27:37Z INFO [114/375] 48266645-ab4d-4b1c-b986-18628417dc51: 20 groups (HDF5, 6.1 MB; 0.7 s; peak memory 386 MiB)
2026-09-15T19:27:37Z INFO [115/375] 486314e0-66a0-4e41-89a3-970b5cabebef: 22 groups (HDF5, 84.1 MB; 0.6 s; peak memory 386 MiB)
2026-09-15T19:27:38Z INFO [116/375] 4a5258cc-9156-4e4e-b074-7f07a5c817bc: 203 groups (HDF5, 24.2 MB; 0.9 s; peak memory 386 MiB)
2026-09-15T19:27:39Z INFO [117/375] 4ae8bc8f-007f-4790-9e3e-1004a88ce2ce: 34 groups (HDF5, 66.7 MB; 0.8 s; peak memory 386 MiB)
2026-09-15T19:27:43Z INFO [118/375] 4c5e12ed-99f1-4e2d-a3ce-80cf448f2735: 67 groups (HDF5, 127.7 MB; 3.8 s; peak memory 386 MiB)
2026-09-15T19:27:52Z INFO [119/375] 4ccc2514-9a72-4edb-ab1e-d999f478851c: 44 groups (HDF5, 14807.0 MB; 8.7 s; peak memory 386 MiB)
2026-09-15T19:27:52Z INFO [120/375] 4d809911-654c-405a-aef9-01e77c5dd9be: 22 groups (HDF5, 0.2 MB; 0.5 s; peak memory 386 MiB)
2026-09-15T19:27:57Z INFO [121/375] 4ed453cc-9689-4777-982b-42deb7d189ee: 154 groups (HDF5, 29.9 MB; 4.3 s; peak memory 386 MiB)
2026-09-15T19:27:57Z INFO [122/375] 512bfca4-479e-43f2-b07b-694711693e12: 18 groups (HDF5, 0.4 MB; 0.5 s; peak memory 386 MiB)
2026-09-15T19:29:23Z INFO [123/375] 515d4008-dff1-4cf3-98b0-ca4e5e3f04d9: 60 groups (HDF5, 21286.9 MB; 85.8 s; peak memory 386 MiB)
2026-09-15T19:29:24Z INFO [124/375] 516e3082-8e4c-4e0d-ba37-e3e9b60aa5a3: 22 groups (HDF5, 84.1 MB; 0.8 s; peak memory 386 MiB)
2026-09-15T19:29:24Z INFO [125/375] 51efebeb-57f5-45c8-b1ca-95a79114c110: 32 groups (HDF5, 1.5 MB; 0.8 s; peak memory 386 MiB)
2026-09-15T19:29:26Z INFO [126/375] 52802750-90d9-4bcf-88f2-5351091bb1c3: 47 groups (HDF5, 660.4 MB; 2.1 s; peak memory 386 MiB)
2026-09-15T19:29:27Z INFO [127/375] 52f404f8-76bf-4c56-89c9-fca0522a95cc: 32 groups (HDF5, 1.2 MB; 0.8 s; peak memory 386 MiB)
2026-09-15T19:29:28Z INFO [128/375] 577d84c1-7b6e-4de2-bf76-21eca787936f: 33 groups (HDF5, 2.3 MB; 0.9 s; peak memory 386 MiB)
2026-09-15T19:29:32Z INFO [129/375] 58716407-e1b6-4d1b-9cf2-2a60643e5f72: 20 groups (HDF5, 87.1 MB; 3.6 s; peak memory 386 MiB)
2026-09-15T19:29:32Z INFO [130/375] 592bd41b-e817-47b0-ac87-5700f02ac96e: 22 groups (HDF5, 84.1 MB; 0.7 s; peak memory 386 MiB)
2026-09-15T19:29:33Z INFO [131/375] 594ad32c-7c3c-4f11-81df-2e07c67c289c: 32 groups (HDF5, 1.1 MB; 0.6 s; peak memory 386 MiB)
2026-09-15T19:29:34Z INFO [132/375] 5981a09d-8d34-4956-8701-4a7dfb5f7f6b: 71 groups (HDF5, 0.7 MB; 0.6 s; peak memory 386 MiB)
2026-09-15T19:29:35Z INFO [133/375] 5a7b5c9f-fcfd-49ec-83fa-4732e76158ba: 35 groups (HDF5, 1.4 MB; 1.0 s; peak memory 386 MiB)
2026-09-15T19:29:42Z INFO [134/375] 5a96bd01-5ec1-4fc0-88fa-45115c979e2e: 149 groups (HDF5, 42.6 MB; 7.3 s; peak memory 386 MiB)
2026-09-15T19:29:46Z INFO [135/375] 5d0a2652-340f-4ded-8ae9-5da051f7e2b0: 17 groups (HDF5, 175.0 MB; 4.5 s; peak memory 386 MiB)
2026-09-15T19:29:47Z INFO [136/375] 5d773edb-d453-47b4-9c99-87b216277770: 22 groups (HDF5, 84.1 MB; 0.5 s; peak memory 386 MiB)
2026-09-15T19:29:48Z INFO [137/375] 5dd01648-818d-4276-9419-e7598f0d39c5: 53 groups (HDF5, 21.6 MB; 1.4 s; peak memory 386 MiB)
2026-09-15T19:29:49Z INFO [138/375] 5f5f26b1-094a-4c70-86d7-332b7dd77936: 22 groups (HDF5, 84.1 MB; 0.6 s; peak memory 386 MiB)
2026-09-15T19:29:50Z INFO [139/375] 6046056f-ba00-40dd-b1b2-c10c378960f1: 196 groups (HDF5, 33.6 MB; 0.9 s; peak memory 386 MiB)
2026-09-15T19:29:51Z INFO [140/375] 606f19e4-61f9-4902-8b9e-09d8005b61b7: 35 groups (HDF5, 0.9 MB; 0.9 s; peak memory 386 MiB)
2026-09-15T19:29:51Z INFO [141/375] 60fb67e7-ff12-42d5-893b-4714cc9d02e1: 22 groups (HDF5, 84.1 MB; 0.5 s; peak memory 386 MiB)
2026-09-15T19:29:53Z INFO [142/375] 613d3a83-075f-4531-b840-cbe315134948: 48 groups (HDF5, 67.0 MB; 1.3 s; peak memory 386 MiB)
2026-09-15T19:29:53Z INFO [143/375] 629dcc3d-49ef-41f8-afbc-d21a14081a6f: 32 groups (HDF5, 1.7 MB; 0.7 s; peak memory 386 MiB)
2026-09-15T19:29:54Z INFO [144/375] 62b18aec-e2b5-4992-80c4-9b65c51169f2: 32 groups (HDF5, 1.3 MB; 0.7 s; peak memory 386 MiB)
2026-09-15T19:29:55Z INFO [145/375] 631b1b64-9d33-403b-bc50-1dcd9c91e5c0: 25 groups (HDF5, 0.2 MB; 0.6 s; peak memory 386 MiB)
2026-09-15T19:29:55Z INFO [146/375] 63a79cb0-8a8a-4e34-b1a2-398a0915b7a7: 253 groups (HDF5, 0.6 MB; 0.7 s; peak memory 386 MiB)
2026-09-15T19:29:56Z INFO [147/375] 64388a1f-c87b-4d38-b5b0-208ddcad015c: 31 groups (HDF5, 8.6 MB; 0.6 s; peak memory 386 MiB)
2026-09-15T19:29:59Z INFO [148/375] 64f71859-81af-427c-bc48-7cc613483a16: 57 groups (HDF5, 89.7 MB; 3.1 s; peak memory 386 MiB)
2026-09-15T19:30:00Z INFO [149/375] 654d474a-f09c-4b4c-a063-2aa1bd9b97fe: 25 groups (HDF5, 18.2 MB; 0.9 s; peak memory 386 MiB)
2026-09-15T19:30:01Z INFO [150/375] 6587121d-6385-49c0-9680-ff3b8d1187c8: 36 groups (HDF5, 4775.2 MB; 0.8 s; peak memory 386 MiB)
2026-09-15T19:30:10Z INFO [151/375] 65ec9cf2-295c-48cb-8449-3ec5b856ffa2: 590 groups (HDF5, 1326.8 MB; 9.8 s; peak memory 386 MiB)
2026-09-15T19:30:12Z INFO [152/375] 6616e48f-efd4-4ccf-a53f-ee89deeb1408: 48 groups (HDF5, 191.4 MB; 1.6 s; peak memory 386 MiB)
2026-09-15T19:30:12Z INFO [153/375] 66305a76-c9b4-4bc6-b374-33cd334d150f: 25 groups (HDF5, 0.2 MB; 0.4 s; peak memory 386 MiB)
2026-09-15T19:30:13Z INFO [154/375] 66ee74e8-655a-4c06-8915-8a5f8df95358: 35 groups (HDF5, 1.6 MB; 0.9 s; peak memory 386 MiB)
2026-09-15T19:30:14Z INFO [155/375] 67294459-ec95-4f76-baec-3160808ad08c: 19 groups (HDF5, 14.7 MB; 0.5 s; peak memory 386 MiB)
2026-09-15T19:30:16Z INFO [156/375] 6735d001-a9cc-4a10-961e-cbc60208fc80: 50 groups (HDF5, 196.1 MB; 2.0 s; peak memory 386 MiB)
2026-09-15T19:30:16Z INFO [157/375] 676473a0-3fc8-4d22-a116-4c1dcff17f56: 22 groups (HDF5, 84.1 MB; 0.6 s; peak memory 386 MiB)
2026-09-15T19:30:22Z INFO [158/375] 677c1e92-0c47-4ecd-8bef-148d23473504: 381 groups (HDF5, 49.7 MB; 6.0 s; peak memory 386 MiB)
2026-09-15T19:30:34Z INFO [159/375] 6784450c-5429-49f0-adbf-bc05e87f1f90: 227 groups (HDF5, 72.8 MB; 12.1 s; peak memory 386 MiB)
2026-09-15T19:30:35Z INFO [160/375] 67892270-091b-4042-890d-a1f026d92f78: 22 groups (HDF5, 84.1 MB; 0.6 s; peak memory 386 MiB)
2026-09-15T19:30:35Z INFO [161/375] 67904f76-9adf-4a10-bf5f-b97a1f27141d: 22 groups (HDF5, 84.1 MB; 0.6 s; peak memory 386 MiB)
2026-09-15T19:30:36Z INFO [162/375] 67a10669-1a05-499d-8066-4937248d67e6: 202 groups (HDF5, 3.7 MB; 1.0 s; peak memory 386 MiB)
2026-09-15T19:30:48Z INFO [163/375] 67ca29cb-5d76-437b-a072-4d6a7c99ff81: 334 groups (HDF5, 109.2 MB; 11.8 s; peak memory 386 MiB)
2026-09-15T19:30:49Z INFO [164/375] 67f321f2-9ee6-4354-92ea-68fb0fb20878: 32 groups (HDF5, 1.4 MB; 0.8 s; peak memory 386 MiB)
2026-09-15T19:30:49Z INFO [165/375] 6af306e4-70fc-4fca-a983-b511db1313c1: 26 groups (HDF5, 0.2 MB; 0.4 s; peak memory 386 MiB)
2026-09-15T19:30:50Z INFO [166/375] 6bb1b543-b13b-48c4-901c-ec3c374076fd: 194 groups (HDF5, 26.6 MB; 0.8 s; peak memory 386 MiB)
2026-09-15T19:30:54Z INFO [167/375] 6bfb4a23-d328-4ef4-9d3d-6ff13126c706: 181 groups (HDF5, 9.3 MB; 3.6 s; peak memory 386 MiB)
2026-09-15T19:30:54Z INFO [168/375] 6c3bb9a8-af71-4404-b4a9-ff7e766d8772: 22 groups (HDF5, 84.1 MB; 0.5 s; peak memory 386 MiB)
2026-09-15T19:30:55Z INFO [169/375] 6cc4a599-f796-439f-b9ec-3073b2af50a2: 35 groups (HDF5, 1.7 MB; 0.9 s; peak memory 386 MiB)
2026-09-15T19:30:56Z INFO [170/375] 6d4bc753-7099-4439-8e09-6903b1733505: 256 groups (HDF5, 1.5 MB; 0.9 s; peak memory 386 MiB)
2026-09-15T19:30:58Z INFO [171/375] 6dee87e2-26f8-44d3-b5e7-86b944f52696: 53 groups (HDF5, 277.0 MB; 1.9 s; peak memory 386 MiB)
2026-09-15T19:31:06Z INFO [172/375] 6f35fbff-44b7-43d6-83ac-457974499d92: 199 groups (HDF5, 47.8 MB; 8.3 s; peak memory 386 MiB)
2026-09-15T19:31:08Z INFO [173/375] 71e79fdc-9208-4701-b66c-4ea3ba63dc04: 32 groups (HDF5, 70.8 MB; 1.1 s; peak memory 386 MiB)
2026-09-15T19:31:08Z INFO [174/375] 722f5273-3a37-4a8f-ba49-7b31dfaed75a: 22 groups (HDF5, 84.1 MB; 0.6 s; peak memory 386 MiB)
2026-09-15T19:31:21Z INFO [175/375] 728324b3-599f-4bc4-994d-99d66900d58c: 23 groups (HDF5, 42611.9 MB; 13.3 s; peak memory 386 MiB)
2026-09-15T19:31:29Z INFO [176/375] 73894daf-0892-4eed-915c-47da0e3362c6: 383 groups (HDF5, 22.3 MB; 7.6 s; peak memory 386 MiB)
2026-09-15T19:31:30Z INFO [177/375] 73977434-c72c-4085-b66c-bdfdf4c7ff82: 32 groups (HDF5, 1.5 MB; 0.6 s; peak memory 386 MiB)
2026-09-15T19:33:06Z INFO [178/375] 74038a8b-f29e-405e-9091-71998508515b: 69 groups (HDF5, 22289.3 MB; 96.0 s; peak memory 386 MiB)
2026-09-15T19:33:06Z INFO [179/375] 7408c377-0076-4247-a514-a2db0684fb80: 43 groups (HDF5, 0.3 MB; 0.6 s; peak memory 386 MiB)
2026-09-15T19:33:07Z INFO [180/375] 764fcc28-cb1b-47a8-88b2-32455e4d7015: 28 groups (HDF5, 10.0 MB; 0.7 s; peak memory 386 MiB)
2026-09-15T19:33:07Z INFO [181/375] 7683fb5c-150f-4203-a873-79e7c7689c9e: 17 groups (HDF5, 0.6 MB; 0.5 s; peak memory 386 MiB)
2026-09-15T19:33:09Z INFO [182/375] 76c0f03d-37e1-4a11-99b6-20040c0cfb95: 48 groups (HDF5, 191.4 MB; 1.5 s; peak memory 386 MiB)
2026-09-15T19:33:13Z INFO [183/375] 777bfd3a-19c8-477d-9ef3-828339a07284: 90 groups (HDF5, 458.5 MB; 3.6 s; peak memory 386 MiB)
2026-09-15T19:33:13Z INFO [184/375] 77aff7ed-e2ce-4f5b-9ba8-a193d46e0934: 195 groups (HDF5, 3.5 MB; 0.9 s; peak memory 386 MiB)
2026-09-15T19:33:21Z INFO [185/375] 77c285ad-75d7-4fd8-8df8-9099c0d5aed0: 33 groups (HDF5, 118.7 MB; 7.1 s; peak memory 386 MiB)
2026-09-15T19:33:21Z INFO [186/375] 77f722b1-8b2b-4ae6-8b60-3f65ff4cc1a9: 22 groups (HDF5, 84.1 MB; 0.6 s; peak memory 386 MiB)
2026-09-15T19:33:22Z INFO [187/375] 7822c46e-ded0-4877-932a-514057791c46: 22 groups (HDF5, 84.1 MB; 0.7 s; peak memory 386 MiB)
2026-09-15T19:33:23Z INFO [188/375] 78c2ab3d-1ef5-4095-aff3-03d690c998da: 22 groups (HDF5, 84.1 MB; 0.8 s; peak memory 386 MiB)
2026-09-15T19:33:24Z INFO [189/375] 795b7bb6-407e-4b68-926b-29739f95ec05: 341 groups (HDF5, 84.6 MB; 1.2 s; peak memory 386 MiB)
2026-09-15T19:33:24Z INFO [190/375] 797130b6-8421-496d-a9be-5b33c1f29db7: 16 groups (HDF5, 0.2 MB; 0.4 s; peak memory 386 MiB)
2026-09-15T19:33:25Z INFO [191/375] 7a2eb6dc-ec5f-4509-a7e0-cfe14766feac: 35 groups (HDF5, 0.9 MB; 0.9 s; peak memory 386 MiB)
2026-09-15T19:33:33Z INFO [192/375] 7a6ddbba-bc49-4d59-8be9-40551c8e58ea: 2735 groups (HDF5, 33.6 MB; 7.5 s; peak memory 386 MiB)
2026-09-15T19:33:34Z INFO [193/375] 7acaba0c-7c75-46f8-8995-6063f4289091: 199 groups (HDF5, 66.1 MB; 1.3 s; peak memory 386 MiB)
2026-09-15T19:33:35Z INFO [194/375] 7b668189-78a1-439e-b23c-f5738f871729: 33 groups (HDF5, 1.2 MB; 0.7 s; peak memory 386 MiB)
2026-09-15T19:33:35Z INFO [195/375] 7b9c9347-1e69-4c1f-8027-d34556ad6fcc: 32 groups (HDF5, 1.3 MB; 0.7 s; peak memory 386 MiB)
2026-09-15T19:33:36Z INFO [196/375] 7bc70ada-5368-4cf0-8dcb-e86cf8390e56: 32 groups (HDF5, 1.1 MB; 0.7 s; peak memory 386 MiB)
2026-09-15T19:33:45Z INFO [197/375] 7c194820-c109-4ef2-994d-bc30afed62c5: 217 groups (HDF5, 65.8 MB; 9.3 s; peak memory 386 MiB)
2026-09-15T19:33:46Z INFO [198/375] 7f0e9786-a841-4517-ba2f-1d87a47fa382: 22 groups (HDF5, 84.1 MB; 0.7 s; peak memory 386 MiB)
2026-09-15T19:33:47Z INFO [199/375] 80168b64-dab8-4dea-b525-d50bd78522ec: 202 groups (HDF5, 161.7 MB; 0.9 s; peak memory 386 MiB)
2026-09-15T19:33:48Z INFO [200/375] 806a3a07-9091-4229-87e7-e05b27238b35: 35 groups (HDF5, 1.8 MB; 0.8 s; peak memory 386 MiB)
2026-09-15T19:33:48Z INFO [201/375] 81caa006-c2fa-4f24-88bf-17f645fb550d: 22 groups (HDF5, 84.1 MB; 0.5 s; peak memory 386 MiB)
2026-09-15T19:33:51Z INFO [202/375] 81d8582c-47bb-4fd0-8f9c-bc650e1fcf58: 144 groups (HDF5, 21.8 MB; 2.7 s; peak memory 386 MiB)
2026-09-15T19:33:53Z INFO [203/375] 820b5649-b36a-4f9d-9f24-2170e4edf90a: 48 groups (HDF5, 191.5 MB; 1.5 s; peak memory 386 MiB)
2026-09-15T19:33:53Z INFO [204/375] 829b4ad0-8628-4eac-932e-8f6d1378871f: 32 groups (HDF5, 1.3 MB; 0.6 s; peak memory 386 MiB)
2026-09-15T19:33:55Z INFO [205/375] 83444f1b-16c7-42d1-9069-934fff066d05: 202 groups (HDF5, 201.0 MB; 1.6 s; peak memory 386 MiB)
2026-09-15T19:33:56Z INFO [206/375] 84f3fb05-fd53-498a-98c0-70de5f1dd1f6: 35 groups (HDF5, 1.3 MB; 0.7 s; peak memory 386 MiB)
2026-09-15T19:34:26Z INFO [207/375] 859e0af6-c53a-47e6-89d6-1d6ea79df377: 26 groups (HDF5, 2149.1 MB; 30.8 s; peak memory 386 MiB)
2026-09-15T19:53:36Z INFO [208/375] 85f7721b-952f-4ed9-9b7c-b80edd103a36: 171 groups (HDF5, 326970.3 MB; 1150.1 s; peak memory 1108 MiB)
2026-09-15T19:53:37Z INFO [209/375] 873ef0f9-1375-49db-b35f-d48536b8a320: 30 groups (HDF5, 0.2 MB; 0.8 s; peak memory 1108 MiB)
2026-09-15T19:53:38Z INFO [210/375] 877f57af-d45a-4f83-9d88-f63d084a36f4: 33 groups (HDF5, 12.8 MB; 0.6 s; peak memory 1108 MiB)
2026-09-15T19:53:39Z INFO [211/375] 879d2a52-05a9-45e7-933e-80dda7ab24e8: 258 groups (HDF5, 4.5 MB; 0.9 s; peak memory 1108 MiB)
2026-09-15T19:53:41Z INFO [212/375] 886bb0bc-3681-4932-a3bd-ecd56ff808e0: 58 groups (HDF5, 29.1 MB; 2.1 s; peak memory 1108 MiB)
2026-09-15T19:53:42Z INFO [213/375] 88ddda7d-0d15-4aeb-9603-86967ab36a31: 33 groups (HDF5, 9.8 MB; 1.2 s; peak memory 1108 MiB)
2026-09-15T19:53:43Z INFO [214/375] 8904f6f8-417e-423c-b035-15ceebd89530: 254 groups (HDF5, 35.9 MB; 0.8 s; peak memory 1108 MiB)
2026-09-15T19:53:43Z INFO [215/375] 894fbe4e-0053-4b6a-a355-8e59b151ab80: 35 groups (HDF5, 0.9 MB; 0.7 s; peak memory 1108 MiB)
2026-09-15T19:53:44Z INFO [216/375] 8b0f5745-6bc8-4649-92f5-dc0886e91199: 32 groups (HDF5, 1.0 MB; 0.8 s; peak memory 1108 MiB)
2026-09-15T19:53:45Z INFO [217/375] 8b13765b-6c9a-40ee-b2de-21d19c4e17eb: 25 groups (HDF5, 0.9 MB; 0.6 s; peak memory 1108 MiB)
2026-09-15T19:53:45Z INFO [218/375] 8b6cae62-7c16-4ee7-a534-b75e622b4661: 22 groups (HDF5, 84.1 MB; 0.5 s; peak memory 1108 MiB)
2026-09-15T19:53:53Z INFO [219/375] 8d472245-fe7e-4fb9-b3be-8c14474fa9a5: 1395 groups (HDF5, 47.7 MB; 7.3 s; peak memory 1108 MiB)
2026-09-15T19:53:53Z INFO [220/375] 8d6bc995-0835-4fc7-b5eb-e8761fe15b9a: 32 groups (HDF5, 1.8 MB; 0.7 s; peak memory 1108 MiB)
2026-09-15T19:53:59Z INFO [221/375] 8de7b266-761a-40d4-a376-1c63c8937087: 169 groups (HDF5, 41.6 MB; 5.6 s; peak memory 1108 MiB)
2026-09-15T19:53:59Z INFO [222/375] 8ea7fd00-dea5-450b-84dd-7782d6d69a54: 22 groups (HDF5, 0.2 MB; 0.4 s; peak memory 1108 MiB)
2026-09-15T19:54:01Z INFO [223/375] 90683ae7-b9d6-4bbf-a400-85a781727aab: 207 groups (HDF5, 123.9 MB; 1.2 s; peak memory 1108 MiB)
2026-09-15T19:54:02Z INFO [224/375] 90916ba6-c60c-449b-b106-e840d6c2e2d3: 35 groups (HDF5, 1.7 MB; 0.9 s; peak memory 1108 MiB)
2026-09-15T19:54:09Z INFO [225/375] 931cf5ec-6830-4ea0-ae3e-985d5a6fda67: 226 groups (HDF5, 45.7 MB; 7.4 s; peak memory 1108 MiB)
2026-09-15T19:54:10Z INFO [226/375] 933dd208-aca2-4e7a-a880-0612a07e559f: 22 groups (HDF5, 84.1 MB; 0.6 s; peak memory 1108 MiB)
2026-09-15T19:54:10Z INFO [227/375] 93dc3579-2405-4f01-ab6e-dc2a81b18f7a: 32 groups (HDF5, 1.2 MB; 0.7 s; peak memory 1108 MiB)
2026-09-15T19:54:11Z INFO [228/375] 9441a2a8-806a-48ae-8999-c436aafbec8b: 32 groups (HDF5, 1.2 MB; 0.7 s; peak memory 1108 MiB)
2026-09-15T19:54:12Z INFO [229/375] 94b6c620-cd72-403d-b0e6-20886cdef149: 207 groups (HDF5, 3.0 MB; 1.0 s; peak memory 1108 MiB)
2026-09-15T19:54:13Z INFO [230/375] 95585dcc-a618-4fe9-a2d4-5fd853898390: 32 groups (HDF5, 1.0 MB; 0.7 s; peak memory 1108 MiB)
2026-09-15T19:54:13Z INFO [231/375] 966af3d8-9140-4517-b467-c7f74acb3303: 30 groups (HDF5, 0.2 MB; 0.4 s; peak memory 1108 MiB)
2026-09-15T19:54:14Z INFO [232/375] 966ff4a1-c9d8-4b45-885d-dd17006aeb48: 28 groups (HDF5, 627.4 MB; 0.7 s; peak memory 1108 MiB)
2026-09-15T19:54:14Z INFO [233/375] 967b541d-b72b-4f27-9bbe-3b367e80d1d3: 35 groups (HDF5, 1.6 MB; 0.9 s; peak memory 1108 MiB)
2026-09-15T19:54:21Z INFO [234/375] 96ebd892-992f-4985-b947-ad4537bbe4e3: 242 groups (HDF5, 61.5 MB; 6.1 s; peak memory 1108 MiB)
2026-09-15T19:54:21Z INFO [235/375] 97cc95ab-49fe-483b-9bbd-a946f9f1c03e: 22 groups (HDF5, 84.1 MB; 0.6 s; peak memory 1108 MiB)
2026-09-15T19:54:22Z INFO [236/375] 98bcf09e-12dd-49ed-9cb6-11b4dd2278e4: 33 groups (HDF5, 0.8 MB; 0.8 s; peak memory 1108 MiB)
2026-09-15T19:54:23Z INFO [237/375] 98f8883e-fc41-4ea8-b832-0b49f2bd19be: 26 groups (HDF5, 6.6 MB; 0.6 s; peak memory 1108 MiB)
2026-09-15T19:54:23Z INFO [238/375] 9906828a-8688-4107-84a8-3deaa8318dd0: 200 groups (HDF5, 4.7 MB; 0.9 s; peak memory 1108 MiB)
2026-09-15T19:54:25Z INFO [239/375] 9909d318-f16e-4b41-af48-0c581a228cd0: 31 groups (HDF5, 952.5 MB; 1.2 s; peak memory 1108 MiB)
2026-09-15T19:54:25Z INFO [240/375] 993cfe62-3145-4ab2-8a14-66b3023076b3: 195 groups (HDF5, 94.6 MB; 0.8 s; peak memory 1108 MiB)
2026-09-15T19:54:29Z INFO [241/375] 999c2039-1f86-4c61-960e-10e847afc51b: 181 groups (HDF5, 9.4 MB; 3.5 s; peak memory 1108 MiB)
2026-09-15T19:54:38Z INFO [242/375] 99ced576-6062-4dd7-a0d0-d5a33cb1ee3c: 27 groups (HDF5, 534.6 MB; 9.2 s; peak memory 1108 MiB)
2026-09-15T19:54:40Z INFO [243/375] 9a5ed0f2-f433-4ab9-98a1-f07b6ab0c39f: 50 groups (HDF5, 196.1 MB; 2.0 s; peak memory 1108 MiB)
2026-09-15T19:54:41Z INFO [244/375] 9c1e246d-2b41-48e5-890e-aeac65349114: 251 groups (HDF5, 0.6 MB; 0.7 s; peak memory 1108 MiB)
2026-09-15T19:54:42Z INFO [245/375] 9c4370af-a5e9-4538-b6ad-6b6082142e66: 25 groups (HDF5, 13.0 MB; 0.7 s; peak memory 1108 MiB)
2026-09-15T19:56:18Z INFO [246/375] 9c5f1db8-eb90-4b42-a318-b408106f573c: 69 groups (HDF5, 23271.4 MB; 96.7 s; peak memory 1108 MiB)
2026-09-15T19:56:19Z INFO [247/375] 9cc80841-48b4-434a-b423-611176d4945d: 22 groups (HDF5, 84.1 MB; 0.7 s; peak memory 1108 MiB)
2026-09-15T19:56:19Z INFO [248/375] 9f26aaf9-104a-47cb-a770-3562431c1611: 32 groups (HDF5, 1.3 MB; 0.6 s; peak memory 1108 MiB)
2026-09-15T19:56:20Z INFO [249/375] 9f65d07b-f3bd-444e-b6ab-e7394cbd2c16: 41 groups (HDF5, 17.6 MB; 0.9 s; peak memory 1108 MiB)
2026-09-15T19:56:22Z INFO [250/375] 9feffc6b-ae33-44c9-955a-e956e3426248: 48 groups (HDF5, 68.1 MB; 1.5 s; peak memory 1108 MiB)
2026-09-15T19:56:23Z INFO [251/375] a00b464e-0b95-41ea-a2cf-0022bb5103bd: 22 groups (HDF5, 84.1 MB; 0.7 s; peak memory 1108 MiB)
2026-09-15T19:56:23Z INFO [252/375] a00e31c7-082f-4ef0-b01b-e20d7c60a596: 31 groups (HDF5, 0.3 MB; 0.5 s; peak memory 1108 MiB)
2026-09-15T19:56:23Z INFO [253/375] a0934b6f-e90c-47f3-909d-56d15547165b: 22 groups (HDF5, 0.2 MB; 0.4 s; peak memory 1108 MiB)
2026-09-15T19:56:24Z INFO [254/375] a0b2b73e-28be-46f3-be32-7f8e4a7857cc: 32 groups (HDF5, 1.3 MB; 0.8 s; peak memory 1108 MiB)
2026-09-15T19:56:25Z INFO [255/375] a1708237-5e28-4e12-8b53-94470c596a8a: 32 groups (HDF5, 671.0 MB; 1.1 s; peak memory 1108 MiB)
2026-09-15T19:56:26Z INFO [256/375] a3060091-37e7-4849-a8dd-21df09742f72: 341 groups (HDF5, 5.1 MB; 1.0 s; peak memory 1108 MiB)
2026-09-15T19:56:27Z INFO [257/375] a3e2e1c1-c40e-4741-bb29-38158a852271: 22 groups (HDF5, 84.1 MB; 0.5 s; peak memory 1108 MiB)
2026-09-15T19:57:54Z INFO [258/375] a3ea7285-dc22-4531-b65f-2eeac6c448f8: 62 groups (HDF5, 7820.3 MB; 87.5 s; peak memory 1108 MiB)
2026-09-15T19:57:56Z INFO [259/375] a54dbdb5-34f2-4b5d-bb97-2668de2b9381: 195 groups (HDF5, 49.1 MB; 1.2 s; peak memory 1108 MiB)
2026-09-15T19:57:57Z INFO [260/375] a7104cc2-38f4-4947-9e29-d18e8a1c42e8: 195 groups (HDF5, 66.7 MB; 1.1 s; peak memory 1108 MiB)
2026-09-15T19:57:57Z INFO [261/375] a7970b6e-5aae-4954-8eb5-01f995d776e7: 29 groups (HDF5, 2461.5 MB; 0.7 s; peak memory 1108 MiB)
2026-09-15T19:57:58Z INFO [262/375] a79e5369-c260-4a4c-afd0-2f1cbe74580e: 30 groups (HDF5, 0.2 MB; 0.5 s; peak memory 1108 MiB)
2026-09-15T19:57:59Z INFO [263/375] aa5c0ba2-33d6-4c15-93f0-8a59ba701d21: 207 groups (HDF5, 80.8 MB; 1.3 s; peak memory 1108 MiB)
2026-09-15T19:58:05Z INFO [264/375] aa67c2bb-4b04-44df-accd-b2aebd2536b5: 243 groups (HDF5, 49.9 MB; 5.5 s; peak memory 1108 MiB)
2026-09-15T19:58:07Z INFO [265/375] aa6c865d-20f9-475e-82cb-742f2f2d0953: 74 groups (HDF5, 8.8 MB; 2.3 s; peak memory 1108 MiB)
2026-09-15T19:58:08Z INFO [266/375] aab0fe7b-a0c7-45d7-881e-aeea7511ef6c: 25 groups (HDF5, 16.3 MB; 0.6 s; peak memory 1108 MiB)
2026-09-15T19:58:14Z INFO [267/375] aae004a7-3355-4d27-87cf-30f99b65295e: 215 groups (HDF5, 27.0 MB; 6.6 s; peak memory 1108 MiB)
2026-09-15T19:58:15Z INFO [268/375] acf4ec89-d653-479d-b604-e410b474d504: 32 groups (HDF5, 0.8 MB; 0.7 s; peak memory 1108 MiB)
2026-09-15T19:58:34Z INFO [269/375] ad1eb288-27ae-4b05-8020-eeff61f99525: 17 groups (HDF5, 1035.5 MB; 18.9 s; peak memory 1108 MiB)
2026-09-15T19:58:35Z INFO [270/375] ad58a129-5b5f-44a9-acc6-5167e2df6532: 22 groups (HDF5, 84.1 MB; 0.7 s; peak memory 1108 MiB)
2026-09-15T19:58:35Z INFO [271/375] ade1e478-0563-41cd-8dfd-003186a39385: 22 groups (HDF5, 84.1 MB; 0.7 s; peak memory 1108 MiB)
2026-09-15T19:58:36Z INFO [272/375] ae6fd3f5-1c84-41ea-8a3c-6147fe6b4b8a: 35 groups (HDF5, 1.1 MB; 0.7 s; peak memory 1108 MiB)
2026-09-15T19:58:37Z INFO [273/375] ae87937b-7191-43f3-9818-3d65e12012b9: 32 groups (HDF5, 1.5 MB; 0.7 s; peak memory 1108 MiB)
2026-09-15T19:58:38Z INFO [274/375] b0bcc522-28ed-4f90-8c27-78d75382e1a8: 48 groups (HDF5, 188.6 MB; 1.6 s; peak memory 1108 MiB)
2026-09-15T19:58:39Z INFO [275/375] b1f0ce1b-fff5-4e86-b6af-d7fb694006e3: 29 groups (HDF5, 4121.2 MB; 0.9 s; peak memory 1108 MiB)
2026-09-15T20:13:28Z INFO [276/375] b3fc2802-2060-423d-96e7-620cfba220b9: 61 groups (HDF5, 187126.1 MB; 888.4 s; peak memory 1121 MiB)
2026-09-15T20:13:30Z INFO [277/375] b444f196-3acd-4d4a-8b70-70d0b8348ea9: 27 groups (HDF5, 3094.3 MB; 2.2 s; peak memory 1121 MiB)
2026-09-15T20:13:30Z INFO [278/375] b4c3e05e-e682-421c-957c-d8b4b07d502b: 28 groups (HDF5, 1.8 MB; 0.5 s; peak memory 1121 MiB)
2026-09-15T20:13:31Z INFO [279/375] b58bb3b7-6c0e-4a04-a0ec-432ca36739a7: 33 groups (HDF5, 12.8 MB; 0.5 s; peak memory 1121 MiB)
2026-09-15T20:13:34Z INFO [280/375] b5da0fa1-49b9-4d26-9548-b4c25f586e98: 78 groups (HDF5, 2198.7 MB; 3.2 s; peak memory 1121 MiB)
2026-09-15T20:13:35Z INFO [281/375] b6fbc62e-a598-4b97-acb8-9925d26232b8: 32 groups (HDF5, 1.0 MB; 0.8 s; peak memory 1121 MiB)
2026-09-15T20:13:35Z INFO [282/375] b7035fb9-e5e1-4fde-9187-1d7bda64b4ce: 25 groups (HDF5, 0.7 MB; 0.5 s; peak memory 1121 MiB)
2026-09-15T20:13:36Z INFO [283/375] b7545e57-d602-4a74-8082-748a02f10694: 22 groups (HDF5, 84.1 MB; 0.5 s; peak memory 1121 MiB)
2026-09-15T20:13:36Z INFO [284/375] b7653e95-7588-4a56-aa6a-baa0d4d90749: 18 groups (HDF5, 0.4 MB; 0.5 s; peak memory 1121 MiB)
2026-09-15T20:13:37Z INFO [285/375] b7c947a5-62a2-4b1e-96fb-fed87e9480c5: 32 groups (HDF5, 1.1 MB; 0.6 s; peak memory 1121 MiB)
2026-09-15T20:13:38Z INFO [286/375] b883bfa2-6144-487e-8f45-168d36d9ba2e: 259 groups (HDF5, 55.8 MB; 1.1 s; peak memory 1121 MiB)
2026-09-15T20:13:43Z INFO [287/375] b9665ba5-ce56-4597-a010-74b1e547a012: 263 groups (HDF5, 49.4 MB; 4.9 s; peak memory 1121 MiB)
2026-09-15T20:13:43Z INFO [288/375] b96a7b06-757f-4f02-8eee-a32c80a735ce: 22 groups (HDF5, 84.1 MB; 0.6 s; peak memory 1121 MiB)
2026-09-15T20:13:45Z INFO [289/375] bb220497-652e-4a49-bbc7-1346c10b6626: 22 groups (HDF5, 39.2 MB; 1.7 s; peak memory 1121 MiB)
2026-09-15T20:13:49Z INFO [290/375] bba19ee7-4864-4d99-9de4-ed581a03b7b0: 160 groups (HDF5, 48.6 MB; 4.0 s; peak memory 1121 MiB)
2026-09-15T20:13:50Z INFO [291/375] bc341d8a-06cc-47cb-9433-9fd8a6861e38: 206 groups (HDF5, 30.0 MB; 1.0 s; peak memory 1121 MiB)
2026-09-15T20:13:51Z INFO [292/375] bce066c3-71e6-4d7a-b176-044e0d808413: 194 groups (HDF5, 106.4 MB; 0.9 s; peak memory 1121 MiB)
2026-09-15T20:13:52Z INFO [293/375] be8ae893-545a-4029-b1c6-0fc86d5ec6cd: 46 groups (HDF5, 6.5 MB; 1.2 s; peak memory 1121 MiB)
2026-09-15T20:13:53Z INFO [294/375] bf950d2c-e1cb-4f95-8be3-c2e5a22d1bc2: 24 groups (HDF5, 1.3 MB; 0.7 s; peak memory 1121 MiB)
2026-09-15T20:13:54Z INFO [295/375] bfd1c189-a61e-48e1-b6f7-28aa85688d27: 32 groups (HDF5, 1.6 MB; 0.8 s; peak memory 1121 MiB)
2026-09-15T20:13:54Z INFO [296/375] c0636cf8-b76d-4af9-8736-d5ac5efbf5f7: 22 groups (HDF5, 84.1 MB; 0.6 s; peak memory 1121 MiB)
2026-09-15T20:13:55Z INFO [297/375] c0f6f72c-ad4f-4503-8b5c-f8a1bdb371aa: 336 groups (HDF5, 61.9 MB; 1.1 s; peak memory 1121 MiB)
2026-09-15T20:13:57Z INFO [298/375] c1acc002-a500-4bae-86a0-f77bb8ec68af: 200 groups (HDF5, 70.5 MB; 1.2 s; peak memory 1121 MiB)
2026-09-15T20:13:58Z INFO [299/375] c1d04ddd-e48a-460c-b772-18b77b2bd91f: 254 groups (HDF5, 1.3 MB; 0.8 s; peak memory 1121 MiB)
2026-09-15T20:14:05Z INFO [300/375] c2950a4f-ec7a-4deb-819b-094d327acde1: 68 groups (HDF5, 12418.8 MB; 7.1 s; peak memory 1121 MiB)
2026-09-15T20:14:05Z INFO [301/375] c6031712-4c15-473b-bd9c-d51f44ee041e: 26 groups (HDF5, 1.0 MB; 0.6 s; peak memory 1121 MiB)
2026-09-15T20:14:06Z INFO [302/375] c62c2980-b983-4f57-9827-9fcf2c63bf3d: 252 groups (HDF5, 0.9 MB; 0.7 s; peak memory 1121 MiB)
2026-09-15T20:14:07Z INFO [303/375] c68527c6-92e1-4e6b-a693-87cd96ae25ef: 22 groups (HDF5, 84.1 MB; 0.6 s; peak memory 1121 MiB)
2026-09-15T20:14:07Z INFO [304/375] c69fefca-d6cc-422d-9e30-129b3224e9ca: 19 groups (HDF5, 2.7 MB; 0.5 s; peak memory 1121 MiB)
2026-09-15T20:14:14Z INFO [305/375] c85a3bae-1e11-4f98-8a73-a00d367a700b: 407 groups (HDF5, 70.3 MB; 6.4 s; peak memory 1121 MiB)
2026-09-15T20:14:17Z INFO [306/375] c85f2851-1d24-4306-a225-44fd4df954fd: 233 groups (HDF5, 27.8 MB; 3.8 s; peak memory 1121 MiB)
2026-09-15T20:14:18Z INFO [307/375] c93c7682-0a4b-44bc-b25b-aeec9bd67ad2: 32 groups (HDF5, 1.6 MB; 0.8 s; peak memory 1121 MiB)
2026-09-15T20:14:19Z INFO [308/375] c962412e-2207-4eb4-b2f1-e048e7517ca5: 49 groups (HDF5, 15.2 MB; 1.0 s; peak memory 1121 MiB)
2026-09-15T20:14:20Z INFO [309/375] cca2f21d-fcbb-4a0c-b5e0-e7632804d168: 31 groups (HDF5, 601.3 MB; 1.1 s; peak memory 1121 MiB)
2026-09-15T20:14:24Z INFO [310/375] ccc9ebfb-64a5-4153-8ff7-a866aaaf0f9b: 66 groups (HDF5, 709.4 MB; 4.2 s; peak memory 1121 MiB)
2026-09-15T20:14:25Z INFO [311/375] ccd2132e-bb8b-419c-b0d6-4cf16c6ed89c: 22 groups (HDF5, 84.1 MB; 0.6 s; peak memory 1121 MiB)
2026-09-15T20:14:29Z INFO [312/375] cd1d9fff-e886-4bf3-9adc-2d9f9b9c0665: 34 groups (HDF5, 146.7 MB; 4.4 s; peak memory 1121 MiB)
2026-09-15T20:14:30Z INFO [313/375] cf17a86b-f021-4d68-b09c-fa6601a41bc5: 20 groups (HDF5, 2.8 MB; 0.5 s; peak memory 1121 MiB)
2026-09-15T20:14:31Z INFO [314/375] d0193ec4-a8b2-4013-b23d-1b946a022f42: 22 groups (HDF5, 84.1 MB; 0.6 s; peak memory 1121 MiB)
2026-09-15T20:14:31Z INFO [315/375] d16d149a-3f7f-4062-be9e-56e1ca32071c: 35 groups (HDF5, 1.2 MB; 0.7 s; peak memory 1121 MiB)
2026-09-15T20:14:32Z INFO [316/375] d2cdaca6-f854-4d65-8b69-00966b61e76e: 199 groups (HDF5, 131.4 MB; 1.1 s; peak memory 1121 MiB)
2026-09-15T20:14:34Z INFO [317/375] d349d336-67be-4d85-bc27-91f1e36343a4: 60 groups (HDF5, 14.0 MB; 1.5 s; peak memory 1121 MiB)
2026-09-15T20:14:34Z INFO [318/375] d3664c07-63cd-4f63-aee0-196f4f609760: 16 groups (HDF5, 0.2 MB; 0.4 s; peak memory 1121 MiB)
2026-09-15T20:14:35Z INFO [319/375] d3cc0f3c-f64d-4016-b225-972b01bd882a: 35 groups (HDF5, 1.8 MB; 1.0 s; peak memory 1121 MiB)
2026-09-15T20:14:37Z INFO [320/375] d45a39a7-ee2f-4607-8382-b88b7a8cedb1: 48 groups (HDF5, 188.0 MB; 1.5 s; peak memory 1121 MiB)
2026-09-15T20:14:39Z INFO [321/375] d48a7171-0675-46da-8c06-784ba46bd79c: 113 groups (HDF5, 18.8 MB; 2.3 s; peak memory 1121 MiB)
2026-09-15T20:14:39Z INFO [322/375] d4a296b4-b3ba-45a3-b595-39353c054e9c: 26 groups (HDF5, 6.1 MB; 0.6 s; peak memory 1121 MiB)
2026-09-15T20:14:40Z INFO [323/375] d582a7fe-3e80-45cc-9a27-763a0febe4d3: 32 groups (HDF5, 1.3 MB; 0.8 s; peak memory 1121 MiB)
2026-09-15T20:14:41Z INFO [324/375] da5ded4c-58ee-42ae-8acb-513e797b92a2: 48 groups (HDF5, 66.8 MB; 1.3 s; peak memory 1121 MiB)
2026-09-15T20:14:42Z INFO [325/375] dafeabf4-9f9e-46fd-924e-8073c565335d: 22 groups (HDF5, 84.1 MB; 0.7 s; peak memory 1121 MiB)
2026-09-15T20:14:43Z INFO [326/375] db8b7157-802b-4476-968e-882c085022c2: 22 groups (HDF5, 84.1 MB; 0.5 s; peak memory 1121 MiB)
2026-09-15T20:14:43Z INFO [327/375] dc4b4074-7893-4bfd-8e22-065af80e6eee: 22 groups (HDF5, 84.1 MB; 0.5 s; peak memory 1121 MiB)
2026-09-15T20:14:44Z INFO [328/375] dc59bc38-29c9-4a1a-ad41-e2c01b9b61a5: 32 groups (HDF5, 1.7 MB; 0.9 s; peak memory 1121 MiB)
2026-09-15T20:14:46Z INFO [329/375] dc8f740d-40b7-48f8-9f33-76eee765d04b: 50 groups (HDF5, 196.1 MB; 1.7 s; peak memory 1121 MiB)
2026-09-15T20:14:46Z INFO [330/375] dddd26be-775e-4f39-9d81-e221500348b3: 33 groups (HDF5, 5195.6 MB; 0.7 s; peak memory 1121 MiB)
2026-09-15T20:15:54Z INFO [331/375] de9a2940-75ba-49ed-9301-451026496f4e: 102 groups (HDF5, 1857.6 MB; 67.5 s; peak memory 1121 MiB)
2026-09-15T20:16:00Z INFO [332/375] defb06fd-f80b-403f-80b7-6383c950156d: 311 groups (HDF5, 48.9 MB; 5.7 s; peak memory 1121 MiB)
2026-09-15T20:16:01Z INFO [333/375] df895309-92ce-4bbe-b604-3839bb922ff1: 195 groups (HDF5, 95.2 MB; 0.9 s; peak memory 1121 MiB)
2026-09-15T20:16:04Z INFO [334/375] e0712f26-e0cf-4cb9-94a5-a194f218a2fa: 181 groups (HDF5, 9.1 MB; 3.1 s; peak memory 1121 MiB)
2026-09-15T20:16:04Z INFO [335/375] e0d375d2-a046-4b7e-a8a0-c4abefc13305: 22 groups (HDF5, 84.1 MB; 0.6 s; peak memory 1121 MiB)
2026-09-15T20:16:05Z INFO [336/375] e148a36d-204d-44e9-aaa8-bbf8a21c7c12: 103 groups (HDF5, 0.6 MB; 0.7 s; peak memory 1121 MiB)
2026-09-15T20:16:06Z INFO [337/375] e1909b17-ea49-4920-a165-a6765dacdd6d: 24 groups (HDF5, 1.2 MB; 0.8 s; peak memory 1121 MiB)
2026-09-15T20:16:07Z INFO [338/375] e1a2f23d-368c-4a3f-ab67-c8d46b9670e1: 42 groups (HDF5, 17.5 MB; 0.8 s; peak memory 1121 MiB)
2026-09-15T20:16:07Z INFO [339/375] e3e34583-efcb-43e9-902a-8cce8558d6a3: 35 groups (HDF5, 1.2 MB; 0.9 s; peak memory 1121 MiB)
2026-09-15T20:16:08Z INFO [340/375] e46fe325-7e4a-4f76-9627-58983bc0c802: 336 groups (HDF5, 68.8 MB; 0.9 s; peak memory 1121 MiB)
2026-09-15T20:16:09Z INFO [341/375] e5ae091e-73f7-40ac-b467-cf1719081f74: 22 groups (HDF5, 84.1 MB; 0.7 s; peak memory 1121 MiB)
2026-09-15T20:16:14Z INFO [342/375] e7b53229-0289-474d-ad1a-c46c442879dd: 231 groups (HDF5, 44.0 MB; 5.0 s; peak memory 1121 MiB)
2026-09-15T20:16:15Z INFO [343/375] e851ce56-1eba-4b22-b0df-991123d8afe2: 21 groups (HDF5, 48.6 MB; 0.6 s; peak memory 1121 MiB)
2026-09-15T20:16:17Z INFO [344/375] e8881977-3780-4502-b82f-2d2afd8fec34: 30 groups (HDF5, 35.3 MB; 2.0 s; peak memory 1121 MiB)
2026-09-15T20:16:19Z INFO [345/375] e91ba24e-e19e-4711-9b48-58860973ab09: 34 groups (HDF5, 3593.5 MB; 2.0 s; peak memory 1121 MiB)
2026-09-15T20:16:19Z INFO [346/375] e95f1caf-15e3-4bbb-88fe-25e9ecadb5e1: 26 groups (HDF5, 8.8 MB; 0.7 s; peak memory 1121 MiB)
2026-09-15T20:16:24Z INFO [347/375] ea3e9261-0f2e-4ae8-ae2f-06a718082dfb: 232 groups (HDF5, 35.7 MB; 5.1 s; peak memory 1121 MiB)
2026-09-15T20:16:25Z INFO [348/375] ea8ec9cf-ffcd-46ce-86b6-108bd4cf3e4a: 34 groups (HDF5, 119.0 MB; 0.8 s; peak memory 1121 MiB)
2026-09-15T20:16:26Z INFO [349/375] eaf75c77-4da6-4978-a91c-fe5c373a1dee: 22 groups (HDF5, 84.1 MB; 0.6 s; peak memory 1121 MiB)
2026-09-15T20:16:26Z INFO [350/375] eb60fec3-abe4-48a0-9ac9-023a4017c8b5: 30 groups (HDF5, 0.3 MB; 0.4 s; peak memory 1121 MiB)
2026-09-15T20:16:27Z INFO [351/375] ebb17cca-aeab-49dc-b4ae-8a0b78d14a5b: 32 groups (HDF5, 44.3 MB; 1.0 s; peak memory 1121 MiB)
2026-09-15T20:16:36Z INFO [352/375] eed793da-d301-4281-a792-fcead09213f4: 235 groups (HDF5, 62.3 MB; 8.4 s; peak memory 1121 MiB)
2026-09-15T20:16:36Z INFO [353/375] ef60bcf1-708e-4399-b4ea-11372ca1e807: 35 groups (HDF5, 1.0 MB; 0.8 s; peak memory 1121 MiB)
2026-09-15T20:16:37Z INFO [354/375] ef6e6b21-329c-47b2-9c6e-0f12beaacd0c: 22 groups (HDF5, 84.1 MB; 0.6 s; peak memory 1121 MiB)
2026-09-15T20:16:43Z INFO [355/375] efb9063b-0970-4620-861d-ba022087489b: 314 groups (HDF5, 47.5 MB; 6.1 s; peak memory 1121 MiB)
2026-09-15T20:16:48Z INFO [356/375] effe6c3f-1428-41be-8654-dd06be2dea26: 262 groups (HDF5, 34.1 MB; 5.1 s; peak memory 1121 MiB)
2026-09-15T20:17:45Z INFO [357/375] f02b1ba6-ce7d-4d21-8750-d11f44b0f6ec: 33 groups (HDF5, 6549.9 MB; 56.7 s; peak memory 1121 MiB)
2026-09-15T20:17:46Z INFO [358/375] f0a5491d-6fe9-47da-8a6e-beffbf47a328: 22 groups (HDF5, 84.1 MB; 0.7 s; peak memory 1121 MiB)
2026-09-15T20:17:46Z INFO [359/375] f48edf11-51ff-41e9-849b-9c46da5cddd6: 33 groups (HDF5, 1.1 MB; 0.9 s; peak memory 1121 MiB)
2026-09-15T20:17:50Z INFO [360/375] f5e7a69c-43c6-41ce-b75f-7e3b8acadca6: 128 groups (HDF5, 19.9 MB; 3.6 s; peak memory 1121 MiB)
2026-09-15T20:17:51Z INFO [361/375] f5ea81e0-6e05-420c-a245-410c25eaec58: 70 groups (HDF5, 23.3 MB; 0.9 s; peak memory 1121 MiB)
2026-09-15T20:17:52Z INFO [362/375] f64e5ab3-1a2e-499f-960f-a27f1f45d8a8: 33 groups (HDF5, 1.5 MB; 0.9 s; peak memory 1121 MiB)
2026-09-15T20:17:53Z INFO [363/375] f64fa172-20bb-41f0-ae37-ffc42b20ddb9: 35 groups (HDF5, 1.1 MB; 0.7 s; peak memory 1121 MiB)
2026-09-15T20:17:54Z INFO [364/375] f66dd82a-d6ec-402c-aa20-ac0909900522: 17 groups (HDF5, 36.5 MB; 1.3 s; peak memory 1121 MiB)
2026-09-15T20:17:54Z INFO [365/375] f83d5133-7c3c-458e-bb4b-d9c73ad6136d: 22 groups (HDF5, 84.1 MB; 0.6 s; peak memory 1121 MiB)
2026-09-15T20:17:55Z INFO [366/375] f95f87f7-d3c0-4aa1-832d-2f14ec08a1e9: 337 groups (HDF5, 13.1 MB; 1.0 s; peak memory 1121 MiB)
2026-09-15T20:17:56Z INFO [367/375] f9af5d4a-8768-4c16-b2e5-4780589add43: 108 groups (HDF5, 5.0 MB; 0.9 s; peak memory 1121 MiB)
2026-09-15T20:18:00Z INFO [368/375] fb755311-0223-460e-9586-c963ac27614f: 181 groups (HDF5, 8.5 MB; 3.8 s; peak memory 1121 MiB)
2026-09-15T20:18:01Z INFO [369/375] fbb07506-126f-4777-8500-ace332f24096: 32 groups (HDF5, 0.9 MB; 0.7 s; peak memory 1121 MiB)
2026-09-15T20:18:02Z INFO [370/375] fc5ee0c4-1d3d-452e-9b3c-af5bb0408376: 35 groups (HDF5, 2.4 MB; 1.2 s; peak memory 1121 MiB)
2026-09-15T20:21:52Z INFO [371/375] fc6e22f5-3424-4558-a781-9fc8838ac427: 58 groups (HDF5, 459652.5 MB; 230.4 s; peak memory 1121 MiB)
2026-09-15T20:21:54Z INFO [372/375] fdecf085-cb15-42d5-95b7-8e388fca48e0: 54 groups (HDF5, 21.2 MB; 1.2 s; peak memory 1121 MiB)
2026-09-15T20:21:54Z INFO [373/375] fefbdbbe-99d1-4cf9-8abc-4e12f4edee08: 35 groups (HDF5, 0.9 MB; 0.7 s; peak memory 1121 MiB)
2026-09-15T20:21:55Z INFO [374/375] ff6b6a27-1736-4ee9-b549-1684b4ae9901: 36 groups (HDF5, 2872.5 MB; 0.9 s; peak memory 1121 MiB)
2026-09-15T20:21:56Z INFO [375/375] ffc84e46-a773-469f-a9d6-443ad14077ac: 35 groups (HDF5, 1.4 MB; 0.8 s; peak memory 1121 MiB)
2026-09-15T20:21:56Z INFO Processed 375 content IDs in 62.8 min (peak memory 1121 MiB).
