2026-09-13T15:08:06Z INFO Logging to /tmp/logs/update_2026-09-13T15-08-06Z.log.
2026-09-13T15:08:07Z INFO Processing 356 newly valid content IDs.
2026-09-13T15:08:07Z INFO [1/356] 0022edea-ff0e-4fff-8b34-34c6db507537: 17 groups (HDF5, 0.7 MB; 0.6 s; peak memory 99 MiB)
2026-09-13T15:08:08Z INFO [2/356] 004defee-ab4b-46ae-bdf3-5d87f6b22648: 32 groups (HDF5, 1.6 MB; 0.8 s; peak memory 102 MiB)
2026-09-13T15:08:11Z INFO [3/356] 009d6440-99a3-4042-a149-2f147335ace1: 78 groups (HDF5, 2298.6 MB; 3.4 s; peak memory 112 MiB)
2026-09-13T15:08:12Z INFO [4/356] 0118da7d-d893-4254-9e99-49c89e80b415: 29 groups (HDF5, 10.0 MB; 0.6 s; peak memory 112 MiB)
2026-09-13T15:08:13Z INFO [5/356] 018a66d3-cd33-4b98-a75b-a0d8b2eeff18: 35 groups (HDF5, 1.4 MB; 0.8 s; peak memory 112 MiB)
2026-09-13T15:08:13Z INFO [6/356] 02f2f71d-5f40-4887-bc79-809933192c46: 30 groups (HDF5, 0.3 MB; 0.4 s; peak memory 112 MiB)
2026-09-13T15:08:16Z INFO [7/356] 035b47c8-32de-434c-9f65-f1026c9ea657: 73 groups (HDF5, 246.1 MB; 2.9 s; peak memory 112 MiB)
2026-09-13T15:08:17Z INFO [8/356] 03d1fb77-b5f9-4934-9438-e3c26910e954: 252 groups (HDF5, 0.7 MB; 0.6 s; peak memory 112 MiB)
2026-09-13T15:08:17Z INFO [9/356] 03ec3806-cbdb-4ba3-80df-a49c19c72155: 17 groups (HDF5, 0.7 MB; 0.5 s; peak memory 112 MiB)
2026-09-13T15:08:18Z INFO [10/356] 04d9179f-7b88-40aa-a1c1-f05c0f51b89b: 22 groups (HDF5, 84.1 MB; 0.5 s; peak memory 112 MiB)
2026-09-13T15:08:19Z INFO [11/356] 0564f586-061b-4bb7-a69f-22ee327307cc: 25 groups (HDF5, 14.8 MB; 0.6 s; peak memory 112 MiB)
2026-09-13T15:08:19Z INFO [12/356] 06391151-8337-43b7-abc7-793d6e536cfb: 33 groups (HDF5, 71.1 MB; 0.5 s; peak memory 112 MiB)
2026-09-13T15:08:26Z INFO [13/356] 08828f60-f4d4-4676-b8fa-a67061d6bb2a: 389 groups (HDF5, 77.0 MB; 6.7 s; peak memory 156 MiB)
2026-09-13T15:08:28Z INFO [14/356] 092cb818-2ced-4501-9d39-072adc9d7013: 105 groups (HDF5, 4.5 MB; 1.9 s; peak memory 156 MiB)
2026-09-13T15:08:28Z INFO [15/356] 095fd118-2ce7-4bc3-91b4-15ca49d0cfb7: 32 groups (HDF5, 1.2 MB; 0.7 s; peak memory 156 MiB)
2026-09-13T15:08:29Z INFO [16/356] 096fce8e-d868-4b34-b8ee-e9ceec047407: 22 groups (HDF5, 84.1 MB; 0.6 s; peak memory 156 MiB)
2026-09-13T15:08:30Z INFO [17/356] 09bde468-2b52-4c08-af6d-e13f92ca700c: 35 groups (HDF5, 1.7 MB; 0.9 s; peak memory 156 MiB)
2026-09-13T15:08:30Z INFO [18/356] 0bc23670-63be-4d55-a9ba-ae8adec4b69b: 22 groups (HDF5, 84.1 MB; 0.5 s; peak memory 156 MiB)
2026-09-13T15:08:31Z INFO [19/356] 0d34c71b-4b3a-4a29-9613-f67699dd5202: 22 groups (HDF5, 84.1 MB; 0.5 s; peak memory 156 MiB)
2026-09-13T15:08:31Z INFO [20/356] 0d994392-62da-41ed-b897-200fddfdf7eb: 22 groups (HDF5, 84.1 MB; 0.4 s; peak memory 156 MiB)
2026-09-13T15:08:32Z INFO [21/356] 0db75d02-0ff6-4ab0-8fcc-6136f3d33017: 17 groups (HDF5, 0.7 MB; 0.3 s; peak memory 156 MiB)
2026-09-13T15:08:32Z INFO [22/356] 1064e888-96b9-413a-aee0-8a2428dbb1f0: 22 groups (HDF5, 84.1 MB; 0.5 s; peak memory 156 MiB)
2026-09-13T15:08:33Z INFO [23/356] 117120f0-baf8-4d21-aae5-fe54d80db126: 22 groups (HDF5, 84.1 MB; 0.6 s; peak memory 156 MiB)
2026-09-13T15:08:33Z INFO [24/356] 120cf3a1-e1e5-43dc-b7a3-d57da2b96eb3: 32 groups (HDF5, 1.0 MB; 0.6 s; peak memory 156 MiB)
2026-09-13T15:08:35Z INFO [25/356] 12aea8ef-267d-453a-bb62-b342eed532df: 17 groups (HDF5, 25.3 MB; 1.3 s; peak memory 156 MiB)
2026-09-13T15:08:35Z INFO [26/356] 137f1716-c62b-4a79-a1fc-20afdcd0af7d: 33 groups (HDF5, 2.3 MB; 0.8 s; peak memory 156 MiB)
2026-09-13T15:08:36Z INFO [27/356] 15055ca2-e08e-41ca-9a65-e58996e2a91a: 31 groups (HDF5, 8.6 MB; 0.4 s; peak memory 156 MiB)
2026-09-13T15:08:37Z INFO [28/356] 152e181d-155e-40e7-904c-b3d8523cb44e: 64 groups (HDF5, 3.5 MB; 1.4 s; peak memory 156 MiB)
2026-09-13T15:08:38Z INFO [29/356] 16153786-93b7-4a89-86cd-d4ed0e2188b3: 200 groups (HDF5, 138.9 MB; 1.1 s; peak memory 156 MiB)
2026-09-13T15:08:39Z INFO [30/356] 166ead9b-3f0c-470d-b1ad-b53f70c1a102: 22 groups (HDF5, 84.1 MB; 0.5 s; peak memory 156 MiB)
2026-09-13T15:08:39Z INFO [31/356] 16c85be3-f3c1-4ca9-a0db-8da521f72344: 22 groups (HDF5, 84.1 MB; 0.5 s; peak memory 156 MiB)
2026-09-13T15:08:40Z INFO [32/356] 18fdad5c-edb4-4cea-8cd7-e0c43512da4a: 32 groups (HDF5, 1.1 MB; 0.6 s; peak memory 156 MiB)
2026-09-13T15:08:41Z INFO [33/356] 19a22290-224a-4ac2-b7d4-ebbdd205a71b: 22 groups (HDF5, 84.1 MB; 0.5 s; peak memory 156 MiB)
2026-09-13T15:08:41Z INFO [34/356] 19a81358-f3f4-45d2-aef8-329702114281: 22 groups (HDF5, 84.1 MB; 0.5 s; peak memory 156 MiB)
2026-09-13T15:08:41Z INFO [35/356] 1a5879b8-1c32-427e-893f-0079786d386a: 26 groups (HDF5, 11.6 MB; 0.5 s; peak memory 156 MiB)
2026-09-13T15:08:42Z INFO [36/356] 1a5ce48b-15c3-4928-89af-587b92d7d0da: 22 groups (HDF5, 84.1 MB; 0.6 s; peak memory 156 MiB)
2026-09-13T15:08:43Z INFO [37/356] 1a8eaef1-2877-4dca-bee3-2b8a0c2303dc: 17 groups (HDF5, 21.3 MB; 0.8 s; peak memory 156 MiB)
2026-09-13T15:08:43Z INFO [38/356] 1b3c780f-049e-432a-a17e-e265d0c5f8e9: 22 groups (HDF5, 84.1 MB; 0.4 s; peak memory 156 MiB)
2026-09-13T15:08:44Z INFO [39/356] 1c08f8ac-5202-4aef-9165-df49b4fa28e1: 32 groups (HDF5, 1.7 MB; 0.7 s; peak memory 156 MiB)
2026-09-13T15:08:44Z INFO [40/356] 1c25e84d-36ea-4ab1-91a6-65970ff557ce: 22 groups (HDF5, 0.2 MB; 0.4 s; peak memory 156 MiB)
2026-09-13T15:08:45Z INFO [41/356] 1c82137c-816e-4841-99fe-f7883adb49de: 22 groups (HDF5, 84.1 MB; 0.5 s; peak memory 156 MiB)
2026-09-13T15:08:46Z INFO [42/356] 1c8f58bd-3624-4583-974c-fff7ddbc0f00: 35 groups (HDF5, 0.9 MB; 0.5 s; peak memory 156 MiB)
2026-09-13T15:08:46Z INFO [43/356] 1d135eca-02fa-4e50-b7ea-67533063d294: 71 groups (HDF5, 0.5 MB; 0.5 s; peak memory 156 MiB)
2026-09-13T15:08:47Z INFO [44/356] 1d9026df-ece3-4559-9bff-8e8eca78f2c7: 199 groups (HDF5, 6.1 MB; 0.9 s; peak memory 156 MiB)
2026-09-13T15:08:47Z INFO [45/356] 1d9cc258-4bcf-4286-898d-66727921caae: 27 groups (HDF5, 0.2 MB; 0.4 s; peak memory 156 MiB)
2026-09-13T15:08:48Z INFO [46/356] 1e8acfa7-8773-4de5-86d5-1b9a43b8d85e: 251 groups (HDF5, 0.6 MB; 0.5 s; peak memory 156 MiB)
2026-09-13T15:08:48Z INFO [47/356] 1e9ebe2a-4c61-40b4-b776-90848bcaeb73: 28 groups (HDF5, 2.1 MB; 0.5 s; peak memory 156 MiB)
2026-09-13T15:08:49Z INFO [48/356] 1f23f5ff-4407-45b6-a2e1-9717de4bd9b9: 32 groups (HDF5, 1.2 MB; 0.7 s; peak memory 156 MiB)
2026-09-13T15:08:49Z INFO [49/356] 1f2e388b-2b9e-461d-8481-47ca1bcda352: 22 groups (HDF5, 84.1 MB; 0.5 s; peak memory 156 MiB)
2026-09-13T15:08:50Z INFO [50/356] 1f990b00-3c85-420b-8fd3-6583c67a5f1c: 32 groups (HDF5, 1.5 MB; 0.7 s; peak memory 156 MiB)
2026-09-13T15:08:51Z INFO [51/356] 1fa50417-4913-416e-ad56-55cbbbcc5ee3: 17 groups (HDF5, 36.8 MB; 1.2 s; peak memory 156 MiB)
2026-09-13T15:08:52Z INFO [52/356] 21b07afc-4915-4d13-84dc-e15e69a5fa2a: 32 groups (HDF5, 1.3 MB; 0.7 s; peak memory 156 MiB)
2026-09-13T15:08:55Z INFO [53/356] 21d03ed9-2f6b-4761-be70-49aac85005ca: 47 groups (HDF5, 208.0 MB; 3.0 s; peak memory 156 MiB)
2026-09-13T15:08:56Z INFO [54/356] 232cf9a9-d783-4a38-ab3a-43854caef4b6: 28 groups (HDF5, 2.6 MB; 0.5 s; peak memory 156 MiB)
2026-09-13T15:08:57Z INFO [55/356] 23412c10-dc1d-49ab-b768-0cc4aa13a03e: 207 groups (HDF5, 150.7 MB; 1.1 s; peak memory 156 MiB)
2026-09-13T15:08:57Z INFO [56/356] 23694d8a-ba6d-42ec-8730-62d84cb339b7: 25 groups (HDF5, 13.9 MB; 0.5 s; peak memory 156 MiB)
2026-09-13T15:08:58Z INFO [57/356] 23f8ee54-1d37-49ff-8618-d7658a859b2c: 48 groups (HDF5, 188.6 MB; 1.2 s; peak memory 156 MiB)
2026-09-13T15:09:02Z INFO [58/356] 24a9c2d8-c9b1-46f4-a4f2-e0eadee421d2: 274 groups (HDF5, 56.7 MB; 3.9 s; peak memory 157 MiB)
2026-09-13T15:09:03Z INFO [59/356] 24adfa16-77cf-4dca-b7bd-5c1593606df8: 201 groups (HDF5, 227.8 MB; 1.1 s; peak memory 157 MiB)
2026-09-13T15:09:04Z INFO [60/356] 2699513b-75ff-4d33-9747-fdca11d7278e: 22 groups (HDF5, 84.1 MB; 0.6 s; peak memory 157 MiB)
2026-09-13T15:09:05Z INFO [61/356] 28a0ec97-ac6e-48ad-b983-69e33d3afdac: 31 groups (HDF5, 70.8 MB; 0.9 s; peak memory 157 MiB)
2026-09-13T15:09:09Z INFO [62/356] 28b0d767-386f-4d6d-bbbe-5a07e4f92edb: 22 groups (HDF5, 6399.2 MB; 4.1 s; peak memory 157 MiB)
2026-09-13T15:09:09Z INFO [63/356] 2914bd4d-a514-4908-9882-6d16ee6bb659: 22 groups (HDF5, 84.1 MB; 0.5 s; peak memory 157 MiB)
2026-09-13T15:09:14Z INFO [64/356] 295f8438-3dab-432d-bdb4-a08c1ffabb8c: 202 groups (HDF5, 49.4 MB; 4.6 s; peak memory 157 MiB)
2026-09-13T15:09:15Z INFO [65/356] 29f5caf9-ad3a-42a2-bb88-f18a4cdcdac8: 64 groups (HDF5, 3.5 MB; 1.3 s; peak memory 157 MiB)
2026-09-13T15:09:16Z INFO [66/356] 2a1d5ec3-fdb2-4afa-b4b1-d7b5fd7d459c: 22 groups (HDF5, 0.2 MB; 0.4 s; peak memory 157 MiB)
2026-09-13T15:09:16Z INFO [67/356] 2b5532a6-2ea6-4cc5-bb2e-8be07861a9aa: 22 groups (HDF5, 84.1 MB; 0.5 s; peak memory 157 MiB)
2026-09-13T15:09:18Z INFO [68/356] 2b608b94-0ddc-414f-b8f1-e273d7efb7df: 50 groups (HDF5, 12.2 MB; 1.4 s; peak memory 157 MiB)
2026-09-13T15:09:18Z INFO [69/356] 2b8e09c1-2969-4b65-9428-bf1deef1ceca: 18 groups (HDF5, 477.2 MB; 0.5 s; peak memory 157 MiB)
2026-09-13T15:09:19Z INFO [70/356] 2c9af15e-175c-4cf8-b7dd-85d509528ebf: 32 groups (HDF5, 1.3 MB; 0.7 s; peak memory 157 MiB)
2026-09-13T15:09:20Z INFO [71/356] 2d2da620-0189-463a-88b9-a75487c3248b: 32 groups (HDF5, 1.0 MB; 0.6 s; peak memory 157 MiB)
2026-09-13T15:09:20Z INFO [72/356] 2dddc625-da44-4e5a-b124-c7dff58222c9: 22 groups (HDF5, 84.1 MB; 0.4 s; peak memory 157 MiB)
2026-09-13T15:09:21Z INFO [73/356] 2e265c53-2d6c-486d-8a1e-66e2a02b92c9: 67 groups (HDF5, 1.1 MB; 0.7 s; peak memory 157 MiB)
2026-09-13T15:09:21Z INFO [74/356] 2ebdc166-e967-4934-b525-1dac7ba7187e: 32 groups (HDF5, 0.8 MB; 0.5 s; peak memory 157 MiB)
2026-09-13T15:09:22Z INFO [75/356] 2f560a84-ba9f-4455-b64e-647c47cc261c: 33 groups (HDF5, 2.0 MB; 1.0 s; peak memory 157 MiB)
2026-09-13T15:09:23Z INFO [76/356] 2fac6bda-6bc3-4220-9f30-3bfd9c72a7f2: 22 groups (HDF5, 84.1 MB; 0.5 s; peak memory 157 MiB)
2026-09-13T15:09:32Z INFO [77/356] 304f6957-21a8-4d34-a4ba-e1af741e4cf1: 23 groups (HDF5, 45443.4 MB; 9.8 s; peak memory 157 MiB)
2026-09-13T15:09:33Z INFO [78/356] 31eab9ac-da6e-4232-9a5c-562926bc234b: 32 groups (HDF5, 0.9 MB; 0.6 s; peak memory 157 MiB)
2026-09-13T15:09:33Z INFO [79/356] 332659b5-f7ae-4f41-add7-193de5d3690e: 22 groups (HDF5, 84.1 MB; 0.4 s; peak memory 157 MiB)
2026-09-13T15:09:34Z INFO [80/356] 355356df-304d-4dba-9fdf-d6ecdbca0a8a: 35 groups (HDF5, 0.9 MB; 0.7 s; peak memory 157 MiB)
2026-09-13T15:09:35Z INFO [81/356] 37513a0b-71ee-4bae-9b75-dd6eab881766: 64 groups (HDF5, 3.5 MB; 1.2 s; peak memory 157 MiB)
2026-09-13T15:09:36Z INFO [82/356] 37ea4cc1-9c49-4055-8471-738b05666e51: 35 groups (HDF5, 2.0 MB; 0.8 s; peak memory 157 MiB)
2026-09-13T15:09:37Z INFO [83/356] 3933ba30-681c-40f3-8c06-1a641cd3baf0: 48 groups (HDF5, 188.1 MB; 1.3 s; peak memory 157 MiB)
2026-09-13T15:09:38Z INFO [84/356] 397f6eeb-784e-4cd1-9351-16f1e2078c75: 22 groups (HDF5, 84.1 MB; 0.4 s; peak memory 157 MiB)
2026-09-13T15:09:38Z INFO [85/356] 399fc038-e74e-41ea-b2df-d7a5c04879a6: 22 groups (HDF5, 84.1 MB; 0.6 s; peak memory 157 MiB)
2026-09-13T15:09:39Z INFO [86/356] 39d5a2fd-8fa6-4eaa-83d9-21c9399f9ae0: 35 groups (HDF5, 1.1 MB; 0.7 s; peak memory 157 MiB)
2026-09-13T15:09:40Z INFO [87/356] 3a23520e-a741-4743-a1cd-a77207f16576: 35 groups (HDF5, 78.2 MB; 1.0 s; peak memory 157 MiB)
2026-09-13T15:09:41Z INFO [88/356] 3afd3899-26ac-48af-8dfb-f6aa010c19e4: 35 groups (HDF5, 1.3 MB; 0.7 s; peak memory 157 MiB)
2026-09-13T15:09:41Z INFO [89/356] 3bbb3ffe-1ab9-436c-92e9-2792fc814b53: 32 groups (HDF5, 1.7 MB; 0.7 s; peak memory 157 MiB)
2026-09-13T15:09:42Z INFO [90/356] 3bde9e02-fa19-4d4e-ab2d-4b4502217e4c: 35 groups (HDF5, 0.8 MB; 0.5 s; peak memory 157 MiB)
2026-09-13T15:09:43Z INFO [91/356] 3bf24951-c9b6-4ab5-b01a-cfec7cc53a68: 21 groups (HDF5, 6.2 MB; 0.6 s; peak memory 157 MiB)
2026-09-13T15:09:44Z INFO [92/356] 3c9c3490-ba4a-4300-a10d-1681842f2f50: 42 groups (HDF5, 48696.1 MB; 1.0 s; peak memory 157 MiB)
2026-09-13T15:09:44Z INFO [93/356] 3cd7e8fe-dbae-4b1e-b82d-912eac6d801e: 33 groups (HDF5, 1.2 MB; 0.6 s; peak memory 157 MiB)
2026-09-13T15:09:45Z INFO [94/356] 3dab2117-8556-4f75-a661-ef7e2d2be766: 201 groups (HDF5, 269.0 MB; 0.9 s; peak memory 157 MiB)
2026-09-13T15:09:56Z INFO [95/356] 3e53e600-76b8-4df8-aa6b-89c498eba097: 23 groups (HDF5, 36640.3 MB; 11.1 s; peak memory 157 MiB)
2026-09-13T15:09:57Z INFO [96/356] 3e62bd14-12bb-4d5e-ad20-98a94202ae89: 195 groups (HDF5, 3.8 MB; 0.6 s; peak memory 157 MiB)
2026-09-13T15:09:57Z INFO [97/356] 3e6b6bbb-34bf-4c01-b5ad-475240a0e306: 22 groups (HDF5, 84.1 MB; 0.5 s; peak memory 157 MiB)
2026-09-13T15:10:00Z INFO [98/356] 405dcd8a-5a82-4311-96d2-9a39ee0f8787: 182 groups (HDF5, 18.6 MB; 2.4 s; peak memory 157 MiB)
2026-09-13T15:10:02Z INFO [99/356] 42053469-c448-4efe-b785-5ef4304b2567: 122 groups (HDF5, 16.3 MB; 2.4 s; peak memory 157 MiB)
2026-09-13T15:10:04Z INFO [100/356] 4264a1a8-becd-4258-8cf8-667de69621ae: 48 groups (HDF5, 188.1 MB; 1.4 s; peak memory 157 MiB)
2026-09-13T15:10:04Z INFO [101/356] 470ad893-dd78-402b-8576-fce1bf5aee13: 32 groups (HDF5, 0.8 MB; 0.6 s; peak memory 157 MiB)
2026-09-13T15:10:05Z INFO [102/356] 4774d8b3-b07f-484a-b6f1-3532c7a14645: 35 groups (HDF5, 0.8 MB; 0.7 s; peak memory 157 MiB)
2026-09-13T15:10:10Z INFO [103/356] 47839011-177c-43d8-984c-398d1ac8b958: 167 groups (HDF5, 38.4 MB; 5.3 s; peak memory 157 MiB)
2026-09-13T15:11:27Z INFO [104/356] 48886ee0-f210-44b4-b72d-28e0f50f9234: 69 groups (HDF5, 23238.3 MB; 77.3 s; peak memory 282 MiB)
2026-09-13T15:11:29Z INFO [105/356] 4a29dce3-4429-47ba-bc36-3e65ddf99101: 48 groups (HDF5, 188.1 MB; 1.3 s; peak memory 282 MiB)
2026-09-13T15:11:29Z INFO [106/356] 4a9091f0-da1d-4745-94d6-8b9731eb5f38: 32 groups (HDF5, 1.0 MB; 0.5 s; peak memory 282 MiB)
2026-09-13T15:11:30Z INFO [107/356] 4b296d94-2abd-402a-bdaa-5ba4e6075914: 32 groups (HDF5, 40.5 MB; 0.8 s; peak memory 282 MiB)
2026-09-13T15:11:31Z INFO [108/356] 4b548e2c-dd51-42c7-b371-6b74c99b1033: 22 groups (HDF5, 84.1 MB; 0.5 s; peak memory 282 MiB)
2026-09-13T15:11:31Z INFO [109/356] 4b81a59f-c212-4da8-86c5-d8d4e301e97a: 28 groups (HDF5, 1.7 MB; 0.5 s; peak memory 282 MiB)
2026-09-13T15:11:32Z INFO [110/356] 4b8410d3-844d-4cc3-aefa-d50d81cdffa5: 22 groups (HDF5, 84.1 MB; 0.5 s; peak memory 282 MiB)
2026-09-13T15:11:32Z INFO [111/356] 4be3ef1f-4e26-4cc8-b1e1-da8cf2953bfe: 22 groups (HDF5, 84.1 MB; 0.5 s; peak memory 282 MiB)
2026-09-13T15:11:32Z INFO [112/356] 4c8c1da5-e5d3-4d6b-8d4f-e0735a6854e1: 22 groups (HDF5, 0.2 MB; 0.4 s; peak memory 282 MiB)
2026-09-13T15:11:33Z INFO [113/356] 4d67ebe2-45e9-4f6d-8362-b38b3d537ea9: 32 groups (HDF5, 1.5 MB; 0.6 s; peak memory 282 MiB)
2026-09-13T15:11:34Z INFO [114/356] 4dad59cc-bcb8-4237-b29f-1320b834f073: 35 groups (HDF5, 1.3 MB; 0.7 s; peak memory 282 MiB)
2026-09-13T15:11:34Z INFO [115/356] 4e253ac1-e670-48d5-a48f-d907f13c66d7: 32 groups (HDF5, 1.1 MB; 0.6 s; peak memory 282 MiB)
2026-09-13T15:11:35Z INFO [116/356] 4eabbee0-f747-4449-b361-ad41ce98e63c: 99 groups (HDF5, 3.6 MB; 0.7 s; peak memory 282 MiB)
2026-09-13T15:11:36Z INFO [117/356] 4fa5e632-7620-4d07-bf34-ae08acd93c80: 48 groups (HDF5, 191.5 MB; 1.2 s; peak memory 282 MiB)
2026-09-13T15:11:37Z INFO [118/356] 4ffc6453-145d-4d3f-b72c-01b5d5f221f6: 32 groups (HDF5, 1.2 MB; 0.7 s; peak memory 282 MiB)
2026-09-13T15:11:38Z INFO [119/356] 503582fe-c1a3-493d-b706-94a45ee739dd: 35 groups (HDF5, 1.6 MB; 0.9 s; peak memory 282 MiB)
2026-09-13T15:11:40Z INFO [120/356] 50d1fe7d-3f2b-4068-b172-50d203d48f99: 50 groups (HDF5, 1064.6 MB; 1.8 s; peak memory 282 MiB)
2026-09-13T15:11:41Z INFO [121/356] 51d8959a-a909-4057-aa9a-092a5ed685b8: 35 groups (HDF5, 1.5 MB; 0.8 s; peak memory 282 MiB)
2026-09-13T15:11:41Z INFO [122/356] 51ed3c8a-88a7-44f5-8f1a-3e3f52860a18: 33 groups (HDF5, 1.3 MB; 0.6 s; peak memory 282 MiB)
2026-09-13T15:11:42Z INFO [123/356] 5248f7f4-79bd-4883-b8c5-d9be7b118f8d: 35 groups (HDF5, 1.2 MB; 0.7 s; peak memory 282 MiB)
2026-09-13T15:11:42Z INFO [124/356] 534321f5-8c64-4f58-9925-0c69417e7900: 32 groups (HDF5, 1.0 MB; 0.6 s; peak memory 282 MiB)
2026-09-13T15:11:46Z INFO [125/356] 5367b55a-6668-42c8-a8fc-bd59f49c74fe: 34 groups (HDF5, 48.2 MB; 3.6 s; peak memory 282 MiB)
2026-09-13T15:11:47Z INFO [126/356] 5424ac54-a11e-4f6d-9362-1368f6889721: 32 groups (HDF5, 1.2 MB; 0.5 s; peak memory 282 MiB)
2026-09-13T15:11:47Z INFO [127/356] 54a1a727-e9df-4122-8dd3-32f02a43e6b4: 25 groups (HDF5, 15.8 MB; 0.7 s; peak memory 282 MiB)
2026-09-13T15:11:49Z INFO [128/356] 5529237d-c94b-4cf1-ae84-e915d834f5fc: 33 groups (HDF5, 3473.2 MB; 1.3 s; peak memory 282 MiB)
2026-09-13T15:11:51Z INFO [129/356] 5546e189-62e1-4cf8-9979-01d336d6b6a8: 116 groups (HDF5, 19.6 MB; 2.6 s; peak memory 282 MiB)
2026-09-13T15:11:52Z INFO [130/356] 55e9a323-2a2d-4cbe-835e-3da4cedda1ea: 22 groups (HDF5, 84.1 MB; 0.5 s; peak memory 282 MiB)
2026-09-13T15:11:52Z INFO [131/356] 561b77bf-a152-4cbc-92d0-09a822f5043e: 32 groups (HDF5, 0.8 MB; 0.6 s; peak memory 282 MiB)
2026-09-13T15:11:53Z INFO [132/356] 563f5b28-93c0-467a-b462-d9b676681a30: 35 groups (HDF5, 1.6 MB; 0.9 s; peak memory 282 MiB)
2026-09-13T15:11:54Z INFO [133/356] 5704d7ee-34dd-400e-8ea4-a53aa94ddfa1: 25 groups (HDF5, 25.0 MB; 0.6 s; peak memory 282 MiB)
2026-09-13T15:12:05Z INFO [134/356] 575bf105-47cf-4cf1-90fa-a9350a0c5058: 23 groups (HDF5, 52124.0 MB; 11.5 s; peak memory 282 MiB)
2026-09-13T15:12:06Z INFO [135/356] 57a4931a-c9de-4ee5-9d92-77db21697053: 48 groups (HDF5, 51.7 MB; 1.0 s; peak memory 282 MiB)
2026-09-13T15:12:08Z INFO [136/356] 59b4c4d1-a155-45e1-af1e-77c21d257b11: 25 groups (HDF5, 4274.3 MB; 1.8 s; peak memory 282 MiB)
2026-09-13T15:12:13Z INFO [137/356] 5a4de696-ce5a-434e-8d17-eeb63db7b80f: 257 groups (HDF5, 44.6 MB; 5.4 s; peak memory 282 MiB)
2026-09-13T15:12:14Z INFO [138/356] 5d667760-a342-4abe-8e09-40dfc0687258: 35 groups (HDF5, 1.1 MB; 0.7 s; peak memory 282 MiB)
2026-09-13T15:12:15Z INFO [139/356] 5fe10ce8-3ef2-4990-b8f9-6228710a49f5: 22 groups (HDF5, 84.1 MB; 0.5 s; peak memory 282 MiB)
2026-09-13T15:12:15Z INFO [140/356] 62246a02-d352-4aa7-8f95-e865e552baf1: 31 groups (HDF5, 0.6 MB; 0.5 s; peak memory 282 MiB)
2026-09-13T15:12:25Z INFO [141/356] 63bb4a1a-4629-4b2c-94c4-c7bd138df510: 532 groups (HDF5, 41.7 MB; 9.9 s; peak memory 282 MiB)
2026-09-13T15:12:26Z INFO [142/356] 652a852a-ae4b-4e83-ad9e-c7055b6761d5: 32 groups (HDF5, 1.8 MB; 0.7 s; peak memory 282 MiB)
2026-09-13T15:12:27Z INFO [143/356] 655eb55a-e6d3-4afe-a639-9060806de69e: 35 groups (HDF5, 56.2 MB; 1.1 s; peak memory 282 MiB)
2026-09-13T15:12:27Z INFO [144/356] 666ea073-8b41-4ab0-bd42-4a07afaa6453: 201 groups (HDF5, 0.9 MB; 0.6 s; peak memory 282 MiB)
2026-09-13T15:12:28Z INFO [145/356] 66c673ae-3a2d-4683-a094-89957ad85dd9: 33 groups (HDF5, 1.4 MB; 0.8 s; peak memory 282 MiB)
2026-09-13T15:12:32Z INFO [146/356] 68d27643-403e-4a9f-a637-ea6470260ed6: 66 groups (HDF5, 613.8 MB; 3.3 s; peak memory 282 MiB)
2026-09-13T15:12:32Z INFO [147/356] 68fe6aaf-8f07-4da9-ad88-cc6250b4bd1e: 22 groups (HDF5, 84.1 MB; 0.5 s; peak memory 282 MiB)
2026-09-13T15:12:32Z INFO [148/356] 69929b31-7051-4164-87b1-3ecac12db247: 22 groups (HDF5, 84.1 MB; 0.5 s; peak memory 282 MiB)
2026-09-13T15:12:33Z INFO [149/356] 6a1d1186-e8c6-49a4-ad3e-574180dcce87: 35 groups (HDF5, 0.8 MB; 0.7 s; peak memory 282 MiB)
2026-09-13T15:12:41Z INFO [150/356] 6ade60d6-7c6d-4f9e-a4e2-fb4898d7f7f6: 93 groups (HDF5, 1061.3 MB; 8.0 s; peak memory 282 MiB)
2026-09-13T15:12:42Z INFO [151/356] 6ae002f4-2dfa-492f-992d-a9a161a3b51a: 341 groups (HDF5, 5.1 MB; 1.0 s; peak memory 282 MiB)
2026-09-13T15:12:43Z INFO [152/356] 6b9f8244-23bd-4ef2-af2d-1a2bea82b86f: 22 groups (HDF5, 84.1 MB; 0.5 s; peak memory 282 MiB)
2026-09-13T15:12:43Z INFO [153/356] 6c66e533-ddeb-4ed2-b039-6f2e362df51b: 30 groups (HDF5, 0.2 MB; 0.3 s; peak memory 282 MiB)
2026-09-13T15:12:44Z INFO [154/356] 6d1bfd9c-9bd5-4797-8a12-5fa817be3888: 54 groups (HDF5, 296.5 MB; 1.5 s; peak memory 282 MiB)
2026-09-13T15:12:46Z INFO [155/356] 6d9c56fe-3ee1-48cd-8548-8c9b1fa280eb: 91 groups (HDF5, 13.1 MB; 2.0 s; peak memory 282 MiB)
2026-09-13T15:12:47Z INFO [156/356] 6eb67231-4473-4d82-ae95-62160618a904: 22 groups (HDF5, 84.1 MB; 0.5 s; peak memory 282 MiB)
2026-09-13T15:12:48Z INFO [157/356] 6eba256c-ff83-467b-8cb9-d84b5aea0b7e: 32 groups (HDF5, 1.0 MB; 0.7 s; peak memory 282 MiB)
2026-09-13T15:12:49Z INFO [158/356] 6f2551c8-67e9-49c1-918a-039e678fd281: 48 groups (HDF5, 191.4 MB; 1.4 s; peak memory 282 MiB)
2026-09-13T15:12:50Z INFO [159/356] 716f5887-8d9d-40d1-8e83-038ed2356e5f: 200 groups (HDF5, 5.3 MB; 0.9 s; peak memory 282 MiB)
2026-09-13T15:12:50Z INFO [160/356] 71e20697-ce07-42a4-9728-f1a3d3fff8e1: 22 groups (HDF5, 84.1 MB; 0.6 s; peak memory 282 MiB)
2026-09-13T15:13:01Z INFO [161/356] 73ae3e3e-01c1-4a59-a2b7-98f3a38a985a: 23 groups (HDF5, 50094.2 MB; 10.3 s; peak memory 282 MiB)
2026-09-13T15:13:27Z INFO [162/356] 7422db88-88a9-4fc0-858a-6e48089d0f4b: 26 groups (HDF5, 2366.7 MB; 26.4 s; peak memory 282 MiB)
2026-09-13T15:13:28Z INFO [163/356] 74c36eb0-77e1-45e2-9197-9eec8830b911: 25 groups (HDF5, 10.7 MB; 0.5 s; peak memory 282 MiB)
2026-09-13T15:13:29Z INFO [164/356] 75274596-dd7c-4c5a-ab82-30ab75305c51: 195 groups (HDF5, 107.2 MB; 0.9 s; peak memory 282 MiB)
2026-09-13T15:13:29Z INFO [165/356] 7541e81a-5787-4be9-aa15-327f495470f9: 22 groups (HDF5, 84.1 MB; 0.5 s; peak memory 282 MiB)
2026-09-13T15:13:29Z INFO [166/356] 756a4ff3-f351-45b0-85fc-62e0e858461f: 28 groups (HDF5, 1.7 MB; 0.4 s; peak memory 282 MiB)
2026-09-13T15:13:31Z INFO [167/356] 75b01852-e8de-4c55-b03d-b939a6eb5af8: 341 groups (HDF5, 131.0 MB; 1.2 s; peak memory 282 MiB)
2026-09-13T15:13:31Z INFO [168/356] 7685ed70-d4ae-4775-96ae-15d60f93e351: 22 groups (HDF5, 84.1 MB; 0.5 s; peak memory 282 MiB)
2026-09-13T15:13:32Z INFO [169/356] 76c6302a-2787-4bdf-aad4-98fe2d029c71: 337 groups (HDF5, 132.4 MB; 1.1 s; peak memory 282 MiB)
2026-09-13T15:13:33Z INFO [170/356] 780a3746-4020-4dd2-9cb9-6a0835ff1f66: 195 groups (HDF5, 105.9 MB; 0.9 s; peak memory 282 MiB)
2026-09-13T15:13:34Z INFO [171/356] 7a62c5f3-ff2e-411d-98ba-2e737f42766b: 32 groups (HDF5, 2.1 MB; 0.7 s; peak memory 282 MiB)
2026-09-13T15:13:35Z INFO [172/356] 7bf941e2-550e-48fd-bcf7-0810b245b11a: 35 groups (HDF5, 1.7 MB; 0.9 s; peak memory 282 MiB)
2026-09-13T15:13:35Z INFO [173/356] 7c45d754-bb6b-47f8-b064-7e8015aefb00: 22 groups (HDF5, 84.1 MB; 0.6 s; peak memory 282 MiB)
2026-09-13T15:13:38Z INFO [174/356] 7c69c91b-171d-4847-921f-0057a43c2ffa: 78 groups (HDF5, 620.4 MB; 2.9 s; peak memory 282 MiB)
2026-09-13T15:13:39Z INFO [175/356] 7cbcdac7-3df3-43a3-bf9e-aa1e597b3ce2: 32 groups (HDF5, 1.5 MB; 0.7 s; peak memory 282 MiB)
2026-09-13T15:13:40Z INFO [176/356] 7cecb044-c889-4bcb-bf2c-a091968d458e: 32 groups (HDF5, 1.4 MB; 0.6 s; peak memory 282 MiB)
2026-09-13T15:13:40Z INFO [177/356] 7ee5cf0e-4d7c-4901-9630-b5bec6eb319c: 33 groups (HDF5, 1.3 MB; 0.7 s; peak memory 282 MiB)
2026-09-13T15:13:41Z INFO [178/356] 7fd7b14e-a986-46d7-9492-f1c618d1a144: 32 groups (HDF5, 1.2 MB; 0.6 s; peak memory 282 MiB)
2026-09-13T15:13:42Z INFO [179/356] 805d995e-db99-42a4-8bc9-55f14de393d6: 32 groups (HDF5, 1.1 MB; 0.8 s; peak memory 282 MiB)
2026-09-13T15:13:44Z INFO [180/356] 81a87a15-0b85-4862-957b-8ede43d2f21c: 122 groups (HDF5, 19.9 MB; 2.8 s; peak memory 282 MiB)
2026-09-13T15:13:45Z INFO [181/356] 84b5bdb8-84c7-4472-aeff-16ca4e9460c0: 201 groups (HDF5, 55.8 MB; 0.8 s; peak memory 282 MiB)
2026-09-13T15:13:46Z INFO [182/356] 85356a62-b4cf-493f-8222-7597b00b8429: 32 groups (HDF5, 1.2 MB; 0.6 s; peak memory 282 MiB)
2026-09-13T15:13:53Z INFO [183/356] 853a5570-9be7-4855-bb81-360d544d7e7b: 221 groups (HDF5, 68.7 MB; 7.0 s; peak memory 282 MiB)
2026-09-13T15:13:58Z INFO [184/356] 85f60de2-b1a3-488a-812e-1f89f0edd389: 191 groups (HDF5, 23.5 MB; 5.3 s; peak memory 282 MiB)
2026-09-13T15:13:59Z INFO [185/356] 881c2a26-df6e-4e56-bb01-576534cfe762: 32 groups (HDF5, 1.1 MB; 0.7 s; peak memory 282 MiB)
2026-09-13T15:14:05Z INFO [186/356] 88927af8-0e7d-41d9-b9a9-9635ce7801c1: 76 groups (HDF5, 2892.2 MB; 6.4 s; peak memory 282 MiB)
2026-09-13T15:14:06Z INFO [187/356] 88fdc107-fa12-40ab-b57a-04b39f180163: 103 groups (HDF5, 3.8 MB; 0.6 s; peak memory 282 MiB)
2026-09-13T15:14:07Z INFO [188/356] 8a298e8a-bc95-437c-8679-e44313454473: 17 groups (HDF5, 58.5 MB; 1.5 s; peak memory 282 MiB)
2026-09-13T15:14:15Z INFO [189/356] 8ae50a10-a709-4a28-9be0-cb5db5a6052d: 297 groups (HDF5, 65.5 MB; 8.1 s; peak memory 282 MiB)
2026-09-13T15:14:16Z INFO [190/356] 8c6194e6-9c64-4238-b984-c46a410e83ba: 27 groups (HDF5, 42.1 MB; 0.7 s; peak memory 282 MiB)
2026-09-13T15:14:17Z INFO [191/356] 8c7801a3-d4fb-41d9-880c-7cebb465cf0e: 22 groups (HDF5, 84.1 MB; 0.6 s; peak memory 282 MiB)
2026-09-13T15:14:18Z INFO [192/356] 8dce4333-2efe-4e89-b800-990fc2f35b27: 17 groups (HDF5, 36.2 MB; 1.4 s; peak memory 282 MiB)
2026-09-13T15:14:19Z INFO [193/356] 8eaef7e6-8030-41a0-aee8-4e45fd320c42: 35 groups (HDF5, 2.9 MB; 1.0 s; peak memory 282 MiB)
2026-09-13T15:14:20Z INFO [194/356] 92168fc3-1e74-4d5b-b40b-5ae09a3b085a: 30 groups (HDF5, 473.6 MB; 0.9 s; peak memory 282 MiB)
2026-09-13T15:14:20Z INFO [195/356] 926a381b-72b3-47d4-8e22-4148580c284e: 22 groups (HDF5, 84.1 MB; 0.6 s; peak memory 282 MiB)
2026-09-13T15:14:21Z INFO [196/356] 92aa0cf4-66a1-4d84-86d6-11a45e03e956: 103 groups (HDF5, 1.6 MB; 0.7 s; peak memory 282 MiB)
2026-09-13T15:14:23Z INFO [197/356] 92d403c3-b3f9-4468-b78e-cad56661e558: 48 groups (HDF5, 68.6 MB; 1.5 s; peak memory 282 MiB)
2026-09-13T15:14:23Z INFO [198/356] 943cb27a-f70a-46c2-9fc3-e86ffa4a45fb: 22 groups (HDF5, 84.1 MB; 0.6 s; peak memory 282 MiB)
2026-09-13T15:14:24Z INFO [199/356] 94c9fcf3-8bb9-4abd-8048-36737756b057: 35 groups (HDF5, 1.6 MB; 0.9 s; peak memory 282 MiB)
2026-09-13T15:14:29Z INFO [200/356] 963d5ea0-6e20-4742-835c-35521e82ec52: 47 groups (HDF5, 393.8 MB; 4.3 s; peak memory 282 MiB)
2026-09-13T15:14:31Z INFO [201/356] 964fcfd3-86c2-40bc-a8e9-a58029dc2abb: 91 groups (HDF5, 14.2 MB; 2.1 s; peak memory 282 MiB)
2026-09-13T15:14:32Z INFO [202/356] 969e4747-5a03-4948-bad1-05be9db18f9a: 573 groups (HDF5, 2.0 MB; 1.0 s; peak memory 282 MiB)
2026-09-13T15:14:33Z INFO [203/356] 96fcf4da-7bdd-4ac7-9c4e-7824a7e1716f: 201 groups (HDF5, 62.9 MB; 0.9 s; peak memory 282 MiB)
2026-09-13T15:14:33Z INFO [204/356] 96ff483f-e00b-4e5e-84f1-57e7017d23b6: 22 groups (HDF5, 84.1 MB; 0.6 s; peak memory 282 MiB)
2026-09-13T15:14:34Z INFO [205/356] 97129f6a-668f-4d9d-9132-60d47d3f85f6: 34 groups (HDF5, 343.9 MB; 0.7 s; peak memory 282 MiB)
2026-09-13T15:14:35Z INFO [206/356] 9749fec9-8c56-4894-b9bf-a4dbd9e48ead: 41 groups (HDF5, 17.5 MB; 0.9 s; peak memory 282 MiB)
2026-09-13T15:14:38Z INFO [207/356] 97ac08a8-564b-46ba-9247-1b6da0dbff27: 66 groups (HDF5, 802.2 MB; 2.9 s; peak memory 282 MiB)
2026-09-13T15:14:39Z INFO [208/356] 9847365e-6bcb-4971-a67f-837c567e8610: 52 groups (HDF5, 10.3 MB; 1.7 s; peak memory 282 MiB)
2026-09-13T15:14:40Z INFO [209/356] 986fcf49-8065-4c81-8404-2cdc7a4df5c4: 32 groups (HDF5, 20.5 MB; 0.6 s; peak memory 282 MiB)
2026-09-13T15:14:41Z INFO [210/356] 9949546d-1b23-44b3-a357-dc96275546d4: 22 groups (HDF5, 84.1 MB; 0.6 s; peak memory 282 MiB)
2026-09-13T15:14:42Z INFO [211/356] 9a00b56c-0ab6-4ca8-a7bd-a0ddd1b7cee9: 49 groups (HDF5, 15.1 MB; 1.0 s; peak memory 282 MiB)
2026-09-13T15:14:45Z INFO [212/356] 9a1b8edc-99a8-4947-a818-f76ee3b45725: 254 groups (HDF5, 12.8 MB; 3.6 s; peak memory 282 MiB)
2026-09-13T15:14:46Z INFO [213/356] 9afeaf5b-124d-458a-a98d-732703203d2a: 35 groups (HDF5, 0.9 MB; 0.8 s; peak memory 282 MiB)
2026-09-13T15:14:46Z INFO [214/356] 9b5b8639-03be-4cde-9b44-c8100f8521dd: 32 groups (HDF5, 1.4 MB; 0.6 s; peak memory 282 MiB)
2026-09-13T15:14:47Z INFO [215/356] 9b957e55-78cb-4007-9371-4921e02f30f7: 103 groups (HDF5, 6.4 MB; 0.6 s; peak memory 282 MiB)
2026-09-13T15:14:48Z INFO [216/356] 9c5c1e95-a0d5-47a9-8d51-dd1cc889c762: 196 groups (HDF5, 102.4 MB; 0.9 s; peak memory 282 MiB)
2026-09-13T15:14:49Z INFO [217/356] 9d1f46e2-7e21-48dc-b253-c512950fbd76: 206 groups (HDF5, 5.4 MB; 1.0 s; peak memory 282 MiB)
2026-09-13T15:14:49Z INFO [218/356] 9d60b10a-6f94-4446-84c6-ef6028bcb63b: 22 groups (HDF5, 84.1 MB; 0.4 s; peak memory 282 MiB)
2026-09-13T15:14:50Z INFO [219/356] a023f2c8-1013-43f6-866e-907a7741818f: 17 groups (HDF5, 1330.9 MB; 0.4 s; peak memory 282 MiB)
2026-09-13T15:14:50Z INFO [220/356] a1bd5c6c-64ce-4f6d-b3bd-1516c3b8f356: 22 groups (HDF5, 84.1 MB; 0.5 s; peak memory 282 MiB)
2026-09-13T15:14:51Z INFO [221/356] a28060e9-754e-43a8-8328-0c8a58425ed4: 32 groups (HDF5, 1.3 MB; 0.7 s; peak memory 282 MiB)
2026-09-13T15:14:52Z INFO [222/356] a336e5c7-1244-4894-a132-f609ec3caeed: 54 groups (HDF5, 82.3 MB; 1.1 s; peak memory 282 MiB)
2026-09-13T15:14:53Z INFO [223/356] a3d82bc8-d7e6-4c71-9f74-10e8b63627ae: 103 groups (HDF5, 0.7 MB; 0.6 s; peak memory 282 MiB)
2026-09-13T15:14:53Z INFO [224/356] a4f0750d-e53c-46ae-ae1f-f0f015ca4c7a: 27 groups (HDF5, 0.7 MB; 0.5 s; peak memory 282 MiB)
2026-09-13T15:14:54Z INFO [225/356] a58130ed-a32e-4922-8c66-387567e14206: 28 groups (HDF5, 4.7 MB; 0.5 s; peak memory 282 MiB)
2026-09-13T15:14:54Z INFO [226/356] a638f738-4982-48f0-bc3a-04f73cf5a8a2: 33 groups (HDF5, 1.2 MB; 0.7 s; peak memory 282 MiB)
2026-09-13T15:14:55Z INFO [227/356] a6509dbd-c606-4f39-85ca-a3bc454103d5: 31 groups (HDF5, 0.2 MB; 0.4 s; peak memory 282 MiB)
2026-09-13T15:15:09Z INFO [228/356] a66bc2dd-4ac3-4910-8bf3-8b7d0b266240: 23 groups (HDF5, 43632.1 MB; 14.6 s; peak memory 282 MiB)
2026-09-13T15:15:10Z INFO [229/356] a8365bfb-fed1-4d68-838a-a48f617970a3: 30 groups (HDF5, 0.2 MB; 0.4 s; peak memory 282 MiB)
2026-09-13T15:15:10Z INFO [230/356] a8531d4d-b106-4ef9-9c24-e165c883b3d2: 31 groups (HDF5, 0.3 MB; 0.4 s; peak memory 282 MiB)
2026-09-13T15:15:11Z INFO [231/356] a88c6d19-fd13-42c4-a7f0-7843947fffd9: 35 groups (HDF5, 0.9 MB; 0.6 s; peak memory 282 MiB)
2026-09-13T15:15:11Z INFO [232/356] a966e774-3c37-4ed0-a8cc-7325394c883a: 22 groups (HDF5, 84.1 MB; 0.6 s; peak memory 282 MiB)
2026-09-13T15:15:12Z INFO [233/356] a989a9c2-478b-40d7-b0f0-55885667d602: 22 groups (HDF5, 84.1 MB; 0.5 s; peak memory 282 MiB)
2026-09-13T15:15:12Z INFO [234/356] aa658aa3-86e0-4a71-9aaa-ec616c3956fd: 22 groups (HDF5, 84.1 MB; 0.5 s; peak memory 282 MiB)
2026-09-13T15:15:13Z INFO [235/356] ab4e9900-cc47-451c-9d07-933d96ea5ab2: 35 groups (HDF5, 1.8 MB; 0.8 s; peak memory 282 MiB)
2026-09-13T15:15:14Z INFO [236/356] ac8572b3-8730-4f78-92d4-ee9d50f6fa45: 22 groups (HDF5, 84.1 MB; 0.5 s; peak memory 282 MiB)
2026-09-13T15:15:14Z INFO [237/356] af842f3d-fbdb-47ac-8696-88eb1a653de0: 35 groups (HDF5, 0.9 MB; 0.5 s; peak memory 282 MiB)
2026-09-13T15:15:15Z INFO [238/356] afc3a655-c154-46e3-932b-7e3cd61e8fcf: 32 groups (HDF5, 1.2 MB; 0.6 s; peak memory 282 MiB)
2026-09-13T15:15:16Z INFO [239/356] afcf0b4c-8b1b-4da9-903e-7bc06a3ab775: 202 groups (HDF5, 53.5 MB; 0.7 s; peak memory 282 MiB)
2026-09-13T15:17:49Z INFO [240/356] b08c1903-8661-468b-9b85-8c3d5719baca: 131 groups (HDF5, 15724.4 MB; 153.5 s; peak memory 588 MiB)
2026-09-13T15:17:50Z INFO [241/356] b0eaa2ee-1e75-4300-9627-5a63c78712ca: 32 groups (HDF5, 1.2 MB; 0.8 s; peak memory 588 MiB)
2026-09-13T15:17:50Z INFO [242/356] b10969ff-9de8-4054-a586-b78342cc0e6d: 30 groups (HDF5, 0.3 MB; 0.4 s; peak memory 588 MiB)
2026-09-13T15:17:52Z INFO [243/356] b112fe8f-1498-47bc-9ed4-e8ea6cd0b228: 48 groups (HDF5, 188.1 MB; 1.4 s; peak memory 588 MiB)
2026-09-13T15:17:52Z INFO [244/356] b145917b-ae86-48af-97cf-536254e6e49b: 32 groups (HDF5, 1.0 MB; 0.6 s; peak memory 588 MiB)
2026-09-13T15:17:53Z INFO [245/356] b2501798-3548-42b3-b1d0-1349f4228ec1: 33 groups (HDF5, 0.9 MB; 0.7 s; peak memory 588 MiB)
2026-09-13T15:17:53Z INFO [246/356] b3b151fb-27f6-4852-8f9d-e877eccbc8cf: 32 groups (HDF5, 1.1 MB; 0.6 s; peak memory 588 MiB)
2026-09-13T15:17:55Z INFO [247/356] b41a4aad-4c9b-4fe9-94f1-26c545e5faa5: 34 groups (HDF5, 4489.1 MB; 1.6 s; peak memory 588 MiB)
2026-09-13T15:17:55Z INFO [248/356] b4980248-23b2-4e8f-8d05-045e453b13b0: 22 groups (HDF5, 84.1 MB; 0.5 s; peak memory 588 MiB)
2026-09-13T15:17:56Z INFO [249/356] b6376af9-987e-48a7-a572-9e227c40faf0: 22 groups (HDF5, 84.1 MB; 0.5 s; peak memory 588 MiB)
2026-09-13T15:17:57Z INFO [250/356] b6a95201-2ab0-4381-927c-a727e78af0e1: 22 groups (HDF5, 84.1 MB; 0.6 s; peak memory 588 MiB)
2026-09-13T15:17:57Z INFO [251/356] b7c2b69b-05d8-46b5-9810-1d2c53574a15: 32 groups (HDF5, 1.3 MB; 0.7 s; peak memory 588 MiB)
2026-09-13T15:17:58Z INFO [252/356] b8db1b85-19fa-438a-a583-7568d041344f: 35 groups (HDF5, 1.6 MB; 0.9 s; peak memory 588 MiB)
2026-09-13T15:17:59Z INFO [253/356] b9dd0b86-02c9-4667-ba3d-de49bd576ffa: 32 groups (HDF5, 1.5 MB; 0.7 s; peak memory 588 MiB)
2026-09-13T15:18:00Z INFO [254/356] b9f9c311-0596-4841-98b2-f88cf8ad9b78: 64 groups (HDF5, 3.5 MB; 1.3 s; peak memory 588 MiB)
2026-09-13T15:18:01Z INFO [255/356] bb604404-64a6-47ca-9b53-e4f3f9abfbe6: 32 groups (HDF5, 1.8 MB; 0.6 s; peak memory 588 MiB)
2026-09-13T15:18:02Z INFO [256/356] bbed850f-fda5-4f79-a986-7f09f92c6be7: 32 groups (HDF5, 1.3 MB; 0.7 s; peak memory 588 MiB)
2026-09-13T15:18:02Z INFO [257/356] bcf28eca-4467-412a-b034-58f49c92a449: 27 groups (HDF5, 0.2 MB; 0.4 s; peak memory 588 MiB)
2026-09-13T15:18:03Z INFO [258/356] bd1d3baf-961f-47b3-93f8-1c40a15d1a7f: 203 groups (HDF5, 32.1 MB; 0.8 s; peak memory 588 MiB)
2026-09-13T15:18:04Z INFO [259/356] bd41559a-f6d7-436a-b088-f87d43b373c7: 207 groups (HDF5, 4.7 MB; 0.8 s; peak memory 588 MiB)
2026-09-13T15:18:04Z INFO [260/356] bd466772-cf6d-4e6f-8dca-204e619514ad: 31 groups (HDF5, 0.3 MB; 0.5 s; peak memory 588 MiB)
2026-09-13T15:18:05Z INFO [261/356] bd7388b5-3a8c-4c0f-a164-032b0139a33f: 48 groups (HDF5, 68.7 MB; 1.3 s; peak memory 588 MiB)
2026-09-13T15:18:09Z INFO [262/356] be959cef-1d65-4163-86b9-efea7b389e15: 187 groups (HDF5, 37.7 MB; 4.0 s; peak memory 588 MiB)
2026-09-13T15:18:12Z INFO [263/356] c00295a0-c39c-4013-a228-f131f7eb026a: 75 groups (HDF5, 257.1 MB; 2.6 s; peak memory 588 MiB)
2026-09-13T15:22:54Z INFO [264/356] c077f3cb-76bb-44a4-87de-d2000eacb17d: 46 groups (HDF5, 42864.4 MB; 281.7 s; peak memory 1120 MiB)
2026-09-13T15:22:55Z INFO [265/356] c0b15d2e-23e9-461a-a747-4c6db71b1c40: 33 groups (HDF5, 1.6 MB; 0.9 s; peak memory 1120 MiB)
2026-09-13T15:23:10Z INFO [266/356] c1cba55d-bf22-441f-9866-b527fa6ebc05: 17 groups (HDF5, 1077.5 MB; 15.8 s; peak memory 1120 MiB)
2026-09-13T15:23:12Z INFO [267/356] c25c1799-4416-4552-b3f1-fa5fd570ed5f: 48 groups (HDF5, 191.4 MB; 1.1 s; peak memory 1120 MiB)
2026-09-13T15:23:13Z INFO [268/356] c361fadc-0555-45cb-bb2a-c9f8d5819119: 48 groups (HDF5, 188.1 MB; 1.2 s; peak memory 1120 MiB)
2026-09-13T15:23:14Z INFO [269/356] c3996bee-ec10-4e53-8041-8069156c48e1: 35 groups (HDF5, 1.8 MB; 1.0 s; peak memory 1120 MiB)
2026-09-13T15:23:14Z INFO [270/356] c3ac118b-3118-4324-91c7-bbf413b431b2: 32 groups (HDF5, 1.1 MB; 0.7 s; peak memory 1120 MiB)
2026-09-13T15:23:15Z INFO [271/356] c3b43b56-c01c-452d-9576-4775348337be: 202 groups (HDF5, 28.9 MB; 0.9 s; peak memory 1120 MiB)
2026-09-13T15:23:16Z INFO [272/356] c40865a4-f62d-4243-8b8c-f8d297416624: 22 groups (HDF5, 84.1 MB; 0.6 s; peak memory 1120 MiB)
2026-09-13T15:23:17Z INFO [273/356] c416a0c7-3c26-4b97-abee-9aead319602c: 32 groups (HDF5, 1.7 MB; 0.8 s; peak memory 1120 MiB)
2026-09-13T15:23:17Z INFO [274/356] c49cb575-42d9-41d0-8c26-d195356ff2c6: 22 groups (HDF5, 84.1 MB; 0.6 s; peak memory 1120 MiB)
2026-09-13T15:23:28Z INFO [275/356] c51976f9-da79-4264-ac7c-047faa03d830: 23 groups (HDF5, 41430.0 MB; 10.3 s; peak memory 1120 MiB)
2026-09-13T15:23:36Z INFO [276/356] c5a34c9d-4e42-4876-b3fc-d4337af3b67f: 27 groups (HDF5, 293.4 MB; 8.9 s; peak memory 1120 MiB)
2026-09-13T15:23:37Z INFO [277/356] c70accf8-8e35-4bb9-bbb9-fc07d83ccdd8: 253 groups (HDF5, 25.9 MB; 0.8 s; peak memory 1120 MiB)
2026-09-13T15:23:45Z INFO [278/356] c92f2782-61f0-438d-a8b9-5c05670cd223: 17 groups (HDF5, 618.2 MB; 7.8 s; peak memory 1120 MiB)
2026-09-13T15:23:46Z INFO [279/356] c970a80e-661a-4f44-b8c5-1c7adc4d5639: 31 groups (HDF5, 44.3 MB; 1.0 s; peak memory 1120 MiB)
2026-09-13T15:23:47Z INFO [280/356] c9fae11a-ad86-48ca-9845-93c93c564b05: 32 groups (HDF5, 1.2 MB; 0.7 s; peak memory 1120 MiB)
2026-09-13T15:23:47Z INFO [281/356] ca324c00-c953-4d33-9bb6-7e97e2f6cc13: 32 groups (HDF5, 0.8 MB; 0.5 s; peak memory 1120 MiB)
2026-09-13T15:23:48Z INFO [282/356] cab02b4c-adc5-44ff-b54d-fadb3cad6409: 22 groups (HDF5, 84.1 MB; 0.6 s; peak memory 1120 MiB)
2026-09-13T15:23:51Z INFO [283/356] cb17b09d-027c-4192-8332-2fa83b8ec91d: 181 groups (HDF5, 8.8 MB; 3.2 s; peak memory 1120 MiB)
2026-09-13T15:23:52Z INFO [284/356] cc1205fb-7969-4a78-bbf0-6e8309d26266: 22 groups (HDF5, 84.1 MB; 0.5 s; peak memory 1120 MiB)
2026-09-13T15:23:52Z INFO [285/356] cd3926fa-4bd7-4959-94b2-e0080b2ecb97: 32 groups (HDF5, 1.0 MB; 0.6 s; peak memory 1120 MiB)
2026-09-13T15:23:53Z INFO [286/356] ce32986c-fbb3-44ef-8617-96021513c7c2: 22 groups (HDF5, 84.1 MB; 0.6 s; peak memory 1120 MiB)
2026-09-13T15:23:54Z INFO [287/356] cf0ae4b5-7362-46e1-ac56-6a0e2d6206df: 33 groups (HDF5, 1.0 MB; 0.6 s; peak memory 1120 MiB)
2026-09-13T15:23:55Z INFO [288/356] cf686c03-5464-4798-89a0-e4463329481d: 72 groups (HDF5, 6.2 MB; 1.4 s; peak memory 1120 MiB)
2026-09-13T15:23:56Z INFO [289/356] d2bf81e4-f513-4468-b727-f4189e4c7496: 24 groups (HDF5, 1.7 MB; 0.7 s; peak memory 1120 MiB)
2026-09-13T15:23:56Z INFO [290/356] d2ef0c83-3fff-4cb0-95f2-ac02c48e3b8a: 32 groups (HDF5, 1.5 MB; 0.7 s; peak memory 1120 MiB)
2026-09-13T15:23:57Z INFO [291/356] d48e6576-8fbc-4a6a-986a-0fe38780dd29: 17 groups (HDF5, 21.3 MB; 0.8 s; peak memory 1120 MiB)
2026-09-13T15:24:00Z INFO [292/356] d48f5f79-841d-472d-926b-fc1a971f4c1a: 127 groups (HDF5, 19.5 MB; 2.6 s; peak memory 1120 MiB)
2026-09-13T15:24:03Z INFO [293/356] d4c99c9d-5108-4b21-a216-54b647b12944: 911 groups (HDF5, 13.6 MB; 3.6 s; peak memory 1120 MiB)
2026-09-13T15:24:04Z INFO [294/356] d56f16bf-1af3-4cc8-9919-f8efc4951674: 32 groups (HDF5, 1.1 MB; 0.7 s; peak memory 1120 MiB)
2026-09-13T15:24:05Z INFO [295/356] d5b30d70-905f-43a2-b8cb-2ada6ae5eb9b: 199 groups (HDF5, 179.3 MB; 1.1 s; peak memory 1120 MiB)
2026-09-13T15:24:06Z INFO [296/356] d6b521d4-a791-46f7-94e7-c578a6735f5b: 22 groups (HDF5, 84.1 MB; 0.5 s; peak memory 1120 MiB)
2026-09-13T15:24:06Z INFO [297/356] d773b6a4-341f-4ed4-8f6f-d2bc0c5526fe: 16 groups (HDF5, 0.2 MB; 0.3 s; peak memory 1120 MiB)
2026-09-13T15:24:06Z INFO [298/356] d7fa1201-bd43-451c-8af1-f0ac3209e858: 22 groups (HDF5, 84.1 MB; 0.5 s; peak memory 1120 MiB)
2026-09-13T15:24:07Z INFO [299/356] d81224c0-fff3-4352-9aec-d25140e134d1: 35 groups (HDF5, 1.1 MB; 0.7 s; peak memory 1120 MiB)
2026-09-13T15:24:08Z INFO [300/356] d8e798db-9be6-43c3-affb-7aa29c5635a8: 35 groups (HDF5, 1.8 MB; 0.9 s; peak memory 1120 MiB)
2026-09-13T15:24:13Z INFO [301/356] d9421e36-5109-4f71-8f75-21990186095f: 195 groups (HDF5, 52.1 MB; 5.0 s; peak memory 1120 MiB)
2026-09-13T15:24:14Z INFO [302/356] d9ce20cb-0d5e-4165-9608-002c8dbf5bc5: 196 groups (HDF5, 11.4 MB; 0.6 s; peak memory 1120 MiB)
2026-09-13T15:24:15Z INFO [303/356] dabe9da8-2fc1-431e-8b8f-2f257124b08d: 49 groups (HDF5, 195.9 MB; 1.7 s; peak memory 1120 MiB)
2026-09-13T15:25:21Z INFO [304/356] dbfe56b6-8ee3-4a62-8e32-00178b28a15a: 60 groups (HDF5, 21244.4 MB; 65.3 s; peak memory 1120 MiB)
2026-09-13T15:25:24Z INFO [305/356] dc26dcae-9c2d-4770-a1c4-d4c43347c637: 146 groups (HDF5, 21.0 MB; 3.2 s; peak memory 1120 MiB)
2026-09-13T15:25:25Z INFO [306/356] dc6e486b-c7e8-41d4-80d1-fac8c2ff513d: 35 groups (HDF5, 1.5 MB; 0.8 s; peak memory 1120 MiB)
2026-09-13T15:25:25Z INFO [307/356] dcf25a10-2827-4a62-912c-e49565232223: 32 groups (HDF5, 1.0 MB; 0.6 s; peak memory 1120 MiB)
2026-09-13T15:25:26Z INFO [308/356] dd60abae-81a8-4faa-af7f-76fc2837b383: 32 groups (HDF5, 658.3 MB; 1.0 s; peak memory 1120 MiB)
2026-09-13T15:25:27Z INFO [309/356] dd90317a-9782-4f9b-bee8-ccd99b8fc2ef: 32 groups (HDF5, 1.1 MB; 0.5 s; peak memory 1120 MiB)
2026-09-13T15:25:27Z INFO [310/356] ddef8545-a58e-4811-830b-e9bb4c629182: 201 groups (HDF5, 187.4 MB; 0.7 s; peak memory 1120 MiB)
2026-09-13T15:25:28Z INFO [311/356] de180eaf-3a83-4c52-acc9-86201f41d191: 22 groups (HDF5, 84.1 MB; 0.5 s; peak memory 1120 MiB)
2026-09-13T15:25:28Z INFO [312/356] e007c4db-f740-4501-9424-6f2ab8e7368c: 32 groups (HDF5, 1.0 MB; 0.5 s; peak memory 1120 MiB)
2026-09-13T15:25:29Z INFO [313/356] e083bfe5-6495-4bae-a222-f5fd979d24dd: 22 groups (HDF5, 84.1 MB; 0.4 s; peak memory 1120 MiB)
2026-09-13T15:25:34Z INFO [314/356] e2a010f1-6726-41fb-9a85-275903432559: 63 groups (HDF5, 18952.2 MB; 5.5 s; peak memory 1120 MiB)
2026-09-13T15:25:37Z INFO [315/356] e3314c69-dd8a-4c2d-97fc-3e9a78425bfd: 85 groups (HDF5, 685.3 MB; 3.0 s; peak memory 1120 MiB)
2026-09-13T15:25:38Z INFO [316/356] e38f71d8-f250-4939-ad0c-ec4b59a8ccc1: 32 groups (HDF5, 1.4 MB; 0.7 s; peak memory 1120 MiB)
2026-09-13T15:25:39Z INFO [317/356] e49982f4-dc55-40d5-a295-fbbaab02fe3d: 41 groups (HDF5, 6.8 MB; 0.5 s; peak memory 1120 MiB)
2026-09-13T15:25:48Z INFO [318/356] e6920a1f-5016-4bbd-80f7-33dec97aa7a0: 373 groups (HDF5, 85.9 MB; 9.3 s; peak memory 1120 MiB)
2026-09-13T15:25:49Z INFO [319/356] e78111ca-0e67-4326-be94-867d0de01c89: 47 groups (HDF5, 317.7 MB; 1.5 s; peak memory 1120 MiB)
2026-09-13T15:27:50Z INFO [320/356] e7f45239-6c3a-433a-ba10-933d320cabff: 72 groups (HDF5, 39450.0 MB; 120.0 s; peak memory 1120 MiB)
2026-09-13T15:27:50Z INFO [321/356] e85c8b7f-034d-45ec-9ead-adab1abfe52f: 32 groups (HDF5, 1.5 MB; 0.9 s; peak memory 1120 MiB)
2026-09-13T15:27:51Z INFO [322/356] e8fbdb2a-1e9e-45ff-915c-a1a98cc3b3b3: 32 groups (HDF5, 1.4 MB; 0.7 s; peak memory 1120 MiB)
2026-09-13T15:27:54Z INFO [323/356] e91e57f0-3be9-4300-ba1d-d57d5b5933d3: 47 groups (HDF5, 264.2 MB; 3.1 s; peak memory 1120 MiB)
2026-09-13T15:27:55Z INFO [324/356] e9861d55-6c5f-4673-ae24-719c376171a2: 22 groups (HDF5, 84.1 MB; 0.5 s; peak memory 1120 MiB)
2026-09-13T15:27:55Z INFO [325/356] e9f840e6-5978-44e6-9a87-80c4ddf9e6f1: 32 groups (HDF5, 1.4 MB; 0.6 s; peak memory 1120 MiB)
2026-09-13T15:27:56Z INFO [326/356] ead2417d-51d4-49c7-aa41-47a19bdf87c2: 35 groups (HDF5, 2.2 MB; 0.9 s; peak memory 1120 MiB)
2026-09-13T15:27:57Z INFO [327/356] ead9c8a1-415a-49d9-af75-8da08dbceb1a: 22 groups (HDF5, 84.1 MB; 0.5 s; peak memory 1120 MiB)
2026-09-13T15:27:57Z INFO [328/356] eb440120-d0e2-4627-b42e-7ff082acfb12: 253 groups (HDF5, 0.7 MB; 0.5 s; peak memory 1120 MiB)
2026-09-13T15:27:58Z INFO [329/356] ec349b06-ee5d-487e-8581-26cc619b961f: 22 groups (HDF5, 84.1 MB; 0.5 s; peak memory 1120 MiB)
2026-09-13T15:27:58Z INFO [330/356] ee412c57-f396-4156-9f6c-7a41cbef2f38: 25 groups (HDF5, 11.2 MB; 0.6 s; peak memory 1120 MiB)
2026-09-13T15:27:59Z INFO [331/356] f00d7a90-8267-47ef-9676-ed09d51d4406: 67 groups (HDF5, 1.1 MB; 0.6 s; peak memory 1120 MiB)
2026-09-13T15:28:00Z INFO [332/356] f102ea47-e6d3-44e6-aafd-9ac78a957155: 22 groups (HDF5, 84.1 MB; 0.6 s; peak memory 1120 MiB)
2026-09-13T15:28:00Z INFO [333/356] f11b871f-4890-4b20-85d8-50becd499aab: 22 groups (HDF5, 84.1 MB; 0.4 s; peak memory 1120 MiB)
2026-09-13T15:28:00Z INFO [334/356] f1c92001-b063-45a9-a0ed-1362b4f57039: 22 groups (HDF5, 84.1 MB; 0.4 s; peak memory 1120 MiB)
2026-09-13T15:28:01Z INFO [335/356] f35b9501-595b-447b-b508-f4b678d0c4f1: 99 groups (HDF5, 2.6 MB; 0.6 s; peak memory 1120 MiB)
2026-09-13T15:28:02Z INFO [336/356] f3d9ae1f-a992-4d5a-867a-873bfa1f3b55: 22 groups (HDF5, 84.1 MB; 0.5 s; peak memory 1120 MiB)
2026-09-13T15:28:02Z INFO [337/356] f471f1ed-f9b7-4a28-8e7b-5a6759b43c67: 33 groups (HDF5, 1228.6 MB; 0.7 s; peak memory 1120 MiB)
2026-09-13T15:28:03Z INFO [338/356] f55825db-c9c7-48f7-8704-478fc9c56e8d: 22 groups (HDF5, 84.1 MB; 0.4 s; peak memory 1120 MiB)
2026-09-13T15:28:05Z INFO [339/356] f5693c08-2aae-425b-8d4a-31b18eedb1e1: 62 groups (HDF5, 15.0 MB; 2.3 s; peak memory 1120 MiB)
2026-09-13T15:28:05Z INFO [340/356] f58810d4-92ef-4939-9192-39ef54bca79b: 22 groups (HDF5, 84.1 MB; 0.4 s; peak memory 1120 MiB)
2026-09-13T15:28:06Z INFO [341/356] f594e67c-3dcc-44a7-854e-b00d1aeb0933: 22 groups (HDF5, 84.1 MB; 0.4 s; peak memory 1120 MiB)
2026-09-13T15:28:06Z INFO [342/356] f5c93d62-28a1-4280-b90d-ed92ad2f0719: 30 groups (HDF5, 0.5 MB; 0.4 s; peak memory 1120 MiB)
2026-09-13T15:28:07Z INFO [343/356] f5e822be-2ddd-49c4-a3c6-1086488a0569: 255 groups (HDF5, 0.8 MB; 0.6 s; peak memory 1120 MiB)
2026-09-13T15:28:08Z INFO [344/356] f7849256-52ff-4488-b053-03bfcf9d0836: 48 groups (HDF5, 188.7 MB; 1.4 s; peak memory 1120 MiB)
2026-09-13T15:47:23Z INFO [345/356] f8973155-b06e-4735-aa7c-545dfa05d174: 61 groups (HDF5, 285108.3 MB; 1154.7 s; peak memory 1122 MiB)
2026-09-13T15:47:23Z INFO [346/356] f957ccec-6e7c-415e-b032-d4cb9f276d44: 17 groups (HDF5, 0.2 MB; 0.4 s; peak memory 1122 MiB)
2026-09-13T15:47:24Z INFO [347/356] f9a421b6-9ca9-4535-90d8-84a32a47659c: 32 groups (HDF5, 1.4 MB; 0.7 s; peak memory 1122 MiB)
2026-09-13T15:47:28Z INFO [348/356] fab987e3-a53d-415b-9faf-9b3bdb513443: 150 groups (HDF5, 45.8 MB; 4.5 s; peak memory 1122 MiB)
2026-09-13T15:47:29Z INFO [349/356] fac95300-fa57-4087-828f-ef96aa5969fd: 35 groups (HDF5, 1.5 MB; 0.6 s; peak memory 1122 MiB)
2026-09-13T15:47:30Z INFO [350/356] fad7a4d2-17c1-4beb-bda9-76d961d82d1c: 25 groups (HDF5, 11.1 MB; 0.6 s; peak memory 1122 MiB)
2026-09-13T15:47:30Z INFO [351/356] fbf57f73-a07b-482f-a241-58400f3d4850: 35 groups (HDF5, 1.6 MB; 0.8 s; peak memory 1122 MiB)
2026-09-13T15:47:41Z INFO [352/356] fcb30688-473b-4359-b5ec-eb05ac34a4c2: 23 groups (HDF5, 39154.7 MB; 10.7 s; peak memory 1122 MiB)
2026-09-13T16:08:14Z INFO [353/356] fd073a3f-0853-4de8-8785-f274d4ef39bc: 281 groups (HDF5, 558906.9 MB; 1232.8 s; peak memory 1122 MiB)
2026-09-13T16:08:17Z INFO [354/356] fddd7a7b-fc72-4c4b-9197-d0222ab11846: 47 groups (HDF5, 234.1 MB; 3.6 s; peak memory 1122 MiB)
2026-09-13T16:08:18Z INFO [355/356] feb254dc-354c-4a85-8fc2-643e94cd7c73: 18 groups (HDF5, 0.3 MB; 0.4 s; peak memory 1122 MiB)
2026-09-13T16:09:23Z INFO [356/356] ffd95223-f490-4fe5-9634-2c89fa328642: 89 groups (HDF5, 23751.9 MB; 65.4 s; peak memory 1122 MiB)
2026-09-13T16:09:23Z INFO Processed 356 content IDs in 61.3 min (peak memory 1122 MiB).
