2026-09-17T22:29:05Z INFO Logging to /tmp/logs/update_2026-09-17T22-29-05Z.log.
2026-09-17T22:29:05Z INFO Update valid-nwb-file-to-number-of-groups (base directory /tmp).
2026-09-17T22:29:05Z INFO Processing 366 items (48786 already recorded).
2026-09-17T22:29:06Z INFO [1/366] 03ec5a4f-3173-42f8-850c-15ed08aed12c: 35 groups; 1.3 s; peak memory 100 MiB.
2026-09-17T22:29:16Z INFO [2/366] 03ecbdfe-ab2e-49a1-8105-35c0e68b2375: 22 groups; 9.4 s; peak memory 112 MiB.
2026-09-17T22:29:47Z INFO [3/366] 03eea484-e3c5-4e78-a5da-da00dd567585: 2404 groups; 30.9 s; peak memory 269 MiB.
2026-09-17T22:29:47Z INFO [4/366] 03eea5a4-038d-4f00-ac1f-b6354a112958: 22 groups; 0.7 s; peak memory 269 MiB.
2026-09-17T22:29:49Z INFO [5/366] 03ef2886-16d4-4dad-a144-f842850112b7: 48 groups; 1.5 s; peak memory 269 MiB.
2026-09-17T22:29:50Z INFO [6/366] 03f0ba9a-9fba-4fbd-90e9-1fa2550d6e69: 32 groups; 0.8 s; peak memory 269 MiB.
2026-09-17T22:29:50Z INFO [7/366] 03f14658-7775-40db-91c7-631753f4a679: 33 groups; 0.6 s; peak memory 269 MiB.
2026-09-17T22:29:51Z INFO [8/366] 03f1c800-065e-49c5-ace1-c5c7c82e504d: 22 groups; 0.7 s; peak memory 269 MiB.
2026-09-17T22:30:17Z INFO [9/366] 03f1cdc0-68da-4bb2-bf8e-1e3c8775ced3: 1256 groups; 25.8 s; peak memory 269 MiB.
2026-09-17T22:30:22Z INFO [10/366] 03f2eca9-62ef-4346-a121-eed00bcea895: 123 groups; 5.2 s; peak memory 269 MiB.
2026-09-17T22:30:23Z INFO [11/366] 03f2f433-cf73-4234-9ab5-77fb454001c7: 31 groups; 0.6 s; peak memory 269 MiB.
2026-09-17T22:30:24Z INFO [12/366] 03f4ae5c-122a-49eb-8157-a17e7b3d53a0: 336 groups; 1.1 s; peak memory 269 MiB.
2026-09-17T22:30:25Z INFO [13/366] 03f58e87-27be-4323-9e18-ef5f2d6ce202: 35 groups; 0.9 s; peak memory 269 MiB.
2026-09-17T22:30:28Z INFO [14/366] 03f5a363-67cf-46d8-a613-1cd18948c791: 47 groups; 3.2 s; peak memory 269 MiB.
2026-09-17T22:30:29Z INFO [15/366] 03f5e816-978b-4392-8af8-b6e00418d508: 32 groups; 0.8 s; peak memory 270 MiB.
2026-09-17T22:30:29Z INFO [16/366] 03f67660-6b21-4123-bacf-d99035183cc7: 22 groups; 0.7 s; peak memory 270 MiB.
2026-09-17T22:30:36Z INFO [17/366] 03f6ad99-e66c-40de-8912-9a6393f281b7: 167 groups; 6.2 s; peak memory 270 MiB.
2026-09-17T22:30:44Z INFO [18/366] 03f75ed7-0bb7-4ba9-83b4-6cb8ce276b1c: 157 groups; 8.4 s; peak memory 270 MiB.
2026-09-17T22:30:50Z INFO [19/366] 03f849ed-271b-4c8e-86ff-557e856af8ec: 50 groups; 5.9 s; peak memory 272 MiB.
2026-09-17T22:30:51Z INFO [20/366] 03f87c79-0a7c-4d3d-b676-7ff81d9b5dcf: 48 groups; 1.3 s; peak memory 272 MiB.
2026-09-17T22:30:52Z INFO [21/366] 03f95264-aa26-4e01-93c6-8d8f4d6f46b3: 36 groups; 1.1 s; peak memory 272 MiB.
2026-09-17T22:30:53Z INFO [22/366] 03f990bb-c6a3-4a69-be61-90842db7d664: 32 groups; 0.7 s; peak memory 272 MiB.
2026-09-17T22:30:54Z INFO [23/366] 03f9b1bd-51c7-4eef-8e61-ab29a32f7ac1: 32 groups; 0.9 s; peak memory 272 MiB.
2026-09-17T22:30:57Z INFO [24/366] 03f9d437-7e12-4a54-8692-484facb224fe: 117 groups; 3.3 s; peak memory 272 MiB.
2026-09-17T22:30:59Z INFO [25/366] 03fa51fd-8756-4ac0-bf11-a50656ee1fd7: 17 groups; 1.3 s; peak memory 272 MiB.
2026-09-17T22:30:59Z INFO [26/366] 03fa5eb8-b22b-442c-9fa6-a02250575411: 16 groups; 0.6 s; peak memory 272 MiB.
2026-09-17T22:31:09Z INFO [27/366] 03fc3197-8d0c-4434-ab39-b6ce97caec27: 27 groups; 9.5 s; peak memory 272 MiB.
2026-09-17T22:31:09Z INFO [28/366] 03fc56b6-a2c4-40a3-a0f7-174a7b178021: 22 groups; 0.7 s; peak memory 272 MiB.
2026-09-17T22:31:11Z INFO [29/366] 03fc72cb-2d4b-492a-a242-7d8731033da5: 50 groups; 2.0 s; peak memory 272 MiB.
2026-09-17T22:31:12Z INFO [30/366] 03fc95ed-05fe-4d2f-bd35-d5a928f589df: 22 groups; 0.8 s; peak memory 272 MiB.
2026-09-17T22:31:13Z INFO [31/366] 03fd12c8-65b5-4c2c-997c-c937cf19111f: 67 groups; 0.8 s; peak memory 272 MiB.
2026-09-17T22:31:14Z INFO [32/366] 03fd2908-5bcd-499c-b989-47438e6a3038: 195 groups; 0.9 s; peak memory 272 MiB.
2026-09-17T22:31:15Z INFO [33/366] 03fddb3e-bc29-4856-ab54-fb2f045c9bcc: 336 groups; 1.1 s; peak memory 272 MiB.
2026-09-17T22:31:16Z INFO [34/366] 03fed4b3-69dc-4f32-a998-93892e039223: 194 groups; 0.9 s; peak memory 272 MiB.
2026-09-17T22:31:16Z INFO [35/366] 03ff90b1-a5b6-4bc4-9cfd-95e89251420f: 22 groups; 0.7 s; peak memory 272 MiB.
2026-09-17T22:31:21Z INFO [36/366] 03ff9b0f-f8b9-4d8a-ab7f-d8ee2c759051: 191 groups; 5.0 s; peak memory 272 MiB.
2026-09-17T22:31:22Z INFO [37/366] 03ffa39c-1dd5-40d4-9a8f-b3bb95396b9f: 35 groups; 1.0 s; peak memory 272 MiB.
2026-09-17T22:31:29Z INFO [38/366] 03ffe728-fd20-4af8-b9fe-14d03bbf47b9: 1923 groups; 7.0 s; peak memory 272 MiB.
2026-09-17T22:31:30Z INFO [39/366] 0400868d-ad7a-4bdc-896e-52a792d9236b: 32 groups; 0.8 s; peak memory 272 MiB.
2026-09-17T22:31:31Z INFO [40/366] 0400bb6f-2f58-4b44-a88f-5ba75871c03d: 29 groups; 0.8 s; peak memory 272 MiB.
2026-09-17T22:31:33Z INFO [41/366] 0401551e-3186-4d49-94f1-f7edd1ddffed: 48 groups; 1.9 s; peak memory 272 MiB.
2026-09-17T22:31:34Z INFO [42/366] 04015b57-968f-4797-b8cc-8e8dbc4d31cb: 207 groups; 1.4 s; peak memory 272 MiB.
2026-09-17T22:31:35Z INFO [43/366] 04015ef7-f418-439f-9f9b-344487ba73df: 22 groups; 0.7 s; peak memory 272 MiB.
2026-09-17T22:31:41Z INFO [44/366] 040340f1-06fe-4707-af52-bb8a654fcb68: 112 groups; 5.9 s; peak memory 272 MiB.
2026-09-17T22:31:46Z INFO [45/366] 04038432-88af-47b8-86a1-395da9e704ff: 123 groups; 5.2 s; peak memory 272 MiB.
2026-09-17T22:31:47Z INFO [46/366] 04055079-d8e1-478c-ae84-c5927372c642: 24 groups; 0.6 s; peak memory 272 MiB.
2026-09-17T22:31:47Z INFO [47/366] 04055f26-680f-4aa2-ac42-ae19538fa6b4: 22 groups; 0.7 s; peak memory 272 MiB.
2026-09-17T22:31:52Z INFO [48/366] 0406089f-5198-4a86-b454-ac44d62a64aa: 26 groups; 4.8 s; peak memory 272 MiB.
2026-09-17T22:31:53Z INFO [49/366] 0406321c-56c1-4ea8-b4cd-cfafa41afda8: 22 groups; 0.8 s; peak memory 272 MiB.
2026-09-17T22:31:54Z INFO [50/366] 0406474c-4b94-4954-bbc2-a38d1e5d4546: 30 groups; 0.7 s; peak memory 272 MiB.
2026-09-17T22:31:54Z INFO [50/366] 0406474c-4b94-4954-bbc2-a38d1e5d4546: checkpointed 48836 records.
2026-09-17T22:31:55Z INFO [51/366] 0406e618-f3ef-4f9a-9a2c-355259429d5e: 32 groups; 0.9 s; peak memory 272 MiB.
2026-09-17T22:32:13Z INFO [52/366] 04088a39-9b8c-4a1c-9f4f-609ed30558a5: 23 groups; 17.9 s; peak memory 272 MiB.
2026-09-17T22:32:13Z INFO [53/366] 04091514-a070-45b5-9f6c-5b9285b06abc: 22 groups; 0.8 s; peak memory 272 MiB.
2026-09-17T22:32:15Z INFO [54/366] 0409f816-1b0a-4cf2-835c-8fdf379b07e0: 50 groups; 1.7 s; peak memory 272 MiB.
2026-09-17T22:32:16Z INFO [55/366] 040a16d3-04c1-4896-a86c-fc11027001bb: 35 groups; 0.8 s; peak memory 272 MiB.
2026-09-17T22:32:16Z INFO [56/366] 040af6b3-261c-4a9a-af2d-09623042e8a3: 29 groups; 0.5 s; peak memory 272 MiB.
2026-09-17T22:32:19Z INFO [57/366] 040b175a-4749-4170-ada0-0acd72898c83: 116 groups; 2.6 s; peak memory 272 MiB.
2026-09-17T22:32:20Z INFO [58/366] 040c6f22-076e-43a2-92a7-33b665ded9aa: 22 groups; 0.7 s; peak memory 272 MiB.
2026-09-17T22:32:21Z INFO [59/366] 040c81b9-7280-4477-89b9-341f7bfcf136: 29 groups; 0.8 s; peak memory 272 MiB.
2026-09-17T22:32:21Z INFO [60/366] 040d11bc-7488-485c-97ab-450270cb7038: 32 groups; 0.8 s; peak memory 272 MiB.
2026-09-17T22:32:23Z INFO [61/366] 040e2150-3b3d-4ba6-ad77-3844054e6e04: 50 groups; 1.9 s; peak memory 272 MiB.
2026-09-17T22:32:24Z INFO [62/366] 040e7538-83e9-4ed1-8ff8-02e6197acdef: 48 groups; 1.0 s; peak memory 272 MiB.
2026-09-17T22:32:26Z INFO [63/366] 040ea6d2-8173-4163-88b7-d20d8cbcc84b: 573 groups; 1.3 s; peak memory 272 MiB.
2026-09-17T22:32:26Z INFO [64/366] 040f1b34-6a6f-4977-aea8-2bc8cd15672a: 22 groups; 0.6 s; peak memory 272 MiB.
2026-09-17T22:32:27Z INFO [65/366] 040fa6db-790b-4173-8e4b-a1f6263faae8: 21 groups; 0.8 s; peak memory 272 MiB.
2026-09-17T22:32:28Z INFO [66/366] 040fe4a2-b68d-45f1-8917-7e268e4c1bb5: 35 groups; 0.9 s; peak memory 272 MiB.
2026-09-17T22:32:29Z INFO [67/366] 04101508-fc42-4b17-b649-57d526c63970: 33 groups; 1.0 s; peak memory 272 MiB.
2026-09-17T22:32:30Z INFO [68/366] 04105ca6-adac-4d66-931a-71110f282c40: 41 groups; 0.9 s; peak memory 272 MiB.
2026-09-17T22:32:30Z INFO [69/366] 0410f1c4-cc37-4061-825b-74d81cea2d47: 22 groups; 0.6 s; peak memory 272 MiB.
2026-09-17T22:32:31Z INFO [70/366] 0410f467-a5e0-400c-a3bb-0243940981ed: 42 groups; 1.0 s; peak memory 272 MiB.
2026-09-17T22:32:32Z INFO [71/366] 04118057-9583-45ed-aacf-e18ce7d12c24: 32 groups; 0.8 s; peak memory 272 MiB.
2026-09-17T22:32:33Z INFO [72/366] 0411ca6e-46a7-437e-ae88-7396d02346a3: 196 groups; 0.9 s; peak memory 272 MiB.
2026-09-17T22:32:34Z INFO [73/366] 04126e16-fcc7-4aaa-b1ac-41a7c403e0de: 202 groups; 0.8 s; peak memory 272 MiB.
2026-09-17T22:32:35Z INFO [74/366] 0412fcd6-db78-4fe7-969a-d68057efc857: 16 groups; 0.6 s; peak memory 272 MiB.
2026-09-17T22:32:36Z INFO [75/366] 04131a37-e764-4c41-9096-919025498ac0: 194 groups; 1.0 s; peak memory 272 MiB.
2026-09-17T22:32:36Z INFO [76/366] 04134c04-d8df-4199-8aa4-1efc80e2c762: 34 groups; 0.9 s; peak memory 272 MiB.
2026-09-17T22:32:37Z INFO [77/366] 04138758-e2cf-4d34-9748-57274c4cd6fd: 22 groups; 0.8 s; peak memory 272 MiB.
2026-09-17T22:32:38Z INFO [78/366] 04148fb8-3f59-4d72-8b87-c396e73d22a2: 32 groups; 0.8 s; peak memory 272 MiB.
2026-09-17T22:32:38Z INFO [79/366] 04160d0d-bcec-4d5f-babc-a933b221a5d9: 18 groups; 0.4 s; peak memory 272 MiB.
2026-09-17T22:36:03Z INFO [80/366] 0416ebae-6f76-4c22-9f27-aa279d7bc605: 81 groups; 204.6 s; peak memory 538 MiB.
2026-09-17T22:36:04Z INFO [81/366] 041719c6-30aa-4ab9-b102-29cf91da8aac: 341 groups; 1.4 s; peak memory 538 MiB.
2026-09-17T22:36:05Z INFO [82/366] 04174954-1625-45d1-b010-2ec8458789cf: 16 groups; 0.5 s; peak memory 538 MiB.
2026-09-17T22:36:06Z INFO [83/366] 04188e1e-e7ed-4560-ba73-1db275be94f0: 32 groups; 0.8 s; peak memory 538 MiB.
2026-09-17T22:36:07Z INFO [84/366] 04195ac4-e252-40b5-854f-a21dbb377e5b: 32 groups; 0.9 s; peak memory 538 MiB.
2026-09-17T22:36:07Z INFO [85/366] 04195f39-6218-47b7-a65c-73551994e009: 32 groups; 0.8 s; peak memory 538 MiB.
2026-09-17T22:36:08Z INFO [86/366] 04199cfc-fa8e-49ef-990b-261ebcda6483: 24 groups; 0.8 s; peak memory 538 MiB.
2026-09-17T22:36:14Z INFO [87/366] 041adc77-3c69-4946-93be-2fbcba178470: 50 groups; 5.4 s; peak memory 538 MiB.
2026-09-17T22:36:15Z INFO [88/366] 041aeb76-9e78-4dbe-9b3d-266f8c49b617: 48 groups; 1.7 s; peak memory 538 MiB.
2026-09-17T22:36:16Z INFO [89/366] 041bc39d-b099-449d-84aa-e6c95cc13e88: 31 groups; 0.5 s; peak memory 538 MiB.
2026-09-17T22:36:25Z INFO [90/366] 041ca28c-8e8d-4260-8132-c921d2517200: 1198 groups; 9.1 s; peak memory 538 MiB.
2026-09-17T22:36:26Z INFO [91/366] 041d4469-901d-4870-8ecd-1f5e716ad8a7: 28 groups; 0.6 s; peak memory 538 MiB.
2026-09-17T22:36:27Z INFO [92/366] 041e17b9-2d33-48d5-bdc0-be285616be2c: 194 groups; 1.7 s; peak memory 538 MiB.
2026-09-17T22:36:28Z INFO [93/366] 041e1bb1-c760-4486-8f27-810ba4348264: 32 groups; 0.9 s; peak memory 538 MiB.
2026-09-17T22:36:30Z INFO [94/366] 042061ff-5173-4a8a-9821-fac7da00f1cf: 17 groups; 1.3 s; peak memory 538 MiB.
2026-09-17T22:36:31Z INFO [95/366] 04209800-b421-4d86-8b55-b28dc7a8c625: 35 groups; 1.0 s; peak memory 538 MiB.
2026-09-17T22:36:35Z INFO [96/366] 0421fef9-c661-4e8f-96c2-ddc3c2176b75: 205 groups; 4.8 s; peak memory 538 MiB.
2026-09-17T22:36:36Z INFO [97/366] 0422a7d7-58b8-4112-9d6b-fee0b754ad77: 22 groups; 0.6 s; peak memory 538 MiB.
2026-09-17T22:36:37Z INFO [98/366] 0422cb7a-e2b6-4b8e-a82e-fb0651b405b3: 32 groups; 0.7 s; peak memory 538 MiB.
2026-09-17T22:36:38Z INFO [99/366] 0422fd28-6a71-41c8-9639-ea421947c2fb: 35 groups; 1.1 s; peak memory 538 MiB.
2026-09-17T22:36:40Z INFO [100/366] 0423aa12-3088-48bb-9989-a8c937a810de: 50 groups; 2.3 s; peak memory 538 MiB.
2026-09-17T22:36:40Z INFO [100/366] 0423aa12-3088-48bb-9989-a8c937a810de: checkpointed 48886 records.
2026-09-17T22:36:41Z INFO [101/366] 04250308-f180-4364-ad68-1b11eca03839: 22 groups; 0.6 s; peak memory 538 MiB.
2026-09-17T22:38:15Z INFO [102/366] 0425f056-a1a1-478a-bde5-d834f91314e4: 60 groups; 94.1 s; peak memory 538 MiB.
2026-09-17T22:38:16Z INFO [103/366] 04265dcb-29a9-4fa1-9e36-4e9a287b8485: 32 groups; 0.8 s; peak memory 538 MiB.
2026-09-17T22:38:20Z INFO [104/366] 0427235e-4d6c-47a8-afef-9d0d346c98ce: 181 groups; 4.5 s; peak memory 538 MiB.
2026-09-17T22:38:21Z INFO [105/366] 04275c42-fe20-4386-890b-83dbff83c7c2: 199 groups; 0.9 s; peak memory 538 MiB.
2026-09-17T22:38:22Z INFO [106/366] 04276e26-d319-4617-9903-cca2b9905139: 32 groups; 0.7 s; peak memory 538 MiB.
2026-09-17T22:38:22Z INFO [107/366] 04278874-422c-483d-9392-127c2ee496c3: 16 groups; 0.6 s; peak memory 538 MiB.
2026-09-17T22:38:23Z INFO [108/366] 0427ed6c-87d7-42e8-afc4-12820cdc8e8a: 253 groups; 0.8 s; peak memory 538 MiB.
2026-09-17T22:38:23Z INFO [109/366] 0429aeea-003b-40a8-8a2f-2f603c435b10: 16 groups; 0.4 s; peak memory 538 MiB.
2026-09-17T22:38:24Z INFO [110/366] 0429ebfc-e30f-4613-b1e1-6416f70af8d5: 22 groups; 0.7 s; peak memory 538 MiB.
2026-09-17T22:38:32Z INFO [111/366] 042b3f37-703e-46d2-9a71-2d488bcea629: 55 groups; 7.7 s; peak memory 538 MiB.
2026-09-17T22:38:35Z INFO [112/366] 042b853f-71b8-4449-b6c6-79c770b47370: 129 groups; 3.4 s; peak memory 538 MiB.
2026-09-17T22:38:39Z INFO [113/366] 042c4ad3-85ef-478b-b5db-cdc9205a7a8e: 78 groups; 3.2 s; peak memory 538 MiB.
2026-09-17T22:38:39Z INFO [114/366] 042d1710-2868-4b54-bfc8-7defcb15bce1: 22 groups; 0.7 s; peak memory 538 MiB.
2026-09-17T22:38:40Z INFO [115/366] 042d8f6a-8f31-488d-810d-a3c806692156: 201 groups; 0.9 s; peak memory 538 MiB.
2026-09-17T22:38:41Z INFO [116/366] 042e301a-df8a-42a9-ae01-01c45297489c: 22 groups; 0.8 s; peak memory 538 MiB.
2026-09-17T22:38:42Z INFO [117/366] 042f0490-5aba-4fca-b8ea-2041b4038486: 33 groups; 1.0 s; peak memory 538 MiB.
2026-09-17T22:40:42Z INFO [118/366] 04311581-bb01-486b-8bfa-771be095b10d: 53 groups; 119.9 s; peak memory 538 MiB.
2026-09-17T22:40:42Z INFO [119/366] 04314204-d243-403d-85c6-723e61111b34: 25 groups; 0.7 s; peak memory 538 MiB.
2026-09-17T22:40:43Z INFO [120/366] 04316c7f-1810-44fc-a2b6-8804d2626ac7: 22 groups; 0.7 s; peak memory 538 MiB.
2026-09-17T22:40:44Z INFO [121/366] 0431a7c8-2cec-484d-b1f9-774705628302: 22 groups; 0.8 s; peak memory 538 MiB.
2026-09-17T22:40:45Z INFO [122/366] 04321f1e-24ac-4a84-b055-35ce5b382333: 33 groups; 0.8 s; peak memory 538 MiB.
2026-09-17T22:40:45Z INFO [123/366] 0432b00c-aa85-46e9-b6db-53f99df85a4d: 22 groups; 0.8 s; peak memory 538 MiB.
2026-09-17T22:40:46Z INFO [124/366] 0432c751-9448-43fd-bf53-3bc8433a9f61: 29 groups; 0.8 s; peak memory 538 MiB.
2026-09-17T22:40:47Z INFO [125/366] 0432d1bf-ed16-4565-b03a-47260eaf55f4: 22 groups; 0.7 s; peak memory 538 MiB.
2026-09-17T22:40:48Z INFO [126/366] 04337b68-1ca4-40cd-b077-934c4c462a21: 30 groups; 0.9 s; peak memory 538 MiB.
2026-09-17T22:40:52Z INFO [127/366] 0433f308-5919-481b-bba8-09a1d37f30c9: 139 groups; 4.6 s; peak memory 538 MiB.
2026-09-17T22:40:53Z INFO [128/366] 04348d8f-5573-4e24-82f0-4fee12a1e7a4: 22 groups; 0.7 s; peak memory 538 MiB.
2026-09-17T22:40:54Z INFO [129/366] 04350c91-e494-4936-9aa4-6613f1904a62: 22 groups; 0.6 s; peak memory 538 MiB.
2026-09-17T22:40:55Z INFO [130/366] 043590a5-df92-4eeb-8cc2-9cc9ac85811f: 32 groups; 0.8 s; peak memory 538 MiB.
2026-09-17T22:40:56Z INFO [131/366] 0435fd93-fed4-4359-80fb-37fce18b7954: 35 groups; 1.0 s; peak memory 538 MiB.
2026-09-17T22:40:58Z INFO [132/366] 04366e29-7a6f-444e-b730-9e503a86b0f0: 78 groups; 2.8 s; peak memory 538 MiB.
2026-09-17T22:41:00Z INFO [133/366] 0437189b-192f-4237-afaf-3a1cfbe117d8: 35 groups; 1.1 s; peak memory 538 MiB.
2026-09-17T22:41:00Z INFO [134/366] 04377cb5-db9e-42f2-a313-b2732d7e5974: 32 groups; 0.7 s; peak memory 538 MiB.
2026-09-17T22:41:01Z INFO [135/366] 043968a8-73ee-481d-90d9-f17fe4498a6f: 35 groups; 1.0 s; peak memory 538 MiB.
2026-09-17T22:41:02Z INFO [136/366] 043a4f0e-713e-4eec-a40c-d187d83995de: 33 groups; 0.9 s; peak memory 538 MiB.
2026-09-17T22:41:03Z INFO [137/366] 043b70a5-efa9-4e4a-9391-6a20a7b99ddf: 32 groups; 0.8 s; peak memory 538 MiB.
2026-09-17T22:41:04Z INFO [138/366] 043c6d04-da9f-4323-b4d6-dce8b4a7f831: 30 groups; 1.1 s; peak memory 538 MiB.
2026-09-17T22:41:04Z INFO [139/366] 043c78fe-484d-4535-9ee3-c887e37e3c3d: 30 groups; 0.5 s; peak memory 538 MiB.
2026-09-17T22:41:05Z INFO [140/366] 043d843c-f384-4d6b-82ea-be3f15c24b4d: 25 groups; 0.7 s; peak memory 538 MiB.
2026-09-17T22:41:06Z INFO [141/366] 043d8d06-6c81-405a-abd8-635d5c8df643: 16 groups; 0.6 s; peak memory 538 MiB.
2026-09-17T22:41:08Z INFO [142/366] 043e0f43-1849-4e1f-937e-321736b7bc05: 54 groups; 2.0 s; peak memory 538 MiB.
2026-09-17T22:41:09Z INFO [143/366] 043eeced-2796-4445-97e1-64c32e7611be: 50 groups; 1.8 s; peak memory 538 MiB.
2026-09-17T22:41:13Z INFO [144/366] 043f7b57-10ba-4894-9d74-3db51dd68bcb: 112 groups; 3.3 s; peak memory 538 MiB.
2026-09-17T22:41:15Z INFO [145/366] 043f7c9b-917e-498d-b851-421e178a258e: 17 groups; 2.7 s; peak memory 538 MiB.
2026-09-17T22:41:16Z INFO [146/366] 044004c6-7763-4dd2-ba98-e09509c035b7: 32 groups; 0.7 s; peak memory 538 MiB.
2026-09-17T22:41:17Z INFO [147/366] 0440660f-4538-427a-b391-e74617a57890: 36 groups; 0.9 s; peak memory 538 MiB.
2026-09-17T22:41:18Z INFO [148/366] 0440c9c0-9e20-424b-bca2-460aa41e2318: 33 groups; 0.6 s; peak memory 538 MiB.
2026-09-17T22:41:22Z INFO [149/366] 044137a4-1c92-434c-b59c-95015df7c847: 214 groups; 4.2 s; peak memory 538 MiB.
2026-09-17T22:41:23Z INFO [150/366] 04415616-1920-40bf-866d-bcf973505e48: 33 groups; 0.9 s; peak memory 538 MiB.
2026-09-17T22:41:23Z INFO [150/366] 04415616-1920-40bf-866d-bcf973505e48: checkpointed 48936 records.
2026-09-17T22:41:39Z INFO [151/366] 044220d9-a6ca-4615-9762-5fe2f4d66c59: 23 groups; 16.1 s; peak memory 538 MiB.
2026-09-17T22:41:42Z INFO [152/366] 044299ee-6811-4bcf-86ff-85190115ffad: 126 groups; 2.8 s; peak memory 538 MiB.
2026-09-17T22:41:42Z INFO [153/366] 0442bce5-6d21-4f25-ba4f-8733f6499773: 24 groups; 0.5 s; peak memory 538 MiB.
2026-09-17T22:41:43Z INFO [154/366] 04438721-1cfb-421a-a09b-2636795a1958: 22 groups; 0.6 s; peak memory 538 MiB.
2026-09-17T22:41:44Z INFO [155/366] 044510f3-bad8-4109-814c-d5163a9543bd: 22 groups; 0.7 s; peak memory 538 MiB.
2026-09-17T22:41:45Z INFO [156/366] 04451465-318c-41c5-aa1d-754380546145: 202 groups; 1.0 s; peak memory 538 MiB.
2026-09-17T22:43:11Z INFO [157/366] 04452f80-d8f8-417d-81c3-cbc363fd1c9f: 60 groups; 86.7 s; peak memory 538 MiB.
2026-09-17T22:43:12Z INFO [158/366] 044540e1-2d8b-4010-8b23-cb4afc078b90: 17 groups; 1.0 s; peak memory 538 MiB.
2026-09-17T22:43:13Z INFO [159/366] 04456bbc-1c7a-4b0d-b3d8-b56a8c5e4048: 22 groups; 0.6 s; peak memory 538 MiB.
2026-09-17T22:43:14Z INFO [160/366] 0445f0de-a173-4744-ab28-55fc01a5fd21: 22 groups; 0.6 s; peak memory 538 MiB.
2026-09-17T22:43:15Z INFO [161/366] 0445fe35-d8ff-4acc-a86c-12d39713e791: 207 groups; 1.1 s; peak memory 538 MiB.
2026-09-17T22:43:15Z INFO [162/366] 04462012-4452-4ff8-85db-cbef81f57f72: 32 groups; 0.7 s; peak memory 538 MiB.
2026-09-17T22:43:18Z INFO [163/366] 0446ca14-c873-4f84-b250-1b96eccce201: 50 groups; 2.2 s; peak memory 538 MiB.
2026-09-17T22:43:19Z INFO [164/366] 04486d67-c753-4c24-b04f-4e93d0d96716: 48 groups; 1.7 s; peak memory 538 MiB.
2026-09-17T22:44:54Z INFO [165/366] 0448c1f8-4d0e-48b0-895a-589a1820e451: 65 groups; 94.3 s; peak memory 538 MiB.
2026-09-17T22:44:54Z INFO [166/366] 044998ad-f789-4343-a891-8528292b6cd9: 22 groups; 0.7 s; peak memory 538 MiB.
2026-09-17T22:44:56Z INFO [167/366] 0449c5af-8a77-4a38-8065-d548f95b4dff: 71 groups; 1.7 s; peak memory 538 MiB.
2026-09-17T22:44:57Z INFO [168/366] 044a9715-d1ed-4a40-ac46-f8637f4e66cd: 16 groups; 0.6 s; peak memory 538 MiB.
2026-09-17T22:44:59Z INFO [169/366] 044adc93-86cc-49d5-8495-d2e5f10ed312: 50 groups; 1.8 s; peak memory 538 MiB.
2026-09-17T22:44:59Z INFO [170/366] 044af24c-d2fc-44f3-9fda-0dc7e4a73a28: 32 groups; 0.9 s; peak memory 538 MiB.
2026-09-17T22:45:00Z INFO [171/366] 044b01c9-21e1-409f-bcfd-351b874af897: 28 groups; 0.6 s; peak memory 538 MiB.
2026-09-17T22:45:04Z INFO [172/366] 044bdfb4-6a1b-415b-aa2d-23ad36f84196: 161 groups; 4.4 s; peak memory 538 MiB.
2026-09-17T22:45:05Z INFO [173/366] 044be01e-5811-4b76-a732-d9bed920be29: 195 groups; 1.0 s; peak memory 538 MiB.
2026-09-17T22:45:06Z INFO [174/366] 044c5801-e9ad-4b7a-b0a5-f69947f82342: 22 groups; 0.7 s; peak memory 538 MiB.
2026-09-17T22:45:07Z INFO [175/366] 044c5964-f5a1-4d71-a804-90db99c7f80e: 22 groups; 0.8 s; peak memory 538 MiB.
2026-09-17T22:45:08Z INFO [176/366] 044c9464-a2ba-41ed-81d9-53c1d907f464: 22 groups; 0.6 s; peak memory 538 MiB.
2026-09-17T22:45:09Z INFO [177/366] 044dee1f-49af-4ed2-8645-0b9b81fab16f: 24 groups; 1.5 s; peak memory 538 MiB.
2026-09-17T22:45:10Z INFO [178/366] 044e399f-0e2d-4686-96eb-6801127ac698: 22 groups; 0.7 s; peak memory 538 MiB.
2026-09-17T22:45:11Z INFO [179/366] 044ea904-fb86-4d13-9442-b36c81d8d68a: 35 groups; 0.9 s; peak memory 538 MiB.
2026-09-17T22:45:11Z INFO [180/366] 044ee5ae-23f4-42db-8361-91c659b67225: 16 groups; 0.5 s; peak memory 538 MiB.
2026-09-17T22:45:12Z INFO [181/366] 044f461b-dba5-46ff-99da-90c42ba6b9df: 29 groups; 0.8 s; peak memory 538 MiB.
2026-09-17T22:45:13Z INFO [182/366] 045036c2-5ca8-42f1-9305-89f0ce0aa161: 29 groups; 0.8 s; peak memory 538 MiB.
2026-09-17T22:45:14Z INFO [183/366] 045070eb-6584-4172-8dc5-04c5c4030ddb: 33 groups; 0.9 s; peak memory 538 MiB.
2026-09-17T22:45:16Z INFO [184/366] 0451d174-1073-4919-aa8e-eb03f58cd830: 37 groups; 1.9 s; peak memory 538 MiB.
2026-09-17T22:45:16Z INFO [185/366] 045273e0-9348-4a4c-954d-b8f911d2154d: 22 groups; 0.7 s; peak memory 538 MiB.
2026-09-17T22:45:20Z INFO [186/366] 04538c7d-4703-4d88-acd3-64f564a1fa32: 46 groups; 3.6 s; peak memory 538 MiB.
2026-09-17T22:45:21Z INFO [187/366] 04539d86-adad-4089-bed1-799adee448fd: 22 groups; 0.6 s; peak memory 538 MiB.
2026-09-17T22:45:21Z INFO [188/366] 0453a3f8-4962-46c7-b269-0da1c5fa78ae: 26 groups; 0.8 s; peak memory 538 MiB.
2026-09-17T22:45:25Z INFO [189/366] 0453de80-88f3-40fd-b511-657504b9028e: 53 groups; 3.7 s; peak memory 538 MiB.
2026-09-17T22:45:26Z INFO [190/366] 0453e8d5-db6f-48dd-82a7-cbaefb003139: 341 groups; 1.1 s; peak memory 538 MiB.
2026-09-17T22:45:27Z INFO [191/366] 0454022f-74e4-47d1-8726-f1b520e65975: 35 groups; 1.1 s; peak memory 538 MiB.
2026-09-17T22:45:35Z INFO [192/366] 04544e36-8deb-413d-a1ee-8d53e2fa71d9: 88 groups; 7.9 s; peak memory 538 MiB.
2026-09-17T22:45:36Z INFO [193/366] 04546b4c-fd88-4162-bbdb-0f3cecf8756a: 261 groups; 1.2 s; peak memory 538 MiB.
2026-09-17T22:45:37Z INFO [194/366] 04546fcc-f60b-432a-a5f2-8363156b32b3: 33 groups; 0.9 s; peak memory 538 MiB.
2026-09-17T22:45:38Z INFO [195/366] 04548959-c6f7-480a-9889-a3670066ddc9: 16 groups; 0.6 s; peak memory 538 MiB.
2026-09-17T22:45:39Z INFO [196/366] 0454f8b3-f3c3-4aaa-a01d-b689e3d79b60: 32 groups; 0.7 s; peak memory 538 MiB.
2026-09-17T22:45:40Z INFO [197/366] 0454fc7a-b94e-4ead-9ba4-b92e8b6cdcb8: 49 groups; 1.1 s; peak memory 538 MiB.
2026-09-17T22:45:45Z INFO [198/366] 045510a4-a9cb-4fd4-8e5f-afa6c2378aee: 3891 groups; 5.1 s; peak memory 538 MiB.
2026-09-17T22:48:44Z INFO [199/366] 0456a101-8658-47e2-980e-abb8dde28237: 81 groups; 178.8 s; peak memory 538 MiB.
2026-09-17T22:48:45Z INFO [200/366] 045760d6-7df8-40d6-b08b-b7379db6ac0d: 336 groups; 1.2 s; peak memory 538 MiB.
2026-09-17T22:48:45Z INFO [200/366] 045760d6-7df8-40d6-b08b-b7379db6ac0d: checkpointed 48986 records.
2026-09-17T22:48:47Z INFO [201/366] 04578544-fb69-48f4-8ee4-ee1b98f37f08: 50 groups; 2.1 s; peak memory 538 MiB.
2026-09-17T22:48:48Z INFO [202/366] 0457d245-a749-4a3b-a41f-c25df24775fa: 22 groups; 0.7 s; peak memory 538 MiB.
2026-09-17T22:48:49Z INFO [203/366] 04584cb1-59a8-480f-a551-143a1ac10af8: 32 groups; 0.8 s; peak memory 538 MiB.
2026-09-17T22:48:49Z INFO [204/366] 0459e0ad-73a1-40f7-9465-ce37c58bc7e8: 32 groups; 0.8 s; peak memory 538 MiB.
2026-09-17T22:48:50Z INFO [205/366] 045bbddc-507a-4be6-8117-82c9dcd8a62b: 22 groups; 0.7 s; peak memory 538 MiB.
2026-09-17T22:48:51Z INFO [206/366] 045c2f27-7558-494a-83f5-3f084bd16025: 256 groups; 0.8 s; peak memory 538 MiB.
2026-09-17T22:48:52Z INFO [207/366] 045c68eb-cca6-4aa1-8210-cb676e15782d: 33 groups; 1.2 s; peak memory 538 MiB.
2026-09-17T22:48:54Z INFO [208/366] 045d0d8b-93cb-4eba-9d36-9c2caef1f0e8: 17 groups; 1.5 s; peak memory 538 MiB.
2026-09-17T22:48:54Z INFO [209/366] 045d2ae2-cb0d-4604-a772-7e8bacdc1bca: 16 groups; 0.5 s; peak memory 538 MiB.
2026-09-17T22:48:57Z INFO [210/366] 045e0a55-68ef-4bb1-afc6-c720a68ac983: 181 groups; 3.1 s; peak memory 538 MiB.
2026-09-17T22:48:58Z INFO [211/366] 045f9f90-3dc9-4c99-905c-cf82e92896c2: 33 groups; 0.9 s; peak memory 538 MiB.
2026-09-17T22:48:59Z INFO [212/366] 045fa11d-48f8-4a12-ad11-1f9c415fe7d7: 256 groups; 0.9 s; peak memory 538 MiB.
2026-09-17T22:49:00Z INFO [213/366] 045ffeb5-80fd-4f43-9714-741a69d34cc2: 22 groups; 0.7 s; peak memory 538 MiB.
2026-09-17T22:49:00Z INFO [214/366] 0460e02f-70c6-4312-86e5-9338ae3d1bcb: 28 groups; 0.6 s; peak memory 538 MiB.
2026-09-17T22:49:01Z INFO [215/366] 0460e8c0-1ccb-4cd0-93cc-c4d299806bf1: 35 groups; 0.9 s; peak memory 538 MiB.
2026-09-17T22:49:02Z INFO [216/366] 046100f3-e878-42bb-a955-c6e699d03cf9: 22 groups; 0.8 s; peak memory 538 MiB.
2026-09-17T22:49:03Z INFO [217/366] 04610cfe-94d6-40a9-a56e-04782ac4634b: 27 groups; 0.7 s; peak memory 538 MiB.
2026-09-17T22:49:04Z INFO [218/366] 04618379-1bf7-422c-8eae-5cd560f24a52: 48 groups; 1.5 s; peak memory 538 MiB.
2026-09-17T22:49:05Z INFO [219/366] 04618a7f-dbf1-46fa-96a6-faf11c70d0b9: 22 groups; 0.6 s; peak memory 538 MiB.
2026-09-17T22:49:06Z INFO [220/366] 0461a534-e415-4c32-beaa-17e13ab510a1: 32 groups; 0.6 s; peak memory 538 MiB.
2026-09-17T22:49:06Z INFO [221/366] 04622496-14e2-4400-84c6-6ec4bfeb96be: 22 groups; 0.7 s; peak memory 538 MiB.
2026-09-17T22:49:07Z INFO [222/366] 0462c776-30e5-41aa-b97c-a41f8a28d119: 26 groups; 0.6 s; peak memory 538 MiB.
2026-09-17T22:49:08Z INFO [223/366] 04638805-7c76-4836-b668-09e701e0d16c: 30 groups; 0.9 s; peak memory 538 MiB.
2026-09-17T22:49:11Z INFO [224/366] 0463cf8b-53e3-4e05-b38a-6aede1ea38e8: 88 groups; 3.7 s; peak memory 538 MiB.
2026-09-17T22:49:12Z INFO [225/366] 046490b9-a913-4064-825b-80acfb49c87f: 16 groups; 0.5 s; peak memory 538 MiB.
2026-09-17T22:49:13Z INFO [226/366] 0464aa18-5fa8-4718-8063-8c505fe6961a: 43 groups; 1.4 s; peak memory 538 MiB.
2026-09-17T22:49:14Z INFO [227/366] 04651440-e425-4e84-9c6b-9ab5ef776d73: 22 groups; 0.7 s; peak memory 538 MiB.
2026-09-17T22:49:15Z INFO [228/366] 0465237d-fb61-458a-9a13-83be0350c440: 22 groups; 0.6 s; peak memory 538 MiB.
2026-09-17T22:49:15Z INFO [229/366] 046554d9-76b9-4173-8e7a-7c45b65f7fab: 32 groups; 0.8 s; peak memory 538 MiB.
2026-09-17T22:50:46Z INFO [230/366] 0465cec2-6d8d-45c3-812c-a8207a396c19: 60 groups; 90.4 s; peak memory 538 MiB.
2026-09-17T22:50:47Z INFO [231/366] 046667c1-290e-4a91-8a93-010800e7c771: 33 groups; 1.0 s; peak memory 538 MiB.
2026-09-17T22:50:48Z INFO [232/366] 04668bad-e5c9-490a-8df4-190585cdb77d: 32 groups; 0.7 s; peak memory 538 MiB.
2026-09-17T22:50:49Z INFO [233/366] 04669911-c619-4360-8c4b-b65c3f65196d: 35 groups; 1.0 s; peak memory 538 MiB.
2026-09-17T22:50:52Z INFO [234/366] 0466a8c8-35fb-44f1-9112-0074ac7a7ff5: 73 groups; 2.9 s; peak memory 538 MiB.
2026-09-17T22:51:08Z INFO [235/366] 0466cfad-2305-4ab4-b57e-43a39a376d64: 23 groups; 16.4 s; peak memory 538 MiB.
2026-09-17T22:51:11Z INFO [236/366] 0466fdf1-215f-4c2c-8c19-4c9d9f775dc9: 140 groups; 2.8 s; peak memory 538 MiB.
2026-09-17T22:51:11Z INFO [237/366] 0467c4cf-2dfb-42f9-b4fc-344b117cd03b: 22 groups; 0.7 s; peak memory 538 MiB.
2026-09-17T22:51:14Z INFO [238/366] 046821fc-49f3-458f-9f94-38eea93be631: 138 groups; 2.1 s; peak memory 538 MiB.
2026-09-17T22:51:14Z INFO [239/366] 046a4049-f2e0-4b7d-82d9-cb2519d25859: 32 groups; 0.8 s; peak memory 538 MiB.
2026-09-17T22:51:15Z INFO [240/366] 046a7d72-29e1-4277-ad0a-e8a66ac336f0: 16 groups; 0.5 s; peak memory 538 MiB.
2026-09-17T22:51:17Z INFO [241/366] 046bee85-df5f-4da2-998f-9b8173e8b15a: 48 groups; 1.7 s; peak memory 538 MiB.
2026-09-17T22:51:17Z INFO [242/366] 046c9df6-f151-4836-9958-1e9d7330e03a: 20 groups; 0.9 s; peak memory 538 MiB.
2026-09-17T22:52:51Z INFO [243/366] 046d1e23-becd-4453-add0-8092ed17c62f: 60 groups; 93.9 s; peak memory 538 MiB.
2026-09-17T22:52:52Z INFO [244/366] 046dc27d-a292-4a29-a1ea-b448d3cccac9: 28 groups; 0.7 s; peak memory 538 MiB.
2026-09-17T22:52:53Z INFO [245/366] 046defd0-dbb8-457b-a5eb-e60e30a1d049: 32 groups; 0.9 s; peak memory 538 MiB.
2026-09-17T22:52:54Z INFO [246/366] 046df025-b383-469a-90ff-c4acec8a784a: 48 groups; 1.3 s; peak memory 538 MiB.
2026-09-17T22:53:01Z INFO [247/366] 046e0ea8-5c1b-4632-8842-c7cac94d914e: 22 groups; 6.7 s; peak memory 538 MiB.
2026-09-17T22:53:05Z INFO [248/366] 046ecece-c894-4edc-b43e-37299722b80b: 181 groups; 3.9 s; peak memory 538 MiB.
2026-09-17T22:53:06Z INFO [249/366] 046f843e-0774-4fe7-a760-27064084ecaa: 22 groups; 0.7 s; peak memory 538 MiB.
2026-09-17T22:53:06Z INFO [250/366] 046fffa9-e562-45d0-a331-afbac46cc07f: 28 groups; 0.5 s; peak memory 538 MiB.
2026-09-17T22:53:06Z INFO [250/366] 046fffa9-e562-45d0-a331-afbac46cc07f: checkpointed 49036 records.
2026-09-17T22:53:08Z INFO [251/366] 047193ad-8daa-4505-9cfa-2e087ff7a2ca: 24 groups; 1.5 s; peak memory 538 MiB.
2026-09-17T22:53:08Z INFO [252/366] 0471977a-5bce-4767-b2ac-16a1afd4f5e4: 18 groups; 0.7 s; peak memory 538 MiB.
2026-09-17T22:53:09Z INFO [253/366] 047202d6-1c10-4322-ba76-9b6ae7bfd474: 28 groups; 0.6 s; peak memory 538 MiB.
2026-09-17T22:53:10Z INFO [254/366] 0473c9c9-b242-400f-9455-932c96eb282b: 201 groups; 0.9 s; peak memory 538 MiB.
2026-09-17T22:53:11Z INFO [255/366] 0473e38d-b07c-4ef2-beb8-7295249ab280: 43 groups; 1.1 s; peak memory 538 MiB.
2026-09-17T22:53:12Z INFO [256/366] 04743f1d-09ee-4803-ad25-60c270ec35af: 26 groups; 1.0 s; peak memory 538 MiB.
2026-09-17T22:53:20Z INFO [257/366] 047501d0-0bf4-493c-a584-c59fa611ec03: 179 groups; 7.7 s; peak memory 538 MiB.
2026-09-17T22:53:20Z INFO [258/366] 047505f8-d865-4dd4-b48f-f7c361eb710d: 32 groups; 0.8 s; peak memory 538 MiB.
2026-09-17T22:53:21Z INFO [259/366] 0475981a-e900-4507-ac83-8675169629de: 32 groups; 0.8 s; peak memory 538 MiB.
2026-09-17T22:53:22Z INFO [260/366] 0475de7c-6bb3-448e-bb5b-7d7f1f90c5ce: 32 groups; 0.9 s; peak memory 538 MiB.
2026-09-17T22:53:28Z INFO [261/366] 0476103d-5f08-4e62-bb1c-6e290c1f4813: 38 groups; 6.2 s; peak memory 538 MiB.
2026-09-17T22:53:30Z INFO [262/366] 04769b0c-853e-4151-83fd-8bfd73b2eb27: 48 groups; 1.6 s; peak memory 538 MiB.
2026-09-17T22:53:31Z INFO [263/366] 0476a16d-fbaf-4f67-9df9-86d16aef8afd: 33 groups; 0.9 s; peak memory 538 MiB.
2026-09-17T22:53:32Z INFO [264/366] 04783266-3686-4925-bd85-50f08ad669c0: 32 groups; 0.9 s; peak memory 538 MiB.
2026-09-17T22:53:33Z INFO [265/366] 04787822-a180-4eae-b901-5084bd9855a9: 207 groups; 1.1 s; peak memory 538 MiB.
2026-09-17T22:53:36Z INFO [266/366] 0479f0e7-b18e-4236-9310-d6c024ca7918: 75 groups; 3.1 s; peak memory 538 MiB.
2026-09-17T22:53:53Z INFO [267/366] 047afd2d-e835-443f-b4b0-6d56093b20ec: 23 groups; 17.6 s; peak memory 538 MiB.
2026-09-17T22:53:54Z INFO [268/366] 047b0d83-a02a-47c4-b9f3-0e9ca6310d01: 35 groups; 0.9 s; peak memory 538 MiB.
2026-09-17T22:53:55Z INFO [269/366] 047cc7f6-1f04-4ebd-9d20-d514809b7236: 30 groups; 0.5 s; peak memory 538 MiB.
2026-09-17T22:53:56Z INFO [270/366] 047eaa3f-c2b3-44f7-b1da-0bb52fd50e9b: 22 groups; 0.7 s; peak memory 538 MiB.
2026-09-17T22:53:56Z INFO [271/366] 047f248d-d384-4820-b03d-feb822b9987b: 32 groups; 0.7 s; peak memory 538 MiB.
2026-09-17T22:53:57Z INFO [272/366] 047f6664-4603-4423-b95d-0459db720858: 22 groups; 0.7 s; peak memory 538 MiB.
2026-09-17T22:53:58Z INFO [273/366] 047ff700-ee41-4575-8649-9d08dbfc4503: 22 groups; 0.6 s; peak memory 538 MiB.
2026-09-17T22:53:58Z INFO [274/366] 04801215-a396-4a10-8900-cce6801747f0: 32 groups; 0.7 s; peak memory 538 MiB.
2026-09-17T22:53:59Z INFO [275/366] 048099f8-7c6f-4e7c-ba6a-7c42d1d932fd: 18 groups; 0.6 s; peak memory 538 MiB.
2026-09-17T22:55:41Z INFO [276/366] 04809b71-d17f-43bb-aff3-995c7569c4c2: 77 groups; 102.1 s; peak memory 538 MiB.
2026-09-17T22:55:42Z INFO [277/366] 0480f98d-478d-4c67-b8b4-aded4884c5f4: 32 groups; 0.7 s; peak memory 538 MiB.
2026-09-17T22:55:44Z INFO [278/366] 04813a37-9826-4b95-85fa-a213a9109387: 57 groups; 2.4 s; peak memory 538 MiB.
2026-09-17T22:55:45Z INFO [279/366] 048187a5-619f-4f3a-8d4a-d2e3ac3b1d07: 22 groups; 0.8 s; peak memory 538 MiB.
2026-09-17T22:55:46Z INFO [280/366] 0482b28f-b695-4a51-9201-877e307222d7: 32 groups; 1.0 s; peak memory 538 MiB.
2026-09-17T22:55:47Z INFO [281/366] 04836ffc-226a-46ec-abd0-cfbd48aa1624: 33 groups; 1.0 s; peak memory 538 MiB.
2026-09-17T22:55:48Z INFO [282/366] 0483777a-bcf7-4cc6-8aa0-07cce35a91ab: 35 groups; 1.0 s; peak memory 538 MiB.
2026-09-17T22:55:49Z INFO [283/366] 0483c42d-4b81-48c8-83f0-339f43c0f88b: 201 groups; 0.8 s; peak memory 538 MiB.
2026-09-17T22:55:50Z INFO [284/366] 0483e052-e034-4239-af14-5134d51c31f3: 17 groups; 1.5 s; peak memory 538 MiB.
2026-09-17T22:55:51Z INFO [285/366] 04847966-b005-4071-8999-ee8be1e9a8d5: 17 groups; 0.4 s; peak memory 538 MiB.
2026-09-17T22:55:52Z INFO [286/366] 0484ac13-4a4d-416e-90cd-b68143ef644f: 35 groups; 1.1 s; peak memory 538 MiB.
2026-09-17T22:55:55Z INFO [287/366] 0484bbb8-a786-4cab-afa5-aa546f06b9f5: 78 groups; 2.9 s; peak memory 538 MiB.
2026-09-17T22:55:55Z INFO [288/366] 04852c54-b2e0-487c-a81a-73fc1e514e91: 35 groups; 0.9 s; peak memory 538 MiB.
2026-09-17T22:56:02Z INFO [289/366] 04864bdf-bc56-4b83-9be9-a52af661dcc3: 231 groups; 6.2 s; peak memory 538 MiB.
2026-09-17T22:56:10Z INFO [290/366] 0489ee6c-4457-4c23-be6d-ccdc3e2082dd: 343 groups; 8.4 s; peak memory 538 MiB.
2026-09-17T22:56:11Z INFO [291/366] 048a5dbb-a9c4-41a6-a357-229d9540f957: 22 groups; 0.6 s; peak memory 538 MiB.
2026-09-17T22:56:11Z INFO [292/366] 048de6e6-5f4d-47a1-82ce-8e14d0b0618b: 27 groups; 0.5 s; peak memory 538 MiB.
2026-09-17T22:56:12Z INFO [293/366] 048e4048-b0aa-46cd-91aa-2a179c8700f5: 25 groups; 0.8 s; peak memory 538 MiB.
2026-09-17T22:56:13Z INFO [294/366] 048e8660-de6e-4887-8a13-d279751ff607: 25 groups; 0.7 s; peak memory 538 MiB.
2026-09-17T22:56:13Z INFO [295/366] 048efcd2-176e-4a92-a5fe-145b323f3f6e: 35 groups; 0.8 s; peak memory 538 MiB.
2026-09-17T22:56:15Z INFO [296/366] 048f1ac7-c8a6-4cac-8e9c-ff862ca6bf3a: 202 groups; 1.2 s; peak memory 538 MiB.
2026-09-17T22:56:15Z INFO [297/366] 048ff4c5-dfac-4c6c-976c-6cd95e3a9c97: 22 groups; 0.6 s; peak memory 538 MiB.
2026-09-17T22:56:23Z INFO [298/366] 048ffc3a-e63f-41ef-9e40-9614ee84810d: 273 groups; 7.4 s; peak memory 538 MiB.
2026-09-17T22:56:24Z INFO [299/366] 0491234a-08b7-4ab4-a56c-cd262d6fa616: 102 groups; 1.1 s; peak memory 538 MiB.
2026-09-17T22:56:25Z INFO [300/366] 0491e1eb-1448-49da-aca8-c307bc37ca0e: 254 groups; 0.7 s; peak memory 538 MiB.
2026-09-17T22:56:25Z INFO [300/366] 0491e1eb-1448-49da-aca8-c307bc37ca0e: checkpointed 49086 records.
2026-09-17T22:56:26Z INFO [301/366] 04930dff-5f1b-4049-9019-80c77557ae68: 35 groups; 1.0 s; peak memory 538 MiB.
2026-09-17T22:56:26Z INFO [302/366] 04932298-ae0e-4371-879a-d69326817f47: 36 groups; 0.7 s; peak memory 538 MiB.
2026-09-17T22:56:27Z INFO [303/366] 049338ab-f70e-45c4-9222-4397c4df4659: 32 groups; 0.7 s; peak memory 538 MiB.
2026-09-17T22:56:28Z INFO [304/366] 04938132-dba6-4993-aa6f-f539b353b8d3: 26 groups; 0.8 s; peak memory 538 MiB.
2026-09-17T22:56:29Z INFO [305/366] 0493f14e-53a2-432b-8372-8d9ee2a9d8ad: 33 groups; 0.9 s; peak memory 538 MiB.
2026-09-17T22:56:30Z INFO [306/366] 04941698-8cbb-4cbe-a292-b0fa435fe096: 21 groups; 0.8 s; peak memory 538 MiB.
2026-09-17T22:56:30Z INFO [307/366] 0494392a-cb4e-4e50-a54f-29ddf76ba336: 22 groups; 0.7 s; peak memory 538 MiB.
2026-09-17T22:56:31Z INFO [308/366] 049477f3-6ccb-4c78-92e0-3c6dd4c5a587: 31 groups; 0.6 s; peak memory 538 MiB.
2026-09-17T22:56:31Z INFO [309/366] 049483e4-6692-4eb3-b18e-f4588e781d6d: 17 groups; 0.6 s; peak memory 538 MiB.
2026-09-17T22:56:35Z INFO [310/366] 0494b938-d58e-471d-8166-619236a82764: 181 groups; 3.5 s; peak memory 538 MiB.
2026-09-17T22:56:36Z INFO [311/366] 04952fb1-e267-4b52-8f0b-193e33c8cffe: 22 groups; 0.7 s; peak memory 538 MiB.
2026-09-17T22:56:36Z INFO [312/366] 04956cfb-2d83-440a-9ae4-ee0ef222115b: 26 groups; 0.7 s; peak memory 538 MiB.
2026-09-17T22:56:38Z INFO [313/366] 0495a033-bd98-4fd3-b482-34777d70f300: 341 groups; 1.4 s; peak memory 538 MiB.
2026-09-17T22:56:39Z INFO [314/366] 0495fcf4-5fe5-4fb7-939c-6de520f1829f: 25 groups; 1.0 s; peak memory 538 MiB.
2026-09-17T22:56:39Z INFO [315/366] 04967863-4068-4458-af52-296169912001: 22 groups; 0.7 s; peak memory 538 MiB.
2026-09-17T22:56:40Z INFO [316/366] 0496edd0-5496-4331-ba0c-09ef760f1601: 66 groups; 1.0 s; peak memory 538 MiB.
2026-09-17T22:56:42Z INFO [317/366] 0497ba1e-4f2a-43f7-bbcb-b0ecd38fa55a: 50 groups; 2.0 s; peak memory 538 MiB.
2026-09-17T22:56:44Z INFO [318/366] 04985a6e-18d6-45da-856b-3218c1573b4b: 50 groups; 1.7 s; peak memory 538 MiB.
2026-09-17T22:56:51Z INFO [319/366] 0499369f-30f8-4606-9bb1-f8cc748e4c6e: 1164 groups; 7.1 s; peak memory 538 MiB.
2026-09-17T22:56:52Z INFO [320/366] 04994aba-37f7-4eab-816b-d197ccd4fae8: 33 groups; 0.9 s; peak memory 538 MiB.
2026-09-17T22:56:53Z INFO [321/366] 049a23cb-6566-4fc2-a7b7-77876cbcc832: 33 groups; 1.1 s; peak memory 538 MiB.
2026-09-17T22:56:54Z INFO [322/366] 049addad-049a-47a3-a6f2-22aa33231c8a: 49 groups; 1.2 s; peak memory 538 MiB.
2026-09-17T22:56:55Z INFO [323/366] 049ba9e8-5330-4544-8440-6afe3f7a272f: 33 groups; 1.1 s; peak memory 538 MiB.
2026-09-17T22:56:56Z INFO [324/366] 049cccfb-8cc5-4803-a0a1-9844b5aa669d: 35 groups; 1.0 s; peak memory 538 MiB.
2026-09-17T22:58:27Z INFO [325/366] 049d0531-29ef-47e6-88f7-6a6f9d698ec2: 89 groups; 90.7 s; peak memory 538 MiB.
2026-09-17T22:58:31Z INFO [326/366] 049ebd25-e8ae-41c2-bd4f-0f3adbea6851: 47 groups; 4.2 s; peak memory 538 MiB.
2026-09-17T22:58:32Z INFO [327/366] 04a0ebf9-e9a5-4c73-8dc7-a84113de2aa9: 16 groups; 0.4 s; peak memory 538 MiB.
2026-09-17T23:01:33Z INFO [328/366] 04a11430-2282-47a2-b953-e5a21ee6cd5c: 67 groups; 180.7 s; peak memory 538 MiB.
2026-09-17T23:01:34Z INFO [329/366] 04a12db4-f58b-4037-8773-609ae455ca5b: 50 groups; 1.8 s; peak memory 538 MiB.
2026-09-17T23:01:35Z INFO [330/366] 04a1a764-8f16-44ba-b00c-2adc1d7dd26f: 22 groups; 0.8 s; peak memory 538 MiB.
2026-09-17T23:01:36Z INFO [331/366] 04a23a7c-ccbb-4e0b-af0a-26acd53e8f93: 22 groups; 0.7 s; peak memory 538 MiB.
2026-09-17T23:01:37Z INFO [332/366] 04a26e2c-3ec0-4fa7-a224-f9dfa0900d50: 32 groups; 1.0 s; peak memory 538 MiB.
2026-09-17T23:03:12Z INFO [333/366] 04a2c7fe-5222-4691-9a24-f92f4d8fb320: 72 groups; 95.1 s; peak memory 538 MiB.
2026-09-17T23:03:12Z INFO [334/366] 04a36723-13d6-4690-818d-95697c61589b: 16 groups; 0.5 s; peak memory 538 MiB.
2026-09-17T23:03:13Z INFO [335/366] 04a36ef7-e745-4e09-9f09-f2d8b076c770: 22 groups; 0.8 s; peak memory 538 MiB.
2026-09-17T23:03:14Z INFO [336/366] 04a41659-fa1e-4faf-937d-f4af03ae1376: 22 groups; 0.8 s; peak memory 538 MiB.
2026-09-17T23:03:16Z INFO [337/366] 04a56c72-ad39-4ada-82e9-bde9bc6b7679: 54 groups; 1.5 s; peak memory 538 MiB.
2026-09-17T23:03:17Z INFO [338/366] 04a5e048-eb8b-4434-b500-934bc3f09f5b: 43 groups; 1.6 s; peak memory 538 MiB.
2026-09-17T23:03:18Z INFO [339/366] 04a5ea2d-45e1-4688-bab1-ef15e0d1fc5d: 33 groups; 1.2 s; peak memory 538 MiB.
2026-09-17T23:03:19Z INFO [340/366] 04a5faa8-2958-47ea-83e9-9a61a71402ab: 32 groups; 0.9 s; peak memory 538 MiB.
2026-09-17T23:03:20Z INFO [341/366] 04a6dbd4-140a-420f-8bae-4092026a4297: 28 groups; 0.7 s; peak memory 538 MiB.
2026-09-17T23:03:21Z INFO [342/366] 04a884d5-5695-4e15-a6a9-c15e8294e334: 32 groups; 0.8 s; peak memory 538 MiB.
2026-09-17T23:03:21Z INFO [343/366] 04a9b999-8364-4280-99c8-4feda2db2689: 16 groups; 0.6 s; peak memory 538 MiB.
2026-09-17T23:03:22Z INFO [344/366] 04aa28d7-a72e-406d-b7be-60f910771698: 36 groups; 0.9 s; peak memory 538 MiB.
2026-09-17T23:03:23Z INFO [345/366] 04aa438b-4ce9-4c16-8200-295194b362ba: 53 groups; 1.4 s; peak memory 538 MiB.
2026-09-17T23:03:28Z INFO [346/366] 04aab2f3-5e7a-46c0-8475-a40a6a057fc8: 34 groups; 4.1 s; peak memory 538 MiB.
2026-09-17T23:03:31Z INFO [347/366] 04ab5bbf-d200-4027-8235-0f6238e6db92: 73 groups; 3.3 s; peak memory 538 MiB.
2026-09-17T23:03:32Z INFO [348/366] 04ab6a43-aff1-4fe1-9647-aea5fe556bde: 17 groups; 1.4 s; peak memory 538 MiB.
2026-09-17T23:03:33Z INFO [349/366] 04ac04e6-303c-4a04-886d-d0539e432228: 43 groups; 0.9 s; peak memory 538 MiB.
2026-09-17T23:03:34Z INFO [350/366] 04ad4867-c26e-4300-99a8-cf775a96074f: 22 groups; 0.7 s; peak memory 538 MiB.
2026-09-17T23:03:34Z INFO [350/366] 04ad4867-c26e-4300-99a8-cf775a96074f: checkpointed 49136 records.
2026-09-17T23:03:35Z INFO [351/366] 04ad613d-3c78-4b3d-8de2-53aa9f2a5133: 22 groups; 0.8 s; peak memory 538 MiB.
2026-09-17T23:03:36Z INFO [352/366] 04ae398a-4477-4c10-a7fd-f3cf13d5b632: 35 groups; 1.0 s; peak memory 538 MiB.
2026-09-17T23:03:37Z INFO [353/366] 04ae815e-f3e7-40e4-b79d-e03a2bff86db: 195 groups; 1.0 s; peak memory 538 MiB.
2026-09-17T23:03:38Z INFO [354/366] 04b06fa3-ee62-4990-8945-2a8bda0552c4: 338 groups; 1.4 s; peak memory 538 MiB.
2026-09-17T23:03:39Z INFO [355/366] 04b16d63-c704-4e4e-a267-cf507bff60cf: 32 groups; 0.8 s; peak memory 538 MiB.
2026-09-17T23:03:58Z INFO [356/366] 04b1c815-e1bc-41e8-b297-1464cdf52407: 23 groups; 19.3 s; peak memory 538 MiB.
2026-09-17T23:03:59Z INFO [357/366] 04b26644-5c62-4615-a4f3-6925c332be11: 48 groups; 1.2 s; peak memory 538 MiB.
2026-09-17T23:04:00Z INFO [358/366] 04b266b5-528d-4eb8-9d63-008adcbd81ae: 48 groups; 1.1 s; peak memory 538 MiB.
2026-09-17T23:04:01Z INFO [359/366] 04b2da74-bb11-488e-a0bb-37672b38c199: 26 groups; 0.5 s; peak memory 538 MiB.
2026-09-17T23:04:02Z INFO [360/366] 04b2f716-0e24-4aae-987d-967bdfaa09ab: 195 groups; 1.1 s; peak memory 538 MiB.
2026-09-17T23:04:03Z INFO [361/366] 04b34ab5-e052-4bc3-97f8-5d956578c576: 22 groups; 0.8 s; peak memory 538 MiB.
2026-09-17T23:04:04Z INFO [362/366] 04b46447-3c27-4b1d-9f16-09da6932fbe7: 32 groups; 0.8 s; peak memory 538 MiB.
2026-09-17T23:04:05Z INFO [363/366] 04b57191-d0fd-4692-a9c0-8d1ee3652f66: 32 groups; 0.9 s; peak memory 538 MiB.
2026-09-17T23:04:07Z INFO [364/366] 04b581eb-0ad7-4f9a-8283-a3455367f83c: 125 groups; 2.8 s; peak memory 538 MiB.
2026-09-17T23:04:08Z INFO [365/366] 04b60a86-3ff8-48f0-a77d-f88c36eceeb4: 36 groups; 1.0 s; peak memory 538 MiB.
2026-09-17T23:04:13Z INFO [366/366] 7f80fa49-a032-42c5-96d9-115b1408e1f6: 29 groups; 4.7 s; peak memory 538 MiB.
2026-09-17T23:04:13Z INFO Wrote 49152 records to /tmp/derivatives/valid_nwb_file_to_number_of_groups.jsonl (366 new, 0 failed) in 35.1 min (peak memory 538 MiB).
