2026-09-12T19:43:16Z INFO Logging to /tmp/logs/update_2026-09-12T19-43-16Z.log.
2026-09-12T19:43:16Z INFO Processing 236 newly valid content IDs.
2026-09-12T19:43:17Z INFO [1/236] afc15442-67d0-4b43-a35a-c6b653c1203c: 22 groups (HDF5, 84.1 MB; 1.4 s; peak memory 99 MiB)
2026-09-12T19:43:19Z INFO [2/236] b13dca4e-05c6-4170-a3c0-4e8e697ce4cd: 17 groups (HDF5, 21.3 MB; 1.9 s; peak memory 100 MiB)
2026-09-12T19:43:35Z INFO [3/236] b1427897-44f9-44e8-a96b-3f58b1bdeac2: 297 groups (HDF5, 62.1 MB; 16.2 s; peak memory 138 MiB)
2026-09-12T19:43:42Z INFO [4/236] b1b601d0-1daf-4882-9502-246004e302bd: 47 groups (HDF5, 317.7 MB; 6.6 s; peak memory 138 MiB)
2026-09-12T19:43:43Z INFO [5/236] b1d9cfb7-8256-4f3e-8b0e-fbcea48c17ae: 32 groups (HDF5, 1.2 MB; 1.4 s; peak memory 138 MiB)
2026-09-12T19:43:44Z INFO [6/236] b1f2088f-57b3-496a-b517-5617872d37a0: 22 groups (HDF5, 84.1 MB; 1.0 s; peak memory 138 MiB)
2026-09-12T19:43:46Z INFO [7/236] b2813c43-1226-4e72-bf85-2030d5b37678: 22 groups (HDF5, 84.1 MB; 1.2 s; peak memory 138 MiB)
2026-09-12T19:43:47Z INFO [8/236] b3a0ade6-6122-4371-b902-8a0c3958c50b: 35 groups (HDF5, 1.2 MB; 1.6 s; peak memory 138 MiB)
2026-09-12T19:43:48Z INFO [9/236] b46fe832-3652-431d-a1b2-798ea261e502: 22 groups (HDF5, 84.1 MB; 1.2 s; peak memory 138 MiB)
2026-09-12T19:43:50Z INFO [10/236] b4903e74-595c-4d16-9efb-be9364ece496: 36 groups (HDF5, 4442.1 MB; 1.5 s; peak memory 138 MiB)
2026-09-12T19:43:52Z INFO [11/236] b596ddb9-5562-4ae0-9883-a73b06b8f215: 36 groups (HDF5, 4772.2 MB; 1.6 s; peak memory 138 MiB)
2026-09-12T19:43:53Z INFO [12/236] b5b0beab-66bb-4fa5-bcd3-c13ce6346b5f: 255 groups (HDF5, 0.7 MB; 1.6 s; peak memory 138 MiB)
2026-09-12T19:43:55Z INFO [13/236] b61a88d2-a7e9-4ce0-b71d-8524b447cf14: 35 groups (HDF5, 1.5 MB; 1.8 s; peak memory 138 MiB)
2026-09-12T19:43:56Z INFO [14/236] b7a6af1f-6be9-4556-ae97-c0fce0ae3bd5: 22 groups (HDF5, 84.1 MB; 1.1 s; peak memory 138 MiB)
2026-09-12T19:44:05Z INFO [15/236] b8fb8c4b-43da-4043-a5ce-76f5a5ff2925: 145 groups (HDF5, 68.0 MB; 8.9 s; peak memory 138 MiB)
2026-09-12T19:44:07Z INFO [16/236] b95ece1a-bb84-462f-b109-13a29ac6c435: 32 groups (HDF5, 1.5 MB; 1.7 s; peak memory 138 MiB)
2026-09-12T19:44:13Z INFO [17/236] b9a2045f-76eb-4b33-bb9f-798f43b94047: 111 groups (HDF5, 18.0 MB; 6.2 s; peak memory 138 MiB)
2026-09-12T19:44:20Z INFO [18/236] b9b0adc6-b18e-46f5-aed8-07330a464d91: 158 groups (HDF5, 27.4 MB; 7.4 s; peak memory 139 MiB)
2026-09-12T19:44:38Z INFO [19/236] ba0bba3b-4291-4135-8e32-beae463c54fa: 223 groups (HDF5, 51.9 MB; 17.9 s; peak memory 150 MiB)
2026-09-12T19:44:55Z INFO [20/236] ba27724c-87a8-4df1-a15a-a62100702c15: 285 groups (HDF5, 50.7 MB; 16.8 s; peak memory 150 MiB)
2026-09-12T19:44:56Z INFO [21/236] bac6c0cd-98e6-47ee-a695-6bc388d9d658: 22 groups (HDF5, 84.1 MB; 1.2 s; peak memory 150 MiB)
2026-09-12T19:45:02Z INFO [22/236] bb05c045-c9dc-4e67-8f36-73c29c76849f: 73 groups (HDF5, 248.4 MB; 6.0 s; peak memory 150 MiB)
2026-09-12T19:45:18Z INFO [23/236] bc05b562-e50c-4340-a9c6-53eda644613d: 146 groups (HDF5, 967.5 MB; 15.5 s; peak memory 150 MiB)
2026-09-12T19:46:11Z INFO [24/236] bc8bb220-3583-451a-ab0e-07f46836eff8: 26 groups (HDF5, 2317.1 MB; 52.8 s; peak memory 206 MiB)
2026-09-12T19:46:13Z INFO [25/236] bcb766d6-b011-4a20-91fa-fda5adfe7cc2: 206 groups (HDF5, 7.8 MB; 2.4 s; peak memory 206 MiB)
2026-09-12T19:46:23Z INFO [26/236] bd4ecab4-60d0-4d27-be0e-86108f0a033b: 250 groups (HDF5, 20.8 MB; 10.1 s; peak memory 206 MiB)
2026-09-12T19:46:33Z INFO [27/236] bdb4c7ce-1c48-440b-b7d3-c783206ec0e4: 240 groups (HDF5, 33.0 MB; 9.8 s; peak memory 206 MiB)
2026-09-12T19:46:34Z INFO [28/236] be7f9340-2daf-4ab0-8a0e-5f4f4252b79a: 35 groups (HDF5, 1.3 MB; 1.7 s; peak memory 206 MiB)
2026-09-12T19:46:36Z INFO [29/236] bf3d8226-2ffe-4564-98d7-06bbf0c55659: 32 groups (HDF5, 1.4 MB; 1.5 s; peak memory 206 MiB)
2026-09-12T19:46:37Z INFO [30/236] c00f30aa-0f44-41ed-a5c7-4e9d9833c0e6: 28 groups (HDF5, 625.9 MB; 1.2 s; peak memory 206 MiB)
2026-09-12T19:46:38Z INFO [31/236] c020b37c-5cf5-49a7-a660-b2f099e3cde2: 30 groups (HDF5, 0.2 MB; 0.9 s; peak memory 206 MiB)
2026-09-12T19:46:53Z INFO [32/236] c1295e6f-3c11-42e7-93c2-90fd027909f9: 179 groups (HDF5, 58.7 MB; 14.3 s; peak memory 206 MiB)
2026-09-12T19:46:54Z INFO [33/236] c1cce99b-ea4e-4da7-839b-954e2464388c: 22 groups (HDF5, 84.1 MB; 1.1 s; peak memory 206 MiB)
2026-09-12T19:48:58Z INFO [34/236] c1da7866-5e08-463c-92aa-47e96fd2f54a: 69 groups (HDF5, 22289.3 MB; 124.5 s; peak memory 286 MiB)
2026-09-12T19:49:00Z INFO [35/236] c2164a4a-ada7-4d1d-8df1-786ab3d01dbf: 30 groups (HDF5, 23.8 MB; 1.8 s; peak memory 286 MiB)
2026-09-12T19:49:06Z INFO [36/236] c229fb18-36ea-42cd-855e-f280a89cf5fb: 78 groups (HDF5, 371.5 MB; 5.7 s; peak memory 286 MiB)
2026-09-12T19:49:57Z INFO [37/236] c2d19712-9e07-4261-8b28-7c35dc82c50b: 26 groups (HDF5, 2297.8 MB; 51.8 s; peak memory 286 MiB)
2026-09-12T19:49:59Z INFO [38/236] c2fd0d0f-909b-44ac-99f4-ad360519b5f6: 32 groups (HDF5, 1.0 MB; 1.6 s; peak memory 286 MiB)
2026-09-12T19:50:01Z INFO [39/236] c3003469-e73e-4c1d-b315-d78b875c0ccf: 32 groups (HDF5, 1.6 MB; 1.7 s; peak memory 286 MiB)
2026-09-12T19:50:11Z INFO [40/236] c33afa61-fe92-48aa-919b-dbddf151dd44: 28 groups (HDF5, 688718.7 MB; 10.2 s; peak memory 286 MiB)
2026-09-12T19:50:12Z INFO [41/236] c33b67e3-6130-4515-a6d3-356c50e197ab: 30 groups (HDF5, 0.2 MB; 0.9 s; peak memory 286 MiB)
2026-09-12T19:50:13Z INFO [42/236] c3700a0e-7193-426a-902c-24fd1073f644: 36 groups (HDF5, 2999.6 MB; 1.6 s; peak memory 286 MiB)
2026-09-12T19:50:18Z INFO [43/236] c3b40f09-2ed9-42c7-9bfe-19a2d0e342ce: 92 groups (HDF5, 13.8 MB; 4.1 s; peak memory 286 MiB)
2026-09-12T19:50:19Z INFO [44/236] c4542a5c-e28b-4edb-9899-4609fe2a2dfb: 201 groups (HDF5, 2.5 MB; 1.8 s; peak memory 286 MiB)
2026-09-12T19:50:22Z INFO [45/236] c4642ffa-0cb7-4a03-9294-cce65534c90c: 61 groups (HDF5, 132.8 MB; 3.1 s; peak memory 286 MiB)
2026-09-12T19:50:24Z INFO [46/236] c4785d21-796a-452c-b333-6105c1ab756d: 22 groups (HDF5, 84.1 MB; 1.2 s; peak memory 286 MiB)
2026-09-12T19:50:25Z INFO [47/236] c5731216-0ff5-402a-b287-dac8bb8dbba2: 202 groups (HDF5, 32.1 MB; 1.8 s; peak memory 286 MiB)
2026-09-12T19:50:27Z INFO [48/236] c5a6f6a0-a3bc-4ee3-aa3e-502513bed1af: 29 groups (HDF5, 3672.8 MB; 1.6 s; peak memory 286 MiB)
2026-09-12T19:50:46Z INFO [49/236] c5b7f577-9be5-4bdd-9bbc-6f7dad71eb3f: 310 groups (HDF5, 57.1 MB; 18.9 s; peak memory 286 MiB)
2026-09-12T19:50:54Z INFO [50/236] c6590165-37aa-40e8-885f-9f6e16afc347: 94 groups (HDF5, 105.9 MB; 8.4 s; peak memory 286 MiB)
2026-09-12T19:50:56Z INFO [51/236] c66e2b50-9cc3-48c5-a498-4bb8d25e5c89: 22 groups (HDF5, 84.1 MB; 1.2 s; peak memory 286 MiB)
2026-09-12T19:50:57Z INFO [52/236] c689363a-4dd5-4bca-bc62-c1f111c0aff4: 35 groups (HDF5, 1.2 MB; 1.8 s; peak memory 286 MiB)
2026-09-12T19:50:59Z INFO [53/236] c6dd1c87-6d02-4cfe-989c-ffe8dadc7bdc: 31 groups (HDF5, 621.4 MB; 1.8 s; peak memory 286 MiB)
2026-09-12T19:51:08Z INFO [54/236] c71bcf78-77ca-42d3-a35d-fcc576bd27aa: 170 groups (HDF5, 41.4 MB; 9.3 s; peak memory 286 MiB)
2026-09-12T19:51:14Z INFO [55/236] c7507ff2-4566-4c78-8945-f9605bca38ca: 73 groups (HDF5, 784.4 MB; 6.0 s; peak memory 286 MiB)
2026-09-12T19:51:21Z INFO [56/236] c8bc13b7-8e4a-4c9e-b159-f984bf7bd166: 85 groups (HDF5, 76.3 MB; 6.5 s; peak memory 286 MiB)
2026-09-12T19:51:22Z INFO [57/236] c8e395fb-929e-4397-a0f7-df9956a9f713: 22 groups (HDF5, 84.1 MB; 1.2 s; peak memory 286 MiB)
2026-09-12T19:51:24Z INFO [58/236] c9d43f6b-bd70-422d-9407-c151fe159f23: 199 groups (HDF5, 80.4 MB; 2.0 s; peak memory 286 MiB)
2026-09-12T19:51:26Z INFO [59/236] ca195de0-dab0-437a-acb7-1aa881f7cab3: 32 groups (HDF5, 1.4 MB; 1.7 s; peak memory 286 MiB)
2026-09-12T19:51:27Z INFO [60/236] ca6a7a92-9f28-4c37-8aca-8c35b2916c5f: 22 groups (HDF5, 84.1 MB; 1.2 s; peak memory 286 MiB)
2026-09-12T19:51:28Z INFO [61/236] cb1579b8-0852-4639-ad96-ed3883251950: 41 groups (HDF5, 9.5 MB; 1.3 s; peak memory 286 MiB)
2026-09-12T19:51:36Z INFO [62/236] cba9c551-8944-405b-8824-b55dadcb2a55: 116 groups (HDF5, 85.3 MB; 7.2 s; peak memory 286 MiB)
2026-09-12T19:51:37Z INFO [63/236] cbf1fa15-abab-480c-807e-b0e4a2873912: 22 groups (HDF5, 84.1 MB; 1.3 s; peak memory 286 MiB)
2026-09-12T19:53:36Z INFO [64/236] cbfd74fe-b6e8-415e-80aa-a5e1d55e7382: 63 groups (HDF5, 22257.7 MB; 118.7 s; peak memory 286 MiB)
2026-09-12T19:53:38Z INFO [65/236] cc3889f4-61b4-4037-82f3-dbd0d3487877: 199 groups (HDF5, 285.3 MB; 2.2 s; peak memory 286 MiB)
2026-09-12T19:53:39Z INFO [66/236] cc5cbc05-36c6-4f0e-8c18-a8cde162ac4e: 32 groups (HDF5, 1.2 MB; 1.6 s; peak memory 286 MiB)
2026-09-12T19:53:41Z INFO [67/236] cc71131c-a17f-4102-87e4-e43b2e7700a8: 203 groups (HDF5, 12.5 MB; 1.6 s; peak memory 286 MiB)
2026-09-12T19:53:42Z INFO [68/236] ccb7708c-4e93-4015-b2c0-9e0ae1fe3640: 22 groups (HDF5, 84.1 MB; 1.1 s; peak memory 286 MiB)
2026-09-12T19:53:44Z INFO [69/236] ccdf8b36-cae1-4fc7-ba09-5ae7f7494ebe: 35 groups (HDF5, 1.4 MB; 1.9 s; peak memory 286 MiB)
2026-09-12T19:53:55Z INFO [70/236] cce90a68-4a57-4f38-b888-1cfe03ee7b6d: 123 groups (HDF5, 44.5 MB; 10.7 s; peak memory 286 MiB)
2026-09-12T19:53:56Z INFO [71/236] cd3665fd-2a67-4169-8d85-5f83c36b66f8: 21 groups (HDF5, 24.4 MB; 1.4 s; peak memory 286 MiB)
2026-09-12T19:54:10Z INFO [72/236] cd60fc6d-df41-426b-83ff-8393707f0444: 275 groups (HDF5, 49.5 MB; 14.1 s; peak memory 286 MiB)
2026-09-12T19:54:12Z INFO [73/236] cd65dc20-108a-461e-bdcb-ac2e87d02c6f: 202 groups (HDF5, 109.5 MB; 1.7 s; peak memory 286 MiB)
2026-09-12T19:54:13Z INFO [74/236] cd74c6d8-9062-487d-8a39-ebcfde0181d4: 22 groups (HDF5, 84.1 MB; 1.2 s; peak memory 286 MiB)
2026-09-12T19:54:14Z INFO [75/236] cdeefd61-996d-4dd5-86ab-63b6f41d82eb: 22 groups (HDF5, 84.1 MB; 1.2 s; peak memory 286 MiB)
2026-09-12T19:54:16Z INFO [76/236] ce02c0c7-a92e-477f-bbea-23e255ec6ecb: 33 groups (HDF5, 406.9 MB; 1.5 s; peak memory 286 MiB)
2026-09-12T19:54:18Z INFO [77/236] ce0c9c68-ce35-4b0f-a47b-0f24b99b8213: 196 groups (HDF5, 17.6 MB; 1.8 s; peak memory 286 MiB)
2026-09-12T19:54:19Z INFO [78/236] ce0efa46-c397-48eb-98cd-449e2aede52b: 22 groups (HDF5, 84.1 MB; 1.1 s; peak memory 286 MiB)
2026-09-12T19:54:20Z INFO [79/236] ce297267-9243-4d6a-b7c5-50fe7bd83680: 25 groups (HDF5, 11.1 MB; 1.3 s; peak memory 286 MiB)
2026-09-12T19:54:22Z INFO [80/236] ce78d669-7990-4a45-9733-f2c44f1357d8: 42 groups (HDF5, 17.5 MB; 1.9 s; peak memory 286 MiB)
2026-09-12T19:54:24Z INFO [81/236] ceae15c4-1091-488c-b57d-1c373ac2066c: 207 groups (HDF5, 138.2 MB; 2.3 s; peak memory 286 MiB)
2026-09-12T19:54:25Z INFO [82/236] ced0fbdc-7025-4877-af43-ebb225535600: 22 groups (HDF5, 84.1 MB; 1.2 s; peak memory 286 MiB)
2026-09-12T19:54:27Z INFO [83/236] d04f49f6-888d-49a5-ad44-1c404d8aeed4: 32 groups (HDF5, 1.3 MB; 1.5 s; peak memory 286 MiB)
2026-09-12T19:54:28Z INFO [84/236] d05212df-dabd-4800-82d2-34db6de1fe93: 22 groups (HDF5, 84.1 MB; 1.1 s; peak memory 286 MiB)
2026-09-12T19:54:29Z INFO [85/236] d060e7d2-8220-4f30-86cc-fe6dd28f3131: 22 groups (HDF5, 84.1 MB; 1.2 s; peak memory 286 MiB)
2026-09-12T19:54:30Z INFO [86/236] d074d535-b15d-4d7b-8fb9-8de8df4dc632: 22 groups (HDF5, 84.1 MB; 1.2 s; peak memory 286 MiB)
2026-09-12T19:54:37Z INFO [87/236] d22241ce-4ec1-4290-b9eb-90a41d0f7f64: 120 groups (HDF5, 19.6 MB; 6.1 s; peak memory 286 MiB)
2026-09-12T19:54:39Z INFO [88/236] d25c6835-0289-4967-98f2-9971336259fd: 35 groups (HDF5, 1.6 MB; 2.0 s; peak memory 286 MiB)
2026-09-12T19:54:42Z INFO [89/236] d2bd71cf-8dc7-469c-9561-29d59e7046ca: 17 groups (HDF5, 56.9 MB; 3.0 s; peak memory 286 MiB)
2026-09-12T19:54:43Z INFO [90/236] d372cde6-bf8a-4f2d-90c3-73e8c19d3b37: 32 groups (HDF5, 46.5 MB; 1.9 s; peak memory 286 MiB)
2026-09-12T19:54:46Z INFO [91/236] d4705461-6548-44a9-ab52-df5937834897: 35 groups (HDF5, 2.7 MB; 2.4 s; peak memory 286 MiB)
2026-09-12T19:54:48Z INFO [92/236] d4b6f402-a541-46f6-8ec6-01b0816952ef: 336 groups (HDF5, 72.9 MB; 2.0 s; peak memory 286 MiB)
2026-09-12T19:54:50Z INFO [93/236] d4fbddbb-4240-4283-9799-2d9ed35e46b2: 35 groups (HDF5, 1.4 MB; 2.1 s; peak memory 286 MiB)
2026-09-12T19:54:52Z INFO [94/236] d51e7acd-3582-427e-b5ad-58414c9ae853: 206 groups (HDF5, 4.3 MB; 1.9 s; peak memory 286 MiB)
2026-09-12T19:54:59Z INFO [95/236] d55f03e2-a93d-410c-9744-73b99bcac92c: 105 groups (HDF5, 46.9 MB; 6.7 s; peak memory 286 MiB)
2026-09-12T19:55:15Z INFO [96/236] d5d853ae-8d26-4b2f-8be7-4c5cab563f93: 271 groups (HDF5, 66.1 MB; 16.6 s; peak memory 286 MiB)
2026-09-12T19:55:18Z INFO [97/236] d62c937e-5f6f-4424-a32c-df8bf76b901e: 46 groups (HDF5, 294.8 MB; 2.9 s; peak memory 286 MiB)
2026-09-12T20:30:15Z INFO [98/236] d6717f6f-479e-4705-8ced-fbdf3e2cb35c: 288 groups (HDF5, 742827.2 MB; 2097.2 s; peak memory 1196 MiB)
2026-09-12T20:30:17Z INFO [99/236] d6aac190-ba9c-4272-81e5-3a62a865e4d2: 32 groups (HDF5, 1.2 MB; 1.7 s; peak memory 1196 MiB)
2026-09-12T20:30:21Z INFO [100/236] d6b0a9cc-715c-4ed9-a74c-d3de33f3bc2a: 50 groups (HDF5, 196.1 MB; 3.6 s; peak memory 1196 MiB)
2026-09-12T20:30:22Z INFO [101/236] d6c7a051-50a3-4e4d-a706-7ac0825d3a2b: 32 groups (HDF5, 1.2 MB; 1.3 s; peak memory 1196 MiB)
2026-09-12T20:30:23Z INFO [102/236] d6cb94ef-d52a-4cd2-9150-db7d33895f9c: 22 groups (HDF5, 84.1 MB; 1.2 s; peak memory 1196 MiB)
2026-09-12T20:30:25Z INFO [103/236] d6f861c8-2a64-400b-9e3a-6ec83e425a02: 35 groups (HDF5, 1.2 MB; 1.6 s; peak memory 1196 MiB)
2026-09-12T20:30:36Z INFO [104/236] d725b6e7-b428-47b4-9184-6c6cf2d12f11: 262 groups (HDF5, 45.0 MB; 11.5 s; peak memory 1196 MiB)
2026-09-12T20:30:38Z INFO [105/236] d7fa2424-0020-4df8-a96c-dc9dac546103: 33 groups (HDF5, 1.1 MB; 1.6 s; peak memory 1196 MiB)
2026-09-12T20:30:40Z INFO [106/236] d82d0843-a275-4853-b0b0-b1914e770b4f: 35 groups (HDF5, 1.3 MB; 1.8 s; peak memory 1196 MiB)
2026-09-12T20:30:43Z INFO [107/236] d8fffd2b-12e8-41f5-a44c-a8a5d83a75b1: 50 groups (HDF5, 196.1 MB; 3.8 s; peak memory 1196 MiB)
2026-09-12T20:30:45Z INFO [108/236] da274a1c-16a4-49f1-9ad3-3c162c26cbd4: 22 groups (HDF5, 84.1 MB; 1.3 s; peak memory 1196 MiB)
2026-09-12T20:30:46Z INFO [109/236] da45b4c0-df03-4773-9ed5-29017a7edda8: 32 groups (HDF5, 1.1 MB; 1.5 s; peak memory 1196 MiB)
2026-09-12T20:30:48Z INFO [110/236] da6148bf-a1df-41f2-871f-5599175a7c02: 30 groups (HDF5, 1.3 MB; 1.6 s; peak memory 1196 MiB)
2026-09-12T20:30:58Z INFO [111/236] db3b985e-ad04-4dbb-aadc-bbc0bfcbd8ea: 84 groups (HDF5, 4645.2 MB; 10.2 s; peak memory 1196 MiB)
2026-09-12T20:31:56Z INFO [112/236] db4bd20c-9e81-472f-ae86-aa9dc8d91b25: 2298 groups (HDF5, 240.2 MB; 58.4 s; peak memory 1196 MiB)
2026-09-12T20:31:58Z INFO [113/236] dbe9fd2d-f672-429a-a3f5-0982c5519a56: 22 groups (HDF5, 84.1 MB; 1.3 s; peak memory 1196 MiB)
2026-09-12T20:32:02Z INFO [114/236] ddb0ba7a-a22e-45c3-91e3-ade702d68092: 221 groups (HDF5, 4.9 MB; 4.2 s; peak memory 1196 MiB)
2026-09-12T20:32:03Z INFO [115/236] ddd00f9e-47c7-4964-9d9b-39d90e4a3cfc: 35 groups (HDF5, 1.1 MB; 1.4 s; peak memory 1196 MiB)
2026-09-12T20:32:04Z INFO [116/236] de2141f5-c157-4af1-9fd6-e56c698e3e0d: 25 groups (HDF5, 1.6 MB; 1.0 s; peak memory 1196 MiB)
2026-09-12T20:32:15Z INFO [117/236] df1bb71d-28bc-4a48-92df-cb83113f852d: 209 groups (HDF5, 30.7 MB; 10.8 s; peak memory 1196 MiB)
2026-09-12T20:32:22Z INFO [118/236] df63e8ed-cc91-4918-94b6-21538bc054f7: 47 groups (HDF5, 330.1 MB; 6.9 s; peak memory 1196 MiB)
2026-09-12T20:32:25Z INFO [119/236] df9a7988-a475-4d06-8325-4a94ca1a0207: 65 groups (HDF5, 3884.4 MB; 3.4 s; peak memory 1196 MiB)
2026-09-12T20:32:38Z INFO [120/236] dfecd0d3-c53f-419e-a6e3-e650d66453e3: 68 groups (HDF5, 14217.1 MB; 12.7 s; peak memory 1196 MiB)
2026-09-12T20:35:35Z INFO [121/236] e04f3368-8338-4706-a8d5-117ae9a8a37e: 11603 groups (HDF5, 402.8 MB; 177.1 s; peak memory 1196 MiB)
2026-09-12T20:35:37Z INFO [122/236] e086be5e-877e-4c3f-8fac-d96c28d5d04f: 336 groups (HDF5, 46.1 MB; 2.2 s; peak memory 1196 MiB)
2026-09-12T20:35:38Z INFO [123/236] e08a164a-0293-4a4e-b180-34361ac9af05: 17 groups (HDF5, 0.2 MB; 1.0 s; peak memory 1196 MiB)
2026-09-12T20:35:40Z INFO [124/236] e09540a5-eb22-438d-af12-c36aac1d2089: 32 groups (HDF5, 1.1 MB; 1.4 s; peak memory 1196 MiB)
2026-09-12T20:35:52Z INFO [125/236] e11d5732-ed32-4ab1-a8da-8f576e935391: 314 groups (HDF5, 58.5 MB; 12.3 s; peak memory 1196 MiB)
2026-09-12T20:35:54Z INFO [126/236] e11ec4f0-aa18-4827-96d0-6829253cf197: 200 groups (HDF5, 122.5 MB; 2.2 s; peak memory 1196 MiB)
2026-09-12T20:35:56Z INFO [127/236] e152bab6-179f-4d04-9ccb-60a784bd1f47: 108 groups (HDF5, 26.3 MB; 1.7 s; peak memory 1196 MiB)
2026-09-12T20:35:57Z INFO [128/236] e153d45f-7251-484b-8d63-10619507708c: 22 groups (HDF5, 274.8 MB; 1.1 s; peak memory 1196 MiB)
2026-09-12T20:35:58Z INFO [129/236] e157d9e5-e992-495f-9e2c-9628361fb7b5: 16 groups (HDF5, 0.2 MB; 0.9 s; peak memory 1196 MiB)
2026-09-12T20:35:59Z INFO [130/236] e19bff52-b932-4eb2-82c1-3b4427341b86: 17 groups (HDF5, 0.6 MB; 1.0 s; peak memory 1196 MiB)
2026-09-12T20:36:05Z INFO [131/236] e2b57a96-928e-46dd-98d3-40c202cfa31b: 105 groups (HDF5, 50.4 MB; 6.4 s; peak memory 1196 MiB)
2026-09-12T20:36:09Z INFO [132/236] e2f8fc47-8fce-491d-ac73-a5a3936244b8: 50 groups (HDF5, 196.1 MB; 3.8 s; peak memory 1196 MiB)
2026-09-12T20:36:15Z INFO [133/236] e34d5627-fe4a-4f24-a36c-7319131bde7e: 39 groups (HDF5, 132.2 MB; 5.6 s; peak memory 1196 MiB)
2026-09-12T20:36:16Z INFO [134/236] e3fec2e0-b0ca-4ba8-9329-6fd2d9019e3b: 25 groups (HDF5, 13.6 MB; 1.4 s; peak memory 1196 MiB)
2026-09-12T20:36:18Z INFO [135/236] e41ebe36-5572-435d-bc30-a84550b5548b: 206 groups (HDF5, 148.0 MB; 2.1 s; peak memory 1196 MiB)
2026-09-12T20:36:21Z INFO [136/236] e440d518-3f3b-4564-b243-afb62cabfa8a: 48 groups (HDF5, 188.1 MB; 2.8 s; peak memory 1196 MiB)
2026-09-12T20:36:22Z INFO [137/236] e48b7b67-48d0-47e7-a660-a872ebe6b954: 22 groups (HDF5, 84.1 MB; 1.2 s; peak memory 1196 MiB)
2026-09-12T20:36:24Z INFO [138/236] e4a0a408-0c9f-47c9-8947-7479a5b22d8d: 35 groups (HDF5, 1.3 MB; 1.6 s; peak memory 1196 MiB)
2026-09-12T20:38:07Z INFO [139/236] e4aad1db-66d3-4e37-a690-54b992964224: 27 groups (HDF5, 7633.1 MB; 103.4 s; peak memory 1196 MiB)
2026-09-12T20:38:09Z INFO [140/236] e53bcdc7-b7e8-45d2-9ed6-4dac4a77f9c9: 26 groups (HDF5, 2.5 MB; 1.5 s; peak memory 1196 MiB)
2026-09-12T20:38:12Z INFO [141/236] e5969dd5-f0f7-44c3-a402-9afebaf89fb7: 50 groups (HDF5, 1157.2 MB; 3.3 s; peak memory 1196 MiB)
2026-09-12T20:38:14Z INFO [142/236] e5b2f794-a86e-4f25-9bea-441184f3a119: 32 groups (HDF5, 1.2 MB; 1.6 s; peak memory 1196 MiB)
2026-09-12T20:38:15Z INFO [143/236] e5c0e236-68c3-4fbe-8a9f-4f8aef8911d6: 108 groups (HDF5, 10.1 MB; 1.8 s; peak memory 1196 MiB)
2026-09-12T20:38:17Z INFO [144/236] e61d5814-597d-4985-8f62-49e957015529: 32 groups (HDF5, 1.1 MB; 1.5 s; peak memory 1196 MiB)
2026-09-12T20:38:18Z INFO [145/236] e65e38d6-32ab-4509-b2a7-13a14920474c: 21 groups (HDF5, 58.0 MB; 1.2 s; peak memory 1196 MiB)
2026-09-12T20:38:19Z INFO [146/236] e693b1dd-da59-4da6-b1ee-c61d0a63d891: 22 groups (HDF5, 84.1 MB; 1.2 s; peak memory 1196 MiB)
2026-09-12T20:38:21Z INFO [147/236] e6d2c9ce-df19-4718-8ece-fedcf08b343c: 32 groups (HDF5, 1.3 MB; 1.5 s; peak memory 1196 MiB)
2026-09-12T20:38:28Z INFO [148/236] e7815a72-165d-4c37-bcf5-6b6bee2845c7: 66 groups (HDF5, 769.4 MB; 7.1 s; peak memory 1196 MiB)
2026-09-12T20:38:31Z INFO [149/236] e7d418df-a0cf-45a3-9335-353f4b0fe427: 48 groups (HDF5, 191.4 MB; 3.0 s; peak memory 1196 MiB)
2026-09-12T20:38:33Z INFO [150/236] e89d80b2-001a-4118-8ad3-7d5c98e6d3df: 31 groups (HDF5, 39.9 MB; 1.9 s; peak memory 1196 MiB)
2026-09-12T20:38:34Z INFO [151/236] e8bf31d1-df45-4854-97fa-7bdc033f5cbe: 254 groups (HDF5, 0.7 MB; 1.5 s; peak memory 1196 MiB)
2026-09-12T20:38:35Z INFO [152/236] e95a6fe7-93de-4766-ad9d-82fe38ee3b1a: 31 groups (HDF5, 8.6 MB; 1.1 s; peak memory 1196 MiB)
2026-09-12T20:38:37Z INFO [153/236] e9615c13-f0e6-4495-8b62-f2703a3e8ac1: 35 groups (HDF5, 1.3 MB; 1.8 s; peak memory 1196 MiB)
2026-09-12T20:38:38Z INFO [154/236] e9804bad-27d0-460b-b1f5-fae53974bcab: 22 groups (HDF5, 84.1 MB; 1.2 s; peak memory 1196 MiB)
2026-09-12T20:38:40Z INFO [155/236] e9986770-1fd1-4294-80f3-a988aefb66ee: 33 groups (HDF5, 1267.5 MB; 1.8 s; peak memory 1196 MiB)
2026-09-12T20:38:42Z INFO [156/236] e9d601da-c358-485a-a468-6ed1b80a5052: 35 groups (HDF5, 1.2 MB; 1.8 s; peak memory 1196 MiB)
2026-09-12T20:38:44Z INFO [157/236] ea3c21b2-7ee5-451c-845b-383fce913d04: 65 groups (HDF5, 1.5 MB; 1.8 s; peak memory 1196 MiB)
2026-09-12T20:38:46Z INFO [158/236] ea52300b-862d-43ca-b834-54b0d704ae17: 33 groups (HDF5, 9.1 MB; 2.3 s; peak memory 1196 MiB)
2026-09-12T20:38:47Z INFO [159/236] eaad80aa-2d53-4cd2-a45d-8b0fdde18e59: 22 groups (HDF5, 84.1 MB; 1.1 s; peak memory 1196 MiB)
2026-09-12T20:38:50Z INFO [160/236] eade8518-285e-4426-a08a-fa4b5125c93a: 48 groups (HDF5, 191.4 MB; 3.0 s; peak memory 1196 MiB)
2026-09-12T20:38:52Z INFO [161/236] eb71429b-d744-41a2-9a26-a54d5a42ac45: 32 groups (HDF5, 1.2 MB; 1.6 s; peak memory 1196 MiB)
2026-09-12T20:38:53Z INFO [162/236] ec2abba5-5291-491a-81e4-3c809c6f2084: 25 groups (HDF5, 14.2 MB; 1.5 s; peak memory 1196 MiB)
2026-09-12T20:38:55Z INFO [163/236] ec32c288-7b12-45cf-b216-8ee9d2aafad8: 29 groups (HDF5, 2.9 MB; 1.2 s; peak memory 1196 MiB)
2026-09-12T20:39:02Z INFO [164/236] ec66fc14-6ecd-42c2-8494-a9c90e4dd7aa: 22 groups (HDF5, 10199.0 MB; 7.3 s; peak memory 1196 MiB)
2026-09-12T20:39:03Z INFO [165/236] ec70780f-cc48-4468-a46e-17230a648e9f: 25 groups (HDF5, 15.7 MB; 1.4 s; peak memory 1196 MiB)
2026-09-12T20:39:05Z INFO [166/236] ed108a6c-65b2-4051-b566-7da94c4811a3: 32 groups (HDF5, 1.0 MB; 1.5 s; peak memory 1196 MiB)
2026-09-12T20:39:07Z INFO [167/236] ed111619-a8ef-4a96-b5a7-b7f9510c83de: 202 groups (HDF5, 1.7 MB; 2.4 s; peak memory 1196 MiB)
2026-09-12T20:39:23Z INFO [168/236] ed1a3e93-78c3-4bc9-9be5-ea6110bb15b0: 155 groups (HDF5, 1181.7 MB; 15.8 s; peak memory 1196 MiB)
2026-09-12T20:39:25Z INFO [169/236] ed83e122-854b-452c-877f-d1c62bb819f8: 49 groups (HDF5, 16.7 MB; 2.3 s; peak memory 1196 MiB)
2026-09-12T20:39:27Z INFO [170/236] ed84d640-c04a-41c6-8aae-a6ade255c5f9: 32 groups (HDF5, 1.8 MB; 1.7 s; peak memory 1196 MiB)
2026-09-12T20:39:29Z INFO [171/236] eda5a132-9461-496d-a9eb-0688eda3b08e: 202 groups (HDF5, 103.8 MB; 1.7 s; peak memory 1196 MiB)
2026-09-12T20:39:30Z INFO [172/236] edea8399-9a8e-47be-87c3-f6e2a91a5622: 22 groups (HDF5, 84.1 MB; 1.3 s; peak memory 1196 MiB)
2026-09-12T20:39:31Z INFO [173/236] ee2a84ff-5f83-4ef7-a53c-9e56c769bee4: 22 groups (HDF5, 84.1 MB; 1.1 s; peak memory 1196 MiB)
2026-09-12T20:39:33Z INFO [174/236] ee572051-f70d-4d0f-ab03-a4e823dd1025: 35 groups (HDF5, 1.1 MB; 1.9 s; peak memory 1196 MiB)
2026-09-12T20:39:43Z INFO [175/236] ee955c3b-0a96-4f31-867e-e0d06d2e2e20: 222 groups (HDF5, 37.7 MB; 10.4 s; peak memory 1196 MiB)
2026-09-12T20:39:45Z INFO [176/236] ef194c48-519b-4ecb-9fbb-b4d0fa59d563: 32 groups (HDF5, 1.4 MB; 1.6 s; peak memory 1196 MiB)
2026-09-12T20:39:54Z INFO [177/236] ef5d3988-9050-448c-a1c0-ac29adae0084: 202 groups (HDF5, 46.5 MB; 9.3 s; peak memory 1196 MiB)
2026-09-12T20:39:56Z INFO [178/236] ef7748c6-0dc0-4ed5-ac37-5677b6a9d66a: 203 groups (HDF5, 47.4 MB; 1.7 s; peak memory 1196 MiB)
2026-09-12T20:39:58Z INFO [179/236] ef873eb4-f6ec-4a34-9b53-e9cecf1af264: 337 groups (HDF5, 17.5 MB; 2.0 s; peak memory 1196 MiB)
2026-09-12T20:52:28Z INFO [180/236] ef876920-0aa1-41ff-895e-162b25b69eae: 172 groups (HDF5, 272758.6 MB; 749.9 s; peak memory 1196 MiB)
2026-09-12T20:52:34Z INFO [181/236] efbaa797-7e49-496a-b4d5-ffc3744161bc: 181 groups (HDF5, 8.7 MB; 6.1 s; peak memory 1196 MiB)
2026-09-12T20:52:35Z INFO [182/236] efd9ef8c-3374-49dd-88f2-8a9085bce648: 16 groups (HDF5, 0.2 MB; 0.9 s; peak memory 1196 MiB)
2026-09-12T20:52:36Z INFO [183/236] f044b818-4626-4b5d-b7ba-062cbd9a6a8f: 22 groups (HDF5, 84.1 MB; 1.3 s; peak memory 1196 MiB)
2026-09-12T20:52:38Z INFO [184/236] f096c3d5-9a2b-4a58-90e1-3a31fe07f1f0: 31 groups (HDF5, 43.6 MB; 1.9 s; peak memory 1196 MiB)
2026-09-12T20:52:44Z INFO [185/236] f0985839-ce63-48a7-bdb2-c36ae376869e: 118 groups (HDF5, 19.0 MB; 5.7 s; peak memory 1196 MiB)
2026-09-12T20:52:45Z INFO [186/236] f0a5886e-85df-44de-b894-d732ff046c32: 253 groups (HDF5, 1.5 MB; 1.5 s; peak memory 1196 MiB)
2026-09-12T20:52:47Z INFO [187/236] f0d2da85-5d33-4595-b5d0-1d407fa58586: 35 groups (HDF5, 1.0 MB; 1.7 s; peak memory 1196 MiB)
2026-09-12T20:54:47Z INFO [188/236] f0e5ee3c-aba6-4db1-8dc6-cfc66cdd208c: 69 groups (HDF5, 22289.3 MB; 120.3 s; peak memory 1196 MiB)
2026-09-12T20:54:49Z INFO [189/236] f1310628-ed6e-4872-832d-42d05690be99: 22 groups (HDF5, 84.1 MB; 1.3 s; peak memory 1196 MiB)
2026-09-12T20:54:56Z INFO [190/236] f16ee702-f9de-4948-8b58-42361d475c82: 181 groups (HDF5, 8.7 MB; 7.8 s; peak memory 1196 MiB)
2026-09-12T20:54:58Z INFO [191/236] f1fb3ba4-74e6-47b9-926c-ad405f75bee1: 28 groups (HDF5, 626.2 MB; 1.3 s; peak memory 1196 MiB)
2026-09-12T20:55:26Z INFO [192/236] f2a42eff-c0bf-4e25-b20b-53566fda62d5: 460 groups (HDF5, 726.0 MB; 28.2 s; peak memory 1196 MiB)
2026-09-12T20:55:29Z INFO [193/236] f2a4f191-954b-4387-8b22-aa7ce8fc3ab6: 48 groups (HDF5, 191.3 MB; 3.1 s; peak memory 1196 MiB)
2026-09-12T20:55:35Z INFO [194/236] f2a7afe8-7cdd-4a12-9afc-2caae95c27a9: 78 groups (HDF5, 601.0 MB; 6.1 s; peak memory 1196 MiB)
2026-09-12T20:55:36Z INFO [195/236] f2dd1c42-2b25-45e0-b2a4-ab007930bae3: 32 groups (HDF5, 1.3 MB; 1.4 s; peak memory 1196 MiB)
2026-09-12T20:55:38Z INFO [196/236] f34b2903-157d-4b53-92ed-5b1ffd3a3f19: 22 groups (HDF5, 84.1 MB; 1.2 s; peak memory 1196 MiB)
2026-09-12T20:57:29Z INFO [197/236] f412e47e-9a0b-4371-a30d-114cf5d7fb4c: 60 groups (HDF5, 21113.5 MB; 111.7 s; peak memory 1196 MiB)
2026-09-12T20:57:31Z INFO [198/236] f43c27c7-1a09-4a5c-ac84-7c3a1aa0a333: 30 groups (HDF5, 0.5 MB; 1.3 s; peak memory 1196 MiB)
2026-09-12T20:57:33Z INFO [199/236] f4486bf8-d906-42bd-8ebb-851cab1728b7: 194 groups (HDF5, 344.2 MB; 2.6 s; peak memory 1196 MiB)
2026-09-12T20:57:37Z INFO [200/236] f44958cf-d6f0-4e9d-bda3-47bf04f47b29: 50 groups (HDF5, 196.1 MB; 3.5 s; peak memory 1196 MiB)
2026-09-12T20:57:39Z INFO [201/236] f482c48c-6c2d-463d-baf0-7c9e06ea4196: 33 groups (HDF5, 1.1 MB; 1.6 s; peak memory 1196 MiB)
2026-09-12T20:57:42Z INFO [202/236] f48e5d43-f755-420c-86d5-9bf74bfb5505: 48 groups (HDF5, 191.4 MB; 3.0 s; peak memory 1196 MiB)
2026-09-12T20:57:43Z INFO [203/236] f50a9314-9dbc-45e6-9971-e1b68c19e6f1: 25 groups (HDF5, 12.0 MB; 1.3 s; peak memory 1196 MiB)
2026-09-12T20:57:46Z INFO [204/236] f5e0f30b-38bf-41f3-b4ae-2e69c4e2038d: 43 groups (HDF5, 15.7 MB; 3.6 s; peak memory 1196 MiB)
2026-09-12T20:57:49Z INFO [205/236] f6c1860e-3689-4528-b6be-61832ef41ea8: 17 groups (HDF5, 34.2 MB; 2.8 s; peak memory 1196 MiB)
2026-09-12T21:01:23Z INFO [206/236] f73db632-84ac-476d-9e3c-ad5c7ee49587: 24 groups (HDF5, 418.9 MB; 213.6 s; peak memory 1196 MiB)
2026-09-12T21:01:24Z INFO [207/236] f7ea345d-3acb-42ab-abb7-abc7243aa687: 22 groups (HDF5, 84.1 MB; 1.3 s; peak memory 1196 MiB)
2026-09-12T21:01:34Z INFO [208/236] f7f36cb9-48bb-4356-90bf-dfcc92fae0e3: 63 groups (HDF5, 18967.8 MB; 9.7 s; peak memory 1196 MiB)
2026-09-12T21:01:35Z INFO [209/236] f834df96-0b15-42a7-b1b6-166554db33db: 31 groups (HDF5, 0.3 MB; 1.0 s; peak memory 1196 MiB)
2026-09-12T21:01:36Z INFO [210/236] f89b747c-68e5-4c77-b2cf-dabd33c09462: 32 groups (HDF5, 1.2 MB; 1.6 s; peak memory 1196 MiB)
2026-09-12T21:01:38Z INFO [211/236] f8c6dea7-ca97-43e6-99ea-a535e12fe344: 32 groups (HDF5, 1.1 MB; 1.5 s; peak memory 1196 MiB)
2026-09-12T21:01:41Z INFO [212/236] f8e806ca-5671-4ed1-9a55-13ef9b7d7519: 573 groups (HDF5, 2.8 MB; 2.8 s; peak memory 1196 MiB)
2026-09-12T21:01:42Z INFO [213/236] f90ae801-6ace-4750-991e-8f6979a010ac: 32 groups (HDF5, 1.4 MB; 1.5 s; peak memory 1196 MiB)
2026-09-12T21:01:43Z INFO [214/236] f9193443-3c03-4f0c-a714-f1b98480ba72: 29 groups (HDF5, 1.0 MB; 1.2 s; peak memory 1196 MiB)
2026-09-12T21:01:45Z INFO [215/236] f92bbf14-26bb-40ae-af7a-a3c9fd169015: 22 groups (HDF5, 84.1 MB; 1.2 s; peak memory 1196 MiB)
2026-09-12T21:02:02Z INFO [216/236] f9b8bd1c-734f-4ae2-a369-a0798b1d4953: 23 groups (HDF5, 39323.7 MB; 17.5 s; peak memory 1196 MiB)
2026-09-12T21:02:06Z INFO [217/236] f9d35182-34a1-4e05-9a80-b7da85e7b563: 50 groups (HDF5, 196.1 MB; 4.0 s; peak memory 1196 MiB)
2026-09-12T21:02:07Z INFO [218/236] f9fd8fe0-9d90-40d1-a202-616475815d89: 22 groups (HDF5, 84.1 MB; 1.2 s; peak memory 1196 MiB)
2026-09-12T21:02:09Z INFO [219/236] fa4f7d02-fffa-4f33-941f-5349fea562b1: 33 groups (HDF5, 12.8 MB; 1.4 s; peak memory 1196 MiB)
2026-09-12T21:02:11Z INFO [220/236] fafe24b1-68c0-4241-abc2-56190732a288: 194 groups (HDF5, 26.5 MB; 1.9 s; peak memory 1196 MiB)
2026-09-12T21:02:21Z INFO [221/236] fb83a5ec-da3e-48db-81bd-376ea860a190: 122 groups (HDF5, 48.5 MB; 10.9 s; peak memory 1196 MiB)
2026-09-12T21:02:25Z INFO [222/236] fbbd7156-a8a6-4e6d-901b-4180ca63f35d: 50 groups (HDF5, 10.5 MB; 3.9 s; peak memory 1196 MiB)
2026-09-12T21:02:28Z INFO [223/236] fbc974a2-566d-4a81-9e29-e834e53b7873: 71 groups (HDF5, 1276.6 MB; 2.3 s; peak memory 1196 MiB)
2026-09-12T21:02:29Z INFO [224/236] fc14c2de-4ed7-4f9d-8245-50cd43ecd5ab: 17 groups (HDF5, 0.2 MB; 0.9 s; peak memory 1196 MiB)
2026-09-12T21:02:30Z INFO [225/236] fc22c771-8ca3-4ad7-9f6e-06abe3f7004c: 25 groups (HDF5, 12.5 MB; 1.4 s; peak memory 1196 MiB)
2026-09-12T21:02:31Z INFO [226/236] fc67077a-7421-4013-8953-29c6a4502144: 18 groups (HDF5, 90127.8 MB; 1.3 s; peak memory 1196 MiB)
2026-09-12T21:02:34Z INFO [227/236] fd25c15f-cf1d-4c8b-9d69-5930b0a0e233: 202 groups (HDF5, 1.6 MB; 2.2 s; peak memory 1196 MiB)
2026-09-12T21:02:44Z INFO [228/236] fd41c401-2c3a-402a-8549-555649c68ece: 162 groups (HDF5, 31.7 MB; 10.4 s; peak memory 1196 MiB)
2026-09-12T21:02:46Z INFO [229/236] fd7ae55a-7312-4f81-846a-8a0430ee615c: 202 groups (HDF5, 2.0 MB; 1.8 s; peak memory 1196 MiB)
2026-09-12T21:02:47Z INFO [230/236] fe1482b1-5d48-40e5-9a40-80f60035ae95: 22 groups (HDF5, 84.1 MB; 1.2 s; peak memory 1196 MiB)
2026-09-12T21:02:48Z INFO [231/236] fe4084e5-8c2c-42f4-8d60-c32f81b7ea8e: 27 groups (HDF5, 0.2 MB; 1.0 s; peak memory 1196 MiB)
2026-09-12T21:02:49Z INFO [232/236] fe51160c-d3e3-466a-9ef1-6f87ca6fa54f: 22 groups (HDF5, 84.1 MB; 1.2 s; peak memory 1196 MiB)
2026-09-12T21:02:51Z INFO [233/236] fee01352-b156-48e5-963b-97802b9b06b6: 32 groups (HDF5, 1.1 MB; 1.4 s; peak memory 1196 MiB)
2026-09-12T21:02:54Z INFO [234/236] fee67847-9da9-45e1-828f-e3c4fd459024: 48 groups (HDF5, 188.7 MB; 3.1 s; peak memory 1196 MiB)
2026-09-12T21:02:55Z INFO [235/236] ffbe8272-8045-49d0-a9b2-396fb17a9f52: 22 groups (HDF5, 84.1 MB; 1.0 s; peak memory 1196 MiB)
2026-09-12T21:02:56Z INFO [236/236] ffd5a2ee-b52a-46ad-9d1d-def24d23e246: 28 groups (HDF5, 2.6 MB; 1.1 s; peak memory 1196 MiB)
2026-09-12T21:02:56Z INFO Processed 236 content IDs in 79.7 min (peak memory 1196 MiB).
