2026-10-01T17:33:30Z INFO Logging to /tmp/logs/update_2026-10-01T17-33-30Z.log.
2026-10-01T17:33:30Z INFO Update valid-nwb-file-to-number-of-groups (base directory /tmp).
2026-10-01T17:33:31Z INFO Processing 369 items (63215 already recorded).
2026-10-01T17:33:33Z INFO [1/369] 21b9e669-5ca0-4f28-b1ea-1ffc19fd9061: 26 groups; 2.6 s; peak memory 102 MiB.
2026-10-01T17:33:34Z INFO [2/369] 21ba0495-09b5-4480-9710-5a2c5f860fa8: 28 groups; 0.9 s; peak memory 103 MiB.
2026-10-01T17:33:35Z INFO [3/369] 21ba21a1-e905-40c7-ab89-75071d25e0cc: 22 groups; 0.9 s; peak memory 103 MiB.
2026-10-01T17:33:37Z INFO [4/369] 21ba328a-38fd-4706-b9bf-020162355d3e: 52 groups; 2.2 s; peak memory 107 MiB.
2026-10-01T17:33:38Z INFO [5/369] 21ba7194-3226-4890-8870-3460734e39e0: 32 groups; 1.1 s; peak memory 107 MiB.
2026-10-01T17:33:39Z INFO [6/369] 21badf00-42ce-4020-9dee-73fe3147b60a: 29 groups; 0.9 s; peak memory 108 MiB.
2026-10-01T17:34:00Z INFO [7/369] 21bb8830-101d-4381-a074-9fdca434a632: 23 groups; 20.3 s; peak memory 126 MiB.
2026-10-01T17:34:00Z INFO [8/369] 21bd3726-9c98-4282-9a22-e08a408cf0a2: 28 groups; 0.8 s; peak memory 126 MiB.
2026-10-01T17:34:02Z INFO [9/369] 21bd631d-ed77-46ba-80bf-9c3989808261: 341 groups; 1.2 s; peak memory 126 MiB.
2026-10-01T17:34:02Z INFO [10/369] 21bdcf57-1271-4067-a9dd-7cf27eab241a: 32 groups; 0.8 s; peak memory 126 MiB.
2026-10-01T17:34:03Z INFO [11/369] 21be6e45-8e53-4dd3-97e6-a64624b03bf0: 32 groups; 0.8 s; peak memory 126 MiB.
2026-10-01T17:34:06Z INFO [12/369] 21beb11d-10b9-4e1d-b85f-8d6ddd0fba3d: 17 groups; 2.2 s; peak memory 126 MiB.
2026-10-01T17:34:06Z INFO [13/369] 21bf2525-8f1f-4c36-b1c6-4d7dfdf47ac5: 22 groups; 1.0 s; peak memory 126 MiB.
2026-10-01T17:34:08Z INFO [14/369] 21bf8b28-d273-4761-b897-4b73181b4f00: 48 groups; 2.0 s; peak memory 126 MiB.
2026-10-01T17:34:10Z INFO [15/369] 21c015d7-60eb-4be7-9993-dbf18f8f5214: 32 groups; 1.2 s; peak memory 127 MiB.
2026-10-01T17:34:12Z INFO [16/369] 21c0b9fa-8d06-48c4-85c1-ee445ed74323: 207 groups; 2.1 s; peak memory 127 MiB.
2026-10-01T17:34:12Z INFO [17/369] 21c11bd0-2b34-4fb8-9295-3aaa774d93c0: 16 groups; 0.7 s; peak memory 127 MiB.
2026-10-01T17:34:13Z INFO [18/369] 21c11d0b-7deb-4a53-8572-1ff5db2fd60d: 22 groups; 0.9 s; peak memory 127 MiB.
2026-10-01T17:34:14Z INFO [19/369] 21c19af3-2ae0-401f-bd98-8b2a025c88c0: 35 groups; 1.0 s; peak memory 128 MiB.
2026-10-01T17:34:15Z INFO [20/369] 21c1fc1c-de3e-4209-b4ac-64673aea41b2: 22 groups; 0.8 s; peak memory 128 MiB.
2026-10-01T17:34:16Z INFO [21/369] 21c26383-9950-4fac-b5fe-97e90030566c: 28 groups; 0.8 s; peak memory 128 MiB.
2026-10-01T17:34:27Z INFO [22/369] 21c3c78e-094c-4276-85bf-f99d52c1c915: 384 groups; 10.7 s; peak memory 159 MiB.
2026-10-01T17:34:29Z INFO [23/369] 21c76153-6111-47ce-a4da-de6664c6422e: 48 groups; 2.6 s; peak memory 159 MiB.
2026-10-01T17:34:31Z INFO [24/369] 21c7aaa0-81c7-4939-8363-a8938dab79a1: 72 groups; 1.9 s; peak memory 159 MiB.
2026-10-01T17:34:32Z INFO [25/369] 21c81280-d79f-4cfc-b30e-b7e6f92d88f7: 32 groups; 1.1 s; peak memory 159 MiB.
2026-10-01T17:34:33Z INFO [26/369] 21c9293c-b655-4e40-8bc9-3fc2edfb4706: 36 groups; 1.2 s; peak memory 159 MiB.
2026-10-01T17:34:34Z INFO [27/369] 21ca1aaa-f08b-4c4b-9619-ca5d5f9a8e81: 22 groups; 0.7 s; peak memory 159 MiB.
2026-10-01T17:34:35Z INFO [28/369] 21ca9a50-45eb-486d-876c-36f9dfe48f66: 32 groups; 1.2 s; peak memory 159 MiB.
2026-10-01T17:34:36Z INFO [29/369] 21cb3e3d-0aed-4d71-a076-8a25476cbcaf: 22 groups; 1.0 s; peak memory 159 MiB.
2026-10-01T17:34:37Z INFO [30/369] 21cbb0ab-230b-461b-b17e-aa191233c618: 19 groups; 0.8 s; peak memory 159 MiB.
2026-10-01T17:34:38Z INFO [31/369] 21cbd763-d815-4410-a17a-24a2a9a87d00: 35 groups; 1.1 s; peak memory 159 MiB.
2026-10-01T17:34:39Z INFO [32/369] 21cd8f2b-71d0-414c-9a71-dc8fe1405ac7: 17 groups; 0.7 s; peak memory 159 MiB.
2026-10-01T17:34:43Z INFO [33/369] 21ce42a6-92b6-45ff-91f8-f14a55f5779d: 78 groups; 3.9 s; peak memory 159 MiB.
2026-10-01T17:34:44Z INFO [34/369] 21ce4b42-d98b-479e-af52-2b73c8bf8d4f: 194 groups; 1.0 s; peak memory 159 MiB.
2026-10-01T17:38:40Z INFO [35/369] 21cea400-c5b6-41a5-822b-cffc65111ddd: 75 groups; 236.5 s; peak memory 404 MiB.
2026-10-01T17:38:41Z INFO [36/369] 21ceb35f-45f5-4fbc-a407-3e7f294b7502: 32 groups; 0.9 s; peak memory 404 MiB.
2026-10-01T17:38:42Z INFO [37/369] 21cebb26-e9b4-453d-8fe4-b16eb369e5ad: 32 groups; 1.0 s; peak memory 404 MiB.
2026-10-01T17:38:43Z INFO [38/369] 21ced00e-ded7-44e0-9602-88b1a2aa5947: 25 groups; 1.3 s; peak memory 404 MiB.
2026-10-01T17:38:45Z INFO [39/369] 21cf378d-e129-4fbb-a5a9-dcb4830bfc58: 36 groups; 1.5 s; peak memory 404 MiB.
2026-10-01T17:38:46Z INFO [40/369] 21cfb025-bb1f-4da2-a2ec-70fa73ebe1aa: 22 groups; 0.8 s; peak memory 404 MiB.
2026-10-01T17:38:48Z INFO [41/369] 21cffddc-aa2b-462d-a036-6ac0dab721d9: 50 groups; 2.5 s; peak memory 404 MiB.
2026-10-01T17:38:55Z INFO [42/369] 21d032b5-24e1-4e80-9ec1-e7795518dcf8: 50 groups; 7.0 s; peak memory 404 MiB.
2026-10-01T17:38:56Z INFO [43/369] 21d0e556-1a0f-4209-a9b8-625730440b23: 67 groups; 1.1 s; peak memory 404 MiB.
2026-10-01T17:38:57Z INFO [44/369] 21d0fe60-39a3-4425-92c0-daef139bd98c: 41 groups; 0.9 s; peak memory 404 MiB.
2026-10-01T17:38:58Z INFO [45/369] 21d191f6-cea1-4768-a50f-6f0686f563ab: 22 groups; 1.2 s; peak memory 404 MiB.
2026-10-01T17:38:59Z INFO [46/369] 21d2741f-b4b5-4230-b0d0-a6423bfd7eb9: 22 groups; 0.9 s; peak memory 404 MiB.
2026-10-01T17:39:00Z INFO [47/369] 21d33b7d-0774-4f56-9861-8c45d67b9a60: 17 groups; 0.8 s; peak memory 404 MiB.
2026-10-01T17:39:01Z INFO [48/369] 21d41262-d341-4291-9218-18181e493652: 33 groups; 1.2 s; peak memory 404 MiB.
2026-10-01T17:39:09Z INFO [49/369] 21d41469-7558-41bf-9a77-fde7623032c6: 235 groups; 7.3 s; peak memory 404 MiB.
2026-10-01T17:39:10Z INFO [50/369] 21d4331a-81a5-4463-bfb3-e9f1da201edb: 32 groups; 1.2 s; peak memory 404 MiB.
2026-10-01T17:39:10Z INFO [50/369] 21d4331a-81a5-4463-bfb3-e9f1da201edb: checkpointed 63265 records.
2026-10-01T17:39:15Z INFO [51/369] 21d50780-28b0-457d-9643-ab2ee83880cd: 181 groups; 5.0 s; peak memory 404 MiB.
2026-10-01T17:39:21Z INFO [52/369] 21d52be1-186e-4ac3-9b03-de249e3b6ce2: 85 groups; 5.9 s; peak memory 404 MiB.
2026-10-01T17:39:22Z INFO [53/369] 21d6b547-6917-4165-ae44-db6720d87ce1: 33 groups; 1.5 s; peak memory 404 MiB.
2026-10-01T17:39:23Z INFO [54/369] 21d73b7e-ae06-4ad9-a17d-a7f856ec48ed: 22 groups; 0.9 s; peak memory 404 MiB.
2026-10-01T17:39:24Z INFO [55/369] 21d73c96-bf3b-425f-ad25-de6c7e1ca8ff: 22 groups; 1.1 s; peak memory 404 MiB.
2026-10-01T17:39:25Z INFO [56/369] 21d76b60-0117-4500-a38e-74f7e417716c: 22 groups; 0.9 s; peak memory 404 MiB.
2026-10-01T17:41:54Z INFO [57/369] 21d815ff-81ed-4ad5-8067-7eabbd417220: 80 groups; 148.7 s; peak memory 404 MiB.
2026-10-01T17:41:55Z INFO [58/369] 21d82aed-acbe-4a5a-8d62-f76f3e392b41: 32 groups; 0.9 s; peak memory 404 MiB.
2026-10-01T17:41:59Z INFO [59/369] 21d84752-0359-4eb2-8819-f78c78573e06: 50 groups; 3.7 s; peak memory 404 MiB.
2026-10-01T17:42:10Z INFO [60/369] 21d868ee-d2b2-4cf3-b8ec-94c5e96a970d: 230 groups; 11.4 s; peak memory 404 MiB.
2026-10-01T17:42:11Z INFO [61/369] 21d89b96-8634-443f-adcb-be58595a62b7: 32 groups; 1.1 s; peak memory 404 MiB.
2026-10-01T17:42:13Z INFO [62/369] 21db144a-c01a-4188-8e25-677d6c9286b8: 35 groups; 2.3 s; peak memory 404 MiB.
2026-10-01T17:42:15Z INFO [63/369] 21db237f-770a-44fb-9e92-36e0ee0a05c5: 108 groups; 1.2 s; peak memory 404 MiB.
2026-10-01T17:42:17Z INFO [64/369] 21dbb877-5b72-45de-9d7a-ca6113708505: 47 groups; 2.5 s; peak memory 404 MiB.
2026-10-01T17:42:18Z INFO [65/369] 21dc61e0-a8f9-4f28-addd-025c4b6bf3f6: 16 groups; 0.9 s; peak memory 404 MiB.
2026-10-01T17:42:20Z INFO [66/369] 21dcee93-03e2-45d4-9e17-48a3fb929125: 47 groups; 2.3 s; peak memory 404 MiB.
2026-10-01T17:42:21Z INFO [67/369] 21dd67a9-175e-4dbc-882d-2f85773f23e1: 28 groups; 0.9 s; peak memory 404 MiB.
2026-10-01T17:42:24Z INFO [68/369] 21de7e35-f4a3-432a-96b9-beb4b3c1d4df: 48 groups; 2.3 s; peak memory 404 MiB.
2026-10-01T17:42:25Z INFO [69/369] 21df87a9-ba5c-414b-af45-42b145df30b9: 35 groups; 1.1 s; peak memory 404 MiB.
2026-10-01T17:42:25Z INFO [70/369] 21dfb04c-da72-44c6-a8c3-363f46dd4622: 19 groups; 0.9 s; peak memory 404 MiB.
2026-10-01T17:42:27Z INFO [71/369] 21e0905e-1a34-4ea8-bb2b-f576a3d7b0f7: 203 groups; 1.1 s; peak memory 404 MiB.
2026-10-01T17:42:28Z INFO [72/369] 21e0910a-f875-40d3-b124-50c169e7d24d: 32 groups; 0.9 s; peak memory 404 MiB.
2026-10-01T17:42:28Z INFO [73/369] 21e1c66a-918d-43d3-98b6-82e98704ed8b: 18 groups; 0.7 s; peak memory 404 MiB.
2026-10-01T17:42:31Z INFO [74/369] 21e1eafe-3c03-4b15-ad8f-775fd44d5150: 48 groups; 2.7 s; peak memory 404 MiB.
2026-10-01T17:42:32Z INFO [75/369] 21e26532-ff1c-4527-9676-f65b92ca5f9b: 20 groups; 1.1 s; peak memory 404 MiB.
2026-10-01T17:42:33Z INFO [76/369] 21e26ddf-efb5-4edd-a32f-c10de3491015: 22 groups; 1.0 s; peak memory 404 MiB.
2026-10-01T17:42:34Z INFO [77/369] 21e2c745-7a80-4d09-8fe1-6ae62d7f347f: 22 groups; 1.0 s; peak memory 404 MiB.
2026-10-01T17:42:35Z INFO [78/369] 21e2c868-a89c-4aa3-8ebf-d12016eb1b0e: 35 groups; 1.2 s; peak memory 404 MiB.
2026-10-01T17:42:37Z INFO [79/369] 21e3816c-2af3-4831-9814-beeb9ffd7eb1: 35 groups; 1.5 s; peak memory 404 MiB.
2026-10-01T17:42:38Z INFO [80/369] 21e41e9b-9c3e-47f5-a1b1-f1e285518aab: 22 groups; 0.9 s; peak memory 404 MiB.
2026-10-01T17:42:44Z INFO [81/369] 21e5a1fd-a1bd-4e0a-8dce-3969f281addc: 178 groups; 6.7 s; peak memory 404 MiB.
2026-10-01T17:42:46Z INFO [82/369] 21e6499f-f25f-4b88-80bd-275362d9f1d2: 34 groups; 2.0 s; peak memory 404 MiB.
2026-10-01T17:42:51Z INFO [83/369] 21e6b0ce-9083-4254-a301-42b20f4cc19a: 121 groups; 4.6 s; peak memory 404 MiB.
2026-10-01T17:42:52Z INFO [84/369] 21e74c5d-3b75-48c8-9875-bb6594592819: 33 groups; 1.3 s; peak memory 404 MiB.
2026-10-01T17:42:53Z INFO [85/369] 21e75e5c-131b-462b-a2bc-f460ce246e8b: 17 groups; 1.0 s; peak memory 404 MiB.
2026-10-01T17:42:58Z INFO [86/369] 21e8b4fe-6b52-409b-835a-36a3d9e72c94: 47 groups; 5.1 s; peak memory 404 MiB.
2026-10-01T17:42:59Z INFO [87/369] 21e97737-406e-4c4c-8238-6b0b627c7ba3: 22 groups; 1.0 s; peak memory 404 MiB.
2026-10-01T17:43:01Z INFO [88/369] 21e9a095-90ef-4c2b-bdea-8aa690139b0c: 17 groups; 2.0 s; peak memory 404 MiB.
2026-10-01T17:43:02Z INFO [89/369] 21e9e851-a38b-4e53-ac69-a3cfbe3407a2: 194 groups; 1.1 s; peak memory 404 MiB.
2026-10-01T17:43:04Z INFO [90/369] 21eb558f-2162-4af2-b660-5ec30645f8c5: 195 groups; 1.3 s; peak memory 404 MiB.
2026-10-01T17:43:05Z INFO [91/369] 21ebb38d-e1e0-4af9-9c47-7dd3d4cd3be8: 31 groups; 0.8 s; peak memory 404 MiB.
2026-10-01T17:43:05Z INFO [92/369] 21ed185f-48ac-4889-a39c-a9ff8b932623: 22 groups; 0.7 s; peak memory 404 MiB.
2026-10-01T17:43:07Z INFO [93/369] 21ed32da-f3cb-4ef9-b8bf-ce661f2f8644: 32 groups; 1.4 s; peak memory 404 MiB.
2026-10-01T17:43:07Z INFO [94/369] 21edda0e-9e27-400c-80e5-83c82225f334: 28 groups; 0.8 s; peak memory 404 MiB.
2026-10-01T17:43:08Z INFO [95/369] 21ee12a0-71e1-46bc-a8f6-05fc48de6376: 30 groups; 0.6 s; peak memory 404 MiB.
2026-10-01T17:43:09Z INFO [96/369] 21ee20e8-a54b-4a26-ab27-be1f601da5f3: 31 groups; 0.7 s; peak memory 404 MiB.
2026-10-01T17:43:11Z INFO [97/369] 21ee8144-17a9-4fc6-ba4e-6a279e4a147f: 67 groups; 2.2 s; peak memory 404 MiB.
2026-10-01T17:47:23Z INFO [98/369] 21eec3c6-f603-4a49-be74-f294edb343d0: 81 groups; 252.4 s; peak memory 501 MiB.
2026-10-01T17:47:25Z INFO [99/369] 21eee3f7-79b7-424f-8698-e976c6253c31: 32 groups; 1.2 s; peak memory 501 MiB.
2026-10-01T17:47:26Z INFO [100/369] 21ef0394-72e3-4444-ace9-228f588deba6: 35 groups; 1.2 s; peak memory 501 MiB.
2026-10-01T17:47:26Z INFO [100/369] 21ef0394-72e3-4444-ace9-228f588deba6: checkpointed 63315 records.
2026-10-01T17:47:30Z INFO [101/369] 21ef183d-c311-46a4-80f4-56020856b986: 78 groups; 3.8 s; peak memory 501 MiB.
2026-10-01T17:47:31Z INFO [102/369] 21ef191f-4800-4e8a-b006-e49545c84e32: 104 groups; 1.9 s; peak memory 501 MiB.
2026-10-01T17:47:32Z INFO [103/369] 21ef57b3-156f-48df-a6aa-7adeb3ea3f83: 32 groups; 0.9 s; peak memory 501 MiB.
2026-10-01T17:47:33Z INFO [104/369] 21f01f32-a2a0-40b5-8fbd-e32af041f440: 22 groups; 0.9 s; peak memory 501 MiB.
2026-10-01T17:47:37Z INFO [105/369] 21f052e1-0d02-45c7-bc49-cc96713dde6a: 75 groups; 4.0 s; peak memory 501 MiB.
2026-10-01T17:47:38Z INFO [106/369] 21f05cc8-5f2f-41de-be91-c4db8115dc55: 30 groups; 1.1 s; peak memory 501 MiB.
2026-10-01T17:47:39Z INFO [107/369] 21f08167-541a-4e55-94fb-5acc9875eb62: 32 groups; 1.0 s; peak memory 501 MiB.
2026-10-01T17:48:05Z INFO [108/369] 21f161ec-72e9-4be2-ab3a-3007086f8909: 17 groups; 25.5 s; peak memory 501 MiB.
2026-10-01T17:48:06Z INFO [109/369] 21f1f68b-a7d1-4a3e-a0d9-091660a4fcb5: 22 groups; 1.0 s; peak memory 501 MiB.
2026-10-01T17:48:07Z INFO [110/369] 21f248e3-aab9-44d3-a77d-957a3a60d456: 22 groups; 1.2 s; peak memory 501 MiB.
2026-10-01T17:48:08Z INFO [111/369] 21f25fcb-dbdd-4076-8dfa-810884b598b7: 256 groups; 1.3 s; peak memory 501 MiB.
2026-10-01T17:48:13Z INFO [112/369] 21f266ff-d15c-4ad3-809a-508051adf9df: 126 groups; 4.8 s; peak memory 501 MiB.
2026-10-01T17:48:16Z INFO [113/369] 21f34497-2dc1-4c86-a73c-9f076ed489e9: 48 groups; 2.6 s; peak memory 501 MiB.
2026-10-01T17:48:17Z INFO [114/369] 21f3871d-1794-4356-aa92-61fca3039c5f: 259 groups; 1.8 s; peak memory 501 MiB.
2026-10-01T17:48:19Z INFO [115/369] 21f3e615-0864-4700-a445-4aa31e1865d3: 48 groups; 1.8 s; peak memory 501 MiB.
2026-10-01T17:56:57Z INFO [116/369] 21f4129c-8841-4d27-aa4e-c91716ac9e37: 46 groups; 518.1 s; peak memory 1222 MiB.
2026-10-01T17:56:58Z INFO [117/369] 21f480d2-234d-4179-afc5-238d6244b068: 32 groups; 0.9 s; peak memory 1222 MiB.
2026-10-01T17:57:00Z INFO [118/369] 21f4b2f0-e06b-4596-9ec3-1e2378eb2607: 36 groups; 1.3 s; peak memory 1222 MiB.
2026-10-01T17:57:01Z INFO [119/369] 21f51443-ab76-4b8d-ade0-8f6a2ee7c0ce: 48 groups; 1.7 s; peak memory 1222 MiB.
2026-10-01T17:57:03Z INFO [120/369] 21f5a52d-4073-454e-b682-8b32e4c821b0: 32 groups; 1.1 s; peak memory 1222 MiB.
2026-10-01T17:57:04Z INFO [121/369] 21f5a5f4-462f-4c7a-9736-1a29e37f66fa: 35 groups; 1.1 s; peak memory 1222 MiB.
2026-10-01T17:57:05Z INFO [122/369] 21f603a9-82bd-466d-a33f-d01b05d8bfb7: 200 groups; 1.7 s; peak memory 1222 MiB.
2026-10-01T17:58:11Z INFO [123/369] 21f61733-aa2b-4eb3-924e-7eb60e0d4ee5: 13636 groups; 65.4 s; peak memory 1222 MiB.
2026-10-01T17:58:12Z INFO [124/369] 21f72438-514f-43ff-9c77-7e12c34b2898: 32 groups; 1.1 s; peak memory 1222 MiB.
2026-10-01T17:58:13Z INFO [125/369] 21f8ed6d-5d5b-43e0-a40d-7b35b8054b90: 32 groups; 1.1 s; peak memory 1222 MiB.
2026-10-01T17:58:17Z INFO [126/369] 21f92041-0203-43c5-b5b2-9b1d8100736a: 56 groups; 4.1 s; peak memory 1222 MiB.
2026-10-01T17:58:25Z INFO [127/369] 21fa22bb-8a78-45fa-9f59-3d7b985213f8: 192 groups; 8.0 s; peak memory 1222 MiB.
2026-10-01T17:58:26Z INFO [128/369] 21fa450c-6ea7-4fa8-b917-8ef8d7eb63c5: 22 groups; 0.8 s; peak memory 1222 MiB.
2026-10-01T17:58:32Z INFO [129/369] 21fad646-5e10-445a-83cd-602d35e2a644: 17 groups; 6.6 s; peak memory 1222 MiB.
2026-10-01T17:58:39Z INFO [130/369] 21faea34-e4d0-4fe4-838f-3f092beb1679: 157 groups; 7.0 s; peak memory 1222 MiB.
2026-10-01T17:59:14Z INFO [131/369] 21fb1b88-6f87-4992-9cbb-e10cf3aee05e: 1292 groups; 34.3 s; peak memory 1222 MiB.
2026-10-01T17:59:15Z INFO [132/369] 21fb247f-8fde-49d7-baa3-86a31e905ad2: 22 groups; 1.0 s; peak memory 1222 MiB.
2026-10-01T17:59:16Z INFO [133/369] 21fb7ab4-20e6-4bf8-a3d9-1b6df6daa7ea: 32 groups; 0.9 s; peak memory 1222 MiB.
2026-10-01T17:59:22Z INFO [134/369] 21fbaf02-b442-440b-96fb-b97c9e91d3a1: 191 groups; 6.6 s; peak memory 1222 MiB.
2026-10-01T17:59:23Z INFO [135/369] 21fc4720-d8fc-430a-b85b-98dd599f32b2: 22 groups; 1.0 s; peak memory 1222 MiB.
2026-10-01T17:59:24Z INFO [136/369] 21fc4a96-1195-4b31-ac1b-97edf36726ed: 35 groups; 1.1 s; peak memory 1222 MiB.
2026-10-01T17:59:27Z INFO [137/369] 21fc839e-4f87-4a58-becb-ec57b8ca5add: 34 groups; 2.7 s; peak memory 1222 MiB.
2026-10-01T17:59:28Z INFO [138/369] 21fc89d8-a626-43c8-aa5e-9ee3b54d6c0c: 40 groups; 1.2 s; peak memory 1222 MiB.
2026-10-01T17:59:29Z INFO [139/369] 21fccd4d-a8d9-4af6-bbf4-350233fe2a16: 16 groups; 0.6 s; peak memory 1222 MiB.
2026-10-01T18:11:24Z INFO [140/369] 21fd112d-3e19-41df-9166-9051a66784f8: 29 groups; 715.9 s; peak memory 1222 MiB.
2026-10-01T18:11:27Z INFO [141/369] 21fdaafb-10fc-4827-9a94-9bab40a2b88e: 50 groups; 2.1 s; peak memory 1222 MiB.
2026-10-01T18:11:31Z INFO [142/369] 21ff96d6-8618-4bb2-8608-23e343e6dc8f: 57 groups; 4.4 s; peak memory 1222 MiB.
2026-10-01T18:11:32Z INFO [143/369] 21ffc617-cab9-4c0c-bec9-9e2e17d0c3e4: 22 groups; 1.0 s; peak memory 1222 MiB.
2026-10-01T18:11:40Z INFO [144/369] 2200af19-d92b-461c-af45-ea4d02b85f41: 265 groups; 7.6 s; peak memory 1222 MiB.
2026-10-01T18:11:44Z INFO [145/369] 2200b946-c378-4d9c-83e7-78ef8b8fb32a: 78 groups; 4.5 s; peak memory 1222 MiB.
2026-10-01T18:11:53Z INFO [146/369] 22013e32-b3b6-4b38-a70f-25c8feec1b3c: 248 groups; 9.3 s; peak memory 1222 MiB.
2026-10-01T18:11:54Z INFO [147/369] 2201f47c-48fe-4ab2-bdda-54b908d1f190: 22 groups; 0.8 s; peak memory 1222 MiB.
2026-10-01T18:11:55Z INFO [148/369] 22033407-1759-47f8-ab96-2d348a0b8ff0: 31 groups; 1.3 s; peak memory 1222 MiB.
2026-10-01T18:11:57Z INFO [149/369] 22033413-dc87-46a4-8527-935e73a80951: 33 groups; 1.3 s; peak memory 1222 MiB.
2026-10-01T18:11:58Z INFO [150/369] 220348ed-32d9-474b-a56e-567bf0e71dbb: 22 groups; 0.8 s; peak memory 1222 MiB.
2026-10-01T18:11:58Z INFO [150/369] 220348ed-32d9-474b-a56e-567bf0e71dbb: checkpointed 63365 records.
2026-10-01T18:11:59Z INFO [151/369] 22038835-532f-45cd-8d4b-b88f9f9eb907: 22 groups; 0.8 s; peak memory 1222 MiB.
2026-10-01T18:11:59Z INFO [152/369] 2203e5c2-e17e-4600-a39f-1655236f92bc: 32 groups; 0.9 s; peak memory 1222 MiB.
2026-10-01T18:12:00Z INFO [153/369] 22041d25-12b9-47d0-aae6-b21af03e33e5: 22 groups; 0.7 s; peak memory 1222 MiB.
2026-10-01T18:12:02Z INFO [154/369] 22043ec4-674a-45d2-b99b-7215351124f6: 35 groups; 1.4 s; peak memory 1222 MiB.
2026-10-01T18:12:02Z INFO [155/369] 2204a3f8-81dc-4d79-9d3b-a8a52f8d7c66: 31 groups; 0.8 s; peak memory 1222 MiB.
2026-10-01T18:12:39Z INFO [156/369] 22052e48-d00f-4360-8cd1-0b6160d20646: 102 groups; 36.2 s; peak memory 1222 MiB.
2026-10-01T18:12:40Z INFO [157/369] 2205b902-6301-405f-99a7-0fe2e22f811e: 34 groups; 1.0 s; peak memory 1222 MiB.
2026-10-01T18:12:41Z INFO [158/369] 22067f15-46b7-4005-8d1d-79524f61a300: 35 groups; 1.6 s; peak memory 1222 MiB.
2026-10-01T18:12:42Z INFO [159/369] 2206f2a3-076b-4241-b4ed-7a23df0783a8: 22 groups; 1.0 s; peak memory 1222 MiB.
2026-10-01T18:12:43Z INFO [160/369] 22074275-a102-4296-8ade-82978c91978c: 37 groups; 1.3 s; peak memory 1222 MiB.
2026-10-01T18:12:47Z INFO [161/369] 2207c64a-41c7-431b-8dd6-f75674a6b9e4: 153 groups; 4.0 s; peak memory 1222 MiB.
2026-10-01T18:12:49Z INFO [162/369] 22092136-1d2e-42e0-bd35-55376bcd5c7e: 29 groups; 1.2 s; peak memory 1222 MiB.
2026-10-01T18:12:50Z INFO [163/369] 220997ac-ad54-47b6-ab50-2d0253658f52: 32 groups; 1.5 s; peak memory 1222 MiB.
2026-10-01T18:12:51Z INFO [164/369] 2209de36-34f5-4151-a5e5-f27afed64171: 22 groups; 0.8 s; peak memory 1222 MiB.
2026-10-01T18:12:52Z INFO [165/369] 220a2a13-8fc2-4cb6-95e4-e522ee0d5a47: 207 groups; 1.2 s; peak memory 1222 MiB.
2026-10-01T18:12:53Z INFO [166/369] 220a32db-33c0-4ae0-96ea-41261d3167b9: 32 groups; 0.9 s; peak memory 1222 MiB.
2026-10-01T18:12:54Z INFO [167/369] 220a3bc7-c9c5-4600-aa63-8fd41809e9e6: 29 groups; 1.2 s; peak memory 1222 MiB.
2026-10-01T18:12:55Z INFO [168/369] 220a62b0-e9ca-447e-939a-52535f2ba7f5: 22 groups; 0.8 s; peak memory 1222 MiB.
2026-10-01T18:12:56Z INFO [169/369] 220b551f-6359-4738-8482-11852d9cb5c2: 32 groups; 1.3 s; peak memory 1222 MiB.
2026-10-01T18:12:57Z INFO [170/369] 220b5cf2-bd26-4548-8c4f-51f8f914ec4a: 26 groups; 1.0 s; peak memory 1222 MiB.
2026-10-01T18:12:59Z INFO [171/369] 220bc316-e313-40c0-a139-9cf0577eeaf2: 203 groups; 1.3 s; peak memory 1222 MiB.
2026-10-01T18:12:59Z INFO [172/369] 220c53d1-44f4-4f5f-bb33-b5bfa443d2f7: 32 groups; 0.9 s; peak memory 1222 MiB.
2026-10-01T18:13:06Z INFO [173/369] 220c9e1a-d7fc-4cb2-a785-07d53c689d8d: 29 groups; 6.8 s; peak memory 1222 MiB.
2026-10-01T18:13:07Z INFO [174/369] 220d7bcf-517f-4e77-8365-9a1c12d29a51: 22 groups; 0.9 s; peak memory 1222 MiB.
2026-10-01T18:13:29Z INFO [175/369] 2212031c-91d9-4934-b2e1-a8badaa040f0: 926 groups; 22.0 s; peak memory 1222 MiB.
2026-10-01T18:13:31Z INFO [176/369] 22122117-da62-4623-9b2b-75b9957490c1: 61 groups; 2.3 s; peak memory 1222 MiB.
2026-10-01T18:13:32Z INFO [177/369] 2212a6eb-430b-4c94-85d6-60fde67e5876: 22 groups; 0.8 s; peak memory 1222 MiB.
2026-10-01T18:13:33Z INFO [178/369] 2212b71d-d69f-4b16-8062-6656fb46c14b: 32 groups; 1.1 s; peak memory 1222 MiB.
2026-10-01T18:13:35Z INFO [179/369] 22130e1a-6698-428e-8efa-b8fa26aa1b44: 206 groups; 2.1 s; peak memory 1222 MiB.
2026-10-01T18:13:52Z INFO [180/369] 22152bb7-397f-47b2-8f67-d5dd2001f4d1: 172 groups; 16.8 s; peak memory 1222 MiB.
2026-10-01T18:13:54Z INFO [181/369] 22157d97-ebf3-4bf7-b1af-e580481bc15a: 35 groups; 1.4 s; peak memory 1222 MiB.
2026-10-01T18:13:54Z INFO [182/369] 2215cde8-4344-4c8e-8e0b-42e152432d01: 28 groups; 0.7 s; peak memory 1222 MiB.
2026-10-01T18:13:55Z INFO [183/369] 22163361-50f9-448c-9b6c-edb005fa1912: 32 groups; 1.0 s; peak memory 1222 MiB.
2026-10-01T18:13:57Z INFO [184/369] 2216b3bb-f903-4310-b4d5-60fb42565dd0: 337 groups; 1.2 s; peak memory 1222 MiB.
2026-10-01T18:13:58Z INFO [185/369] 22170218-c922-4dd9-a9ea-677cd9f1d91d: 22 groups; 1.0 s; peak memory 1222 MiB.
2026-10-01T18:13:58Z INFO [186/369] 2217271b-d9ca-4816-9d5d-d28b933352fb: 20 groups; 0.8 s; peak memory 1222 MiB.
2026-10-01T18:14:00Z INFO [187/369] 22176ea8-2606-406f-9da3-21d234191410: 29 groups; 1.3 s; peak memory 1222 MiB.
2026-10-01T18:14:02Z INFO [188/369] 22189cc9-7de8-4ed2-ac58-802ae3ff5dbb: 48 groups; 2.6 s; peak memory 1222 MiB.
2026-10-01T18:14:03Z INFO [189/369] 221a30cc-9260-434a-82d3-4cda0208f71b: 26 groups; 0.6 s; peak memory 1222 MiB.
2026-10-01T18:14:04Z INFO [190/369] 221b6ca9-fbfb-4d4b-929e-0a9f083de030: 22 groups; 0.9 s; peak memory 1222 MiB.
2026-10-01T18:14:05Z INFO [191/369] 221bf7fc-5d48-4ae1-b2a0-66e3b3f3bd7d: 43 groups; 1.5 s; peak memory 1222 MiB.
2026-10-01T18:14:07Z INFO [192/369] 221c7b1d-1be0-4df6-b895-498fb3dcaa81: 195 groups; 1.2 s; peak memory 1222 MiB.
2026-10-01T18:14:07Z INFO [193/369] 221ce63f-26f4-42dc-8d76-323a920141e4: 32 groups; 1.0 s; peak memory 1222 MiB.
2026-10-01T18:14:17Z INFO [194/369] 221d34e1-5d6a-43ce-bf3f-f846dc7c2263: 138 groups; 9.4 s; peak memory 1222 MiB.
2026-10-01T18:14:17Z INFO [195/369] 221dc118-4ff9-4fe3-8a5a-950c9194c41a: 25 groups; 0.6 s; peak memory 1222 MiB.
2026-10-01T18:14:19Z INFO [196/369] 221ec39d-377c-45d9-ba06-3f608fc0dd75: 33 groups; 1.6 s; peak memory 1222 MiB.
2026-10-01T18:14:20Z INFO [197/369] 22201234-80aa-4d8c-9a5e-e001202b302f: 31 groups; 0.8 s; peak memory 1222 MiB.
2026-10-01T18:14:22Z INFO [198/369] 222075d7-7d3a-41b0-a083-891231dd1ffc: 48 groups; 2.3 s; peak memory 1222 MiB.
2026-10-01T18:14:23Z INFO [199/369] 2220a651-1d27-4ed9-a4d3-b7bd576e7a5a: 34 groups; 1.0 s; peak memory 1222 MiB.
2026-10-01T18:14:25Z INFO [200/369] 22212e8a-7d68-48bd-9d8b-ed2c4e7c76f5: 48 groups; 1.6 s; peak memory 1222 MiB.
2026-10-01T18:14:25Z INFO [200/369] 22212e8a-7d68-48bd-9d8b-ed2c4e7c76f5: checkpointed 63415 records.
2026-10-01T18:14:26Z INFO [201/369] 2221713f-cad7-4e20-8115-d5b4ccfce279: 22 groups; 0.9 s; peak memory 1222 MiB.
2026-10-01T18:14:35Z INFO [202/369] 22234730-c68f-467a-8590-995920850d61: 206 groups; 9.0 s; peak memory 1222 MiB.
2026-10-01T18:14:36Z INFO [203/369] 22237402-85f7-4202-af80-7e9830c4cfe1: 22 groups; 0.8 s; peak memory 1222 MiB.
2026-10-01T18:14:37Z INFO [204/369] 222446e0-4a98-4b34-9eaf-3c6aa1a9354a: 22 groups; 0.9 s; peak memory 1222 MiB.
2026-10-01T18:14:37Z INFO [205/369] 22249a7a-c9ba-4cb5-a40d-6e530ccd92c0: 33 groups; 0.9 s; peak memory 1222 MiB.
2026-10-01T18:14:38Z INFO [206/369] 222516ed-a51e-4626-b474-f694211f4919: 16 groups; 0.7 s; peak memory 1222 MiB.
2026-10-01T18:14:39Z INFO [207/369] 22251bb1-980f-464c-8929-8b10e085fd71: 32 groups; 1.0 s; peak memory 1222 MiB.
2026-10-01T18:14:40Z INFO [208/369] 22258392-15aa-4f37-841f-02f994c546f3: 36 groups; 1.3 s; peak memory 1222 MiB.
2026-10-01T18:14:43Z INFO [209/369] 2225f13a-3d5f-4c3c-a2b3-7243587ae408: 61 groups; 2.7 s; peak memory 1222 MiB.
2026-10-01T18:14:44Z INFO [210/369] 22268d1b-2d60-493d-ae86-b60aedd3f3ee: 32 groups; 1.0 s; peak memory 1222 MiB.
2026-10-01T18:14:45Z INFO [211/369] 22272e1a-f781-49af-b130-0bbfcda3aa1e: 31 groups; 0.7 s; peak memory 1222 MiB.
2026-10-01T18:14:46Z INFO [212/369] 22275328-cb79-4f3a-a68a-4df818da6cdb: 22 groups; 1.0 s; peak memory 1222 MiB.
2026-10-01T18:14:47Z INFO [213/369] 2227fd1e-1960-47a8-9712-8dcc56d140b0: 35 groups; 1.0 s; peak memory 1222 MiB.
2026-10-01T18:15:09Z INFO [214/369] 22282c46-d155-4f9f-8a76-77c9073cc1f8: 23 groups; 22.5 s; peak memory 1222 MiB.
2026-10-01T18:15:10Z INFO [215/369] 2228798f-8d7c-423f-9e96-e45f97ea8ab9: 32 groups; 1.1 s; peak memory 1222 MiB.
2026-10-01T18:15:12Z INFO [216/369] 22291069-1ab0-4160-bc36-ffe2011f7d8b: 48 groups; 2.0 s; peak memory 1222 MiB.
2026-10-01T18:15:13Z INFO [217/369] 222921cc-f3bf-4393-bef6-9b60b4c18903: 22 groups; 1.0 s; peak memory 1222 MiB.
2026-10-01T18:15:14Z INFO [218/369] 2229374e-6853-4972-ad07-6ce1cbe6c4e1: 22 groups; 0.9 s; peak memory 1222 MiB.
2026-10-01T18:15:16Z INFO [219/369] 222af2af-96ce-4af3-8195-72fbb43b36d3: 48 groups; 1.4 s; peak memory 1222 MiB.
2026-10-01T18:15:17Z INFO [220/369] 222bda75-77ca-4d57-97be-c40b40bc6b45: 336 groups; 1.3 s; peak memory 1222 MiB.
2026-10-01T18:15:18Z INFO [221/369] 222c5cd5-661d-4658-969b-90f0866458d8: 194 groups; 1.0 s; peak memory 1222 MiB.
2026-10-01T18:15:20Z INFO [222/369] 222da00c-fad1-4257-81fc-ffaac2f15b33: 17 groups; 1.8 s; peak memory 1222 MiB.
2026-10-01T18:15:21Z INFO [223/369] 222dd8ed-68e6-4e81-83a6-6b54f1b2ece8: 22 groups; 0.8 s; peak memory 1222 MiB.
2026-10-01T18:15:25Z INFO [224/369] 222e72d8-0968-4968-8bf3-dfb7c9cf9294: 71 groups; 4.3 s; peak memory 1222 MiB.
2026-10-01T18:15:26Z INFO [225/369] 222f49d1-a1e6-42d9-8872-1cd49c8cfb95: 35 groups; 0.9 s; peak memory 1222 MiB.
2026-10-01T18:15:27Z INFO [226/369] 222fe871-5aba-478c-83b4-00195f3b7ecd: 49 groups; 1.3 s; peak memory 1222 MiB.
2026-10-01T18:15:28Z INFO [227/369] 222ff095-5157-4893-923f-1cdfcee3c2cd: 32 groups; 1.0 s; peak memory 1222 MiB.
2026-10-01T18:15:29Z INFO [228/369] 2230b810-e94a-43fa-83e0-f686d80ae9ee: 22 groups; 0.9 s; peak memory 1222 MiB.
2026-10-01T18:15:30Z INFO [229/369] 223244fb-1209-4a13-b06e-17584e3331c5: 22 groups; 1.0 s; peak memory 1222 MiB.
2026-10-01T18:15:32Z INFO [230/369] 22327ae3-40eb-45bb-8997-346751394534: 336 groups; 1.5 s; peak memory 1222 MiB.
2026-10-01T18:15:33Z INFO [231/369] 2233f448-bc05-4ddf-b2f7-8ec0fcdbd159: 33 groups; 1.2 s; peak memory 1222 MiB.
2026-10-01T18:15:34Z INFO [232/369] 223508b5-8d90-43d3-9c2f-2d2f3f93ac46: 21 groups; 0.7 s; peak memory 1222 MiB.
2026-10-01T18:15:34Z INFO [233/369] 22358187-8b89-4b40-b1f5-4342525f3f7f: 32 groups; 0.8 s; peak memory 1222 MiB.
2026-10-01T18:15:37Z INFO [234/369] 22360278-7e25-4e7b-b72b-9640b418705a: 50 groups; 2.5 s; peak memory 1222 MiB.
2026-10-01T18:15:38Z INFO [235/369] 22368c50-edc0-4546-8f67-ec900f340507: 22 groups; 1.0 s; peak memory 1222 MiB.
2026-10-01T18:15:39Z INFO [236/369] 22369ee4-d960-4944-859c-ed704338c979: 35 groups; 1.0 s; peak memory 1222 MiB.
2026-10-01T18:15:40Z INFO [237/369] 2236d43e-6801-4bd7-b382-2ed1fc536d6b: 22 groups; 0.9 s; peak memory 1222 MiB.
2026-10-01T18:15:41Z INFO [238/369] 223724bb-f388-419c-b04c-8b3fab4d5bbc: 22 groups; 0.8 s; peak memory 1222 MiB.
2026-10-01T18:15:45Z INFO [239/369] 22379a59-148d-4944-a11a-3aee966856cd: 22 groups; 4.8 s; peak memory 1222 MiB.
2026-10-01T18:16:00Z INFO [240/369] 2237a088-29d7-4701-b32e-d03157d3b854: 17 groups; 14.4 s; peak memory 1222 MiB.
2026-10-01T18:16:01Z INFO [241/369] 223af210-42e1-417e-8743-46040055e018: 202 groups; 1.3 s; peak memory 1222 MiB.
2026-10-01T18:16:13Z INFO [242/369] 223b0b47-975b-4ead-aee6-f559e18ea958: 215 groups; 11.5 s; peak memory 1222 MiB.
2026-10-01T18:16:13Z INFO [243/369] 223b4521-91c7-403a-96d4-36d2d0d55e5c: 22 groups; 0.8 s; peak memory 1222 MiB.
2026-10-01T18:16:14Z INFO [244/369] 223b6e43-c154-4f4e-a2d9-06d9c26c4ae0: 31 groups; 0.6 s; peak memory 1222 MiB.
2026-10-01T18:16:15Z INFO [245/369] 223b7eaa-51ca-479d-b5de-9d9951cafeb7: 24 groups; 0.7 s; peak memory 1222 MiB.
2026-10-01T18:16:19Z INFO [246/369] 223c20f4-24e2-4e98-9aa8-7ef09a317259: 142 groups; 4.5 s; peak memory 1222 MiB.
2026-10-01T18:16:23Z INFO [247/369] 223d7a01-60f3-45ba-8a6d-18924a31082f: 136 groups; 3.8 s; peak memory 1222 MiB.
2026-10-01T18:16:24Z INFO [248/369] 223e01ba-2a0a-4abb-9ee0-85dd07acf822: 33 groups; 0.9 s; peak memory 1222 MiB.
2026-10-01T18:16:26Z INFO [249/369] 223eda9e-be1c-4544-811d-a9f65981fd3d: 47 groups; 2.5 s; peak memory 1222 MiB.
2026-10-01T18:16:27Z INFO [250/369] 223f0f4a-5161-473e-b0fe-97b8d60e9333: 22 groups; 1.0 s; peak memory 1222 MiB.
2026-10-01T18:16:27Z INFO [250/369] 223f0f4a-5161-473e-b0fe-97b8d60e9333: checkpointed 63465 records.
2026-10-01T18:16:28Z INFO [251/369] 223f679f-139c-40ff-8f53-4bde8e491b43: 16 groups; 0.6 s; peak memory 1222 MiB.
2026-10-01T18:16:29Z INFO [252/369] 223ff433-5624-464b-ac0a-d08196af545c: 17 groups; 0.7 s; peak memory 1222 MiB.
2026-10-01T18:16:36Z INFO [253/369] 22400375-ff1f-423c-877c-43d63e9a4f41: 94 groups; 7.4 s; peak memory 1222 MiB.
2026-10-01T18:16:37Z INFO [254/369] 22401e52-b8c1-4311-ba43-daaa72cb617a: 40 groups; 1.1 s; peak memory 1222 MiB.
2026-10-01T18:16:38Z INFO [255/369] 22403de7-7afe-4436-9045-737f1690d841: 22 groups; 0.9 s; peak memory 1222 MiB.
2026-10-01T18:16:39Z INFO [256/369] 22409c14-7dc7-46cb-8261-6ae3c859cb4d: 25 groups; 1.0 s; peak memory 1222 MiB.
2026-10-01T18:16:40Z INFO [257/369] 2240a905-56b4-40d7-bd17-4eb8eab706d9: 35 groups; 1.4 s; peak memory 1222 MiB.
2026-10-01T18:16:41Z INFO [258/369] 2241f9ed-580d-4a79-8f0b-61d6e298f5c0: 22 groups; 0.9 s; peak memory 1222 MiB.
2026-10-01T18:16:42Z INFO [259/369] 2242dd65-f75d-4566-ab54-b9b93d119ee5: 22 groups; 0.9 s; peak memory 1222 MiB.
2026-10-01T18:16:43Z INFO [260/369] 22438bf6-833b-4a41-b7cd-a7092ce3f983: 35 groups; 0.9 s; peak memory 1222 MiB.
2026-10-01T18:16:44Z INFO [261/369] 224420a0-5052-4ba4-a772-ff30b1b5a63e: 32 groups; 0.9 s; peak memory 1222 MiB.
2026-10-01T18:16:52Z INFO [262/369] 22456944-50e1-4efd-9e73-05e41b34e728: 63 groups; 8.2 s; peak memory 1222 MiB.
2026-10-01T18:16:56Z INFO [263/369] 224629b2-eaec-4b32-af8c-48fca59e5f1e: 163 groups; 3.6 s; peak memory 1222 MiB.
2026-10-01T18:16:57Z INFO [264/369] 2246320f-1ff3-4948-9f3d-e5f60ef99951: 253 groups; 0.9 s; peak memory 1222 MiB.
2026-10-01T18:16:58Z INFO [265/369] 224648f5-129a-43fb-9d1a-adf4d787dd24: 32 groups; 1.1 s; peak memory 1222 MiB.
2026-10-01T18:17:01Z INFO [266/369] 22483bf8-61a8-42c3-92af-f460edb29eec: 34 groups; 2.6 s; peak memory 1222 MiB.
2026-10-01T18:17:13Z INFO [267/369] 2248bdba-56bb-4194-b7d8-15d9cdb79244: 182 groups; 12.6 s; peak memory 1222 MiB.
2026-10-01T18:17:23Z INFO [268/369] 2248daf6-6b44-4d0e-b778-7eb1c445e495: 223 groups; 9.9 s; peak memory 1222 MiB.
2026-10-01T18:17:24Z INFO [269/369] 22491f91-9725-4572-b6ec-d263c069dcfc: 22 groups; 0.9 s; peak memory 1222 MiB.
2026-10-01T18:17:25Z INFO [270/369] 22492dc9-dfee-48ae-9460-0663370fb8a8: 35 groups; 1.2 s; peak memory 1222 MiB.
2026-10-01T18:17:30Z INFO [271/369] 22496733-8eff-426b-9de2-c893a8929c06: 181 groups; 4.3 s; peak memory 1222 MiB.
2026-10-01T18:17:33Z INFO [272/369] 224993f1-029d-4b41-a0e1-f7405445ac66: 57 groups; 3.6 s; peak memory 1222 MiB.
2026-10-01T18:17:34Z INFO [273/369] 224a0d99-3043-4e15-a5e0-66bedd74d48c: 33 groups; 0.7 s; peak memory 1222 MiB.
2026-10-01T18:17:35Z INFO [274/369] 224a5e5a-a722-42e3-a18b-f612e7f48dc7: 254 groups; 1.0 s; peak memory 1222 MiB.
2026-10-01T18:17:47Z INFO [275/369] 224c95ec-2990-443e-99e8-e988d748fdf9: 148 groups; 12.0 s; peak memory 1222 MiB.
2026-10-01T18:17:48Z INFO [276/369] 224d24e3-e1fd-482b-8e66-4a4f2ce340e0: 32 groups; 1.1 s; peak memory 1222 MiB.
2026-10-01T18:17:50Z INFO [277/369] 224d3346-f85d-4087-a0a4-ccce36ca2221: 50 groups; 2.1 s; peak memory 1222 MiB.
2026-10-01T18:18:02Z INFO [278/369] 224d729f-0945-4ce5-9062-9d81c863c110: 293 groups; 11.5 s; peak memory 1222 MiB.
2026-10-01T18:18:03Z INFO [279/369] 224dfcc9-8236-449a-883f-9166b909e7c3: 27 groups; 1.5 s; peak memory 1222 MiB.
2026-10-01T18:18:04Z INFO [280/369] 224ea356-9c88-4714-a264-6ed83ac70f7a: 28 groups; 0.8 s; peak memory 1222 MiB.
2026-10-01T18:18:09Z INFO [281/369] 224f79f7-539a-43a3-835f-72312cb5ebf8: 66 groups; 5.7 s; peak memory 1222 MiB.
2026-10-01T18:18:17Z INFO [282/369] 224f87de-a82b-44a2-86ec-d0f9b996082a: 131 groups; 7.7 s; peak memory 1222 MiB.
2026-10-01T18:18:18Z INFO [283/369] 224fb0aa-1bc3-473f-b2ab-0e93d34699b6: 22 groups; 0.9 s; peak memory 1222 MiB.
2026-10-01T18:18:20Z INFO [284/369] 22518734-a61d-468b-829e-607648464bf3: 194 groups; 1.8 s; peak memory 1222 MiB.
2026-10-01T18:18:21Z INFO [285/369] 2251ac2d-7dec-41ec-bec8-d3de4b0f8a8e: 22 groups; 1.1 s; peak memory 1222 MiB.
2026-10-01T18:18:22Z INFO [286/369] 22521f6c-cee6-4f56-bb47-d38227c4a846: 22 groups; 1.1 s; peak memory 1222 MiB.
2026-10-01T18:18:23Z INFO [287/369] 22525b4b-2a30-4d69-9881-c1c2079e9203: 24 groups; 1.3 s; peak memory 1222 MiB.
2026-10-01T18:18:24Z INFO [288/369] 225340a9-d1ec-4ead-af97-7704b5e8031f: 32 groups; 0.9 s; peak memory 1222 MiB.
2026-10-01T18:18:26Z INFO [289/369] 22544cea-ba97-4a61-b5cd-4096d5618cca: 42 groups; 1.4 s; peak memory 1222 MiB.
2026-10-01T18:18:27Z INFO [290/369] 22553db3-ae3d-43a1-8706-26af3c1a1d16: 25 groups; 0.9 s; peak memory 1222 MiB.
2026-10-01T18:18:28Z INFO [291/369] 2255493c-aae1-41aa-9433-0feae0b614a7: 32 groups; 0.8 s; peak memory 1222 MiB.
2026-10-01T18:18:29Z INFO [292/369] 2255ba7c-705d-4890-b33c-8ec0da67e948: 196 groups; 1.3 s; peak memory 1222 MiB.
2026-10-01T18:18:30Z INFO [293/369] 22561131-1521-46ff-a99c-b527eef39c12: 35 groups; 1.3 s; peak memory 1222 MiB.
2026-10-01T18:18:32Z INFO [294/369] 225630fd-4bf3-4e8e-802b-9ae2a4cb4995: 196 groups; 1.4 s; peak memory 1222 MiB.
2026-10-01T18:18:32Z INFO [295/369] 2256642e-152e-4625-ad65-152bb9040295: 22 groups; 0.9 s; peak memory 1222 MiB.
2026-10-01T18:18:33Z INFO [296/369] 2257488a-1504-41ee-b128-6829a4abf564: 32 groups; 1.0 s; peak memory 1222 MiB.
2026-10-01T18:18:34Z INFO [297/369] 22584a04-c73b-4cf9-ad3a-894ffac9f293: 33 groups; 0.9 s; peak memory 1222 MiB.
2026-10-01T18:18:39Z INFO [298/369] 225939dc-2fab-47e5-9273-9a1cbb8cfd73: 181 groups; 4.8 s; peak memory 1222 MiB.
2026-10-01T18:18:40Z INFO [299/369] 22595c03-f60d-4a52-b415-f480cc8cf124: 22 groups; 1.1 s; peak memory 1222 MiB.
2026-10-01T18:18:41Z INFO [300/369] 225ae5b6-0fd7-4d1c-a327-4e79cf67b1a8: 22 groups; 0.9 s; peak memory 1222 MiB.
2026-10-01T18:18:41Z INFO [300/369] 225ae5b6-0fd7-4d1c-a327-4e79cf67b1a8: checkpointed 63515 records.
2026-10-01T18:18:42Z INFO [301/369] 225b2372-b7fd-4896-8376-4c573824e0c9: 17 groups; 0.6 s; peak memory 1222 MiB.
2026-10-01T18:18:42Z INFO [302/369] 225b29ef-d20e-4ffc-9164-96c71cca8faf: 16 groups; 0.5 s; peak memory 1222 MiB.
2026-10-01T18:18:44Z INFO [303/369] 225c6e27-f1ff-45e6-b43f-5befd61d4a57: 32 groups; 1.3 s; peak memory 1222 MiB.
2026-10-01T18:21:07Z INFO [304/369] 225d0318-b7b6-407d-b362-2cb47244f553: 80 groups; 143.6 s; peak memory 1222 MiB.
2026-10-01T18:21:09Z INFO [305/369] 225d239a-ffc5-4113-8081-e6b82ee6c362: 50 groups; 2.2 s; peak memory 1222 MiB.
2026-10-01T18:21:18Z INFO [306/369] 225d5700-db44-4b52-b41f-79f8024b6c60: 73 groups; 8.1 s; peak memory 1222 MiB.
2026-10-01T18:21:19Z INFO [307/369] 225dae17-1a48-4866-8355-c3aa30436d0f: 257 groups; 1.1 s; peak memory 1222 MiB.
2026-10-01T18:21:20Z INFO [308/369] 225e70ff-3d1a-4c0d-af98-5a7c207c89c1: 196 groups; 1.3 s; peak memory 1222 MiB.
2026-10-01T18:21:21Z INFO [309/369] 225e7a66-32fb-4826-875b-0d20674c0206: 32 groups; 1.0 s; peak memory 1222 MiB.
2026-10-01T18:21:22Z INFO [310/369] 225f05eb-9a8f-4aa6-a949-d933aa541252: 16 groups; 1.0 s; peak memory 1222 MiB.
2026-10-01T18:21:23Z INFO [311/369] 225f3566-5fe2-4e93-a3e7-ee6c0b99ab87: 22 groups; 1.2 s; peak memory 1222 MiB.
2026-10-01T18:21:49Z INFO [312/369] 225f53b3-1c3a-4665-9c59-86b70eaac101: 23 groups; 25.9 s; peak memory 1222 MiB.
2026-10-01T18:21:50Z INFO [313/369] 2260f508-e0e7-4412-a050-fbf81296bf11: 35 groups; 1.1 s; peak memory 1222 MiB.
2026-10-01T18:21:51Z INFO [314/369] 226153cd-e474-41dc-9f1b-03ad9b4f3ecb: 22 groups; 1.1 s; peak memory 1222 MiB.
2026-10-01T18:21:52Z INFO [315/369] 226187f8-39d7-46df-a14f-2cf794633e6d: 22 groups; 1.0 s; peak memory 1222 MiB.
2026-10-01T18:21:53Z INFO [316/369] 22628654-f549-48fc-8a4a-da0f05b7a498: 17 groups; 0.6 s; peak memory 1222 MiB.
2026-10-01T18:21:54Z INFO [317/369] 22637b4a-0c95-4afd-8317-33be731e0da9: 30 groups; 1.1 s; peak memory 1222 MiB.
2026-10-01T18:21:56Z INFO [318/369] 226432bd-5be4-4f5f-950e-7a2d83d8a924: 35 groups; 1.7 s; peak memory 1222 MiB.
2026-10-01T18:21:57Z INFO [319/369] 2264c2e0-cf43-4140-a2df-289ac7728735: 341 groups; 1.8 s; peak memory 1222 MiB.
2026-10-01T18:21:58Z INFO [320/369] 2264d901-eb93-48cf-8a7f-7086f744005f: 22 groups; 0.9 s; peak memory 1222 MiB.
2026-10-01T18:21:59Z INFO [321/369] 22650ae0-4739-40a4-a51c-b56f31b0a0e6: 32 groups; 1.0 s; peak memory 1222 MiB.
2026-10-01T18:22:01Z INFO [322/369] 22658df2-b465-4ab5-9c5e-6cd739b15175: 27 groups; 1.2 s; peak memory 1222 MiB.
2026-10-01T18:22:01Z INFO [323/369] 2265c16d-55b4-4302-a9b5-0e888de8243a: 31 groups; 0.7 s; peak memory 1222 MiB.
2026-10-01T18:22:02Z INFO [324/369] 22664cb0-90e5-495e-b33d-f5da8e4f07c7: 31 groups; 0.8 s; peak memory 1222 MiB.
2026-10-01T18:22:03Z INFO [325/369] 22667eed-056b-4d9c-a7b7-6c8c80a68e19: 22 groups; 1.0 s; peak memory 1222 MiB.
2026-10-01T18:22:04Z INFO [326/369] 22673816-000c-47c3-808c-3ab80b21e06e: 22 groups; 1.1 s; peak memory 1222 MiB.
2026-10-01T18:22:06Z INFO [327/369] 2267df6b-9891-4176-bb79-d21a8be55384: 33 groups; 1.6 s; peak memory 1222 MiB.
2026-10-01T18:22:07Z INFO [328/369] 22682a3b-d6cd-4854-b971-f6e135d64a96: 35 groups; 1.7 s; peak memory 1222 MiB.
2026-10-01T18:22:08Z INFO [329/369] 226928f0-45c0-423b-ae75-e777e6808de0: 18 groups; 0.9 s; peak memory 1222 MiB.
2026-10-01T18:22:09Z INFO [330/369] 226a8246-78c6-44e5-8d02-9e67618548d4: 203 groups; 1.2 s; peak memory 1222 MiB.
2026-10-01T18:22:10Z INFO [331/369] 226b587a-6dad-45ae-aac9-5e5b385c40fb: 31 groups; 0.9 s; peak memory 1222 MiB.
2026-10-01T18:22:12Z INFO [332/369] 226bfbc9-f2e1-4922-b98b-985c67fb2ac1: 35 groups; 1.3 s; peak memory 1222 MiB.
2026-10-01T18:22:13Z INFO [333/369] 226c4b97-cdd8-451a-9eac-6469422ba890: 32 groups; 1.1 s; peak memory 1222 MiB.
2026-10-01T18:22:14Z INFO [334/369] 226c5473-9997-4bb5-82f9-57b2996a7b75: 28 groups; 0.9 s; peak memory 1222 MiB.
2026-10-01T18:22:15Z INFO [335/369] 226cc948-dd06-489d-87ae-621c0bb2eebb: 22 groups; 1.0 s; peak memory 1222 MiB.
2026-10-01T18:22:17Z INFO [336/369] 226d23e9-e5ed-4030-9de6-2aceb5c91e1d: 56 groups; 2.7 s; peak memory 1222 MiB.
2026-10-01T18:22:18Z INFO [337/369] 226d677f-f962-495e-9283-d23d800c98d4: 22 groups; 1.0 s; peak memory 1222 MiB.
2026-10-01T18:22:19Z INFO [338/369] 226dd50b-1bd1-43b0-9e28-c93112b74a8f: 26 groups; 0.9 s; peak memory 1222 MiB.
2026-10-01T18:22:26Z INFO [339/369] 226df11f-3084-4fcb-890d-24eba3d6ac05: 1869 groups; 6.6 s; peak memory 1222 MiB.
2026-10-01T18:22:27Z INFO [340/369] 226e15df-407d-451b-bcd4-6ad51a90ea8f: 22 groups; 0.9 s; peak memory 1222 MiB.
2026-10-01T18:22:27Z INFO [341/369] 226e9523-d57c-44b0-99d7-10827304cac2: 16 groups; 0.6 s; peak memory 1222 MiB.
2026-10-01T18:22:28Z INFO [342/369] 226f15c1-eb91-4192-b866-837efa62808f: 32 groups; 1.1 s; peak memory 1222 MiB.
2026-10-01T18:22:29Z INFO [343/369] 226f7beb-d178-430d-848c-12babd2b6512: 25 groups; 0.9 s; peak memory 1222 MiB.
2026-10-01T18:22:32Z INFO [344/369] 226f7fbc-e71f-4940-924e-bdfd8ef651d8: 202 groups; 2.5 s; peak memory 1222 MiB.
2026-10-01T18:22:33Z INFO [345/369] 226f930d-649c-4a50-9d1f-0f0ac9537738: 22 groups; 0.9 s; peak memory 1222 MiB.
2026-10-01T18:22:34Z INFO [346/369] 22710e96-6a3e-44c9-a1b0-b0db3428aea2: 35 groups; 1.3 s; peak memory 1222 MiB.
2026-10-01T18:25:19Z INFO [347/369] 227139f3-c7c7-4493-b4fa-dd20a916c637: 68 groups; 164.6 s; peak memory 1222 MiB.
2026-10-01T18:25:20Z INFO [348/369] 22713c96-4c31-4497-b3af-bec512863687: 22 groups; 1.1 s; peak memory 1222 MiB.
2026-10-01T18:25:21Z INFO [349/369] 227292d9-2979-4dd2-8275-373a123d979d: 24 groups; 0.9 s; peak memory 1222 MiB.
2026-10-01T18:57:06Z INFO [350/369] 2272e935-fb62-4e84-8869-e0bddd4aed4a: 29 groups; 1905.6 s; peak memory 1222 MiB.
2026-10-01T18:57:06Z INFO [350/369] 2272e935-fb62-4e84-8869-e0bddd4aed4a: checkpointed 63565 records.
2026-10-01T18:57:08Z INFO [351/369] 227353e6-a09f-4687-b11d-7713004670b6: 32 groups; 1.1 s; peak memory 1222 MiB.
2026-10-01T18:57:10Z INFO [352/369] 2273893b-a481-4d1f-8386-39892a436972: 48 groups; 2.6 s; peak memory 1222 MiB.
2026-10-01T18:57:11Z INFO [353/369] 2274e856-83f0-468a-9f1f-cc62f515a911: 32 groups; 1.0 s; peak memory 1222 MiB.
2026-10-01T18:57:15Z INFO [354/369] 2274ee6d-10d5-4ffc-b623-c8a16f8202a6: 17 groups; 3.6 s; peak memory 1222 MiB.
2026-10-01T18:57:16Z INFO [355/369] 22751364-060a-4c04-8226-50558a98da99: 26 groups; 1.0 s; peak memory 1222 MiB.
2026-10-01T18:57:17Z INFO [356/369] 2275279b-16f8-4c60-ab03-f0f41ca26d9c: 251 groups; 1.0 s; peak memory 1222 MiB.
2026-10-01T18:57:18Z INFO [357/369] 2275746d-5fd8-4908-a740-b1163ff65ae8: 22 groups; 0.9 s; peak memory 1222 MiB.
2026-10-01T18:57:19Z INFO [358/369] 2275d0c0-346e-4cd2-ba60-40d36345dd93: 36 groups; 1.6 s; peak memory 1222 MiB.
2026-10-01T18:57:33Z INFO [359/369] 2277f089-86c8-4422-bcad-484f47fe4170: 96 groups; 14.0 s; peak memory 1222 MiB.
2026-10-01T18:57:34Z INFO [360/369] 22789492-89f9-45ae-a5fd-8e813040e114: 22 groups; 1.1 s; peak memory 1222 MiB.
2026-10-01T18:59:29Z INFO [361/369] 2278e5b4-8244-48c4-82c7-3d0e5a3fbdac: 63 groups; 114.5 s; peak memory 1222 MiB.
2026-10-01T18:59:30Z INFO [362/369] 2278e7b7-ca14-4461-92e9-75f5fc8ee1dc: 33 groups; 1.4 s; peak memory 1222 MiB.
2026-10-01T18:59:32Z INFO [363/369] 2278eb25-f27a-4150-80be-6a2f0f19c474: 36 groups; 1.4 s; peak memory 1222 MiB.
2026-10-01T18:59:33Z INFO [364/369] 2279178e-6976-4469-8764-913ecbb3e856: 22 groups; 1.0 s; peak memory 1222 MiB.
2026-10-01T18:59:34Z INFO [365/369] 2279f15d-92be-4f3b-82a3-2c0100ab33d3: 202 groups; 1.2 s; peak memory 1222 MiB.
2026-10-01T18:59:35Z INFO [366/369] 227a5713-b37c-4793-85b4-931d3647ce73: 32 groups; 0.7 s; peak memory 1222 MiB.
2026-10-01T18:59:37Z INFO [367/369] 227afe0e-976f-43e9-b000-aeeeef289658: 17 groups; 2.1 s; peak memory 1222 MiB.
2026-10-01T18:59:37Z INFO [368/369] 227b68b6-b903-4866-a7f6-3f12f9a24c6f: 30 groups; 0.7 s; peak memory 1222 MiB.
2026-10-01T18:59:39Z INFO [369/369] 227c5a0c-5062-4b41-b408-f3aff24d3288: 48 groups; 2.0 s; peak memory 1222 MiB.
2026-10-01T18:59:40Z INFO Wrote 63584 records to /tmp/derivatives/valid_nwb_file_to_number_of_groups.jsonl (369 new, 0 failed) in 86.1 min (peak memory 1222 MiB).
