2026-09-23T19:16:29Z INFO Logging to /tmp/logs/update_2026-09-23T19-16-29Z.log.
2026-09-23T19:16:29Z INFO Update valid-nwb-file-to-number-of-groups (base directory /tmp).
2026-09-23T19:16:29Z INFO Processing 370 items (55049 already recorded).
2026-09-23T19:16:31Z INFO [1/370] 1109ab42-2cf6-4645-85f1-1df9906d80e2: 22 groups; 1.8 s; peak memory 99 MiB.
2026-09-23T19:16:42Z INFO [2/370] 110ad363-48d9-4bdf-bb32-d28a164d76fa: 191 groups; 11.1 s; peak memory 125 MiB.
2026-09-23T19:16:49Z INFO [3/370] 110ae4a0-1448-4832-9da4-88d08b46785e: 78 groups; 6.9 s; peak memory 125 MiB.
2026-09-23T19:16:51Z INFO [4/370] 110bfa1d-2ec8-45fe-aab1-3bf68e892548: 33 groups; 2.0 s; peak memory 126 MiB.
2026-09-23T19:16:54Z INFO [5/370] 110caba3-417f-4598-b626-8daab050bd79: 43 groups; 2.6 s; peak memory 126 MiB.
2026-09-23T19:16:56Z INFO [6/370] 110cd4f5-66ae-41ec-95d3-ced960e574ce: 32 groups; 2.2 s; peak memory 126 MiB.
2026-09-23T19:16:58Z INFO [7/370] 110e221b-b718-49e1-bb7a-1001067dac3b: 337 groups; 2.2 s; peak memory 126 MiB.
2026-09-23T19:17:00Z INFO [8/370] 110f80c9-3acf-4ea1-a475-22c03d8fcd01: 32 groups; 1.8 s; peak memory 126 MiB.
2026-09-23T19:17:02Z INFO [9/370] 110fdbb4-f11b-42b7-9c99-2bace46b52a1: 24 groups; 2.5 s; peak memory 127 MiB.
2026-09-23T19:17:04Z INFO [10/370] 11104d68-9759-49ae-bb0b-f415c9b891de: 25 groups; 1.8 s; peak memory 127 MiB.
2026-09-23T19:17:06Z INFO [11/370] 1110a489-3e46-4b0c-b5e4-6bd70f314114: 25 groups; 1.5 s; peak memory 127 MiB.
2026-09-23T19:17:08Z INFO [12/370] 11112029-3b69-4810-ad13-a2a26d7e93fc: 34 groups; 2.2 s; peak memory 127 MiB.
2026-09-23T19:17:10Z INFO [13/370] 11119d72-61fa-4eca-9451-39d02ea3b11d: 35 groups; 2.0 s; peak memory 127 MiB.
2026-09-23T19:17:15Z INFO [14/370] 11120944-3fce-409e-ad6c-d9337693b8fd: 115 groups; 5.5 s; peak memory 127 MiB.
2026-09-23T19:17:18Z INFO [15/370] 11127f73-740e-486d-b563-191656573fef: 33 groups; 3.1 s; peak memory 127 MiB.
2026-09-23T19:17:21Z INFO [16/370] 1112f1d2-2d9a-4bdf-ae88-44b8bcf2ab9c: 32 groups; 2.1 s; peak memory 127 MiB.
2026-09-23T19:17:22Z INFO [17/370] 11131a0a-47b6-427c-8f2e-dbc021e9a892: 22 groups; 1.6 s; peak memory 127 MiB.
2026-09-23T19:17:24Z INFO [18/370] 1113823e-92c3-451e-b1fb-8efa9e6dd449: 22 groups; 1.5 s; peak memory 127 MiB.
2026-09-23T19:17:25Z INFO [19/370] 11138c0c-a5a9-4480-8bd1-4aeb384a7c5e: 31 groups; 1.4 s; peak memory 128 MiB.
2026-09-23T19:17:27Z INFO [20/370] 11143276-b466-4ec0-97ae-bcc07c6ae750: 32 groups; 1.9 s; peak memory 128 MiB.
2026-09-23T19:17:29Z INFO [21/370] 11150156-d82f-4f90-8069-621782ece431: 31 groups; 2.5 s; peak memory 128 MiB.
2026-09-23T19:17:31Z INFO [22/370] 1115a797-ddc1-4976-9332-fc9da35d5c69: 22 groups; 1.2 s; peak memory 128 MiB.
2026-09-23T19:17:32Z INFO [23/370] 1116066b-b03e-4d5c-8e1b-2411aa92e9f9: 28 groups; 1.4 s; peak memory 128 MiB.
2026-09-23T19:17:33Z INFO [24/370] 111635df-d933-44a9-801d-efc6f9043ebb: 22 groups; 1.5 s; peak memory 128 MiB.
2026-09-23T19:17:35Z INFO [25/370] 111659d5-517b-4131-bf0c-11d7f4922320: 22 groups; 1.5 s; peak memory 128 MiB.
2026-09-23T19:17:37Z INFO [26/370] 1116fa33-78af-42cb-aaf9-eaff80d299b3: 32 groups; 1.8 s; peak memory 128 MiB.
2026-09-23T19:20:14Z INFO [27/370] 11171e59-7696-4d27-8827-0bbc18e7a0f9: 39 groups; 156.8 s; peak memory 256 MiB.
2026-09-23T19:20:15Z INFO [28/370] 11175479-c503-40d2-8486-55167daa2c44: 26 groups; 1.6 s; peak memory 256 MiB.
2026-09-23T19:22:56Z INFO [29/370] 1118c407-0c5c-4c97-b34f-63b99fcc990d: 60 groups; 160.9 s; peak memory 269 MiB.
2026-09-23T19:22:58Z INFO [30/370] 11192c53-2b7f-48c2-8ffc-e008bc9c9235: 22 groups; 1.5 s; peak memory 269 MiB.
2026-09-23T19:22:59Z INFO [31/370] 11193579-9ee6-4205-aea9-43ebf93ca22a: 22 groups; 1.6 s; peak memory 269 MiB.
2026-09-23T19:23:01Z INFO [32/370] 111a18a4-f912-40cf-9060-46b5e653bbb1: 22 groups; 1.6 s; peak memory 269 MiB.
2026-09-23T19:23:04Z INFO [33/370] 111b7e53-c123-402a-a3b6-707b5973a960: 48 groups; 3.7 s; peak memory 269 MiB.
2026-09-23T19:23:25Z INFO [34/370] 111bb4fc-f5ea-40a0-a0aa-e6617b0a676d: 303 groups; 20.9 s; peak memory 269 MiB.
2026-09-23T19:23:27Z INFO [35/370] 111bb9d6-cc32-47c7-868f-9f71d2eab7bf: 27 groups; 1.4 s; peak memory 269 MiB.
2026-09-23T19:23:28Z INFO [36/370] 111c1e6c-e1aa-4e4f-8852-88a3d3c14d93: 22 groups; 1.5 s; peak memory 269 MiB.
2026-09-23T19:23:32Z INFO [37/370] 111cd801-b4e6-43ed-bfd3-aa3a48cc2481: 71 groups; 3.3 s; peak memory 269 MiB.
2026-09-23T19:23:33Z INFO [38/370] 111dec7d-fd60-4f36-a1d3-f2bd60df74f2: 29 groups; 1.6 s; peak memory 269 MiB.
2026-09-23T19:23:35Z INFO [39/370] 111e2ffd-9c88-4c2d-955d-55fcd198c1c4: 25 groups; 1.9 s; peak memory 269 MiB.
2026-09-23T19:23:37Z INFO [40/370] 111e8f49-9684-4706-9a03-2a9afea4f298: 19 groups; 1.4 s; peak memory 269 MiB.
2026-09-23T19:23:38Z INFO [41/370] 111eafa4-477c-40b1-aa86-ac56175ada6f: 103 groups; 1.9 s; peak memory 269 MiB.
2026-09-23T19:23:40Z INFO [42/370] 111ee66b-d724-44c0-a6c1-97b67bfa6532: 22 groups; 1.6 s; peak memory 269 MiB.
2026-09-23T19:23:42Z INFO [43/370] 111fd7a6-b2e4-42a8-b86b-b6475e660c0a: 32 groups; 1.7 s; peak memory 269 MiB.
2026-09-23T19:23:43Z INFO [44/370] 11223744-df8a-493f-8087-a6e19034e717: 103 groups; 1.6 s; peak memory 269 MiB.
2026-09-23T19:23:46Z INFO [45/370] 1122423f-2c69-4ecd-acaf-eaf3469937ae: 41 groups; 2.2 s; peak memory 269 MiB.
2026-09-23T19:24:08Z INFO [46/370] 1122e627-ee5f-4e6e-823c-f9bd66b2a4fa: 28 groups; 22.6 s; peak memory 269 MiB.
2026-09-23T19:24:10Z INFO [47/370] 11238af0-7a0d-47b0-9ac1-136eeb5e711b: 22 groups; 1.5 s; peak memory 269 MiB.
2026-09-23T19:24:12Z INFO [48/370] 11248fec-4279-4545-b7df-99e1bd75cfac: 104 groups; 2.1 s; peak memory 269 MiB.
2026-09-23T19:24:13Z INFO [49/370] 1125cab0-dfbd-4d26-8bf5-72f9ebade82d: 30 groups; 1.2 s; peak memory 269 MiB.
2026-09-23T19:24:19Z INFO [50/370] 112615da-c4a5-4c4a-b8df-8616bb7896f7: 17 groups; 5.9 s; peak memory 269 MiB.
2026-09-23T19:24:19Z INFO [50/370] 112615da-c4a5-4c4a-b8df-8616bb7896f7: checkpointed 55099 records.
2026-09-23T19:24:21Z INFO [51/370] 11269669-52e3-4ee4-a79c-09f29df8da2f: 32 groups; 1.7 s; peak memory 269 MiB.
2026-09-23T19:24:22Z INFO [52/370] 11269dbd-8def-4d2c-8565-91bcceadaf99: 17 groups; 1.3 s; peak memory 269 MiB.
2026-09-23T19:24:24Z INFO [53/370] 1126a903-2e29-4a0c-b2e3-ef27cc7b7dae: 22 groups; 1.6 s; peak memory 269 MiB.
2026-09-23T19:24:25Z INFO [54/370] 11271ebb-5fb1-423a-bb6d-106c5bb36dd0: 22 groups; 1.5 s; peak memory 269 MiB.
2026-09-23T19:24:27Z INFO [55/370] 11273913-4e94-4501-b466-d5ec53a71e3c: 25 groups; 1.5 s; peak memory 269 MiB.
2026-09-23T19:24:40Z INFO [56/370] 11277121-b52e-4d64-9450-4d8d2fce0311: 196 groups; 13.5 s; peak memory 269 MiB.
2026-09-23T19:27:06Z INFO [57/370] 1127a7ce-bf3e-456c-80e3-c673121e7f5f: 71 groups; 145.7 s; peak memory 271 MiB.
2026-09-23T19:27:08Z INFO [58/370] 1127d366-4639-4f2d-9332-d6df4f2c8d12: 35 groups; 1.7 s; peak memory 271 MiB.
2026-09-23T19:27:09Z INFO [59/370] 112832b9-29b4-419b-9ac2-54a4a465de05: 32 groups; 1.7 s; peak memory 271 MiB.
2026-09-23T19:27:11Z INFO [60/370] 112843ec-1fb6-4748-a09b-a8ae968fd095: 201 groups; 2.1 s; peak memory 271 MiB.
2026-09-23T19:27:13Z INFO [61/370] 112889ef-33e4-4a18-9f0f-dbaab43f6d4f: 28 groups; 1.3 s; peak memory 271 MiB.
2026-09-23T19:27:15Z INFO [62/370] 11290759-8d6b-422a-86c4-439c82c999ad: 195 groups; 1.9 s; peak memory 271 MiB.
2026-09-23T19:27:17Z INFO [63/370] 112918dc-9772-47cf-961a-93479f74b0b5: 32 groups; 2.0 s; peak memory 271 MiB.
2026-09-23T19:27:19Z INFO [64/370] 112a3380-89d0-407c-9884-0767c71372a3: 199 groups; 2.6 s; peak memory 271 MiB.
2026-09-23T19:27:27Z INFO [65/370] 112b1603-e284-4fe9-94a0-408dd2307a38: 66 groups; 7.9 s; peak memory 271 MiB.
2026-09-23T19:27:35Z INFO [66/370] 112b3241-b650-4ba0-a887-06a94eb4c8bc: 142 groups; 7.2 s; peak memory 271 MiB.
2026-09-23T19:27:38Z INFO [67/370] 112b642d-ec46-41bb-8467-a9e9ca367795: 53 groups; 3.8 s; peak memory 271 MiB.
2026-09-23T19:27:58Z INFO [68/370] 112be15f-0093-492a-81e4-865d09b4422c: 221 groups; 19.8 s; peak memory 271 MiB.
2026-09-23T19:28:16Z INFO [69/370] 112c270d-40ab-4a1b-afd9-c64e229e5870: 17 groups; 17.7 s; peak memory 271 MiB.
2026-09-23T19:28:23Z INFO [70/370] 112c2c0e-4543-48a0-ac0b-d028c638d19d: 78 groups; 6.9 s; peak memory 271 MiB.
2026-09-23T19:28:25Z INFO [71/370] 112cb808-7090-43a4-9acb-478af07d470f: 33 groups; 2.0 s; peak memory 271 MiB.
2026-09-23T19:28:26Z INFO [72/370] 112cf70d-48b3-4a58-984f-e0207e27d5cc: 22 groups; 1.5 s; peak memory 271 MiB.
2026-09-23T19:28:28Z INFO [73/370] 112d3ed8-fbe0-4449-a47b-875fdee36532: 25 groups; 1.6 s; peak memory 271 MiB.
2026-09-23T19:28:31Z INFO [74/370] 112d6300-c2c5-4d28-bdef-49835ca451ae: 64 groups; 3.5 s; peak memory 271 MiB.
2026-09-23T19:28:33Z INFO [75/370] 112d7099-1f02-476a-9626-7399e12a0e2c: 16 groups; 1.2 s; peak memory 271 MiB.
2026-09-23T19:28:34Z INFO [76/370] 112e5735-800d-4092-9fb4-a1866b19e945: 22 groups; 1.5 s; peak memory 271 MiB.
2026-09-23T19:28:35Z INFO [77/370] 112e5ca6-6fb6-445e-8824-6fb399da9ccc: 22 groups; 1.4 s; peak memory 271 MiB.
2026-09-23T19:30:59Z INFO [78/370] 112f0c31-81a7-4eb7-9f55-9d95fea946b2: 71 groups; 143.6 s; peak memory 271 MiB.
2026-09-23T19:31:01Z INFO [79/370] 1130bd5f-9257-473e-9fba-5a4158faa973: 199 groups; 2.3 s; peak memory 271 MiB.
2026-09-23T19:31:04Z INFO [80/370] 1130ed04-d1cf-4b09-9a8f-c80d356b2656: 43 groups; 2.4 s; peak memory 271 MiB.
2026-09-23T19:31:05Z INFO [81/370] 11332d78-9020-4ba7-89e8-1dade6eaab49: 16 groups; 1.2 s; peak memory 271 MiB.
2026-09-23T19:31:09Z INFO [82/370] 11339d80-72df-4be1-acbb-f7f9f33c5ea2: 52 groups; 4.3 s; peak memory 271 MiB.
2026-09-23T19:31:11Z INFO [83/370] 1133b01e-6c09-403d-b137-f48fe18124f8: 32 groups; 1.8 s; peak memory 271 MiB.
2026-09-23T19:31:14Z INFO [84/370] 1134b1bf-3eb9-45d5-acf7-c16ea6551f73: 35 groups; 2.7 s; peak memory 271 MiB.
2026-09-23T19:31:16Z INFO [85/370] 1134ba22-48ff-456a-a4a2-89d9a934dadf: 35 groups; 2.3 s; peak memory 271 MiB.
2026-09-23T19:31:18Z INFO [86/370] 113584a5-80f8-494e-93e1-d4a47dee2456: 18 groups; 1.5 s; peak memory 271 MiB.
2026-09-23T19:31:19Z INFO [87/370] 113684a7-6e89-4094-9104-af9952b1162f: 16 groups; 1.5 s; peak memory 271 MiB.
2026-09-23T19:31:21Z INFO [88/370] 1136a9a4-2443-4f64-9526-d8d55999403a: 35 groups; 2.1 s; peak memory 271 MiB.
2026-09-23T19:31:27Z INFO [89/370] 1136bb64-4d82-46b0-af21-ea9d5041cf35: 291 groups; 5.8 s; peak memory 271 MiB.
2026-09-23T19:31:29Z INFO [90/370] 1137a66f-18d5-47a4-89a1-5f5925abf855: 22 groups; 1.5 s; peak memory 271 MiB.
2026-09-23T19:31:30Z INFO [91/370] 1138d4fd-6777-44b4-b69e-5d6c75b28569: 22 groups; 1.5 s; peak memory 271 MiB.
2026-09-23T19:31:35Z INFO [92/370] 113a3eca-fcd0-4e52-81db-e779766e375e: 100 groups; 5.0 s; peak memory 271 MiB.
2026-09-23T19:31:36Z INFO [93/370] 113a5f8c-2ad5-4c38-ba4b-16572a84d938: 31 groups; 1.5 s; peak memory 271 MiB.
2026-09-23T19:31:38Z INFO [94/370] 113ab541-ee75-4df7-97ef-4e8af4c0c1f2: 30 groups; 1.7 s; peak memory 271 MiB.
2026-09-23T19:31:40Z INFO [95/370] 113ad38a-4df7-411b-808c-f28c66dc6d07: 22 groups; 1.6 s; peak memory 271 MiB.
2026-09-23T19:31:41Z INFO [96/370] 113b72cb-937b-4422-b6d2-c578451def2a: 22 groups; 1.5 s; peak memory 271 MiB.
2026-09-23T19:31:43Z INFO [97/370] 113b9dce-7b96-4968-9ddd-4d4585e53ae4: 22 groups; 1.5 s; peak memory 271 MiB.
2026-09-23T19:31:44Z INFO [98/370] 113be62e-7929-4650-94f7-3ef4aebcce79: 28 groups; 1.4 s; peak memory 271 MiB.
2026-09-23T19:31:46Z INFO [99/370] 113c8170-0934-487b-befe-713bc3c33ca1: 25 groups; 1.6 s; peak memory 271 MiB.
2026-09-23T19:31:53Z INFO [100/370] 113c9f79-ea83-48da-a0da-0fe064e20d12: 155 groups; 7.2 s; peak memory 271 MiB.
2026-09-23T19:31:53Z INFO [100/370] 113c9f79-ea83-48da-a0da-0fe064e20d12: checkpointed 55149 records.
2026-09-23T19:31:55Z INFO [101/370] 113cd57e-2b38-4b65-a79d-4c389803f19a: 32 groups; 2.0 s; peak memory 271 MiB.
2026-09-23T19:31:57Z INFO [102/370] 113d28bf-1978-4453-ad70-470a74422bba: 28 groups; 2.0 s; peak memory 271 MiB.
2026-09-23T19:32:09Z INFO [103/370] 113e0faa-5bff-46cc-b801-a14ece3088e1: 104 groups; 11.8 s; peak memory 271 MiB.
2026-09-23T19:33:12Z INFO [104/370] 113e8c36-c70a-49ae-8c1a-2bb13d24a133: 26 groups; 63.2 s; peak memory 271 MiB.
2026-09-23T19:33:14Z INFO [105/370] 113ee642-6f75-4419-ab63-e51eb92c95ca: 29 groups; 2.0 s; peak memory 271 MiB.
2026-09-23T19:33:16Z INFO [106/370] 11404c9f-97d9-4dea-b641-1fe28e785eaf: 206 groups; 2.1 s; peak memory 271 MiB.
2026-09-23T19:33:32Z INFO [107/370] 11405314-abdd-4b76-8a3e-eb6aecc5135e: 26 groups; 16.2 s; peak memory 271 MiB.
2026-09-23T19:33:34Z INFO [108/370] 114109c4-5576-42be-8d19-491c0e397049: 22 groups; 1.5 s; peak memory 271 MiB.
2026-09-23T19:33:36Z INFO [109/370] 1141fbfb-f13b-4df2-8503-2e91a27af724: 256 groups; 2.0 s; peak memory 271 MiB.
2026-09-23T19:33:58Z INFO [110/370] 1142f6cd-6d60-49b2-a9e9-e230082b89eb: 27 groups; 22.0 s; peak memory 271 MiB.
2026-09-23T19:34:00Z INFO [111/370] 1142f9e8-b8e0-4457-bb8a-4ea1c65c2142: 32 groups; 1.8 s; peak memory 271 MiB.
2026-09-23T19:34:01Z INFO [112/370] 1142fe0b-a545-4dcb-941b-c5d5dd0235c7: 23 groups; 1.2 s; peak memory 271 MiB.
2026-09-23T19:34:03Z INFO [113/370] 114335f7-8365-41ab-ad9c-6018ef83bb70: 22 groups; 1.6 s; peak memory 271 MiB.
2026-09-23T19:34:04Z INFO [114/370] 1143b5e0-4ea9-4ed2-80dd-750ab4b55509: 25 groups; 1.8 s; peak memory 271 MiB.
2026-09-23T19:34:06Z INFO [115/370] 11442762-0e9d-4d0d-8f08-41b76510a47d: 22 groups; 1.5 s; peak memory 271 MiB.
2026-09-23T19:34:09Z INFO [116/370] 114520a1-c6ee-452c-8fdd-744cfcd5785b: 36 groups; 3.0 s; peak memory 271 MiB.
2026-09-23T19:34:31Z INFO [117/370] 11456ed0-5b34-49cc-b031-105939592921: 27 groups; 22.2 s; peak memory 271 MiB.
2026-09-23T19:34:32Z INFO [118/370] 1145d0c1-5d01-4173-a00f-d086bc3a179b: 31 groups; 1.4 s; peak memory 271 MiB.
2026-09-23T19:34:34Z INFO [119/370] 11460355-214b-4b8c-b7cc-71fbff1588e1: 32 groups; 2.1 s; peak memory 271 MiB.
2026-09-23T19:34:36Z INFO [120/370] 1146d6fd-c499-4b37-8f80-70830ff9b659: 253 groups; 1.8 s; peak memory 271 MiB.
2026-09-23T19:34:46Z INFO [121/370] 1146f2d3-4c14-4a48-8db9-077071735053: 118 groups; 10.0 s; peak memory 271 MiB.
2026-09-23T19:34:49Z INFO [122/370] 114757d1-e973-4106-b6d2-ece6437dde27: 35 groups; 2.4 s; peak memory 271 MiB.
2026-09-23T19:34:50Z INFO [123/370] 114779e3-aceb-4810-a368-c8c9693b9be7: 22 groups; 1.6 s; peak memory 271 MiB.
2026-09-23T19:34:52Z INFO [124/370] 11478520-4825-46fd-ad1d-2e79f077feb9: 35 groups; 2.2 s; peak memory 271 MiB.
2026-09-23T19:34:56Z INFO [125/370] 114832a9-5f14-4f9c-84ff-27cb0069ddca: 48 groups; 3.5 s; peak memory 271 MiB.
2026-09-23T19:34:57Z INFO [126/370] 114969e2-1c67-4412-9966-a9cf82815aba: 30 groups; 1.2 s; peak memory 271 MiB.
2026-09-23T19:35:05Z INFO [127/370] 114a30ee-f373-4b2c-a0e3-9b4b1824ec6e: 139 groups; 7.9 s; peak memory 271 MiB.
2026-09-23T19:35:07Z INFO [128/370] 114ab2ce-eaa4-447c-95b8-e43b7d590d11: 28 groups; 1.7 s; peak memory 271 MiB.
2026-09-23T19:35:09Z INFO [129/370] 114afb88-a128-4b52-aa93-8e1fbe7d9b57: 32 groups; 2.1 s; peak memory 271 MiB.
2026-09-23T19:35:26Z INFO [130/370] 114b473f-4039-4ca4-b3b0-435b15b7372c: 26 groups; 17.6 s; peak memory 271 MiB.
2026-09-23T19:35:29Z INFO [131/370] 114ba2fb-e1b0-4bbb-a088-b2a307079407: 22 groups; 2.6 s; peak memory 271 MiB.
2026-09-23T19:35:36Z INFO [132/370] 114c464e-f942-44f4-8dec-ef3c480815b1: 118 groups; 7.2 s; peak memory 271 MiB.
2026-09-23T19:35:38Z INFO [133/370] 114c6513-f978-4930-884f-77a2c26f960d: 22 groups; 1.4 s; peak memory 271 MiB.
2026-09-23T19:35:43Z INFO [134/370] 114c7e99-5858-4608-9469-bcd8348d8933: 54 groups; 5.1 s; peak memory 271 MiB.
2026-09-23T19:35:46Z INFO [135/370] 114c809b-8d69-45bf-9aab-0762f783ab75: 48 groups; 3.7 s; peak memory 271 MiB.
2026-09-23T19:35:49Z INFO [136/370] 114de751-01bb-4bef-9b0a-2e0ab6bf2c62: 31 groups; 2.4 s; peak memory 271 MiB.
2026-09-23T19:35:51Z INFO [137/370] 114e41aa-4d3b-4807-b6d4-ffbb7f779f96: 35 groups; 2.1 s; peak memory 271 MiB.
2026-09-23T19:35:52Z INFO [138/370] 114f62d4-bb1a-4f54-9e09-91250185d9be: 24 groups; 1.2 s; peak memory 271 MiB.
2026-09-23T19:35:54Z INFO [139/370] 114f65cc-12ef-4c4b-a1c8-4c5d18191e9d: 35 groups; 2.0 s; peak memory 271 MiB.
2026-09-23T19:35:56Z INFO [140/370] 11509c07-8d7c-4f1c-89a7-be458dbab909: 256 groups; 2.0 s; peak memory 271 MiB.
2026-09-23T19:35:57Z INFO [141/370] 11536767-73da-4041-a0d4-1104d8ed395c: 22 groups; 1.5 s; peak memory 271 MiB.
2026-09-23T19:35:59Z INFO [142/370] 1153bd82-ac32-45f0-9e2b-056034bb4ed7: 26 groups; 1.6 s; peak memory 271 MiB.
2026-09-23T19:36:01Z INFO [143/370] 1153e014-fa5e-4dea-bb68-d08538c35923: 22 groups; 1.6 s; peak memory 271 MiB.
2026-09-23T19:36:02Z INFO [144/370] 11540b90-7b4a-46bf-8fed-3ee910d2e11d: 22 groups; 1.5 s; peak memory 271 MiB.
2026-09-23T19:36:04Z INFO [145/370] 11554ed8-8110-42f8-a221-91d6c77b36d5: 22 groups; 1.7 s; peak memory 271 MiB.
2026-09-23T19:36:05Z INFO [146/370] 11561752-c1d5-4577-a599-c4323546f151: 22 groups; 1.6 s; peak memory 271 MiB.
2026-09-23T19:36:09Z INFO [147/370] 115629f2-88c8-40c5-8d0a-ae7753022aee: 47 groups; 3.5 s; peak memory 271 MiB.
2026-09-23T19:36:11Z INFO [148/370] 115729c9-1608-4365-bc60-1b763c5cecc8: 32 groups; 1.6 s; peak memory 271 MiB.
2026-09-23T19:36:12Z INFO [149/370] 1157395f-7df7-4599-96e9-5c9515f46039: 28 groups; 1.5 s; peak memory 271 MiB.
2026-09-23T19:36:14Z INFO [150/370] 1157a182-1fef-4069-8ea6-36948293342a: 35 groups; 2.3 s; peak memory 271 MiB.
2026-09-23T19:36:14Z INFO [150/370] 1157a182-1fef-4069-8ea6-36948293342a: checkpointed 55199 records.
2026-09-23T19:36:16Z INFO [151/370] 1157cbf6-5cc9-4518-8112-28a6d9c830ee: 27 groups; 2.0 s; peak memory 271 MiB.
2026-09-23T19:36:19Z INFO [152/370] 1157f7f8-c5de-4698-a26f-aaf29d410e78: 200 groups; 2.4 s; peak memory 271 MiB.
2026-09-23T19:36:31Z INFO [153/370] 1158bb7b-769a-4f15-85be-6cb204a9a663: 80 groups; 11.8 s; peak memory 271 MiB.
2026-09-23T19:36:32Z INFO [154/370] 11596081-0863-49ad-87c4-4436233caf78: 32 groups; 1.5 s; peak memory 271 MiB.
2026-09-23T19:36:56Z INFO [155/370] 115a6769-135c-41f8-82b3-44312a41285b: 215 groups; 23.3 s; peak memory 271 MiB.
2026-09-23T19:36:57Z INFO [156/370] 115b1568-9f8f-471b-8eea-5c4c58957f66: 22 groups; 1.4 s; peak memory 271 MiB.
2026-09-23T19:36:58Z INFO [157/370] 115b488c-c296-4a37-89e7-70ac972ce00d: 30 groups; 1.3 s; peak memory 271 MiB.
2026-09-23T19:37:12Z INFO [158/370] 115bb519-5535-4d32-aaff-d83c3f43195a: 171 groups; 14.0 s; peak memory 271 MiB.
2026-09-23T19:37:21Z INFO [159/370] 115bcfd3-c891-4c04-89d3-c81492de6d31: 181 groups; 8.3 s; peak memory 271 MiB.
2026-09-23T19:37:22Z INFO [160/370] 115c05a6-b8e1-4c04-964f-d7ee0a09a473: 22 groups; 1.5 s; peak memory 271 MiB.
2026-09-23T19:37:24Z INFO [161/370] 115dc2ae-557e-45a4-a3da-06e0bb4cbd11: 22 groups; 1.5 s; peak memory 271 MiB.
2026-09-23T19:37:31Z INFO [162/370] 115e1944-1eab-4185-b74f-61cf13280511: 116 groups; 7.1 s; peak memory 271 MiB.
2026-09-23T19:37:55Z INFO [163/370] 115e3191-0593-41d9-aaf2-aba9a5112af9: 227 groups; 24.7 s; peak memory 271 MiB.
2026-09-23T19:37:57Z INFO [164/370] 1160d91e-1081-4359-abbc-471c625ff3b4: 42 groups; 2.0 s; peak memory 271 MiB.
2026-09-23T19:38:01Z INFO [165/370] 1160f0ae-2d4c-45eb-90dc-e294fc026465: 48 groups; 3.6 s; peak memory 271 MiB.
2026-09-23T19:38:14Z INFO [166/370] 116200c1-7c0c-4a5e-9818-b03680c5f757: 36 groups; 12.6 s; peak memory 271 MiB.
2026-09-23T19:38:22Z INFO [167/370] 11627e66-1657-46f5-8760-2283ca17ddec: 137 groups; 8.0 s; peak memory 271 MiB.
2026-09-23T19:38:23Z INFO [168/370] 1162b4bd-8fde-4cd9-9921-3119b6654b2f: 22 groups; 1.4 s; peak memory 271 MiB.
2026-09-23T19:38:25Z INFO [169/370] 1162b9c7-57dd-4b4f-9a12-e72be07bb0b4: 22 groups; 1.6 s; peak memory 271 MiB.
2026-09-23T19:38:30Z INFO [170/370] 116318c7-7603-4f9f-a033-0fd0de2b7dd0: 56 groups; 4.9 s; peak memory 271 MiB.
2026-09-23T19:38:31Z INFO [171/370] 11633790-4a12-444e-9b48-2a7ec8967b57: 22 groups; 1.5 s; peak memory 271 MiB.
2026-09-23T19:38:33Z INFO [172/370] 1164308b-9274-4642-9126-2a29cc298840: 22 groups; 1.5 s; peak memory 271 MiB.
2026-09-23T19:38:41Z INFO [173/370] 11644031-fe25-4bbd-867b-50a29f33e339: 158 groups; 8.7 s; peak memory 271 MiB.
2026-09-23T19:38:43Z INFO [174/370] 1164cde0-d0b8-4783-b0ed-9975f0fd9726: 256 groups; 1.7 s; peak memory 271 MiB.
2026-09-23T19:38:44Z INFO [175/370] 11652ff4-b460-4b23-a210-4e76fea7ad71: 22 groups; 1.4 s; peak memory 271 MiB.
2026-09-23T19:38:46Z INFO [176/370] 116536dc-13b3-4982-9823-83b54aa3948d: 29 groups; 1.5 s; peak memory 271 MiB.
2026-09-23T19:39:03Z INFO [177/370] 11655e33-9773-4755-b728-6622a80e7683: 88 groups; 17.2 s; peak memory 271 MiB.
2026-09-23T19:43:47Z INFO [178/370] 1165c201-662e-4dae-981f-afa49f6abe93: 64 groups; 284.1 s; peak memory 396 MiB.
2026-09-23T19:43:49Z INFO [179/370] 116603d1-d92f-46a1-bd61-94fa54283c37: 22 groups; 1.6 s; peak memory 396 MiB.
2026-09-23T19:43:51Z INFO [180/370] 11666a56-8626-484a-8322-40ed710e5cda: 32 groups; 1.8 s; peak memory 396 MiB.
2026-09-23T19:44:33Z INFO [181/370] 1167b175-f43a-4f6e-9186-4df766f115d6: 17 groups; 42.2 s; peak memory 396 MiB.
2026-09-23T19:44:34Z INFO [182/370] 1167f993-6192-4854-8470-0a2f2d47a228: 22 groups; 1.4 s; peak memory 396 MiB.
2026-09-23T19:45:00Z INFO [183/370] 116949e9-68f3-4cdd-b096-1ebdfb60ed8a: 1709 groups; 26.1 s; peak memory 396 MiB.
2026-09-23T19:45:02Z INFO [184/370] 11696b4a-770b-4dd0-b936-0781a08d9902: 32 groups; 1.8 s; peak memory 396 MiB.
2026-09-23T19:45:03Z INFO [185/370] 1169e791-66bd-41ee-82fe-2f86225684aa: 30 groups; 1.2 s; peak memory 396 MiB.
2026-09-23T19:45:05Z INFO [186/370] 116b5b61-a12e-4c86-9613-a1cd2243aa82: 35 groups; 2.1 s; peak memory 396 MiB.
2026-09-23T19:45:07Z INFO [187/370] 116b689d-8007-4d92-a192-32dee153b7f0: 22 groups; 1.5 s; peak memory 396 MiB.
2026-09-23T19:45:09Z INFO [188/370] 116c3f8c-ff9f-476c-afbd-c74274062050: 33 groups; 2.3 s; peak memory 396 MiB.
2026-09-23T19:45:13Z INFO [189/370] 116c43cf-499f-49a0-90c1-8f71d85e2ba4: 37 groups; 3.8 s; peak memory 396 MiB.
2026-09-23T19:45:15Z INFO [190/370] 116cd393-7e41-48ff-9c38-3009c17fc6c6: 202 groups; 2.4 s; peak memory 396 MiB.
2026-09-23T19:45:17Z INFO [191/370] 116cf83d-e467-43f2-987d-98020d795792: 32 groups; 1.8 s; peak memory 396 MiB.
2026-09-23T19:45:19Z INFO [192/370] 116d4d6a-a328-4a98-96a3-02475412be3b: 32 groups; 2.1 s; peak memory 396 MiB.
2026-09-23T19:45:23Z INFO [193/370] 116e736d-2a45-464b-bc69-239511e12428: 48 groups; 3.5 s; peak memory 396 MiB.
2026-09-23T19:45:24Z INFO [194/370] 116f548d-3e1b-4033-86a4-a17ba42910c2: 22 groups; 1.5 s; peak memory 396 MiB.
2026-09-23T19:45:26Z INFO [195/370] 116fa3e3-a15a-45a0-b4d3-80f7181b1877: 194 groups; 2.0 s; peak memory 396 MiB.
2026-09-23T19:45:27Z INFO [196/370] 116fc459-0e0c-41d6-be68-d50d79dd74d8: 16 groups; 1.1 s; peak memory 396 MiB.
2026-09-23T19:45:29Z INFO [197/370] 116fc720-915e-4c2b-8226-33e1f2457f69: 22 groups; 1.4 s; peak memory 396 MiB.
2026-09-23T19:45:30Z INFO [198/370] 11709443-0a5c-47a0-ab90-d00788ca69ec: 28 groups; 1.3 s; peak memory 396 MiB.
2026-09-23T19:45:32Z INFO [199/370] 1170f2a5-5a06-4227-984c-b0b2bc5cbb29: 22 groups; 1.5 s; peak memory 396 MiB.
2026-09-23T19:45:39Z INFO [200/370] 1171b52c-a4fc-477c-bb09-3f2de4da9827: 85 groups; 7.9 s; peak memory 396 MiB.
2026-09-23T19:45:40Z INFO [200/370] 1171b52c-a4fc-477c-bb09-3f2de4da9827: checkpointed 55249 records.
2026-09-23T19:45:41Z INFO [201/370] 11736a14-abc5-4ddf-bae3-d52906836457: 25 groups; 1.6 s; peak memory 396 MiB.
2026-09-23T19:45:42Z INFO [202/370] 11736d95-28d8-4a7b-bff0-ab0394305811: 18 groups; 1.2 s; peak memory 396 MiB.
2026-09-23T19:45:44Z INFO [203/370] 117373db-88b4-4e6d-85ca-9b2396c1e63a: 22 groups; 1.5 s; peak memory 396 MiB.
2026-09-23T19:45:51Z INFO [204/370] 1173798e-43a0-4f10-b832-e7b8469493ea: 73 groups; 6.9 s; peak memory 396 MiB.
2026-09-23T19:45:52Z INFO [205/370] 11745690-30ba-459c-bb41-1abec2d3a800: 22 groups; 1.5 s; peak memory 396 MiB.
2026-09-23T19:45:54Z INFO [206/370] 1174d7f7-ed85-47aa-a2ce-4a67440e0b9d: 256 groups; 2.2 s; peak memory 396 MiB.
2026-09-23T19:45:57Z INFO [207/370] 1174fb0c-cd02-4bf1-be60-92fda6504a67: 48 groups; 2.8 s; peak memory 396 MiB.
2026-09-23T19:45:59Z INFO [208/370] 117563a4-f582-4752-904e-77dc4b2a625b: 18 groups; 1.5 s; peak memory 396 MiB.
2026-09-23T19:46:01Z INFO [209/370] 11756e3e-7284-4a13-8908-9fb52f9fe55a: 23 groups; 2.5 s; peak memory 396 MiB.
2026-09-23T19:46:03Z INFO [210/370] 11760bfe-017e-4f70-b6ae-9932d83900dd: 18 groups; 1.4 s; peak memory 396 MiB.
2026-09-23T19:46:05Z INFO [211/370] 11767948-318a-44da-bf6a-11006b27e870: 194 groups; 2.3 s; peak memory 396 MiB.
2026-09-23T19:46:06Z INFO [212/370] 1176ef68-bd17-462c-bea5-43942de26c81: 17 groups; 1.3 s; peak memory 396 MiB.
2026-09-23T19:46:08Z INFO [213/370] 1177650e-cd7c-4119-b9fd-610439b69dac: 33 groups; 1.4 s; peak memory 396 MiB.
2026-09-23T19:48:29Z INFO [214/370] 1177a123-0055-471d-a84a-a77dd3742ab6: 69 groups; 141.1 s; peak memory 396 MiB.
2026-09-23T19:48:38Z INFO [215/370] 1177ae93-fdbf-4147-98ec-5f90c2ba3320: 139 groups; 8.9 s; peak memory 396 MiB.
2026-09-23T19:48:40Z INFO [216/370] 11785b42-9e65-4127-8d7e-eca3f69b5a09: 206 groups; 2.1 s; peak memory 396 MiB.
2026-09-23T19:48:42Z INFO [217/370] 117863dd-9deb-4bd2-ba02-6dd37ae68917: 199 groups; 2.3 s; peak memory 396 MiB.
2026-09-23T19:48:51Z INFO [218/370] 1178bd63-6cf9-4665-b76d-92a354fc493c: 29 groups; 9.2 s; peak memory 396 MiB.
2026-09-23T19:48:53Z INFO [219/370] 1178fea4-7fc1-4ef6-811b-1a1f627e46ff: 22 groups; 1.4 s; peak memory 396 MiB.
2026-09-23T19:48:54Z INFO [220/370] 117937f5-d57e-4f0e-b619-3bb2d0b97ce8: 32 groups; 1.7 s; peak memory 396 MiB.
2026-09-23T19:48:56Z INFO [221/370] 11797bdf-c6d6-4387-a02e-8ed2346f61bf: 22 groups; 1.5 s; peak memory 396 MiB.
2026-09-23T19:48:57Z INFO [222/370] 1179bcf1-3153-4931-8eed-839a57bc6afb: 26 groups; 1.2 s; peak memory 396 MiB.
2026-09-23T19:48:58Z INFO [223/370] 117a764a-37cf-4d40-8a21-43cabae1d66e: 30 groups; 1.2 s; peak memory 396 MiB.
2026-09-23T19:49:00Z INFO [224/370] 117d178f-b3d3-4ea1-b41f-ab4a289c96d5: 22 groups; 1.5 s; peak memory 396 MiB.
2026-09-23T19:49:02Z INFO [225/370] 117d997e-fae5-4f3e-9cdb-9d4b5468571f: 32 groups; 1.8 s; peak memory 396 MiB.
2026-09-23T19:49:03Z INFO [226/370] 117ebb7a-e806-4884-8604-67a9280df774: 33 groups; 1.5 s; peak memory 396 MiB.
2026-09-23T19:49:05Z INFO [227/370] 117ed143-ed0a-4d7a-986b-ca71a4f94574: 33 groups; 2.0 s; peak memory 396 MiB.
2026-09-23T19:49:07Z INFO [228/370] 117f610b-e66a-48bd-8244-417674542ee3: 32 groups; 1.8 s; peak memory 396 MiB.
2026-09-23T19:49:11Z INFO [229/370] 11808620-996b-40bb-b37b-f62fa8839740: 50 groups; 4.2 s; peak memory 396 MiB.
2026-09-23T19:49:13Z INFO [230/370] 118100c2-770f-4eb8-a6bc-7cc4f3cbb4e2: 254 groups; 1.8 s; peak memory 396 MiB.
2026-09-23T19:49:17Z INFO [231/370] 1181144a-2faf-4ff1-a133-76f011280276: 50 groups; 4.1 s; peak memory 396 MiB.
2026-09-23T19:49:19Z INFO [232/370] 1181a0f3-221f-45ef-b592-6de82a01bd5e: 32 groups; 1.7 s; peak memory 396 MiB.
2026-09-23T19:49:21Z INFO [233/370] 1181b8e8-9f6c-4779-b8fe-1db3dde67160: 33 groups; 2.2 s; peak memory 396 MiB.
2026-09-23T19:49:22Z INFO [234/370] 1182040a-0fa0-423f-9862-b5c992cbef49: 32 groups; 1.7 s; peak memory 396 MiB.
2026-09-23T19:49:24Z INFO [235/370] 11827a3d-a9e8-41dd-ba43-fc31ed9a1292: 32 groups; 1.7 s; peak memory 396 MiB.
2026-09-23T19:49:36Z INFO [236/370] 1182f3ac-c9c7-4dff-8ea0-b21aee6cf1ae: 123 groups; 12.1 s; peak memory 396 MiB.
2026-09-23T19:49:39Z INFO [237/370] 11845074-9f94-4405-8aa3-129bc49f56ea: 36 groups; 2.9 s; peak memory 396 MiB.
2026-09-23T19:49:47Z INFO [238/370] 11860e33-abd2-476b-86d0-4600aa9e095d: 52 groups; 8.1 s; peak memory 396 MiB.
2026-09-23T19:49:49Z INFO [239/370] 11863281-688c-4e26-b8d6-d392f2ee466a: 31 groups; 1.4 s; peak memory 396 MiB.
2026-09-23T19:49:50Z INFO [240/370] 11865de2-c651-4a37-bd86-d7ef77f110ef: 22 groups; 1.4 s; peak memory 396 MiB.
2026-09-23T19:51:37Z INFO [241/370] 1186b8ef-36d4-4943-acfe-80fd00b5c522: 31 groups; 107.2 s; peak memory 396 MiB.
2026-09-23T19:51:39Z INFO [242/370] 1186e3ac-1287-45d4-be59-2c89601cdd84: 32 groups; 1.7 s; peak memory 396 MiB.
2026-09-23T19:51:41Z INFO [243/370] 118720f7-d7d5-4b1d-bfaf-75e2d38f9a26: 22 groups; 1.5 s; peak memory 396 MiB.
2026-09-23T19:51:42Z INFO [244/370] 118728c0-c103-4220-a90d-ea65e928c69e: 22 groups; 1.4 s; peak memory 396 MiB.
2026-09-23T19:51:44Z INFO [245/370] 11878d89-ee6a-4503-bff1-4c81b552116f: 35 groups; 2.3 s; peak memory 396 MiB.
2026-09-23T19:51:46Z INFO [246/370] 1187f22d-579b-4668-aeae-f9aa1d4d7417: 22 groups; 1.5 s; peak memory 396 MiB.
2026-09-23T19:51:49Z INFO [247/370] 1187f3f5-0f66-4a9a-84d0-889dd65ce640: 336 groups; 3.4 s; peak memory 396 MiB.
2026-09-23T19:51:58Z INFO [248/370] 11885f42-109e-4a9e-8264-25d6f9ae462b: 143 groups; 9.2 s; peak memory 396 MiB.
2026-09-23T19:52:01Z INFO [249/370] 11888b31-07be-4694-9a74-0da5b059c1e8: 35 groups; 2.6 s; peak memory 396 MiB.
2026-09-23T19:52:14Z INFO [250/370] 1188b656-31d0-45d4-bd0b-11708f2906c3: 36 groups; 13.1 s; peak memory 396 MiB.
2026-09-23T19:52:14Z INFO [250/370] 1188b656-31d0-45d4-bd0b-11708f2906c3: checkpointed 55299 records.
2026-09-23T19:52:16Z INFO [251/370] 1188f612-33e5-453d-804b-e6eb4aee47de: 32 groups; 1.6 s; peak memory 396 MiB.
2026-09-23T19:52:18Z INFO [252/370] 118a173f-68ae-42a5-a670-68882dc72c96: 33 groups; 1.9 s; peak memory 396 MiB.
2026-09-23T19:52:29Z INFO [253/370] 118a539d-9da4-4806-a14c-9f153e60e8d6: 176 groups; 11.0 s; peak memory 396 MiB.
2026-09-23T19:52:31Z INFO [254/370] 118aca9c-4945-4907-bd9d-c912d41d4d1f: 35 groups; 2.1 s; peak memory 396 MiB.
2026-09-23T19:52:32Z INFO [255/370] 118b5e4b-f67e-4e0a-a001-6c219947580e: 17 groups; 1.4 s; peak memory 396 MiB.
2026-09-23T19:52:34Z INFO [256/370] 118e6f12-9157-47b2-8cc5-78eab2d9f39d: 29 groups; 1.7 s; peak memory 396 MiB.
2026-09-23T19:52:35Z INFO [257/370] 118eba48-c260-450b-be0a-1a9a1e0275be: 22 groups; 1.4 s; peak memory 396 MiB.
2026-09-23T19:52:37Z INFO [258/370] 118ffef4-c23b-41af-a8ed-b65d5a6402d4: 32 groups; 1.7 s; peak memory 396 MiB.
2026-09-23T19:52:39Z INFO [259/370] 1191366a-14e9-44e9-a67d-d6c8214de1e0: 103 groups; 1.7 s; peak memory 396 MiB.
2026-09-23T19:52:40Z INFO [260/370] 11914ae7-d0d2-4044-8fb0-62d0066988b9: 29 groups; 1.6 s; peak memory 396 MiB.
2026-09-23T19:52:44Z INFO [261/370] 11934c9d-8dfb-4d07-b718-6017086516d1: 48 groups; 3.4 s; peak memory 396 MiB.
2026-09-23T19:52:46Z INFO [262/370] 11935251-321e-4fdc-a8c0-8ac05227d0c6: 35 groups; 2.1 s; peak memory 396 MiB.
2026-09-23T19:52:48Z INFO [263/370] 1193707a-50ce-4b29-8ec7-afc0e0916cba: 31 groups; 2.4 s; peak memory 396 MiB.
2026-09-23T19:52:52Z INFO [264/370] 1193e4a5-453e-4391-bb60-6e45fa6882d8: 48 groups; 3.6 s; peak memory 396 MiB.
2026-09-23T19:53:04Z INFO [265/370] 1194ee63-091f-42bb-be11-094a2eca6428: 193 groups; 12.0 s; peak memory 396 MiB.
2026-09-23T19:53:06Z INFO [266/370] 11953f8f-f4f4-44cc-9192-9c5dd35d8ab9: 194 groups; 2.0 s; peak memory 396 MiB.
2026-09-23T19:53:07Z INFO [267/370] 119554bc-f7ea-4dc8-9f3d-5e5d36f96c12: 22 groups; 1.6 s; peak memory 396 MiB.
2026-09-23T19:53:09Z INFO [268/370] 11958edd-c4a6-475a-8879-0c6df60105ff: 32 groups; 1.8 s; peak memory 396 MiB.
2026-09-23T19:53:11Z INFO [269/370] 1196df5b-7f2b-465c-a122-241b7ef1e616: 195 groups; 2.0 s; peak memory 396 MiB.
2026-09-23T19:53:13Z INFO [270/370] 1196ffb8-f9b9-4271-b410-7ce55af434e6: 25 groups; 1.7 s; peak memory 396 MiB.
2026-09-23T19:53:14Z INFO [271/370] 119803e6-0856-49c2-af16-65e7504d0a2f: 22 groups; 1.6 s; peak memory 396 MiB.
2026-09-23T19:53:16Z INFO [272/370] 11980b42-d958-48e0-aead-d9f329a6b17c: 202 groups; 2.0 s; peak memory 396 MiB.
2026-09-23T19:53:18Z INFO [273/370] 11985528-a9e1-451f-a61b-56e9f5b94d2a: 22 groups; 1.2 s; peak memory 396 MiB.
2026-09-23T19:53:20Z INFO [274/370] 11985e26-32c8-4c05-90b2-a0c97c7c82db: 195 groups; 2.1 s; peak memory 396 MiB.
2026-09-23T19:53:21Z INFO [275/370] 1198831e-ef18-465a-8ce2-1e4031395107: 35 groups; 1.6 s; peak memory 396 MiB.
2026-09-23T19:53:23Z INFO [276/370] 119a02c0-e46a-452a-a4ce-6447f35f5182: 194 groups; 1.9 s; peak memory 396 MiB.
2026-09-23T19:53:46Z INFO [277/370] 119a0f26-c392-4f44-a75b-5e48c300e322: 23 groups; 23.1 s; peak memory 396 MiB.
2026-09-23T19:53:48Z INFO [278/370] 119a4913-b675-4589-b0a6-4f56fd1421ef: 22 groups; 1.5 s; peak memory 396 MiB.
2026-09-23T19:53:56Z INFO [279/370] 119a962e-9511-43f4-bbcf-91b6f1a26ec7: 67 groups; 8.4 s; peak memory 396 MiB.
2026-09-23T19:54:09Z INFO [280/370] 119b344e-2635-45ea-8315-00e120e2946c: 165 groups; 12.3 s; peak memory 396 MiB.
2026-09-23T19:55:14Z INFO [281/370] 119b505a-11ab-48a0-94e0-ac377ebfeb27: 26 groups; 65.1 s; peak memory 396 MiB.
2026-09-23T19:55:15Z INFO [282/370] 119c9eb5-dfb5-48a1-9bd5-4a28ce413d2c: 31 groups; 1.4 s; peak memory 396 MiB.
2026-09-23T19:55:35Z INFO [283/370] 119d87d7-56dc-4178-9bdb-4db9aa7df894: 327 groups; 20.2 s; peak memory 396 MiB.
2026-09-23T19:55:37Z INFO [284/370] 119d9aef-dfda-47c5-86e0-16f382aa7ac3: 32 groups; 1.9 s; peak memory 396 MiB.
2026-09-23T19:55:39Z INFO [285/370] 119e8c56-e301-49fc-a4c7-63d7af6f2b8e: 26 groups; 1.4 s; peak memory 396 MiB.
2026-09-23T19:55:41Z INFO [286/370] 119fc669-0a7b-48f6-b7e9-97adffbed663: 35 groups; 2.0 s; peak memory 396 MiB.
2026-09-23T19:55:42Z INFO [287/370] 119fccac-0653-429e-b375-413c4727cf44: 32 groups; 1.7 s; peak memory 396 MiB.
2026-09-23T19:55:44Z INFO [288/370] 119fdad5-6736-4155-8f94-9111a8b291e3: 32 groups; 1.9 s; peak memory 396 MiB.
2026-09-23T19:55:46Z INFO [289/370] 11a034bd-96d5-4616-96c8-3d9728ceda73: 22 groups; 1.5 s; peak memory 396 MiB.
2026-09-23T19:55:48Z INFO [290/370] 11a22716-4aab-4835-8900-243ae6fd9930: 30 groups; 2.8 s; peak memory 396 MiB.
2026-09-23T19:55:51Z INFO [291/370] 11a26bbe-2831-45b9-9841-499fd637f5ed: 32 groups; 2.2 s; peak memory 396 MiB.
2026-09-23T19:55:52Z INFO [292/370] 11a27c17-7c7e-4990-a638-b881d5d29c1e: 103 groups; 1.8 s; peak memory 396 MiB.
2026-09-23T19:55:54Z INFO [293/370] 11a314dc-c634-4630-8d1c-07e56faba4de: 22 groups; 1.5 s; peak memory 396 MiB.
2026-09-23T19:55:58Z INFO [294/370] 11a35a44-f6cf-4c5a-a58d-330492a5a077: 50 groups; 4.1 s; peak memory 396 MiB.
2026-09-23T20:00:33Z INFO [295/370] 11a3cc94-3295-4d2a-a5f9-de9adcd4a5be: 81 groups; 275.4 s; peak memory 407 MiB.
2026-09-23T20:00:36Z INFO [296/370] 11a3cd0d-e50e-4373-8071-36e14a3fbc17: 48 groups; 3.0 s; peak memory 407 MiB.
2026-09-23T20:00:39Z INFO [297/370] 11a427d2-58cb-4d76-a21c-618bb2632ecc: 35 groups; 2.4 s; peak memory 407 MiB.
2026-09-23T20:00:40Z INFO [298/370] 11a44560-fc37-4989-9482-e893202ad6cc: 16 groups; 1.6 s; peak memory 407 MiB.
2026-09-23T20:00:43Z INFO [299/370] 11a45dcf-3301-4eb5-bac7-377e3a6ba2be: 35 groups; 2.4 s; peak memory 407 MiB.
2026-09-23T20:00:44Z INFO [300/370] 11a528f3-bf05-4d20-9422-f64503a6d5a2: 32 groups; 1.7 s; peak memory 407 MiB.
2026-09-23T20:00:45Z INFO [300/370] 11a528f3-bf05-4d20-9422-f64503a6d5a2: checkpointed 55349 records.
2026-09-23T20:00:48Z INFO [301/370] 11a57823-10d4-4c79-95cf-e60b452fd523: 17 groups; 3.2 s; peak memory 407 MiB.
2026-09-23T20:00:50Z INFO [302/370] 11a58774-affc-4727-af09-1b215503c618: 32 groups; 1.9 s; peak memory 407 MiB.
2026-09-23T20:00:52Z INFO [303/370] 11a62d40-fefa-4c20-ac7f-62f3b1fc5f4c: 32 groups; 2.0 s; peak memory 407 MiB.
2026-09-23T20:00:55Z INFO [304/370] 11a632d4-438f-4185-a547-3924a8ae0027: 48 groups; 3.5 s; peak memory 407 MiB.
2026-09-23T20:01:15Z INFO [305/370] 11a64b97-14ca-41a2-b990-fe61a2e579eb: 295 groups; 19.6 s; peak memory 407 MiB.
2026-09-23T20:01:16Z INFO [306/370] 11a6d3a7-1816-4a50-8b79-e3ed3e2b25a5: 22 groups; 1.5 s; peak memory 407 MiB.
2026-09-23T20:01:18Z INFO [307/370] 11a7161c-dca1-4981-8408-3dbae4cd4771: 28 groups; 1.6 s; peak memory 407 MiB.
2026-09-23T20:01:20Z INFO [308/370] 11a7d218-9c03-4034-ba36-f155e30cf69c: 35 groups; 2.3 s; peak memory 407 MiB.
2026-09-23T20:01:21Z INFO [309/370] 11a83e2d-3909-47f7-a1f6-334aa292b538: 30 groups; 1.2 s; peak memory 407 MiB.
2026-09-23T20:01:23Z INFO [310/370] 11a8e348-7a9e-43f7-94ba-2be99e0c88ce: 32 groups; 1.8 s; peak memory 407 MiB.
2026-09-23T20:01:25Z INFO [311/370] 11a90903-6c52-49ff-be73-dbc151e52d64: 254 groups; 1.8 s; peak memory 407 MiB.
2026-09-23T20:01:26Z INFO [312/370] 11a9364e-4d67-4594-a082-bfea5cc48004: 26 groups; 1.2 s; peak memory 407 MiB.
2026-09-23T20:01:28Z INFO [313/370] 11a9f9a2-291b-4c28-975f-0f85b0236e31: 32 groups; 1.7 s; peak memory 407 MiB.
2026-09-23T20:01:31Z INFO [314/370] 11aa2a3f-cc0b-487e-949b-fe25577ac10f: 54 groups; 3.7 s; peak memory 407 MiB.
2026-09-23T20:01:34Z INFO [315/370] 11aa6f76-b4e8-4dcb-bcb8-a204afbc365c: 32 groups; 2.1 s; peak memory 407 MiB.
2026-09-23T20:01:37Z INFO [316/370] 11aabcc9-cffc-4ddf-8c6c-46d6ee8ce05f: 53 groups; 2.9 s; peak memory 407 MiB.
2026-09-23T20:01:38Z INFO [317/370] 11aadde2-6046-4776-83eb-c02e72685995: 22 groups; 1.5 s; peak memory 407 MiB.
2026-09-23T20:01:39Z INFO [318/370] 11abdf9d-1d3e-4db2-a404-7b9c13281dc5: 22 groups; 1.5 s; peak memory 407 MiB.
2026-09-23T20:01:51Z INFO [319/370] 11ae20b4-60e1-4cf0-b6eb-57103a3bfaff: 56 groups; 11.4 s; peak memory 407 MiB.
2026-09-23T20:01:52Z INFO [320/370] 11ae86a3-01b9-4c8b-87be-ae0fa79d1bb5: 22 groups; 1.5 s; peak memory 407 MiB.
2026-09-23T20:01:54Z INFO [321/370] 11af1ce7-ded6-4f25-8bcc-66e3e4498999: 32 groups; 1.8 s; peak memory 407 MiB.
2026-09-23T20:01:56Z INFO [322/370] 11af22a7-e045-4596-b770-99e5a441a833: 22 groups; 1.5 s; peak memory 407 MiB.
2026-09-23T20:02:07Z INFO [323/370] 11afe493-2d4a-4f13-8de6-2564184214b0: 191 groups; 10.8 s; peak memory 407 MiB.
2026-09-23T20:02:11Z INFO [324/370] 11b05f79-e04b-4f16-b3d9-820cc649d92c: 85 groups; 4.7 s; peak memory 407 MiB.
2026-09-23T20:02:13Z INFO [325/370] 11b05fac-f744-4fbc-b559-1f7caa980e2a: 22 groups; 1.5 s; peak memory 407 MiB.
2026-09-23T20:04:41Z INFO [326/370] 11b09c0e-3617-4328-8494-b0ab06d1ae4c: 60 groups; 148.5 s; peak memory 407 MiB.
2026-09-23T20:04:45Z INFO [327/370] 11b0aa1c-c380-4ed8-96a6-615e1e59ef64: 48 groups; 3.4 s; peak memory 407 MiB.
2026-09-23T20:04:46Z INFO [328/370] 11b0f31f-05f9-4683-8fe6-d4d26f03be55: 22 groups; 1.4 s; peak memory 407 MiB.
2026-09-23T20:04:48Z INFO [329/370] 11b1b701-b699-4e2c-ae0b-2714aa25537f: 22 groups; 1.5 s; peak memory 407 MiB.
2026-09-23T20:04:49Z INFO [330/370] 11b21750-e159-493b-bb4e-88959d913254: 26 groups; 1.5 s; peak memory 407 MiB.
2026-09-23T20:04:54Z INFO [331/370] 11b21e19-9ec1-43c4-bb08-0e505ccdcfea: 56 groups; 4.7 s; peak memory 407 MiB.
2026-09-23T20:04:58Z INFO [332/370] 11b406e7-b128-48bb-9b57-2def69e860ce: 61 groups; 4.1 s; peak memory 407 MiB.
2026-09-23T20:05:13Z INFO [333/370] 11b4a378-d481-4310-a7ca-2422c4298e0f: 258 groups; 15.0 s; peak memory 407 MiB.
2026-09-23T20:05:15Z INFO [334/370] 11b4d5cf-3425-4430-9123-ba76213704ae: 202 groups; 2.2 s; peak memory 407 MiB.
2026-09-23T20:05:17Z INFO [335/370] 11b521b2-e247-4091-af0a-eeae28150642: 33 groups; 2.0 s; peak memory 407 MiB.
2026-09-23T20:05:19Z INFO [336/370] 11b67e36-3c34-4992-bcd9-433323896002: 33 groups; 2.2 s; peak memory 407 MiB.
2026-09-23T20:05:21Z INFO [337/370] 11b694ec-4456-4da9-809d-4596692b7614: 32 groups; 1.9 s; peak memory 407 MiB.
2026-09-23T20:05:23Z INFO [338/370] 11b83325-7205-4c8d-a019-deb5cbfa8399: 202 groups; 2.0 s; peak memory 407 MiB.
2026-09-23T20:05:25Z INFO [339/370] 11b8fbf8-c258-4f88-b26e-4f7f6d8cf19d: 35 groups; 2.0 s; peak memory 407 MiB.
2026-09-23T20:05:28Z INFO [340/370] 11ba6e72-d200-4135-afea-1e8fa127164d: 200 groups; 3.0 s; peak memory 407 MiB.
2026-09-23T20:05:30Z INFO [341/370] 11bc4210-ff4b-4c8c-9d0d-c1f9a5e1c282: 252 groups; 1.8 s; peak memory 407 MiB.
2026-09-23T20:05:33Z INFO [342/370] 11bc4a22-c5c9-4a83-92a0-4ec28a5b999a: 194 groups; 3.4 s; peak memory 407 MiB.
2026-09-23T20:05:35Z INFO [343/370] 11bc879b-63c4-42d8-b45b-d680c391b024: 29 groups; 1.9 s; peak memory 407 MiB.
2026-09-23T20:05:36Z INFO [344/370] 11bc89f4-bafa-4edd-8295-993953fe269f: 22 groups; 1.2 s; peak memory 407 MiB.
2026-09-23T20:05:38Z INFO [345/370] 11bc8efa-b722-4cee-b674-d1210c391a94: 25 groups; 1.9 s; peak memory 407 MiB.
2026-09-23T20:05:40Z INFO [346/370] 11be8eba-a934-4f2b-9fa6-79a9381e21a5: 22 groups; 1.6 s; peak memory 407 MiB.
2026-09-23T20:05:41Z INFO [347/370] 11beb20c-5cb0-4c60-8933-e53b20fbee36: 18 groups; 1.1 s; peak memory 407 MiB.
2026-09-23T20:05:43Z INFO [348/370] 11c04b04-e4fd-4eb6-8c13-1ad0e729fc19: 207 groups; 2.2 s; peak memory 407 MiB.
2026-09-23T20:05:45Z INFO [349/370] 11c14e61-0108-4249-9d0b-c9adcdbea644: 32 groups; 1.7 s; peak memory 407 MiB.
2026-09-23T20:05:47Z INFO [350/370] 11c2b0ca-67fc-4262-9c78-626a2f94a9cf: 22 groups; 1.6 s; peak memory 407 MiB.
2026-09-23T20:05:47Z INFO [350/370] 11c2b0ca-67fc-4262-9c78-626a2f94a9cf: checkpointed 55399 records.
2026-09-23T20:05:48Z INFO [351/370] 11c38cd0-18cb-4664-8e49-bb759e0696a4: 22 groups; 1.5 s; peak memory 407 MiB.
2026-09-23T20:05:50Z INFO [352/370] 11c3ef0c-d847-4834-8691-c8401d863ee8: 22 groups; 1.6 s; peak memory 407 MiB.
2026-09-23T20:05:57Z INFO [353/370] 11c7f808-60c3-47b4-bc58-cb4d54ed0f44: 119 groups; 7.3 s; peak memory 407 MiB.
2026-09-23T20:05:59Z INFO [354/370] 11c8bffc-d1a4-4ed4-8dfa-dce26d30e31e: 23 groups; 1.7 s; peak memory 407 MiB.
2026-09-23T20:06:02Z INFO [355/370] 11c9cc60-5fc9-48aa-9c26-c95697d1888f: 336 groups; 2.7 s; peak memory 407 MiB.
2026-09-23T20:06:03Z INFO [356/370] 11ca5384-6049-49e8-93ae-9497d7ffa811: 22 groups; 1.3 s; peak memory 407 MiB.
2026-09-23T20:06:16Z INFO [357/370] 11ca7433-804c-4112-9c2e-7b1abc6bc824: 185 groups; 12.7 s; peak memory 407 MiB.
2026-09-23T20:06:17Z INFO [358/370] 11caa139-bd90-424c-a058-216444fc3f66: 22 groups; 1.7 s; peak memory 407 MiB.
2026-09-23T20:06:20Z INFO [359/370] 11caab4e-d877-4f57-bd99-49ee6fa2e0dc: 35 groups; 2.6 s; peak memory 407 MiB.
2026-09-23T20:06:21Z INFO [360/370] 11cc8802-f817-4560-af08-acc0f492ae8e: 22 groups; 1.4 s; peak memory 407 MiB.
2026-09-23T20:06:23Z INFO [361/370] 11cc9db7-2582-4945-a8ab-f9bd42ceb26b: 31 groups; 1.2 s; peak memory 407 MiB.
2026-09-23T20:06:25Z INFO [362/370] 11ccf009-19a2-43e8-9f85-81f81e47be3f: 48 groups; 2.7 s; peak memory 407 MiB.
2026-09-23T20:06:39Z INFO [363/370] 11ce63ea-9f3c-433d-bb1f-bccf3dc01e7f: 2105 groups; 14.1 s; peak memory 407 MiB.
2026-09-23T20:06:41Z INFO [364/370] 11ce64bc-e749-44a6-94a7-8624b74794fa: 22 groups; 1.4 s; peak memory 407 MiB.
2026-09-23T20:06:43Z INFO [365/370] 11cea577-bb53-4abd-ac05-7ae18d1aca20: 35 groups; 2.2 s; peak memory 407 MiB.
2026-09-23T20:06:53Z INFO [366/370] 11cff7e1-646f-4ef4-b3aa-71d8acf5aaf5: 34 groups; 9.9 s; peak memory 407 MiB.
2026-09-23T20:06:55Z INFO [367/370] 11d023b1-d3e2-4253-b6fb-f85d4f5e1f9b: 36 groups; 1.9 s; peak memory 407 MiB.
2026-09-23T20:06:56Z INFO [368/370] 11d08e53-ce02-4815-a469-14cf46074411: 22 groups; 1.5 s; peak memory 407 MiB.
2026-09-23T20:06:58Z INFO [369/370] 11d1b5d0-3d05-400b-b0fb-9be724a0f0d6: 32 groups; 2.0 s; peak memory 407 MiB.
2026-09-23T20:07:08Z INFO [370/370] ab5e3024-1afb-4abd-8292-530bdd871fc6: 29 groups; 10.1 s; peak memory 407 MiB.
2026-09-23T20:07:08Z INFO Wrote 55419 records to /tmp/derivatives/valid_nwb_file_to_number_of_groups.jsonl (370 new, 0 failed) in 50.7 min (peak memory 407 MiB).
