2026-09-22T00:20:12Z INFO Logging to /tmp/logs/update_2026-09-22T00-20-12Z.log.
2026-09-22T00:20:12Z INFO Update valid-nwb-file-to-number-of-groups (base directory /tmp).
2026-09-22T00:20:13Z INFO Processing 372 items (53222 already recorded).
2026-09-22T00:20:20Z INFO [1/372] 0d3cd2fa-bc9d-4683-a422-484e6925a00a: 181 groups; 7.5 s; peak memory 120 MiB.
2026-09-22T00:20:21Z INFO [2/372] 0d3cf2bf-4a7a-4aba-bfec-b56a3abccb08: 35 groups; 1.3 s; peak memory 120 MiB.
2026-09-22T00:20:22Z INFO [3/372] 0d3d0b21-cf46-4ce6-8482-4125da5a32be: 22 groups; 0.9 s; peak memory 121 MiB.
2026-09-22T00:24:52Z INFO [4/372] 0d3d6ea2-5d67-43cc-98c0-c7a8b8ba8fab: 41 groups; 269.9 s; peak memory 662 MiB.
2026-09-22T00:24:53Z INFO [5/372] 0d3e5b27-26e2-46c3-bed6-947dc3cc5d58: 32 groups; 1.0 s; peak memory 662 MiB.
2026-09-22T00:27:55Z INFO [6/372] 0d3e7993-ae4d-49f4-9f05-d72dd2fcc6aa: 39 groups; 181.4 s; peak memory 662 MiB.
2026-09-22T00:27:56Z INFO [7/372] 0d3ec053-bfe8-4fb7-a848-86bd79c00e07: 32 groups; 1.1 s; peak memory 662 MiB.
2026-09-22T00:27:57Z INFO [8/372] 0d3f3dd9-49c7-472b-b9e8-851e50465d7a: 35 groups; 1.1 s; peak memory 662 MiB.
2026-09-22T00:27:58Z INFO [9/372] 0d3feade-020d-406f-933e-58331014baaf: 31 groups; 0.8 s; peak memory 662 MiB.
2026-09-22T00:27:59Z INFO [10/372] 0d3ff12c-3460-42b1-83c8-f8379f012899: 17 groups; 1.7 s; peak memory 662 MiB.
2026-09-22T00:28:08Z INFO [11/372] 0d40a8c1-2f8f-495c-83f6-fb752dce11ba: 2043 groups; 9.2 s; peak memory 662 MiB.
2026-09-22T00:28:09Z INFO [12/372] 0d412b08-e2f4-40bc-8895-47a28f651f0d: 18 groups; 0.8 s; peak memory 662 MiB.
2026-09-22T00:28:10Z INFO [13/372] 0d413e18-1851-42f4-bfdb-f5df0c361788: 16 groups; 0.7 s; peak memory 662 MiB.
2026-09-22T00:28:11Z INFO [14/372] 0d41c93d-597e-4e8a-afea-2d7fb920a21b: 32 groups; 1.0 s; peak memory 662 MiB.
2026-09-22T00:28:12Z INFO [15/372] 0d41d21b-8dff-40aa-9164-3ac31364ddba: 22 groups; 1.0 s; peak memory 662 MiB.
2026-09-22T00:28:13Z INFO [16/372] 0d42ae14-3260-4575-ba81-a2a14ce9bd72: 206 groups; 1.7 s; peak memory 662 MiB.
2026-09-22T00:28:15Z INFO [17/372] 0d42dd2b-ae4e-45d9-81ca-ba87087b6eb0: 35 groups; 1.6 s; peak memory 662 MiB.
2026-09-22T00:28:16Z INFO [18/372] 0d43981b-5585-47fe-b5b4-d89130ae7885: 32 groups; 0.9 s; peak memory 662 MiB.
2026-09-22T00:28:17Z INFO [19/372] 0d43c1aa-11fc-4a3c-8529-fc4f38088346: 17 groups; 0.8 s; peak memory 662 MiB.
2026-09-22T00:28:17Z INFO [20/372] 0d43ca14-f581-45ae-a72b-be08cc3f5430: 22 groups; 0.8 s; peak memory 662 MiB.
2026-09-22T00:28:19Z INFO [21/372] 0d43d854-e826-4ef5-855e-b9f8219a5b99: 200 groups; 1.5 s; peak memory 662 MiB.
2026-09-22T00:28:20Z INFO [22/372] 0d43e0fe-a725-426e-8913-d87458a09d9e: 35 groups; 1.2 s; peak memory 662 MiB.
2026-09-22T00:28:21Z INFO [23/372] 0d4409a7-19f5-46f2-bcb8-909ef27ef8b9: 22 groups; 1.0 s; peak memory 662 MiB.
2026-09-22T00:28:23Z INFO [24/372] 0d4419b9-1003-4033-89c3-031388e19bc7: 35 groups; 1.5 s; peak memory 662 MiB.
2026-09-22T00:28:23Z INFO [25/372] 0d44b44a-5fe5-456d-ae1a-567e7511512d: 32 groups; 0.9 s; peak memory 662 MiB.
2026-09-22T00:28:24Z INFO [26/372] 0d44e726-1757-44d1-a7e9-2eb8a01ee7de: 22 groups; 0.8 s; peak memory 662 MiB.
2026-09-22T00:28:25Z INFO [27/372] 0d454685-1a90-4064-9689-e2e09a9b2f2a: 22 groups; 0.8 s; peak memory 662 MiB.
2026-09-22T00:28:26Z INFO [28/372] 0d45a360-35e3-4209-afc4-490af62c5bab: 36 groups; 1.1 s; peak memory 662 MiB.
2026-09-22T00:28:27Z INFO [29/372] 0d464b01-a147-4714-a312-3ed6e7d102a5: 32 groups; 1.1 s; peak memory 662 MiB.
2026-09-22T00:28:28Z INFO [30/372] 0d466f54-092b-455a-bf41-ea9c74f649ab: 17 groups; 0.8 s; peak memory 662 MiB.
2026-09-22T00:28:29Z INFO [31/372] 0d46ba64-2b35-4ac6-975e-9500b5bfd28f: 25 groups; 0.9 s; peak memory 662 MiB.
2026-09-22T00:28:32Z INFO [32/372] 0d46d308-59ad-4a9d-986e-75e06d7fd0dc: 57 groups; 2.6 s; peak memory 662 MiB.
2026-09-22T00:28:32Z INFO [33/372] 0d471d06-8131-40cc-a66b-a46ca0ca8adc: 22 groups; 0.8 s; peak memory 662 MiB.
2026-09-22T00:28:47Z INFO [34/372] 0d47b0cc-c48c-4003-b56b-78024806cad3: 117 groups; 14.3 s; peak memory 662 MiB.
2026-09-22T00:28:48Z INFO [35/372] 0d4a7416-6707-46bb-aa87-4743140373ca: 22 groups; 1.1 s; peak memory 662 MiB.
2026-09-22T00:28:49Z INFO [36/372] 0d4c22fb-a872-446f-83e6-bbb11fc5d775: 41 groups; 0.8 s; peak memory 662 MiB.
2026-09-22T00:28:51Z INFO [37/372] 0d4c4857-782d-4a50-8e6a-a3e32343116f: 50 groups; 2.3 s; peak memory 662 MiB.
2026-09-22T00:28:52Z INFO [38/372] 0d4d7f10-9b8e-4d76-9b5f-aeeeead2b515: 18 groups; 0.8 s; peak memory 662 MiB.
2026-09-22T00:28:55Z INFO [39/372] 0d4dbf5d-1a7f-4c44-bf02-bd87080a9769: 125 groups; 3.5 s; peak memory 662 MiB.
2026-09-22T00:28:57Z INFO [40/372] 0d4de07d-4204-4c02-b807-6efd612dc0c4: 341 groups; 1.7 s; peak memory 662 MiB.
2026-09-22T00:28:58Z INFO [41/372] 0d4e36a7-7de0-4b3d-9b86-ad5f425db3bd: 30 groups; 0.8 s; peak memory 662 MiB.
2026-09-22T00:28:58Z INFO [42/372] 0d4eedd7-9c1d-4f9a-9473-6e141a048107: 16 groups; 0.7 s; peak memory 662 MiB.
2026-09-22T00:29:34Z INFO [43/372] 0d4efb74-4913-41fa-b888-ad771ca92886: 27 groups; 35.8 s; peak memory 662 MiB.
2026-09-22T00:29:37Z INFO [44/372] 0d4f79fe-23e9-4e4a-96f8-0a26b96d6663: 60 groups; 3.1 s; peak memory 662 MiB.
2026-09-22T00:29:39Z INFO [45/372] 0d4ffccb-2ff3-44c4-8d4b-13ce78b3a30f: 33 groups; 1.2 s; peak memory 662 MiB.
2026-09-22T00:29:40Z INFO [46/372] 0d5047bb-e400-4731-9f48-ea7d884fa1dc: 32 groups; 1.1 s; peak memory 662 MiB.
2026-09-22T00:29:41Z INFO [47/372] 0d507847-fc43-4ad3-a749-e7d25798caf2: 33 groups; 1.5 s; peak memory 662 MiB.
2026-09-22T00:29:42Z INFO [48/372] 0d52835e-ac9e-401f-acd9-9bd480ab8bf5: 28 groups; 0.9 s; peak memory 662 MiB.
2026-09-22T00:29:43Z INFO [49/372] 0d52a312-73a4-44e1-b026-d401b2e71d67: 33 groups; 0.9 s; peak memory 662 MiB.
2026-09-22T00:29:44Z INFO [50/372] 0d52b65a-b992-4e25-add8-917196367945: 22 groups; 0.9 s; peak memory 662 MiB.
2026-09-22T00:29:44Z INFO [50/372] 0d52b65a-b992-4e25-add8-917196367945: checkpointed 53272 records.
2026-09-22T00:29:49Z INFO [51/372] 0d53bd68-c5a3-4c38-8125-59d2e1c5d94e: 187 groups; 5.5 s; peak memory 662 MiB.
2026-09-22T00:29:50Z INFO [52/372] 0d53e95c-bc20-4c54-894d-5695f80ce484: 24 groups; 1.2 s; peak memory 662 MiB.
2026-09-22T00:29:51Z INFO [53/372] 0d5422e8-c673-46fd-ad26-3c6d55c3f5e9: 16 groups; 0.7 s; peak memory 662 MiB.
2026-09-22T00:29:52Z INFO [54/372] 0d5430f7-94e6-43eb-a837-3386dbc04a07: 22 groups; 1.1 s; peak memory 662 MiB.
2026-09-22T00:29:54Z INFO [55/372] 0d548c7e-c0fe-4ba4-98eb-6fa8e1a3d065: 17 groups; 1.5 s; peak memory 662 MiB.
2026-09-22T00:29:55Z INFO [56/372] 0d55c60e-2435-4312-9352-c7cc8f5e8fed: 32 groups; 1.0 s; peak memory 662 MiB.
2026-09-22T00:29:56Z INFO [57/372] 0d55eea9-0994-425a-87db-139f58cd2dfd: 35 groups; 1.2 s; peak memory 662 MiB.
2026-09-22T00:29:57Z INFO [58/372] 0d560d51-3058-4f65-874b-d12ee1f10678: 36 groups; 1.0 s; peak memory 662 MiB.
2026-09-22T00:29:58Z INFO [59/372] 0d564c13-a784-4aec-b70c-fb41d6d52283: 35 groups; 1.3 s; peak memory 662 MiB.
2026-09-22T00:29:59Z INFO [60/372] 0d572355-f7a7-473f-8fbe-fec648d8fcd7: 25 groups; 1.0 s; peak memory 662 MiB.
2026-09-22T00:30:00Z INFO [61/372] 0d57d173-410c-495e-8084-9cbe6597cf88: 32 groups; 1.0 s; peak memory 662 MiB.
2026-09-22T00:30:01Z INFO [62/372] 0d57d932-6227-4fce-bb64-cea9456c46c0: 33 groups; 1.0 s; peak memory 662 MiB.
2026-09-22T00:30:02Z INFO [63/372] 0d585caf-115d-4040-b7b6-13c17298a500: 32 groups; 1.0 s; peak memory 662 MiB.
2026-09-22T00:30:06Z INFO [64/372] 0d589e8f-e892-4518-a047-5ca3bded97f1: 78 groups; 4.0 s; peak memory 662 MiB.
2026-09-22T00:30:08Z INFO [65/372] 0d58acdf-1311-49a5-8239-01ec810b1151: 195 groups; 1.3 s; peak memory 662 MiB.
2026-09-22T00:30:09Z INFO [66/372] 0d58bbec-a0fc-4194-aa60-7671065149ef: 32 groups; 1.0 s; peak memory 662 MiB.
2026-09-22T00:30:09Z INFO [67/372] 0d58df65-174d-45ce-a45a-6da9ce1090f4: 31 groups; 0.8 s; peak memory 662 MiB.
2026-09-22T00:30:13Z INFO [68/372] 0d591c25-6e26-4c51-a4cb-8ff9016c4fdd: 78 groups; 3.6 s; peak memory 662 MiB.
2026-09-22T00:30:14Z INFO [69/372] 0d5a46de-4a6c-4062-9e68-7459cc17dec8: 30 groups; 0.8 s; peak memory 662 MiB.
2026-09-22T00:30:15Z INFO [70/372] 0d5a6fd5-41da-4d56-818b-500405a6286f: 32 groups; 1.2 s; peak memory 662 MiB.
2026-09-22T00:30:16Z INFO [71/372] 0d5b5f94-4798-47d4-9a9a-a1673cc52534: 32 groups; 1.1 s; peak memory 662 MiB.
2026-09-22T00:30:17Z INFO [72/372] 0d5b8b02-a222-4563-93b5-16fc419e1349: 22 groups; 0.8 s; peak memory 662 MiB.
2026-09-22T00:30:18Z INFO [73/372] 0d5c250b-6815-45e3-a595-0b07299d2eb7: 24 groups; 0.7 s; peak memory 662 MiB.
2026-09-22T00:30:18Z INFO [74/372] 0d5d1cb1-2224-4607-b466-2d0c1fb21c21: 16 groups; 0.8 s; peak memory 662 MiB.
2026-09-22T00:30:19Z INFO [75/372] 0d5df3f6-9b57-4777-a223-e8755a6e06ea: 22 groups; 0.8 s; peak memory 662 MiB.
2026-09-22T00:30:20Z INFO [76/372] 0d5e5534-99f7-456c-b3d1-d8317416b45f: 25 groups; 1.2 s; peak memory 662 MiB.
2026-09-22T00:30:21Z INFO [77/372] 0d5f2ffb-6a24-45a3-b41f-599458d4c6dd: 17 groups; 0.7 s; peak memory 662 MiB.
2026-09-22T00:30:22Z INFO [78/372] 0d5f99a5-e1be-4182-892b-3973def95ec1: 22 groups; 0.8 s; peak memory 662 MiB.
2026-09-22T00:30:34Z INFO [79/372] 0d604528-3be8-4a4a-8c14-934b84c46681: 282 groups; 12.0 s; peak memory 662 MiB.
2026-09-22T00:30:36Z INFO [80/372] 0d611bfc-63f2-40e7-913f-15ccd0d66c2c: 49 groups; 2.4 s; peak memory 662 MiB.
2026-09-22T00:30:38Z INFO [81/372] 0d614080-921a-4980-a04e-94337e01a757: 48 groups; 1.7 s; peak memory 662 MiB.
2026-09-22T00:30:39Z INFO [82/372] 0d61a7f8-720c-47b2-b54e-77cd234284cb: 16 groups; 0.7 s; peak memory 662 MiB.
2026-09-22T00:30:41Z INFO [83/372] 0d63ab23-ea4d-4b8f-a627-39813dd96f6a: 50 groups; 2.4 s; peak memory 662 MiB.
2026-09-22T00:30:43Z INFO [84/372] 0d63f3e5-e1a9-4cf2-8fcc-c7c3dcd16c9e: 35 groups; 1.5 s; peak memory 662 MiB.
2026-09-22T00:30:44Z INFO [85/372] 0d6470f5-d544-4dc5-a9b3-f239814c5b6b: 22 groups; 0.9 s; peak memory 662 MiB.
2026-09-22T00:30:54Z INFO [86/372] 0d64a48f-2b2b-4e04-8695-870a485ce42b: 347 groups; 10.5 s; peak memory 662 MiB.
2026-09-22T00:30:59Z INFO [87/372] 0d64cc4a-e00e-4a3c-b317-9727e2e3860a: 85 groups; 5.0 s; peak memory 662 MiB.
2026-09-22T00:31:00Z INFO [88/372] 0d654624-a83d-4273-b27d-8c1cf55e4346: 35 groups; 1.3 s; peak memory 662 MiB.
2026-09-22T00:31:06Z INFO [89/372] 0d65649f-f35d-4e8c-baa5-61f88ba82859: 160 groups; 5.6 s; peak memory 662 MiB.
2026-09-22T00:31:07Z INFO [90/372] 0d65c3d3-ff1c-4a22-b5b8-2c7182570e0f: 33 groups; 1.0 s; peak memory 662 MiB.
2026-09-22T00:31:27Z INFO [91/372] 0d65ca0c-52e7-4a02-b7a9-e74785d065ab: 232 groups; 19.6 s; peak memory 662 MiB.
2026-09-22T00:31:28Z INFO [92/372] 0d65e8f5-bdc9-45fa-8f25-c51ca02823d6: 48 groups; 1.8 s; peak memory 662 MiB.
2026-09-22T00:31:30Z INFO [93/372] 0d65eaf1-b652-4913-bdf7-34ae0c4c5bce: 65 groups; 1.5 s; peak memory 662 MiB.
2026-09-22T00:31:31Z INFO [94/372] 0d662d10-7843-4014-a7df-1c8b78d6a740: 67 groups; 1.2 s; peak memory 662 MiB.
2026-09-22T00:31:33Z INFO [95/372] 0d66c028-681e-4e05-b053-ef09d45e238c: 71 groups; 1.8 s; peak memory 662 MiB.
2026-09-22T00:31:34Z INFO [96/372] 0d66e9ee-a283-45c8-b9a2-a561936b9af1: 25 groups; 1.1 s; peak memory 662 MiB.
2026-09-22T00:31:35Z INFO [97/372] 0d6701da-8791-4f9d-b6c7-f2ce207e7948: 194 groups; 1.3 s; peak memory 662 MiB.
2026-09-22T00:32:13Z INFO [98/372] 0d67d939-9a07-485b-8462-424e21249b9a: 2278 groups; 37.6 s; peak memory 662 MiB.
2026-09-22T00:32:14Z INFO [99/372] 0d68c233-147e-4722-8c30-41307b383e5d: 16 groups; 0.6 s; peak memory 662 MiB.
2026-09-22T00:32:15Z INFO [100/372] 0d6a30a8-1351-413a-b939-d44b60e359db: 49 groups; 1.6 s; peak memory 662 MiB.
2026-09-22T00:32:15Z INFO [100/372] 0d6a30a8-1351-413a-b939-d44b60e359db: checkpointed 53322 records.
2026-09-22T00:32:16Z INFO [101/372] 0d6a78c4-5351-4f9d-902e-770b6f614a6f: 32 groups; 1.0 s; peak memory 662 MiB.
2026-09-22T00:32:17Z INFO [102/372] 0d6b1eac-bc27-43c7-b7f4-91f6d47f86bb: 22 groups; 0.9 s; peak memory 662 MiB.
2026-09-22T00:33:53Z INFO [103/372] 0d6b4196-f2dd-489f-9f19-12ef18e8e58d: 60 groups; 95.3 s; peak memory 662 MiB.
2026-09-22T00:33:53Z INFO [104/372] 0d6bc22e-4429-4226-a4e0-cca6dd2fec86: 22 groups; 0.9 s; peak memory 662 MiB.
2026-09-22T00:33:54Z INFO [105/372] 0d6c1f1e-1f2b-461e-be16-e5d37db18295: 22 groups; 0.7 s; peak memory 662 MiB.
2026-09-22T00:34:03Z INFO [106/372] 0d6cbcf1-2fea-4e59-ab0d-d2c889621da8: 56 groups; 8.4 s; peak memory 662 MiB.
2026-09-22T00:34:03Z INFO [107/372] 0d6d0733-925f-4cc1-84cb-150c1318722d: 22 groups; 0.9 s; peak memory 662 MiB.
2026-09-22T00:34:17Z INFO [108/372] 0d6e4027-4805-4852-aba5-4005bff333b5: 23 groups; 13.8 s; peak memory 662 MiB.
2026-09-22T00:34:34Z INFO [109/372] 0d6f0a74-c784-4282-bbf6-c74e442c6a29: 23 groups; 16.7 s; peak memory 662 MiB.
2026-09-22T00:34:35Z INFO [110/372] 0d6f5022-322d-47be-a9dd-7b245517dfb3: 32 groups; 1.3 s; peak memory 662 MiB.
2026-09-22T00:34:36Z INFO [111/372] 0d6f60b8-aa1a-4ff3-892f-8bdc9e2b84a0: 28 groups; 0.9 s; peak memory 662 MiB.
2026-09-22T00:34:37Z INFO [112/372] 0d6f657b-a568-4904-9292-7372b55cda33: 26 groups; 0.7 s; peak memory 662 MiB.
2026-09-22T00:34:51Z INFO [113/372] 0d6f9046-7267-4bb6-92d7-72a67d90c5cb: 374 groups; 14.4 s; peak memory 662 MiB.
2026-09-22T00:34:52Z INFO [114/372] 0d6fea67-017f-43b3-a9c6-c164d6725b66: 201 groups; 1.1 s; peak memory 662 MiB.
2026-09-22T00:34:53Z INFO [115/372] 0d702235-6853-4956-b35c-7774e05061a4: 32 groups; 1.0 s; peak memory 662 MiB.
2026-09-22T00:34:55Z INFO [116/372] 0d708c7e-d8c9-47ed-aa5f-1abac9cea870: 32 groups; 1.6 s; peak memory 662 MiB.
2026-09-22T00:34:56Z INFO [117/372] 0d70a206-b77a-42c8-8556-9d0d4f7673b1: 22 groups; 1.0 s; peak memory 662 MiB.
2026-09-22T00:34:57Z INFO [118/372] 0d714466-9057-49dc-b4c0-953e8b4d173d: 201 groups; 1.2 s; peak memory 662 MiB.
2026-09-22T00:34:58Z INFO [119/372] 0d71a07a-6c93-44b8-bad7-7d47305f659b: 22 groups; 1.0 s; peak memory 662 MiB.
2026-09-22T00:34:59Z INFO [120/372] 0d71d01e-3e5d-457f-9247-0713e3ab7406: 33 groups; 1.5 s; peak memory 662 MiB.
2026-09-22T00:35:01Z INFO [121/372] 0d722d5d-73e4-4afe-8642-755196371494: 35 groups; 1.5 s; peak memory 662 MiB.
2026-09-22T00:35:02Z INFO [122/372] 0d728beb-98b5-4abb-b46e-bc682f4feb03: 203 groups; 1.2 s; peak memory 662 MiB.
2026-09-22T00:35:03Z INFO [123/372] 0d72ad0c-672a-4042-915a-0498ab503d0e: 22 groups; 0.9 s; peak memory 662 MiB.
2026-09-22T00:35:04Z INFO [124/372] 0d72e81e-b3fb-4703-b690-adedb055c9e5: 22 groups; 0.8 s; peak memory 662 MiB.
2026-09-22T00:35:06Z INFO [125/372] 0d737418-adb0-4089-9b4c-c25d2e69746c: 341 groups; 1.6 s; peak memory 662 MiB.
2026-09-22T00:35:06Z INFO [126/372] 0d739225-22d8-4e84-bf1d-9329419d922e: 251 groups; 0.9 s; peak memory 662 MiB.
2026-09-22T00:35:07Z INFO [127/372] 0d742129-9a8a-4c61-896c-75e7a53b063d: 22 groups; 1.0 s; peak memory 662 MiB.
2026-09-22T00:35:10Z INFO [128/372] 0d744235-c0f2-4861-a892-f1084072cb89: 94 groups; 2.8 s; peak memory 662 MiB.
2026-09-22T00:35:11Z INFO [129/372] 0d750db2-1358-4515-af0e-69bcdb8fd852: 22 groups; 0.9 s; peak memory 662 MiB.
2026-09-22T00:35:13Z INFO [130/372] 0d7541eb-88fb-49eb-86b6-bdfddb456f48: 71 groups; 2.2 s; peak memory 662 MiB.
2026-09-22T00:35:14Z INFO [131/372] 0d759efe-a1e1-4bed-a70f-011a819d1669: 32 groups; 0.9 s; peak memory 662 MiB.
2026-09-22T00:35:16Z INFO [132/372] 0d75efd4-4e50-414a-aa34-07dcb6aad005: 48 groups; 2.0 s; peak memory 662 MiB.
2026-09-22T00:35:17Z INFO [133/372] 0d76331c-bd42-4d2b-8164-6ee4d64d3d5c: 22 groups; 0.9 s; peak memory 662 MiB.
2026-09-22T00:35:19Z INFO [134/372] 0d777475-ba6a-4175-8c57-ddeea6907aec: 37 groups; 1.7 s; peak memory 662 MiB.
2026-09-22T00:35:25Z INFO [135/372] 0d779d08-9854-4c25-bc72-60c96eacc187: 237 groups; 6.3 s; peak memory 662 MiB.
2026-09-22T00:35:26Z INFO [136/372] 0d788dff-1ac7-46f8-8087-b932e6ddf6e8: 25 groups; 1.1 s; peak memory 662 MiB.
2026-09-22T00:35:27Z INFO [137/372] 0d790ba2-a91a-47a7-96f8-3b2eee965724: 16 groups; 0.7 s; peak memory 662 MiB.
2026-09-22T00:35:28Z INFO [138/372] 0d79112b-ad25-44fe-b43a-51486ce02320: 35 groups; 1.2 s; peak memory 662 MiB.
2026-09-22T00:35:32Z INFO [139/372] 0d7914a6-7848-490a-9fcf-030886ac33e5: 64 groups; 3.6 s; peak memory 662 MiB.
2026-09-22T00:35:33Z INFO [140/372] 0d797e6c-a5c5-43e2-a34a-d902c35a6390: 256 groups; 1.1 s; peak memory 662 MiB.
2026-09-22T00:35:34Z INFO [141/372] 0d7be93e-121a-47f4-95f1-03b2f878d598: 203 groups; 1.1 s; peak memory 662 MiB.
2026-09-22T00:35:35Z INFO [142/372] 0d7befea-d9a6-43d4-9781-4333bc3a5dba: 199 groups; 1.4 s; peak memory 662 MiB.
2026-09-22T00:35:37Z INFO [143/372] 0d7d26d5-e272-423a-b050-e76f12a076f2: 32 groups; 1.2 s; peak memory 662 MiB.
2026-09-22T00:35:37Z INFO [144/372] 0d7d65c7-d6ea-4f24-b335-9513d92b02db: 16 groups; 0.8 s; peak memory 662 MiB.
2026-09-22T00:35:38Z INFO [145/372] 0d7f12ba-d3e9-4771-a161-9fce5fa6da01: 253 groups; 1.0 s; peak memory 662 MiB.
2026-09-22T00:35:40Z INFO [146/372] 0d80e6cb-6d0e-4760-b881-fcf8d5103493: 202 groups; 1.3 s; peak memory 662 MiB.
2026-09-22T00:35:41Z INFO [147/372] 0d813ab7-39bc-402e-828b-57e6de961ebb: 29 groups; 1.4 s; peak memory 662 MiB.
2026-09-22T00:35:42Z INFO [148/372] 0d81c314-5f19-44bc-84ed-1ecd0954f6bc: 194 groups; 1.2 s; peak memory 662 MiB.
2026-09-22T00:37:12Z INFO [149/372] 0d8316ee-896d-48d9-83c5-20c0f2746f22: 60 groups; 89.5 s; peak memory 662 MiB.
2026-09-22T00:37:19Z INFO [150/372] 0d83c8cd-a0e1-4c00-80e2-7432f72e1871: 321 groups; 7.7 s; peak memory 662 MiB.
2026-09-22T00:37:20Z INFO [150/372] 0d83c8cd-a0e1-4c00-80e2-7432f72e1871: checkpointed 53372 records.
2026-09-22T00:37:27Z INFO [151/372] 0d842d23-19c7-4b66-9535-5464a6e7794b: 1804 groups; 7.4 s; peak memory 662 MiB.
2026-09-22T00:37:28Z INFO [152/372] 0d842e87-65e9-4c8e-bb28-d240e5063170: 253 groups; 1.3 s; peak memory 662 MiB.
2026-09-22T00:37:41Z INFO [153/372] 0d86332d-1b4d-4a8a-a2b7-411a90c67d99: 62 groups; 12.6 s; peak memory 662 MiB.
2026-09-22T00:37:42Z INFO [154/372] 0d869c35-cd10-44a3-9ae5-ce3e06453935: 27 groups; 0.8 s; peak memory 662 MiB.
2026-09-22T00:37:45Z INFO [155/372] 0d874907-7522-4cbd-a454-f020941adb91: 112 groups; 2.8 s; peak memory 662 MiB.
2026-09-22T00:37:46Z INFO [156/372] 0d87c0af-5d18-47a1-971a-c1860dfc1ebb: 22 groups; 0.9 s; peak memory 662 MiB.
2026-09-22T00:37:47Z INFO [157/372] 0d87d228-21e4-4f51-be0c-3f36a28403ea: 202 groups; 1.2 s; peak memory 662 MiB.
2026-09-22T00:37:48Z INFO [158/372] 0d8848a6-e4bc-444f-8201-73914f6d667c: 35 groups; 1.4 s; peak memory 662 MiB.
2026-09-22T00:37:49Z INFO [159/372] 0d8ab998-ec23-4a0b-8e45-97bb4b35c832: 22 groups; 0.9 s; peak memory 662 MiB.
2026-09-22T00:37:50Z INFO [160/372] 0d8ae2b7-829c-43ba-be37-90701964a38d: 35 groups; 1.1 s; peak memory 662 MiB.
2026-09-22T00:37:51Z INFO [161/372] 0d8c7c69-6591-41f2-b563-a3f52edb1619: 22 groups; 0.8 s; peak memory 662 MiB.
2026-09-22T00:37:54Z INFO [162/372] 0d8cfcc7-af10-4eed-9282-2314b1e0d7d6: 54 groups; 2.5 s; peak memory 662 MiB.
2026-09-22T00:37:55Z INFO [163/372] 0d8d3b65-dbb3-4c17-af8b-62fc978962b3: 49 groups; 1.4 s; peak memory 662 MiB.
2026-09-22T00:37:59Z INFO [164/372] 0d8d5b13-3ab2-45cb-a1c0-89b3a0a6a2dd: 73 groups; 4.2 s; peak memory 662 MiB.
2026-09-22T00:38:00Z INFO [165/372] 0d8df097-f498-4276-8368-0b66ee6cff6a: 22 groups; 0.9 s; peak memory 662 MiB.
2026-09-22T00:38:01Z INFO [166/372] 0d8fa3c4-2355-4c1b-b1eb-06976cb86152: 22 groups; 0.9 s; peak memory 662 MiB.
2026-09-22T00:38:02Z INFO [167/372] 0d8ff10d-a55b-49e9-bea3-ea04aed8c154: 22 groups; 0.8 s; peak memory 662 MiB.
2026-09-22T00:38:03Z INFO [168/372] 0d900d07-9be8-4393-bba9-cc00cd3fb6ba: 32 groups; 1.2 s; peak memory 662 MiB.
2026-09-22T00:38:04Z INFO [169/372] 0d90b745-57b1-42ac-a3b9-fefd2473c7d9: 32 groups; 1.4 s; peak memory 662 MiB.
2026-09-22T00:38:07Z INFO [170/372] 0d914b0f-f518-4dcf-8401-03cf1ae13386: 30 groups; 3.0 s; peak memory 662 MiB.
2026-09-22T00:38:10Z INFO [171/372] 0d915b9a-9668-43e3-8826-53b84a64de1a: 54 groups; 2.6 s; peak memory 662 MiB.
2026-09-22T00:38:11Z INFO [172/372] 0d91ce85-070b-4b03-ad6f-40608f731003: 32 groups; 1.2 s; peak memory 662 MiB.
2026-09-22T00:38:12Z INFO [173/372] 0d92354f-0ec8-4f60-a29e-046788965f9b: 33 groups; 1.2 s; peak memory 662 MiB.
2026-09-22T00:38:13Z INFO [174/372] 0d9250b0-be36-4ee5-b83d-2eca29ffb5db: 17 groups; 0.9 s; peak memory 662 MiB.
2026-09-22T00:38:21Z INFO [175/372] 0d932a27-2566-4241-bf90-f77ea91242d7: 22 groups; 7.9 s; peak memory 662 MiB.
2026-09-22T00:38:22Z INFO [176/372] 0d93dfe3-b1c6-46f6-aa64-aa0d043ccfae: 16 groups; 0.8 s; peak memory 662 MiB.
2026-09-22T00:38:24Z INFO [177/372] 0d944e1f-3d67-482d-90fc-e0249e57abd9: 196 groups; 1.8 s; peak memory 662 MiB.
2026-09-22T00:38:25Z INFO [178/372] 0d94b94e-23e1-4bab-8432-cdee445b119a: 17 groups; 1.7 s; peak memory 662 MiB.
2026-09-22T00:38:26Z INFO [179/372] 0d94d256-acc6-4cfb-93db-fb2d941fa858: 35 groups; 1.1 s; peak memory 662 MiB.
2026-09-22T00:38:27Z INFO [180/372] 0d95213a-e10a-4359-9683-9dc9306cd0e6: 22 groups; 1.0 s; peak memory 662 MiB.
2026-09-22T00:38:28Z INFO [181/372] 0d9521ff-59e4-45bf-b99a-395110c5c7ce: 25 groups; 1.0 s; peak memory 662 MiB.
2026-09-22T00:38:29Z INFO [182/372] 0d95caa7-e65b-490c-9ab8-48385aef35a6: 22 groups; 0.8 s; peak memory 662 MiB.
2026-09-22T00:38:31Z INFO [183/372] 0d96422e-4c60-4aad-b3bc-9a0a6697c6dc: 48 groups; 1.9 s; peak memory 662 MiB.
2026-09-22T00:40:06Z INFO [184/372] 0d965b41-fbc5-4a35-952a-414e75f4ef2f: 62 groups; 95.3 s; peak memory 662 MiB.
2026-09-22T00:40:07Z INFO [185/372] 0d9707fa-66ff-4a51-b9ec-cb57834790e2: 22 groups; 0.8 s; peak memory 662 MiB.
2026-09-22T00:40:08Z INFO [186/372] 0d979193-1cce-4309-a6b9-75916e57e15f: 32 groups; 1.2 s; peak memory 662 MiB.
2026-09-22T00:40:16Z INFO [187/372] 0d97f1dc-2546-4e7f-86c4-a924dd40abf7: 188 groups; 7.3 s; peak memory 662 MiB.
2026-09-22T00:40:17Z INFO [188/372] 0d9810e4-6246-4cda-a0a7-4d6bb790fb57: 32 groups; 1.0 s; peak memory 662 MiB.
2026-09-22T00:40:19Z INFO [189/372] 0d984ee9-1b4b-4a62-879c-627c5271bc7e: 50 groups; 2.4 s; peak memory 662 MiB.
2026-09-22T00:40:20Z INFO [190/372] 0d992398-754a-4ef6-a808-8756afa5c862: 22 groups; 0.8 s; peak memory 662 MiB.
2026-09-22T00:40:31Z INFO [191/372] 0d9a3a27-82ea-4e97-897f-eedcc6b1857f: 109 groups; 11.3 s; peak memory 662 MiB.
2026-09-22T00:40:33Z INFO [192/372] 0d9a76fd-76fb-438c-9e72-035f2fc338eb: 48 groups; 1.6 s; peak memory 662 MiB.
2026-09-22T00:40:40Z INFO [193/372] 0d9ae46d-0b31-4b8e-ad7f-101e1898e80a: 225 groups; 6.9 s; peak memory 662 MiB.
2026-09-22T00:40:41Z INFO [194/372] 0d9b5882-5d06-4738-ba08-ff2be98a8b57: 48 groups; 1.6 s; peak memory 662 MiB.
2026-09-22T00:40:43Z INFO [195/372] 0d9bb25e-176e-4e56-85db-4da9a68708a7: 32 groups; 1.0 s; peak memory 662 MiB.
2026-09-22T00:40:43Z INFO [196/372] 0d9cecc0-629a-4e69-8c28-7154348e6e8d: 22 groups; 0.9 s; peak memory 662 MiB.
2026-09-22T00:40:45Z INFO [197/372] 0d9d435e-4a3f-42dc-be22-dd0e63feaaf1: 32 groups; 1.2 s; peak memory 662 MiB.
2026-09-22T00:40:45Z INFO [198/372] 0d9da1f0-66d5-4007-a360-b4f971c0573a: 22 groups; 0.8 s; peak memory 662 MiB.
2026-09-22T00:40:47Z INFO [199/372] 0d9df3fd-e945-40d5-a5b0-b4b268b5ba4d: 33 groups; 1.1 s; peak memory 662 MiB.
2026-09-22T00:40:48Z INFO [200/372] 0d9e0c93-570d-46db-8d35-f431e3b87ed3: 199 groups; 1.5 s; peak memory 662 MiB.
2026-09-22T00:40:48Z INFO [200/372] 0d9e0c93-570d-46db-8d35-f431e3b87ed3: checkpointed 53422 records.
2026-09-22T00:40:49Z INFO [201/372] 0d9e16e9-2828-4272-beea-8d8265f18e86: 32 groups; 0.9 s; peak memory 662 MiB.
2026-09-22T00:40:50Z INFO [202/372] 0d9e35a7-d16a-45c6-b8c8-cc9dea617761: 207 groups; 1.3 s; peak memory 662 MiB.
2026-09-22T00:40:51Z INFO [203/372] 0d9e75ee-53b0-4946-915c-6e685b82ef8d: 16 groups; 0.6 s; peak memory 662 MiB.
2026-09-22T00:40:53Z INFO [204/372] 0d9f058d-04fc-459a-b0dd-d15ee0aafae8: 201 groups; 1.5 s; peak memory 662 MiB.
2026-09-22T00:41:04Z INFO [205/372] 0d9f3acc-9c15-4c64-b5a7-acf3c0f59575: 27 groups; 11.9 s; peak memory 662 MiB.
2026-09-22T00:41:06Z INFO [206/372] 0d9ffd2b-5e37-41a7-baf5-dc633ec9f753: 254 groups; 1.1 s; peak memory 662 MiB.
2026-09-22T00:41:07Z INFO [207/372] 0da0593f-5522-41f4-bef6-951a859feb03: 253 groups; 1.1 s; peak memory 662 MiB.
2026-09-22T00:41:08Z INFO [208/372] 0da07c4a-eb60-48a6-a63f-ccce4c5d12f6: 22 groups; 1.0 s; peak memory 662 MiB.
2026-09-22T00:41:11Z INFO [209/372] 0da0ec50-40f8-4aa9-bc51-9502fdf32d1f: 105 groups; 3.8 s; peak memory 662 MiB.
2026-09-22T00:41:13Z INFO [210/372] 0da1b9a5-978f-468b-9957-eb1ee443551c: 33 groups; 1.2 s; peak memory 662 MiB.
2026-09-22T00:41:14Z INFO [211/372] 0da1ca6e-ef24-426a-abc8-6a2eb1f17f8e: 17 groups; 0.8 s; peak memory 662 MiB.
2026-09-22T00:41:15Z INFO [212/372] 0da1fd88-8c54-4fae-bf15-eb3c8daf5d19: 35 groups; 1.1 s; peak memory 662 MiB.
2026-09-22T00:41:16Z INFO [213/372] 0da2f3f8-f513-47cd-a9cf-b57b455c1852: 33 groups; 1.5 s; peak memory 662 MiB.
2026-09-22T00:41:17Z INFO [214/372] 0da327cd-919e-46a6-aecc-c27bbf84fe2a: 16 groups; 0.6 s; peak memory 662 MiB.
2026-09-22T00:41:18Z INFO [215/372] 0da44035-e940-4097-8253-d7f4bd247f27: 16 groups; 0.8 s; peak memory 662 MiB.
2026-09-22T00:41:19Z INFO [216/372] 0da46ab7-df7d-4213-bb09-1b8d4f10501a: 199 groups; 1.2 s; peak memory 662 MiB.
2026-09-22T00:41:20Z INFO [217/372] 0da68d36-e4a2-489b-b537-cfcf65d767bb: 18 groups; 0.9 s; peak memory 662 MiB.
2026-09-22T00:41:21Z INFO [218/372] 0da6a22a-5364-4d30-ae8f-544bf3625b8e: 22 groups; 0.8 s; peak memory 662 MiB.
2026-09-22T00:41:38Z INFO [219/372] 0da71954-f1c2-4a83-a123-c0647aa2c227: 62 groups; 17.9 s; peak memory 662 MiB.
2026-09-22T00:41:46Z INFO [220/372] 0da747dd-5579-4801-963c-5afa8e1d92da: 199 groups; 7.1 s; peak memory 662 MiB.
2026-09-22T00:41:46Z INFO [221/372] 0da75148-e16e-4df1-87b8-ff5f4b0dabbb: 16 groups; 0.7 s; peak memory 662 MiB.
2026-09-22T00:41:48Z INFO [222/372] 0da8a16e-72f7-4949-a286-465e9633f530: 199 groups; 1.7 s; peak memory 662 MiB.
2026-09-22T00:41:49Z INFO [223/372] 0dad5013-08aa-4d77-89ef-1234854e559f: 32 groups; 1.0 s; peak memory 662 MiB.
2026-09-22T00:42:16Z INFO [224/372] 0dae004a-a987-4fe5-a409-d1b9610cb8a3: 22 groups; 26.9 s; peak memory 662 MiB.
2026-09-22T00:42:17Z INFO [225/372] 0dae3657-2d1e-4d63-9b1c-546978095227: 22 groups; 0.9 s; peak memory 662 MiB.
2026-09-22T00:42:19Z INFO [226/372] 0daf09b4-5b07-4ddd-8a2c-a2d0ee623f48: 50 groups; 2.2 s; peak memory 662 MiB.
2026-09-22T00:42:20Z INFO [227/372] 0dafc08c-ad8f-4a3f-837e-f936addea8f1: 35 groups; 1.0 s; peak memory 662 MiB.
2026-09-22T00:42:21Z INFO [228/372] 0dafc21c-49b3-4f10-8652-1273299fcb2c: 35 groups; 1.2 s; peak memory 662 MiB.
2026-09-22T00:42:36Z INFO [229/372] 0db1e35a-1320-44bc-84b0-181b784ab3b5: 298 groups; 14.9 s; peak memory 662 MiB.
2026-09-22T00:42:37Z INFO [230/372] 0db26ae7-a0fe-4fcd-8749-e35a6aabda47: 32 groups; 1.2 s; peak memory 662 MiB.
2026-09-22T00:42:39Z INFO [231/372] 0db2f1dd-f39a-4d3c-bedd-ab2e346b923f: 31 groups; 1.4 s; peak memory 662 MiB.
2026-09-22T00:42:48Z INFO [232/372] 0db336c8-083e-4118-8671-647b7eeaeac8: 33 groups; 9.6 s; peak memory 662 MiB.
2026-09-22T00:42:49Z INFO [233/372] 0db35cc6-8915-46f7-8c4d-8604da8729c5: 22 groups; 0.8 s; peak memory 662 MiB.
2026-09-22T00:42:50Z INFO [234/372] 0db41acb-f57c-4304-9d5e-ee261174d621: 32 groups; 1.1 s; peak memory 662 MiB.
2026-09-22T00:42:51Z INFO [235/372] 0db46cb7-b377-4de5-8164-d9f60f42ea4c: 32 groups; 0.8 s; peak memory 662 MiB.
2026-09-22T00:42:52Z INFO [236/372] 0db4728e-85a3-42cc-a599-0be7b7375c7c: 35 groups; 1.2 s; peak memory 662 MiB.
2026-09-22T00:42:54Z INFO [237/372] 0db4ec04-3999-45d5-8372-52636a947bed: 32 groups; 1.1 s; peak memory 662 MiB.
2026-09-22T00:45:37Z INFO [238/372] 0db696a6-9e84-4f6b-8ce1-103597ee7576: 70 groups; 163.3 s; peak memory 662 MiB.
2026-09-22T00:45:42Z INFO [239/372] 0db72308-66db-48a5-96bd-2fcaa73ae263: 183 groups; 5.4 s; peak memory 662 MiB.
2026-09-22T00:45:44Z INFO [240/372] 0db7e6f0-a689-4393-bf6f-484110586f0c: 17 groups; 2.2 s; peak memory 662 MiB.
2026-09-22T00:45:46Z INFO [241/372] 0db86312-20f6-4c28-99c7-422154702f93: 32 groups; 1.3 s; peak memory 662 MiB.
2026-09-22T00:45:46Z INFO [242/372] 0db918a8-665e-4e97-a85c-31d27b6aec1d: 28 groups; 0.8 s; peak memory 662 MiB.
2026-09-22T00:45:48Z INFO [243/372] 0db9223e-bd21-42d5-9ade-7977aaf03a9d: 35 groups; 1.2 s; peak memory 662 MiB.
2026-09-22T00:45:49Z INFO [244/372] 0db93069-7fb4-422f-ae4a-a35822b48aad: 31 groups; 0.9 s; peak memory 662 MiB.
2026-09-22T00:45:51Z INFO [245/372] 0dba6dc6-4735-4b6f-8a98-6fb5a855c309: 47 groups; 2.6 s; peak memory 662 MiB.
2026-09-22T00:45:52Z INFO [246/372] 0dba8b55-6d5f-4257-980b-0b6f6c7d9f3f: 35 groups; 1.3 s; peak memory 662 MiB.
2026-09-22T00:45:53Z INFO [247/372] 0dbb0403-59e4-44de-a0a5-a30dccd78864: 17 groups; 0.8 s; peak memory 662 MiB.
2026-09-22T00:45:54Z INFO [248/372] 0dbb5533-facc-40c0-9c7c-11e363a300ec: 22 groups; 0.9 s; peak memory 662 MiB.
2026-09-22T00:46:30Z INFO [249/372] 0dbc5aa0-1aa2-43ee-ba2d-7dd46a13b27c: 27 groups; 35.6 s; peak memory 662 MiB.
2026-09-22T00:48:01Z INFO [250/372] 0dbca4c9-aee1-4cf7-b82e-ad487143d55c: 60 groups; 91.8 s; peak memory 662 MiB.
2026-09-22T00:48:02Z INFO [250/372] 0dbca4c9-aee1-4cf7-b82e-ad487143d55c: checkpointed 53472 records.
2026-09-22T00:48:03Z INFO [251/372] 0dbd17b3-db36-442e-98b2-4f2284a60849: 147 groups; 1.4 s; peak memory 662 MiB.
2026-09-22T00:48:04Z INFO [252/372] 0dbda80c-ddd7-40f8-80e1-edadf259c030: 21 groups; 1.2 s; peak memory 662 MiB.
2026-09-22T00:48:05Z INFO [253/372] 0dbe7321-248c-41d3-8626-ee162aaa3ebe: 35 groups; 1.2 s; peak memory 662 MiB.
2026-09-22T00:48:06Z INFO [254/372] 0dbf34b4-5dc0-4ad3-a9af-21d082afc25f: 22 groups; 1.0 s; peak memory 662 MiB.
2026-09-22T00:48:07Z INFO [255/372] 0dbf6025-cbcf-4529-b792-b9243724ffc1: 32 groups; 1.1 s; peak memory 662 MiB.
2026-09-22T00:48:09Z INFO [256/372] 0dbf9ff8-30c3-43a2-9f3f-66dfe80eb7be: 35 groups; 1.4 s; peak memory 662 MiB.
2026-09-22T00:48:10Z INFO [257/372] 0dc096d4-d417-41f6-b7bc-79c14690d3c5: 16 groups; 0.9 s; peak memory 662 MiB.
2026-09-22T00:48:11Z INFO [258/372] 0dc16a70-3577-4516-b639-88fc765423dd: 32 groups; 0.9 s; peak memory 662 MiB.
2026-09-22T00:48:12Z INFO [259/372] 0dc189fc-3699-408d-9f3b-4d11b9bcd87d: 32 groups; 1.1 s; peak memory 662 MiB.
2026-09-22T00:48:13Z INFO [260/372] 0dc211eb-9eb8-46bb-b26e-b98e7f8b78a0: 199 groups; 1.0 s; peak memory 662 MiB.
2026-09-22T00:48:13Z INFO [261/372] 0dc27840-a776-4a51-8255-e9a3c50541d9: 16 groups; 0.7 s; peak memory 662 MiB.
2026-09-22T00:48:30Z INFO [262/372] 0dc31b06-daef-44c9-bac4-1694c9e6ee21: 242 groups; 16.3 s; peak memory 662 MiB.
2026-09-22T00:48:31Z INFO [263/372] 0dc3715f-8604-4673-a41f-90ee7961d600: 17 groups; 0.8 s; peak memory 662 MiB.
2026-09-22T00:48:31Z INFO [264/372] 0dc3773b-ea08-457a-a9e8-ff6c12d1d003: 22 groups; 0.7 s; peak memory 662 MiB.
2026-09-22T00:48:32Z INFO [265/372] 0dc3da0a-6971-440b-9e03-cd3f21b5e66a: 22 groups; 0.6 s; peak memory 662 MiB.
2026-09-22T00:48:33Z INFO [266/372] 0dc418ea-9fa3-4ae7-9932-169bc0b64aaa: 196 groups; 1.1 s; peak memory 662 MiB.
2026-09-22T00:48:34Z INFO [267/372] 0dc41a3a-4b82-4105-b656-353bdf0bf3e7: 193 groups; 1.1 s; peak memory 662 MiB.
2026-09-22T00:48:35Z INFO [268/372] 0dc4613c-6f00-4817-a6d3-9ca3d65572a2: 22 groups; 0.8 s; peak memory 662 MiB.
2026-09-22T00:48:46Z INFO [269/372] 0dc48760-578a-4274-8583-3881fabb6c76: 96 groups; 10.8 s; peak memory 662 MiB.
2026-09-22T00:48:47Z INFO [270/372] 0dc496a1-1dae-404b-9ea6-b7b5f0cc0ea8: 22 groups; 0.8 s; peak memory 662 MiB.
2026-09-22T00:48:48Z INFO [271/372] 0dc51bea-7ea9-460f-81ed-79c4bbcff58f: 31 groups; 1.2 s; peak memory 662 MiB.
2026-09-22T00:48:56Z INFO [272/372] 0dc67fec-24fe-4a74-b15f-c47743859114: 220 groups; 8.8 s; peak memory 662 MiB.
2026-09-22T00:48:58Z INFO [273/372] 0dc69fcc-1702-40ef-9762-0dba0a0d7778: 24 groups; 1.1 s; peak memory 662 MiB.
2026-09-22T00:48:59Z INFO [274/372] 0dc6efd5-b8c1-4a48-bdf6-dfe621410fbb: 35 groups; 1.0 s; peak memory 662 MiB.
2026-09-22T00:49:00Z INFO [275/372] 0dc73ce2-6c58-4400-91d0-2d9ffa2fc662: 25 groups; 1.1 s; peak memory 662 MiB.
2026-09-22T00:49:01Z INFO [276/372] 0dc7cb8f-26a8-4406-9a9b-c743f1117ec5: 32 groups; 1.0 s; peak memory 662 MiB.
2026-09-22T00:49:02Z INFO [277/372] 0dc8ca45-0937-4b7a-9ab9-ad0d635874b2: 17 groups; 0.9 s; peak memory 662 MiB.
2026-09-22T00:49:03Z INFO [278/372] 0dc8d2ea-7539-47da-b8f9-04434e8af3d8: 71 groups; 1.2 s; peak memory 662 MiB.
2026-09-22T00:49:06Z INFO [279/372] 0dc961df-f8bb-4e5f-9f44-699981190e4e: 56 groups; 2.9 s; peak memory 662 MiB.
2026-09-22T00:49:07Z INFO [280/372] 0dca53a0-148d-4c9f-ada6-5cebf2826420: 35 groups; 1.1 s; peak memory 662 MiB.
2026-09-22T00:49:08Z INFO [281/372] 0dcb177e-4bd8-48d0-990e-3873d3dd7b16: 41 groups; 1.1 s; peak memory 662 MiB.
2026-09-22T00:49:09Z INFO [282/372] 0dcc350f-9327-4018-9d67-ec1d1d54ab83: 22 groups; 0.9 s; peak memory 662 MiB.
2026-09-22T00:49:10Z INFO [283/372] 0dcc4979-2b35-49f0-85ae-e36302fabfe1: 22 groups; 1.1 s; peak memory 662 MiB.
2026-09-22T00:49:11Z INFO [284/372] 0dccb804-a4a2-4fbe-9010-86a8243e89dc: 16 groups; 0.7 s; peak memory 662 MiB.
2026-09-22T00:49:12Z INFO [285/372] 0dcd6594-5ac6-4dce-ab18-d19b59bfbde0: 22 groups; 0.8 s; peak memory 662 MiB.
2026-09-22T00:49:13Z INFO [286/372] 0dcdbb51-f5ba-4ece-8375-bd5827ec3091: 21 groups; 1.0 s; peak memory 662 MiB.
2026-09-22T01:21:34Z INFO [287/372] 0dcea441-5f9a-4c6a-b9c6-e0531d292d63: 625 groups; 1941.2 s; peak memory 1194 MiB.
2026-09-22T01:21:35Z INFO [288/372] 0dcee32d-f83e-4fc8-ab7e-e88806da47f2: 32 groups; 1.0 s; peak memory 1194 MiB.
2026-09-22T01:21:36Z INFO [289/372] 0dcfac3e-6f02-4ace-8816-b1369d9c5499: 22 groups; 0.8 s; peak memory 1194 MiB.
2026-09-22T01:21:37Z INFO [290/372] 0dd00704-7578-469d-a71a-74cefab4e34d: 201 groups; 1.0 s; peak memory 1194 MiB.
2026-09-22T01:21:38Z INFO [291/372] 0dd0b0ee-705c-44d8-8003-0e8dd0fd688e: 22 groups; 1.0 s; peak memory 1194 MiB.
2026-09-22T01:21:46Z INFO [292/372] 0dd0fe9f-fe1f-49ce-bba7-37ec28503b8a: 251 groups; 8.8 s; peak memory 1194 MiB.
2026-09-22T01:21:50Z INFO [293/372] 0dd1a198-f357-402f-bffa-fc12d02ed299: 78 groups; 3.7 s; peak memory 1194 MiB.
2026-09-22T01:21:51Z INFO [294/372] 0dd1b77f-410a-4bae-80c9-4b1ccdd841a6: 22 groups; 0.9 s; peak memory 1194 MiB.
2026-09-22T01:21:52Z INFO [295/372] 0dd1ef22-865e-4072-9f32-a21bab72f7df: 31 groups; 0.7 s; peak memory 1194 MiB.
2026-09-22T01:21:53Z INFO [296/372] 0dd1fa20-6b19-4b4b-b180-a56b8b25d946: 25 groups; 0.8 s; peak memory 1194 MiB.
2026-09-22T01:21:53Z INFO [297/372] 0dd2473d-8778-49ff-ae11-4604bb0749b4: 22 groups; 0.9 s; peak memory 1194 MiB.
2026-09-22T01:21:54Z INFO [298/372] 0dd2aafc-6b18-4921-a86f-a9345ac629fb: 16 groups; 0.7 s; peak memory 1194 MiB.
2026-09-22T01:21:55Z INFO [299/372] 0dd4b209-8445-45ee-ab8d-5842d488c926: 35 groups; 1.1 s; peak memory 1194 MiB.
2026-09-22T01:21:56Z INFO [300/372] 0dd54404-6551-454e-b3dd-1d160609e0c0: 31 groups; 0.6 s; peak memory 1194 MiB.
2026-09-22T01:21:56Z INFO [300/372] 0dd54404-6551-454e-b3dd-1d160609e0c0: checkpointed 53522 records.
2026-09-22T01:21:57Z INFO [301/372] 0dd61896-f010-4aeb-96e7-198bfa0e2d00: 104 groups; 1.2 s; peak memory 1194 MiB.
2026-09-22T01:21:58Z INFO [302/372] 0dd72264-de59-4b68-835e-27f059e936a9: 32 groups; 1.2 s; peak memory 1194 MiB.
2026-09-22T01:22:10Z INFO [303/372] 0dd77c9c-2959-4997-ae02-44f4f7a036f8: 261 groups; 11.9 s; peak memory 1194 MiB.
2026-09-22T01:22:11Z INFO [304/372] 0dd802e1-c425-4d07-8fe3-d6e511a2c9c3: 32 groups; 1.1 s; peak memory 1194 MiB.
2026-09-22T01:22:12Z INFO [305/372] 0dd837ba-3ad3-4645-aa86-53deef35a89a: 22 groups; 0.8 s; peak memory 1194 MiB.
2026-09-22T01:22:13Z INFO [306/372] 0dd98225-48ba-40b8-a19e-5f580b4e3975: 22 groups; 0.8 s; peak memory 1194 MiB.
2026-09-22T01:22:14Z INFO [307/372] 0dd9b118-b99d-4c5c-b816-4ae2250a9321: 28 groups; 0.9 s; peak memory 1194 MiB.
2026-09-22T01:22:17Z INFO [308/372] 0dd9e8c9-fb1f-4acb-89aa-7d1e2ad98e91: 17 groups; 3.3 s; peak memory 1194 MiB.
2026-09-22T01:22:18Z INFO [309/372] 0ddaa92a-d52b-4f63-93f4-5cfb62802a3e: 194 groups; 1.3 s; peak memory 1194 MiB.
2026-09-22T01:22:19Z INFO [310/372] 0ddaec9f-a80a-477e-a4fe-7a56f665e9b4: 22 groups; 0.8 s; peak memory 1194 MiB.
2026-09-22T01:22:35Z INFO [311/372] 0ddb40e2-abe3-4c89-b722-61f0692b5130: 254 groups; 15.2 s; peak memory 1194 MiB.
2026-09-22T01:22:36Z INFO [312/372] 0ddb841b-bc37-4d67-85c3-ce71bc1de06c: 103 groups; 1.2 s; peak memory 1194 MiB.
2026-09-22T01:22:37Z INFO [313/372] 0ddba8b3-7b84-48f8-b77b-d7ff795d0bd0: 22 groups; 0.8 s; peak memory 1194 MiB.
2026-09-22T01:22:47Z INFO [314/372] 0ddbb404-861e-42d2-84c2-d58c68d9d9d4: 1010 groups; 10.4 s; peak memory 1194 MiB.
2026-09-22T01:22:48Z INFO [315/372] 0ddbfe92-1432-4c24-b656-82356bd3fff9: 72 groups; 1.4 s; peak memory 1194 MiB.
2026-09-22T01:22:50Z INFO [316/372] 0ddc2149-621a-4e86-a0ef-bba1eb0f1dc2: 17 groups; 1.9 s; peak memory 1194 MiB.
2026-09-22T01:22:51Z INFO [317/372] 0ddc3088-18bf-432b-a4d9-7d479c04bf9c: 32 groups; 0.9 s; peak memory 1194 MiB.
2026-09-22T01:22:54Z INFO [318/372] 0ddc7ab3-960a-42ea-b731-6db9fefaf77f: 50 groups; 2.4 s; peak memory 1194 MiB.
2026-09-22T01:22:54Z INFO [319/372] 0ddc93b1-f2ad-4cd7-856e-a3ba91d9d7d9: 22 groups; 0.9 s; peak memory 1194 MiB.
2026-09-22T01:23:02Z INFO [320/372] 0ddcb548-d8ca-4e0a-af8f-9dea4d2709d9: 63 groups; 7.3 s; peak memory 1194 MiB.
2026-09-22T01:23:07Z INFO [321/372] 0ddce02c-dac6-48ac-9d69-78a6d647a97b: 85 groups; 5.0 s; peak memory 1194 MiB.
2026-09-22T01:23:09Z INFO [322/372] 0dddf534-a462-4c90-ab7e-d47705341c41: 47 groups; 2.7 s; peak memory 1194 MiB.
2026-09-22T01:23:10Z INFO [323/372] 0dddfb2b-831b-47bf-b94b-26768ca2d1fd: 26 groups; 0.7 s; peak memory 1194 MiB.
2026-09-22T01:23:11Z INFO [324/372] 0dde69d3-744a-4e1e-86a4-0b2f6b025db0: 203 groups; 1.2 s; peak memory 1194 MiB.
2026-09-22T01:23:12Z INFO [325/372] 0ddec698-73ee-4211-83d6-467b88e346a9: 22 groups; 0.9 s; peak memory 1194 MiB.
2026-09-22T01:23:13Z INFO [326/372] 0de01cec-125e-4f67-8f64-5f0e9442708b: 28 groups; 0.9 s; peak memory 1194 MiB.
2026-09-22T01:23:14Z INFO [327/372] 0de0ad58-3b25-46ab-a77d-2efb91cf591f: 22 groups; 0.7 s; peak memory 1194 MiB.
2026-09-22T01:23:15Z INFO [328/372] 0de28329-eaac-4080-b0fb-3a437d250825: 22 groups; 0.9 s; peak memory 1194 MiB.
2026-09-22T01:23:16Z INFO [329/372] 0de3a840-a75b-4b2e-bb0b-ccb600855eb3: 22 groups; 0.9 s; peak memory 1194 MiB.
2026-09-22T01:23:17Z INFO [330/372] 0de4b4f3-bb96-47cb-a6e5-f3d9f617ab3a: 28 groups; 0.9 s; peak memory 1194 MiB.
2026-09-22T01:23:17Z INFO [331/372] 0de4ca38-e8ca-43ca-a448-d3dff4b09b3f: 22 groups; 0.7 s; peak memory 1194 MiB.
2026-09-22T01:23:19Z INFO [332/372] 0de56f53-ad8e-4333-833a-b7d71f4f0c7e: 36 groups; 1.3 s; peak memory 1194 MiB.
2026-09-22T01:23:28Z INFO [333/372] 0de5a221-3249-497f-8907-aa1624021024: 247 groups; 9.6 s; peak memory 1194 MiB.
2026-09-22T01:23:29Z INFO [334/372] 0de62f2a-80bf-42da-9da9-f68af72c2dc0: 206 groups; 1.3 s; peak memory 1194 MiB.
2026-09-22T01:23:30Z INFO [335/372] 0de63e9c-1af5-47e4-913d-4b5f67726972: 27 groups; 0.8 s; peak memory 1194 MiB.
2026-09-22T01:23:31Z INFO [336/372] 0de66f76-7106-48e7-ac8a-5fe2ec52ac73: 32 groups; 1.0 s; peak memory 1194 MiB.
2026-09-22T01:23:33Z INFO [337/372] 0de70204-863e-4f6d-ae31-74df6321996d: 50 groups; 1.9 s; peak memory 1194 MiB.
2026-09-22T01:23:41Z INFO [338/372] 0de7a998-390d-448e-8b9c-09f4e2260ebe: 187 groups; 8.3 s; peak memory 1194 MiB.
2026-09-22T01:23:44Z INFO [339/372] 0de7cf10-8e35-4d7d-9184-f2d83cda3115: 48 groups; 2.1 s; peak memory 1194 MiB.
2026-09-22T01:23:44Z INFO [340/372] 0de95cb7-e4fa-440c-8f79-f965ec9b14ca: 22 groups; 0.9 s; peak memory 1194 MiB.
2026-09-22T01:23:45Z INFO [341/372] 0de9753a-0f84-41eb-af09-594f34cac2d4: 16 groups; 0.7 s; peak memory 1194 MiB.
2026-09-22T01:23:47Z INFO [342/372] 0de97a5d-d3b4-49d0-bc0d-b4a1e415cff0: 336 groups; 1.3 s; peak memory 1194 MiB.
2026-09-22T01:23:48Z INFO [343/372] 0de9b61d-a124-4a8d-8f66-dd00638a672d: 31 groups; 1.4 s; peak memory 1194 MiB.
2026-09-22T01:23:50Z INFO [344/372] 0de9d9a2-7477-45a9-8432-656d935b3fdd: 48 groups; 2.2 s; peak memory 1194 MiB.
2026-09-22T01:23:51Z INFO [345/372] 0de9fbb7-5309-483a-9dd7-a4f79f6b0b26: 22 groups; 0.9 s; peak memory 1194 MiB.
2026-09-22T01:23:52Z INFO [346/372] 0dea1d5f-761e-4661-91de-6f8a7bd3303a: 33 groups; 1.0 s; peak memory 1194 MiB.
2026-09-22T01:23:54Z INFO [347/372] 0dec427d-4db4-44c3-988a-c37959ceaff3: 574 groups; 2.0 s; peak memory 1194 MiB.
2026-09-22T01:23:56Z INFO [348/372] 0dee1a62-4038-4228-8c58-411423a19263: 41 groups; 1.5 s; peak memory 1194 MiB.
2026-09-22T01:23:57Z INFO [349/372] 0deec404-d239-4790-b0bf-90b49a9e720b: 25 groups; 1.0 s; peak memory 1194 MiB.
2026-09-22T01:23:58Z INFO [350/372] 0deec570-906e-4ce9-af7f-d38431223a5c: 22 groups; 0.9 s; peak memory 1194 MiB.
2026-09-22T01:23:58Z INFO [350/372] 0deec570-906e-4ce9-af7f-d38431223a5c: checkpointed 53572 records.
2026-09-22T01:23:59Z INFO [351/372] 0def3147-eec5-4ace-92ce-dc81a896978a: 31 groups; 1.1 s; peak memory 1194 MiB.
2026-09-22T01:24:00Z INFO [352/372] 0df00222-802f-4aa1-899e-60f23fad356d: 103 groups; 0.9 s; peak memory 1194 MiB.
2026-09-22T01:24:00Z INFO [353/372] 0df15fed-0f38-4fc9-840a-fa53ac11f98f: 22 groups; 0.7 s; peak memory 1194 MiB.
2026-09-22T01:24:02Z INFO [354/372] 0df201dc-3148-41b6-8767-81a6c2abac5f: 71 groups; 2.2 s; peak memory 1194 MiB.
2026-09-22T01:24:04Z INFO [355/372] 0df23682-359d-4089-95d1-51d9f7d755e1: 32 groups; 1.1 s; peak memory 1194 MiB.
2026-09-22T01:24:04Z INFO [356/372] 0df2dbc8-b84a-46ce-8dcb-96bc741b760c: 25 groups; 0.9 s; peak memory 1194 MiB.
2026-09-22T01:24:09Z INFO [357/372] 0df31d71-7383-4988-88c5-250dc4a245cf: 26 groups; 4.7 s; peak memory 1194 MiB.
2026-09-22T01:25:52Z INFO [358/372] 0df356c9-40c0-479a-b821-5d7d5d58f77f: 72 groups; 102.4 s; peak memory 1194 MiB.
2026-09-22T01:25:53Z INFO [359/372] 0df38bd3-648c-4905-96ee-dd6103f67ea4: 32 groups; 1.1 s; peak memory 1194 MiB.
2026-09-22T01:25:54Z INFO [360/372] 0df4860b-c35b-4fcd-bc9c-8707f69bce91: 33 groups; 1.0 s; peak memory 1194 MiB.
2026-09-22T01:25:55Z INFO [361/372] 0df4c128-cd58-4601-a7b6-250fc134311b: 35 groups; 1.5 s; peak memory 1194 MiB.
2026-09-22T01:25:56Z INFO [362/372] 0df51055-23d0-4131-a93d-0f9cce724868: 33 groups; 1.2 s; peak memory 1194 MiB.
2026-09-22T01:25:57Z INFO [363/372] 0df529cc-885f-425a-9bdf-0abb9ae04d40: 22 groups; 0.8 s; peak memory 1194 MiB.
2026-09-22T01:25:59Z INFO [364/372] 0df5ab34-97be-45bb-a9ee-6acc461492ec: 108 groups; 1.3 s; peak memory 1194 MiB.
2026-09-22T01:26:10Z INFO [365/372] 0df70830-448f-45c2-8d78-00be7a8cfa3a: 162 groups; 11.8 s; peak memory 1194 MiB.
2026-09-22T01:26:15Z INFO [366/372] 0df766a4-8cef-4251-9cce-88faa7cd427d: 158 groups; 4.5 s; peak memory 1194 MiB.
2026-09-22T01:26:16Z INFO [367/372] 0df76e68-ba8f-40ee-bf9f-7a0615c04d58: 16 groups; 0.6 s; peak memory 1194 MiB.
2026-09-22T01:26:17Z INFO [368/372] 0df891ef-e5da-4832-a92e-8b366d4330e3: 341 groups; 1.6 s; peak memory 1194 MiB.
2026-09-22T01:26:18Z INFO [369/372] 0df946b9-988b-4739-b3a3-3cea36cf7e68: 24 groups; 1.2 s; peak memory 1194 MiB.
2026-09-22T01:26:22Z INFO [370/372] 0df9c965-ad5e-4803-99af-046eb8d3e409: 64 groups; 3.7 s; peak memory 1194 MiB.
2026-09-22T01:26:23Z INFO [371/372] 0dfa6f1f-8292-4237-b5d3-525c912843ff: 22 groups; 0.7 s; peak memory 1194 MiB.
2026-09-22T01:26:24Z INFO [372/372] 0dfaa004-7c75-4984-9c6e-3bffceb42c3f: 30 groups; 0.7 s; peak memory 1194 MiB.
2026-09-22T01:26:24Z INFO Wrote 53594 records to /tmp/derivatives/valid_nwb_file_to_number_of_groups.jsonl (372 new, 0 failed) in 66.2 min (peak memory 1194 MiB).
