2026-09-15T15:45:28Z INFO Logging to /tmp/logs/update_2026-09-15T15-45-28Z.log.
2026-09-15T15:45:28Z INFO Processing 373 newly valid content IDs.
2026-09-15T15:45:34Z INFO [1/373] 00e606c8-ff47-47a9-ada8-e29abf7396d8: 176 groups (HDF5, 53.0 MB; 6.1 s; peak memory 140 MiB)
2026-09-15T15:45:38Z INFO [2/373] 0124b563-7859-403f-ade7-5fc573173bd6: 181 groups (HDF5, 9.5 MB; 4.2 s; peak memory 140 MiB)
2026-09-15T15:45:39Z INFO [3/373] 01516728-9d11-498d-a1c4-b147304c04e9: 48 groups (HDF5, 66.7 MB; 1.2 s; peak memory 140 MiB)
2026-09-15T15:45:40Z INFO [4/373] 0156ed8e-3717-47cf-95ec-9d08c96a5c1a: 35 groups (HDF5, 1.3 MB; 0.9 s; peak memory 140 MiB)
2026-09-15T15:45:41Z INFO [5/373] 0176e827-437b-4854-ba67-0acba183ac4e: 48 groups (HDF5, 191.4 MB; 1.4 s; peak memory 140 MiB)
2026-09-15T15:45:42Z INFO [6/373] 029daca3-be5d-4a21-985c-74b9b192588b: 35 groups (HDF5, 1.1 MB; 0.7 s; peak memory 140 MiB)
2026-09-15T15:45:43Z INFO [7/373] 02e373bb-3422-4441-8100-29ffc6020a9b: 35 groups (HDF5, 108.1 MB; 1.1 s; peak memory 140 MiB)
2026-09-15T15:45:44Z INFO [8/373] 02ec5a3a-c3f2-44f4-84ce-c24d4101d1f3: 32 groups (HDF5, 1.3 MB; 0.7 s; peak memory 140 MiB)
2026-09-15T15:45:45Z INFO [9/373] 030df980-f487-4bf4-afd6-db572cf4bbe6: 206 groups (HDF5, 3.4 MB; 1.0 s; peak memory 140 MiB)
2026-09-15T15:45:55Z INFO [10/373] 03d83f50-5cfb-4edf-9415-f0d1aade5b68: 368 groups (HDF5, 68.4 MB; 10.5 s; peak memory 163 MiB)
2026-09-15T15:45:56Z INFO [11/373] 04e785f0-3b02-454f-9432-943b91265c44: 22 groups (HDF5, 84.1 MB; 0.6 s; peak memory 163 MiB)
2026-09-15T15:46:05Z INFO [12/373] 0504e68b-0fb7-46d2-8acf-77d4777dbfc1: 274 groups (HDF5, 70.6 MB; 9.1 s; peak memory 164 MiB)
2026-09-15T15:46:06Z INFO [13/373] 05fba585-5250-4c41-8f54-5b365eb90ba4: 22 groups (HDF5, 84.1 MB; 0.5 s; peak memory 164 MiB)
2026-09-15T15:46:10Z INFO [14/373] 0600c27a-bdbe-438d-aed7-da1bc941f971: 2147 groups (HDF5, 26.3 MB; 4.1 s; peak memory 164 MiB)
2026-09-15T15:46:22Z INFO [15/373] 077a474b-62a5-43ab-95fe-7307715ba909: 23 groups (HDF5, 42496.3 MB; 12.2 s; peak memory 164 MiB)
2026-09-15T15:46:23Z INFO [16/373] 07fc241b-3b42-4875-8132-b5e9ddf9c369: 35 groups (HDF5, 2.2 MB; 1.1 s; peak memory 164 MiB)
2026-09-15T15:46:24Z INFO [17/373] 087d5ff2-63b3-4d5d-921a-17bf2a98fd0b: 32 groups (HDF5, 1.5 MB; 0.7 s; peak memory 164 MiB)
2026-09-15T15:46:24Z INFO [18/373] 08e26037-9936-4d62-b35f-c73457315a97: 16 groups (HDF5, 0.2 MB; 0.4 s; peak memory 164 MiB)
2026-09-15T15:46:25Z INFO [19/373] 08e7f2c8-e5fa-4f6c-a503-df7a9c1e1711: 18 groups (HDF5, 478.7 MB; 0.5 s; peak memory 164 MiB)
2026-09-15T15:46:25Z INFO [20/373] 097b0fe8-0865-4090-b023-56a5641d7016: 22 groups (HDF5, 84.1 MB; 0.6 s; peak memory 164 MiB)
2026-09-15T15:46:28Z INFO [21/373] 09ed9308-c679-4811-aef7-dee6619f2972: 139 groups (HDF5, 20.1 MB; 2.5 s; peak memory 164 MiB)
2026-09-15T15:46:29Z INFO [22/373] 0a0f3527-2676-401f-a2ca-43c2caf4e264: 35 groups (HDF5, 1.4 MB; 0.8 s; peak memory 164 MiB)
2026-09-15T15:46:29Z INFO [23/373] 0b583b7b-61b3-49c8-8bad-991fb08aac4b: 32 groups (HDF5, 1.1 MB; 0.5 s; peak memory 164 MiB)
2026-09-15T15:46:30Z INFO [24/373] 0bcda83c-ee63-4209-b592-9438faa49fde: 22 groups (HDF5, 84.1 MB; 0.5 s; peak memory 164 MiB)
2026-09-15T15:46:30Z INFO [25/373] 0c24f8e7-4123-47c8-9ca1-5c15f6d66fab: 32 groups (HDF5, 1.1 MB; 0.7 s; peak memory 164 MiB)
2026-09-15T15:46:31Z INFO [26/373] 0c618881-c802-4516-bc95-300e851979fb: 32 groups (HDF5, 1.4 MB; 0.6 s; peak memory 164 MiB)
2026-09-15T15:46:32Z INFO [27/373] 0e80233b-03ef-4fde-b343-e139254a56e8: 99 groups (HDF5, 33.6 MB; 0.8 s; peak memory 164 MiB)
2026-09-15T15:46:32Z INFO [28/373] 0f00124f-f5ec-49be-8da7-15247a98f8ec: 29 groups (HDF5, 0.4 MB; 0.5 s; peak memory 164 MiB)
2026-09-15T15:46:37Z INFO [29/373] 116b0600-5687-4815-bc1d-bc229adf4078: 179 groups (HDF5, 55.3 MB; 5.3 s; peak memory 164 MiB)
2026-09-15T15:46:39Z INFO [30/373] 119307f6-c860-4274-8ce0-74be8d7b13be: 61 groups (HDF5, 3.6 MB; 1.7 s; peak memory 164 MiB)
2026-09-15T15:46:44Z INFO [31/373] 11e05590-4f3c-4ccd-9458-c871ecb1bd56: 39 groups (HDF5, 457.1 MB; 5.0 s; peak memory 164 MiB)
2026-09-15T15:46:45Z INFO [32/373] 12d1376e-621f-464d-983b-d4303bf37212: 35 groups (HDF5, 1.6 MB; 1.0 s; peak memory 164 MiB)
2026-09-15T15:46:46Z INFO [33/373] 12e5fca1-84dd-4056-9500-13b627815b43: 32 groups (HDF5, 1.1 MB; 0.5 s; peak memory 164 MiB)
2026-09-15T15:46:46Z INFO [34/373] 150e4f4b-300f-40d1-b109-39cfb6ab7866: 32 groups (HDF5, 1.3 MB; 0.7 s; peak memory 164 MiB)
2026-09-15T15:46:49Z INFO [35/373] 153e72e3-9305-47dc-b167-86a7c577104f: 121 groups (HDF5, 20.0 MB; 2.6 s; peak memory 164 MiB)
2026-09-15T15:46:50Z INFO [36/373] 16e435d1-c8d4-45af-8462-cf8a632e767f: 35 groups (HDF5, 0.8 MB; 0.7 s; peak memory 164 MiB)
2026-09-15T15:46:52Z INFO [37/373] 177b7199-78d9-4849-82e8-6a68a22a09b1: 88 groups (HDF5, 13.1 MB; 2.1 s; peak memory 164 MiB)
2026-09-15T15:46:55Z INFO [38/373] 17acebe6-c7da-4e8e-a845-67a74331609b: 183 groups (HDF5, 42.1 MB; 3.3 s; peak memory 165 MiB)
2026-09-15T15:46:57Z INFO [39/373] 180b13ab-95cf-4a95-8320-05a8cc99a832: 48 groups (HDF5, 191.3 MB; 1.4 s; peak memory 165 MiB)
2026-09-15T15:46:57Z INFO [40/373] 1823ab22-8102-467c-b670-e9a5ba1ba5c1: 22 groups (HDF5, 84.1 MB; 0.6 s; peak memory 165 MiB)
2026-09-15T15:47:03Z INFO [41/373] 19243122-c78b-4668-9204-c0607d4c949a: 185 groups (HDF5, 56.5 MB; 5.3 s; peak memory 165 MiB)
2026-09-15T15:47:03Z INFO [42/373] 195cd926-0f87-48dc-9c2a-94543fca3191: 22 groups (HDF5, 84.1 MB; 0.7 s; peak memory 165 MiB)
2026-09-15T15:48:06Z INFO [43/373] 197d584b-2f4a-4d5a-8833-fb3f41be995b: 27 groups (HDF5, 6593.3 MB; 63.1 s; peak memory 267 MiB)
2026-09-15T15:48:07Z INFO [44/373] 198cd25b-f7d4-4922-b97a-74494059327c: 25 groups (HDF5, 7.0 MB; 0.7 s; peak memory 267 MiB)
2026-09-15T15:48:09Z INFO [45/373] 1c289a06-73b1-4ba2-a1f0-70b293a9a28a: 53 groups (HDF5, 506.2 MB; 2.4 s; peak memory 267 MiB)
2026-09-15T15:48:10Z INFO [46/373] 1c5314b4-352a-4ddb-b460-263168d142a2: 32 groups (HDF5, 0.9 MB; 0.7 s; peak memory 267 MiB)
2026-09-15T15:48:11Z INFO [47/373] 1ce919e6-4cd5-4659-8ddc-ddf550be33a5: 22 groups (HDF5, 84.1 MB; 0.5 s; peak memory 267 MiB)
2026-09-15T15:48:11Z INFO [48/373] 1dbc340e-015a-4e7b-a459-282e1be00585: 22 groups (HDF5, 84.1 MB; 0.6 s; peak memory 267 MiB)
2026-09-15T15:48:12Z INFO [49/373] 1dc2be14-421c-41a6-92cb-392816ab3b5d: 195 groups (HDF5, 94.3 MB; 0.9 s; peak memory 267 MiB)
2026-09-15T15:50:42Z INFO [50/373] 1e48e868-ba00-47c0-b32c-bc2ed0c3ecd5: 93 groups (HDF5, 43353.0 MB; 149.7 s; peak memory 402 MiB)
2026-09-15T15:50:42Z INFO [51/373] 1e54270d-e7ae-46a1-a74c-ca2a37788655: 22 groups (HDF5, 84.1 MB; 0.6 s; peak memory 402 MiB)
2026-09-15T15:50:48Z INFO [52/373] 1efb6122-17cc-4286-ac18-ebb9f19b9629: 36 groups (HDF5, 91.5 MB; 5.4 s; peak memory 402 MiB)
2026-09-15T15:50:49Z INFO [53/373] 2006d863-947a-4990-9ce7-0b95f97e1ecb: 25 groups (HDF5, 14.8 MB; 0.7 s; peak memory 402 MiB)
2026-09-15T15:50:50Z INFO [54/373] 2013f200-4a10-44f2-8c94-042e0ed37694: 43 groups (HDF5, 276.4 MB; 1.2 s; peak memory 402 MiB)
2026-09-15T15:50:50Z INFO [55/373] 2086d404-200b-4ded-9b3c-1e973ddc4864: 22 groups (HDF5, 251.9 MB; 0.6 s; peak memory 402 MiB)
2026-09-15T15:50:51Z INFO [56/373] 2235058a-340d-419e-ad9b-927df5dd39ef: 16 groups (HDF5, 0.2 MB; 0.4 s; peak memory 402 MiB)
2026-09-15T15:50:55Z INFO [57/373] 231fda4b-172c-4f54-916b-7ee31fe5f10e: 191 groups (HDF5, 23.5 MB; 4.2 s; peak memory 402 MiB)
2026-09-15T15:50:56Z INFO [58/373] 2449088e-a55b-43a5-a97b-a69ca13cd4ef: 196 groups (HDF5, 111.1 MB; 0.9 s; peak memory 402 MiB)
2026-09-15T15:50:57Z INFO [59/373] 24b92dcd-4cef-4125-976c-6e91ceab10f6: 32 groups (HDF5, 0.9 MB; 0.7 s; peak memory 402 MiB)
2026-09-15T15:50:57Z INFO [60/373] 24d31d74-57c5-4662-b935-24803b919496: 22 groups (HDF5, 84.1 MB; 0.6 s; peak memory 402 MiB)
2026-09-15T15:51:01Z INFO [61/373] 24e80a46-010f-4bd0-93c4-39fa133ba87e: 181 groups (HDF5, 9.5 MB; 3.8 s; peak memory 402 MiB)
2026-09-15T15:51:02Z INFO [62/373] 252c2760-48e1-4643-a9d1-30796749003a: 22 groups (HDF5, 84.1 MB; 0.6 s; peak memory 402 MiB)
2026-09-15T15:51:02Z INFO [63/373] 2645488e-5963-4133-b5ab-8d507c442a3f: 22 groups (HDF5, 84.1 MB; 0.6 s; peak memory 402 MiB)
2026-09-15T15:51:03Z INFO [64/373] 2648d505-0fd6-430a-9c52-9c634aaa06f8: 22 groups (HDF5, 84.1 MB; 0.6 s; peak memory 402 MiB)
2026-09-15T15:51:03Z INFO [65/373] 26976c21-3fd2-47ed-94bb-245b0014c834: 22 groups (HDF5, 84.1 MB; 0.6 s; peak memory 402 MiB)
2026-09-15T15:51:06Z INFO [66/373] 27171130-072f-471e-b8cb-77142d1bc276: 172 groups (HDF5, 25.1 MB; 3.1 s; peak memory 402 MiB)
2026-09-15T15:51:07Z INFO [67/373] 271e2f84-d1ee-44f9-836f-12b5a43f33e5: 22 groups (HDF5, 84.1 MB; 0.5 s; peak memory 402 MiB)
2026-09-15T15:51:08Z INFO [68/373] 275a3d23-da11-4e09-bf64-a69f01609d17: 32 groups (HDF5, 1.2 MB; 0.6 s; peak memory 402 MiB)
2026-09-15T15:51:08Z INFO [69/373] 277aa36a-bc8c-42ce-aa01-b20bb8b63e27: 32 groups (HDF5, 0.3 MB; 0.4 s; peak memory 402 MiB)
2026-09-15T15:51:12Z INFO [70/373] 2883c270-a56f-4755-8b5e-bb471f8b6642: 171 groups (HDF5, 27.7 MB; 4.0 s; peak memory 402 MiB)
2026-09-15T15:51:13Z INFO [71/373] 289ce9dc-45e6-4b76-a2ff-b86d12b19f39: 43 groups (HDF5, 221.4 MB; 1.2 s; peak memory 402 MiB)
2026-09-15T15:51:59Z INFO [72/373] 29536e2e-1178-41c2-85ef-a27536a05c92: 31 groups (HDF5, 6838.1 MB; 45.9 s; peak memory 402 MiB)
2026-09-15T15:52:00Z INFO [73/373] 2c07825b-6426-4b70-a675-4986de9c57c7: 22 groups (HDF5, 84.1 MB; 0.7 s; peak memory 402 MiB)
2026-09-15T15:52:01Z INFO [74/373] 2ca68cce-7946-4885-9f1e-0b46bb5b3083: 71 groups (HDF5, 155.2 MB; 1.3 s; peak memory 402 MiB)
2026-09-15T15:52:08Z INFO [75/373] 2de68ef4-5ca1-4d46-9aea-93393b993df7: 63 groups (HDF5, 21515.5 MB; 6.9 s; peak memory 402 MiB)
2026-09-15T15:52:10Z INFO [76/373] 2e52e502-bddf-4094-b566-fc37f051e8be: 48 groups (HDF5, 188.2 MB; 1.5 s; peak memory 402 MiB)
2026-09-15T15:52:10Z INFO [77/373] 2eed28c2-2690-4737-b818-685f266828a4: 30 groups (HDF5, 0.6 MB; 0.7 s; peak memory 402 MiB)
2026-09-15T15:52:13Z INFO [78/373] 2fc544f2-c081-4dff-a213-fd70f202168c: 129 groups (HDF5, 15.8 MB; 3.1 s; peak memory 402 MiB)
2026-09-15T15:52:14Z INFO [79/373] 300361b5-097b-44cf-9226-d54b8da10266: 32 groups (HDF5, 1.2 MB; 0.5 s; peak memory 402 MiB)
2026-09-15T15:52:15Z INFO [80/373] 307f3d0f-96a8-441d-9acc-5df2985d1191: 24 groups (HDF5, 1.8 MB; 0.8 s; peak memory 402 MiB)
2026-09-15T15:52:15Z INFO [81/373] 31371621-6c84-44fd-a41c-4aeeec07c864: 22 groups (HDF5, 84.1 MB; 0.5 s; peak memory 402 MiB)
2026-09-15T15:52:17Z INFO [82/373] 31a72ca3-ee8f-44e6-a4f2-e6087783e44f: 17 groups (HDF5, 57.6 MB; 1.6 s; peak memory 402 MiB)
2026-09-15T15:52:18Z INFO [83/373] 320106b8-0a0f-44f3-8e50-648afe1d2a63: 30 groups (HDF5, 14.7 MB; 0.7 s; peak memory 402 MiB)
2026-09-15T15:52:19Z INFO [84/373] 3222d0fc-5fca-44d9-8148-2efdb0a499bc: 52 groups (HDF5, 278.2 MB; 1.3 s; peak memory 402 MiB)
2026-09-15T15:52:19Z INFO [85/373] 336ff546-3b10-455f-8940-0ba80f82b158: 252 groups (HDF5, 0.8 MB; 0.7 s; peak memory 402 MiB)
2026-09-15T15:52:20Z INFO [86/373] 33a37d8c-5745-41a3-b64f-b2268b183139: 31 groups (HDF5, 0.3 MB; 0.5 s; peak memory 402 MiB)
2026-09-15T15:52:26Z INFO [87/373] 342a3a9d-90e6-4bbe-b41c-3d19a8a7601f: 78 groups (HDF5, 4008.8 MB; 6.3 s; peak memory 402 MiB)
2026-09-15T15:52:27Z INFO [88/373] 358817ec-dee3-4b8d-b702-6a97575aeecf: 32 groups (HDF5, 1.2 MB; 0.7 s; peak memory 402 MiB)
2026-09-15T15:52:27Z INFO [89/373] 36fe1cf9-70ca-4c78-b1ee-027d87777484: 18 groups (HDF5, 0.2 MB; 0.4 s; peak memory 402 MiB)
2026-09-15T15:52:28Z INFO [90/373] 379dcb61-a170-44f0-8ba2-6a5ea509787e: 29 groups (HDF5, 1719.4 MB; 0.9 s; peak memory 402 MiB)
2026-09-15T15:52:29Z INFO [91/373] 379f4839-d87d-4321-b14b-593dfe83bfbe: 36 groups (HDF5, 4060.1 MB; 0.9 s; peak memory 402 MiB)
2026-09-15T15:52:30Z INFO [92/373] 37a1b4fb-c9a4-4dd6-b2ee-6e74e6839c29: 33 groups (HDF5, 0.8 MB; 0.6 s; peak memory 402 MiB)
2026-09-15T15:52:30Z INFO [93/373] 37ad8e33-b315-4fc7-ae0d-81db5594eec2: 30 groups (HDF5, 0.2 MB; 0.4 s; peak memory 402 MiB)
2026-09-15T15:52:31Z INFO [94/373] 37c16f36-909b-469c-a678-0f225577a567: 25 groups (HDF5, 15.0 MB; 0.7 s; peak memory 402 MiB)
2026-09-15T15:52:32Z INFO [95/373] 39d97335-0672-4232-86a9-2e6d978ec6ee: 18 groups (HDF5, 0.4 MB; 0.5 s; peak memory 402 MiB)
2026-09-15T15:52:32Z INFO [96/373] 39ea5f18-6d02-4cd5-b966-b45a0d2d7293: 27 groups (HDF5, 650.2 MB; 0.8 s; peak memory 402 MiB)
2026-09-15T15:52:36Z INFO [97/373] 39fc829d-352d-4561-bab9-e8260d83efb8: 178 groups (HDF5, 43.6 MB; 3.6 s; peak memory 402 MiB)
2026-09-15T15:52:37Z INFO [98/373] 3aedc196-38a5-477a-b7ac-581335ced3b9: 32 groups (HDF5, 1.0 MB; 0.7 s; peak memory 402 MiB)
2026-09-15T15:52:37Z INFO [99/373] 3c6633e2-ef8b-4237-9d4e-a7c86959b03b: 32 groups (HDF5, 1.8 MB; 0.7 s; peak memory 402 MiB)
2026-09-15T15:52:38Z INFO [100/373] 3c891a76-6d19-42ff-a105-5060ee28f5ef: 32 groups (HDF5, 1.4 MB; 0.8 s; peak memory 402 MiB)
2026-09-15T15:52:51Z INFO [101/373] 3d055ba8-e4c1-43e6-9ea4-b43dc14dd51f: 1229 groups (HDF5, 38.1 MB; 13.1 s; peak memory 402 MiB)
2026-09-15T15:52:52Z INFO [102/373] 3d4db74f-85a1-463d-8e3a-9da6b42deebd: 30 groups (HDF5, 0.5 MB; 0.6 s; peak memory 402 MiB)
2026-09-15T15:52:53Z INFO [103/373] 4030eb8c-6217-4362-85b2-17a3862ed084: 35 groups (HDF5, 1.5 MB; 0.9 s; peak memory 402 MiB)
2026-09-15T15:52:54Z INFO [104/373] 40d4e071-99de-4908-9af7-6c351db6f58a: 17 groups (HDF5, 26.1 MB; 1.4 s; peak memory 402 MiB)
2026-09-15T15:52:55Z INFO [105/373] 41083ed0-7882-4602-9640-9d7b5c773293: 32 groups (HDF5, 0.8 MB; 0.6 s; peak memory 402 MiB)
2026-09-15T15:52:56Z INFO [106/373] 4131ff47-d5f8-4184-913f-3434443b6247: 33 groups (HDF5, 1.1 MB; 0.8 s; peak memory 402 MiB)
2026-09-15T15:52:57Z INFO [107/373] 4243ad8e-c519-46b5-b9db-3de2e218d9e2: 35 groups (HDF5, 260.6 MB; 1.3 s; peak memory 402 MiB)
2026-09-15T15:52:57Z INFO [108/373] 44656e13-5c3a-4a30-89c4-693974ae63e9: 22 groups (HDF5, 84.1 MB; 0.6 s; peak memory 402 MiB)
2026-09-15T15:52:58Z INFO [109/373] 44c4c6d0-c0bb-4455-95f9-0d61966fecc3: 22 groups (HDF5, 84.1 MB; 0.5 s; peak memory 402 MiB)
2026-09-15T15:53:05Z INFO [110/373] 45539a2c-9410-4ca2-a770-ebb27be70dbb: 22 groups (HDF5, 10627.3 MB; 7.4 s; peak memory 402 MiB)
2026-09-15T15:54:35Z INFO [111/373] 455eb1bc-96ce-464e-a4bb-d36463307960: 68 groups (HDF5, 23394.9 MB; 89.4 s; peak memory 402 MiB)
2026-09-15T15:54:38Z INFO [112/373] 46669cf5-1875-4294-be1e-897677ad108d: 78 groups (HDF5, 936.2 MB; 3.6 s; peak memory 402 MiB)
2026-09-15T15:54:39Z INFO [113/373] 47bdc6a6-8495-478c-a1bd-688b077b6410: 35 groups (HDF5, 1.3 MB; 0.9 s; peak memory 402 MiB)
2026-09-15T15:54:40Z INFO [114/373] 4827480e-6902-485f-9fb4-45e4e34c7e42: 32 groups (HDF5, 1.5 MB; 0.7 s; peak memory 402 MiB)
2026-09-15T15:54:43Z INFO [115/373] 48600895-d426-44f6-8265-23cfb17a4d6b: 34 groups (HDF5, 7696.8 MB; 2.9 s; peak memory 402 MiB)
2026-09-15T15:54:44Z INFO [116/373] 48754fe1-7e60-438f-af13-3c57a3f24c69: 196 groups (HDF5, 99.8 MB; 1.2 s; peak memory 402 MiB)
2026-09-15T15:54:45Z INFO [117/373] 4b23d1be-b08d-44e5-b2f2-34561c73b6cd: 32 groups (HDF5, 1.0 MB; 0.7 s; peak memory 402 MiB)
2026-09-15T15:55:00Z INFO [118/373] 4bcdd28b-0dab-477a-8632-2502266a54c0: 1469 groups (HDF5, 45.7 MB; 15.1 s; peak memory 402 MiB)
2026-09-15T15:55:00Z INFO [119/373] 4bda6634-e56d-4069-8ef1-324696b603e3: 22 groups (HDF5, 84.1 MB; 0.6 s; peak memory 402 MiB)
2026-09-15T15:55:01Z INFO [120/373] 4c014fe3-4742-4fb2-a315-c17488feeade: 22 groups (HDF5, 251.9 MB; 0.6 s; peak memory 402 MiB)
2026-09-15T15:55:02Z INFO [121/373] 4c1018b1-9492-40b3-99ab-4b3c04f1f689: 52 groups (HDF5, 10.3 MB; 1.5 s; peak memory 402 MiB)
2026-09-15T15:55:03Z INFO [122/373] 4c7761dd-68dd-4de5-90bc-046628d8e3eb: 32 groups (HDF5, 1.1 MB; 0.8 s; peak memory 402 MiB)
2026-09-15T15:55:04Z INFO [123/373] 4ca06a3b-5e58-40ef-a51f-456eee50ce01: 26 groups (HDF5, 0.2 MB; 0.4 s; peak memory 402 MiB)
2026-09-15T15:55:05Z INFO [124/373] 4cc3e7d8-6f85-49a5-80de-e800006ddded: 35 groups (HDF5, 1.3 MB; 0.9 s; peak memory 402 MiB)
2026-09-15T15:55:05Z INFO [125/373] 4d2bae27-deeb-470f-ba42-4ba974d6f611: 33 groups (HDF5, 1.4 MB; 0.8 s; peak memory 402 MiB)
2026-09-15T15:55:06Z INFO [126/373] 4d5a57fc-232d-40c0-8c8b-844e18a2f640: 337 groups (HDF5, 42.1 MB; 1.1 s; peak memory 402 MiB)
2026-09-15T15:55:11Z INFO [127/373] 4d87ebc6-97c5-4ee4-a44d-273539ad1265: 88 groups (HDF5, 154.9 MB; 4.1 s; peak memory 402 MiB)
2026-09-15T15:55:13Z INFO [128/373] 532649f5-b093-4ffc-9063-b24ed9421fd4: 78 groups (HDF5, 235.6 MB; 2.8 s; peak memory 402 MiB)
2026-09-15T15:55:16Z INFO [129/373] 558e5a0b-abbf-4afc-b061-2a67a5eb17a2: 151 groups (HDF5, 21.1 MB; 3.1 s; peak memory 402 MiB)
2026-09-15T15:55:17Z INFO [130/373] 57d720a1-65c5-49a5-89a6-0607bc2474c2: 26 groups (HDF5, 0.2 MB; 0.4 s; peak memory 402 MiB)
2026-09-15T15:55:18Z INFO [131/373] 580e7abe-7e1e-4720-a0b7-75b0ef054893: 48 groups (HDF5, 68.6 MB; 1.6 s; peak memory 402 MiB)
2026-09-15T15:55:19Z INFO [132/373] 590d80c0-7701-4c7d-a358-f0529e6106b6: 22 groups (HDF5, 84.1 MB; 0.6 s; peak memory 402 MiB)
2026-09-15T16:24:12Z INFO [133/373] 598a5f1f-ab21-43c2-9ee5-3867c350543c: 647 groups (HDF5, 480007.3 MB; 1733.0 s; peak memory 1144 MiB)
2026-09-15T16:24:13Z INFO [134/373] 5a3a1d0f-e3a2-4f06-aadf-cda5109e973f: 27 groups (HDF5, 22.0 MB; 0.7 s; peak memory 1144 MiB)
2026-09-15T16:24:13Z INFO [135/373] 5a5c9743-7e20-4013-93ed-82dd7829aaa2: 28 groups (HDF5, 6.0 MB; 0.3 s; peak memory 1144 MiB)
2026-09-15T16:24:42Z INFO [136/373] 5b491012-2c7f-41ad-b5de-3035dde98154: 39 groups (HDF5, 678.9 MB; 29.1 s; peak memory 1144 MiB)
2026-09-15T16:24:43Z INFO [137/373] 5bb1ca9d-f2e8-4c72-aa6c-413d898353ac: 22 groups (HDF5, 84.1 MB; 0.5 s; peak memory 1144 MiB)
2026-09-15T16:24:43Z INFO [138/373] 5bb936b2-51a8-4c01-828d-b9d4d43c7a90: 32 groups (HDF5, 1.2 MB; 0.6 s; peak memory 1144 MiB)
2026-09-15T16:24:45Z INFO [139/373] 5be1ee64-c6a4-4d64-a757-bc8dd6be660e: 50 groups (HDF5, 196.2 MB; 1.8 s; peak memory 1144 MiB)
2026-09-15T16:24:46Z INFO [140/373] 5c21cc57-c4c2-420a-b7d7-b2db740cce63: 202 groups (HDF5, 118.3 MB; 0.9 s; peak memory 1144 MiB)
2026-09-15T16:24:48Z INFO [141/373] 5c3da2f3-1c1a-4f20-a7ff-cfdeb0b6acc3: 22 groups (HDF5, 5378.0 MB; 1.9 s; peak memory 1144 MiB)
2026-09-15T16:27:23Z INFO [142/373] 5c8b1af2-da6d-4c52-91fb-baaccd942462: 39 groups (HDF5, 24769.6 MB; 154.8 s; peak memory 1144 MiB)
2026-09-15T16:27:24Z INFO [143/373] 5c8cde90-f0d3-4e3c-abb2-a7d94a329795: 199 groups (HDF5, 4.6 MB; 1.1 s; peak memory 1144 MiB)
2026-09-15T16:27:24Z INFO [144/373] 5c8da35a-e221-411d-8913-3dd06fe193ea: 35 groups (HDF5, 1.3 MB; 0.7 s; peak memory 1144 MiB)
2026-09-15T16:27:25Z INFO [145/373] 5cb61fa1-93c0-47d6-82af-d50778e25426: 32 groups (HDF5, 1.6 MB; 0.6 s; peak memory 1144 MiB)
2026-09-15T16:27:26Z INFO [146/373] 5cc2063b-6e72-4eb3-8fa9-64fb29edea90: 35 groups (HDF5, 2.2 MB; 1.0 s; peak memory 1144 MiB)
2026-09-15T16:27:26Z INFO [147/373] 5ccc0ee6-2992-4252-b85a-6e8cf9691887: 32 groups (HDF5, 1.2 MB; 0.5 s; peak memory 1144 MiB)
2026-09-15T16:27:30Z INFO [148/373] 5f13b72c-9292-4977-a3f7-4276dee991a4: 181 groups (HDF5, 9.4 MB; 4.0 s; peak memory 1144 MiB)
2026-09-15T16:27:33Z INFO [149/373] 5f7208b8-c2f0-43dc-bb2d-c987f68c3f36: 36 groups (HDF5, 113.2 MB; 2.2 s; peak memory 1144 MiB)
2026-09-15T16:27:34Z INFO [150/373] 5fabbb91-3e67-4bb8-a3c2-374e982dfc4e: 33 groups (HDF5, 2.0 MB; 0.9 s; peak memory 1144 MiB)
2026-09-15T16:27:39Z INFO [151/373] 5fba5a4a-95b1-49e0-bba0-4ee2bec2e3c2: 87 groups (HDF5, 640.1 MB; 5.2 s; peak memory 1144 MiB)
2026-09-15T16:27:42Z INFO [152/373] 6009b1e5-0373-4640-9a41-035db6cce33a: 122 groups (HDF5, 19.0 MB; 2.9 s; peak memory 1144 MiB)
2026-09-15T16:27:44Z INFO [153/373] 602127b2-968f-40c0-a38f-1d33757022f0: 17 groups (HDF5, 115.3 MB; 2.5 s; peak memory 1144 MiB)
2026-09-15T16:27:45Z INFO [154/373] 60c5212c-98cc-4af9-bf19-eb8102e30ba1: 22 groups (HDF5, 84.1 MB; 0.6 s; peak memory 1144 MiB)
2026-09-15T16:27:46Z INFO [155/373] 60db8da7-4122-4d6d-b0b1-104b76c08e09: 32 groups (HDF5, 1.3 MB; 0.8 s; peak memory 1144 MiB)
2026-09-15T16:27:46Z INFO [156/373] 6146868d-5378-4265-9137-ffe54b6aadf8: 29 groups (HDF5, 1.0 MB; 0.5 s; peak memory 1144 MiB)
2026-09-15T16:27:55Z INFO [157/373] 61d67486-ba27-4b26-a757-031a4fd2656f: 157 groups (HDF5, 727.7 MB; 8.8 s; peak memory 1144 MiB)
2026-09-15T16:27:56Z INFO [158/373] 62e65e1b-1087-4412-b6ce-695943502895: 35 groups (HDF5, 1.7 MB; 0.8 s; peak memory 1144 MiB)
2026-09-15T16:27:56Z INFO [159/373] 63cd1b23-810c-4c75-af65-0cff1cd71d96: 22 groups (HDF5, 84.1 MB; 0.5 s; peak memory 1144 MiB)
2026-09-15T16:27:57Z INFO [160/373] 6524da70-9645-4d6e-9a19-2251568b00ee: 22 groups (HDF5, 84.1 MB; 0.5 s; peak memory 1144 MiB)
2026-09-15T16:27:57Z INFO [161/373] 65f9fba2-788b-482e-81d2-34adb92ecdad: 35 groups (HDF5, 1.1 MB; 0.6 s; peak memory 1144 MiB)
2026-09-15T16:27:58Z INFO [162/373] 66fd9b8c-9dd4-48ae-a75c-3eaadddb2301: 32 groups (HDF5, 1.7 MB; 0.8 s; peak memory 1144 MiB)
2026-09-15T16:27:59Z INFO [163/373] 6818e8d5-ca6d-4417-9690-597f66915174: 25 groups (HDF5, 11.2 MB; 0.6 s; peak memory 1144 MiB)
2026-09-15T16:28:00Z INFO [164/373] 68808aac-8126-47b6-81cb-5f4cf7773ebf: 71 groups (HDF5, 6.2 MB; 1.5 s; peak memory 1144 MiB)
2026-09-15T16:28:01Z INFO [165/373] 68b9dbe5-55c3-48a3-8fa4-91369062a62e: 33 groups (HDF5, 1.4 MB; 0.9 s; peak memory 1144 MiB)
2026-09-15T16:28:02Z INFO [166/373] 695ced73-a203-424a-a2c8-79134a8c3dee: 32 groups (HDF5, 1.2 MB; 0.7 s; peak memory 1144 MiB)
2026-09-15T16:28:02Z INFO [167/373] 69b54f68-c8bf-4663-87a7-66b57ef05553: 22 groups (HDF5, 84.1 MB; 0.6 s; peak memory 1144 MiB)
2026-09-15T16:28:04Z INFO [168/373] 6ae0adc0-8303-4a77-b758-4d95e371348c: 17 groups (HDF5, 26.3 MB; 1.2 s; peak memory 1144 MiB)
2026-09-15T16:28:04Z INFO [169/373] 6b146923-f862-491c-a636-21bcc94ace8a: 35 groups (HDF5, 0.7 MB; 0.7 s; peak memory 1144 MiB)
2026-09-15T16:28:06Z INFO [170/373] 6cba66fd-152d-4d9a-be9a-32e2d58b3903: 43 groups (HDF5, 15.5 MB; 1.5 s; peak memory 1144 MiB)
2026-09-15T16:28:06Z INFO [171/373] 6cc5b2ea-ac88-4ce1-919f-ed0e8ace27e9: 31 groups (HDF5, 0.2 MB; 0.3 s; peak memory 1144 MiB)
2026-09-15T16:29:03Z INFO [172/373] 6ced1f98-3cda-41cf-9637-cd41a7ab47a6: 69 groups (HDF5, 31589.6 MB; 56.9 s; peak memory 1144 MiB)
2026-09-15T16:29:04Z INFO [173/373] 6d412de2-4bb6-45b0-bd6a-d0a199c89a20: 19 groups (HDF5, 355.7 MB; 1.0 s; peak memory 1144 MiB)
2026-09-15T16:29:07Z INFO [174/373] 6d5f7674-9b8a-40c6-abab-dde7d28cdb3b: 116 groups (HDF5, 19.6 MB; 2.9 s; peak memory 1144 MiB)
2026-09-15T16:29:08Z INFO [175/373] 6da11bbb-2095-40bb-8343-804336b9180e: 25 groups (HDF5, 13.8 MB; 0.6 s; peak memory 1144 MiB)
2026-09-15T16:29:08Z INFO [176/373] 6dc179d6-f70f-415b-9347-04c53a069d0c: 20 groups (HDF5, 2.1 MB; 0.7 s; peak memory 1144 MiB)
2026-09-15T16:29:09Z INFO [177/373] 6e3618a1-05ea-4601-a7f1-1b2c8d6ed3cf: 28 groups (HDF5, 2.9 MB; 0.5 s; peak memory 1144 MiB)
2026-09-15T16:29:09Z INFO [178/373] 6f771858-ae37-4ac8-be1a-2fa25e1cb2f3: 68 groups (HDF5, 0.7 MB; 0.5 s; peak memory 1144 MiB)
2026-09-15T16:29:10Z INFO [179/373] 7058492b-af92-4186-b4e2-f6f252dedfeb: 33 groups (HDF5, 1.4 MB; 0.8 s; peak memory 1144 MiB)
2026-09-15T16:29:16Z INFO [180/373] 705c4bea-b407-4276-bd2d-4f1cc27c89c9: 123 groups (HDF5, 44.5 MB; 5.6 s; peak memory 1144 MiB)
2026-09-15T16:29:16Z INFO [181/373] 70d7f71b-94ac-405b-8981-2aa0088a6cbc: 32 groups (HDF5, 1.5 MB; 0.7 s; peak memory 1144 MiB)
2026-09-15T16:29:18Z INFO [182/373] 70f040ee-deff-49c5-8cc1-48c3bc7795a9: 17 groups (HDF5, 30.0 MB; 1.3 s; peak memory 1144 MiB)
2026-09-15T16:29:18Z INFO [183/373] 71469219-4c69-4364-b332-adb9c5e8facc: 32 groups (HDF5, 1.2 MB; 0.7 s; peak memory 1144 MiB)
2026-09-15T16:29:19Z INFO [184/373] 7154e6ce-252a-44a1-8079-67c33ee23c6f: 36 groups (HDF5, 3001.6 MB; 0.7 s; peak memory 1144 MiB)
2026-09-15T16:29:20Z INFO [185/373] 74149c3a-90e1-4aaa-8184-b3134c073043: 206 groups (HDF5, 5.7 MB; 0.8 s; peak memory 1144 MiB)
2026-09-15T16:29:21Z INFO [186/373] 7660dd8e-2815-40a7-bcd7-173cdc5fad73: 48 groups (HDF5, 188.1 MB; 1.4 s; peak memory 1144 MiB)
2026-09-15T16:29:22Z INFO [187/373] 76741d52-21a6-4e09-ad88-ca3f9d07e7e7: 22 groups (HDF5, 84.1 MB; 0.6 s; peak memory 1144 MiB)
2026-09-15T16:29:23Z INFO [188/373] 771376ef-0e8f-4163-bf59-750b39fa8e1e: 35 groups (HDF5, 1.4 MB; 0.8 s; peak memory 1144 MiB)
2026-09-15T16:29:24Z INFO [189/373] 7877ed28-5be6-4073-a225-75d510d622ed: 35 groups (HDF5, 1.5 MB; 0.9 s; peak memory 1144 MiB)
2026-09-15T16:29:24Z INFO [190/373] 79712b22-2ec6-4a6d-bf4c-a3f6c39658f1: 252 groups (HDF5, 0.7 MB; 0.6 s; peak memory 1144 MiB)
2026-09-15T16:29:25Z INFO [191/373] 79fcef90-6ac2-4d6d-b5ee-c3088031ee9f: 32 groups (HDF5, 1.5 MB; 0.7 s; peak memory 1144 MiB)
2026-09-15T16:29:26Z INFO [192/373] 7a38052f-2305-4a64-9c8c-407c7516bab0: 33 groups (HDF5, 1.2 MB; 0.8 s; peak memory 1144 MiB)
2026-09-15T16:29:27Z INFO [193/373] 7a8c2aa5-fb33-48c2-bf8a-00af4ecd157b: 35 groups (HDF5, 1.1 MB; 0.8 s; peak memory 1144 MiB)
2026-09-15T16:29:27Z INFO [194/373] 7a8d8b03-6d84-43f1-83e5-8b7c22122bc9: 22 groups (HDF5, 84.1 MB; 0.5 s; peak memory 1144 MiB)
2026-09-15T16:29:28Z INFO [195/373] 7b9d6bd7-a320-4541-91a7-6b2560d895cd: 48 groups (HDF5, 188.6 MB; 1.4 s; peak memory 1144 MiB)
2026-09-15T16:29:29Z INFO [196/373] 7c8f4319-20b2-4d7e-81e6-e1fcaa2153d5: 35 groups (HDF5, 1.4 MB; 0.7 s; peak memory 1144 MiB)
2026-09-15T16:29:30Z INFO [197/373] 7caa2383-4cd2-4c9c-8128-3ae8c4b62891: 35 groups (HDF5, 1.4 MB; 0.8 s; peak memory 1144 MiB)
2026-09-15T16:29:31Z INFO [198/373] 7db122eb-b7e9-4881-ac98-806d925ca64a: 32 groups (HDF5, 0.9 MB; 0.6 s; peak memory 1144 MiB)
2026-09-15T16:29:32Z INFO [199/373] 7def9adc-afec-44a9-a8a1-8db0376b0fdc: 202 groups (HDF5, 59.9 MB; 0.9 s; peak memory 1144 MiB)
2026-09-15T16:29:32Z INFO [200/373] 7f280e11-81b7-4ce9-a727-fa0a05a08add: 22 groups (HDF5, 84.1 MB; 0.6 s; peak memory 1144 MiB)
2026-09-15T16:29:33Z INFO [201/373] 80a20f62-1789-4ca3-a91d-197af3bfe693: 33 groups (HDF5, 12.8 MB; 0.5 s; peak memory 1144 MiB)
2026-09-15T16:29:33Z INFO [202/373] 80d597d6-33c8-4308-8994-f0e04b7f61e8: 22 groups (HDF5, 84.1 MB; 0.5 s; peak memory 1144 MiB)
2026-09-15T16:29:34Z INFO [203/373] 835c51b6-b9d4-42a0-9100-b5c51c50b2b5: 33 groups (HDF5, 1.0 MB; 0.5 s; peak memory 1144 MiB)
2026-09-15T16:29:34Z INFO [204/373] 83655793-4df4-406b-a72e-35266a22dfa5: 17 groups (HDF5, 5.4 MB; 0.4 s; peak memory 1144 MiB)
2026-09-15T16:29:35Z INFO [205/373] 8431b031-5eb5-4782-943f-59a6a0250131: 48 groups (HDF5, 66.5 MB; 1.1 s; peak memory 1144 MiB)
2026-09-15T16:29:36Z INFO [206/373] 84c08157-b8c5-4ac2-8f93-0f5d6bd73fd7: 33 groups (HDF5, 0.9 MB; 0.6 s; peak memory 1144 MiB)
2026-09-15T16:29:40Z INFO [207/373] 84d93767-6023-45d6-93be-b5365a641e5e: 181 groups (HDF5, 9.7 MB; 3.9 s; peak memory 1144 MiB)
2026-09-15T16:29:41Z INFO [208/373] 895fa7e9-ab38-4ade-ab7e-f4677b4ee754: 29 groups (HDF5, 2626.9 MB; 0.8 s; peak memory 1144 MiB)
2026-09-15T16:30:09Z INFO [209/373] 8b27947f-a89a-4b29-a397-d0cfc51c80c8: 26 groups (HDF5, 2320.6 MB; 28.4 s; peak memory 1144 MiB)
2026-09-15T16:30:10Z INFO [210/373] 8b459224-270d-4b92-bab6-01b425ac0212: 103 groups (HDF5, 4.4 MB; 0.6 s; peak memory 1144 MiB)
2026-09-15T16:30:19Z INFO [211/373] 8b507939-e983-48c3-90e1-1e9117c3d14b: 26 groups (HDF5, 15516.3 MB; 8.9 s; peak memory 1144 MiB)
2026-09-15T16:30:19Z INFO [212/373] 8d52a53d-8cf3-4159-b32b-172a09880d0a: 22 groups (HDF5, 84.1 MB; 0.5 s; peak memory 1144 MiB)
2026-09-15T16:30:20Z INFO [213/373] 8d7550ca-d9d0-4db8-9e93-67d7260da11b: 32 groups (HDF5, 1.1 MB; 0.7 s; peak memory 1144 MiB)
2026-09-15T16:30:20Z INFO [214/373] 8dea2f62-07f7-48d5-938b-cdcbc1585b72: 22 groups (HDF5, 84.1 MB; 0.6 s; peak memory 1144 MiB)
2026-09-15T16:30:21Z INFO [215/373] 8e5fb2b5-243d-44cb-8f0b-016f838c5d12: 32 groups (HDF5, 0.6 MB; 0.5 s; peak memory 1144 MiB)
2026-09-15T16:30:21Z INFO [216/373] 8e92153b-496b-4315-a57c-fab98379a082: 26 groups (HDF5, 0.2 MB; 0.3 s; peak memory 1144 MiB)
2026-09-15T16:30:22Z INFO [217/373] 91c13365-edb0-493b-891d-55d99d0b0811: 35 groups (HDF5, 1.4 MB; 0.8 s; peak memory 1144 MiB)
2026-09-15T16:30:30Z INFO [218/373] 92d0bb4b-1f67-4aa1-904c-b08a42332893: 328 groups (HDF5, 66.2 MB; 8.2 s; peak memory 1144 MiB)
2026-09-15T16:30:31Z INFO [219/373] 9381186e-1ee7-44dc-8caa-4525904e3db5: 22 groups (HDF5, 84.1 MB; 0.6 s; peak memory 1144 MiB)
2026-09-15T16:30:33Z INFO [220/373] 94381f17-bc87-4915-ba1d-ebd3bb914ae5: 49 groups (HDF5, 753.3 MB; 1.9 s; peak memory 1144 MiB)
2026-09-15T16:30:34Z INFO [221/373] 947723f6-e888-4a20-ae6a-a7ec622923d4: 64 groups (HDF5, 3.5 MB; 1.5 s; peak memory 1144 MiB)
2026-09-15T16:30:35Z INFO [222/373] 9528e31b-8de3-4649-ae46-e0d589a04635: 31 groups (HDF5, 255.6 MB; 0.7 s; peak memory 1144 MiB)
2026-09-15T16:30:37Z INFO [223/373] 95b051f9-50d8-484e-94cd-c24342a2072a: 48 groups (HDF5, 67.9 MB; 1.6 s; peak memory 1144 MiB)
2026-09-15T16:30:39Z INFO [224/373] 95bb303d-b440-4417-8b08-4450f20149d8: 113 groups (HDF5, 14.0 MB; 2.1 s; peak memory 1144 MiB)
2026-09-15T16:31:57Z INFO [225/373] 963e2338-5a63-4d1a-a27d-f5e859845326: 65 groups (HDF5, 21449.4 MB; 77.9 s; peak memory 1144 MiB)
2026-09-15T16:31:58Z INFO [226/373] 9883235f-e728-480e-ac51-bd826d33936d: 336 groups (HDF5, 389.6 MB; 1.8 s; peak memory 1144 MiB)
2026-09-15T16:31:59Z INFO [227/373] 98bce496-5470-42dc-9ff5-e74e8139e173: 194 groups (HDF5, 4.9 MB; 0.8 s; peak memory 1144 MiB)
2026-09-15T16:32:00Z INFO [228/373] 98ea6acd-66e0-467b-ac77-34f2525de3ae: 32 groups (HDF5, 0.8 MB; 0.6 s; peak memory 1144 MiB)
2026-09-15T16:32:01Z INFO [229/373] 9908c061-befa-4e3f-b1e7-830aafcf036c: 194 groups (HDF5, 31.1 MB; 0.8 s; peak memory 1144 MiB)
2026-09-15T16:32:01Z INFO [230/373] 9a0253de-1999-409b-b0a4-8d434eaf8061: 22 groups (HDF5, 84.1 MB; 0.5 s; peak memory 1144 MiB)
2026-09-15T16:32:02Z INFO [231/373] 9a4e4b3b-247f-49a7-9873-ef920b6261e6: 22 groups (HDF5, 84.1 MB; 0.6 s; peak memory 1144 MiB)
2026-09-15T16:32:03Z INFO [232/373] 9aa3eee7-0d26-485f-97ea-1a57d43013e7: 48 groups (HDF5, 188.7 MB; 1.4 s; peak memory 1144 MiB)
2026-09-15T16:32:04Z INFO [233/373] 9bf383eb-e654-4fd0-ac47-1a72b0903a88: 341 groups (HDF5, 140.5 MB; 1.2 s; peak memory 1144 MiB)
2026-09-15T16:32:17Z INFO [234/373] 9c039a89-90c4-4edd-94e8-23720fdf7aa4: 23 groups (HDF5, 41013.5 MB; 12.8 s; peak memory 1144 MiB)
2026-09-15T16:32:21Z INFO [235/373] 9d8979c3-6e93-4322-9b2a-1f5c6621d1ad: 173 groups (HDF5, 51.8 MB; 4.5 s; peak memory 1144 MiB)
2026-09-15T16:32:22Z INFO [236/373] a1921b6f-ffa7-475f-87d4-f510c1b59ea6: 32 groups (HDF5, 1.2 MB; 0.7 s; peak memory 1144 MiB)
2026-09-15T16:32:23Z INFO [237/373] a2152e78-e8de-4768-b663-c3c73d153d86: 22 groups (HDF5, 84.1 MB; 0.5 s; peak memory 1144 MiB)
2026-09-15T16:32:23Z INFO [238/373] a266326a-f273-45a5-85f2-4f7b61e7db62: 32 groups (HDF5, 1.0 MB; 0.7 s; peak memory 1144 MiB)
2026-09-15T16:32:24Z INFO [239/373] a2d59885-80ae-4655-8c9f-00245e7a1c06: 22 groups (HDF5, 84.1 MB; 0.5 s; peak memory 1144 MiB)
2026-09-15T16:32:30Z INFO [240/373] a3a81f5f-e4bf-4002-a26c-1fb74bf13cfb: 76 groups (HDF5, 113.2 MB; 5.8 s; peak memory 1144 MiB)
2026-09-15T16:32:31Z INFO [241/373] a3c63b05-e1e1-4284-8bc7-6dbde03f7531: 49 groups (HDF5, 14.7 MB; 1.0 s; peak memory 1144 MiB)
2026-09-15T16:32:33Z INFO [242/373] a40c8b4a-45f4-48ac-89f7-b748192b9fb9: 58 groups (HDF5, 14.7 MB; 2.0 s; peak memory 1144 MiB)
2026-09-15T16:32:33Z INFO [243/373] a4a5ae97-1108-485f-bb46-a5ecb7ddc5b6: 22 groups (HDF5, 84.1 MB; 0.5 s; peak memory 1144 MiB)
2026-09-15T16:32:35Z INFO [244/373] a56f1c3c-95c0-424d-9c11-8dbcaf6e5613: 50 groups (HDF5, 196.1 MB; 1.5 s; peak memory 1144 MiB)
2026-09-15T16:32:36Z INFO [245/373] a609eba4-c57a-46b6-a9ba-fccecd71dc53: 48 groups (HDF5, 191.4 MB; 1.5 s; peak memory 1144 MiB)
2026-09-15T16:32:37Z INFO [246/373] a638d17c-d13b-489a-bfb0-950a88d0d815: 22 groups (HDF5, 84.1 MB; 0.6 s; peak memory 1144 MiB)
2026-09-15T16:32:37Z INFO [247/373] a6619322-b694-43e3-b7b8-a3e64dfd6f3e: 32 groups (HDF5, 0.8 MB; 0.5 s; peak memory 1144 MiB)
2026-09-15T16:32:38Z INFO [248/373] a691d425-41c0-4386-8eb9-cabed8987c7a: 28 groups (HDF5, 5.1 MB; 0.4 s; peak memory 1144 MiB)
2026-09-15T16:32:39Z INFO [249/373] a7a74090-6dfb-4b5f-afcf-be2af012e118: 33 groups (HDF5, 2.1 MB; 1.1 s; peak memory 1144 MiB)
2026-09-15T16:32:40Z INFO [250/373] a9b388ab-1585-41ac-baa9-c682fd959e1f: 32 groups (HDF5, 1.3 MB; 0.7 s; peak memory 1144 MiB)
2026-09-15T16:32:40Z INFO [251/373] a9f291a9-5d90-45fc-aa9b-82fca46cd7d0: 31 groups (HDF5, 0.3 MB; 0.4 s; peak memory 1144 MiB)
2026-09-15T16:32:40Z INFO [252/373] aa6198f5-4d39-4f08-a468-22998a7aa66b: 22 groups (HDF5, 84.1 MB; 0.5 s; peak memory 1144 MiB)
2026-09-15T16:32:41Z INFO [253/373] ac00bee7-c992-4ece-b2bb-018896967dee: 22 groups (HDF5, 84.1 MB; 0.5 s; peak memory 1144 MiB)
2026-09-15T16:32:42Z INFO [254/373] ac018bf7-4522-4812-8d60-47bfc580ba17: 32 groups (HDF5, 1.2 MB; 0.7 s; peak memory 1144 MiB)
2026-09-15T16:32:43Z INFO [255/373] ac26443b-0a84-4e0b-a9e9-f75face08c18: 200 groups (HDF5, 83.1 MB; 1.3 s; peak memory 1144 MiB)
2026-09-15T16:32:44Z INFO [256/373] ae54bfa6-cb2b-439a-877f-4f70fa93aa71: 33 groups (HDF5, 1.0 MB; 0.8 s; peak memory 1144 MiB)
2026-09-15T16:37:27Z INFO [257/373] ae9d1ec2-452e-4ea7-9680-4f7ba8d957f6: 35 groups (HDF5, 12989.4 MB; 283.3 s; peak memory 1144 MiB)
2026-09-15T16:37:28Z INFO [258/373] b085ac4f-e957-40e2-ae93-e521951abdd7: 194 groups (HDF5, 98.2 MB; 1.0 s; peak memory 1144 MiB)
2026-09-15T16:37:29Z INFO [259/373] b12f1158-1e77-4bbc-bc71-e3d990d9b857: 341 groups (HDF5, 5.1 MB; 1.0 s; peak memory 1144 MiB)
2026-09-15T16:37:30Z INFO [260/373] b1d51677-d255-4bbd-b942-3d0d9cd50a63: 22 groups (HDF5, 84.1 MB; 0.6 s; peak memory 1144 MiB)
2026-09-15T16:37:30Z INFO [261/373] b1f10ab0-3f2b-48ca-afa8-14c4dfaa90d9: 30 groups (HDF5, 0.3 MB; 0.4 s; peak memory 1144 MiB)
2026-09-15T16:37:31Z INFO [262/373] b2ea9f85-7850-40f4-bba8-1ad9a4bad302: 48 groups (HDF5, 68.1 MB; 1.5 s; peak memory 1144 MiB)
2026-09-15T16:38:36Z INFO [263/373] b35fe63f-014f-4d36-841a-1bf7cc76f370: 27 groups (HDF5, 7178.6 MB; 64.2 s; peak memory 1144 MiB)
2026-09-15T16:38:37Z INFO [264/373] b3eeac4d-66b4-4cc2-87ba-c5f643488b84: 336 groups (HDF5, 90.9 MB; 1.1 s; peak memory 1144 MiB)
2026-09-15T16:38:37Z INFO [265/373] b480e3a3-3f69-4b83-8390-5b3f445ba9ef: 22 groups (HDF5, 84.1 MB; 0.6 s; peak memory 1144 MiB)
2026-09-15T16:38:38Z INFO [266/373] b608a71f-301f-4263-8baa-1d4ce2b27d5d: 31 groups (HDF5, 0.3 MB; 0.4 s; peak memory 1144 MiB)
2026-09-15T16:38:41Z INFO [267/373] b6199dae-829a-4b4c-9a76-221ed021d2dd: 66 groups (HDF5, 654.3 MB; 3.7 s; peak memory 1144 MiB)
2026-09-15T16:38:42Z INFO [268/373] b66e8665-011d-49ae-a0bc-9bf5c7c70dd9: 32 groups (HDF5, 1.3 MB; 0.8 s; peak memory 1144 MiB)
2026-09-15T16:38:43Z INFO [269/373] b6c6094c-b1d2-4a3e-84ea-5d49d167adc8: 18 groups (HDF5, 0.2 MB; 0.4 s; peak memory 1144 MiB)
2026-09-15T16:38:43Z INFO [270/373] b75effdd-2ecc-420b-97f9-2c9494ddb393: 253 groups (HDF5, 0.6 MB; 0.6 s; peak memory 1144 MiB)
2026-09-15T16:38:44Z INFO [271/373] b7edb7c8-821f-4f1f-b05f-b79ad4b20978: 32 groups (HDF5, 1.3 MB; 0.7 s; peak memory 1144 MiB)
2026-09-15T16:38:44Z INFO [272/373] bae65835-7414-4744-897d-3e50c46a3732: 17 groups (HDF5, 0.2 MB; 0.4 s; peak memory 1144 MiB)
2026-09-15T16:38:45Z INFO [273/373] bb0ec216-5a83-4589-8498-822ef2e3d7e6: 22 groups (HDF5, 84.1 MB; 0.5 s; peak memory 1144 MiB)
2026-09-15T16:38:45Z INFO [274/373] bc303b53-a082-4275-aa7a-1c0ddce36859: 31 groups (HDF5, 2.8 MB; 0.6 s; peak memory 1144 MiB)
2026-09-15T16:38:46Z INFO [275/373] bc49e614-992a-4259-ad53-5ccf8a1f2fdd: 22 groups (HDF5, 84.1 MB; 0.6 s; peak memory 1144 MiB)
2026-09-15T16:38:47Z INFO [276/373] bce29b6f-ac68-4ac7-ac5c-06737385f7a0: 33 groups (HDF5, 251.9 MB; 0.9 s; peak memory 1144 MiB)
2026-09-15T16:38:47Z INFO [277/373] bdf5a8c2-ea1b-4a8f-958f-e8b32d605f7a: 22 groups (HDF5, 84.1 MB; 0.6 s; peak memory 1144 MiB)
2026-09-15T16:38:57Z INFO [278/373] bf7db387-939d-4edb-a60d-bcf502a389ab: 255 groups (HDF5, 84.5 MB; 9.6 s; peak memory 1144 MiB)
2026-09-15T16:41:27Z INFO [279/373] c0357b6b-acc2-4e22-8c64-b6fdcbfe42ce: 93 groups (HDF5, 43456.8 MB; 149.5 s; peak memory 1144 MiB)
2026-09-15T16:41:27Z INFO [280/373] c0ced63d-e4fe-4ff0-8df7-cdbad031e82f: 32 groups (HDF5, 1.0 MB; 0.8 s; peak memory 1144 MiB)
2026-09-15T16:41:28Z INFO [281/373] c168266b-c343-42b2-b19d-bfa6df9ee99e: 22 groups (HDF5, 84.1 MB; 0.6 s; peak memory 1144 MiB)
2026-09-15T16:41:29Z INFO [282/373] c178ac61-dcce-4af2-b2aa-9eec4b1a293c: 35 groups (HDF5, 1.8 MB; 0.9 s; peak memory 1144 MiB)
2026-09-15T16:41:30Z INFO [283/373] c2f14fd2-1565-41a4-960a-37d5d30bf1ca: 35 groups (HDF5, 1.8 MB; 1.0 s; peak memory 1144 MiB)
2026-09-15T16:41:30Z INFO [284/373] c3470c4a-6733-4ac9-b705-fee28ed53d5f: 22 groups (HDF5, 84.1 MB; 0.6 s; peak memory 1144 MiB)
2026-09-15T16:41:34Z INFO [285/373] c39ddd47-16c3-4523-a827-4cb66499caa9: 181 groups (HDF5, 9.3 MB; 3.4 s; peak memory 1144 MiB)
2026-09-15T16:41:46Z INFO [286/373] c4a1f387-890b-4fff-9bbf-af82d92cb12b: 292 groups (HDF5, 74.9 MB; 12.3 s; peak memory 1144 MiB)
2026-09-15T16:41:47Z INFO [287/373] c53c0085-c98e-4910-9eac-823cb9019ba9: 200 groups (HDF5, 71.7 MB; 1.1 s; peak memory 1144 MiB)
2026-09-15T16:41:50Z INFO [288/373] c553e76e-9a23-4a17-97eb-22726d46b939: 108 groups (HDF5, 19.0 MB; 2.5 s; peak memory 1144 MiB)
2026-09-15T16:41:50Z INFO [289/373] c56582b2-14dc-4be4-9f5c-280039c5ae5c: 41 groups (HDF5, 17.5 MB; 0.8 s; peak memory 1144 MiB)
2026-09-15T16:41:51Z INFO [290/373] c5f611b2-6a9b-4347-83fd-6a0ad27f10d0: 32 groups (HDF5, 21.3 MB; 0.8 s; peak memory 1144 MiB)
2026-09-15T16:41:52Z INFO [291/373] c6952a1b-3273-42e2-b58f-686ddf68f3a0: 22 groups (HDF5, 84.1 MB; 0.5 s; peak memory 1144 MiB)
2026-09-15T16:41:52Z INFO [292/373] c6a25430-98db-476c-b4cc-3adba1035ccd: 196 groups (HDF5, 0.8 MB; 0.5 s; peak memory 1144 MiB)
2026-09-15T16:41:58Z INFO [293/373] c927f775-3d5a-4bf2-a916-dd5076c54641: 202 groups (HDF5, 51.0 MB; 5.4 s; peak memory 1144 MiB)
2026-09-15T16:41:59Z INFO [294/373] c93bd946-5f2d-49f7-9dab-102d8eb6ffff: 202 groups (HDF5, 55.0 MB; 1.0 s; peak memory 1144 MiB)
2026-09-15T16:42:03Z INFO [295/373] ca2cf2ba-66c1-4cee-a6a2-e32f53c8d620: 49 groups (HDF5, 408.3 MB; 4.8 s; peak memory 1144 MiB)
2026-09-15T16:42:04Z INFO [296/373] ca6510c0-7362-4182-b680-768daa88118d: 17 groups (HDF5, 0.6 MB; 0.5 s; peak memory 1144 MiB)
2026-09-15T16:42:05Z INFO [297/373] cb1fc3ce-5e62-4d07-a6e7-ac04ec91256e: 43 groups (HDF5, 270.0 MB; 1.1 s; peak memory 1144 MiB)
2026-09-15T16:42:05Z INFO [298/373] cb8a63bc-3666-4be5-816e-2185509a96af: 31 groups (HDF5, 0.3 MB; 0.4 s; peak memory 1144 MiB)
2026-09-15T16:42:06Z INFO [299/373] cbe30f71-adf7-4209-8431-78088a70d376: 32 groups (HDF5, 1.3 MB; 0.6 s; peak memory 1144 MiB)
2026-09-15T16:42:07Z INFO [300/373] cbfc7fd9-237a-4525-b54b-21663e290705: 32 groups (HDF5, 10151.2 MB; 0.7 s; peak memory 1144 MiB)
2026-09-15T16:42:08Z INFO [301/373] cc0c5988-2480-4cc5-bd76-2c9ccebc285b: 31 groups (HDF5, 39.7 MB; 1.0 s; peak memory 1144 MiB)
2026-09-15T16:42:09Z INFO [302/373] cd12d641-8b20-46f6-9d2f-ca1aaf6f2f86: 199 groups (HDF5, 65.7 MB; 0.9 s; peak memory 1144 MiB)
2026-09-15T16:42:09Z INFO [303/373] cdc75e07-fb9d-4e26-8788-9084df31aadc: 22 groups (HDF5, 84.1 MB; 0.5 s; peak memory 1144 MiB)
2026-09-15T16:42:10Z INFO [304/373] cebe69cd-7e11-4f98-a7d4-76ee9f4be7d3: 29 groups (HDF5, 10.0 MB; 0.6 s; peak memory 1144 MiB)
2026-09-15T16:42:10Z INFO [305/373] cfa38731-8c3a-407d-b501-e703ef2fec08: 32 groups (HDF5, 1.0 MB; 0.7 s; peak memory 1144 MiB)
2026-09-15T16:42:11Z INFO [306/373] d1de0b5f-9e3a-4ed2-a8c1-e6a1b397ac20: 40 groups (HDF5, 11.9 MB; 0.9 s; peak memory 1144 MiB)
2026-09-15T16:42:12Z INFO [307/373] d2047c9c-244d-4e8b-960f-cdf5ec70a407: 32 groups (HDF5, 1.2 MB; 0.7 s; peak memory 1144 MiB)
2026-09-15T16:42:14Z INFO [308/373] d21ae8b3-3983-4779-99a7-ced16e29692a: 50 groups (HDF5, 196.2 MB; 1.5 s; peak memory 1144 MiB)
2026-09-15T16:43:25Z INFO [309/373] d24a0b10-f32a-494b-9f4e-d6f2d74f1500: 60 groups (HDF5, 21207.6 MB; 71.3 s; peak memory 1144 MiB)
2026-09-15T16:43:29Z INFO [310/373] d3188e81-458f-4ec5-b305-cd73f1ef501e: 50 groups (HDF5, 196.2 MB; 4.5 s; peak memory 1144 MiB)
2026-09-15T16:43:30Z INFO [311/373] d3a056e8-25eb-4f83-aa29-d70ce7e45db2: 48 groups (HDF5, 15.3 MB; 0.9 s; peak memory 1144 MiB)
2026-09-15T16:43:31Z INFO [312/373] d43c0c79-c7c4-4cad-8b99-3e90cc32f2cd: 21 groups (HDF5, 11.1 MB; 0.7 s; peak memory 1144 MiB)
2026-09-15T16:43:33Z INFO [313/373] d49e7a11-605b-4a4a-997f-263351dddc9c: 143 groups (HDF5, 21.8 MB; 2.5 s; peak memory 1144 MiB)
2026-09-15T16:43:34Z INFO [314/373] d4becd53-b66e-44e1-a209-2cadafb09514: 22 groups (HDF5, 84.1 MB; 0.6 s; peak memory 1144 MiB)
2026-09-15T16:43:34Z INFO [315/373] d4dd9d8f-5389-448b-b698-52451c5e5600: 22 groups (HDF5, 0.2 MB; 0.5 s; peak memory 1144 MiB)
2026-09-15T16:43:39Z INFO [316/373] d5eece3c-0427-43d0-8dce-e16066394ff9: 26 groups (HDF5, 4038.4 MB; 4.2 s; peak memory 1144 MiB)
2026-09-15T16:43:39Z INFO [317/373] d6f8c077-012d-4d2a-acca-abce593142f3: 35 groups (HDF5, 0.8 MB; 0.6 s; peak memory 1144 MiB)
2026-09-15T16:43:40Z INFO [318/373] d751074e-c1c5-4493-98a2-a963126eeb2e: 32 groups (HDF5, 1.2 MB; 0.6 s; peak memory 1144 MiB)
2026-09-15T16:43:43Z INFO [319/373] d94d155b-dbc8-4d9b-a1f9-791fc4f7f1a6: 56 groups (HDF5, 1385.9 MB; 2.6 s; peak memory 1144 MiB)
2026-09-15T16:43:43Z INFO [320/373] dca4fddb-b8fb-408f-a715-49418664d8c7: 32 groups (HDF5, 1.5 MB; 0.7 s; peak memory 1144 MiB)
2026-09-15T16:43:52Z INFO [321/373] dcff4f4d-4e9b-4a9d-b1dc-0860ae5f70f2: 157 groups (HDF5, 1940.4 MB; 9.2 s; peak memory 1144 MiB)
2026-09-15T16:43:53Z INFO [322/373] dcff59b7-2971-498c-950c-a8d19aad7f0f: 22 groups (HDF5, 84.1 MB; 0.5 s; peak memory 1144 MiB)
2026-09-15T16:43:54Z INFO [323/373] dd1f23fe-cdad-4e7e-a5d7-541a8f4dc7c3: 48 groups (HDF5, 191.4 MB; 1.2 s; peak memory 1144 MiB)
2026-09-15T16:44:32Z INFO [324/373] dd44f22b-5f8b-4440-8b82-d0155363c2d4: 2492 groups (HDF5, 449.6 MB; 37.9 s; peak memory 1144 MiB)
2026-09-15T16:44:33Z INFO [325/373] dd613133-9d6f-44d3-a3c5-bb1156893a39: 28 groups (HDF5, 3.7 MB; 0.6 s; peak memory 1144 MiB)
2026-09-15T16:44:34Z INFO [326/373] de7d21b6-3cf3-4033-8464-9e6814ad2a52: 33 groups (HDF5, 9.1 MB; 1.1 s; peak memory 1144 MiB)
2026-09-15T16:44:34Z INFO [327/373] ded208cf-32dd-4034-80d8-d9d0089efebc: 22 groups (HDF5, 84.1 MB; 0.5 s; peak memory 1144 MiB)
2026-09-15T16:44:35Z INFO [328/373] e0746c42-e2b6-44cf-98ff-720857417f78: 202 groups (HDF5, 45.2 MB; 0.9 s; peak memory 1144 MiB)
2026-09-15T16:46:00Z INFO [329/373] e08360c1-3be4-4b28-a6c3-c318643a0d11: 60 groups (HDF5, 23969.3 MB; 84.5 s; peak memory 1144 MiB)
2026-09-15T16:46:00Z INFO [330/373] e0f5f3de-00d8-45e7-96b8-8111db7233c4: 22 groups (HDF5, 84.1 MB; 0.7 s; peak memory 1144 MiB)
2026-09-15T16:46:03Z INFO [331/373] e190580c-2fd6-4ca3-9bae-3c317cb5df65: 68 groups (HDF5, 23.3 MB; 2.5 s; peak memory 1144 MiB)
2026-09-15T16:46:04Z INFO [332/373] e2342222-5b72-4733-8f66-b871548a50ce: 35 groups (HDF5, 1.3 MB; 0.8 s; peak memory 1144 MiB)
2026-09-15T16:46:05Z INFO [333/373] e300ec33-2ddf-4652-a84f-663b0bfebc90: 48 groups (HDF5, 191.4 MB; 1.6 s; peak memory 1144 MiB)
2026-09-15T16:46:06Z INFO [334/373] e47f4446-c5ed-4020-8adb-b718c26c9194: 22 groups (HDF5, 84.1 MB; 0.6 s; peak memory 1144 MiB)
2026-09-15T16:46:06Z INFO [335/373] e681533c-51b6-4343-a899-21bca5d7d0fd: 22 groups (HDF5, 84.1 MB; 0.6 s; peak memory 1144 MiB)
2026-09-15T16:46:07Z INFO [336/373] e8432b47-da95-4201-8bd8-6fd8427513a5: 22 groups (HDF5, 84.1 MB; 0.6 s; peak memory 1144 MiB)
2026-09-15T16:46:08Z INFO [337/373] e855abbb-334c-4351-bb3d-54dd582f6178: 207 groups (HDF5, 3.2 MB; 0.8 s; peak memory 1144 MiB)
2026-09-15T16:46:12Z INFO [338/373] e8f0b83d-81a9-4e80-922b-9188c0ad016f: 66 groups (HDF5, 642.0 MB; 3.7 s; peak memory 1144 MiB)
2026-09-15T16:46:12Z INFO [339/373] e969dd62-e2d3-4e66-b8c6-b1f9cb843e5d: 253 groups (HDF5, 1.0 MB; 0.7 s; peak memory 1144 MiB)
2026-09-15T16:46:15Z INFO [340/373] ea3712fd-7db4-454c-b22e-a5d9e8eb98fc: 115 groups (HDF5, 18.4 MB; 2.3 s; peak memory 1144 MiB)
2026-09-15T16:46:16Z INFO [341/373] ea480cd9-5c8a-4610-939f-bafb75a80c6c: 195 groups (HDF5, 2.1 MB; 1.2 s; peak memory 1144 MiB)
2026-09-15T16:46:17Z INFO [342/373] eab3a159-486a-4d50-bf51-f450609e8a02: 32 groups (HDF5, 0.9 MB; 0.6 s; peak memory 1144 MiB)
2026-09-15T16:46:17Z INFO [343/373] ec6b0036-a359-4bf4-8cd5-b3236b2204ff: 67 groups (HDF5, 2.6 MB; 0.6 s; peak memory 1144 MiB)
2026-09-15T16:46:30Z INFO [344/373] ed07bc98-7b9b-45e4-aa05-7f56a776705b: 23 groups (HDF5, 40140.5 MB; 12.5 s; peak memory 1144 MiB)
2026-09-15T16:46:30Z INFO [345/373] edaea5f9-0af0-4ea4-a8d8-320d8f52ca5c: 35 groups (HDF5, 1.3 MB; 0.9 s; peak memory 1144 MiB)
2026-09-15T16:46:31Z INFO [346/373] ee1e1278-759c-47e2-b931-82478e1a1f89: 30 groups (HDF5, 9.8 MB; 1.0 s; peak memory 1144 MiB)
2026-09-15T16:46:34Z INFO [347/373] ef59d764-6b1a-41ca-a8dc-519ac5d71549: 138 groups (HDF5, 21.7 MB; 2.9 s; peak memory 1144 MiB)
2026-09-15T16:46:37Z INFO [348/373] ef79b230-cccb-46d6-84a7-13d766dc1aaa: 130 groups (HDF5, 19.8 MB; 2.5 s; peak memory 1144 MiB)
2026-09-15T16:46:38Z INFO [349/373] f1428967-8c4f-4182-9289-524be3247f1f: 17 groups (HDF5, 58.5 MB; 1.4 s; peak memory 1144 MiB)
2026-09-15T16:47:07Z INFO [350/373] f1904b56-e934-42fa-9909-94bab52f4373: 27 groups (HDF5, 2041.4 MB; 29.2 s; peak memory 1144 MiB)
2026-09-15T16:47:17Z INFO [351/373] f1f7a1e4-85c4-4767-b61e-89ecb190e7a1: 92 groups (HDF5, 1109.2 MB; 9.1 s; peak memory 1144 MiB)
2026-09-15T16:47:18Z INFO [352/373] f29a38e3-6c26-498e-bd2b-bf1c30b4c8f5: 341 groups (HDF5, 42.0 MB; 1.1 s; peak memory 1144 MiB)
2026-09-15T16:47:18Z INFO [353/373] f2ac8c45-7423-4324-baf7-3bafb0e52e28: 22 groups (HDF5, 84.1 MB; 0.5 s; peak memory 1144 MiB)
2026-09-15T16:47:20Z INFO [354/373] f3b0fdbe-1b22-4f3a-a099-d20399b57a74: 50 groups (HDF5, 196.1 MB; 2.0 s; peak memory 1144 MiB)
2026-09-15T16:47:21Z INFO [355/373] f3c3ba81-7a34-4090-83a3-e53da42af52c: 22 groups (HDF5, 84.1 MB; 0.5 s; peak memory 1144 MiB)
2026-09-15T16:47:21Z INFO [356/373] f4567374-2bc5-4686-b737-0b18ea999217: 22 groups (HDF5, 84.1 MB; 0.5 s; peak memory 1144 MiB)
2026-09-15T16:47:22Z INFO [357/373] f4bff05a-a40e-4f9e-8b3f-40dab5ff78eb: 17 groups (HDF5, 0.4 MB; 0.5 s; peak memory 1144 MiB)
2026-09-15T16:47:22Z INFO [358/373] f52eed1f-4a16-456d-a132-1c5d981fd39d: 22 groups (HDF5, 84.1 MB; 0.6 s; peak memory 1144 MiB)
2026-09-15T16:47:23Z INFO [359/373] f576a4fc-0d1b-4f6b-a1b6-123a448d8fd6: 22 groups (HDF5, 251.9 MB; 0.6 s; peak memory 1144 MiB)
2026-09-15T16:47:24Z INFO [360/373] f6500578-d93d-4084-8dbc-b11be64d3a05: 32 groups (HDF5, 1.3 MB; 0.7 s; peak memory 1144 MiB)
2026-09-15T16:47:24Z INFO [361/373] f6896309-781c-42dc-a855-56e9394ab17b: 22 groups (HDF5, 84.1 MB; 0.6 s; peak memory 1144 MiB)
2026-09-15T16:47:25Z INFO [362/373] f69808d5-05a0-42b3-819e-101d8f1ef8bf: 194 groups (HDF5, 113.9 MB; 0.8 s; peak memory 1144 MiB)
2026-09-15T16:47:26Z INFO [363/373] f6caa4a4-fe74-4fa5-8745-07a305d2bd3f: 202 groups (HDF5, 301.4 MB; 0.9 s; peak memory 1144 MiB)
2026-09-15T16:47:26Z INFO [364/373] f8349f65-b29c-464b-b478-d62aa3c669db: 22 groups (HDF5, 84.1 MB; 0.5 s; peak memory 1144 MiB)
2026-09-15T16:47:28Z INFO [365/373] fafcfb91-3d83-4d86-aa62-811f29936248: 336 groups (HDF5, 33.1 MB; 1.1 s; peak memory 1144 MiB)
2026-09-15T16:47:28Z INFO [366/373] fb153f59-fbc0-4987-827d-3463e00369a0: 22 groups (HDF5, 84.1 MB; 0.6 s; peak memory 1144 MiB)
2026-09-15T16:47:29Z INFO [367/373] fb5abc02-ed2b-4220-854f-becdfa94225f: 32 groups (HDF5, 1.1 MB; 0.7 s; peak memory 1144 MiB)
2026-09-15T16:47:29Z INFO [368/373] fc859c0c-d8f4-463f-928f-499c6ee8cc88: 22 groups (HDF5, 84.1 MB; 0.6 s; peak memory 1144 MiB)
2026-09-15T16:47:40Z INFO [369/373] fdcee0d6-d6bf-45c3-ba0e-ab7235bec020: 23 groups (HDF5, 39791.0 MB; 11.1 s; peak memory 1144 MiB)
2026-09-15T16:47:41Z INFO [370/373] fe661b07-3401-4c11-ace8-728b2e0ff13b: 32 groups (HDF5, 1.2 MB; 0.8 s; peak memory 1144 MiB)
2026-09-15T16:47:42Z INFO [371/373] fe796ae9-cdb7-44c0-9143-a226405f9bc4: 47 groups (HDF5, 0.9 MB; 0.8 s; peak memory 1144 MiB)
2026-09-15T16:47:43Z INFO [372/373] fec28432-cb7e-4af3-9a81-45d3c1dbb50c: 35 groups (HDF5, 1.4 MB; 0.8 s; peak memory 1144 MiB)
2026-09-15T16:47:48Z INFO [373/373] ff65b081-6491-4992-8a29-2d0469445564: 49 groups (HDF5, 274.4 MB; 5.0 s; peak memory 1144 MiB)
2026-09-15T16:47:48Z INFO Processed 373 content IDs in 62.3 min (peak memory 1144 MiB).
