2026-09-14T21:05:16Z INFO Logging to /tmp/logs/update_2026-09-14T21-05-16Z.log.
2026-09-14T21:05:16Z INFO Processing 357 newly valid content IDs.
2026-09-14T21:05:17Z INFO [1/357] 014a496f-d2f0-48bb-9f85-2dc0eb607da3: 22 groups (HDF5, 84.1 MB; 0.7 s; peak memory 100 MiB)
2026-09-14T21:05:18Z INFO [2/357] 017f060e-e538-4896-a61d-dd4092b129ce: 22 groups (HDF5, 84.1 MB; 0.6 s; peak memory 100 MiB)
2026-09-14T21:05:18Z INFO [3/357] 0223711a-1e38-4710-b39f-ff1af8be5a5c: 22 groups (HDF5, 84.1 MB; 0.5 s; peak memory 100 MiB)
2026-09-14T21:05:19Z INFO [4/357] 03568a2c-5c61-4701-a395-131539a5bd1e: 22 groups (HDF5, 84.1 MB; 0.6 s; peak memory 100 MiB)
2026-09-14T21:05:20Z INFO [5/357] 0401290d-c645-4d82-8df5-07ed364605ce: 22 groups (HDF5, 84.1 MB; 0.6 s; peak memory 100 MiB)
2026-09-14T21:05:20Z INFO [6/357] 040eb805-18d5-4a9a-82f9-ade425c4e878: 33 groups (HDF5, 86.3 MB; 0.6 s; peak memory 101 MiB)
2026-09-14T21:05:24Z INFO [7/357] 05af6a9d-18f2-48f2-8fbe-9c6890ac9ca2: 199 groups (HDF5, 26.5 MB; 4.1 s; peak memory 127 MiB)
2026-09-14T21:05:25Z INFO [8/357] 062bdc9a-bf87-479b-855b-fbc345b6651c: 336 groups (HDF5, 29.4 MB; 1.0 s; peak memory 127 MiB)
2026-09-14T21:05:26Z INFO [9/357] 063776cb-4499-428c-ba5f-c87bfb396353: 17 groups (HDF5, 5.4 MB; 0.5 s; peak memory 127 MiB)
2026-09-14T21:05:27Z INFO [10/357] 06c57dc8-6353-4461-9ffb-1b7158e73601: 108 groups (HDF5, 3.6 MB; 0.9 s; peak memory 127 MiB)
2026-09-14T21:05:27Z INFO [11/357] 0915daf8-0356-45f0-9796-fb9b49a145bc: 32 groups (HDF5, 1.2 MB; 0.7 s; peak memory 127 MiB)
2026-09-14T21:05:28Z INFO [12/357] 09d29abf-e5a0-45fc-a348-e60ac5399f57: 252 groups (HDF5, 0.7 MB; 0.6 s; peak memory 127 MiB)
2026-09-14T21:05:28Z INFO [13/357] 09f7b75a-7429-4fde-9830-efacfd5c46f1: 29 groups (HDF5, 5.5 MB; 0.5 s; peak memory 127 MiB)
2026-09-14T21:05:32Z INFO [14/357] 0a251243-d61b-48cd-a384-edfe8c6d78c1: 181 groups (HDF5, 8.6 MB; 3.7 s; peak memory 127 MiB)
2026-09-14T21:05:33Z INFO [15/357] 0b67343e-ab2d-4b95-8cb7-ed73ca533870: 26 groups (HDF5, 0.2 MB; 0.4 s; peak memory 127 MiB)
2026-09-14T21:05:34Z INFO [16/357] 0c0210ab-5270-4d10-a67b-2db073ceda42: 48 groups (HDF5, 51.5 MB; 1.1 s; peak memory 127 MiB)
2026-09-14T21:05:44Z INFO [17/357] 0c035757-2ea5-4b4a-8c01-0e754b4d7521: 23 groups (HDF5, 43417.6 MB; 10.5 s; peak memory 127 MiB)
2026-09-14T21:06:49Z INFO [18/357] 0c534978-925d-4076-9dd5-4dae3840f89a: 60 groups (HDF5, 19697.8 MB; 64.8 s; peak memory 258 MiB)
2026-09-14T21:06:52Z INFO [19/357] 0c670b3e-2bd3-4f0e-b0e9-7d200e8f5c70: 78 groups (HDF5, 695.1 MB; 3.2 s; peak memory 258 MiB)
2026-09-14T21:06:53Z INFO [20/357] 0ca196f9-b189-4e58-b536-ebde0cb97664: 32 groups (HDF5, 0.9 MB; 0.6 s; peak memory 258 MiB)
2026-09-14T21:07:03Z INFO [21/357] 0d0e0511-8780-4f5b-b19d-2dbcff65660c: 23 groups (HDF5, 36588.4 MB; 9.8 s; peak memory 258 MiB)
2026-09-14T21:07:08Z INFO [22/357] 0dd21998-0369-4e93-a70e-5b0f5464d200: 183 groups (HDF5, 55.3 MB; 4.8 s; peak memory 258 MiB)
2026-09-14T21:07:08Z INFO [23/357] 0e067bea-919e-4c3b-b369-569313eebd65: 28 groups (HDF5, 3322.1 MB; 0.7 s; peak memory 258 MiB)
2026-09-14T21:07:12Z INFO [24/357] 0e2afe47-0143-4129-bef2-4d9f3bda4763: 181 groups (HDF5, 9.0 MB; 3.3 s; peak memory 258 MiB)
2026-09-14T21:07:12Z INFO [25/357] 0e2c6cbc-c5a6-4893-b8ac-294e7d3c95ea: 35 groups (HDF5, 1.5 MB; 0.8 s; peak memory 258 MiB)
2026-09-14T21:07:13Z INFO [26/357] 0e956a61-e36c-4eb7-9029-7bf332cf82e3: 22 groups (HDF5, 84.1 MB; 0.6 s; peak memory 258 MiB)
2026-09-14T21:09:03Z INFO [27/357] 0ed6cc4e-d3c3-4229-8f51-515a45fa1fea: 42 groups (HDF5, 1738.7 MB; 110.5 s; peak memory 1259 MiB)
2026-09-14T21:09:04Z INFO [28/357] 0f41d552-40ea-41af-90fc-4f4bf3efe89f: 31 groups (HDF5, 0.2 MB; 0.5 s; peak memory 1259 MiB)
2026-09-14T21:09:04Z INFO [29/357] 105a304e-c6c7-452d-85d1-86cb1329698d: 22 groups (HDF5, 0.4 MB; 0.5 s; peak memory 1259 MiB)
2026-09-14T21:09:05Z INFO [30/357] 108adca7-85d3-4e4a-9ca5-797adbed36b1: 24 groups (HDF5, 483.5 MB; 0.6 s; peak memory 1259 MiB)
2026-09-14T21:09:05Z INFO [31/357] 11327ea2-fd89-472e-a18f-2e81149d6951: 22 groups (HDF5, 84.1 MB; 0.6 s; peak memory 1259 MiB)
2026-09-14T21:09:06Z INFO [32/357] 121919fb-ef79-4996-87b7-c5a9c6e82952: 35 groups (HDF5, 1.1 MB; 0.8 s; peak memory 1259 MiB)
2026-09-14T21:09:07Z INFO [33/357] 1245d248-2ced-4d1a-8649-8e0870f55faa: 35 groups (HDF5, 1.5 MB; 0.8 s; peak memory 1259 MiB)
2026-09-14T21:09:08Z INFO [34/357] 12965662-c441-4d0b-87b4-6c4393183f6b: 22 groups (HDF5, 84.1 MB; 0.6 s; peak memory 1259 MiB)
2026-09-14T21:09:08Z INFO [35/357] 12b5ae6d-1db2-4109-a08d-ff251fa01a33: 22 groups (HDF5, 0.2 MB; 0.4 s; peak memory 1259 MiB)
2026-09-14T21:09:09Z INFO [36/357] 13665327-1786-4ebd-88bc-e8513533550d: 22 groups (HDF5, 84.1 MB; 0.6 s; peak memory 1259 MiB)
2026-09-14T21:09:09Z INFO [37/357] 13be75fc-5dd3-4587-a150-5543a26a599a: 32 groups (HDF5, 1.0 MB; 0.7 s; peak memory 1259 MiB)
2026-09-14T21:09:10Z INFO [38/357] 141ebb03-babd-4d37-9a75-737fe81a606c: 17 groups (HDF5, 34.1 MB; 1.0 s; peak memory 1259 MiB)
2026-09-14T21:09:11Z INFO [39/357] 164b22f8-cba5-45e5-b4f3-89bf6456b3d3: 30 groups (HDF5, 0.2 MB; 0.4 s; peak memory 1259 MiB)
2026-09-14T21:09:12Z INFO [40/357] 17594be7-21cb-415f-9bd7-650f1ac6cf5a: 40 groups (HDF5, 7.4 MB; 1.0 s; peak memory 1259 MiB)
2026-09-14T21:09:18Z INFO [41/357] 17bc9325-2474-4081-9c90-01858156e28f: 1658 groups (HDF5, 50.0 MB; 6.7 s; peak memory 1259 MiB)
2026-09-14T21:09:24Z INFO [42/357] 1831ab91-1c8b-447a-8968-80f5f43523b7: 258 groups (HDF5, 37.5 MB; 5.7 s; peak memory 1259 MiB)
2026-09-14T21:09:25Z INFO [43/357] 184ca25f-d233-4ac4-8313-3884123a579a: 25 groups (HDF5, 15.2 MB; 0.6 s; peak memory 1259 MiB)
2026-09-14T21:09:25Z INFO [44/357] 186159de-8beb-43a6-94b4-3315ce122d38: 32 groups (HDF5, 1.6 MB; 0.8 s; peak memory 1259 MiB)
2026-09-14T21:09:52Z INFO [45/357] 194cad86-c4ec-4532-a256-a1cacfcbd9bd: 26 groups (HDF5, 2395.6 MB; 27.0 s; peak memory 1259 MiB)
2026-09-14T21:09:53Z INFO [46/357] 19d23cd2-9c52-4107-a38d-a3e4ae0e7823: 22 groups (HDF5, 84.1 MB; 0.6 s; peak memory 1259 MiB)
2026-09-14T21:09:54Z INFO [47/357] 1bd68709-3a19-4fd3-b4f3-868296ad090c: 202 groups (HDF5, 62.7 MB; 0.8 s; peak memory 1259 MiB)
2026-09-14T21:09:56Z INFO [48/357] 1c9732e3-85c7-4bae-bb89-423fd0dafa97: 70 groups (HDF5, 7.4 MB; 2.0 s; peak memory 1259 MiB)
2026-09-14T21:09:56Z INFO [49/357] 1cd2ad90-f42e-403e-a975-9c786b3d3212: 22 groups (HDF5, 84.1 MB; 0.6 s; peak memory 1259 MiB)
2026-09-14T21:09:57Z INFO [50/357] 1f2ce014-d966-4f50-a464-57012916650a: 22 groups (HDF5, 84.1 MB; 0.5 s; peak memory 1259 MiB)
2026-09-14T21:09:57Z INFO [51/357] 1f7ceb0f-b98e-4290-8ce3-3f9f6af95325: 22 groups (HDF5, 84.1 MB; 0.4 s; peak memory 1259 MiB)
2026-09-14T21:09:58Z INFO [52/357] 204f38d5-4557-4fa2-9018-828cf4a9aa31: 22 groups (HDF5, 251.9 MB; 0.5 s; peak memory 1259 MiB)
2026-09-14T21:09:59Z INFO [53/357] 20ff96df-4cd8-4123-971e-d4e4269b930b: 35 groups (HDF5, 1.3 MB; 0.8 s; peak memory 1259 MiB)
2026-09-14T21:10:00Z INFO [54/357] 21097cce-89f7-4ce4-9e45-1c992a3cf235: 50 groups (HDF5, 196.1 MB; 1.7 s; peak memory 1259 MiB)
2026-09-14T21:10:01Z INFO [55/357] 2155c254-0232-49cf-913f-dffe125322b4: 32 groups (HDF5, 1.4 MB; 0.7 s; peak memory 1259 MiB)
2026-09-14T21:10:02Z INFO [56/357] 21c338da-f811-4817-a44d-04adc1bd002d: 341 groups (HDF5, 142.0 MB; 1.2 s; peak memory 1259 MiB)
2026-09-14T21:10:03Z INFO [57/357] 2252ab20-5dd0-4404-b3cc-448f03bf73f9: 17 groups (HDF5, 0.2 MB; 0.4 s; peak memory 1259 MiB)
2026-09-14T21:10:03Z INFO [58/357] 23431ed9-302f-43fe-af27-12fe6b8d5ea4: 35 groups (HDF5, 1.5 MB; 0.8 s; peak memory 1259 MiB)
2026-09-14T21:10:04Z INFO [59/357] 23ea7d7e-0628-4fe8-b046-e27880f92792: 202 groups (HDF5, 37.8 MB; 0.8 s; peak memory 1259 MiB)
2026-09-14T21:10:05Z INFO [60/357] 2531a5b4-3c2f-4e2f-9a9f-69add05d0306: 194 groups (HDF5, 26.1 MB; 0.9 s; peak memory 1259 MiB)
2026-09-14T21:10:06Z INFO [61/357] 255e76c6-2b00-4db2-9f5d-cfffad4f6f4d: 32 groups (HDF5, 1.2 MB; 0.5 s; peak memory 1259 MiB)
2026-09-14T21:10:06Z INFO [62/357] 261d25e9-c26c-43c0-9daf-d3cf599daab5: 22 groups (HDF5, 84.1 MB; 0.5 s; peak memory 1259 MiB)
2026-09-14T21:10:14Z INFO [63/357] 2704372d-0024-410c-a63b-324eee165546: 57 groups (HDF5, 23255.6 MB; 7.8 s; peak memory 1259 MiB)
2026-09-14T21:10:22Z INFO [64/357] 2710cae5-7523-4e3c-9d2f-83efb522547d: 297 groups (HDF5, 57.8 MB; 8.1 s; peak memory 1259 MiB)
2026-09-14T21:10:23Z INFO [65/357] 2761a881-042e-4ac7-a44b-fb5d99a1de48: 22 groups (HDF5, 84.1 MB; 0.5 s; peak memory 1259 MiB)
2026-09-14T21:10:23Z INFO [66/357] 285621ce-88dd-4cc1-b8b7-19594789b131: 195 groups (HDF5, 25.9 MB; 0.9 s; peak memory 1259 MiB)
2026-09-14T21:10:25Z INFO [67/357] 29f1db15-a8ed-467f-9704-383d16c58719: 43 groups (HDF5, 441.2 MB; 1.1 s; peak memory 1259 MiB)
2026-09-14T21:10:25Z INFO [68/357] 2c8bbf8d-e45e-4868-8c64-72ac818a0976: 32 groups (HDF5, 0.9 MB; 0.7 s; peak memory 1259 MiB)
2026-09-14T21:10:26Z INFO [69/357] 3014218f-0b87-4bbe-a721-6544b6859195: 22 groups (HDF5, 84.1 MB; 0.5 s; peak memory 1259 MiB)
2026-09-14T21:10:30Z INFO [70/357] 32cb71ad-b0d9-4f4f-a250-dc4839ed2d9b: 202 groups (HDF5, 51.6 MB; 4.6 s; peak memory 1259 MiB)
2026-09-14T21:10:31Z INFO [71/357] 334aaa06-9977-4e6a-97d8-2d7a536a580d: 22 groups (HDF5, 84.1 MB; 0.4 s; peak memory 1259 MiB)
2026-09-14T21:10:31Z INFO [72/357] 3505084e-4fad-40ab-bb77-92e138b601b3: 28 groups (HDF5, 0.9 MB; 0.5 s; peak memory 1259 MiB)
2026-09-14T21:10:32Z INFO [73/357] 3565c7ac-113c-4e62-9ea3-501b7f5fc2ee: 34 groups (HDF5, 118.8 MB; 0.8 s; peak memory 1259 MiB)
2026-09-14T21:11:39Z INFO [74/357] 3582fc4c-6d44-4b9d-8b08-53e85d66f582: 68 groups (HDF5, 19945.6 MB; 67.3 s; peak memory 1259 MiB)
2026-09-14T21:11:58Z INFO [75/357] 396a807a-3d3f-4ca3-bbe5-b18a6de59957: 33 groups (HDF5, 1694.3 MB; 18.1 s; peak memory 1259 MiB)
2026-09-14T21:11:58Z INFO [76/357] 39b4d319-dcd6-4a7e-aedc-14dc921dcd5c: 22 groups (HDF5, 84.1 MB; 0.6 s; peak memory 1259 MiB)
2026-09-14T21:11:59Z INFO [77/357] 39b7524f-3a16-4669-bf6d-7f19792e1dbc: 22 groups (HDF5, 84.1 MB; 0.6 s; peak memory 1259 MiB)
2026-09-14T21:11:59Z INFO [78/357] 3a53bd09-a115-40fb-b5aa-70ab93da19c3: 32 groups (HDF5, 1.5 MB; 0.7 s; peak memory 1259 MiB)
2026-09-14T21:12:01Z INFO [79/357] 3a925d45-c111-4761-9d8d-8079c9171af4: 48 groups (HDF5, 188.1 MB; 1.5 s; peak memory 1259 MiB)
2026-09-14T21:12:02Z INFO [80/357] 3b8bb161-8100-41e9-bff3-407b4329e43d: 336 groups (HDF5, 2.8 MB; 0.9 s; peak memory 1259 MiB)
2026-09-14T21:12:03Z INFO [81/357] 3bbc52ae-8090-46a8-8c2f-9a431888dcab: 67 groups (HDF5, 1295.7 MB; 1.4 s; peak memory 1259 MiB)
2026-09-14T21:12:04Z INFO [82/357] 3bf8f656-8fae-4166-a57f-940e43eec587: 18 groups (HDF5, 0.4 MB; 0.5 s; peak memory 1259 MiB)
2026-09-14T21:12:05Z INFO [83/357] 3c127c99-22d5-4f78-b7d0-dabfc8a0b27b: 48 groups (HDF5, 191.5 MB; 1.2 s; peak memory 1259 MiB)
2026-09-14T21:12:06Z INFO [84/357] 3c5922d8-793d-4dc8-affc-2180eb436865: 48 groups (HDF5, 191.4 MB; 1.4 s; peak memory 1259 MiB)
2026-09-14T21:12:07Z INFO [85/357] 3d1b9afc-4cc5-41d2-9296-c1407cb4b751: 24 groups (HDF5, 3.5 MB; 0.7 s; peak memory 1259 MiB)
2026-09-14T21:12:08Z INFO [86/357] 3d7eaee7-db36-40fe-8cca-268ef6b6b0a5: 18 groups (HDF5, 0.4 MB; 0.5 s; peak memory 1259 MiB)
2026-09-14T21:12:08Z INFO [87/357] 3e8cf180-84fc-4aff-969a-759b69f0da18: 32 groups (HDF5, 0.9 MB; 0.6 s; peak memory 1259 MiB)
2026-09-14T21:12:14Z INFO [88/357] 3fdfc1c7-1180-4bb0-a4cd-773c51447371: 185 groups (HDF5, 38.1 MB; 5.9 s; peak memory 1259 MiB)
2026-09-14T21:12:15Z INFO [89/357] 413c4812-7c9d-4386-91d7-1ff5859521ad: 22 groups (HDF5, 16.1 MB; 0.5 s; peak memory 1259 MiB)
2026-09-14T21:12:15Z INFO [90/357] 42a46b65-f91a-445f-864d-de0b62c60e32: 22 groups (HDF5, 84.1 MB; 0.6 s; peak memory 1259 MiB)
2026-09-14T21:12:17Z INFO [91/357] 42d0f0eb-ccf4-4120-a416-cf6aa0f9ba61: 341 groups (HDF5, 129.9 MB; 1.3 s; peak memory 1259 MiB)
2026-09-14T21:12:17Z INFO [92/357] 43030a56-bbc9-4c7d-8eb8-d1993373aaa7: 35 groups (HDF5, 0.9 MB; 0.7 s; peak memory 1259 MiB)
2026-09-14T21:12:18Z INFO [93/357] 4495c666-af60-42a0-afdc-a8b76a4914f9: 54 groups (HDF5, 1.3 MB; 0.9 s; peak memory 1259 MiB)
2026-09-14T21:12:19Z INFO [94/357] 449df261-70b7-4f04-8159-ee4377bc998c: 202 groups (HDF5, 101.0 MB; 0.8 s; peak memory 1259 MiB)
2026-09-14T21:12:21Z INFO [95/357] 45905d0e-6ae0-41aa-800c-c75b00f80879: 130 groups (HDF5, 15.1 MB; 2.0 s; peak memory 1259 MiB)
2026-09-14T21:12:22Z INFO [96/357] 45fac6f2-d489-4dd7-a0ba-a2485f3de300: 32 groups (HDF5, 1.4 MB; 0.7 s; peak memory 1259 MiB)
2026-09-14T21:12:22Z INFO [97/357] 4858313e-3a05-44ef-b1d8-fe55c6e13292: 22 groups (HDF5, 84.1 MB; 0.7 s; peak memory 1259 MiB)
2026-09-14T21:12:27Z INFO [98/357] 48ec2287-b3eb-488c-bf93-f607e327c979: 174 groups (HDF5, 39.5 MB; 4.3 s; peak memory 1259 MiB)
2026-09-14T21:12:27Z INFO [99/357] 48f1fd57-4012-4da8-bf6d-4b8ff4250a64: 22 groups (HDF5, 84.1 MB; 0.5 s; peak memory 1259 MiB)
2026-09-14T21:12:28Z INFO [100/357] 4927fb07-1957-47c1-80fc-2a6967441ef6: 256 groups (HDF5, 7.3 MB; 0.7 s; peak memory 1259 MiB)
2026-09-14T21:12:28Z INFO [101/357] 49c074d9-9376-44e8-b78e-a9b2e62b459e: 32 groups (HDF5, 1.0 MB; 0.6 s; peak memory 1259 MiB)
2026-09-14T21:12:30Z INFO [102/357] 49c23e29-7a05-4548-ad64-f8d6c8a2f64d: 35 groups (HDF5, 2.3 MB; 1.0 s; peak memory 1259 MiB)
2026-09-14T21:12:30Z INFO [103/357] 4bca9709-7a29-4c1c-8643-f842c1dde55c: 26 groups (HDF5, 0.2 MB; 0.3 s; peak memory 1259 MiB)
2026-09-14T21:12:30Z INFO [104/357] 4c72d883-083c-452c-babf-6b08ce6e7cbc: 22 groups (HDF5, 84.1 MB; 0.5 s; peak memory 1259 MiB)
2026-09-14T21:12:33Z INFO [105/357] 500784e4-61b6-40ef-ba4b-35b32c518ce8: 112 groups (HDF5, 79.4 MB; 2.6 s; peak memory 1259 MiB)
2026-09-14T21:12:34Z INFO [106/357] 500f9910-5742-40bc-ba78-ad7869ead708: 30 groups (HDF5, 473.6 MB; 1.3 s; peak memory 1259 MiB)
2026-09-14T21:12:35Z INFO [107/357] 5039b67c-d7f0-4daf-a335-ce5e1ecb089d: 256 groups (HDF5, 0.8 MB; 0.6 s; peak memory 1259 MiB)
2026-09-14T21:12:35Z INFO [108/357] 50dd5121-f04b-44cf-9ce2-2b6040047a0b: 32 groups (HDF5, 1.3 MB; 0.6 s; peak memory 1259 MiB)
2026-09-14T21:12:45Z INFO [109/357] 51e77510-b647-4aea-9b39-b7390347c47c: 23 groups (HDF5, 39932.8 MB; 10.0 s; peak memory 1259 MiB)
2026-09-14T21:12:46Z INFO [110/357] 526cb4c9-8228-43e5-8721-3ed615b61c84: 22 groups (HDF5, 84.1 MB; 0.6 s; peak memory 1259 MiB)
2026-09-14T21:12:46Z INFO [111/357] 53612447-bfff-4886-a492-c10c9139969b: 20 groups (HDF5, 1.6 MB; 0.6 s; peak memory 1259 MiB)
2026-09-14T21:12:47Z INFO [112/357] 542fc2dd-8b04-4a3c-b00f-3099b6211cb2: 32 groups (HDF5, 0.9 MB; 0.6 s; peak memory 1259 MiB)
2026-09-14T21:12:48Z INFO [113/357] 549dee55-7d6d-415f-b405-2979b6d6c2d9: 22 groups (HDF5, 84.1 MB; 0.5 s; peak memory 1259 MiB)
2026-09-14T21:12:48Z INFO [114/357] 54e961cf-4d58-4d46-9b45-470049df4aca: 22 groups (HDF5, 84.1 MB; 0.4 s; peak memory 1259 MiB)
2026-09-14T21:12:48Z INFO [115/357] 550b34af-0b82-491a-8086-661c024935c7: 24 groups (HDF5, 0.2 MB; 0.3 s; peak memory 1259 MiB)
2026-09-14T21:12:49Z INFO [116/357] 550fd81a-c8fa-4f2e-b6f3-1952263f1848: 22 groups (HDF5, 84.1 MB; 0.6 s; peak memory 1259 MiB)
2026-09-14T21:12:49Z INFO [117/357] 556cc9ca-bbec-4c82-a53a-ee3196ef32ca: 17 groups (HDF5, 0.7 MB; 0.5 s; peak memory 1259 MiB)
2026-09-14T21:12:50Z INFO [118/357] 55e0830a-a366-4d1a-91e1-120f8799fa47: 32 groups (HDF5, 1.1 MB; 0.7 s; peak memory 1259 MiB)
2026-09-14T21:12:51Z INFO [119/357] 563dd997-c4c0-41a4-8bb7-f54339d8b4f2: 32 groups (HDF5, 1.3 MB; 0.6 s; peak memory 1259 MiB)
2026-09-14T21:12:53Z INFO [120/357] 56f44582-c6be-4bdf-bd6a-72d1dacc8727: 116 groups (HDF5, 15.3 MB; 2.3 s; peak memory 1259 MiB)
2026-09-14T21:12:53Z INFO [121/357] 56fa2f8f-093e-496a-b03a-bb3c82ae11e3: 16 groups (HDF5, 0.2 MB; 0.3 s; peak memory 1259 MiB)
2026-09-14T21:12:54Z INFO [122/357] 5765ac81-803a-4b30-8cdf-c497128dbb72: 341 groups (HDF5, 68.5 MB; 1.2 s; peak memory 1259 MiB)
2026-09-14T21:13:01Z INFO [123/357] 57bc5370-245d-4603-bcf8-04eba981581c: 233 groups (HDF5, 59.6 MB; 6.5 s; peak memory 1259 MiB)
2026-09-14T21:13:02Z INFO [124/357] 58fc0b21-e850-40eb-8df4-97710f76ff4d: 35 groups (HDF5, 191.9 MB; 1.0 s; peak memory 1259 MiB)
2026-09-14T21:13:02Z INFO [125/357] 59496239-7c4e-4eab-a10d-7e7116d1a628: 22 groups (HDF5, 84.1 MB; 0.4 s; peak memory 1259 MiB)
2026-09-14T21:13:03Z INFO [126/357] 59c38701-35ab-439b-a1da-0148569a92d4: 206 groups (HDF5, 45.0 MB; 1.0 s; peak memory 1259 MiB)
2026-09-14T21:13:04Z INFO [127/357] 59d5c212-96c6-411b-945f-eae29e4c2147: 32 groups (HDF5, 642.5 MB; 0.9 s; peak memory 1259 MiB)
2026-09-14T21:13:05Z INFO [128/357] 5a47062f-cfd3-4fbf-8d6a-da69f279f5ea: 53 groups (HDF5, 754.1 MB; 0.8 s; peak memory 1259 MiB)
2026-09-14T21:13:05Z INFO [129/357] 5a733e00-57be-4a77-b8af-2a0da8efe961: 22 groups (HDF5, 84.1 MB; 0.4 s; peak memory 1259 MiB)
2026-09-14T21:13:06Z INFO [130/357] 5a9fb91b-6804-4ac4-b540-91f55809510f: 17 groups (HDF5, 0.5 MB; 0.4 s; peak memory 1259 MiB)
2026-09-14T21:13:10Z INFO [131/357] 5b22842e-b0f0-4250-9f46-d008b50b4dd1: 171 groups (HDF5, 24.0 MB; 3.7 s; peak memory 1259 MiB)
2026-09-14T21:13:16Z INFO [132/357] 5b301bb5-cdb2-4660-a583-9c266a05778b: 195 groups (HDF5, 58.8 MB; 6.1 s; peak memory 1259 MiB)
2026-09-14T21:13:17Z INFO [133/357] 5c3d895a-59ec-4cfc-a3e4-f3dcc84377d6: 67 groups (HDF5, 134.6 MB; 1.2 s; peak memory 1259 MiB)
2026-09-14T21:13:17Z INFO [134/357] 5d2fc714-39de-4336-9799-426eb1cb1f99: 22 groups (HDF5, 84.1 MB; 0.6 s; peak memory 1259 MiB)
2026-09-14T21:13:20Z INFO [135/357] 5f699ecf-c8a7-431e-aa69-1fa1f2ef9c41: 126 groups (HDF5, 19.4 MB; 2.7 s; peak memory 1259 MiB)
2026-09-14T21:13:21Z INFO [136/357] 5fe8675f-e4d2-4822-b6ec-aeb7989a119d: 35 groups (HDF5, 0.9 MB; 0.7 s; peak memory 1259 MiB)
2026-09-14T21:13:21Z INFO [137/357] 6071adbf-873e-409d-b123-97d4625802ad: 22 groups (HDF5, 84.1 MB; 0.6 s; peak memory 1259 MiB)
2026-09-14T21:13:25Z INFO [138/357] 6212fc1d-1f7b-47a7-90e1-6181b88aeba4: 170 groups (HDF5, 22.7 MB; 3.3 s; peak memory 1259 MiB)
2026-09-14T21:13:26Z INFO [139/357] 6294a46a-8a8a-4d9d-a98c-91c91c971165: 48 groups (HDF5, 188.1 MB; 1.5 s; peak memory 1259 MiB)
2026-09-14T21:13:27Z INFO [140/357] 62c56d48-665c-4a56-9cff-c0d0d07b1e54: 103 groups (HDF5, 54.2 MB; 0.7 s; peak memory 1259 MiB)
2026-09-14T21:13:38Z INFO [141/357] 6379f738-6d19-4e14-af90-e01e4f61cf0d: 23 groups (HDF5, 40451.4 MB; 11.1 s; peak memory 1259 MiB)
2026-09-14T21:13:38Z INFO [142/357] 63a59889-f33e-4146-8501-630eaa1566fe: 28 groups (HDF5, 1.6 MB; 0.4 s; peak memory 1259 MiB)
2026-09-14T21:13:40Z INFO [143/357] 645700a1-bad4-442a-978c-1922821b988a: 48 groups (HDF5, 188.6 MB; 1.4 s; peak memory 1259 MiB)
2026-09-14T21:13:40Z INFO [144/357] 645c37af-eb0a-44c1-9ae3-80994861c946: 33 groups (HDF5, 12.8 MB; 0.5 s; peak memory 1259 MiB)
2026-09-14T21:13:41Z INFO [145/357] 649ab6ce-7db5-49ce-8fa4-74e20142a8de: 31 groups (HDF5, 0.2 MB; 0.4 s; peak memory 1259 MiB)
2026-09-14T21:13:47Z INFO [146/357] 651debb3-3123-4a7e-828b-a0b590f04c2a: 76 groups (HDF5, 128.3 MB; 5.8 s; peak memory 1259 MiB)
2026-09-14T21:13:50Z INFO [147/357] 657c2563-cb53-429b-ac2a-2bf4c0968c2e: 71 groups (HDF5, 960.6 MB; 3.6 s; peak memory 1259 MiB)
2026-09-14T21:13:53Z INFO [148/357] 6611501d-e0f3-41dc-8bac-43319eadeb51: 73 groups (HDF5, 3083.5 MB; 3.0 s; peak memory 1259 MiB)
2026-09-14T21:13:54Z INFO [149/357] 661a108a-976b-4cdf-816a-17ca2a4b4057: 253 groups (HDF5, 0.6 MB; 0.5 s; peak memory 1259 MiB)
2026-09-14T21:13:54Z INFO [150/357] 6719153d-12e4-4f3b-93cc-873de0c24555: 27 groups (HDF5, 0.8 MB; 0.5 s; peak memory 1259 MiB)
2026-09-14T21:13:55Z INFO [151/357] 6b79befb-1194-4b6d-ac42-edb994b7cf5f: 34 groups (HDF5, 252.2 MB; 0.7 s; peak memory 1259 MiB)
2026-09-14T21:13:56Z INFO [152/357] 6d41e6e3-2359-4c05-8650-4763aa871a66: 35 groups (HDF5, 1.5 MB; 1.0 s; peak memory 1259 MiB)
2026-09-14T21:13:57Z INFO [153/357] 6db1210a-28b4-404e-ac3f-990a694c0ac5: 48 groups (HDF5, 188.1 MB; 1.5 s; peak memory 1259 MiB)
2026-09-14T21:13:58Z INFO [154/357] 6ddf3533-6485-483d-b8e9-74c59564417b: 25 groups (HDF5, 19.4 MB; 0.7 s; peak memory 1259 MiB)
2026-09-14T21:13:59Z INFO [155/357] 6de1e77e-7ec8-4caf-be24-76e87386a149: 104 groups (HDF5, 2.3 MB; 0.7 s; peak memory 1259 MiB)
2026-09-14T21:13:59Z INFO [156/357] 6dfd229f-c5b7-4f69-8ef6-1a6bb0b0e421: 22 groups (HDF5, 84.1 MB; 0.5 s; peak memory 1259 MiB)
2026-09-14T21:14:00Z INFO [157/357] 6f0059b9-7ddc-4237-9144-1b0802fa4523: 22 groups (HDF5, 84.1 MB; 0.5 s; peak memory 1259 MiB)
2026-09-14T21:14:00Z INFO [158/357] 6fcb3c7a-4b3d-4bc6-9542-f3ff6e0c2972: 25 groups (HDF5, 18.6 MB; 0.7 s; peak memory 1259 MiB)
2026-09-14T21:14:01Z INFO [159/357] 70135a14-ae46-4dea-91b7-2a0aec699ba0: 22 groups (HDF5, 0.3 MB; 0.3 s; peak memory 1259 MiB)
2026-09-14T21:14:02Z INFO [160/357] 702942eb-54e7-44f0-bb4a-2640a5035a60: 202 groups (HDF5, 3.5 MB; 0.9 s; peak memory 1259 MiB)
2026-09-14T21:14:05Z INFO [161/357] 7044411d-1897-49e7-b5dd-1a719e15ba34: 181 groups (HDF5, 9.4 MB; 3.6 s; peak memory 1259 MiB)
2026-09-14T21:14:06Z INFO [162/357] 706e5d00-c4ba-436a-b672-b8275314fcc6: 22 groups (HDF5, 84.1 MB; 0.6 s; peak memory 1259 MiB)
2026-09-14T21:14:08Z INFO [163/357] 70bbd65d-052f-4b43-8323-613015475b25: 105 groups (HDF5, 14.4 MB; 2.2 s; peak memory 1259 MiB)
2026-09-14T21:14:12Z INFO [164/357] 71f386dd-3f6a-4d94-b296-4e57c6bc5999: 212 groups (HDF5, 29.6 MB; 3.7 s; peak memory 1259 MiB)
2026-09-14T21:14:12Z INFO [165/357] 723373d9-8af0-4504-8cc3-755b1a858828: 22 groups (HDF5, 84.1 MB; 0.6 s; peak memory 1259 MiB)
2026-09-14T21:14:13Z INFO [166/357] 737357f3-b3b7-4dfe-932c-7e2797a0fe83: 32 groups (HDF5, 1.1 MB; 0.7 s; peak memory 1259 MiB)
2026-09-14T21:14:15Z INFO [167/357] 73a6a687-5259-4d81-ba8b-482807361373: 86 groups (HDF5, 13.1 MB; 1.9 s; peak memory 1259 MiB)
2026-09-14T21:14:15Z INFO [168/357] 7594e1f5-b18b-430e-9dd1-98047c453cb2: 25 groups (HDF5, 13.5 MB; 0.6 s; peak memory 1259 MiB)
2026-09-14T21:14:16Z INFO [169/357] 75ce8d53-76c4-499c-92fc-63893b483700: 26 groups (HDF5, 0.2 MB; 0.4 s; peak memory 1259 MiB)
2026-09-14T21:14:16Z INFO [170/357] 76293e7f-4d1e-4362-b2be-4ae0f8e0961c: 33 groups (HDF5, 0.9 MB; 0.6 s; peak memory 1259 MiB)
2026-09-14T21:14:17Z INFO [171/357] 76c54d9a-7e30-41e0-97b9-ca7da85020e1: 32 groups (HDF5, 1.2 MB; 0.6 s; peak memory 1259 MiB)
2026-09-14T21:14:18Z INFO [172/357] 776303b2-cae7-415c-89ed-7bce22f4eca9: 32 groups (HDF5, 844.0 MB; 0.9 s; peak memory 1259 MiB)
2026-09-14T21:14:21Z INFO [173/357] 77bc5ab3-9ff2-485d-a769-a28833813505: 75 groups (HDF5, 473.6 MB; 3.0 s; peak memory 1259 MiB)
2026-09-14T21:14:23Z INFO [174/357] 77be843a-4c34-4241-b191-8d3a38ea4c73: 92 groups (HDF5, 13.9 MB; 2.3 s; peak memory 1259 MiB)
2026-09-14T21:14:24Z INFO [175/357] 7869a296-c39d-4145-9ce6-b4f57d7a047d: 201 groups (HDF5, 32.4 MB; 0.8 s; peak memory 1259 MiB)
2026-09-14T21:14:25Z INFO [176/357] 78a6cf05-62c1-47ef-ad9a-7284f4e054d5: 48 groups (HDF5, 66.7 MB; 1.2 s; peak memory 1259 MiB)
2026-09-14T21:14:26Z INFO [177/357] 78d72c5d-27f2-481f-b3fe-8be380a8054a: 22 groups (HDF5, 84.1 MB; 0.5 s; peak memory 1259 MiB)
2026-09-14T21:14:26Z INFO [178/357] 7a30c94a-3b36-479d-8a0d-ca1626267b44: 21 groups (HDF5, 7.6 MB; 0.6 s; peak memory 1259 MiB)
2026-09-14T21:14:27Z INFO [179/357] 7b6dcc79-1dda-4130-b13a-e554f4093bf7: 18 groups (HDF5, 0.4 MB; 0.4 s; peak memory 1259 MiB)
2026-09-14T21:14:35Z INFO [180/357] 7d3536d6-a90f-4c75-9647-87264f2abcc9: 230 groups (HDF5, 56.3 MB; 8.1 s; peak memory 1259 MiB)
2026-09-14T21:14:35Z INFO [181/357] 7f0e8c5a-6c93-4d79-b7a5-d2c35ec9fbfa: 25 groups (HDF5, 6.5 MB; 0.6 s; peak memory 1259 MiB)
2026-09-14T21:14:40Z INFO [182/357] 7fd81bfb-9c18-4ff1-8d47-145c2fe9f2ae: 34 groups (HDF5, 134.0 MB; 4.5 s; peak memory 1259 MiB)
2026-09-14T21:14:47Z INFO [183/357] 7fd93642-7a78-4724-b069-387d3f78c7cf: 154 groups (HDF5, 23.7 MB; 6.8 s; peak memory 1259 MiB)
2026-09-14T21:14:47Z INFO [184/357] 800be4f3-0e07-47a6-a24c-0424d18cd98e: 22 groups (HDF5, 84.1 MB; 0.6 s; peak memory 1259 MiB)
2026-09-14T21:14:48Z INFO [185/357] 808b8932-7a09-4724-9f93-b720f991f60d: 29 groups (HDF5, 2569.2 MB; 0.6 s; peak memory 1259 MiB)
2026-09-14T21:14:48Z INFO [186/357] 80f23b73-2a6c-49e5-9a23-c2618c460180: 32 groups (HDF5, 1.1 MB; 0.7 s; peak memory 1259 MiB)
2026-09-14T21:14:59Z INFO [187/357] 81020447-2a40-4309-af47-c3200ab2d93c: 23 groups (HDF5, 37449.8 MB; 10.7 s; peak memory 1259 MiB)
2026-09-14T21:15:00Z INFO [188/357] 811011f0-e9f1-4666-ad79-e6cb1d3f2655: 18 groups (HDF5, 0.5 MB; 0.5 s; peak memory 1259 MiB)
2026-09-14T21:15:00Z INFO [189/357] 820b3ce6-b474-4e4a-b3ae-deb771458f53: 256 groups (HDF5, 1.0 MB; 0.7 s; peak memory 1259 MiB)
2026-09-14T21:15:01Z INFO [190/357] 8289b2e5-edd3-4982-970f-cfc0094e402d: 22 groups (HDF5, 84.1 MB; 0.6 s; peak memory 1259 MiB)
2026-09-14T21:15:39Z INFO [191/357] 8309f022-81a4-44c9-9a5c-fbb9bf976c40: 27 groups (HDF5, 137700.5 MB; 38.0 s; peak memory 1259 MiB)
2026-09-14T21:15:42Z INFO [192/357] 8329b12d-4e24-4919-b7d8-a9cedd462c5b: 115 groups (HDF5, 15.8 MB; 2.6 s; peak memory 1259 MiB)
2026-09-14T21:15:51Z INFO [193/357] 833c4442-2461-4cdb-ba9c-b9d3e8bb8fba: 18 groups (HDF5, 768.8 MB; 9.9 s; peak memory 1259 MiB)
2026-09-14T21:15:52Z INFO [194/357] 83815492-17fb-44a3-93c3-9db69d01e6d7: 32 groups (HDF5, 1.2 MB; 0.5 s; peak memory 1259 MiB)
2026-09-14T21:15:53Z INFO [195/357] 84c57e24-c331-4deb-9e4a-da24badac488: 36 groups (HDF5, 4743.2 MB; 0.8 s; peak memory 1259 MiB)
2026-09-14T21:16:00Z INFO [196/357] 84cf7d5f-d9c9-43a0-82f0-f4c83ef0b074: 447 groups (HDF5, 61.9 MB; 6.7 s; peak memory 1259 MiB)
2026-09-14T21:16:00Z INFO [197/357] 86665f96-0dd2-4fb3-ac29-057e56372ae6: 17 groups (HDF5, 0.2 MB; 0.4 s; peak memory 1259 MiB)
2026-09-14T21:16:01Z INFO [198/357] 87215996-5fea-408b-8938-36a2c17b105d: 35 groups (HDF5, 1.1 MB; 0.7 s; peak memory 1259 MiB)
2026-09-14T21:16:01Z INFO [199/357] 890ff9b5-ea64-4cb1-adda-aaf3beac2a36: 32 groups (HDF5, 0.9 MB; 0.5 s; peak memory 1259 MiB)
2026-09-14T21:16:04Z INFO [200/357] 89c3284a-d2d0-47f9-af17-eb2dd0815e5f: 181 groups (HDF5, 9.2 MB; 3.0 s; peak memory 1259 MiB)
2026-09-14T21:16:09Z INFO [201/357] 89ebdb2e-4f99-4845-8a22-ece9d77695d1: 50 groups (HDF5, 148.9 MB; 5.1 s; peak memory 1259 MiB)
2026-09-14T21:16:10Z INFO [202/357] 8c0cd4ef-3049-46a6-adac-b70772759996: 201 groups (HDF5, 2.2 MB; 0.7 s; peak memory 1259 MiB)
2026-09-14T21:16:10Z INFO [203/357] 8c1307a0-f151-426e-9543-d09a483a2059: 22 groups (HDF5, 84.1 MB; 0.6 s; peak memory 1259 MiB)
2026-09-14T21:16:19Z INFO [204/357] 8c758ec5-8c69-48c3-9966-a4d83c89e28a: 17 groups (HDF5, 382.7 MB; 8.1 s; peak memory 1259 MiB)
2026-09-14T21:16:20Z INFO [205/357] 8d3ddff9-c121-4add-9a44-f643c6607457: 259 groups (HDF5, 55.6 MB; 1.1 s; peak memory 1259 MiB)
2026-09-14T21:16:21Z INFO [206/357] 8dedcf19-a97d-418c-9727-60574ecc1b0b: 52 groups (HDF5, 13.0 MB; 1.6 s; peak memory 1259 MiB)
2026-09-14T21:16:22Z INFO [207/357] 8e27c69a-c7a3-4de9-ae00-6635374addcd: 254 groups (HDF5, 1.1 MB; 0.7 s; peak memory 1259 MiB)
2026-09-14T21:16:22Z INFO [208/357] 8e294cd1-4f6a-4adc-931a-b84041534fa2: 32 groups (HDF5, 1.1 MB; 0.6 s; peak memory 1259 MiB)
2026-09-14T21:16:23Z INFO [209/357] 908ead51-ca76-45df-b000-19b33bcc60a5: 17 groups (HDF5, 0.7 MB; 0.4 s; peak memory 1259 MiB)
2026-09-14T21:16:23Z INFO [210/357] 91f2fc4e-d823-4153-b011-b6637df9d0dd: 35 groups (HDF5, 1.2 MB; 0.5 s; peak memory 1259 MiB)
2026-09-14T21:16:24Z INFO [211/357] 92e8ac9b-c3fa-4397-b0c0-38fa082c032e: 32 groups (HDF5, 1.2 MB; 0.6 s; peak memory 1259 MiB)
2026-09-14T21:16:25Z INFO [212/357] 92ea07f7-066c-4c54-b02c-9e0f4a807acc: 35 groups (HDF5, 1.4 MB; 0.7 s; peak memory 1259 MiB)
2026-09-14T21:16:25Z INFO [213/357] 93ca7624-8b74-4d3f-acbe-e12bfd2cc6d2: 22 groups (HDF5, 84.1 MB; 0.5 s; peak memory 1259 MiB)
2026-09-14T21:16:26Z INFO [214/357] 94b49adf-c69d-4f7f-8697-9d62a8724681: 17 groups (HDF5, 20.9 MB; 0.9 s; peak memory 1259 MiB)
2026-09-14T21:16:27Z INFO [215/357] 94d53be3-e620-410b-8bbd-3f0014f33cc6: 32 groups (HDF5, 1.2 MB; 0.7 s; peak memory 1259 MiB)
2026-09-14T21:16:27Z INFO [216/357] 94e8875f-9614-4996-b7d4-03079db5bb2e: 22 groups (HDF5, 84.1 MB; 0.5 s; peak memory 1259 MiB)
2026-09-14T21:16:31Z INFO [217/357] 954d1819-7b39-4972-8ac1-b9b0bf19f78e: 181 groups (HDF5, 9.5 MB; 4.2 s; peak memory 1259 MiB)
2026-09-14T21:16:32Z INFO [218/357] 95dbf335-7908-49fe-9d16-8e5d93d39a5e: 22 groups (HDF5, 84.1 MB; 0.5 s; peak memory 1259 MiB)
2026-09-14T21:16:33Z INFO [219/357] 9654dba9-b756-4b6d-bec6-7c8c26e0cdf7: 22 groups (HDF5, 84.1 MB; 0.6 s; peak memory 1259 MiB)
2026-09-14T21:16:33Z INFO [220/357] 966c44ea-a4bb-4d35-b393-5d6769fb0180: 22 groups (HDF5, 0.2 MB; 0.3 s; peak memory 1259 MiB)
2026-09-14T21:16:34Z INFO [221/357] 97045b3b-427f-480d-8961-712c9ab38080: 22 groups (HDF5, 84.1 MB; 0.7 s; peak memory 1259 MiB)
2026-09-14T21:16:34Z INFO [222/357] 975c0c89-314f-4b38-9526-90c3a558b3a0: 256 groups (HDF5, 10.8 MB; 0.8 s; peak memory 1259 MiB)
2026-09-14T21:16:38Z INFO [223/357] 977cfab6-44fd-4ae1-90e8-77b6b49bd27d: 171 groups (HDF5, 24.1 MB; 3.5 s; peak memory 1259 MiB)
2026-09-14T21:16:39Z INFO [224/357] 988bddbe-fcd5-45b5-8cf5-bda99a49f061: 104 groups (HDF5, 62.4 MB; 0.8 s; peak memory 1259 MiB)
2026-09-14T21:16:39Z INFO [225/357] 98d0afbd-4fa3-4d45-b04c-dda5f77e2f3e: 32 groups (HDF5, 1.1 MB; 0.7 s; peak memory 1259 MiB)
2026-09-14T21:16:42Z INFO [226/357] 99153213-9001-4ebe-a7a7-9fa39c3c82de: 136 groups (HDF5, 22.3 MB; 3.1 s; peak memory 1259 MiB)
2026-09-14T21:16:43Z INFO [227/357] 99347cd1-ca47-4634-a459-d2ecc07a25f3: 32 groups (HDF5, 1.5 MB; 0.6 s; peak memory 1259 MiB)
2026-09-14T21:16:44Z INFO [228/357] 99d65fc7-7e8e-4a36-b161-3dae53f6e3af: 25 groups (HDF5, 13.8 MB; 0.8 s; peak memory 1259 MiB)
2026-09-14T21:18:51Z INFO [229/357] 9a780629-6ae6-40da-a05b-9c8ff20ca4fb: 72 groups (HDF5, 39369.4 MB; 127.4 s; peak memory 1259 MiB)
2026-09-14T21:18:54Z INFO [230/357] 9b17d106-d5f4-4fca-b535-10c1429ba53b: 181 groups (HDF5, 8.3 MB; 3.0 s; peak memory 1259 MiB)
2026-09-14T21:18:55Z INFO [231/357] 9b43e4ce-fa27-4369-a6fc-bff455fdae1d: 28 groups (HDF5, 626.2 MB; 0.6 s; peak memory 1259 MiB)
2026-09-14T21:18:58Z INFO [232/357] 9bc44d41-2d14-4798-b649-ab77ff92579c: 23 groups (HDF5, 15624.0 MB; 3.5 s; peak memory 1259 MiB)
2026-09-14T21:18:59Z INFO [233/357] 9c065383-8513-44b3-b88c-4fc4afe49568: 22 groups (HDF5, 84.1 MB; 0.6 s; peak memory 1259 MiB)
2026-09-14T21:19:00Z INFO [234/357] 9cea3dd9-ba3b-41b5-aec2-52d7c732b06c: 22 groups (HDF5, 84.1 MB; 0.5 s; peak memory 1259 MiB)
2026-09-14T21:19:00Z INFO [235/357] 9d0c68c6-e4cf-451d-bc1f-197fcd2ddb3c: 35 groups (HDF5, 1.2 MB; 0.9 s; peak memory 1259 MiB)
2026-09-14T21:19:02Z INFO [236/357] 9de8470d-3b34-4378-8b9c-28a59e800d05: 22 groups (HDF5, 1037.3 MB; 1.4 s; peak memory 1259 MiB)
2026-09-14T21:19:02Z INFO [237/357] 9e49f24b-c909-41ea-b063-3a189fc0e1dc: 22 groups (HDF5, 84.1 MB; 0.5 s; peak memory 1259 MiB)
2026-09-14T21:19:03Z INFO [238/357] 9eb2ae8c-1d0e-4a57-834d-e1f4f3b0bdaf: 30 groups (HDF5, 0.2 MB; 0.3 s; peak memory 1259 MiB)
2026-09-14T21:19:03Z INFO [239/357] 9ed0f8db-9bb0-41fa-a855-32059f55421f: 42 groups (HDF5, 28.1 MB; 0.7 s; peak memory 1259 MiB)
2026-09-14T21:19:04Z INFO [240/357] 9f475342-df8d-489c-8b42-b48f3a2864c2: 22 groups (HDF5, 84.1 MB; 0.4 s; peak memory 1259 MiB)
2026-09-14T21:19:04Z INFO [241/357] 9fab65d2-4058-44c0-a531-93b473345262: 18 groups (HDF5, 0.2 MB; 0.3 s; peak memory 1259 MiB)
2026-09-14T21:19:04Z INFO [242/357] a07676ba-6c93-4108-8687-919eeaf0e420: 17 groups (HDF5, 0.7 MB; 0.4 s; peak memory 1259 MiB)
2026-09-14T21:19:05Z INFO [243/357] a14c53e7-fb6b-4237-a73d-48644399a01a: 32 groups (HDF5, 0.9 MB; 0.5 s; peak memory 1259 MiB)
2026-09-14T21:19:06Z INFO [244/357] a1ab2e21-5bf4-49b2-b751-2bcbc44d3884: 35 groups (HDF5, 1.3 MB; 0.7 s; peak memory 1259 MiB)
2026-09-14T21:19:09Z INFO [245/357] a2f34838-adf6-4f23-aaf3-95672b35b37c: 176 groups (HDF5, 30.5 MB; 3.0 s; peak memory 1259 MiB)
2026-09-14T21:19:09Z INFO [246/357] a3f26495-7aee-4fc5-8e09-85969aa16c61: 32 groups (HDF5, 1.5 MB; 0.6 s; peak memory 1259 MiB)
2026-09-14T21:19:12Z INFO [247/357] a4e44e34-0842-43cf-98ad-1dcd8a3c661a: 66 groups (HDF5, 752.8 MB; 3.0 s; peak memory 1259 MiB)
2026-09-14T21:19:13Z INFO [248/357] a6718d94-99d2-4fd6-9c64-7f45984c1457: 206 groups (HDF5, 7.2 MB; 0.9 s; peak memory 1259 MiB)
2026-09-14T21:19:14Z INFO [249/357] a74779c1-8328-4492-a70c-e13d8762b96f: 22 groups (HDF5, 84.1 MB; 0.5 s; peak memory 1259 MiB)
2026-09-14T21:19:17Z INFO [250/357] a7bd4eb0-881c-4a0c-94e3-20f2e18d0e45: 22 groups (HDF5, 10282.7 MB; 3.9 s; peak memory 1259 MiB)
2026-09-14T21:19:23Z INFO [251/357] a804c0ca-d5a8-48fa-9553-b5e368f9895e: 123 groups (HDF5, 44.5 MB; 5.3 s; peak memory 1259 MiB)
2026-09-14T21:19:23Z INFO [252/357] a8cc3580-0e32-4f7f-9e68-26cb6ce365f0: 22 groups (HDF5, 84.1 MB; 0.6 s; peak memory 1259 MiB)
2026-09-14T21:19:24Z INFO [253/357] a9840d25-d6ee-48de-846c-4dbef92b2440: 32 groups (HDF5, 1.1 MB; 0.6 s; peak memory 1259 MiB)
2026-09-14T21:19:25Z INFO [254/357] aa00277b-07ef-4193-80f0-7497711e531e: 195 groups (HDF5, 1.7 MB; 0.8 s; peak memory 1259 MiB)
2026-09-14T21:19:25Z INFO [255/357] ab01a833-5b96-4b1f-ae14-47f5836d0535: 256 groups (HDF5, 2.9 MB; 0.7 s; peak memory 1259 MiB)
2026-09-14T21:19:26Z INFO [256/357] ab0e59b7-4604-4c13-bf37-cddb6c61cb1c: 18 groups (HDF5, 0.4 MB; 0.4 s; peak memory 1259 MiB)
2026-09-14T21:19:27Z INFO [257/357] acf66b11-5563-404c-aedd-e4b116d10b90: 32 groups (HDF5, 29.1 MB; 0.8 s; peak memory 1259 MiB)
2026-09-14T21:19:27Z INFO [258/357] ad61ce1b-5de2-41da-8078-5aaa26ba3ffa: 22 groups (HDF5, 84.1 MB; 0.5 s; peak memory 1259 MiB)
2026-09-14T21:19:28Z INFO [259/357] af6c2d02-29ed-4d40-89ef-1ac74b26968b: 32 groups (HDF5, 1.2 MB; 0.7 s; peak memory 1259 MiB)
2026-09-14T21:19:28Z INFO [260/357] b0047e90-c7b5-4fa7-9aa2-854883cc36c7: 22 groups (HDF5, 84.1 MB; 0.5 s; peak memory 1259 MiB)
2026-09-14T21:19:32Z INFO [261/357] b0883995-b814-4902-9134-8bebcc0c78f1: 66 groups (HDF5, 714.5 MB; 3.2 s; peak memory 1259 MiB)
2026-09-14T21:19:32Z INFO [262/357] b0abeb22-abd9-451c-8a98-13b1cff6acf9: 32 groups (HDF5, 0.9 MB; 0.6 s; peak memory 1259 MiB)
2026-09-14T21:19:37Z INFO [263/357] b137e4d2-a084-426c-a9da-5e82df5a31e8: 334 groups (HDF5, 47.1 MB; 4.7 s; peak memory 1259 MiB)
2026-09-14T21:19:38Z INFO [264/357] b299186c-05c8-4395-8d3a-397ecac05bda: 32 groups (HDF5, 1.4 MB; 0.7 s; peak memory 1259 MiB)
2026-09-14T21:19:38Z INFO [265/357] b32b04f3-eca0-440a-a80f-834ecf736c30: 25 groups (HDF5, 10.1 MB; 0.6 s; peak memory 1259 MiB)
2026-09-14T21:19:39Z INFO [266/357] b4cd5b46-741f-414f-b13b-9bf829ebbf55: 33 groups (HDF5, 76.1 MB; 0.7 s; peak memory 1259 MiB)
2026-09-14T21:19:39Z INFO [267/357] b5970a96-2c17-4dd6-bd73-d94abecda0e3: 196 groups (HDF5, 54.7 MB; 0.7 s; peak memory 1259 MiB)
2026-09-14T21:19:40Z INFO [268/357] b63e9e0e-480c-426f-bc08-c64c8456188c: 22 groups (HDF5, 84.1 MB; 0.6 s; peak memory 1259 MiB)
2026-09-14T21:19:41Z INFO [269/357] b6dc9534-14a0-49e5-ba5f-fab04ef38fd4: 32 groups (HDF5, 1.2 MB; 0.6 s; peak memory 1259 MiB)
2026-09-14T21:19:43Z INFO [270/357] b7c991b8-a603-458b-8e4b-8b721669fecd: 71 groups (HDF5, 1592.0 MB; 2.5 s; peak memory 1259 MiB)
2026-09-14T21:19:47Z INFO [271/357] b860003f-84bc-480b-b518-aa415ae71227: 197 groups (HDF5, 38.9 MB; 3.4 s; peak memory 1259 MiB)
2026-09-14T21:19:47Z INFO [272/357] b864378c-ed54-42cc-9b49-a3d8e3aaf0bc: 35 groups (HDF5, 1.2 MB; 0.7 s; peak memory 1259 MiB)
2026-09-14T21:19:48Z INFO [273/357] b946adc8-e12e-4cbd-9e06-074fec8af9e9: 195 groups (HDF5, 13.0 MB; 0.8 s; peak memory 1259 MiB)
2026-09-14T21:19:49Z INFO [274/357] b960c520-0527-41ca-b836-3ac3ef2629f4: 71 groups (HDF5, 24.3 MB; 0.9 s; peak memory 1259 MiB)
2026-09-14T21:19:50Z INFO [275/357] b98df5f3-83cf-4df6-a975-289a4de3ceed: 103 groups (HDF5, 1.4 MB; 0.7 s; peak memory 1259 MiB)
2026-09-14T21:19:50Z INFO [276/357] bb64d865-a511-45b2-b316-fa6bcfa9d3d9: 32 groups (HDF5, 1.4 MB; 0.6 s; peak memory 1259 MiB)
2026-09-14T21:20:20Z INFO [277/357] bba5b936-3f98-475c-9f82-9fd58bf9d929: 2066 groups (HDF5, 210.1 MB; 30.1 s; peak memory 1259 MiB)
2026-09-14T21:20:21Z INFO [278/357] bcab1b58-8163-4b37-953c-d251dfd411c1: 32 groups (HDF5, 1.1 MB; 0.6 s; peak memory 1259 MiB)
2026-09-14T21:20:22Z INFO [279/357] be9ee6a7-b08a-48ac-8222-53d4f6889dc3: 254 groups (HDF5, 1.0 MB; 0.6 s; peak memory 1259 MiB)
2026-09-14T21:20:23Z INFO [280/357] bff60982-2149-4a0e-af2c-9f8631803926: 30 groups (HDF5, 35.3 MB; 1.6 s; peak memory 1259 MiB)
2026-09-14T21:20:24Z INFO [281/357] c1249619-b73e-4571-af2c-7a4ade9f6c0e: 202 groups (HDF5, 2.1 MB; 1.2 s; peak memory 1259 MiB)
2026-09-14T21:20:30Z INFO [282/357] c2152adb-d6bb-4ec6-afce-2141d1e1f170: 66 groups (HDF5, 12807.3 MB; 5.2 s; peak memory 1259 MiB)
2026-09-14T21:20:33Z INFO [283/357] c401cfd7-957b-455c-97c3-d013f0f20383: 64 groups (HDF5, 8994.0 MB; 2.9 s; peak memory 1259 MiB)
2026-09-14T21:20:33Z INFO [284/357] c40b1bdf-71fd-44f4-a72a-e2581a0d6c6a: 32 groups (HDF5, 1.0 MB; 0.6 s; peak memory 1259 MiB)
2026-09-14T21:20:35Z INFO [285/357] c4c9ed5a-78ad-425a-ba06-3642dd50fa7e: 57 groups (HDF5, 244.2 MB; 2.1 s; peak memory 1259 MiB)
2026-09-14T21:20:36Z INFO [286/357] c4f03e23-1b0c-4c54-83db-2b771045f0c8: 202 groups (HDF5, 60.1 MB; 0.9 s; peak memory 1259 MiB)
2026-09-14T21:20:37Z INFO [287/357] c75aa4b8-bea5-4532-8eac-335934b784a5: 32 groups (HDF5, 1.3 MB; 0.6 s; peak memory 1259 MiB)
2026-09-14T21:20:44Z INFO [288/357] c7b6eac0-5e99-45a8-a1a3-2bd12f08f529: 284 groups (HDF5, 65.7 MB; 7.5 s; peak memory 1259 MiB)
2026-09-14T21:20:45Z INFO [289/357] c8c758e8-ab67-4f66-934f-1530ebb56a2e: 22 groups (HDF5, 84.1 MB; 0.5 s; peak memory 1259 MiB)
2026-09-14T21:20:59Z INFO [290/357] c8f5e028-f938-440c-a1f9-e0e8507f8068: 452 groups (HDF5, 3937.7 MB; 13.8 s; peak memory 1259 MiB)
2026-09-14T21:21:02Z INFO [291/357] cb6482fd-668c-4ebe-b2f3-832e5a2a41b5: 141 groups (HDF5, 23.6 MB; 3.8 s; peak memory 1259 MiB)
2026-09-14T21:21:03Z INFO [292/357] cbb900ea-8309-4339-8936-9098401bfb8d: 31 groups (HDF5, 40.4 MB; 0.8 s; peak memory 1259 MiB)
2026-09-14T21:21:04Z INFO [293/357] cc17b492-9656-4e36-9f06-0e7427dfd45f: 256 groups (HDF5, 39.6 MB; 0.8 s; peak memory 1259 MiB)
2026-09-14T21:21:05Z INFO [294/357] cd358438-14f6-464b-9aa9-7406464e66a3: 48 groups (HDF5, 191.4 MB; 1.3 s; peak memory 1259 MiB)
2026-09-14T21:21:08Z INFO [295/357] ce9f045d-add5-43ec-9b3b-45df5721ec2b: 138 groups (HDF5, 20.7 MB; 2.5 s; peak memory 1259 MiB)
2026-09-14T21:21:16Z INFO [296/357] cfba0835-9511-4d0c-a02f-0a6412bfe337: 179 groups (HDF5, 73.4 MB; 8.6 s; peak memory 1259 MiB)
2026-09-14T21:21:17Z INFO [297/357] d08f2106-ca98-4820-b7a2-4fffe08ef0f6: 35 groups (HDF5, 1.2 MB; 0.7 s; peak memory 1259 MiB)
2026-09-14T21:21:18Z INFO [298/357] d0ab19b0-1b7d-4aba-9df4-3c311285c88b: 34 groups (HDF5, 100.5 MB; 0.6 s; peak memory 1259 MiB)
2026-09-14T21:21:18Z INFO [299/357] d1c78924-e02e-4d00-a04a-9cd0fb9a533c: 32 groups (HDF5, 1.4 MB; 0.5 s; peak memory 1259 MiB)
2026-09-14T21:21:19Z INFO [300/357] d1d3f8cd-a5d2-48ae-93c4-93c67ca7c44c: 22 groups (HDF5, 84.1 MB; 0.5 s; peak memory 1259 MiB)
2026-09-14T21:21:20Z INFO [301/357] d1eb49de-2298-4ed4-a479-ea6b4a3d7459: 202 groups (HDF5, 2.0 MB; 1.2 s; peak memory 1259 MiB)
2026-09-14T21:21:20Z INFO [302/357] d1fae171-e030-466d-ad59-1c132d86f1aa: 18 groups (HDF5, 295.9 MB; 0.5 s; peak memory 1259 MiB)
2026-09-14T21:21:21Z INFO [303/357] d204dfdd-6a8d-486a-8dc8-a9824e9f1d65: 103 groups (HDF5, 64.6 MB; 0.7 s; peak memory 1259 MiB)
2026-09-14T21:21:23Z INFO [304/357] d239d7be-264d-4d3b-8bcc-2b2f9a18af94: 118 groups (HDF5, 14.1 MB; 2.1 s; peak memory 1259 MiB)
2026-09-14T21:21:26Z INFO [305/357] d2fb19b9-ef92-41fb-8b45-a2a2807d81c0: 134 groups (HDF5, 21.4 MB; 2.8 s; peak memory 1259 MiB)
2026-09-14T21:21:32Z INFO [306/357] d3e5ce05-4820-47a8-8993-9a2aad4f19d3: 304 groups (HDF5, 23.6 MB; 6.2 s; peak memory 1259 MiB)
2026-09-14T21:21:33Z INFO [307/357] d4447644-8cc7-4652-bb7f-744b930dfc28: 22 groups (HDF5, 84.1 MB; 0.5 s; peak memory 1259 MiB)
2026-09-14T21:21:33Z INFO [308/357] d47b593d-01ce-45c9-9d6d-3a05be44fdd4: 22 groups (HDF5, 84.1 MB; 0.5 s; peak memory 1259 MiB)
2026-09-14T21:21:34Z INFO [309/357] d6c65a2b-32f3-4efe-b82a-dd8e65b49aa1: 22 groups (HDF5, 84.1 MB; 0.5 s; peak memory 1259 MiB)
2026-09-14T21:21:35Z INFO [310/357] d706e9be-d0cc-414f-a49d-4bd101265b7e: 31 groups (HDF5, 73.5 MB; 0.8 s; peak memory 1259 MiB)
2026-09-14T21:21:35Z INFO [311/357] d877b753-f218-4c37-87f7-cc81e4aee973: 28 groups (HDF5, 1.9 MB; 0.4 s; peak memory 1259 MiB)
2026-09-14T21:21:36Z INFO [312/357] d9067c83-53c6-4557-9027-d9c8261c758e: 29 groups (HDF5, 10.0 MB; 0.6 s; peak memory 1259 MiB)
2026-09-14T21:21:36Z INFO [313/357] d94827bb-720a-4f79-b5e5-13faadd73b28: 25 groups (HDF5, 13.9 MB; 0.6 s; peak memory 1259 MiB)
2026-09-14T21:21:37Z INFO [314/357] d9648185-9a26-4a17-9365-edabc590a9ce: 32 groups (HDF5, 1.3 MB; 0.6 s; peak memory 1259 MiB)
2026-09-14T21:21:37Z INFO [315/357] d9a388a2-52ac-4957-9af8-f8ca6e7c0d38: 22 groups (HDF5, 84.1 MB; 0.4 s; peak memory 1259 MiB)
2026-09-14T21:21:38Z INFO [316/357] dbaf44bb-7ff0-4a3c-8e6a-7cb42f50fcb1: 49 groups (HDF5, 556.5 MB; 0.7 s; peak memory 1259 MiB)
2026-09-14T21:21:38Z INFO [317/357] dc678117-7213-4389-ac87-a433de63edf9: 26 groups (HDF5, 0.2 MB; 0.3 s; peak memory 1259 MiB)
2026-09-14T21:21:43Z INFO [318/357] dc77d9e9-6e9d-4cab-aea6-05113be74298: 180 groups (HDF5, 40.8 MB; 4.3 s; peak memory 1259 MiB)
2026-09-14T21:21:44Z INFO [319/357] ddedad75-0887-45b7-98cd-49f30af2dfd5: 199 groups (HDF5, 117.1 MB; 1.1 s; peak memory 1259 MiB)
2026-09-14T21:21:44Z INFO [320/357] de60e947-9ca9-4f4d-b8d0-5aa6404c0474: 24 groups (HDF5, 0.2 MB; 0.3 s; peak memory 1259 MiB)
2026-09-14T21:21:45Z INFO [321/357] df0681f8-9b8f-4b86-9cdd-93e985cda621: 48 groups (HDF5, 66.7 MB; 1.1 s; peak memory 1259 MiB)
2026-09-14T21:21:46Z INFO [322/357] df863cf3-fd06-4329-980e-6b2a3672e9ac: 28 groups (HDF5, 11.7 MB; 0.4 s; peak memory 1259 MiB)
2026-09-14T21:21:49Z INFO [323/357] e06265fd-e097-4722-aa50-7c0044be74ed: 181 groups (HDF5, 8.7 MB; 3.4 s; peak memory 1259 MiB)
2026-09-14T21:21:50Z INFO [324/357] e1ee36b0-4e47-45f5-a80b-53377b266f4e: 27 groups (HDF5, 786.9 MB; 0.9 s; peak memory 1259 MiB)
2026-09-14T21:21:51Z INFO [325/357] e289c44d-7338-49ad-9a4f-8c95b55a57c9: 35 groups (HDF5, 1.1 MB; 0.7 s; peak memory 1259 MiB)
2026-09-14T21:21:52Z INFO [326/357] e4890a87-33ec-4306-b288-f73a21ee8365: 34 groups (HDF5, 4200.4 MB; 1.3 s; peak memory 1259 MiB)
2026-09-14T21:21:58Z INFO [327/357] e71bb95b-6f52-41ed-9c13-60b4cf583b26: 202 groups (HDF5, 42.6 MB; 5.6 s; peak memory 1259 MiB)
2026-09-14T21:21:58Z INFO [328/357] e8131eb4-75f8-41f8-bb07-971107068436: 33 groups (HDF5, 0.9 MB; 0.6 s; peak memory 1259 MiB)
2026-09-14T21:22:05Z INFO [329/357] e8d8a517-d49e-4a73-8de3-7b560aa5a7d9: 203 groups (HDF5, 50.0 MB; 6.8 s; peak memory 1259 MiB)
2026-09-14T21:22:06Z INFO [330/357] e99b3d47-a3b1-4c32-97cb-3e3a45f40000: 29 groups (HDF5, 10.0 MB; 0.7 s; peak memory 1259 MiB)
2026-09-14T21:22:19Z INFO [331/357] ea54d5b0-8929-49b3-9b9f-03e433177be9: 3775 groups (HDF5, 75.3 MB; 13.1 s; peak memory 1259 MiB)
2026-09-14T21:22:26Z INFO [332/357] ead8a696-0a23-4dc5-a975-64ac214e8893: 39 groups (HDF5, 886.8 MB; 7.0 s; peak memory 1259 MiB)
2026-09-14T21:22:28Z INFO [333/357] eba55af5-5c4f-43d3-ae5f-f1f00663d706: 140 groups (HDF5, 15.4 MB; 2.4 s; peak memory 1259 MiB)
2026-09-14T21:22:30Z INFO [334/357] ebe75d5e-5f78-45d8-adfb-e7e36809b6f7: 79 groups (HDF5, 6.3 MB; 1.8 s; peak memory 1259 MiB)
2026-09-14T21:22:31Z INFO [335/357] ec107fd8-ad43-4ed6-af53-bc37383ed1b2: 341 groups (HDF5, 47.6 MB; 1.1 s; peak memory 1259 MiB)
2026-09-14T21:22:32Z INFO [336/357] ec3052d3-1853-41f1-b44f-5130a8fcac1a: 20 groups (HDF5, 0.5 MB; 0.5 s; peak memory 1259 MiB)
2026-09-14T21:22:32Z INFO [337/357] ec3a3c94-e4fd-4dc1-bd2d-d2e042dc2985: 35 groups (HDF5, 1.8 MB; 0.7 s; peak memory 1259 MiB)
2026-09-14T21:22:33Z INFO [338/357] ec587028-0141-4264-8efe-74e932ab3b0d: 22 groups (HDF5, 84.1 MB; 0.5 s; peak memory 1259 MiB)
2026-09-14T21:22:35Z INFO [339/357] ed734239-c6fc-41ba-942f-d9c702f23330: 62 groups (HDF5, 862.9 MB; 2.2 s; peak memory 1259 MiB)
2026-09-14T21:22:36Z INFO [340/357] ed7a6e1a-c0af-44aa-bcd3-bc170f6ed8a7: 22 groups (HDF5, 84.1 MB; 0.6 s; peak memory 1259 MiB)
2026-09-14T21:22:36Z INFO [341/357] ee9b7ef0-f0df-4efa-bc91-3dd818360812: 24 groups (HDF5, 1.7 MB; 0.7 s; peak memory 1259 MiB)
2026-09-14T21:22:38Z INFO [342/357] f01ee5d5-5a04-401e-a267-88a68b10da0b: 194 groups (HDF5, 294.5 MB; 1.4 s; peak memory 1259 MiB)
2026-09-14T21:22:38Z INFO [343/357] f0943b96-6cbb-4250-a137-a0ee66ad6762: 32 groups (HDF5, 2.1 MB; 0.7 s; peak memory 1259 MiB)
2026-09-14T21:22:39Z INFO [344/357] f0af8dd9-66f5-498f-8522-ec2553be1972: 22 groups (HDF5, 84.1 MB; 0.5 s; peak memory 1259 MiB)
2026-09-14T21:22:40Z INFO [345/357] f3a4e622-bfe8-45f1-a024-be856b35f53c: 54 groups (HDF5, 23.6 MB; 1.2 s; peak memory 1259 MiB)
2026-09-14T21:22:40Z INFO [346/357] f4949282-f13c-4ad6-8b47-ca4a59e3242d: 22 groups (HDF5, 84.1 MB; 0.5 s; peak memory 1259 MiB)
2026-09-14T21:22:41Z INFO [347/357] f50a5323-9964-491c-b211-a1a26958d7de: 32 groups (HDF5, 1.2 MB; 0.4 s; peak memory 1259 MiB)
2026-09-14T21:22:42Z INFO [348/357] f630065a-f9da-4d81-aa5d-49f147fa9745: 195 groups (HDF5, 399.5 MB; 0.9 s; peak memory 1259 MiB)
2026-09-14T21:22:43Z INFO [349/357] f6e56124-8724-4d36-ace9-cb47de30326d: 40 groups (HDF5, 17.5 MB; 0.8 s; peak memory 1259 MiB)
2026-09-14T21:22:43Z INFO [350/357] f921a092-d9ae-472c-afc5-3571b4a1db82: 32 groups (HDF5, 1.0 MB; 0.6 s; peak memory 1259 MiB)
2026-09-14T21:22:44Z INFO [351/357] fa3067b7-c478-46fb-ba8d-d957e0c518b9: 35 groups (HDF5, 0.9 MB; 0.6 s; peak memory 1259 MiB)
2026-09-14T21:22:45Z INFO [352/357] fa9c9b11-7983-48c9-a539-9bf41adcd720: 35 groups (HDF5, 1.5 MB; 0.7 s; peak memory 1259 MiB)
2026-09-14T21:22:46Z INFO [353/357] fb818bb4-0c7d-4d32-9180-75f6545604bf: 56 groups (HDF5, 27.4 MB; 1.9 s; peak memory 1259 MiB)
2026-09-14T21:22:47Z INFO [354/357] fc455c53-761b-4e43-9236-f6bc84e790e7: 18 groups (HDF5, 0.2 MB; 0.3 s; peak memory 1259 MiB)
2026-09-14T21:22:47Z INFO [355/357] fd7d7413-9f6c-4b14-ae5a-b9386071f8eb: 26 groups (HDF5, 6.1 MB; 0.5 s; peak memory 1259 MiB)
2026-09-14T21:22:52Z INFO [356/357] fe0068a9-9e1f-4707-9445-c0d523cf1cd7: 184 groups (HDF5, 58.2 MB; 4.7 s; peak memory 1259 MiB)
2026-09-14T21:22:53Z INFO [357/357] fece550d-d202-4923-a2de-71c08bc6a03f: 32 groups (HDF5, 1.0 MB; 0.7 s; peak memory 1259 MiB)
2026-09-14T21:22:53Z INFO Processed 357 content IDs in 17.6 min (peak memory 1259 MiB).
