2026-09-15T22:29:15Z INFO Logging to /tmp/logs/update_2026-09-15T22-29-15Z.log.
2026-09-15T22:29:15Z INFO Processing 380 newly valid content IDs.
2026-09-15T22:29:22Z INFO [1/380] 0079e013-c581-41a1-bbb3-b63ec766a64c: 181 groups (HDF5, 9.0 MB; 6.7 s; peak memory 117 MiB)
2026-09-15T22:29:22Z INFO [2/380] 00f587ad-419b-4647-a630-7425a086b963: 31 groups (HDF5, 0.2 MB; 0.9 s; peak memory 117 MiB)
2026-09-15T22:29:25Z INFO [3/380] 0183230a-2e23-4c07-86c0-6a3d346c75a4: 202 groups (HDF5, 2.1 MB; 2.2 s; peak memory 117 MiB)
2026-09-15T22:29:25Z INFO [4/380] 01e5ac31-4307-43c6-be65-48b1e5d1f193: 17 groups (HDF5, 0.2 MB; 0.8 s; peak memory 117 MiB)
2026-09-15T22:29:28Z INFO [5/380] 01f1ba61-e1b2-4dd1-8b20-a68fe964b607: 53 groups (HDF5, 18.2 MB; 2.2 s; peak memory 117 MiB)
2026-09-15T22:29:30Z INFO [6/380] 022b061a-4769-46f7-9aac-a4e3ae82f378: 48 groups (HDF5, 191.4 MB; 2.8 s; peak memory 117 MiB)
2026-09-15T22:29:32Z INFO [7/380] 0368ffee-9263-4da2-b056-6b8262cabaee: 32 groups (HDF5, 1.2 MB; 1.3 s; peak memory 117 MiB)
2026-09-15T22:29:33Z INFO [8/380] 044efed7-bdf3-47d2-8f41-8c10b54caabd: 35 groups (HDF5, 1.4 MB; 1.6 s; peak memory 117 MiB)
2026-09-15T22:29:34Z INFO [9/380] 0477d140-4890-4f7e-bafb-b973314afe2f: 21 groups (HDF5, 1.3 MB; 1.1 s; peak memory 117 MiB)
2026-09-15T22:29:35Z INFO [10/380] 04992de7-2c6d-4933-93ea-426b3c5b253a: 17 groups (HDF5, 0.7 MB; 1.0 s; peak memory 117 MiB)
2026-09-15T22:29:36Z INFO [11/380] 052437f2-6888-4df6-9f12-892c2f671659: 22 groups (HDF5, 84.1 MB; 0.9 s; peak memory 117 MiB)
2026-09-15T22:29:37Z INFO [12/380] 06375448-3e7c-42f4-ad4b-620463cbf9f6: 22 groups (HDF5, 84.1 MB; 1.0 s; peak memory 117 MiB)
2026-09-15T22:29:39Z INFO [13/380] 0797be44-d632-423d-82e8-0b4a3b166b98: 35 groups (HDF5, 1.2 MB; 1.6 s; peak memory 117 MiB)
2026-09-15T22:29:43Z INFO [14/380] 07a15d80-3834-4705-8702-5ea16f90dcb4: 60 groups (HDF5, 38.7 MB; 4.4 s; peak memory 117 MiB)
2026-09-15T22:29:45Z INFO [15/380] 085ca3ed-ccb6-4d5a-b52d-6ec1dae19301: 32 groups (HDF5, 0.8 MB; 1.2 s; peak memory 117 MiB)
2026-09-15T22:29:46Z INFO [16/380] 0a3759be-4845-4f6b-a8f4-e22659ecda7b: 29 groups (HDF5, 20.5 MB; 1.7 s; peak memory 117 MiB)
2026-09-15T22:29:49Z INFO [17/380] 0ab8cabe-d970-45ae-9e9b-60d69506c09a: 33 groups (HDF5, 0.7 MB; 2.9 s; peak memory 117 MiB)
2026-09-15T22:29:51Z INFO [18/380] 0b95c245-1eba-4f90-a13e-9f8a41a762a5: 32 groups (HDF5, 1.7 MB; 1.7 s; peak memory 117 MiB)
2026-09-15T22:29:52Z INFO [19/380] 0bf635a7-7c30-4f5f-8556-8794c99d691e: 32 groups (HDF5, 1.2 MB; 1.5 s; peak memory 117 MiB)
2026-09-15T22:29:54Z INFO [20/380] 0bff9a33-b0f2-4efe-8b7d-5d98091b8a48: 35 groups (HDF5, 1.6 MB; 1.7 s; peak memory 117 MiB)
2026-09-15T22:30:04Z INFO [21/380] 0c0b65a2-ceb6-4a94-a140-789f07e80919: 220 groups (HDF5, 47.5 MB; 9.4 s; peak memory 131 MiB)
2026-09-15T22:30:04Z INFO [22/380] 0c2d722f-59c9-4ab6-a728-0610a2d78cd4: 31 groups (HDF5, 8.6 MB; 0.9 s; peak memory 131 MiB)
2026-09-15T22:30:06Z INFO [23/380] 0c3e422e-8671-496c-b667-076f4f102ae6: 32 groups (HDF5, 1.4 MB; 1.3 s; peak memory 131 MiB)
2026-09-15T22:30:07Z INFO [24/380] 0c8f5ba2-a6bf-4098-9718-9f3b7ff87168: 25 groups (HDF5, 1594.2 MB; 1.3 s; peak memory 131 MiB)
2026-09-15T22:30:15Z INFO [25/380] 0d769a83-0fb6-4a9b-aed1-8bd18c7cddef: 48 groups (HDF5, 208.1 MB; 8.0 s; peak memory 140 MiB)
2026-09-15T22:30:17Z INFO [26/380] 0e91514d-9a85-4e7e-a00b-213728c3ba55: 32 groups (HDF5, 627.1 MB; 2.0 s; peak memory 140 MiB)
2026-09-15T22:30:18Z INFO [27/380] 0ea9ae22-1a9a-4d6a-8504-360edc32fb0d: 32 groups (HDF5, 0.5 MB; 1.0 s; peak memory 140 MiB)
2026-09-15T22:30:20Z INFO [28/380] 0eb0d2f8-86df-4a90-b917-ab6fcdb43f62: 337 groups (HDF5, 11.9 MB; 1.7 s; peak memory 140 MiB)
2026-09-15T22:30:21Z INFO [29/380] 10376975-1d79-4c5e-a46f-b94600b15115: 22 groups (HDF5, 84.1 MB; 1.0 s; peak memory 140 MiB)
2026-09-15T22:31:02Z INFO [30/380] 1100b2d9-3f56-4f9e-8e68-5bc2a7ad514d: 26 groups (HDF5, 2091.5 MB; 41.6 s; peak memory 203 MiB)
2026-09-15T22:31:04Z INFO [31/380] 1180d9f6-4df7-418a-9368-99d20d9612af: 32 groups (HDF5, 1.1 MB; 1.4 s; peak memory 203 MiB)
2026-09-15T22:31:15Z INFO [32/380] 1186dabe-4311-41f4-af21-bf7af00c9250: 225 groups (HDF5, 68.7 MB; 11.8 s; peak memory 203 MiB)
2026-09-15T22:31:17Z INFO [33/380] 12673483-39f2-4976-a666-477e078eed3e: 200 groups (HDF5, 147.4 MB; 2.0 s; peak memory 203 MiB)
2026-09-15T22:31:19Z INFO [34/380] 126c767b-57c3-4f72-affb-23818588beef: 195 groups (HDF5, 98.9 MB; 1.6 s; peak memory 203 MiB)
2026-09-15T22:31:21Z INFO [35/380] 166bd3a3-f109-4eff-bc7a-3c0b3a6ceea8: 32 groups (HDF5, 1.9 MB; 1.5 s; peak memory 203 MiB)
2026-09-15T22:31:24Z INFO [36/380] 1766a0a3-5b09-4c18-8be3-07660ada7d91: 48 groups (HDF5, 188.1 MB; 3.0 s; peak memory 203 MiB)
2026-09-15T22:31:25Z INFO [37/380] 1791ca2f-fa8f-4091-8509-b54afe9bbad7: 22 groups (HDF5, 84.1 MB; 1.0 s; peak memory 203 MiB)
2026-09-15T22:31:27Z INFO [38/380] 17ab9783-be34-49e3-8410-6247da47db03: 48 groups (HDF5, 68.1 MB; 2.9 s; peak memory 203 MiB)
2026-09-15T22:31:28Z INFO [39/380] 17e56b8f-edf2-4056-9ec6-9041ac8a1fa8: 22 groups (HDF5, 84.1 MB; 1.0 s; peak memory 203 MiB)
2026-09-15T22:31:35Z INFO [40/380] 18099563-6abc-4f81-b858-e5b6356d01c4: 67 groups (HDF5, 131.3 MB; 6.7 s; peak memory 203 MiB)
2026-09-15T22:31:38Z INFO [41/380] 1846efc4-fe18-49c0-afe5-f7d4f80a4258: 48 groups (HDF5, 9.8 MB; 3.1 s; peak memory 203 MiB)
2026-09-15T22:31:41Z INFO [42/380] 19dd4d8b-bc38-4c47-97c6-515352d40f5c: 48 groups (HDF5, 68.5 MB; 2.5 s; peak memory 203 MiB)
2026-09-15T22:31:42Z INFO [43/380] 1a41a5c9-3896-4426-9d64-b29ed296e9da: 22 groups (HDF5, 84.1 MB; 1.0 s; peak memory 203 MiB)
2026-09-15T22:31:44Z INFO [44/380] 1a632b52-c0da-4e2e-acab-7fa698911a80: 17 groups (HDF5, 30.3 MB; 2.5 s; peak memory 203 MiB)
2026-09-15T22:31:45Z INFO [45/380] 1bbf83b9-c5f2-41e4-adf7-a3122e3eaeb0: 22 groups (HDF5, 84.1 MB; 1.0 s; peak memory 203 MiB)
2026-09-15T22:31:46Z INFO [46/380] 1beacb3b-5500-499e-ae89-ddeb43cd5a85: 32 groups (HDF5, 1.4 MB; 1.2 s; peak memory 203 MiB)
2026-09-15T22:31:47Z INFO [47/380] 1cfa9b16-5a54-4fbe-a86c-58a32adbd0fb: 25 groups (HDF5, 0.2 MB; 0.8 s; peak memory 203 MiB)
2026-09-15T22:31:48Z INFO [48/380] 1d3511f7-e26a-4269-a7bb-0047883584d6: 22 groups (HDF5, 84.1 MB; 1.1 s; peak memory 203 MiB)
2026-09-15T22:31:50Z INFO [49/380] 1dd1126a-5c66-4908-b3ea-463281d2dee8: 32 groups (HDF5, 1.5 MB; 1.4 s; peak memory 203 MiB)
2026-09-15T22:31:52Z INFO [50/380] 1eac5e15-f534-440d-a13a-d10de57a7b69: 17 groups (HDF5, 34.5 MB; 2.3 s; peak memory 203 MiB)
2026-09-15T22:31:53Z INFO [51/380] 1f11b818-d3d9-4a74-b48f-c0ade266e9f0: 26 groups (HDF5, 3.2 MB; 1.1 s; peak memory 203 MiB)
2026-09-15T22:31:54Z INFO [52/380] 1f4ed7a8-9f94-488d-9f6b-b128fa4defcb: 29 groups (HDF5, 10.0 MB; 1.3 s; peak memory 203 MiB)
2026-09-15T22:31:55Z INFO [53/380] 1f85bc35-cdcc-4df4-98f1-13ba8cd65343: 22 groups (HDF5, 84.1 MB; 1.0 s; peak memory 203 MiB)
2026-09-15T22:31:57Z INFO [54/380] 224fc3e1-e898-4df1-8012-4a065a2ba718: 35 groups (HDF5, 1.1 MB; 1.5 s; peak memory 203 MiB)
2026-09-15T22:31:58Z INFO [55/380] 230782b0-a141-46e3-a58a-c3f3969d9524: 195 groups (HDF5, 15.3 MB; 1.5 s; peak memory 203 MiB)
2026-09-15T22:32:00Z INFO [56/380] 233944d3-7df9-445e-896d-13b45af2257a: 32 groups (HDF5, 1.3 MB; 1.5 s; peak memory 203 MiB)
2026-09-15T22:32:01Z INFO [57/380] 238945cf-2610-4797-a390-3c36160b0b42: 22 groups (HDF5, 84.1 MB; 1.0 s; peak memory 203 MiB)
2026-09-15T22:32:02Z INFO [58/380] 23ca3679-0c10-4487-a309-d9697481d60b: 67 groups (HDF5, 1.1 MB; 1.4 s; peak memory 203 MiB)
2026-09-15T22:32:04Z INFO [59/380] 2498942f-63e6-4a69-b571-261ddb046ac9: 103 groups (HDF5, 0.7 MB; 1.3 s; peak memory 203 MiB)
2026-09-15T22:32:05Z INFO [60/380] 24f7489b-7d36-4905-a71c-69430000e4d8: 32 groups (HDF5, 1.0 MB; 1.3 s; peak memory 203 MiB)
2026-09-15T22:32:06Z INFO [61/380] 25b9768e-cf9e-42ad-97a4-556ce6333494: 195 groups (HDF5, 191.0 MB; 1.6 s; peak memory 203 MiB)
2026-09-15T22:32:12Z INFO [62/380] 263de726-80d1-4817-889d-d9becc90b226: 73 groups (HDF5, 365.7 MB; 5.6 s; peak memory 203 MiB)
2026-09-15T22:34:59Z INFO [63/380] 26f8b11c-d07f-43b5-a361-6e3a849b9741: 92 groups (HDF5, 10184.1 MB; 167.4 s; peak memory 429 MiB)
2026-09-15T22:35:01Z INFO [64/380] 2727c203-f790-4765-a3bb-5b7a54c652dc: 43 groups (HDF5, 506.9 MB; 1.9 s; peak memory 429 MiB)
2026-09-15T22:35:03Z INFO [65/380] 272ef470-c272-4eb3-853f-c05e8649cd87: 35 groups (HDF5, 0.9 MB; 1.2 s; peak memory 429 MiB)
2026-09-15T22:35:04Z INFO [66/380] 2767c7a0-8942-48f0-afba-b5b46ca86265: 22 groups (HDF5, 84.1 MB; 1.1 s; peak memory 429 MiB)
2026-09-15T22:35:05Z INFO [67/380] 27eabaae-befd-47d2-a151-3e9e16bcf19a: 32 groups (HDF5, 1.2 MB; 1.4 s; peak memory 429 MiB)
2026-09-15T22:35:06Z INFO [68/380] 2844526a-1145-46fb-ab80-0bc74b961022: 22 groups (HDF5, 84.1 MB; 1.0 s; peak memory 429 MiB)
2026-09-15T22:35:07Z INFO [69/380] 285c51dc-93bd-471e-9ef3-0e446d0b3ec1: 18 groups (HDF5, 505.8 MB; 1.0 s; peak memory 429 MiB)
2026-09-15T22:35:08Z INFO [70/380] 288cbf8a-4106-4b5a-97ee-63b35eb46eab: 22 groups (HDF5, 84.1 MB; 1.0 s; peak memory 429 MiB)
2026-09-15T22:35:10Z INFO [71/380] 29587381-db72-454f-a8ac-da47503aef4b: 202 groups (HDF5, 34.6 MB; 1.5 s; peak memory 429 MiB)
2026-09-15T22:35:11Z INFO [72/380] 295a58b8-5daa-46cd-9136-25713b23ea11: 22 groups (HDF5, 84.1 MB; 1.0 s; peak memory 429 MiB)
2026-09-15T22:35:13Z INFO [73/380] 29d7a312-ce71-40de-8114-56ec99b41c0f: 43 groups (HDF5, 1872.5 MB; 2.8 s; peak memory 429 MiB)
2026-09-15T22:35:26Z INFO [74/380] 2a43d93f-d7b5-43a9-8984-77163fcccdf9: 28 groups (HDF5, 699207.2 MB; 12.4 s; peak memory 429 MiB)
2026-09-15T22:35:27Z INFO [75/380] 2a7ab6e8-cc85-4616-9e71-f067a372871c: 32 groups (HDF5, 1.1 MB; 1.3 s; peak memory 429 MiB)
2026-09-15T22:35:33Z INFO [76/380] 2b7280f6-ccd5-4769-96d5-7e3b3bee1049: 66 groups (HDF5, 641.9 MB; 6.0 s; peak memory 429 MiB)
2026-09-15T22:35:34Z INFO [77/380] 2be42086-2591-43c6-b976-d6225d584ff9: 26 groups (HDF5, 5.0 MB; 1.1 s; peak memory 429 MiB)
2026-09-15T22:35:36Z INFO [78/380] 2ccd8b48-b39e-4919-8284-f7be61b9d1fd: 203 groups (HDF5, 95.1 MB; 1.5 s; peak memory 429 MiB)
2026-09-15T22:35:39Z INFO [79/380] 2cffe8ac-7bf6-4556-bea4-89790200796e: 50 groups (HDF5, 196.2 MB; 3.1 s; peak memory 429 MiB)
2026-09-15T22:35:40Z INFO [80/380] 2d3e729f-fd5e-478a-afac-3b7e97fa3b2c: 22 groups (HDF5, 84.1 MB; 1.0 s; peak memory 429 MiB)
2026-09-15T22:35:41Z INFO [81/380] 2d9aacf0-1541-4d4e-99d3-839b19d1a6a4: 32 groups (HDF5, 0.9 MB; 1.2 s; peak memory 429 MiB)
2026-09-15T22:35:42Z INFO [82/380] 2e2862cb-9060-4184-9eb5-1db649dd2397: 22 groups (HDF5, 84.1 MB; 1.0 s; peak memory 429 MiB)
2026-09-15T22:35:43Z INFO [83/380] 2ed5ec14-01be-46c9-8803-dc205fabbd1c: 32 groups (HDF5, 1.5 MB; 1.3 s; peak memory 429 MiB)
2026-09-15T22:35:44Z INFO [84/380] 31a9bc2c-197f-4a59-9473-aa0f316ddb2d: 35 groups (HDF5, 0.7 MB; 1.1 s; peak memory 429 MiB)
2026-09-15T22:35:47Z INFO [85/380] 3229921e-776b-4fac-8230-898357231d9c: 48 groups (HDF5, 68.7 MB; 2.7 s; peak memory 429 MiB)
2026-09-15T22:35:49Z INFO [86/380] 3232b05d-6688-49cc-9eab-0248ef5fe1b5: 35 groups (HDF5, 1.1 MB; 1.6 s; peak memory 429 MiB)
2026-09-15T22:35:51Z INFO [87/380] 32452103-d67a-40b4-adaa-1c9ef6b035b4: 341 groups (HDF5, 78.5 MB; 2.3 s; peak memory 429 MiB)
2026-09-15T22:35:55Z INFO [88/380] 325ac2c1-8388-46ce-ac84-974b2763c28b: 50 groups (HDF5, 1393.7 MB; 3.3 s; peak memory 429 MiB)
2026-09-15T22:36:11Z INFO [89/380] 32f75cc5-0f1f-4613-99fa-9bdeba8a7f0e: 157 groups (HDF5, 4574.2 MB; 16.9 s; peak memory 429 MiB)
2026-09-15T22:36:13Z INFO [90/380] 335797dc-ade3-48c2-a361-164cfd41e38d: 31 groups (HDF5, 834.9 MB; 1.9 s; peak memory 429 MiB)
2026-09-15T22:36:16Z INFO [91/380] 33b12807-e8ae-4b55-a6b3-3929c6cccfe7: 35 groups (HDF5, 334.0 MB; 2.1 s; peak memory 429 MiB)
2026-09-15T22:36:18Z INFO [92/380] 3456b2f2-fecc-4346-9e68-391aabc9b349: 196 groups (HDF5, 1.9 MB; 2.1 s; peak memory 429 MiB)
2026-09-15T22:36:19Z INFO [93/380] 351f4efc-a339-4e48-85c3-a12f04e4e547: 26 groups (HDF5, 8.8 MB; 1.1 s; peak memory 429 MiB)
2026-09-15T22:36:20Z INFO [94/380] 365417c3-2b19-49f6-bc4f-5ec515468ca7: 104 groups (HDF5, 5.2 MB; 1.6 s; peak memory 429 MiB)
2026-09-15T22:36:22Z INFO [95/380] 3728f8dc-2a5d-4e5c-8446-00391e86bb44: 32 groups (HDF5, 1.0 MB; 1.4 s; peak memory 429 MiB)
2026-09-15T22:36:23Z INFO [96/380] 375924d6-2a17-43d8-9f27-d40708cb26a5: 33 groups (HDF5, 1.6 MB; 1.6 s; peak memory 429 MiB)
2026-09-15T22:36:25Z INFO [97/380] 37df7a98-c1e0-46ae-b3af-300738e3ba7a: 202 groups (HDF5, 189.5 MB; 2.1 s; peak memory 429 MiB)
2026-09-15T22:36:26Z INFO [98/380] 389625ca-0722-4e7f-b693-81304a977438: 22 groups (HDF5, 84.1 MB; 1.0 s; peak memory 429 MiB)
2026-09-15T22:36:27Z INFO [99/380] 38ecddf9-eecb-4d3b-bcde-6599e5929b9b: 22 groups (HDF5, 84.1 MB; 1.0 s; peak memory 429 MiB)
2026-09-15T22:36:31Z INFO [100/380] 39884d1c-eed8-4c01-8838-b1474e2926e1: 34 groups (HDF5, 5891.6 MB; 3.2 s; peak memory 429 MiB)
2026-09-15T22:36:32Z INFO [101/380] 3a926c72-eadc-4da9-a827-4c3154b94ef3: 30 groups (HDF5, 0.5 MB; 1.0 s; peak memory 429 MiB)
2026-09-15T22:36:35Z INFO [102/380] 3ac7f40a-b61b-4096-a550-7a64b667de2a: 30 groups (HDF5, 35.4 MB; 3.7 s; peak memory 429 MiB)
2026-09-15T22:36:37Z INFO [103/380] 3b56e649-5135-471d-85f4-e32ceb764c63: 253 groups (HDF5, 5.0 MB; 1.3 s; peak memory 429 MiB)
2026-09-15T22:36:39Z INFO [104/380] 3b7caed8-c7cd-4fea-97d4-8138d57b332a: 54 groups (HDF5, 5.1 MB; 2.7 s; peak memory 429 MiB)
2026-09-15T22:36:41Z INFO [105/380] 3c1c1ce5-c98d-466f-ab4a-11d434d3a947: 32 groups (HDF5, 1.1 MB; 1.3 s; peak memory 429 MiB)
2026-09-15T22:36:49Z INFO [106/380] 3ca30c92-003f-43c7-bdca-05dee68c6a12: 22 groups (HDF5, 10758.9 MB; 7.9 s; peak memory 429 MiB)
2026-09-15T22:36:50Z INFO [107/380] 3cc9ea6d-1577-48b0-84f2-6c09f5bdd974: 27 groups (HDF5, 663.3 MB; 1.4 s; peak memory 429 MiB)
2026-09-15T22:37:05Z INFO [108/380] 3cff70dc-ba6b-4708-a768-449184e020cb: 222 groups (HDF5, 63.0 MB; 15.1 s; peak memory 429 MiB)
2026-09-15T22:37:06Z INFO [109/380] 3d89be4f-c881-4fb7-b234-9e55b1e33b89: 24 groups (HDF5, 4.9 MB; 1.3 s; peak memory 429 MiB)
2026-09-15T22:37:07Z INFO [110/380] 3e42b64b-16b8-40e9-9923-1d71dba0a71f: 17 groups (HDF5, 0.7 MB; 1.0 s; peak memory 429 MiB)
2026-09-15T22:37:09Z INFO [111/380] 3f360092-21a1-42e6-a656-4a8487744131: 32 groups (HDF5, 1.0 MB; 1.2 s; peak memory 429 MiB)
2026-09-15T22:37:10Z INFO [112/380] 3f7c9489-fadf-44e5-91c9-d3dd9806635a: 32 groups (HDF5, 0.9 MB; 1.2 s; peak memory 429 MiB)
2026-09-15T22:37:11Z INFO [113/380] 4043d539-33f1-4b6d-ba5f-0ded314efc0a: 32 groups (HDF5, 1.4 MB; 1.5 s; peak memory 429 MiB)
2026-09-15T22:37:12Z INFO [114/380] 41155c2b-24ba-403e-abad-1086bbd20671: 22 groups (HDF5, 84.1 MB; 1.0 s; peak memory 429 MiB)
2026-09-15T22:37:14Z INFO [115/380] 41d76d96-09ac-4c01-8bde-ba8fe5903d96: 253 groups (HDF5, 0.7 MB; 1.2 s; peak memory 429 MiB)
2026-09-15T22:37:30Z INFO [116/380] 42dee160-9793-4ca2-90cd-d49ff3b86058: 327 groups (HDF5, 74.5 MB; 16.1 s; peak memory 429 MiB)
2026-09-15T22:37:31Z INFO [117/380] 431042af-757e-4788-9837-96046312b093: 35 groups (HDF5, 0.8 MB; 1.2 s; peak memory 429 MiB)
2026-09-15T22:37:32Z INFO [118/380] 450d4a11-003a-440b-8ecf-db1582019ff9: 22 groups (HDF5, 84.1 MB; 1.0 s; peak memory 429 MiB)
2026-09-15T22:37:36Z INFO [119/380] 4533b613-fff0-485d-b06a-f1365fc01a96: 65 groups (HDF5, 4554.8 MB; 3.6 s; peak memory 429 MiB)
2026-09-15T22:37:37Z INFO [120/380] 469eeec3-3e0f-4b13-a50a-e913e5be8452: 22 groups (HDF5, 84.1 MB; 1.0 s; peak memory 429 MiB)
2026-09-15T22:37:38Z INFO [121/380] 473581e6-63ef-4e1f-b7ec-6ebc789b82bd: 32 groups (HDF5, 1.0 MB; 1.4 s; peak memory 429 MiB)
2026-09-15T22:37:39Z INFO [122/380] 477da6dd-4919-4ecd-ba00-fe677817e388: 28 groups (HDF5, 627.5 MB; 1.2 s; peak memory 429 MiB)
2026-09-15T22:37:40Z INFO [123/380] 479b4700-c9c7-4db5-ae71-79ab00eb7365: 22 groups (HDF5, 84.1 MB; 1.0 s; peak memory 429 MiB)
2026-09-15T22:37:41Z INFO [124/380] 47ae937f-c5a3-4a77-b1d7-a464c68b6f62: 22 groups (HDF5, 84.1 MB; 1.0 s; peak memory 429 MiB)
2026-09-15T22:37:42Z INFO [125/380] 486abfc8-d466-4c40-973d-a9117594160d: 32 groups (HDF5, 1.4 MB; 1.3 s; peak memory 429 MiB)
2026-09-15T22:37:50Z INFO [126/380] 48847e57-5550-4956-9296-a80e20878829: 50 groups (HDF5, 129.5 MB; 8.0 s; peak memory 429 MiB)
2026-09-15T22:38:03Z INFO [127/380] 491975c4-0767-4399-9d06-8ba1d7b54fd0: 283 groups (HDF5, 49.2 MB; 12.9 s; peak memory 429 MiB)
2026-09-15T22:38:05Z INFO [128/380] 4995a48b-0685-4af5-9cc6-5f1a3059fca1: 32 groups (HDF5, 1.1 MB; 1.4 s; peak memory 429 MiB)
2026-09-15T22:38:06Z INFO [129/380] 499e9e45-e7fa-4a1a-ada2-1577b35a78b0: 32 groups (HDF5, 1.1 MB; 1.2 s; peak memory 429 MiB)
2026-09-15T22:38:11Z INFO [130/380] 4a93172e-1204-47fe-9101-b1d4d892691b: 43 groups (HDF5, 157.0 MB; 5.0 s; peak memory 429 MiB)
2026-09-15T22:38:12Z INFO [131/380] 4b0e1603-c44e-40c4-a9a5-6eefbfc949ea: 22 groups (HDF5, 84.1 MB; 1.0 s; peak memory 429 MiB)
2026-09-15T22:38:14Z INFO [132/380] 4b68ee95-e953-4942-95c6-ba7e16deff9e: 52 groups (HDF5, 1.6 MB; 1.9 s; peak memory 429 MiB)
2026-09-15T22:38:15Z INFO [133/380] 4bdf1dc0-41e1-471d-9322-c5853a9cb59f: 30 groups (HDF5, 0.6 MB; 1.0 s; peak memory 429 MiB)
2026-09-15T22:38:21Z INFO [134/380] 4d28cef8-f793-4ebf-91d5-2cbab36e0021: 90 groups (HDF5, 427.2 MB; 6.1 s; peak memory 429 MiB)
2026-09-15T22:38:24Z INFO [135/380] 4dcffc28-3c9f-4baa-b594-28cc6d0fe356: 50 groups (HDF5, 196.1 MB; 3.4 s; peak memory 429 MiB)
2026-09-15T22:38:34Z INFO [136/380] 4dd27dd9-1749-4022-b927-2df26c804dd1: 121 groups (HDF5, 43.6 MB; 9.4 s; peak memory 429 MiB)
2026-09-15T22:38:36Z INFO [137/380] 4e8cbc1c-1e93-48ba-8732-10d2b93db76e: 35 groups (HDF5, 1.7 MB; 1.7 s; peak memory 429 MiB)
2026-09-15T22:38:40Z INFO [138/380] 4eb2182c-2bc3-4cd1-bcb2-66640964f480: 37 groups (HDF5, 20923.6 MB; 4.7 s; peak memory 429 MiB)
2026-09-15T22:38:41Z INFO [139/380] 4eb54593-c6cb-4832-9eff-009c866a18a0: 22 groups (HDF5, 84.1 MB; 1.0 s; peak memory 429 MiB)
2026-09-15T22:38:55Z INFO [140/380] 52e3129c-8780-4fcc-b449-ae3598ad9052: 240 groups (HDF5, 48.3 MB; 13.2 s; peak memory 429 MiB)
2026-09-15T22:38:56Z INFO [141/380] 536f4eae-d163-4d04-861c-7dc7d74a464e: 25 groups (HDF5, 10.5 MB; 1.1 s; peak memory 429 MiB)
2026-09-15T22:38:57Z INFO [142/380] 53b0eca2-36b7-4aa6-be46-f5680b738e2f: 31 groups (HDF5, 8.6 MB; 1.1 s; peak memory 429 MiB)
2026-09-15T22:39:15Z INFO [143/380] 56a4dd87-d00a-43d2-9319-35aa2fa11ab4: 407 groups (HDF5, 77.0 MB; 17.7 s; peak memory 429 MiB)
2026-09-15T22:39:15Z INFO [144/380] 57c5d09d-6683-42a1-8693-dcf86242493b: 28 groups (HDF5, 4.9 MB; 0.9 s; peak memory 429 MiB)
2026-09-15T22:39:17Z INFO [145/380] 58ffdba3-da1d-4c77-9eb3-4530aa796ea6: 29 groups (HDF5, 1.1 MB; 1.1 s; peak memory 429 MiB)
2026-09-15T22:39:18Z INFO [146/380] 59b303ff-0f0b-41e9-b530-af6cf66b055e: 30 groups (HDF5, 1.0 MB; 1.3 s; peak memory 429 MiB)
2026-09-15T22:39:32Z INFO [147/380] 5abc53fd-6796-4c70-ba2c-4033e2b064a7: 157 groups (HDF5, 482.0 MB; 14.6 s; peak memory 429 MiB)
2026-09-15T22:43:02Z INFO [148/380] 5c375eed-1527-4b46-b3ab-8c4a938ed96a: 85 groups (HDF5, 43320.4 MB; 209.5 s; peak memory 429 MiB)
2026-09-15T22:43:04Z INFO [149/380] 5c39f2f1-465f-4e55-bcd5-65494884f40d: 32 groups (HDF5, 1.2 MB; 1.5 s; peak memory 429 MiB)
2026-09-15T22:43:05Z INFO [150/380] 5c99c848-4d4d-412e-8437-7ba591d0c83b: 22 groups (HDF5, 84.1 MB; 1.0 s; peak memory 429 MiB)
2026-09-15T22:43:06Z INFO [151/380] 5cd543c6-9030-419e-b8d8-b9c40e3f0f4c: 29 groups (HDF5, 4038.4 MB; 1.3 s; peak memory 429 MiB)
2026-09-15T22:43:07Z INFO [152/380] 5cfdb7b1-fa95-413e-98b2-90bc946e9c5f: 22 groups (HDF5, 84.1 MB; 1.0 s; peak memory 429 MiB)
2026-09-15T22:43:08Z INFO [153/380] 5d024788-4471-45c2-ac38-669f9da5a8d3: 202 groups (HDF5, 27.7 MB; 1.6 s; peak memory 429 MiB)
2026-09-15T22:43:10Z INFO [154/380] 5d3b6028-d9f7-485b-b5f5-30424b3db01f: 32 groups (HDF5, 1.5 MB; 1.2 s; peak memory 429 MiB)
2026-09-15T22:43:11Z INFO [155/380] 5db1ea1a-7bd6-483c-a979-659882e7f87a: 195 groups (HDF5, 21.9 MB; 1.3 s; peak memory 429 MiB)
2026-09-15T22:43:12Z INFO [156/380] 5de66f7c-5998-41e2-b014-4e620e9bfa6f: 22 groups (HDF5, 84.1 MB; 1.0 s; peak memory 429 MiB)
2026-09-15T22:43:13Z INFO [157/380] 5eca0dae-5de5-43e8-81bb-af79a155d1cf: 31 groups (HDF5, 8.6 MB; 0.9 s; peak memory 429 MiB)
2026-09-15T22:43:25Z INFO [158/380] 5eea761b-0a1d-4aff-8400-7576cc4471fe: 282 groups (HDF5, 64.6 MB; 12.4 s; peak memory 429 MiB)
2026-09-15T22:43:29Z INFO [159/380] 5f94a98a-fae0-46b2-a37b-f32f70fc6906: 98 groups (HDF5, 13.5 MB; 3.6 s; peak memory 429 MiB)
2026-09-15T22:43:31Z INFO [160/380] 6043e12c-eacc-4ff4-81b1-d37c3d878a68: 341 groups (HDF5, 92.8 MB; 2.1 s; peak memory 429 MiB)
2026-09-15T22:43:35Z INFO [161/380] 604ba860-99de-4104-b405-5f3fa0e3e54c: 139 groups (HDF5, 15.4 MB; 4.6 s; peak memory 429 MiB)
2026-09-15T22:43:37Z INFO [162/380] 606a8ea0-204e-4b64-8450-760ab712338f: 22 groups (HDF5, 84.1 MB; 1.0 s; peak memory 429 MiB)
2026-09-15T22:43:38Z INFO [163/380] 60bb51e3-e15e-45c1-9dd5-f01354725522: 25 groups (HDF5, 19.0 MB; 1.1 s; peak memory 429 MiB)
2026-09-15T22:43:39Z INFO [164/380] 61eac5a1-0e3e-4f1b-8c75-2005c6f051ac: 31 groups (HDF5, 620.9 MB; 1.6 s; peak memory 429 MiB)
2026-09-15T22:43:45Z INFO [165/380] 61f370ce-f129-4a78-9ab2-e659135ce113: 78 groups (HDF5, 483.3 MB; 5.5 s; peak memory 429 MiB)
2026-09-15T22:43:46Z INFO [166/380] 645af183-4952-43a0-8af1-6f6975824566: 103 groups (HDF5, 0.7 MB; 1.3 s; peak memory 429 MiB)
2026-09-15T22:43:47Z INFO [167/380] 64aaafdd-f0a1-41ad-ba3e-f6fbae5d5cea: 32 groups (HDF5, 1.6 MB; 1.4 s; peak memory 429 MiB)
2026-09-15T22:43:49Z INFO [168/380] 6709c419-58ed-495b-af97-f865224b071f: 49 groups (HDF5, 1.1 MB; 1.4 s; peak memory 429 MiB)
2026-09-15T22:43:52Z INFO [169/380] 695fcaed-b3a2-4f7c-8f6f-45fefd8c817d: 202 groups (HDF5, 22.8 MB; 3.2 s; peak memory 429 MiB)
2026-09-15T22:43:53Z INFO [170/380] 69aff972-d8e1-41cb-9e47-1cc0da8062eb: 26 groups (HDF5, 2.4 MB; 1.0 s; peak memory 429 MiB)
2026-09-15T22:43:55Z INFO [171/380] 69cea75e-01fd-457b-ae66-f492dde77489: 56 groups (HDF5, 619.4 MB; 2.5 s; peak memory 429 MiB)
2026-09-15T22:43:57Z INFO [172/380] 69e8b70e-9a63-43d6-b52f-ed5b3fe4ea49: 22 groups (HDF5, 84.1 MB; 1.0 s; peak memory 429 MiB)
2026-09-15T22:43:59Z INFO [173/380] 6b5220ed-a3e8-48e7-8b90-d7883f93a2b2: 41 groups (HDF5, 122270.5 MB; 2.0 s; peak memory 429 MiB)
2026-09-15T22:44:00Z INFO [174/380] 6b6d9bb5-e92b-43b7-a7c9-3d4e503c0b3f: 29 groups (HDF5, 10.1 MB; 1.2 s; peak memory 429 MiB)
2026-09-15T22:44:02Z INFO [175/380] 6bdd132f-a65b-4b31-91db-eeb58f00c1e6: 573 groups (HDF5, 2.3 MB; 2.3 s; peak memory 429 MiB)
2026-09-15T22:44:04Z INFO [176/380] 6d083676-c41a-406e-8bfe-111348e21d34: 35 groups (HDF5, 1.6 MB; 1.6 s; peak memory 429 MiB)
2026-09-15T22:44:05Z INFO [177/380] 6ee71bf0-5493-47f0-9770-9d216f8868ff: 194 groups (HDF5, 2.5 MB; 1.2 s; peak memory 429 MiB)
2026-09-15T22:44:06Z INFO [178/380] 6f64b2b5-62a7-4a2c-8017-88dc8936bbda: 33 groups (HDF5, 0.8 MB; 1.3 s; peak memory 429 MiB)
2026-09-15T22:44:07Z INFO [179/380] 7073db39-8326-4626-b671-eee968691d21: 35 groups (HDF5, 0.9 MB; 1.2 s; peak memory 429 MiB)
2026-09-15T22:44:09Z INFO [180/380] 70c7c9cd-3511-4192-9ec3-66760d15406d: 32 groups (HDF5, 1.4 MB; 1.4 s; peak memory 429 MiB)
2026-09-15T22:44:09Z INFO [181/380] 70dbb905-5304-4429-bdfc-cf50e6226e54: 22 groups (HDF5, 0.2 MB; 0.7 s; peak memory 429 MiB)
2026-09-15T22:44:12Z INFO [182/380] 710dd665-5eec-44a3-8ea3-ff93f250f9b8: 17 groups (HDF5, 36.5 MB; 2.4 s; peak memory 429 MiB)
2026-09-15T22:46:01Z INFO [183/380] 71290670-4abf-4667-bda4-08dc837789b8: 60 groups (HDF5, 21212.8 MB; 109.6 s; peak memory 429 MiB)
2026-09-15T22:46:08Z INFO [184/380] 71ae3eb0-403c-42e4-a820-6ee0f4ffc824: 152 groups (HDF5, 27.8 MB; 6.8 s; peak memory 429 MiB)
2026-09-15T22:46:10Z INFO [185/380] 71bcdc4e-65ed-4d22-b1cf-e26633a7f945: 35 groups (HDF5, 1.5 MB; 1.6 s; peak memory 429 MiB)
2026-09-15T22:46:17Z INFO [186/380] 733174ed-cb32-4db0-ace2-c1719e0881e7: 181 groups (HDF5, 8.7 MB; 6.9 s; peak memory 429 MiB)
2026-09-15T22:46:19Z INFO [187/380] 733a1f4a-e69a-4f89-9487-4c8ec89e0196: 46 groups (HDF5, 128.4 MB; 2.5 s; peak memory 429 MiB)
2026-09-15T22:46:20Z INFO [188/380] 7426cbd7-9513-4d57-89c8-291ddd28d76b: 22 groups (HDF5, 84.1 MB; 1.0 s; peak memory 429 MiB)
2026-09-15T22:46:21Z INFO [189/380] 75aae932-1b80-4317-825e-ef449be54183: 22 groups (HDF5, 84.1 MB; 1.0 s; peak memory 429 MiB)
2026-09-15T22:46:23Z INFO [190/380] 76c04207-9cd8-4b13-b3c1-955cf165bb39: 33 groups (HDF5, 1.2 MB; 1.4 s; peak memory 429 MiB)
2026-09-15T22:46:40Z INFO [191/380] 76d7e4c5-c66f-465c-9bef-059591424793: 23 groups (HDF5, 43178.1 MB; 17.6 s; peak memory 429 MiB)
2026-09-15T22:46:41Z INFO [192/380] 76e0fdcf-a9b6-4196-9edd-5556e37c85d1: 22 groups (HDF5, 84.1 MB; 1.0 s; peak memory 429 MiB)
2026-09-15T22:46:42Z INFO [193/380] 770dbf15-fb40-4c0e-91e5-d95c7ad14957: 32 groups (HDF5, 0.8 MB; 1.1 s; peak memory 429 MiB)
2026-09-15T22:46:44Z INFO [194/380] 77a9feb0-d14b-45cf-82a7-a686a43971b1: 29 groups (HDF5, 25.3 MB; 1.7 s; peak memory 429 MiB)
2026-09-15T22:46:45Z INFO [195/380] 78386723-b57f-4aa9-a726-80b4d6c600b4: 25 groups (HDF5, 12.6 MB; 1.1 s; peak memory 429 MiB)
2026-09-15T22:46:47Z INFO [196/380] 78ded6ae-4b53-4c83-a5dc-99ccb85661bc: 35 groups (HDF5, 1.3 MB; 1.4 s; peak memory 429 MiB)
2026-09-15T22:46:48Z INFO [197/380] 79230d3e-1695-4e7e-88f1-c1fd916a8bc0: 337 groups (HDF5, 12.9 MB; 1.6 s; peak memory 429 MiB)
2026-09-15T22:46:49Z INFO [198/380] 793cf09c-c885-44a6-828f-80d8fe2f53e4: 22 groups (HDF5, 84.1 MB; 1.0 s; peak memory 429 MiB)
2026-09-15T22:46:50Z INFO [199/380] 796adac1-e698-41df-ab4d-949b50029729: 30 groups (HDF5, 0.2 MB; 0.7 s; peak memory 429 MiB)
2026-09-15T22:46:51Z INFO [200/380] 7a15e8ef-44bf-4a46-a80c-ef9d9349f7d2: 39 groups (HDF5, 17.6 MB; 1.5 s; peak memory 429 MiB)
2026-09-15T22:48:51Z INFO [201/380] 7d6d9640-b9b4-4782-84a2-2a4e66da0026: 37 groups (HDF5, 13645.4 MB; 119.3 s; peak memory 429 MiB)
2026-09-15T22:48:52Z INFO [202/380] 7df2586d-52b0-4899-b390-b7cdfb4215f6: 256 groups (HDF5, 4.0 MB; 1.5 s; peak memory 429 MiB)
2026-09-15T22:48:53Z INFO [203/380] 7eb91c87-7ffb-4c4a-b3fe-2f48c2293f89: 22 groups (HDF5, 84.1 MB; 1.0 s; peak memory 429 MiB)
2026-09-15T22:48:55Z INFO [204/380] 7ed494cf-e8b7-4272-8195-7894e2f25d56: 33 groups (HDF5, 1.0 MB; 1.4 s; peak memory 429 MiB)
2026-09-15T22:48:56Z INFO [205/380] 7f70614f-1cba-4cfe-90c5-5a747f87d742: 30 groups (HDF5, 0.6 MB; 1.0 s; peak memory 429 MiB)
2026-09-15T22:48:59Z INFO [206/380] 816627ab-c252-4e62-9436-2d4bae6af90e: 50 groups (HDF5, 196.1 MB; 3.2 s; peak memory 429 MiB)
2026-09-15T22:49:00Z INFO [207/380] 81fa75f1-3fdf-4a9e-b4b1-6007513a765e: 36 groups (HDF5, 2609.6 MB; 1.2 s; peak memory 429 MiB)
2026-09-15T22:49:01Z INFO [208/380] 82583cb7-7664-4a9f-a2b1-808685af5163: 24 groups (HDF5, 348.6 MB; 1.0 s; peak memory 429 MiB)
2026-09-15T22:49:02Z INFO [209/380] 82af80e8-0c49-4ad3-b45c-e5e9085635ed: 32 groups (HDF5, 1.3 MB; 1.3 s; peak memory 429 MiB)
2026-09-15T22:49:04Z INFO [210/380] 82c186b4-aa39-40f0-a46a-acca879bffab: 35 groups (HDF5, 1.0 MB; 1.3 s; peak memory 429 MiB)
2026-09-15T22:49:05Z INFO [211/380] 82cebdd4-b12d-47e8-97df-56cb459fdeb2: 35 groups (HDF5, 0.9 MB; 1.3 s; peak memory 429 MiB)
2026-09-15T22:49:06Z INFO [212/380] 82e1e78a-6399-4e39-9dee-a3916a748619: 32 groups (HDF5, 1.2 MB; 1.1 s; peak memory 429 MiB)
2026-09-15T22:49:09Z INFO [213/380] 835cb2c3-52b5-4505-a3f3-2ddec994e096: 64 groups (HDF5, 3.5 MB; 2.5 s; peak memory 429 MiB)
2026-09-15T22:49:10Z INFO [214/380] 8381e07f-1d76-4f41-8e11-53f11757c517: 22 groups (HDF5, 84.1 MB; 1.0 s; peak memory 429 MiB)
2026-09-15T22:49:21Z INFO [215/380] 85ca7603-96e7-4404-ad7a-c24fafc06321: 224 groups (HDF5, 60.1 MB; 11.5 s; peak memory 429 MiB)
2026-09-15T22:49:22Z INFO [216/380] 88128e7f-ce65-40d6-b20b-fdff028c9dec: 21 groups (HDF5, 7.5 MB; 1.2 s; peak memory 429 MiB)
2026-09-15T22:49:23Z INFO [217/380] 8852a767-99eb-46d1-8e3e-d5c2979b9e1a: 22 groups (HDF5, 84.1 MB; 0.9 s; peak memory 429 MiB)
2026-09-15T22:49:25Z INFO [218/380] 8882e916-c2bb-4ef2-b34b-1e2a2ebf1efe: 67 groups (HDF5, 1.1 MB; 1.2 s; peak memory 429 MiB)
2026-09-15T22:49:26Z INFO [219/380] 8a76ccb7-2e53-4858-a805-c3d966dce00c: 32 groups (HDF5, 1.2 MB; 1.3 s; peak memory 429 MiB)
2026-09-15T22:49:27Z INFO [220/380] 8acd516c-c060-4da8-a765-5faef957b83a: 32 groups (HDF5, 1.5 MB; 1.4 s; peak memory 429 MiB)
2026-09-15T22:49:28Z INFO [221/380] 8b5d9b11-4636-433e-a37c-2f2706b547ed: 31 groups (HDF5, 0.2 MB; 0.8 s; peak memory 429 MiB)
2026-09-15T22:49:30Z INFO [222/380] 8bac0082-c151-4ad3-b91c-932f63bfd973: 17 groups (HDF5, 25.7 MB; 2.3 s; peak memory 429 MiB)
2026-09-15T22:49:31Z INFO [223/380] 8bc31962-d019-4180-b034-089a31b2eacd: 22 groups (HDF5, 84.1 MB; 1.0 s; peak memory 429 MiB)
2026-09-15T22:49:36Z INFO [224/380] 8bcedb09-bd44-47bb-9bbf-357467c2b725: 681 groups (HDF5, 11.0 MB; 5.0 s; peak memory 429 MiB)
2026-09-15T22:49:38Z INFO [225/380] 8c43fdeb-e283-4d8b-b617-0f38e9678586: 337 groups (HDF5, 14.1 MB; 1.8 s; peak memory 429 MiB)
2026-09-15T22:49:43Z INFO [226/380] 8ca9dedb-2ed7-4bdd-9fe2-f8290c683c06: 118 groups (HDF5, 20.5 MB; 5.0 s; peak memory 429 MiB)
2026-09-15T22:49:44Z INFO [227/380] 8db5c6d8-6497-4a00-8611-53fe2b8b2d0d: 22 groups (HDF5, 84.1 MB; 1.0 s; peak memory 429 MiB)
2026-09-15T22:49:45Z INFO [228/380] 8dc972ce-4677-4477-947d-fe32b57db826: 22 groups (HDF5, 84.1 MB; 1.0 s; peak memory 429 MiB)
2026-09-15T22:49:48Z INFO [229/380] 8f7045e1-2fed-4710-99e0-1eb4476e3dfa: 48 groups (HDF5, 187.5 MB; 2.6 s; peak memory 429 MiB)
2026-09-15T22:49:49Z INFO [230/380] 8fe9488a-b1c2-4f1a-885c-ada61e380ad8: 35 groups (HDF5, 1.5 MB; 1.7 s; peak memory 429 MiB)
2026-09-15T22:49:51Z INFO [231/380] 90bf716f-82e1-4778-a8ea-f1808c0ff41f: 33 groups (HDF5, 1.3 MB; 1.4 s; peak memory 429 MiB)
2026-09-15T22:49:52Z INFO [232/380] 92691a90-6c88-4d7f-9d2e-aef1c10bdef9: 32 groups (HDF5, 1.1 MB; 1.1 s; peak memory 429 MiB)
2026-09-15T22:49:53Z INFO [233/380] 92d6d2aa-0618-447a-9e02-2813c6d064ff: 30 groups (HDF5, 281.6 MB; 1.1 s; peak memory 429 MiB)
2026-09-15T22:49:55Z INFO [234/380] 93587400-3890-4f44-95b6-ee57dc585f52: 45 groups (HDF5, 13.2 MB; 1.6 s; peak memory 429 MiB)
2026-09-15T22:49:56Z INFO [235/380] 93e437e5-6356-4733-a61c-8951da28a4f0: 252 groups (HDF5, 1.2 MB; 1.3 s; peak memory 429 MiB)
2026-09-15T22:49:57Z INFO [236/380] 953f1748-8e72-4af9-88b5-fe5f713715da: 32 groups (HDF5, 1.2 MB; 1.3 s; peak memory 429 MiB)
2026-09-15T22:50:00Z INFO [237/380] 954df508-4034-4ece-91e0-3418a612a6c4: 72 groups (HDF5, 4.4 MB; 2.6 s; peak memory 429 MiB)
2026-09-15T22:50:02Z INFO [238/380] 967ede75-de76-42d3-94d2-d3c7736e3e96: 48 groups (HDF5, 191.4 MB; 2.6 s; peak memory 429 MiB)
2026-09-15T22:50:05Z INFO [239/380] 9727c660-7dfc-4499-b11c-2258f9fb4729: 48 groups (HDF5, 191.3 MB; 2.6 s; peak memory 429 MiB)
2026-09-15T22:50:06Z INFO [240/380] 978bbf23-4ba9-48e4-9151-ee8ba85a1561: 22 groups (HDF5, 84.1 MB; 1.0 s; peak memory 429 MiB)
2026-09-15T22:50:13Z INFO [241/380] 995acfb0-47a8-429a-b5ae-077b86e80f63: 70 groups (HDF5, 1106.3 MB; 7.1 s; peak memory 429 MiB)
2026-09-15T22:50:14Z INFO [242/380] 99700510-e4f6-40d8-8ed6-caeb79e2c2a9: 254 groups (HDF5, 0.8 MB; 1.1 s; peak memory 429 MiB)
2026-09-15T22:50:16Z INFO [243/380] 99c4b71b-fa01-4a32-b7cd-e6a2251d0ed9: 35 groups (HDF5, 1.4 MB; 1.4 s; peak memory 429 MiB)
2026-09-15T22:50:18Z INFO [244/380] 9a0b362b-e9fa-4756-9389-ecb6422fa88b: 207 groups (HDF5, 127.2 MB; 2.1 s; peak memory 429 MiB)
2026-09-15T22:50:19Z INFO [245/380] 9a26faf9-4e7f-4c17-adf9-fc8b34f0a15e: 22 groups (HDF5, 84.1 MB; 1.0 s; peak memory 429 MiB)
2026-09-15T22:50:23Z INFO [246/380] 9a3aac28-414a-49e1-81e8-b9de09c7ceb9: 58 groups (HDF5, 14.7 MB; 3.9 s; peak memory 429 MiB)
2026-09-15T22:50:24Z INFO [247/380] 9adec019-b3fc-4301-960b-77ae580b63b4: 35 groups (HDF5, 1.4 MB; 1.4 s; peak memory 429 MiB)
2026-09-15T22:50:25Z INFO [248/380] 9b2c166b-0217-438a-81f9-f82478e13b84: 71 groups (HDF5, 0.5 MB; 1.0 s; peak memory 429 MiB)
2026-09-15T22:50:26Z INFO [249/380] 9e95a3d8-5809-4570-8904-e10213c8c8bc: 25 groups (HDF5, 15.4 MB; 1.1 s; peak memory 429 MiB)
2026-09-15T22:50:27Z INFO [250/380] 9f239568-3424-4250-a349-44c81ffcc5b7: 22 groups (HDF5, 84.1 MB; 1.1 s; peak memory 429 MiB)
2026-09-15T22:50:29Z INFO [251/380] 9f3c9e8e-aa26-4b51-a888-0d3e3f435fe0: 207 groups (HDF5, 5.7 MB; 1.7 s; peak memory 429 MiB)
2026-09-15T22:50:41Z INFO [252/380] 9f9a1ca3-7a1f-47a3-9f96-ad525938af48: 146 groups (HDF5, 1956.9 MB; 12.1 s; peak memory 429 MiB)
2026-09-15T22:50:43Z INFO [253/380] a0552c42-a640-4d0e-a9fb-4d36cac5efc6: 196 groups (HDF5, 99.9 MB; 1.6 s; peak memory 429 MiB)
2026-09-15T22:50:44Z INFO [254/380] a05dd626-e87f-4838-aca6-a7b6761886a7: 32 groups (HDF5, 0.9 MB; 1.2 s; peak memory 429 MiB)
2026-09-15T22:50:45Z INFO [255/380] a0e2176a-ccbd-4906-8105-af9e87939551: 202 groups (HDF5, 102.4 MB; 1.5 s; peak memory 429 MiB)
2026-09-15T22:50:46Z INFO [256/380] a16ab6a3-e2fe-4a06-a2ed-1fdf0b10648a: 22 groups (HDF5, 84.1 MB; 1.0 s; peak memory 429 MiB)
2026-09-15T22:50:47Z INFO [257/380] a447f8f1-4eac-484e-9f49-ee776bb9928e: 28 groups (HDF5, 0.4 MB; 0.9 s; peak memory 429 MiB)
2026-09-15T22:50:48Z INFO [258/380] a4f9ef82-1ea8-4c74-af80-9005695757c3: 22 groups (HDF5, 84.1 MB; 1.0 s; peak memory 429 MiB)
2026-09-15T22:50:49Z INFO [259/380] a62c44bd-4e65-4a3c-9771-2acc5ccb64fa: 32 groups (HDF5, 1.1 MB; 1.2 s; peak memory 429 MiB)
2026-09-15T22:50:52Z INFO [260/380] a703403d-11d3-4296-8040-1dfa4e42346f: 71 groups (HDF5, 4.2 MB; 2.5 s; peak memory 429 MiB)
2026-09-15T22:50:53Z INFO [261/380] a71281f8-9df6-4883-b6d7-24fe226d38d2: 35 groups (HDF5, 1.2 MB; 1.5 s; peak memory 429 MiB)
2026-09-15T22:50:55Z INFO [262/380] a9d1b9c6-3731-4616-b0e9-dfc6e00ce2eb: 194 groups (HDF5, 95.7 MB; 1.4 s; peak memory 429 MiB)
2026-09-15T22:51:10Z INFO [263/380] a9e31311-1c8c-48f3-b4dd-26d4ceb3777a: 28 groups (HDF5, 28.2 MB; 15.0 s; peak memory 429 MiB)
2026-09-15T22:51:18Z INFO [264/380] a9f1e1f3-ca4f-4106-b6e1-4c786ad1fd1a: 213 groups (HDF5, 39.9 MB; 8.5 s; peak memory 429 MiB)
2026-09-15T22:51:20Z INFO [265/380] aa50e27c-1fa6-4dcc-a2bf-76fd7c0fdd68: 35 groups (HDF5, 0.9 MB; 1.4 s; peak memory 429 MiB)
2026-09-15T22:51:26Z INFO [266/380] aab25274-a240-4dea-b4a5-04737177ea90: 66 groups (HDF5, 599.0 MB; 5.7 s; peak memory 429 MiB)
2026-09-15T22:51:27Z INFO [267/380] ab9c7f7b-dd7f-449f-84aa-11dc13a52d1d: 71 groups (HDF5, 0.9 MB; 1.2 s; peak memory 429 MiB)
2026-09-15T22:51:28Z INFO [268/380] abd4da8c-ea91-4815-b10e-d660b20413f3: 22 groups (HDF5, 84.1 MB; 1.0 s; peak memory 429 MiB)
2026-09-15T22:51:29Z INFO [269/380] ad083bc6-35bd-4f18-b827-3706985ae95b: 33 groups (HDF5, 12.8 MB; 1.0 s; peak memory 429 MiB)
2026-09-15T22:51:46Z INFO [270/380] adc7a3e1-177e-4db0-992a-8b512946f204: 23 groups (HDF5, 37858.4 MB; 17.5 s; peak memory 429 MiB)
2026-09-15T22:51:48Z INFO [271/380] ae7c5b83-00ed-40e9-81ef-473b1f6b2e59: 35 groups (HDF5, 0.9 MB; 1.4 s; peak memory 429 MiB)
2026-09-15T22:51:51Z INFO [272/380] b06b65ff-1af3-4071-bc7a-b68b25d34ada: 48 groups (HDF5, 188.7 MB; 2.9 s; peak memory 429 MiB)
2026-09-15T22:51:52Z INFO [273/380] b0a1c855-1048-4ef1-ac9f-31b799eafb4a: 22 groups (HDF5, 84.1 MB; 1.0 s; peak memory 429 MiB)
2026-09-15T22:51:53Z INFO [274/380] b14d556f-0cba-4f82-9e2b-1bd479acb220: 41 groups (HDF5, 9.4 MB; 1.1 s; peak memory 429 MiB)
2026-09-15T22:52:03Z INFO [275/380] b1d2f269-aa08-4b48-bd41-6dbfda8d3602: 123 groups (HDF5, 44.5 MB; 10.0 s; peak memory 429 MiB)
2026-09-15T22:52:15Z INFO [276/380] b307060b-ac22-4ba6-a8e2-e421189f9d7a: 186 groups (HDF5, 56.9 MB; 12.5 s; peak memory 429 MiB)
2026-09-15T22:52:18Z INFO [277/380] b36f069f-cf26-48f6-9189-90b33592d52e: 58 groups (HDF5, 12.6 MB; 2.6 s; peak memory 429 MiB)
2026-09-15T22:53:10Z INFO [278/380] b426311f-8acb-44b5-88b4-794e1b95e233: 110 groups (HDF5, 1247.2 MB; 52.2 s; peak memory 429 MiB)
2026-09-15T22:53:11Z INFO [279/380] b48ef219-084b-4d7a-aea9-9276d64aa928: 22 groups (HDF5, 84.1 MB; 1.2 s; peak memory 429 MiB)
2026-09-15T22:53:12Z INFO [280/380] b606655f-b9e4-4751-8a63-f40c5b7f64d4: 22 groups (HDF5, 84.1 MB; 1.2 s; peak memory 429 MiB)
2026-09-15T22:53:13Z INFO [281/380] b653e32a-bbf0-4156-b41e-a42f038b7912: 22 groups (HDF5, 84.1 MB; 1.0 s; peak memory 429 MiB)
2026-09-15T22:53:15Z INFO [282/380] b91f1d94-661f-44ab-8a99-5c4c9e0f142a: 49 groups (HDF5, 16.6 MB; 1.9 s; peak memory 429 MiB)
2026-09-15T22:53:16Z INFO [283/380] ba120449-2f6e-4941-9147-ee748e847b05: 32 groups (HDF5, 1.4 MB; 1.3 s; peak memory 429 MiB)
2026-09-15T22:53:18Z INFO [284/380] ba66ff32-d52e-4a7d-9b67-605d2bf39877: 253 groups (HDF5, 38.6 MB; 1.4 s; peak memory 429 MiB)
2026-09-15T22:53:21Z INFO [285/380] ba999a2b-e0d7-4299-9852-5693de335471: 50 groups (HDF5, 196.2 MB; 3.1 s; peak memory 429 MiB)
2026-09-15T22:53:23Z INFO [286/380] bb4cfb2c-361a-4cb3-b7d8-87d9da216578: 48 groups (HDF5, 66.5 MB; 2.0 s; peak memory 429 MiB)
2026-09-15T22:53:25Z INFO [287/380] bba3c439-6379-47c1-acea-9b355d177cf6: 38 groups (HDF5, 17.6 MB; 1.5 s; peak memory 429 MiB)
2026-09-15T22:53:30Z INFO [288/380] bba9cd71-2cac-42c1-9a9e-e811d7c768cf: 73 groups (HDF5, 233.5 MB; 5.1 s; peak memory 429 MiB)
2026-09-15T22:53:32Z INFO [289/380] bc393d72-e07f-49dc-af38-2f8c5f18818c: 48 groups (HDF5, 191.4 MB; 2.7 s; peak memory 429 MiB)
2026-09-15T22:53:34Z INFO [290/380] bf134813-6243-4b1c-aa29-7a6f8455e854: 32 groups (HDF5, 1.3 MB; 1.3 s; peak memory 429 MiB)
2026-09-15T22:53:41Z INFO [291/380] bf3ca8cc-aa0a-407f-b9aa-2b4a68b10ecb: 234 groups (HDF5, 27.4 MB; 7.6 s; peak memory 429 MiB)
2026-09-15T22:53:44Z INFO [292/380] c101dffc-c273-461a-a806-15b7241f685d: 48 groups (HDF5, 67.9 MB; 2.8 s; peak memory 429 MiB)
2026-09-15T22:53:46Z INFO [293/380] c1a86ef6-8df8-4f54-ae56-3108ab2e1638: 35 groups (HDF5, 1.3 MB; 1.4 s; peak memory 429 MiB)
2026-09-15T22:53:47Z INFO [294/380] c1c4fcd4-9a11-4848-8e26-da59b2163a54: 35 groups (HDF5, 1.1 MB; 1.4 s; peak memory 429 MiB)
2026-09-15T22:53:48Z INFO [295/380] c1dd0ce8-fa88-4304-91c9-db6ef6341814: 22 groups (HDF5, 84.1 MB; 1.0 s; peak memory 429 MiB)
2026-09-15T22:53:49Z INFO [296/380] c21a3ac7-9ee8-47d8-aca8-31d81c6768ea: 32 groups (HDF5, 1.4 MB; 1.4 s; peak memory 429 MiB)
2026-09-15T22:53:51Z INFO [297/380] c26b2175-d6c2-41a2-a1cd-8704323407bd: 194 groups (HDF5, 82.0 MB; 1.4 s; peak memory 429 MiB)
2026-09-15T22:53:52Z INFO [298/380] c30daf37-9ba0-4a46-9ea6-e8a46f1930b9: 22 groups (HDF5, 84.1 MB; 1.0 s; peak memory 429 MiB)
2026-09-15T22:53:53Z INFO [299/380] c364029f-c891-4163-acbd-d20748323dd6: 25 groups (HDF5, 13.9 MB; 1.2 s; peak memory 429 MiB)
2026-09-15T22:54:00Z INFO [300/380] c49880f7-b1d6-4391-a881-b0dd37168b9c: 17 groups (HDF5, 176.3 MB; 7.5 s; peak memory 429 MiB)
2026-09-15T22:54:10Z INFO [301/380] c56ed290-b16f-4a31-9ed5-ce35bfdb192f: 190 groups (HDF5, 47.0 MB; 9.8 s; peak memory 429 MiB)
2026-09-15T22:54:16Z INFO [302/380] c5f6b065-6fee-4107-81dc-7b74fcdd3dfa: 184 groups (HDF5, 22.9 MB; 6.0 s; peak memory 429 MiB)
2026-09-15T22:54:17Z INFO [303/380] c7bbfee5-4175-4f82-8468-f66cb3fd3c2e: 35 groups (HDF5, 0.6 MB; 1.2 s; peak memory 429 MiB)
2026-09-15T22:54:19Z INFO [304/380] c7da865d-a98d-44b7-87a6-7de091bdb5dc: 32 groups (HDF5, 0.8 MB; 1.1 s; peak memory 429 MiB)
2026-09-15T22:54:20Z INFO [305/380] c8e85cd4-db4f-4efe-aab3-f84555a2f059: 33 groups (HDF5, 12.8 MB; 1.1 s; peak memory 429 MiB)
2026-09-15T22:54:22Z INFO [306/380] c9130a38-0df6-44dd-9cc8-3a684d10dc1b: 207 groups (HDF5, 131.4 MB; 2.1 s; peak memory 429 MiB)
2026-09-15T22:54:23Z INFO [307/380] cb1481c0-2cc9-4670-b14b-961a1bad4883: 32 groups (HDF5, 1.2 MB; 1.2 s; peak memory 429 MiB)
2026-09-15T22:54:25Z INFO [308/380] cb22d8fa-4863-44e6-8f64-d4fa9144ee90: 17 groups (HDF5, 48.3 MB; 2.5 s; peak memory 429 MiB)
2026-09-15T22:54:27Z INFO [309/380] cb75f740-e2ec-483e-afd9-c0499cfac28a: 24 groups (HDF5, 1.4 MB; 1.4 s; peak memory 429 MiB)
2026-09-15T22:54:37Z INFO [310/380] cbae4b5c-4b19-4eff-bdcd-00c1ea0a245c: 76 groups (HDF5, 136.5 MB; 10.5 s; peak memory 429 MiB)
2026-09-15T22:54:38Z INFO [311/380] cc391fce-cd24-474d-aa39-79cb416fb7e7: 22 groups (HDF5, 84.1 MB; 1.0 s; peak memory 429 MiB)
2026-09-15T22:54:39Z INFO [312/380] ccb901d2-6f99-446f-be5c-7f517aeb3c0c: 22 groups (HDF5, 84.1 MB; 0.9 s; peak memory 429 MiB)
2026-09-15T22:54:41Z INFO [313/380] ce329ce0-7c90-4f7f-96ab-6b9febb21247: 194 groups (HDF5, 7.2 MB; 1.8 s; peak memory 429 MiB)
2026-09-15T22:54:42Z INFO [314/380] ce6c626d-4c39-4ed5-8945-76c0e5808988: 22 groups (HDF5, 84.1 MB; 1.0 s; peak memory 429 MiB)
2026-09-15T22:54:44Z INFO [315/380] cebd8bba-70bb-40ab-bd13-ddad5e053b66: 32 groups (HDF5, 1.6 MB; 1.4 s; peak memory 429 MiB)
2026-09-15T22:54:45Z INFO [316/380] d03bd38e-2f49-4ce0-aa6d-542f4ab72e66: 41 groups (HDF5, 6.0 MB; 1.1 s; peak memory 429 MiB)
2026-09-15T22:54:48Z INFO [317/380] d0a70f84-6b42-4c2b-b7d2-8c1722d7e166: 50 groups (HDF5, 196.1 MB; 3.1 s; peak memory 429 MiB)
2026-09-15T22:54:50Z INFO [318/380] d1bc0594-800e-4010-86a8-2becda36e1fa: 54 groups (HDF5, 369.2 MB; 2.5 s; peak memory 429 MiB)
2026-09-15T22:54:52Z INFO [319/380] d1bfb421-cd54-4917-bff8-7e214989deff: 33 groups (HDF5, 2.1 MB; 2.0 s; peak memory 429 MiB)
2026-09-15T22:54:54Z INFO [320/380] d1daa5d1-ab60-483d-9f69-76dafe6ea1b1: 202 groups (HDF5, 44.1 MB; 1.5 s; peak memory 429 MiB)
2026-09-15T22:55:09Z INFO [321/380] d276c21d-b782-4ab1-b6fc-2c438361618d: 93 groups (HDF5, 951.8 MB; 15.1 s; peak memory 429 MiB)
2026-09-15T22:55:10Z INFO [322/380] d337bc5b-6c81-44fa-a14f-1a07da83384f: 28 groups (HDF5, 4.5 MB; 0.9 s; peak memory 429 MiB)
2026-09-15T22:55:12Z INFO [323/380] d425a876-cfff-46e2-a152-aa39bc7bb747: 48 groups (HDF5, 188.6 MB; 2.6 s; peak memory 429 MiB)
2026-09-15T22:55:17Z INFO [324/380] d51eb15a-efe6-40c6-8368-61c9112a37e9: 168 groups (HDF5, 19.2 MB; 4.9 s; peak memory 429 MiB)
2026-09-15T22:55:19Z INFO [325/380] d546a998-7c43-4a9b-bafd-7a8ef3fdd565: 35 groups (HDF5, 1.1 MB; 1.7 s; peak memory 429 MiB)
2026-09-15T22:55:22Z INFO [326/380] d921e3d1-b243-4c6f-9603-25ea22293f98: 35 groups (HDF5, 1161.0 MB; 2.6 s; peak memory 429 MiB)
2026-09-15T22:55:22Z INFO [327/380] db8dbbe6-3e9b-426b-8f5e-62985d484a07: 25 groups (HDF5, 0.2 MB; 0.8 s; peak memory 429 MiB)
2026-09-15T22:55:24Z INFO [328/380] dbd64e83-2262-4ac2-b01e-a8e3f45ddb0b: 195 groups (HDF5, 23.1 MB; 1.4 s; peak memory 429 MiB)
2026-09-15T22:55:28Z INFO [329/380] dbef69e4-1785-4deb-941c-b553ae151033: 117 groups (HDF5, 5.6 MB; 4.0 s; peak memory 429 MiB)
2026-09-15T22:55:30Z INFO [330/380] dd3b3f2c-305d-45af-a333-9ac9e02bf55d: 204 groups (HDF5, 2.0 MB; 2.2 s; peak memory 429 MiB)
2026-09-15T22:55:39Z INFO [331/380] dee77e83-086b-4ed7-8301-3d2c936eb383: 56 groups (HDF5, 256.0 MB; 9.0 s; peak memory 429 MiB)
2026-09-15T22:55:53Z INFO [332/380] dfa3f865-2830-44ac-a2dd-de0b60763033: 27 groups (HDF5, 431.1 MB; 14.2 s; peak memory 429 MiB)
2026-09-15T22:55:54Z INFO [333/380] e043d8f5-18dd-4da4-aa53-5d847ffa0d69: 18 groups (HDF5, 0.2 MB; 0.9 s; peak memory 429 MiB)
2026-09-15T22:55:55Z INFO [334/380] e05ceab4-b082-461f-b835-d0b4d1d81f46: 22 groups (HDF5, 84.1 MB; 1.0 s; peak memory 429 MiB)
2026-09-15T22:55:56Z INFO [335/380] e072ee63-64ff-468f-81c4-f7adcb9f28ff: 32 groups (HDF5, 0.9 MB; 1.2 s; peak memory 429 MiB)
2026-09-15T22:55:58Z INFO [336/380] e08ddd4a-e9ad-4d82-9c35-a7e8dd9790d3: 255 groups (HDF5, 0.8 MB; 1.3 s; peak memory 429 MiB)
2026-09-15T22:55:59Z INFO [337/380] e2f2af11-15f1-4bfd-8949-f10374ed6935: 34 groups (HDF5, 102.3 MB; 1.3 s; peak memory 429 MiB)
2026-09-15T22:56:00Z INFO [338/380] e61bba56-8aa4-4fbf-856d-9426fa56ffdc: 22 groups (HDF5, 84.1 MB; 1.0 s; peak memory 429 MiB)
2026-09-15T22:56:01Z INFO [339/380] e6409b16-a93b-46c1-b6fd-414690a2fb22: 21 groups (HDF5, 48.7 MB; 1.0 s; peak memory 429 MiB)
2026-09-15T22:56:02Z INFO [340/380] e6d8db7b-adc7-4fff-9392-fa18fcb79a9a: 32 groups (HDF5, 1.2 MB; 1.2 s; peak memory 429 MiB)
2026-09-15T22:56:06Z INFO [341/380] e706d2c3-2e1e-402f-a6c3-107a46d656e9: 73 groups (HDF5, 11.4 MB; 3.3 s; peak memory 429 MiB)
2026-09-15T22:56:07Z INFO [342/380] e76f4ce7-3b04-49c7-8e8f-95ea8f7630ab: 32 groups (HDF5, 1.5 MB; 1.3 s; peak memory 429 MiB)
2026-09-15T22:56:12Z INFO [343/380] e8a29a99-61fe-40c6-94cb-491e00ad1d9b: 59 groups (HDF5, 89.4 MB; 5.7 s; peak memory 429 MiB)
2026-09-15T22:56:14Z INFO [344/380] e9490cd3-8d55-4365-9149-bbe14b8dd2d0: 32 groups (HDF5, 1.1 MB; 1.2 s; peak memory 429 MiB)
2026-09-15T22:56:15Z INFO [345/380] ead21986-666e-4c27-b764-f208e4620e27: 32 groups (HDF5, 1.0 MB; 1.2 s; peak memory 429 MiB)
2026-09-15T22:56:17Z INFO [346/380] eaed568f-fe64-47f3-b02d-7c8291e92651: 48 groups (HDF5, 188.1 MB; 2.5 s; peak memory 429 MiB)
2026-09-15T22:56:20Z INFO [347/380] eb1ca566-3c17-4289-abbb-7f5fe5b6be5e: 48 groups (HDF5, 191.4 MB; 2.7 s; peak memory 429 MiB)
2026-09-15T22:56:39Z INFO [348/380] ec23a405-eaaf-4cdb-b325-3f5496cb5276: 196 groups (HDF5, 77.0 MB; 19.1 s; peak memory 429 MiB)
2026-09-15T22:56:41Z INFO [349/380] ed081e56-93c3-4346-be94-905a38f36df3: 41 groups (HDF5, 17.6 MB; 1.6 s; peak memory 429 MiB)
2026-09-15T22:56:42Z INFO [350/380] ed541e09-8acc-449d-9bf5-43e0dd3335bd: 35 groups (HDF5, 1.0 MB; 1.4 s; peak memory 429 MiB)
2026-09-15T22:56:43Z INFO [351/380] ed7264b4-427e-4754-b27a-3d5e1f8d25e8: 32 groups (HDF5, 1.1 MB; 1.2 s; peak memory 429 MiB)
2026-09-15T22:56:45Z INFO [352/380] ee758be6-15e2-49c0-857f-69b2807b298e: 32 groups (HDF5, 1.2 MB; 1.2 s; peak memory 429 MiB)
2026-09-15T22:56:51Z INFO [353/380] ef50a0db-4672-4be1-8a52-7228ce870210: 181 groups (HDF5, 9.6 MB; 6.8 s; peak memory 429 MiB)
2026-09-15T22:56:52Z INFO [354/380] ef7ee7bd-4e3c-4761-90cb-38ad3644a3ad: 17 groups (HDF5, 0.7 MB; 0.9 s; peak memory 429 MiB)
2026-09-15T22:56:54Z INFO [355/380] efde6e65-6fee-477c-b63d-233305fe734f: 26 groups (HDF5, 3.4 MB; 1.1 s; peak memory 429 MiB)
2026-09-15T22:56:55Z INFO [356/380] f13b4811-183a-4b59-8578-a4d44b14caa0: 35 groups (HDF5, 0.9 MB; 1.3 s; peak memory 429 MiB)
2026-09-15T22:57:01Z INFO [357/380] f1dab3e7-e637-4eb9-b4aa-5c56674e3e93: 127 groups (HDF5, 20.1 MB; 6.1 s; peak memory 429 MiB)
2026-09-15T22:57:02Z INFO [358/380] f2d19ec1-7dc8-42a3-b209-92a2a153574d: 99 groups (HDF5, 3.0 MB; 1.2 s; peak memory 429 MiB)
2026-09-15T22:57:04Z INFO [359/380] f355a037-b4d7-4120-8262-02070b3b01b1: 47 groups (HDF5, 40080.9 MB; 2.3 s; peak memory 429 MiB)
2026-09-15T22:57:05Z INFO [360/380] f3aad0a9-34c1-40c1-b8e7-a8341bb0aa6e: 22 groups (HDF5, 84.1 MB; 1.2 s; peak memory 429 MiB)
2026-09-15T22:57:11Z INFO [361/380] f459c971-7de8-4ce7-98fa-2fea0db24e2f: 66 groups (HDF5, 737.6 MB; 6.0 s; peak memory 429 MiB)
2026-09-15T22:57:13Z INFO [362/380] f4bb7388-3a67-4ef2-aaf5-6087b9296331: 35 groups (HDF5, 1.6 MB; 1.7 s; peak memory 429 MiB)
2026-09-15T22:57:15Z INFO [363/380] f5828396-5b87-425c-aa24-8cc322161951: 35 groups (HDF5, 1.8 MB; 1.5 s; peak memory 429 MiB)
2026-09-15T22:57:16Z INFO [364/380] f63d0113-f8ce-4995-b02e-65483fadc75d: 22 groups (HDF5, 84.1 MB; 1.0 s; peak memory 429 MiB)
2026-09-15T22:57:31Z INFO [365/380] f6ae9e02-6cbf-4b66-9b8d-24fc62dce0f6: 241 groups (HDF5, 68.6 MB; 14.8 s; peak memory 429 MiB)
2026-09-15T22:57:32Z INFO [366/380] f74b5bc6-2aa5-47ee-99e0-cedcf3cb2b46: 35 groups (HDF5, 1.5 MB; 1.6 s; peak memory 429 MiB)
2026-09-15T22:57:33Z INFO [367/380] f7eaa164-2e80-41bc-aa67-6d8127d868b9: 41 groups (HDF5, 8.6 MB; 1.1 s; peak memory 429 MiB)
2026-09-15T22:57:34Z INFO [368/380] f7ee816d-cd57-4c82-b78b-f77508c350e1: 22 groups (HDF5, 84.1 MB; 1.0 s; peak memory 429 MiB)
2026-09-15T22:57:46Z INFO [369/380] f8811442-0df2-40fd-aed2-9cdc0e93b2f9: 208 groups (HDF5, 42.7 MB; 11.3 s; peak memory 429 MiB)
2026-09-15T22:57:49Z INFO [370/380] f8fafa58-9246-4b4a-9a4e-c0876b7328e0: 43 groups (HDF5, 96.0 MB; 3.3 s; peak memory 429 MiB)
2026-09-15T22:57:50Z INFO [371/380] f91e2103-1a6f-4ac5-8746-9c371dcff34d: 29 groups (HDF5, 10.0 MB; 1.2 s; peak memory 429 MiB)
2026-09-15T22:57:52Z INFO [372/380] fb290bbb-2ed9-49fc-85b1-773768a89c37: 203 groups (HDF5, 95.1 MB; 1.5 s; peak memory 429 MiB)
2026-09-15T22:58:12Z INFO [373/380] fba5d0e7-8c72-4bb7-ba44-7c9095f080dc: 160 groups (HDF5, 52.3 MB; 20.7 s; peak memory 429 MiB)
2026-09-15T22:58:13Z INFO [374/380] fc583182-d321-4a76-bd0f-84ddb19bf815: 21 groups (HDF5, 48.4 MB; 1.0 s; peak memory 429 MiB)
2026-09-15T22:58:14Z INFO [375/380] fc911563-ff7f-4cbc-8045-9b8b2a866ccf: 18 groups (HDF5, 0.3 MB; 0.9 s; peak memory 429 MiB)
2026-09-15T22:58:17Z INFO [376/380] fd50a3ac-0204-4304-ac1a-72182e292ecf: 50 groups (HDF5, 196.2 MB; 3.1 s; peak memory 429 MiB)
2026-09-15T22:58:19Z INFO [377/380] fd82befb-9224-40d5-b93f-eea437a7faa3: 35 groups (HDF5, 1.5 MB; 1.7 s; peak memory 429 MiB)
2026-09-15T22:58:21Z INFO [378/380] fdd21695-aaca-4c17-9dad-48995a0b36b6: 32 groups (HDF5, 1.1 MB; 1.8 s; peak memory 429 MiB)
2026-09-15T22:58:31Z INFO [379/380] ff9956c5-6f03-4744-b7e4-880345eadc4a: 76 groups (HDF5, 166.5 MB; 10.6 s; peak memory 429 MiB)
2026-09-15T22:58:35Z INFO [380/380] ffb909c4-a2ff-4c70-a573-d504381c5538: 50 groups (HDF5, 196.2 MB; 3.3 s; peak memory 429 MiB)
2026-09-15T22:58:35Z INFO Processed 380 content IDs in 29.3 min (peak memory 429 MiB).
